== AlgorithmicThinTrees  module=OAI.Combinatorics.ThinTrees.AlgorithmicMain  start=2026-10-09T12:25:02Z
warning: PrimeNumberTheoremAnd: repository '/Users/shannon/cc/math/math/lean/.lake/packages/PrimeNumberTheoremAnd' has local changes
warning: belyi: repository '/Users/shannon/cc/math/math/lean/.lake/packages/belyi' has local changes
warning: formal-schemes: repository '/Users/shannon/cc/math/math/lean/.lake/packages/formal-schemes' has local changes
warning: elliptic-curves: repository '/Users/shannon/cc/math/math/lean/.lake/packages/elliptic-curves' has local changes
warning: tempered-fundamental-groups: repository '/Users/shannon/cc/math/math/lean/.lake/packages/tempered-fundamental-groups' has local changes
warning: oka: repository '/Users/shannon/cc/math/math/lean/.lake/packages/oka' has local changes
warning: orbicurve-cores: repository '/Users/shannon/cc/math/math/lean/.lake/packages/orbicurve-cores' has local changes
warning: pi1: repository '/Users/shannon/cc/math/math/lean/.lake/packages/pi1' has local changes
warning: heights: repository '/Users/shannon/cc/math/math/lean/.lake/packages/heights' has local changes
warning: genl: repository '/Users/shannon/cc/math/math/lean/.lake/packages/genl' has local changes
warning: tate-curves-theta: repository '/Users/shannon/cc/math/math/lean/.lake/packages/tate-curves-theta' has local changes
warning: iut: repository '/Users/shannon/cc/math/math/lean/.lake/packages/iut' has local changes
warning: gromov: repository '/Users/shannon/cc/math/math/lean/.lake/packages/gromov' has local changes
warning: SphereEversion: repository '/Users/shannon/cc/math/math/lean/.lake/packages/SphereEversion' has local changes
warning: schoenflies-lean: repository '/Users/shannon/cc/math/math/lean/.lake/packages/schoenflies-lean' has local changes
warning: ClassFieldTheory: repository '/Users/shannon/cc/math/math/lean/.lake/packages/ClassFieldTheory' has local changes
warning: AINTLIB: repository '/Users/shannon/cc/math/math/lean/.lake/packages/AINTLIB' has local changes
warning: AbsorptionCutoff: repository '/Users/shannon/cc/math/math/lean/.lake/packages/AbsorptionCutoff' has local changes
warning: StrongPNT: repository '/Users/shannon/cc/math/math/lean/.lake/packages/StrongPNT' has local changes
warning: carleson: repository '/Users/shannon/cc/math/math/lean/.lake/packages/carleson' has local changes
warning: rellich-kondrachov: repository '/Users/shannon/cc/math/math/lean/.lake/packages/rellich-kondrachov' has local changes
warning: Zeta3Irrational: repository '/Users/shannon/cc/math/math/lean/.lake/packages/Zeta3Irrational' has local changes
warning: fixed-point-theorems: repository '/Users/shannon/cc/math/math/lean/.lake/packages/fixed-point-theorems' has local changes
✔ [8923/9348] Built OAI.Analysis.MatrixSigning.Optimization.Select (29s)
✔ [8924/9348] Built OAI.Analysis.MatrixSigning.Complexity.RationalGridBits (29s)
✔ [8925/9348] Built OAI.Analysis.MatrixSigning.Calculus.LocalMinSecondNonnegative (29s)
✔ [8926/9348] Built OAI.Analysis.MatrixSigning.Potential.WhitenWeighted (29s)
✔ [8927/9348] Built OAI.Analysis.MatrixSigning.Optimization.SquareInterval (30s)
✔ [8928/9348] Built OAI.Analysis.MatrixSigning.Matrices.RealTrace (30s)
✔ [8929/9348] Built OAI.Analysis.MatrixSigning.Potential.QuadraticRemainder (31s)
✔ [8930/9348] Built OAI.Analysis.MatrixSigning.Potential.CovarianceE (39s)
✔ [8931/9348] Built OAI.Analysis.MatrixSigning.Potential.SymmetricNormQuadratic (26s)
✔ [8932/9348] Built OAI.Analysis.MatrixSigning.Optimization.EquivSymmetricMap (26s)
✔ [8933/9348] Built OAI.Analysis.MatrixSigning.Optimization.Lookup (27s)
✔ [8934/9348] Built OAI.Analysis.MatrixSigning.Optimization.PartialFderiv (28s)
✔ [8935/9348] Built OAI.Analysis.MatrixSigning.Arithmetic.ScalarPsi (26s)
✔ [8936/9348] Built OAI.Analysis.MatrixSigning.Calculus.BilinearIteratedBound (30s)
✔ [8937/9348] Built OAI.Analysis.MatrixSigning.Optimization.Variables (32s)
✔ [8938/9348] Built OAI.Analysis.MatrixSigning.Potential.StrictEpigraph (24s)
✔ [8939/9348] Built OAI.Analysis.MatrixSigning.Matrices.RowDotRegisters (24s)
✔ [8940/9348] Built OAI.Analysis.MatrixSigning.Matrices.DenseRatMatrix (23s)
✔ [8941/9348] Built OAI.Analysis.MatrixSigning.Complexity.RationalCost (24s)
✔ [8942/9348] Built OAI.Analysis.MatrixSigning.Matrices.DeterminantBounds (25s)
✔ [8943/9348] Built OAI.Analysis.MatrixSigning.Machines.NestedSchur (25s)
✔ [8944/9348] Built OAI.Analysis.MatrixSigning.Matrices.PSDSeparation (20s)
✔ [8945/9348] Built OAI.Analysis.MatrixSigning.Arithmetic.ExactStepDecrease (26s)
✔ [8946/9348] Built OAI.Analysis.MatrixSigning.Matrices.HermitianMat (27s)
✔ [8947/9348] Built OAI.Analysis.MatrixSigning.Optimization.NegativeWitness (22s)
✔ [8948/9351] Built OAI.Analysis.MatrixSigning.Complexity.NaturalPolynomial (23s)
✔ [8949/9351] Built OAI.Analysis.MatrixSigning.Arithmetic.RationalBounds (23s)
✔ [8950/9351] Built OAI.Analysis.MatrixSigning.Model (23s)
✔ [8951/9351] Built OAI.Analysis.MatrixSigning.Matrices.Pivot (25s)
✔ [8952/9351] Built OAI.Analysis.MatrixSigning.Encoding.BinaryEncoding (22s)
✔ [8953/9351] Built OAI.Analysis.MatrixSigning.Machines.BinaryMachine (22s)
✔ [8954/9351] Built OAI.Analysis.MatrixSigning.Potential.Normalizer (21s)
✔ [8955/9351] Built OAI.Analysis.MatrixSigning.Matrices.RankFactor (24s)
✔ [8956/9351] Built OAI.Analysis.MatrixSigning.Arithmetic.CubeInterval (25s)
✔ [8957/9351] Built OAI.Analysis.MatrixSigning.Potential.Column (27s)
✔ [8958/9351] Built OAI.Analysis.MatrixSigning.Potential.QuadGram (29s)
✔ [8959/9352] Built OAI.Analysis.MatrixSigning.Arithmetic.Kappa₁ (28s)
✔ [8960/9352] Built OAI.Analysis.MatrixSigning.Arithmetic.Alpha (39s)
✔ [8961/9352] Built OAI.Analysis.MatrixSigning.Optimization.InverseEliminationBounds (35s)
✔ [8962/9352] Built OAI.Analysis.MatrixSigning.Complexity.StorageCost (22s)
✔ [8963/9352] Built OAI.Analysis.MatrixSigning.Calculus.IteratedNormCompLinear (43s)
✔ [8964/9354] Built OAI.Analysis.MatrixSigning.Matrices.RationalElimination (20s)
✔ [8965/9354] Built OAI.Analysis.MatrixSigning.Matrices.Space (22s)
✔ [8966/9354] Built OAI.Analysis.MatrixSigning.Matrices.InvH (25s)
✔ [8967/9354] Built OAI.Analysis.MatrixSigning.Matrices.OperatorNorm (26s)
✔ [8968/9354] Built OAI.Analysis.MatrixSigning.Arithmetic.ArithmeticBounds (20s)
✔ [8969/9354] Built OAI.Analysis.MatrixSigning.Machines.InverseBounds (20s)
✔ [8970/9354] Built OAI.Analysis.MatrixSigning.Machines.CommonDenominatorLift (22s)
✔ [8971/9354] Built OAI.Analysis.MatrixSigning.Matrices.PivotPSD (20s)
✔ [8972/9354] Built OAI.Analysis.MatrixSigning.Potential.MovementMat (24s)
✔ [8973/9354] Built OAI.Analysis.MatrixSigning.Machines.ComplexBridge (21s)
✔ [8974/9354] Built OAI.Analysis.MatrixSigning.Machines.FixedDotModel (21s)
✔ [8975/9354] Built OAI.Analysis.MatrixSigning.Arithmetic.BinaryDivision (28s)
✔ [8976/9354] Built OAI.Analysis.MatrixSigning.Machines.FixedStackMachine (22s)
✔ [8977/9354] Built OAI.Analysis.MatrixSigning.Machines.FiniteDispatch (20s)
✔ [8978/9354] Built OAI.Analysis.MatrixSigning.Machines.EntryPoint (19s)
✔ [8979/9354] Built OAI.Analysis.MatrixSigning.Machines.CopyInput (22s)
✔ [8980/9354] Built OAI.Analysis.MatrixSigning.Potential.PairIndex (22s)
✔ [8981/9354] Built OAI.Analysis.MatrixSigning.Arithmetic.RationalArithmeticMeter (21s)
✔ [8982/9354] Built OAI.Analysis.MatrixSigning.Matrices.FinPivot (20s)
✔ [8983/9354] Built OAI.Analysis.MatrixSigning.Matrices.UniformElimination (20s)
✔ [8984/9354] Built OAI.Analysis.MatrixSigning.Calculus.JetBound (27s)
✔ [8985/9354] Built OAI.Analysis.MatrixSigning.Arithmetic.Alpha2 (30s)
✔ [8986/9354] Built OAI.Analysis.MatrixSigning.Optimization.Coordinates (20s)
✔ [8987/9354] Built OAI.Analysis.MatrixSigning.Matrices.TraceCLM (21s)
✔ [8988/9354] Built OAI.Analysis.MatrixSigning.Optimization.TerminalWitnessBounds (19s)
✔ [8989/9354] Built OAI.Analysis.MatrixSigning.Matrices.Sandwich (26s)
✔ [8990/9354] Built OAI.Analysis.MatrixSigning.Machines.InverseHeight (20s)
✔ [8991/9354] Built OAI.Analysis.MatrixSigning.Arithmetic.RationalArithmetic (21s)
✔ [8992/9354] Built OAI.Analysis.MatrixSigning.Potential.Norm (23s)
✔ [8993/9354] Built OAI.Analysis.MatrixSigning.Arithmetic.UnaryArithmetic (20s)
✔ [8994/9354] Built OAI.Analysis.MatrixSigning.Machines.Realification (23s)
✔ [8995/9354] Built OAI.Analysis.MatrixSigning.Machines.BinaryNormalize (19s)
✔ [8996/9354] Built OAI.Analysis.MatrixSigning.Machines.FixedSequential (20s)
✔ [8997/9354] Built OAI.Analysis.MatrixSigning.Machines.BinaryToUnaryMachine (20s)
✔ [8998/9354] Built OAI.Analysis.MatrixSigning.Machines.FixedRun (20s)
✔ [8999/9354] Built OAI.Analysis.MatrixSigning.Encoding.PositiveWireSerializer (20s)
✔ [9000/9354] Built OAI.Analysis.MatrixSigning.Machines.Sequential (20s)
✔ [9001/9354] Built OAI.Analysis.MatrixSigning.Encoding.FrameDecoder (20s)
✔ [9002/9354] Built OAI.Analysis.MatrixSigning.Arithmetic.BinaryAdder (21s)
✔ [9003/9354] Built OAI.Analysis.MatrixSigning.Arithmetic.BinarySubtractor (20s)
✔ [9004/9357] Built OAI.Analysis.MatrixSigning.Potential.PairVec (24s)
✔ [9005/9357] Built OAI.Analysis.MatrixSigning.Matrices.FinPivotPSD (20s)
✔ [9006/9357] Built OAI.Analysis.MatrixSigning.Matrices.EliminationSoundness (20s)
✔ [9007/9357] Built OAI.Analysis.MatrixSigning.Arithmetic.RationalExpressionHeight (26s)
✔ [9008/9357] Built OAI.Analysis.MatrixSigning.Calculus.NormSmulRightId (23s)
✔ [9009/9357] Built OAI.Analysis.MatrixSigning.Arithmetic.EventuallyInterior (22s)
✔ [9010/9357] Built OAI.Analysis.MatrixSigning.Calculus.Translate (21s)
✔ [9011/9357] Built OAI.Analysis.MatrixSigning.Complexity.BitSupport (20s)
✔ [9012/9357] Built OAI.Analysis.MatrixSigning.Matrices.RealTraceSum (20s)
✔ [9013/9357] Built OAI.Analysis.MatrixSigning.Potential.Point (23s)
✔ [9014/9357] Built OAI.Analysis.MatrixSigning.Matrices.InnerMonoRightPsd (21s)
✔ [9015/9357] Built OAI.Analysis.MatrixSigning.Matrices.InnerRight (22s)
✔ [9016/9357] Built OAI.Analysis.MatrixSigning.Machines.SchurBounds (21s)
✔ [9017/9357] Built OAI.Analysis.MatrixSigning.Arithmetic.ArithmeticEncodingSize (21s)
✔ [9018/9357] Built OAI.Analysis.MatrixSigning.Matrices.SandwichShiftInverse (23s)
✔ [9019/9357] Built OAI.Analysis.MatrixSigning.Potential.InverseProductLeft (25s)
✔ [9020/9357] Built OAI.Analysis.MatrixSigning.Matrices.RealDecode (19s)
✔ [9021/9357] Built OAI.Analysis.MatrixSigning.Machines.BinaryTrimMachine (19s)
✔ [9022/9357] Built OAI.Analysis.MatrixSigning.Arithmetic.BinaryGCD (20s)
✔ [9023/9357] Built OAI.Analysis.MatrixSigning.Machines.FixedLoop (20s)
✔ [9024/9357] Built OAI.Analysis.MatrixSigning.Machines.FixedStackPortLift (20s)
✔ [9025/9357] Built OAI.Analysis.MatrixSigning.Arithmetic.SubtractionBorrow (22s)
✔ [9026/9357] Built OAI.Analysis.MatrixSigning.Complexity.BinaryGCDCost (26s)
✔ [9027/9357] Built OAI.Analysis.MatrixSigning.Machines.BinaryStackMoves (20s)
✔ [9028/9357] Built OAI.Analysis.MatrixSigning.Machines.Deterministic (19s)
✔ [9029/9357] Built OAI.Analysis.MatrixSigning.Machines.MachineTransport (18s)
✔ [9030/9357] Built OAI.Analysis.MatrixSigning.Machines.FixedBranch (20s)
✔ [9031/9357] Built OAI.Analysis.MatrixSigning.Machines.ProgramTable (19s)
✔ [9032/9357] Built OAI.Analysis.MatrixSigning.Machines.BinaryToUnaryRun (19s)
✔ [9033/9357] Built OAI.Analysis.MatrixSigning.Realization.FixedSubroutineBridge (19s)
✔ [9034/9357] Built OAI.Analysis.MatrixSigning.Machines.LittleEndianCompare (21s)
✔ [9035/9357] Built OAI.Analysis.MatrixSigning.Encoding.FrameActivity (19s)
✔ [9036/9357] Built OAI.Analysis.MatrixSigning.Machines.NormalizeOutput (18s)
✔ [9037/9357] Built OAI.Analysis.MatrixSigning.Encoding.WireMagnitude (18s)
✔ [9038/9357] Built OAI.Analysis.MatrixSigning.Arithmetic.BinaryMultiply (19s)
✔ [9039/9357] Built OAI.Analysis.MatrixSigning.Arithmetic.SubtractorSequential (19s)
✔ [9040/9357] Built OAI.Analysis.MatrixSigning.Matrices.EliminationCompleteness (19s)
✔ [9041/9357] Built OAI.Analysis.MatrixSigning.Potential.RowSquareSum (24s)
✔ [9042/9357] Built OAI.Analysis.MatrixSigning.Calculus.NormMultilinearTwo (24s)
✔ [9043/9357] Built OAI.Analysis.MatrixSigning.Matrices.SquareShift (21s)
✔ [9044/9357] Built OAI.Analysis.MatrixSigning.Potential.DerivLine (22s)
✔ [9045/9357] Built OAI.Analysis.MatrixSigning.Matrices.SandwichCLM (20s)
✔ [9046/9357] Built OAI.Analysis.MatrixSigning.Potential.PairCone (21s)
✔ [9047/9357] Built OAI.Analysis.MatrixSigning.Matrices.PosLower (20s)
✔ [9048/9357] Built OAI.Analysis.MatrixSigning.Matrices.PivotHistory (20s)
✔ [9049/9357] Built OAI.Analysis.MatrixSigning.Machines.ExpressionSyntax (22s)
✔ [9050/9357] Built OAI.Analysis.MatrixSigning.Encoding.InverseEncodingSize (19s)
✔ [9051/9357] Built OAI.Analysis.MatrixSigning.Encoding.SumEncodingSize (19s)
✔ [9052/9357] Built OAI.Analysis.MatrixSigning.Matrices.DenseMatrixSerialization (19s)
✔ [9053/9359] Built OAI.Analysis.MatrixSigning.Machines.MachineCombinators (20s)
✔ [9054/9362] Built OAI.Analysis.MatrixSigning.Encoding.FramedArraySkip (23s)
✔ [9055/9362] Built OAI.Analysis.MatrixSigning.Arithmetic.BorrowSubtractor (20s)
✔ [9056/9362] Built OAI.Analysis.MatrixSigning.Arithmetic.DivisionLoopModel (20s)
✔ [9057/9362] Built OAI.Analysis.MatrixSigning.Machines.BinaryStackDeterministic (20s)
✔ [9058/9362] Built OAI.Analysis.MatrixSigning.Machines.BinaryToUnary (20s)
✔ [9059/9362] Built OAI.Analysis.MatrixSigning.Machines.DeterministicCombinators (20s)
✔ [9060/9362] Built OAI.Analysis.MatrixSigning.Arithmetic.BinaryRationalNormalize (22s)
✔ [9061/9362] Built OAI.Analysis.MatrixSigning.Machines.FixedCopyRestore (19s)
✔ [9062/9362] Built OAI.Analysis.MatrixSigning.Arithmetic.BinaryAdderCompose (18s)
✔ [9063/9362] Built OAI.Analysis.MatrixSigning.Machines.BinaryAccumulator (19s)
✔ [9064/9362] Built OAI.Analysis.MatrixSigning.Arithmetic.CanonicalSubtraction (19s)
✔ [9065/9362] Built OAI.Analysis.MatrixSigning.Matrices.RationalPSDDecision (20s)
✔ [9066/9362] Built OAI.Analysis.MatrixSigning.Matrices.DenseElimination (20s)
✔ [9067/9362] Built OAI.Analysis.MatrixSigning.Potential.LineShiftIteratedDeriv (20s)
✔ [9068/9362] Built OAI.Analysis.MatrixSigning.Potential.ResponseMatrix (21s)
✔ [9069/9362] Built OAI.Analysis.MatrixSigning.Matrices.SquareScalarBound (21s)
✔ [9070/9362] Built OAI.Analysis.MatrixSigning.Matrices.JordanCLM (22s)
✔ [9071/9362] Built OAI.Analysis.MatrixSigning.Matrices.Sandwich2 (20s)
✔ [9072/9362] Built OAI.Analysis.MatrixSigning.Potential.Lagrangian (25s)
✔ [9073/9362] Built OAI.Analysis.MatrixSigning.Matrices.PivotHistoryRun (20s)
✔ [9074/9362] Built OAI.Analysis.MatrixSigning.Matrices.RowDotModel (20s)
✔ [9075/9362] Built OAI.Analysis.MatrixSigning.Matrices.DenseMatrixUpdate (21s)
✔ [9076/9362] Built OAI.Analysis.MatrixSigning.Optimization.SqSum (23s)
✔ [9077/9362] Built OAI.Analysis.MatrixSigning.Machines.FixedPortRunSpec (19s)
✔ [9078/9362] Built OAI.Analysis.MatrixSigning.Machines.StackTransferSpecs (18s)
✔ [9079/9362] Built OAI.Analysis.MatrixSigning.Encoding.FixedPositiveSerializer (19s)
✔ [9080/9362] Built OAI.Analysis.MatrixSigning.Machines.MachineRoundTrip (18s)
✔ [9081/9362] Built OAI.Analysis.MatrixSigning.Realization.RoutineLength (19s)
✔ [9082/9362] Built OAI.Analysis.MatrixSigning.Machines.FiniteControl (19s)
✔ [9083/9362] Built OAI.Analysis.MatrixSigning.Encoding.UnsignedPairSerializer (20s)
✔ [9084/9362] Built OAI.Analysis.MatrixSigning.Machines.FixedCompare (20s)
✔ [9085/9362] Built OAI.Analysis.MatrixSigning.Machines.FixedDotControl (21s)
✔ [9086/9362] Built OAI.Analysis.MatrixSigning.Encoding.WireAppend (19s)
✔ [9087/9362] Built OAI.Analysis.MatrixSigning.Encoding.ZeroArrayConstructor (20s)
✔ [9088/9362] Built OAI.Analysis.MatrixSigning.Encoding.FramedArrayPrefix (20s)
✔ [9089/9362] Built OAI.Analysis.MatrixSigning.Machines.BorrowActivity (19s)
✔ [9090/9362] Built OAI.Analysis.MatrixSigning.Machines.SignedFloorModel (20s)
✔ [9091/9362] Built OAI.Analysis.MatrixSigning.Matrices.MatrixCursorPreparation (20s)
✔ [9092/9362] Built OAI.Analysis.MatrixSigning.Arithmetic.DivisionCompatibility (19s)
✔ [9093/9362] Built OAI.Analysis.MatrixSigning.Potential.QuadraticDifferenceBound (27s)
✔ [9094/9362] Built OAI.Analysis.MatrixSigning.Arithmetic.BinaryRationalCore (21s)
✔ [9095/9362] Built OAI.Analysis.MatrixSigning.Arithmetic.FixedBinaryAdder (20s)
✔ [9096/9362] Built OAI.Analysis.MatrixSigning.Machines.MagnitudeProgram (19s)
✔ [9097/9362] Built OAI.Analysis.MatrixSigning.Optimization.Pencil (19s)
✔ [9098/9362] Built OAI.Analysis.MatrixSigning.Matrices.JordanCLMStrictPos (20s)
✔ [9099/9362] Built OAI.Analysis.MatrixSigning.Potential.ChooseCoordinate (23s)
✔ [9100/9362] Built OAI.Analysis.MatrixSigning.Potential.IteratedDerivCompScale (24s)
✔ [9101/9362] Built OAI.Analysis.MatrixSigning.Potential.SymmetricMap (23s)
✔ [9102/9362] Built OAI.Analysis.MatrixSigning.Matrices.PivotHistoryBounds (22s)
✔ [9103/9362] Built OAI.Analysis.MatrixSigning.Matrices.RetractH (30s)
✔ [9104/9362] Built OAI.Analysis.MatrixSigning.Machines.StackTransfer (20s)
✔ [9105/9362] Built OAI.Analysis.MatrixSigning.Optimization.NegativeDirection (24s)
✔ [9106/9363] Built OAI.Analysis.MatrixSigning.Encoding.WirePrimitives (20s)
✔ [9107/9363] Built OAI.Analysis.MatrixSigning.Encoding.WireProgramPrimitives (20s)
✔ [9108/9363] Built OAI.Analysis.MatrixSigning.Encoding.FrameWireCodec (20s)
✔ [9109/9363] Built OAI.Analysis.MatrixSigning.Machines.SignedSerializePrimitives (20s)
✔ [9110/9363] Built OAI.Analysis.MatrixSigning.Machines.UnaryLengthMachine (20s)
✔ [9111/9363] Built OAI.Analysis.MatrixSigning.Machines.BinaryToUnaryDeterministic (18s)
✔ [9112/9363] Built OAI.Analysis.MatrixSigning.Machines.FixedCopySpec (17s)
✔ [9113/9363] Built OAI.Analysis.MatrixSigning.Arithmetic.MultiplicationBody (20s)
✔ [9114/9363] Built OAI.Analysis.MatrixSigning.Machines.FixedCanonicalize (19s)
✔ [9115/9363] Built OAI.Analysis.MatrixSigning.Arithmetic.FixedSubtraction (19s)
✔ [9116/9363] Built OAI.Analysis.MatrixSigning.Encoding.SignedQuotientSerializer (18s)
✔ [9117/9363] Built OAI.Analysis.MatrixSigning.Machines.SignedFloorSize (20s)
✔ [9118/9363] Built OAI.Analysis.MatrixSigning.Arithmetic.DivisionMachine (24s)
✔ [9119/9363] Built OAI.Analysis.MatrixSigning.Arithmetic.DivisionLoopBridge (19s)
✔ [9120/9363] Built OAI.Analysis.MatrixSigning.Arithmetic.RationalCompareBranch (21s)
✔ [9121/9363] Built OAI.Analysis.MatrixSigning.Arithmetic.BinaryRationalAdd (24s)
✔ [9122/9363] Built OAI.Analysis.MatrixSigning.Optimization.Affine (20s)
✔ [9123/9363] Built OAI.Analysis.MatrixSigning.Optimization.BlockScalar (21s)
✔ [9124/9363] Built OAI.Analysis.MatrixSigning.Optimization.RealVector (21s)
✔ [9125/9363] Built OAI.Analysis.MatrixSigning.Potential.TightComplementarity (22s)
✔ [9126/9363] Built OAI.Analysis.MatrixSigning.Matrices.EliminationCallBounds (20s)
✔ [9127/9363] Built OAI.Analysis.MatrixSigning.Potential.RationalBasis (24s)
✔ [9128/9363] Built OAI.Analysis.MatrixSigning.Potential.Coordinates (26s)
✔ [9129/9363] Built OAI.Analysis.MatrixSigning.Matrices.NormRetractH (27s)
✔ [9130/9363] Built OAI.Analysis.MatrixSigning.Optimization.ShiftedHessian (21s)
✔ [9131/9363] Built OAI.Analysis.MatrixSigning.Potential.Drift (24s)
✔ [9132/9363] Built OAI.Analysis.MatrixSigning.Encoding.FramedArrayRetrieval (20s)
✔ [9133/9363] Built OAI.Analysis.MatrixSigning.Realization.CleanRoutine (20s)
✔ [9134/9363] Built OAI.Analysis.MatrixSigning.Matrices.SavedPivotPacketMachine (21s)
✔ [9135/9363] Built OAI.Analysis.MatrixSigning.Machines.TerminalZeroVector (21s)
✔ [9136/9363] Built OAI.Analysis.MatrixSigning.Machines.CanonicalUnarySpec (19s)
✔ [9137/9363] Built OAI.Analysis.MatrixSigning.Arithmetic.MultiplicationLoop (20s)
✔ [9138/9363] Built OAI.Analysis.MatrixSigning.Matrices.FDerivTightPart (44s)
✔ [9139/9363] Built OAI.Analysis.MatrixSigning.Arithmetic.MultiplicationNormalize (20s)
✔ [9140/9363] Built OAI.Analysis.MatrixSigning.Arithmetic.MultiplicationInitialize (20s)
✔ [9141/9363] Built OAI.Analysis.MatrixSigning.Arithmetic.RationalAddPrimitives (20s)
✔ [9142/9363] Built OAI.Analysis.MatrixSigning.Arithmetic.DivisionBodyTime (21s)
✔ [9143/9363] Built OAI.Analysis.MatrixSigning.Arithmetic.DivisionOutput (21s)
✔ [9144/9363] Built OAI.Analysis.MatrixSigning.Arithmetic.BinaryRationalCanonical (20s)
✔ [9145/9363] Built OAI.Analysis.MatrixSigning.Arithmetic.GCDMachine (21s)
✔ [9146/9363] Built OAI.Analysis.MatrixSigning.Arithmetic.SignedRationalSerializer (55s)
✔ [9147/9363] Built OAI.Analysis.MatrixSigning.Optimization.Feasible (22s)
✔ [9148/9363] Built OAI.Analysis.MatrixSigning.Optimization.ValueDimension (24s)
✔ [9149/9363] Built OAI.Analysis.MatrixSigning.Potential.LagrangianObjective (23s)
✔ [9150/9363] Built OAI.Analysis.MatrixSigning.Matrices.UniformEliminationHeight (19s)
✔ [9151/9363] Built OAI.Analysis.MatrixSigning.Optimization.EliminationWitnessHeight (22s)
✔ [9152/9363] Built OAI.Analysis.MatrixSigning.Potential.VarianceH (22s)
✔ [9153/9363] Built OAI.Analysis.MatrixSigning.Potential.Line (20s)
✔ [9154/9363] Built OAI.Analysis.MatrixSigning.Potential.StencilScalarBounds (25s)
✔ [9155/9363] Built OAI.Analysis.MatrixSigning.Potential.Energy (20s)
✔ [9156/9363] Built OAI.Analysis.MatrixSigning.Realization.FramedMapRoutine (23s)
✔ [9157/9365] Built OAI.Analysis.MatrixSigning.Matrices.JetBoundInverseSandwich (30s)
✔ [9158/9367] Built OAI.Analysis.MatrixSigning.Matrices.PivotHistoryMachine (22s)
✔ [9159/9367] Built OAI.Analysis.MatrixSigning.Arithmetic.RationalComparePrimitives (22s)
✔ [9160/9367] Built OAI.Analysis.MatrixSigning.Arithmetic.MultiplicationMachine (22s)
✔ [9161/9367] Built OAI.Analysis.MatrixSigning.Machines.SchurCounters (20s)
✔ [9162/9367] Built OAI.Analysis.MatrixSigning.Matrices.RowDotCounter (25s)
✔ [9163/9367] Built OAI.Analysis.MatrixSigning.Encoding.FramedArrayPorts (18s)
✔ [9164/9367] Built OAI.Analysis.MatrixSigning.Arithmetic.RationalMagnitudeMachine (18s)
✔ [9165/9367] Built OAI.Analysis.MatrixSigning.Arithmetic.DivisionLoopRun (24s)
✔ [9166/9370] Built OAI.Analysis.MatrixSigning.Optimization.SearchStep (21s)
✔ [9167/9375] Built OAI.Analysis.MatrixSigning.Potential.Pair (24s)
✔ [9168/9375] Built OAI.Analysis.MatrixSigning.Potential.NormalizedMinimizer (22s)
✔ [9169/9375] Built OAI.Analysis.MatrixSigning.Potential.NormCoordinate (63s)
✔ [9170/9375] Built OAI.Analysis.MatrixSigning.Potential.EuclideanForget (24s)
✔ [9171/9375] Built OAI.Analysis.MatrixSigning.Potential.Interaction (22s)
✔ [9172/9375] Built OAI.Analysis.MatrixSigning.Arithmetic.MixedYoungBound (21s)
✔ [9173/9375] Built OAI.Analysis.MatrixSigning.Machines.InputHeaderPrimitives (20s)
✔ [9174/9375] Built OAI.Analysis.MatrixSigning.Matrices.JetBoundTightPart (29s)
✔ [9175/9377] Built OAI.Analysis.MatrixSigning.Arithmetic.BisectionArithmetic (24s)
✔ [9176/9377] Built OAI.Analysis.MatrixSigning.Arithmetic.MultiplicationDeterministic (20s)
✔ [9177/9377] Built OAI.Analysis.MatrixSigning.Arithmetic.RationalCompareParser (24s)
✔ [9178/9377] Built OAI.Analysis.MatrixSigning.Matrices.DerivInvHPath (34s)
✔ [9179/9377] Built OAI.Analysis.MatrixSigning.Arithmetic.RationalReciprocalSwap (20s)
✔ [9180/9377] Built OAI.Analysis.MatrixSigning.Encoding.ReusableArrayLookup (22s)
✔ [9181/9377] Built OAI.Analysis.MatrixSigning.Arithmetic.GCDMachineStep (20s)
✔ [9182/9377] Built OAI.Analysis.MatrixSigning.Arithmetic.DivisionInput (21s)
✔ [9183/9377] Built OAI.Analysis.MatrixSigning.Complexity.QueryBits (21s)
✔ [9184/9377] Built OAI.Analysis.MatrixSigning.Potential.EnergyMatrix (22s)
✔ [9185/9377] Built OAI.Analysis.MatrixSigning.Machines.BisectionCommands (20s)
✔ [9186/9377] Built OAI.Analysis.MatrixSigning.Realization.PairRoutine (22s)
✔ [9187/9377] Built OAI.Analysis.MatrixSigning.Potential.PairHilbert (31s)
✔ [9188/9377] Built OAI.Analysis.MatrixSigning.Arithmetic.RationalCompareProgram (21s)
✔ [9189/9377] Built OAI.Analysis.MatrixSigning.Potential.NegativeWeight (31s)
✔ [9190/9377] Built OAI.Analysis.MatrixSigning.Encoding.FramedArrayReplacement (20s)
✔ [9191/9377] Built OAI.Analysis.MatrixSigning.Matrices.MatrixAddressArithmetic (22s)
✔ [9192/9378] Built OAI.Analysis.MatrixSigning.Matrices.PreservedMatrixRetrieval (19s)
✔ [9193/9378] Built OAI.Analysis.MatrixSigning.Arithmetic.GCDMachineRun (20s)
✔ [9194/9378] Built OAI.Analysis.MatrixSigning.Arithmetic.EncodedDivision (20s)
✔ [9195/9378] Built OAI.Analysis.MatrixSigning.Potential.DiagBlock (22s)
✔ [9196/9378] Built OAI.Analysis.MatrixSigning.Machines.LiteralProgram (19s)
✔ [9197/9378] Built OAI.Analysis.MatrixSigning.Realization.ConditionalRoutine (20s)
✔ [9198/9378] Built OAI.Analysis.MatrixSigning.Encoding.WordOperations (19s)
✔ [9199/9378] Built OAI.Analysis.MatrixSigning.Realization.FoldRoutine (23s)
✔ [9200/9378] Built OAI.Analysis.MatrixSigning.Arithmetic.RationalMultiplyProducts (24s)
✔ [9201/9378] Built OAI.Analysis.MatrixSigning.Potential.Hessian (31s)
✔ [9202/9379] Built OAI.Analysis.MatrixSigning.Arithmetic.RationalCompareCorrectness (26s)
✔ [9203/9379] Built OAI.Analysis.MatrixSigning.Arithmetic.SingleRationalParser (22s)
✔ [9204/9379] Built OAI.Analysis.MatrixSigning.Potential.ResponseInputSub (24s)
✔ [9205/9379] Built OAI.Analysis.MatrixSigning.Potential.StationaryPairing (23s)
✔ [9206/9379] Built OAI.Analysis.MatrixSigning.Matrices.MatrixWriteBridge (20s)
✔ [9207/9379] Built OAI.Analysis.MatrixSigning.Encoding.FramedArrayReplacementPorts (19s)
✔ [9208/9379] Built OAI.Analysis.MatrixSigning.Arithmetic.BinaryAddressLookup (22s)
✔ [9209/9381] Built OAI.Analysis.MatrixSigning.Complexity.GCDMachinePolynomial (20s)
✔ [9210/9381] Built OAI.Analysis.MatrixSigning.Potential.LightPoint (23s)
✔ [9211/9381] Built OAI.Analysis.MatrixSigning.Machines.DenseFieldCounter (21s)
✔ [9212/9381] Built OAI.Analysis.MatrixSigning.Realization.Realization (20s)
✔ [9213/9381] Built OAI.Analysis.MatrixSigning.Realization.IterateRoutine (22s)
✔ [9214/9381] Built OAI.Analysis.MatrixSigning.Arithmetic.RationalAddProducts (20s)
✔ [9215/9381] Built OAI.Analysis.MatrixSigning.Machines.SignedFloorMachine (38s)
✔ [9216/9381] Built OAI.Analysis.MatrixSigning.Arithmetic.RationalAddModel (19s)
✔ [9217/9381] Built OAI.Analysis.MatrixSigning.Arithmetic.CleanRationalCompare (21s)
✔ [9218/9381] Built OAI.Analysis.MatrixSigning.Arithmetic.CanonicalRationalPairParser (19s)
✔ [9219/9381] Built OAI.Analysis.MatrixSigning.Arithmetic.ConvexInnerBall (22s)
✔ [9220/9381] Built OAI.Analysis.MatrixSigning.Machines.SchurTableInvariant (19s)
✔ [9221/9381] Built OAI.Analysis.MatrixSigning.Potential.Vars (32s)
✔ [9222/9383] Built OAI.Analysis.MatrixSigning.Arithmetic.RationalSignAction (26s)
✔ [9223/9383] Built OAI.Analysis.MatrixSigning.Machines.TerminalVectorReplace (20s)
✔ [9224/9383] Built OAI.Analysis.MatrixSigning.Matrices.MatrixReadProgram (20s)
✔ [9225/9383] Built OAI.Analysis.MatrixSigning.Arithmetic.RationalMagnitudeSetup (21s)
✔ [9226/9383] Built OAI.Analysis.MatrixSigning.Optimization.Level (20s)
✔ [9227/9383] Built OAI.Analysis.MatrixSigning.Complexity.PolynomialRoutine (21s)
✔ [9228/9383] Built OAI.Analysis.MatrixSigning.Realization.ListRealization (20s)
✔ [9229/9383] Built OAI.Analysis.MatrixSigning.Optimization.SignedFloorInterface (19s)
✔ [9230/9383] Built OAI.Analysis.MatrixSigning.Potential.StateIA (25s)
✔ [9231/9383] Built OAI.Analysis.MatrixSigning.Realization.CompareRoutine (19s)
✔ [9232/9383] Built OAI.Analysis.MatrixSigning.Arithmetic.RationalAddSigned (26s)
✔ [9233/9383] Built OAI.Analysis.MatrixSigning.Arithmetic.RationalCompareDeterministic (19s)
✔ [9234/9383] Built OAI.Analysis.MatrixSigning.Machines.CleanupDeterministic (19s)
✔ [9235/9383] Built OAI.Analysis.MatrixSigning.Optimization.TerminalWitnessTapes (19s)
✔ [9236/9383] Built OAI.Analysis.MatrixSigning.Potential.Pack (24s)
✔ [9237/9383] Built OAI.Analysis.MatrixSigning.Potential.SchurBlock (24s)
✔ [9238/9383] Built OAI.Analysis.MatrixSigning.Machines.SchurReadStage (20s)
✔ [9239/9383] Built OAI.Analysis.MatrixSigning.Potential.Parameters (34s)
✔ [9240/9383] Built OAI.Analysis.MatrixSigning.Optimization.ObjectiveCLM (23s)
✔ [9241/9383] Built OAI.Analysis.MatrixSigning.Matrices.RowDotPrimitives (25s)
✔ [9242/9383] Built OAI.Analysis.MatrixSigning.Arithmetic.RationalMagnitudeSign (22s)
✔ [9243/9385] Built OAI.Analysis.MatrixSigning.Realization.NaturalRealization (21s)
✔ [9244/9385] Built OAI.Analysis.MatrixSigning.Arithmetic.FloorRationalMachine (21s)
✔ [9245/9385] Built OAI.Analysis.MatrixSigning.Arithmetic.RationalSignClassifier (21s)
✔ [9246/9385] Built OAI.Analysis.MatrixSigning.Arithmetic.RationalMagnitudeDivision (50s)
✔ [9247/9385] Built OAI.Analysis.MatrixSigning.Machines.TerminalSparseAssembly (32s)
✔ [9248/9386] Built OAI.Analysis.MatrixSigning.Potential.PositiveMapMono (30s)
✔ [9249/9398] Built OAI.Analysis.MatrixSigning.Machines.TerminalReadStage (25s)
✔ [9250/9398] Built OAI.Analysis.MatrixSigning.Matrices.PivotRowRead (23s)
✔ [9251/9398] Built OAI.Analysis.MatrixSigning.Potential.Value (21s)
✔ [9252/9398] Built OAI.Analysis.MatrixSigning.Machines.SchurDimension (27s)
✔ [9253/9398] Built OAI.Analysis.MatrixSigning.Potential.NormSq (37s)
✔ [9254/9398] Built OAI.Analysis.MatrixSigning.Matrices.RowDotBody (24s)
✔ [9255/9398] Built OAI.Analysis.MatrixSigning.Realization.BinaryNaturalRealization (21s)
✔ [9256/9398] Built OAI.Analysis.MatrixSigning.Potential.TightSystem (27s)
✔ [9257/9399] Built OAI.Analysis.MatrixSigning.Machines.RealificationSPD (23s)
✔ [9258/9399] Built OAI.Analysis.MatrixSigning.Realization.FloorCleanRoutine (22s)
✔ [9259/9400] Built OAI.Analysis.MatrixSigning.Arithmetic.RationalMagnitudePositive (22s)
✔ [9260/9400] Built OAI.Analysis.MatrixSigning.Complexity.PolynomialLoops (24s)
✔ [9261/9402] Built OAI.Analysis.MatrixSigning.Arithmetic.RealifyAdd (21s)
✔ [9262/9404] Built OAI.Analysis.MatrixSigning.Matrices.PivotRowClassify (26s)
✔ [9263/9404] Built OAI.Analysis.MatrixSigning.Matrices.RealifyHermitian (23s)
✔ [9264/9404] Built OAI.Analysis.MatrixSigning.Optimization.AffineRealEval (26s)
✔ [9265/9406] Built OAI.Analysis.MatrixSigning.Matrices.RowDotControl (26s)
✔ [9266/9409] Built OAI.Analysis.MatrixSigning.Arithmetic.RationalMagnitudeCorrect (25s)
✔ [9267/9409] Built OAI.Analysis.MatrixSigning.Optimization.NearestEndpoint (25s)
✔ [9268/9411] Built OAI.Analysis.MatrixSigning.Potential.NormTCoord (32s)
✔ [9269/9411] Built OAI.Analysis.MatrixSigning.Potential.UnpackKkt (35s)
✔ [9270/9411] Built OAI.Analysis.MatrixSigning.Matrices.OperatorNormSquare (24s)
✔ [9271/9411] Built OAI.Analysis.MatrixSigning.Matrices.PivotRowBody (23s)
✔ [9272/9411] Built OAI.Analysis.MatrixSigning.Optimization.MinList (22s)
✔ [9273/9411] Built OAI.Analysis.MatrixSigning.Potential.RealTraceVarianceRank (22s)
✔ [9274/9411] Built OAI.Analysis.MatrixSigning.Arithmetic.RationalAddProgram (21s)
✔ [9275/9411] Built OAI.Analysis.MatrixSigning.Optimization.FinRealify (27s)
✔ [9276/9411] Built OAI.Analysis.MatrixSigning.Arithmetic.RationalMultiplyNormalize (23s)
✔ [9277/9411] Built OAI.Analysis.MatrixSigning.Arithmetic.RationalReciprocalCore (20s)
✔ [9278/9411] Built OAI.Analysis.MatrixSigning.Potential.PenaltyParameter (22s)
✔ [9279/9411] Built OAI.Analysis.MatrixSigning.Matrices.MatrixRealSmul (22s)
✔ [9280/9411] Built OAI.Analysis.MatrixSigning.Potential.ValueBranch (28s)
✔ [9281/9411] Built OAI.Analysis.MatrixSigning.Matrices.PivotRowLoop (25s)
✔ [9282/9411] Built OAI.Analysis.MatrixSigning.Potential.NormPsdScalar (36s)
✔ [9283/9411] Built OAI.Analysis.MatrixSigning.Potential.ValueFeasible (34s)
✔ [9284/9411] Built OAI.Analysis.MatrixSigning.Potential.JetBoundProjection (42s)
✔ [9285/9413] Built OAI.Analysis.MatrixSigning.Arithmetic.RationalAddCorrect (36s)
✔ [9286/9420] Built OAI.Analysis.MatrixSigning.Optimization.ComplexValueProgram (23s)
✔ [9287/9424] Built OAI.Analysis.MatrixSigning.Arithmetic.RationalMultiplicationMachine (21s)
✔ [9288/9424] Built OAI.Analysis.MatrixSigning.Arithmetic.RationalReciprocalSerialize (19s)
✔ [9289/9424] Built OAI.Analysis.MatrixSigning.Matrices.PivotRowCorrectness (18s)
✔ [9290/9425] Built OAI.Analysis.MatrixSigning.Matrices.PivotRowInitialize (21s)
✔ [9291/9436] Built OAI.Analysis.MatrixSigning.Potential.Potential (25s)
✔ [9292/9436] Built OAI.Analysis.MatrixSigning.Potential.ParameterCube (27s)
✔ [9293/9436] Built OAI.Analysis.MatrixSigning.Arithmetic.ComplexScalarNodes (23s)
✔ [9294/9436] Built OAI.Analysis.MatrixSigning.Optimization.PackValue (25s)
✔ [9295/9436] Built OAI.Analysis.MatrixSigning.Arithmetic.RationalReciprocalMachine (22s)
✔ [9296/9436] Built OAI.Analysis.MatrixSigning.Machines.FixedDotPrimitives (23s)
✔ [9297/9436] Built OAI.Analysis.MatrixSigning.Matrices.PivotRowFinish (24s)
✔ [9298/9436] Built OAI.Analysis.MatrixSigning.Potential.ObjectiveVarsCLM (40s)
✔ [9299/9436] Built OAI.Analysis.MatrixSigning.Realization.DenseInputMachine (22s)
✔ [9300/9436] Built OAI.Analysis.MatrixSigning.Potential.NormPotential (22s)
✔ [9301/9436] Built OAI.Analysis.MatrixSigning.Potential.ShiftFeasibleMap (24s)
✔ [9302/9436] Built OAI.Analysis.MatrixSigning.Complexity.ComplexScalarCosts (22s)
✔ [9303/9436] Built OAI.Analysis.MatrixSigning.Arithmetic.RationalDivisionStages (23s)
✔ [9304/9436] Built OAI.Analysis.MatrixSigning.Optimization.ValueOuterRadius (25s)
✔ [9305/9436] Built OAI.Analysis.MatrixSigning.Arithmetic.RationalSubtractProgram (23s)
✔ [9306/9436] Built OAI.Analysis.MatrixSigning.Machines.FixedDotBody (22s)
✔ [9307/9436] Built OAI.Analysis.MatrixSigning.Matrices.PivotDecisionMachine (24s)
✔ [9308/9436] Built OAI.Analysis.MatrixSigning.Realization.RawRationalMachine (24s)
✔ [9309/9473] Built OAI.Analysis.MatrixSigning.Potential.FreezePotential (23s)
✔ [9380/9633] Built OAI.Analysis.MatrixSigning.Arithmetic.RationalDivisionMachine (23s)
✔ [9381/9633] Built OAI.Analysis.MatrixSigning.Optimization.ValueObjectiveCoeffs (24s)
✔ [9382/9635] Built OAI.Analysis.MatrixSigning.Potential.CoarseBudget (32s)
✔ [9383/9635] Built OAI.Analysis.MatrixSigning.Arithmetic.RationalSubtractCorrect (21s)
✔ [9384/9637] Built OAI.Analysis.MatrixSigning.Machines.FixedDotMachine (21s)
✔ [9385/9637] Built OAI.Analysis.MatrixSigning.Matrices.PivotDecisionCorrectness (20s)
✔ [9386/9637] Built OAI.Analysis.MatrixSigning.Realization.MachineAdapter (19s)
✔ [9387/9637] Built OAI.Analysis.MatrixSigning.Realization.RawRationalBounds (21s)
✔ [9388/9637] Built OAI.Analysis.MatrixSigning.Arithmetic.SparseScalarNodes (20s)
✔ [9389/9637] Built OAI.Analysis.MatrixSigning.Optimization.RationalAtoms (25s)
✔ [9390/9637] Built OAI.Analysis.MatrixSigning.Potential.DerivPathObjective (26s)
✔ [9391/9639] Built OAI.Analysis.MatrixSigning.Potential.FacePotential (26s)
✔ [9392/9639] Built OAI.Analysis.MatrixSigning.Machines.ExpressionPrimitives (25s)
✔ [9393/9639] Built OAI.Analysis.MatrixSigning.Machines.SchurCellMachine (22s)
✔ [9394/9639] Built OAI.Analysis.MatrixSigning.Machines.FixedDotBounds (22s)
✔ [9395/9640] Built OAI.Analysis.MatrixSigning.Realization.RawRationalArrayMachine (24s)
✔ [9396/9645] Built OAI.Analysis.MatrixSigning.Matrices.RowDotMachine (28s)
✔ [9397/9645] Built OAI.Analysis.MatrixSigning.Complexity.SparseScalarCost (20s)
✔ [9398/9645] Built OAI.Analysis.MatrixSigning.Machines.SparseCoefficientStage (25s)
✔ [9399/9647] Built OAI.Analysis.MatrixSigning.Optimization.UpperIndex (22s)
✔ [9401/9647] Built OAI.Analysis.MatrixSigning.Optimization.RootTolerance (22s)
✔ [9402/9647] Built OAI.Analysis.MatrixSigning.Potential.FaceEndpointFeasible (23s)
✔ [9403/9648] Built OAI.Analysis.MatrixSigning.Potential.MovementBudget (21s)
✔ [9404/9649] Built OAI.Analysis.MatrixSigning.Realization.ArithmeticRoutine (21s)
✔ [9405/9649] Built OAI.Analysis.MatrixSigning.Potential.PathObjectiveFirst (30s)
✔ [9406/9649] Built OAI.Analysis.MatrixSigning.Machines.SchurOperands (22s)
✔ [9407/9650] Built OAI.Analysis.MatrixSigning.Complexity.SchurCellCost (22s)
✔ [9408/9650] Built OAI.Analysis.MatrixSigning.Realization.RawMatrixMachine (23s)
✔ [9409/9651] Built OAI.Analysis.MatrixSigning.Matrices.RowDotBounds (25s)
✔ [9410/9651] Built OAI.Analysis.MatrixSigning.Arithmetic.BinaryMultiplySemantics (20s)
✔ [9411/9652] Built OAI.Analysis.MatrixSigning.Optimization.FixedPart (21s)
✔ [9412/9652] Built OAI.Analysis.MatrixSigning.Potential.Parameters2 (21s)
✔ [9413/9652] Built OAI.Analysis.MatrixSigning.Optimization.TerminalWitnessMachine (29s)
✔ [9414/9652] Built OAI.Analysis.MatrixSigning.Realization.ScalarRealization (19s)
✔ [9415/9652] Built OAI.Analysis.MatrixSigning.Machines.BinaryExpressionEvaluator (18s)
✔ [9416/9654] Built OAI.Analysis.MatrixSigning.Potential.FaceValueDirectionVariations (26s)
✔ [9417/9654] Built OAI.Analysis.MatrixSigning.Machines.SchurEntryMachine (22s)
✔ [9418/9654] Built OAI.Analysis.MatrixSigning.Arithmetic.RationalAddPorts (19s)
✔ [9419/9654] Built OAI.Analysis.MatrixSigning.Arithmetic.ZeroPaddedRow (19s)
✔ [9420/9654] Built OAI.Analysis.MatrixSigning.Realization.DenseInputArrays (20s)
✔ [9421/9654] Built OAI.Analysis.MatrixSigning.Arithmetic.RationalSubtractPorts (18s)
✔ [9422/9654] Built OAI.Analysis.MatrixSigning.Arithmetic.RationalSignPorts (18s)
✔ [9423/9654] Built OAI.Analysis.MatrixSigning.Optimization.RealExtendCube (21s)
✔ [9424/9655] Built OAI.Analysis.MatrixSigning.Complexity.TerminalWitnessCost (22s)
✔ [9425/9655] Built OAI.Combinatorics.ThinTrees.Continuation.ConcaveAlternative (21s)
✔ [9426/9657] Built OAI.Analysis.MatrixSigning.Complexity.PolynomialFamilies (19s)
✔ [9427/9657] Built OAI.Analysis.MatrixSigning.Complexity.PolynomialScalar (21s)
✔ [9428/9657] Built OAI.Combinatorics.ThinTrees.Metric.Profiles (23s)
✔ [9429/9657] Built OAI.Analysis.MatrixSigning.Realization.DependentBranchRealization (19s)
✔ [9430/9657] Built OAI.Analysis.MatrixSigning.Realization.ArrayRealization (19s)
✔ [9431/9657] Built OAI.Analysis.MatrixSigning.Realization.RatFieldsRealization (19s)
✔ [9433/9659] Built OAI.Analysis.MatrixSigning.Potential.StateR (21s)
✔ [9434/9659] Built OAI.Analysis.MatrixSigning.Machines.DirectedRounding (19s)
✔ [9435/9659] Built OAI.Analysis.MatrixSigning.Machines.SchurTableMachine (20s)
✔ [9436/9659] Built OAI.Analysis.MatrixSigning.Arithmetic.NegativeDivision (22s)
✔ [9437/9659] Built OAI.Analysis.MatrixSigning.Potential.FaceState (21s)
✔ [9438/9659] Built OAI.Analysis.MatrixSigning.Encoding.DenseCanonicalParser (23s)
✔ [9439/9659] Built OAI.Analysis.MatrixSigning.Machines.TerminalInputBounds (19s)
✔ [9440/9659] Built OAI.Analysis.MatrixSigning.Matrices.SavedPivotStack (20s)
✔ [9441/9659] Built OAI.Analysis.MatrixSigning.Complexity.PolynomialMemberFamily (18s)
✔ [9442/9659] Built OAI.Analysis.MatrixSigning.Complexity.PolynomialMapFamilies (19s)
✔ [9443/9659] Built OAI.Analysis.MatrixSigning.Complexity.PolynomialArithmeticFamilies (19s)
✔ [9445/9659] Built OAI.Analysis.MatrixSigning.Complexity.PolynomialBranchFamilies (19s)
✔ [9446/9659] Built OAI.Analysis.MatrixSigning.Complexity.PolynomialIterateFamilies (19s)
✔ [9447/9659] Built OAI.Analysis.MatrixSigning.Encoding.FlattenLookup (19s)
✔ [9448/9659] Built OAI.Analysis.MatrixSigning.Realization.VectorRealization (19s)
✔ [9449/9659] Built OAI.Analysis.MatrixSigning.Complexity.PolynomialLists (21s)
✔ [9450/9659] Built OAI.Analysis.MatrixSigning.Complexity.PolynomialCeiling (19s)
✔ [9451/9659] Built OAI.Analysis.MatrixSigning.Realization.RootRealization (18s)
✔ [9452/9659] Built OAI.Analysis.MatrixSigning.Machines.BinaryFloorBridge (19s)
✔ [9453/9659] Built OAI.Analysis.MatrixSigning.Potential.StatePsi (23s)
✔ [9454/9659] Built OAI.Analysis.MatrixSigning.Potential.SchurLoopState (23s)
✔ [9455/9659] Built OAI.Analysis.MatrixSigning.Realization.PencilArrayRealization (19s)
✔ [9456/9659] Built OAI.Analysis.MatrixSigning.Matrices.PivotScannerBounds (22s)
✔ [9457/9659] Built OAI.Analysis.MatrixSigning.Realization.MatrixStructureRealization (19s)
✔ [9458/9659] Built OAI.Analysis.MatrixSigning.Realization.ScheduleRealization (19s)
✔ [9459/9659] Built OAI.Analysis.MatrixSigning.Optimization.SchurWitnessHead (34s)
✔ [9460/9659] Built OAI.Analysis.MatrixSigning.Complexity.PolynomialArrays (19s)
✔ [9461/9659] Built OAI.Analysis.MatrixSigning.Potential.EnsembleForcesNegative (19s)
✔ [9462/9659] Built OAI.Analysis.MatrixSigning.Machines.SchurColumnLoop (17s)
✔ [9463/9659] Built OAI.Analysis.MatrixSigning.Realization.LevelPencilRealization (17s)
✔ [9464/9659] Built OAI.Analysis.MatrixSigning.Realization.FaceArrayRealization (16s)
✔ [9465/9659] Built OAI.Analysis.MatrixSigning.Realization.CoordinateRealization (17s)
✔ [9466/9659] Built OAI.Analysis.MatrixSigning.Complexity.PolynomialMatrixFold (17s)
✔ [9467/9659] Built OAI.Analysis.MatrixSigning.Potential.EndpointCandidates (18s)
✔ [9468/9659] Built OAI.Analysis.MatrixSigning.Optimization.StoredWitnessLift (24s)
✔ [9469/9659] Built OAI.Analysis.MatrixSigning.Machines.SchurRowLoop (21s)
✔ [9470/9659] Built OAI.Analysis.MatrixSigning.Realization.DependentRealization (17s)
✔ [9471/9659] Built OAI.Analysis.MatrixSigning.Realization.PencilCompileRealization (18s)
✔ [9472/9659] Built OAI.Analysis.MatrixSigning.Realization.ValueDataRealization (18s)
✔ [9473/9659] Built OAI.Analysis.MatrixSigning.Complexity.PolynomialRoots (19s)
✔ [9474/9659] Built OAI.Analysis.MatrixSigning.Complexity.PolynomialMatrixSum (20s)
✔ [9475/9659] Built OAI.Analysis.MatrixSigning.Optimization.PivotWitnessMachine (24s)
✔ [9476/9659] Built OAI.Analysis.MatrixSigning.Realization.SelectionRealization (18s)
✔ [9477/9659] Built OAI.Analysis.MatrixSigning.Machines.SchurTableCorrectness (22s)
✔ [9478/9659] Built OAI.Analysis.MatrixSigning.Realization.OriginalFieldsRealization (20s)
✔ [9479/9659] Built OAI.Analysis.MatrixSigning.Complexity.PolynomialCoordinates (19s)
✔ [9480/9659] Built OAI.Analysis.MatrixSigning.Potential.C1Rational (29s)
✔ [9481/9659] Built OAI.Analysis.MatrixSigning.Realization.ValueEvalRealization (18s)
✔ [9482/9659] Built OAI.Analysis.MatrixSigning.Matrices.PivotReplayLoop (17s)
✔ [9483/9659] Built OAI.Analysis.MatrixSigning.Machines.SchurInputLength (17s)
✔ [9484/9659] Built OAI.Analysis.MatrixSigning.Optimization.PivotDescentMachine (18s)
✔ [9485/9659] Built OAI.Analysis.MatrixSigning.Realization.OriginalParserRoutine (18s)
✔ [9486/9659] Built OAI.Analysis.MatrixSigning.Optimization.FaceStencil (17s)
✔ [9487/9659] Built OAI.Analysis.MatrixSigning.Realization.ValueObjectiveRealization (14s)
✔ [9488/9659] Built OAI.Analysis.MatrixSigning.Machines.SchurTablePorts (12s)
✔ [9489/9659] Built OAI.Analysis.MatrixSigning.Matrices.PivotDecisionPorts (14s)
✔ [9490/9659] Built OAI.Analysis.MatrixSigning.Machines.ControllerReachable (14s)
✔ [9491/9659] Built OAI.Analysis.MatrixSigning.Optimization.Transition (13s)
✔ [9492/9659] Built OAI.Analysis.MatrixSigning.Complexity.SchurPolynomialBound (13s)
✔ [9493/9659] Built OAI.Analysis.MatrixSigning.Machines.ControllerReplayBound (21s)
✔ [9494/9659] Built OAI.Analysis.MatrixSigning.Matrices.PivotTerminalMachine (21s)
✔ [9495/9659] Built OAI.Analysis.MatrixSigning.Optimization.NormalizedRun (19s)
✔ [9496/9659] Built OAI.Analysis.MatrixSigning.Complexity.StoredBits (21s)
✔ [9497/9659] Built OAI.Analysis.MatrixSigning.Complexity.GlobalCounts (25s)
✔ [9498/9659] Built OAI.Analysis.MatrixSigning.Optimization.PivotDescentBounds (16s)
✔ [9499/9659] Built OAI.Analysis.MatrixSigning.Matrices.PivotControllerBody (12s)
✔ [9500/9659] Built OAI.Analysis.MatrixSigning.Optimization.Signing (12s)
✔ [9501/9659] Built OAI.Analysis.MatrixSigning.Matrices.PivotControllerLoop (8.7s)
✔ [9502/9659] Built OAI.Analysis.MatrixSigning.Optimization.Outside (9.1s)
✔ [9503/9659] Built OAI.Analysis.MatrixSigning.Machines.ControllerTerminalBound (10s)
✔ [9504/9659] Built OAI.Analysis.MatrixSigning.Matrices.PivotReachableBounds (10s)
✔ [9505/9659] Built OAI.Analysis.MatrixSigning.Matrices.PivotControllerCorrectness (10s)
✔ [9506/9659] Built OAI.Analysis.MatrixSigning.Machines.ControllerRuntime (7.1s)
✔ [9507/9659] Built OAI.Analysis.MatrixSigning.Complexity.PSDControllerPolynomial (6.1s)
✔ [9508/9659] Built OAI.Analysis.MatrixSigning.Realization.PSDCleanRoutine (6.1s)
✔ [9509/9659] Built OAI.Analysis.MatrixSigning.Realization.StoredPSDRealization (5.5s)
✔ [9510/9659] Built OAI.Analysis.MatrixSigning.Realization.FilterRealization (6.5s)
✔ [9511/9659] Built OAI.Analysis.MatrixSigning.Realization.RoundedStepRealization (6.8s)
✔ [9512/9659] Built OAI.Analysis.MatrixSigning.Realization.SearchRealization (10s)
✔ [9513/9659] Built OAI.Analysis.MatrixSigning.Realization.WitnessRealization (10s)
✔ [9514/9659] Built OAI.Analysis.MatrixSigning.Realization.EndpointRealization (11s)
✔ [9515/9659] Built OAI.Analysis.MatrixSigning.Complexity.PolynomialFind (11s)
✔ [9516/9659] Built OAI.Analysis.MatrixSigning.Complexity.PolynomialStored (9.7s)
✔ [9517/9659] Built OAI.Analysis.MatrixSigning.Realization.OptimizeRealization (9.7s)
✔ [9518/9659] Built OAI.Analysis.MatrixSigning.Complexity.PolynomialExplicit (11s)
✔ [9519/9659] Built OAI.Analysis.MatrixSigning.Realization.ValueQueryRealization (11s)
✔ [9520/9659] Built OAI.Analysis.MatrixSigning.Complexity.PolynomialSchedule (11s)
✔ [9521/9659] Built OAI.Analysis.MatrixSigning.Complexity.PolynomialRoundedStep (12s)
✔ [9522/9659] Built OAI.Analysis.MatrixSigning.Realization.PotentialRealization (9.1s)
✔ [9523/9659] Built OAI.Analysis.MatrixSigning.Complexity.PolynomialSearch (8.4s)
✔ [9524/9659] Built OAI.Analysis.MatrixSigning.Realization.FaceQueryRealization (8.3s)
✔ [9525/9659] Built OAI.Analysis.MatrixSigning.Complexity.PolynomialOptimize (8.2s)
✔ [9526/9659] Built OAI.Combinatorics.ThinTrees.RationalMatrix.Squares (28s)
✔ [9527/9659] Built OAI.Analysis.MatrixSigning.Complexity.PolynomialFaceBasics (28s)
✔ [9528/9659] Built OAI.Combinatorics.ThinTrees.RationalMatrix.Inverse (28s)
✔ [9529/9659] Built OAI.Combinatorics.ThinTrees.Signing.RealMatrixBridge (28s)
✔ [9530/9659] Built OAI.Analysis.MatrixSigning.Realization.StencilRealization (28s)
✔ [9531/9659] Built OAI.Combinatorics.ThinTrees.Metric.ShellCharging (29s)
✔ [9532/9659] Built OAI.Combinatorics.ThinTrees.Normalization.Descent (29s)
✔ [9533/9659] Built OAI.Combinatorics.ThinTrees.RationalMatrix.MatrixRealization (29s)
✔ [9534/9659] Built OAI.Analysis.MatrixSigning.Complexity.PolynomialFinFamilies (18s)
✔ [9535/9659] Built OAI.Analysis.MatrixSigning.Realization.CurvatureRealization (18s)
✔ [9536/9659] Built OAI.Analysis.MatrixSigning.Complexity.PolynomialValueQuery (18s)
✔ [9537/9659] Built OAI.Combinatorics.ThinTrees.Normalization.Packing (17s)
✔ [9538/9659] Built OAI.Combinatorics.ThinTrees.RationalMatrix.Gram (18s)
✔ [9539/9659] Built OAI.Analysis.MatrixSigning.Complexity.PolynomialCurvature (14s)
✔ [9540/9659] Built OAI.Analysis.MatrixSigning.Complexity.PolynomialPotential (14s)
✔ [9541/9659] Built OAI.Analysis.MatrixSigning.Realization.FaceChoiceRealization (15s)
✔ [9542/9659] Built OAI.Combinatorics.ThinTrees.Normalization.Algorithm (15s)
✔ [9543/9659] Built OAI.Combinatorics.ThinTrees.Signing.GramWhitening (15s)
✔ [9544/9659] Built OAI.Analysis.MatrixSigning.Complexity.PolynomialFaceQuery (11s)
✔ [9545/9659] Built OAI.Analysis.MatrixSigning.Realization.FaceRunRealization (11s)
✔ [9546/9659] Built OAI.Combinatorics.ThinTrees.Normalization.Parameters (12s)
✔ [9547/9659] Built OAI.Analysis.MatrixSigning.Complexity.PolynomialFaceFuel (10s)
✔ [9548/9659] Built OAI.Analysis.MatrixSigning.Realization.VarianceRealization (11s)
✔ [9549/9659] Built OAI.Analysis.MatrixSigning.Complexity.PolynomialStencil (11s)
✔ [9550/9659] Built OAI.Analysis.MatrixSigning.Complexity.PolynomialFaceChoice (12s)
✔ [9551/9659] Built OAI.Analysis.MatrixSigning.Realization.OriginalSignRealization (12s)
✔ [9552/9659] Built OAI.Analysis.MatrixSigning.Complexity.PolynomialVariance (12s)
✔ [9553/9659] Built OAI.Combinatorics.ThinTrees.Normalization.Realization (14s)
✔ [9554/9659] Built OAI.Analysis.MatrixSigning.Complexity.PolynomialFaceNext (21s)
✔ [9555/9659] Built OAI.Analysis.MatrixSigning.Complexity.PolynomialOriginalFields (21s)
✔ [9556/9659] Built OAI.Analysis.MatrixSigning.Realization.OriginalOutputRoutine (22s)
✔ [9557/9659] Built OAI.Analysis.MatrixSigning.Complexity.PolynomialFaceOrbit (22s)
✔ [9558/9659] Built OAI.Combinatorics.ThinTrees.Arithmetic.UnaryRoot (23s)
✔ [9559/9659] Built OAI.Combinatorics.ThinTrees.RationalMatrix.SchurHistory (24s)
✔ [9560/9659] Built OAI.Combinatorics.ThinTrees.Signing.RationalSigning (24s)
✔ [9561/9659] Built OAI.Combinatorics.ThinTrees.Metric.CompactCharging (32s)
✔ [9562/9659] Built OAI.Analysis.MatrixSigning.Complexity.PolynomialFaceRun (17s)
✔ [9563/9659] Built OAI.Analysis.MatrixSigning.Realization.OriginalMachine (17s)
✔ [9564/9659] Built OAI.Combinatorics.ThinTrees.Arithmetic.BinaryArithmetic (18s)
✔ [9565/9659] Built OAI.Combinatorics.ThinTrees.RationalMatrix.InverseRealization (17s)
✔ [9566/9659] Built OAI.Combinatorics.ThinTrees.Signing.StackedSigning (17s)
✔ [9567/9659] Built OAI.Combinatorics.ThinTrees.Metric.AssignedGeometry (16s)
✔ [9568/9659] Built OAI.Combinatorics.ThinTrees.Continuation.PartitionLattice (17s)
✔ [9569/9659] Built OAI.Analysis.MatrixSigning.Complexity.PolynomialOriginalSigning (16s)
✔ [9570/9659] Built OAI.Combinatorics.ThinTrees.Arithmetic.UnaryArithmetic (16s)
✔ [9571/9659] Built OAI.Combinatorics.ThinTrees.Arithmetic.ScalarRealization (17s)
✔ [9572/9659] Built OAI.Combinatorics.ThinTrees.Signing.FormSigning (15s)
✔ [9573/9659] Built OAI.Combinatorics.ThinTrees.Continuation.PartitionGeometry (15s)
✔ [9574/9659] Built OAI.Combinatorics.ThinTrees.Continuation.PartitionUncrossing (15s)
✔ [9575/9659] Built OAI.Analysis.MatrixSigning.Complexity.PolynomialOriginalOutput (12s)
✔ [9576/9659] Built OAI.Combinatorics.ThinTrees.Continuation.PartitionLocalConnectivity (11s)
✔ [9577/9659] Built OAI.Analysis.MatrixSigning.Main (9.9s)
✔ [9578/9659] Built OAI.Combinatorics.ThinTrees.Metric.AssignedCharging (39s)
✔ [9579/9659] Built OAI.Combinatorics.ThinTrees.Metric.SpectralMetricBridge (8.2s)
✔ [9580/9659] Built OAI.Combinatorics.ThinTrees.Metric.BagExtraction (13s)
✔ [9581/9659] Built OAI.Combinatorics.ThinTrees.Metric.ScaleCharging (7.2s)
✔ [9582/9659] Built OAI.Combinatorics.ThinTrees.Metric.Numerator (6.6s)
✔ [9583/9659] Built OAI.Combinatorics.ThinTrees.Metric.MatrixBound (6.2s)
✔ [9584/9659] Built OAI.Combinatorics.ThinTrees.Metric.CenteredMatrices (7.7s)
✔ [9585/9659] Built OAI.Combinatorics.ThinTrees.Metric.ConicDuality (7.9s)
✔ [9586/9659] Built OAI.Combinatorics.ThinTrees.Arithmetic.ArraySums (9.3s)
✔ [9587/9659] Built OAI.Combinatorics.ThinTrees.Metric.CompactDuality (9.8s)
✔ [9588/9659] Built OAI.Combinatorics.ThinTrees.Metric.Hierarchy (6.3s)
✔ [9589/9659] Built OAI.Combinatorics.ThinTrees.Continuation.CenteredDomain (6.3s)
✔ [9590/9659] Built OAI.Combinatorics.ThinTrees.Continuation.Ramp (9.8s)
✔ [9591/9659] Built OAI.Combinatorics.ThinTrees.Metric.ConeRepresentation (9.8s)
✔ [9592/9659] Built OAI.Combinatorics.ThinTrees.Metric.Response (11s)
✔ [9593/9659] Built OAI.Combinatorics.ThinTrees.Continuation.Domain (13s)
✔ [9594/9659] Built OAI.Combinatorics.ThinTrees.Continuation.Gains (13s)
✔ [9595/9659] Built OAI.Combinatorics.ThinTrees.Continuation.SpectralSize (13s)
✔ [9596/9659] Built OAI.Combinatorics.ThinTrees.Continuation.PartitionResponse (12s)
✔ [9597/9659] Built OAI.Combinatorics.ThinTrees.Continuation.Encoding (9.8s)
✔ [9598/9659] Built OAI.Combinatorics.ThinTrees.Continuation.Feasibility (10s)
✔ [9599/9659] Built OAI.Combinatorics.ThinTrees.Continuation.Interior (8.0s)
✔ [9600/9659] Built OAI.Combinatorics.ThinTrees.Flow.RootedOrientation (17s)
✔ [9601/9659] Built OAI.Combinatorics.ThinTrees.Continuation.Schedule (18s)
✔ [9602/9659] Built OAI.Combinatorics.ThinTrees.Pencil.BlockAssembly (18s)
✔ [9603/9659] Built OAI.Combinatorics.ThinTrees.Pencil.FiniteFamilies (18s)
✔ [9604/9659] Built OAI.Combinatorics.ThinTrees.Flow.ParallelCopies (18s)
✔ [9605/9659] Built OAI.Combinatorics.ThinTrees.Continuation.Margin (19s)
✔ [9606/9659] Built OAI.Combinatorics.ThinTrees.Flow.RootedFlow (9.0s)
✔ [9607/9659] Built OAI.Combinatorics.ThinTrees.Continuation.Grid (9.8s)
✔ [9608/9659] Built OAI.Combinatorics.ThinTrees.Flow.RootedRelaxation (8.3s)
✔ [9609/9659] Built OAI.Combinatorics.ThinTrees.Pencil.AffinePencil (8.1s)
✔ [9610/9659] Built OAI.Combinatorics.ThinTrees.Flow.FractionalOrientation (8.1s)
✔ [9611/9659] Built OAI.Combinatorics.ThinTrees.Pencil.RationalAffineEval (7.7s)
✔ [9612/9659] Built OAI.Combinatorics.ThinTrees.Flow.FractionalPackingMargin (7.5s)
✔ [9613/9659] Built OAI.Combinatorics.ThinTrees.Flow.Interior (6.6s)
✔ [9614/9659] Built OAI.Combinatorics.ThinTrees.Continuation.Coordinates (7.8s)
✔ [9615/9659] Built OAI.Combinatorics.ThinTrees.Continuation.FiniteContinuation (8.3s)
✔ [9616/9659] Built OAI.Combinatorics.ThinTrees.Continuation.Pencil (6.9s)
✔ [9617/9659] Built OAI.Combinatorics.ThinTrees.Continuation.PencilCorrectness (6.7s)
✔ [9618/9659] Built OAI.Combinatorics.ThinTrees.Continuation.Search (7.3s)
✔ [9619/9659] Built OAI.Combinatorics.ThinTrees.Continuation.Iteration (6.5s)
✔ [9620/9659] Built OAI.Combinatorics.ThinTrees.Encoding.GraphRealization (5.8s)
✔ [9621/9659] Built OAI.Combinatorics.ThinTrees.Pencil.Parameters (7.1s)
✔ [9622/9659] Built OAI.Combinatorics.ThinTrees.Continuation.Start (7.1s)
✔ [9623/9659] Built OAI.Combinatorics.ThinTrees.Pencil.PointPrograms (7.8s)
✔ [9624/9659] Built OAI.Combinatorics.ThinTrees.Continuation.Loop (7.8s)
✔ [9625/9659] Built OAI.Combinatorics.ThinTrees.Arithmetic.BoolPrograms (11s)
✔ [9626/9659] Built OAI.Combinatorics.ThinTrees.Signing.GramRealization (11s)
✔ [9627/9659] Built OAI.Combinatorics.ThinTrees.Pencil.MatrixConstraintRealization (12s)
✔ [9628/9659] Built OAI.Combinatorics.ThinTrees.Pencil.ScalarConstraintRealization (13s)
✔ [9629/9659] Built OAI.Combinatorics.ThinTrees.Signing.Realization (9.9s)
✔ [9630/9659] Built OAI.Combinatorics.ThinTrees.Pencil.Realization (9.2s)
✔ [9631/9659] Built OAI.Combinatorics.ThinTrees.Encoding.GreedyTree (15s)
✔ [9632/9659] Built OAI.Combinatorics.ThinTrees.Encoding.OrderedGraph (15s)
✔ [9633/9659] Built OAI.Combinatorics.ThinTrees.Pencil.SearchRealization (15s)
✔ [9634/9659] Built OAI.Combinatorics.ThinTrees.Sparsification.GraphicNormalization (15s)
✔ [9635/9659] Built OAI.Combinatorics.ThinTrees.Sparsification.ShortcutExtraction (15s)
✔ [9636/9659] Built OAI.Combinatorics.ThinTrees.Sparsification.GraphicHalf (12s)
✔ [9637/9659] Built OAI.Combinatorics.ThinTrees.Continuation.Realization (12s)
✔ [9638/9659] Built OAI.Combinatorics.ThinTrees.Sparsification.HalfNumeric (13s)
✔ [9639/9659] Built OAI.Combinatorics.ThinTrees.Continuation.BitBound (11s)
✔ [9640/9659] Built OAI.Combinatorics.ThinTrees.Sparsification.GraphCertificates (11s)
✔ [9641/9659] Built OAI.Combinatorics.ThinTrees.Sparsification.IterationPotential (11s)
✔ [9642/9659] Built OAI.Combinatorics.ThinTrees.Sparsification.Step (7.9s)
✔ [9643/9659] Built OAI.Combinatorics.ThinTrees.Sparsification.RationalIteration (8.1s)
✔ [9644/9659] Built OAI.Combinatorics.ThinTrees.Sparsification.Realization (8.4s)
✔ [9645/9659] Built OAI.Combinatorics.ThinTrees.Encoding.SelectionRealization (8.5s)
✔ [9646/9659] Built OAI.Combinatorics.ThinTrees.Encoding.GreedyRealization (9.1s)
✔ [9647/9659] Built OAI.Combinatorics.ThinTrees.Arithmetic.WordHead (9.6s)
✔ [9648/9659] Built OAI.Combinatorics.ThinTrees.Encoding.Specification (9.6s)
✔ [9649/9659] Built OAI.Combinatorics.ThinTrees.Sparsification.IterationRealization (10s)
✔ [9650/9659] Built OAI.Combinatorics.ThinTrees.Encoding.BoundaryCases (11s)
✔ [9651/9659] Built OAI.Combinatorics.ThinTrees.Sparsification.ExplicitAlgorithm (10s)
✔ [9652/9659] Built OAI.Combinatorics.ThinTrees.Encoding.BinaryReduction (12s)
✔ [9653/9659] Built OAI.Combinatorics.ThinTrees.Encoding.CanonicalExpansion (9.6s)
✔ [9654/9659] Built OAI.Combinatorics.ThinTrees.Encoding.InputArrays (10s)
✔ [9655/9659] Built OAI.Combinatorics.ThinTrees.Encoding.InputExpansion (7.0s)
✔ [9656/9659] Built OAI.Combinatorics.ThinTrees.Encoding.InputOutput (6.2s)
✔ [9657/9659] Built OAI.Combinatorics.ThinTrees.Encoding.InputDispatch (6.1s)
✔ [9658/9659] Built OAI.Combinatorics.ThinTrees.Encoding.AlgorithmicMain (5.6s)
✔ [9659/9659] Built OAI.Combinatorics.ThinTrees.AlgorithmicMain (5.2s)
Build completed successfully (9659 jobs).
== build rc=0 seconds=2138
{"theorems": ["OAI.AlgorithmicThinTrees.algorithmic_strong_thin_trees"], "defs": ["OAI.StrongThinTree.MultiGraph", "OAI.StrongThinTree.MultiGraph.cut", "OAI.StrongThinTree.MultiGraph.Connected", "OAI.StrongThinTree.MultiGraph.SpanningTree", "OAI.StrongThinTree.MultiGraph.EdgeConnected", "OAI.CurrentKS.frame", "OAI.CurrentKS.encodeNat", "OAI.CurrentKS.StackAction", "OAI.CurrentKS.StackAction.apply", "OAI.CurrentKS.Instruction", "OAI.CurrentKS.Instruction.halt", "OAI.CurrentKS.Machine", "OAI.CurrentKS.Config", "OAI.CurrentKS.topCode", "OAI.CurrentKS.headsCode", "OAI.CurrentKS.Machine.step", "OAI.CurrentKS.Machine.init", "OAI.CurrentKS.Machine.run", "OAI.AlgorithmicThinTrees.ExplicitInput", "OAI.AlgorithmicThinTrees.BinaryInput", "OAI.AlgorithmicThinTrees.BinaryInput.Edge", "OAI.AlgorithmicThinTrees.BinaryInput.edgeEquiv", "OAI.AlgorithmicThinTrees.BinaryInput.graph", "OAI.AlgorithmicThinTrees.Input", "OAI.AlgorithmicThinTrees.ExplicitInput.encode", "OAI.AlgorithmicThinTrees.BinaryInput.encode", "OAI.AlgorithmicThinTrees.Input.encode", "OAI.AlgorithmicThinTrees.Input.length", "OAI.AlgorithmicThinTrees.Input.n", "OAI.AlgorithmicThinTrees.Valid", "OAI.AlgorithmicThinTrees.ThinTree", "OAI.AlgorithmicThinTrees.ExplicitInput.encodeEdges", "OAI.AlgorithmicThinTrees.BinaryInput.encodeEdges", "OAI.AlgorithmicThinTrees.BinaryInput.selected", "OAI.AlgorithmicThinTrees.TreeOutput", "OAI.AlgorithmicThinTrees.GoodOutput", "OAI.AlgorithmicThinTrees.AlgorithmicStrongThinTrees"], "json_theorems": ["OAI.AlgorithmicThinTrees.algorithmic_strong_thin_trees"], "missing_from_parse": []}
TYPES/DEFS DIFFER AlgorithmicThinTrees
1,5d0
< /Users/shannon/cc/math/math/lean/Scratch/Challenge_AlgorithmicThinTrees.lean:191:8:
< warning:
< declaration
< uses
< `sorry`
AXIOMS: 'OAI.AlgorithmicThinTrees.algorithmic_strong_thin_trees' depends on axioms: [propext, Classical.choice, Quot.sound] 
== end=2026-10-09T13:01:02Z
