== AmplitudeDamping  module=OAI.InformationTheory.AmplitudeDamping.Main  start=2026-10-09T14:48:49Z
warning: PrimeNumberTheoremAnd: repository '/Users/shannon/cc/math/math/lean/.lake/packages/PrimeNumberTheoremAnd' has local changes
warning: belyi: repository '/Users/shannon/cc/math/math/lean/.lake/packages/belyi' has local changes
warning: formal-schemes: repository '/Users/shannon/cc/math/math/lean/.lake/packages/formal-schemes' has local changes
warning: elliptic-curves: repository '/Users/shannon/cc/math/math/lean/.lake/packages/elliptic-curves' has local changes
warning: tempered-fundamental-groups: repository '/Users/shannon/cc/math/math/lean/.lake/packages/tempered-fundamental-groups' has local changes
warning: oka: repository '/Users/shannon/cc/math/math/lean/.lake/packages/oka' has local changes
warning: orbicurve-cores: repository '/Users/shannon/cc/math/math/lean/.lake/packages/orbicurve-cores' has local changes
warning: pi1: repository '/Users/shannon/cc/math/math/lean/.lake/packages/pi1' has local changes
warning: heights: repository '/Users/shannon/cc/math/math/lean/.lake/packages/heights' has local changes
warning: genl: repository '/Users/shannon/cc/math/math/lean/.lake/packages/genl' has local changes
warning: tate-curves-theta: repository '/Users/shannon/cc/math/math/lean/.lake/packages/tate-curves-theta' has local changes
warning: iut: repository '/Users/shannon/cc/math/math/lean/.lake/packages/iut' has local changes
warning: gromov: repository '/Users/shannon/cc/math/math/lean/.lake/packages/gromov' has local changes
warning: SphereEversion: repository '/Users/shannon/cc/math/math/lean/.lake/packages/SphereEversion' has local changes
warning: schoenflies-lean: repository '/Users/shannon/cc/math/math/lean/.lake/packages/schoenflies-lean' has local changes
warning: ClassFieldTheory: repository '/Users/shannon/cc/math/math/lean/.lake/packages/ClassFieldTheory' has local changes
warning: AINTLIB: repository '/Users/shannon/cc/math/math/lean/.lake/packages/AINTLIB' has local changes
warning: AbsorptionCutoff: repository '/Users/shannon/cc/math/math/lean/.lake/packages/AbsorptionCutoff' has local changes
warning: StrongPNT: repository '/Users/shannon/cc/math/math/lean/.lake/packages/StrongPNT' has local changes
warning: carleson: repository '/Users/shannon/cc/math/math/lean/.lake/packages/carleson' has local changes
warning: rellich-kondrachov: repository '/Users/shannon/cc/math/math/lean/.lake/packages/rellich-kondrachov' has local changes
warning: Zeta3Irrational: repository '/Users/shannon/cc/math/math/lean/.lake/packages/Zeta3Irrational' has local changes
warning: fixed-point-theorems: repository '/Users/shannon/cc/math/math/lean/.lake/packages/fixed-point-theorems' has local changes
✔ [8924/8958] Built OAI.InformationTheory.AmplitudeDamping.Model (5.6s)
✔ [8925/8958] Built OAI.InformationTheory.AmplitudeDamping.SequentialProjections (5.8s)
✔ [8926/8958] Built OAI.InformationTheory.AmplitudeDamping.Channel (6.4s)
✔ [8927/8958] Built OAI.InformationTheory.AmplitudeDamping.MatrixDifferentiation (6.7s)
✔ [8928/8958] Built OAI.InformationTheory.AmplitudeDamping.LogDetConvexity (6.4s)
✔ [8929/8958] Built OAI.InformationTheory.AmplitudeDamping.SpectralEntropy (6.3s)
✔ [8930/8958] Built OAI.InformationTheory.AmplitudeDamping.LogDetEntropy (5.6s)
✔ [8931/8958] Built OAI.InformationTheory.AmplitudeDamping.Pinching (5.7s)
✔ [8932/8958] Built OAI.InformationTheory.AmplitudeDamping.GramMatrices (5.0s)
✔ [8933/8958] Built OAI.InformationTheory.AmplitudeDamping.ScalarDeficit (6.5s)
✔ [8934/8958] Built OAI.InformationTheory.AmplitudeDamping.ZeroBlockEntropy (6.7s)
✔ [8935/8958] Built OAI.InformationTheory.AmplitudeDamping.ThermalEntropy (7.0s)
✔ [8936/8958] Built OAI.InformationTheory.AmplitudeDamping.OutputConvexity (6.3s)
✔ [8937/8958] Built OAI.InformationTheory.AmplitudeDamping.TensorEntropy (6.0s)
✔ [8938/8958] Built OAI.InformationTheory.AmplitudeDamping.PureRecursion (6.2s)
✔ [8939/8958] Built OAI.InformationTheory.AmplitudeDamping.StateEntropy (5.7s)
✔ [8940/8958] Built OAI.InformationTheory.AmplitudeDamping.EntropyContinuity (8.4s)
✔ [8941/8958] Built OAI.InformationTheory.AmplitudeDamping.BlockFactors (6.2s)
✔ [8942/8958] Built OAI.InformationTheory.AmplitudeDamping.Naimark (5.8s)
✔ [8943/8958] Built OAI.InformationTheory.AmplitudeDamping.HolevoInformation (5.6s)
✔ [8944/8958] Built OAI.InformationTheory.AmplitudeDamping.OutputEntropy (5.6s)
✔ [8945/8958] Built OAI.InformationTheory.AmplitudeDamping.EnsembleBounds (5.7s)
✔ [8946/8958] Built OAI.InformationTheory.AmplitudeDamping.PhaseStates (6.1s)
✔ [8947/8958] Built OAI.InformationTheory.AmplitudeDamping.PhaseProducts (5.7s)
✔ [8948/8958] Built OAI.InformationTheory.AmplitudeDamping.Holevo (5.2s)
✔ [8949/8958] Built OAI.InformationTheory.AmplitudeDamping.CapacityConverse (6.4s)
✔ [8950/8958] Built OAI.InformationTheory.AmplitudeDamping.SequentialMatrices (5.6s)
✔ [8951/8958] Built OAI.InformationTheory.AmplitudeDamping.TypicalSets (5.6s)
✔ [8952/8958] Built OAI.InformationTheory.AmplitudeDamping.TypicalProjectors (5.6s)
✔ [8953/8958] Built OAI.InformationTheory.AmplitudeDamping.SequentialDecoder (5.5s)
✔ [8954/8958] Built OAI.InformationTheory.AmplitudeDamping.FinitePacking (5.7s)
✔ [8955/8958] Built OAI.InformationTheory.AmplitudeDamping.PhaseCoding (6.5s)
✔ [8956/8958] Built OAI.InformationTheory.AmplitudeDamping.CodingAsymptotics (5.3s)
✔ [8957/8958] Built OAI.InformationTheory.AmplitudeDamping.CapacityAchievability (5.2s)
✔ [8958/8958] Built OAI.InformationTheory.AmplitudeDamping.Main (5.1s)
Build completed successfully (8958 jobs).
== build rc=0 seconds=218
{"theorems": ["OAI.GAD.main"], "defs": ["OAI.GAD.Basis", "OAI.GAD.QMatrix", "OAI.GAD.entropy", "OAI.GAD.IsState", "OAI.GAD.kraus", "OAI.GAD.tensorKraus", "OAI.GAD.channel", "OAI.GAD.Ensemble", "OAI.GAD.ensembleValue", "OAI.GAD.holevo", "OAI.GAD.Code", "OAI.GAD.averageError", "OAI.GAD.Achievable", "OAI.GAD.capacity", "OAI.GAD.g", "OAI.GAD.v", "OAI.GAD.objective", "OAI.GAD.Maximizes", "OAI.GAD.phaseSignal", "OAI.GAD.phaseProduct", "OAI.GAD.phaseState", "OAI.GAD.phaseValue"], "json_theorems": ["OAI.GAD.main"], "missing_from_parse": []}
TYPES/DEFS DIFFER AmplitudeDamping
1,5d0
< /Users/shannon/cc/math/math/lean/Scratch/Challenge_AmplitudeDamping.lean:113:8:
< warning:
< declaration
< uses
< `sorry`
AXIOMS: 'OAI.GAD.main' depends on axioms: [propext, Classical.choice, Quot.sound] 
== end=2026-10-09T14:52:47Z
