== AsymptoticallyMinimalLittlewood  module=OAI.Analysis.Littlewood.Main  start=2026-10-08T10:45:37Z
warning: PrimeNumberTheoremAnd: repository '/Users/shannon/cc/math/math/lean/.lake/packages/PrimeNumberTheoremAnd' has local changes
warning: belyi: repository '/Users/shannon/cc/math/math/lean/.lake/packages/belyi' has local changes
warning: formal-schemes: repository '/Users/shannon/cc/math/math/lean/.lake/packages/formal-schemes' has local changes
warning: elliptic-curves: repository '/Users/shannon/cc/math/math/lean/.lake/packages/elliptic-curves' has local changes
warning: tempered-fundamental-groups: repository '/Users/shannon/cc/math/math/lean/.lake/packages/tempered-fundamental-groups' has local changes
warning: oka: repository '/Users/shannon/cc/math/math/lean/.lake/packages/oka' has local changes
warning: orbicurve-cores: repository '/Users/shannon/cc/math/math/lean/.lake/packages/orbicurve-cores' has local changes
warning: pi1: repository '/Users/shannon/cc/math/math/lean/.lake/packages/pi1' has local changes
warning: heights: repository '/Users/shannon/cc/math/math/lean/.lake/packages/heights' has local changes
warning: genl: repository '/Users/shannon/cc/math/math/lean/.lake/packages/genl' has local changes
warning: tate-curves-theta: repository '/Users/shannon/cc/math/math/lean/.lake/packages/tate-curves-theta' has local changes
warning: iut: repository '/Users/shannon/cc/math/math/lean/.lake/packages/iut' has local changes
warning: gromov: repository '/Users/shannon/cc/math/math/lean/.lake/packages/gromov' has local changes
warning: SphereEversion: repository '/Users/shannon/cc/math/math/lean/.lake/packages/SphereEversion' has local changes
warning: schoenflies-lean: repository '/Users/shannon/cc/math/math/lean/.lake/packages/schoenflies-lean' has local changes
warning: ClassFieldTheory: repository '/Users/shannon/cc/math/math/lean/.lake/packages/ClassFieldTheory' has local changes
warning: AINTLIB: repository '/Users/shannon/cc/math/math/lean/.lake/packages/AINTLIB' has local changes
warning: AbsorptionCutoff: repository '/Users/shannon/cc/math/math/lean/.lake/packages/AbsorptionCutoff' has local changes
warning: StrongPNT: repository '/Users/shannon/cc/math/math/lean/.lake/packages/StrongPNT' has local changes
warning: carleson: repository '/Users/shannon/cc/math/math/lean/.lake/packages/carleson' has local changes
warning: rellich-kondrachov: repository '/Users/shannon/cc/math/math/lean/.lake/packages/rellich-kondrachov' has local changes
warning: Zeta3Irrational: repository '/Users/shannon/cc/math/math/lean/.lake/packages/Zeta3Irrational' has local changes
warning: fixed-point-theorems: repository '/Users/shannon/cc/math/math/lean/.lake/packages/fixed-point-theorems' has local changes
✔ [8924/8947] Built OAI.Analysis.Littlewood.Model (6.9s)
✔ [8925/8947] Built OAI.Analysis.Littlewood.Gaussian (9.5s)
✔ [8926/8947] Built OAI.Analysis.Littlewood.Rounding (15s)
✔ [8927/8947] Built OAI.Analysis.Littlewood.BinaryPacket (10s)
✔ [8928/8947] Built OAI.Analysis.Littlewood.Curvature (8.0s)
✔ [8929/8947] Built OAI.Analysis.Littlewood.Cutoff (7.2s)
✔ [8930/8947] Built OAI.Analysis.Littlewood.QuadraticTail (9.9s)
✔ [8931/8947] Built OAI.Analysis.Littlewood.Spreading (14s)
✔ [8932/8947] Built OAI.Analysis.Littlewood.ProductProbability (9.8s)
✔ [8933/8947] Built OAI.Analysis.Littlewood.Nibble (21s)
✔ [8934/8947] Built OAI.Analysis.Littlewood.Matching (8.9s)
✔ [8935/8947] Built OAI.Analysis.Littlewood.Averages (8.1s)
✔ [8936/8947] Built OAI.Analysis.Littlewood.FiniteRank (8.8s)
✔ [8937/8947] Built OAI.Analysis.Littlewood.Chunks (9.8s)
✔ [8938/8947] Built OAI.Analysis.Littlewood.DependentMoments (9.9s)
✔ [8939/8947] Built OAI.Analysis.Littlewood.SlotGraph (8.7s)
✔ [8940/8947] Built OAI.Analysis.Littlewood.SlotParameters (8.9s)
✔ [8941/8947] Built OAI.Analysis.Littlewood.IntervalPacking (15s)
✔ [8942/8947] Built OAI.Analysis.Littlewood.SamplingTail (10s)
✔ [8943/8947] Built OAI.Analysis.Littlewood.SamplingEnergy (8.5s)
✔ [8944/8947] Built OAI.Analysis.Littlewood.ModeSampling (8.2s)
✔ [8945/8947] Built OAI.Analysis.Littlewood.BlockSampling (11s)
✔ [8946/8947] Built OAI.Analysis.Littlewood.AlmostSign (8.5s)
✔ [8947/8947] Built OAI.Analysis.Littlewood.Main (8.3s)
Build completed successfully (8947 jobs).
== build rc=0 seconds=258
{"theorems": ["OAI.AsymptoticallyMinimalLittlewood.main"], "defs": ["OAI.AsymptoticallyMinimalLittlewood.littlewoodValue", "OAI.AsymptoticallyMinimalLittlewood.IsRealSigning", "OAI.AsymptoticallyMinimalLittlewood.MainStatement"], "json_theorems": ["OAI.AsymptoticallyMinimalLittlewood.main"], "missing_from_parse": []}
TYPES/DEFS DIFFER AsymptoticallyMinimalLittlewood
1,5d0
< /Users/shannon/cc/math/math/lean/Scratch/Challenge_AsymptoticallyMinimalLittlewood.lean:18:8:
< warning:
< declaration
< uses
< `sorry`
AXIOMS: 'OAI.AsymptoticallyMinimalLittlewood.main' depends on axioms: [propext, Classical.choice, Quot.sound] 
== end=2026-10-08T10:50:20Z
