== BassTrace  module=OAI.RingTheory.BassTrace.Main  start=2026-10-09T03:11:34Z
warning: PrimeNumberTheoremAnd: repository '/Users/shannon/cc/math/math/lean/.lake/packages/PrimeNumberTheoremAnd' has local changes
warning: belyi: repository '/Users/shannon/cc/math/math/lean/.lake/packages/belyi' has local changes
warning: formal-schemes: repository '/Users/shannon/cc/math/math/lean/.lake/packages/formal-schemes' has local changes
warning: elliptic-curves: repository '/Users/shannon/cc/math/math/lean/.lake/packages/elliptic-curves' has local changes
warning: tempered-fundamental-groups: repository '/Users/shannon/cc/math/math/lean/.lake/packages/tempered-fundamental-groups' has local changes
warning: oka: repository '/Users/shannon/cc/math/math/lean/.lake/packages/oka' has local changes
warning: orbicurve-cores: repository '/Users/shannon/cc/math/math/lean/.lake/packages/orbicurve-cores' has local changes
warning: pi1: repository '/Users/shannon/cc/math/math/lean/.lake/packages/pi1' has local changes
warning: heights: repository '/Users/shannon/cc/math/math/lean/.lake/packages/heights' has local changes
warning: genl: repository '/Users/shannon/cc/math/math/lean/.lake/packages/genl' has local changes
warning: tate-curves-theta: repository '/Users/shannon/cc/math/math/lean/.lake/packages/tate-curves-theta' has local changes
warning: iut: repository '/Users/shannon/cc/math/math/lean/.lake/packages/iut' has local changes
warning: gromov: repository '/Users/shannon/cc/math/math/lean/.lake/packages/gromov' has local changes
warning: SphereEversion: repository '/Users/shannon/cc/math/math/lean/.lake/packages/SphereEversion' has local changes
warning: schoenflies-lean: repository '/Users/shannon/cc/math/math/lean/.lake/packages/schoenflies-lean' has local changes
warning: ClassFieldTheory: repository '/Users/shannon/cc/math/math/lean/.lake/packages/ClassFieldTheory' has local changes
warning: AINTLIB: repository '/Users/shannon/cc/math/math/lean/.lake/packages/AINTLIB' has local changes
warning: AbsorptionCutoff: repository '/Users/shannon/cc/math/math/lean/.lake/packages/AbsorptionCutoff' has local changes
warning: StrongPNT: repository '/Users/shannon/cc/math/math/lean/.lake/packages/StrongPNT' has local changes
warning: carleson: repository '/Users/shannon/cc/math/math/lean/.lake/packages/carleson' has local changes
warning: rellich-kondrachov: repository '/Users/shannon/cc/math/math/lean/.lake/packages/rellich-kondrachov' has local changes
warning: Zeta3Irrational: repository '/Users/shannon/cc/math/math/lean/.lake/packages/Zeta3Irrational' has local changes
warning: fixed-point-theorems: repository '/Users/shannon/cc/math/math/lean/.lake/packages/fixed-point-theorems' has local changes
Build completed successfully (8992 jobs).
== build rc=0 seconds=13
{"theorems": ["OAI.BassTrace.RightProjective.bassTraceModules_vanishing_and_support"], "defs": ["OAI.BassTrace.classCoefficient", "OAI.BassTrace.K0.Idempotent", "OAI.BassTrace.K0.directSum", "OAI.BassTrace.K0.relationGenerators", "OAI.BassTrace.K0.relations", "OAI.BassTrace.K0.Group", "OAI.BassTrace.K0.classOf", "OAI.BassTrace.K0.rawCoefficient", "OAI.BassTrace.K0.classTrace", "OAI.BassTrace.K0.rawTrace", "OAI.BassTrace.K0.HattoriStallings", "OAI.BassTrace.RightProjective.unopTranspose", "OAI.BassTrace.RightProjective.rightMatrix", "OAI.BassTrace.RightProjective.Retraction", "OAI.BassTrace.RightProjective.Retraction.idempotent", "OAI.BassTrace.RightProjective.Retraction.transport", "OAI.BassTrace.RightProjective.freeSplit", "OAI.BassTrace.RightProjective.Retraction.prod", "OAI.BassTrace.RightProjective.Object", "OAI.BassTrace.RightProjective.Object.prod", "OAI.BassTrace.RightProjective.Object.retraction", "OAI.BassTrace.RightProjective.Object.presentationClass", "OAI.BassTrace.RightProjective.moduleRelationGenerators", "OAI.BassTrace.RightProjective.moduleRelations", "OAI.BassTrace.RightProjective.ModuleK0", "OAI.BassTrace.RightProjective.rawPresentation", "OAI.BassTrace.RightProjective.presentation", "OAI.BassTrace.RightProjective.HattoriStallings"], "json_theorems": ["OAI.BassTrace.RightProjective.bassTraceModules_vanishing_and_support"], "missing_from_parse": []}
TYPES/DEFS DIFFER BassTrace
1,5d0
< /Users/shannon/cc/math/math/lean/Scratch/Challenge_BassTrace.lean:470:8:
< warning:
< declaration
< uses
< `sorry`
50a46,47
> Classical.choice,
> Quot.sound]
AXIOMS: 'OAI.BassTrace.RightProjective.bassTraceModules_vanishing_and_support' depends on axioms: [propext, 
== end=2026-10-09T03:12:08Z
