== BassTorsionFree  module=OAI.RingTheory.BassTrace.TorsionFree  start=2026-10-09T03:01:22Z
warning: PrimeNumberTheoremAnd: repository '/Users/shannon/cc/math/math/lean/.lake/packages/PrimeNumberTheoremAnd' has local changes
warning: belyi: repository '/Users/shannon/cc/math/math/lean/.lake/packages/belyi' has local changes
warning: formal-schemes: repository '/Users/shannon/cc/math/math/lean/.lake/packages/formal-schemes' has local changes
warning: elliptic-curves: repository '/Users/shannon/cc/math/math/lean/.lake/packages/elliptic-curves' has local changes
warning: tempered-fundamental-groups: repository '/Users/shannon/cc/math/math/lean/.lake/packages/tempered-fundamental-groups' has local changes
warning: oka: repository '/Users/shannon/cc/math/math/lean/.lake/packages/oka' has local changes
warning: orbicurve-cores: repository '/Users/shannon/cc/math/math/lean/.lake/packages/orbicurve-cores' has local changes
warning: pi1: repository '/Users/shannon/cc/math/math/lean/.lake/packages/pi1' has local changes
warning: heights: repository '/Users/shannon/cc/math/math/lean/.lake/packages/heights' has local changes
warning: genl: repository '/Users/shannon/cc/math/math/lean/.lake/packages/genl' has local changes
warning: tate-curves-theta: repository '/Users/shannon/cc/math/math/lean/.lake/packages/tate-curves-theta' has local changes
warning: iut: repository '/Users/shannon/cc/math/math/lean/.lake/packages/iut' has local changes
warning: gromov: repository '/Users/shannon/cc/math/math/lean/.lake/packages/gromov' has local changes
warning: SphereEversion: repository '/Users/shannon/cc/math/math/lean/.lake/packages/SphereEversion' has local changes
warning: schoenflies-lean: repository '/Users/shannon/cc/math/math/lean/.lake/packages/schoenflies-lean' has local changes
warning: ClassFieldTheory: repository '/Users/shannon/cc/math/math/lean/.lake/packages/ClassFieldTheory' has local changes
warning: AINTLIB: repository '/Users/shannon/cc/math/math/lean/.lake/packages/AINTLIB' has local changes
warning: AbsorptionCutoff: repository '/Users/shannon/cc/math/math/lean/.lake/packages/AbsorptionCutoff' has local changes
warning: StrongPNT: repository '/Users/shannon/cc/math/math/lean/.lake/packages/StrongPNT' has local changes
warning: carleson: repository '/Users/shannon/cc/math/math/lean/.lake/packages/carleson' has local changes
warning: rellich-kondrachov: repository '/Users/shannon/cc/math/math/lean/.lake/packages/rellich-kondrachov' has local changes
warning: Zeta3Irrational: repository '/Users/shannon/cc/math/math/lean/.lake/packages/Zeta3Irrational' has local changes
warning: fixed-point-theorems: repository '/Users/shannon/cc/math/math/lean/.lake/packages/fixed-point-theorems' has local changes
✔ [8924/8996] Built OAI.RingTheory.BassTrace.TraceCoefficients (20s)
✔ [8925/8996] Built OAI.RingTheory.BassTrace.CoefficientDescent (21s)
✔ [8926/8996] Built OAI.RingTheory.BassTrace.ExteriorChains (13s)
✔ [8927/8996] Built OAI.RingTheory.BassTrace.Definitions (16s)
✔ [8928/8996] Built OAI.RingTheory.BassTrace.RegularRepresentation (37s)
✔ [8929/8996] Built OAI.RingTheory.BassTrace.Incidence (10s)
✔ [8930/8996] Built OAI.RingTheory.BassTrace.FacetGeometry (7.5s)
✔ [8931/8996] Built OAI.RingTheory.BassTrace.FundamentalChains (7.8s)
✔ [8932/8996] Built OAI.RingTheory.BassTrace.ChainMaps (11s)
✔ [8933/8996] Built OAI.RingTheory.BassTrace.BarycentricChains (8.8s)
✔ [8934/8996] Built OAI.RingTheory.BassTrace.Coning (7.7s)
✔ [8935/8996] Built OAI.RingTheory.BassTrace.FiniteCells (12s)
✔ [8936/8996] Built OAI.RingTheory.BassTrace.CellTriangulation (7.4s)
✔ [8937/8996] Built OAI.RingTheory.BassTrace.CanonicalCells (7.5s)
✔ [8938/8996] Built OAI.RingTheory.BassTrace.CutNaturality (8.4s)
✔ [8939/8996] Built OAI.RingTheory.BassTrace.DirectedCuts (6.9s)
✔ [8940/8996] Built OAI.RingTheory.BassTrace.LocalCuts (6.8s)
✔ [8941/8996] Built OAI.RingTheory.BassTrace.GeometricSubcomplexes (6.7s)
✔ [8942/8996] Built OAI.RingTheory.BassTrace.Subdivisions (6.4s)
✔ [8943/8996] Built OAI.RingTheory.BassTrace.MarkedSubdivisions (6.5s)
✔ [8944/8996] Built OAI.RingTheory.BassTrace.ActivatedUnions (6.2s)
✔ [8945/8996] Built OAI.RingTheory.BassTrace.TransportMetric (5.6s)
✔ [8946/8996] Built OAI.RingTheory.BassTrace.AffinePotentials (6.1s)
✔ [8947/8996] Built OAI.RingTheory.BassTrace.NormedVectors (5.7s)
✔ [8948/8996] Built OAI.RingTheory.BassTrace.ProbabilityGeometry (5.6s)
✔ [8949/8996] Built OAI.RingTheory.BassTrace.GraphRealization (5.8s)
✔ [8950/8996] Built OAI.RingTheory.BassTrace.OrbitForms (6.8s)
✔ [8951/8996] Built OAI.RingTheory.BassTrace.BallGeometry (6.3s)
✔ [8952/8996] Built OAI.RingTheory.BassTrace.AdmissibleCuts (6.6s)
✔ [8953/8996] Built OAI.RingTheory.BassTrace.SimplexVolume (5.3s)
✔ [8954/8996] Built OAI.RingTheory.BassTrace.TreeDeterminants (5.8s)
✔ [8955/8996] Built OAI.RingTheory.BassTrace.TreeArea (6.1s)
✔ [8956/8996] Built OAI.RingTheory.BassTrace.MarkedArea (6.3s)
✔ [8957/8996] Built OAI.RingTheory.BassTrace.EquivariantSurgery (6.4s)
✔ [8958/8996] Built OAI.RingTheory.BassTrace.BallReplacement (7.5s)
✔ [8959/8996] Built OAI.RingTheory.BassTrace.SimplexMeasures (6.8s)
✔ [8960/8996] Built OAI.RingTheory.BassTrace.OrbitAreas (6.6s)
✔ [8961/8996] Built OAI.RingTheory.BassTrace.AreaSurgery (6.4s)
✔ [8962/8996] Built OAI.RingTheory.BassTrace.AffineCoarea (6.3s)
✔ [8963/8996] Built OAI.RingTheory.BassTrace.HausdorffArea (8.5s)
✔ [8964/8996] Built OAI.RingTheory.BassTrace.SimplexCoordinates (7.3s)
✔ [8965/8996] Built OAI.RingTheory.BassTrace.MeasurableSlices (9.3s)
✔ [8966/8996] Built OAI.RingTheory.BassTrace.BallComparison (8.8s)
✔ [8967/8996] Built OAI.RingTheory.BassTrace.GraphCounting (8.1s)
✔ [8968/8996] Built OAI.RingTheory.BassTrace.VolumeBounds (8.2s)
✔ [8969/8996] Built OAI.RingTheory.BassTrace.BallMass (9.3s)
✔ [8970/8996] Built OAI.RingTheory.BassTrace.ZeroStrata (10s)
✔ [8971/8996] Built OAI.RingTheory.BassTrace.FaceFiltration (7.5s)
✔ [8972/8996] Built OAI.RingTheory.BassTrace.SupportGeometry (6.6s)
✔ [8973/8996] Built OAI.RingTheory.BassTrace.ZeroCarriers (6.1s)
✔ [8974/8996] Built OAI.RingTheory.BassTrace.FiniteAverages (6.8s)
✔ [8975/8996] Built OAI.RingTheory.BassTrace.ClosedPaths (6.9s)
✔ [8976/8996] Built OAI.RingTheory.BassTrace.PathWeights (6.9s)
✔ [8977/8996] Built OAI.RingTheory.BassTrace.ExteriorDetector (8.7s)
✔ [8978/8996] Built OAI.RingTheory.BassTrace.PfaffianDetector (6.9s)
✔ [8979/8996] Built OAI.RingTheory.BassTrace.RelativeExponents (7.5s)
✔ [8980/8996] Built OAI.RingTheory.BassTrace.TwistedPaths (6.1s)
✔ [8981/8996] Built OAI.RingTheory.BassTrace.PathComplex (6.5s)
✔ [8982/8996] Built OAI.RingTheory.BassTrace.CentralizerGeometry (5.8s)
✔ [8983/8996] Built OAI.RingTheory.BassTrace.FreeParameters (7.8s)
✔ [8984/8996] Built OAI.RingTheory.BassTrace.FiniteGenerators (5.6s)
✔ [8985/8996] Built OAI.RingTheory.BassTrace.SubdivisionWeights (7.5s)
✔ [8986/8996] Built OAI.RingTheory.BassTrace.SparseChains (6.6s)
✔ [8987/8996] Built OAI.RingTheory.BassTrace.AveragedChains (7.5s)
✔ [8988/8996] Built OAI.RingTheory.BassTrace.BarycentricBounds (7.4s)
✔ [8989/8996] Built OAI.RingTheory.BassTrace.SparseBounds (8.3s)
✔ [8990/8996] Built OAI.RingTheory.BassTrace.MatrixVanishing (6.5s)
✔ [8991/8996] Built OAI.RingTheory.BassTrace.MatrixK0 (5.7s)
✔ [8992/8996] Built OAI.RingTheory.BassTrace.RightRetractions (6.1s)
✔ [8993/8996] Built OAI.RingTheory.BassTrace.ModuleK0 (5.5s)
✔ [8994/8996] Built OAI.RingTheory.BassTrace.Main (5.2s)
✔ [8995/8996] Built OAI.RingTheory.BassTrace.TraceRank (5.8s)
✔ [8996/8996] Built OAI.RingTheory.BassTrace.TorsionFree (5.5s)
Build completed successfully (8996 jobs).
== build rc=0 seconds=528
{"theorems": ["OAI.BassTrace.classCoefficient_zero", "OAI.BassTrace.classCoefficient_single", "OAI.BassTrace.classCoefficient_add", "OAI.BassTrace.classCoefficient_smul", "OAI.BassTrace.classCoefficient_sum", "OAI.BassTrace.classCoefficient_mul_comm", "OAI.BassTrace.classCoefficient_matrix_mul_comm", "OAI.BassTrace.K0.trace_reindex", "OAI.BassTrace.K0.trace_directSum", "OAI.BassTrace.K0.relations_in_kernel", "OAI.TorsionFreeBass.augmentedMatrix_mul", "OAI.TorsionFreeBass.augmentedMatrix_trace", "OAI.TorsionFreeBass.idempotent_matrix_trace_eq_rank", "OAI.TorsionFreeBass.rawAugmentationRank_of", "OAI.TorsionFreeBass.augmentationRank_relations", "OAI.TorsionFreeBass.traceK0_relations", "OAI.TorsionFreeBass.torsion_free_corollary"], "defs": ["OAI.BassTrace.classCoefficient", "OAI.BassTrace.K0.Idempotent", "OAI.BassTrace.K0.directSum", "OAI.BassTrace.K0.relationGenerators", "OAI.BassTrace.K0.relations", "OAI.BassTrace.K0.Group", "OAI.BassTrace.K0.rawCoefficient", "OAI.BassTrace.K0.hsCoefficient", "OAI.TorsionFreeBass.TorsionFree", "OAI.TorsionFreeBass.augmentation", "OAI.TorsionFreeBass.canonicalTrace", "OAI.TorsionFreeBass.matrixTrace", "OAI.TorsionFreeBass.augmentedMatrix", "OAI.TorsionFreeBass.rawAugmentationRank", "OAI.TorsionFreeBass.augmentationRank", "OAI.TorsionFreeBass.traceK0"], "json_theorems": ["OAI.TorsionFreeBass.torsion_free_corollary"], "missing_from_parse": []}
TYPES/DEFS DIFFER BassTorsionFree
1,5d0
< /Users/shannon/cc/math/math/lean/Scratch/Challenge_BassTorsionFree.lean:299:8:
< warning:
< declaration
< uses
< `sorry`
AXIOMS: 'OAI.TorsionFreeBass.torsion_free_corollary' depends on axioms: [propext, Classical.choice, Quot.sound] 
== end=2026-10-09T03:10:57Z
