== BenjaminiSchramm  module=OAI.Probability.BenjaminiSchramm.Main  start=2026-10-09T06:10:31Z
warning: PrimeNumberTheoremAnd: repository '/Users/shannon/cc/math/math/lean/.lake/packages/PrimeNumberTheoremAnd' has local changes
warning: belyi: repository '/Users/shannon/cc/math/math/lean/.lake/packages/belyi' has local changes
warning: formal-schemes: repository '/Users/shannon/cc/math/math/lean/.lake/packages/formal-schemes' has local changes
warning: elliptic-curves: repository '/Users/shannon/cc/math/math/lean/.lake/packages/elliptic-curves' has local changes
warning: tempered-fundamental-groups: repository '/Users/shannon/cc/math/math/lean/.lake/packages/tempered-fundamental-groups' has local changes
warning: oka: repository '/Users/shannon/cc/math/math/lean/.lake/packages/oka' has local changes
warning: orbicurve-cores: repository '/Users/shannon/cc/math/math/lean/.lake/packages/orbicurve-cores' has local changes
warning: pi1: repository '/Users/shannon/cc/math/math/lean/.lake/packages/pi1' has local changes
warning: heights: repository '/Users/shannon/cc/math/math/lean/.lake/packages/heights' has local changes
warning: genl: repository '/Users/shannon/cc/math/math/lean/.lake/packages/genl' has local changes
warning: tate-curves-theta: repository '/Users/shannon/cc/math/math/lean/.lake/packages/tate-curves-theta' has local changes
warning: iut: repository '/Users/shannon/cc/math/math/lean/.lake/packages/iut' has local changes
warning: gromov: repository '/Users/shannon/cc/math/math/lean/.lake/packages/gromov' has local changes
warning: SphereEversion: repository '/Users/shannon/cc/math/math/lean/.lake/packages/SphereEversion' has local changes
warning: schoenflies-lean: repository '/Users/shannon/cc/math/math/lean/.lake/packages/schoenflies-lean' has local changes
warning: ClassFieldTheory: repository '/Users/shannon/cc/math/math/lean/.lake/packages/ClassFieldTheory' has local changes
warning: AINTLIB: repository '/Users/shannon/cc/math/math/lean/.lake/packages/AINTLIB' has local changes
warning: AbsorptionCutoff: repository '/Users/shannon/cc/math/math/lean/.lake/packages/AbsorptionCutoff' has local changes
warning: StrongPNT: repository '/Users/shannon/cc/math/math/lean/.lake/packages/StrongPNT' has local changes
warning: carleson: repository '/Users/shannon/cc/math/math/lean/.lake/packages/carleson' has local changes
warning: rellich-kondrachov: repository '/Users/shannon/cc/math/math/lean/.lake/packages/rellich-kondrachov' has local changes
warning: Zeta3Irrational: repository '/Users/shannon/cc/math/math/lean/.lake/packages/Zeta3Irrational' has local changes
warning: fixed-point-theorems: repository '/Users/shannon/cc/math/math/lean/.lake/packages/fixed-point-theorems' has local changes
✔ [9550/9680] Built OAI.Probability.BenjaminiSchramm.BlockExposure (55s)
✔ [9551/9680] Built OAI.Probability.BenjaminiSchramm.ReciprocalDecay (56s)
✔ [9552/9680] Built OAI.Probability.BenjaminiSchramm.EntropyEvent (55s)
✔ [9553/9680] Built OAI.Probability.BenjaminiSchramm.ReciprocalGrowth (54s)
✔ [9554/9693] Built OAI.Probability.UnimodularPercolation.Graph.Topology (56s)
✔ [9555/9738] Built OAI.Probability.UnimodularPercolation.Criticality.ScaleLimits (57s)
✔ [9556/9739] Built OAI.Probability.BenjaminiSchramm.TiltedMagnetization (57s)
✔ [9557/9739] Built OAI.Probability.UnimodularPercolation.Graph.Basic (59s)
✔ [9558/9792] Built OAI.Probability.BenjaminiSchramm.PrefixMaximumBootstrap (14s)
✔ [9559/9835] Built OAI.Probability.BenjaminiSchramm.PeakSprinklingCost (6.3s)
✔ [9560/9863] Built OAI.Probability.BenjaminiSchramm.ClusterExposure (29s)
✔ [9561/9863] Built OAI.Probability.BenjaminiSchramm.LayerFreshSelection (29s)
✔ [9562/9864] Built OAI.Probability.BenjaminiSchramm.PeakLayerEstimate (29s)
✔ [9563/9864] Built OAI.Probability.BenjaminiSchramm.LayerMomentDecomposition (29s)
✔ [9564/9867] Built OAI.Probability.BenjaminiSchramm.FiniteOrbitStationary (31s)
✔ [9565/9867] Built OAI.Probability.BenjaminiSchramm.TiltedGhost (28s)
✔ [9566/9871] Built OAI.Probability.BenjaminiSchramm.FractionalExponentBootstrap (12s)
✔ [9567/9871] Built OAI.Probability.UnimodularPercolation.Kernel.Bounds (35s)
✔ [9568/9874] Built OAI.Probability.BenjaminiSchramm.FiniteClusterSums (27s)
✔ [9570/9893] Built OAI.Probability.BenjaminiSchramm.FractionalHolder (27s)
✔ [9571/9893] Built OAI.Probability.BenjaminiSchramm.EdgeClosing (28s)
✔ [9572/9893] Built OAI.Probability.BenjaminiSchramm.GhostFan (28s)
✔ [9573/9893] Built OAI.Probability.BenjaminiSchramm.TiltedSusceptibility (25s)
✔ [9574/9893] Built OAI.Probability.BenjaminiSchramm.RestrictedMomentHolder (26s)
✔ [9575/9893] Built OAI.Probability.BenjaminiSchramm.TwoGhost (28s)
✔ [9576/9893] Built OAI.Probability.UnimodularPercolation.ProductMeasure.Association (33s)
✔ [9577/9893] Built OAI.Probability.BenjaminiSchramm.PivotalExposure (28s)
✔ [9578/9893] Built OAI.Probability.BenjaminiSchramm.TiltedGhostSusceptibility (27s)
✔ [9579/9893] Built OAI.Probability.BenjaminiSchramm.TruncatedFractionalSummation (27s)
✔ [9580/9893] Built OAI.Probability.BenjaminiSchramm.FractionalInterpolation (28s)
✔ [9581/9893] Built OAI.Probability.BenjaminiSchramm.WeightedCostRetention (29s)
✔ [9582/9893] Built OAI.Probability.BenjaminiSchramm.GhostField (27s)
✔ [9583/9893] Built OAI.Probability.UnimodularPercolation.Clusters.Uniqueness (27s)
✔ [9584/9893] Built OAI.Probability.BenjaminiSchramm.GhostTiltedTransport (20s)
✔ [9585/9893] Built OAI.Probability.BenjaminiSchramm.RootTiltedGhost (20s)
✔ [9586/9893] Built OAI.Probability.BenjaminiSchramm.GhostCluster (19s)
✔ [9587/9893] Built OAI.Probability.BenjaminiSchramm.GhostAvoidance (20s)
✔ [9588/9893] Built OAI.Probability.UnimodularPercolation.Graph.Paths (21s)
✔ [9589/9893] Built OAI.Probability.BenjaminiSchramm.GhostDerivative (23s)
✔ [9590/9893] Built OAI.Probability.BenjaminiSchramm.RootGhostSums (23s)
✔ [9591/9893] Built OAI.Probability.BenjaminiSchramm.WeightedGhostIncidence (24s)
✔ [9592/9893] Built OAI.Probability.BenjaminiSchramm.GhostDoubleConnection (24s)
✔ [9593/9893] Built OAI.Probability.BenjaminiSchramm.GhostMomentBound (24s)
✔ [9594/9893] Built OAI.Probability.UnimodularPercolation.Kernel.Sprinkling (24s)
✔ [9595/9893] Built OAI.Probability.BenjaminiSchramm.PairedSprinkling (12s)
✔ [9596/9893] Built OAI.Probability.UnimodularPercolation.Criticality.Sharpness (16s)
✔ [9597/9893] Built OAI.Probability.BenjaminiSchramm.SprinklingParameter (12s)
✔ [9598/9893] Built OAI.Probability.UnimodularPercolation.Exploration.Marked (16s)
✔ [9599/9893] Built OAI.Probability.BenjaminiSchramm.ProbeEntropy (16s)
✔ [9600/9893] Built OAI.Probability.UnimodularPercolation.Exploration.Moments (18s)
✔ [9601/9893] Built OAI.Probability.UnimodularPercolation.Kernel.Spectral (55s)
✔ [9602/9893] Built OAI.Probability.UnimodularPercolation.Transport.Haar (10s)
✔ [9603/9893] Built OAI.Probability.UnimodularPercolation.Exploration.Goodness (18s)
✔ [9604/9893] Built OAI.Probability.UnimodularPercolation.Splicing.Geometry (7.8s)
✔ [9605/9893] Built OAI.Probability.UnimodularPercolation.Splicing.GapCodes (7.4s)
✔ [9606/9893] Built OAI.Probability.UnimodularPercolation.Splicing.Replay (6.9s)
✔ [9607/9893] Built OAI.Probability.UnimodularPercolation.Splicing.ReferenceLaws (7.9s)
✔ [9608/9893] Built OAI.Probability.UnimodularPercolation.Splicing.MomentBounds (7.9s)
✔ [9609/9893] Built OAI.Probability.UnimodularPercolation.Transport.TrajectoryMass (7.7s)
✔ [9610/9893] Built OAI.Probability.UnimodularPercolation.Transport.EndpointKernels (8.4s)
✔ [9611/9893] Built OAI.Probability.UnimodularPercolation.Kernel.Amplification (9.6s)
✔ [9612/9893] Built OAI.Probability.UnimodularPercolation.Splicing.EndpointMoments (7.5s)
✔ [9613/9893] Built OAI.Probability.UnimodularPercolation.Kernel.Covariance (8.5s)
✔ [9614/9893] Built OAI.Probability.UnimodularPercolation.Kernel.Connections (9.0s)
✔ [9615/9893] Built OAI.Probability.UnimodularPercolation.Kernel.ScaleBudget (9.0s)
✔ [9616/9893] Built OAI.Probability.UnimodularPercolation.Clusters.Resampling (7.6s)
✔ [9617/9893] Built OAI.Probability.UnimodularPercolation.Clusters.KernelMoments (7.0s)
✔ [9618/9893] Built OAI.Probability.UnimodularPercolation.Clusters.ExteriorMoments (8.1s)
✔ [9619/9893] Built OAI.Probability.UnimodularPercolation.Kernel.DistinctMoments (12s)
✔ [9620/9893] Built OAI.Probability.UnimodularPercolation.Criticality.Susceptibility (8.3s)
✔ [9621/9893] Built OAI.Probability.BenjaminiSchramm.SmallWitness (7.8s)
✔ [9622/9893] Built OAI.Probability.UnimodularPercolation.Exploration.FractionalMoments (10s)
✔ [9623/9893] Built OAI.Probability.UnimodularPercolation.Exploration.TailBounds (11s)
✔ [9624/9893] Built OAI.Probability.BenjaminiSchramm.GhostTail (11s)
✔ [9625/9893] Built OAI.Probability.UnimodularPercolation.TwoCluster.Score (12s)
✔ [9626/9893] Built OAI.Probability.UnimodularPercolation.Clusters.LargeContacts (12s)
✔ [9627/9893] Built OAI.Probability.UnimodularPercolation.Subdivision.Graph (13s)
✔ [9628/9893] Built OAI.Probability.UnimodularPercolation.TwoCluster.Transport (13s)
✔ [9629/9893] Built OAI.Probability.UnimodularPercolation.Kernel.ContactTrace (25s)
✔ [9630/9893] Built OAI.Probability.UnimodularPercolation.TwoCluster.Bounds (13s)
✔ [9631/9893] Built OAI.Probability.UnimodularPercolation.Subdivision.Coupling (13s)
✔ [9632/9893] Built OAI.Probability.UnimodularPercolation.Kernel.RussoRows (13s)
✔ [9633/9893] Built OAI.Probability.UnimodularPercolation.Subdivision.Operator (11s)
✔ [9634/9893] Built OAI.Probability.UnimodularPercolation.Kernel.TraceBounds (15s)
✔ [9635/9893] Built OAI.Probability.BenjaminiSchramm.PublishedConsequences (10s)
✔ [9636/9893] Built OAI.Probability.UnimodularPercolation.Deformation.Corridors (12s)
✔ [9637/9893] Built OAI.Probability.BenjaminiSchramm.EventMeasurability (9.8s)
✔ [9638/9893] Built OAI.Probability.UnimodularPercolation.Criticality.Finiteness (13s)
✔ [9639/9893] Built OAI.Probability.BenjaminiSchramm.GhostVolume (12s)
✔ [9640/9893] Built OAI.Probability.BenjaminiSchramm.GhostCritical (10s)
✔ [9641/9893] Built OAI.Probability.UnimodularPercolation.Deformation.ClusterProducts (32s)
✔ [9642/9893] Built OAI.Probability.BenjaminiSchramm.CriticalSusceptibility (11s)
✔ [9643/9893] Built OAI.Probability.BenjaminiSchramm.SusceptibilityUpper (13s)
✔ [9644/9893] Built OAI.Probability.UnimodularPercolation.Deformation.Derivatives (15s)
✔ [9645/9893] Built OAI.Probability.BenjaminiSchramm.SusceptibilityDerivative (11s)
✔ [9646/9893] Built OAI.Probability.BenjaminiSchramm.SubdivisionGeometry (12s)
✔ [9647/9893] Built OAI.Probability.UnimodularPercolation.Deformation.Calibration (15s)
✔ [9648/9893] Built OAI.Probability.BenjaminiSchramm.DeletionBound (13s)
✔ [9649/9893] Built OAI.Probability.BenjaminiSchramm.SusceptibilityLaw (14s)
✔ [9650/9893] Built OAI.Probability.BenjaminiSchramm.SubdivisionOperator (15s)
✔ [9651/9893] Built OAI.Probability.BenjaminiSchramm.DeletionLoss (11s)
✔ [9652/9893] Built OAI.Probability.UnimodularPercolation.Deformation.AveragedDecrease (22s)
✔ [9653/9893] Built OAI.Probability.BenjaminiSchramm.OpenTriangle (10s)
✔ [9654/9893] Built OAI.Probability.BenjaminiSchramm.KernelDeletionDiagram (9.1s)
✔ [9655/9893] Built OAI.Probability.UnimodularPercolation.Escape.Labels (13s)
✔ [9656/9893] Built OAI.Probability.BenjaminiSchramm.KernelDeletionOperator (11s)
✔ [9657/9893] Built OAI.Probability.UnimodularPercolation.Graph.Automorphisms (11s)
✔ [9658/9893] Built OAI.Probability.UnimodularPercolation.Escape.CollisionTails (18s)
✔ [9659/9893] Built OAI.Probability.BenjaminiSchramm.ExteriorConnection (11s)
✔ [9660/9893] Built OAI.Probability.BenjaminiSchramm.BoundaryMultiplicity (13s)
✔ [9661/9893] Built OAI.Probability.BenjaminiSchramm.KernelExterior (13s)
✔ [9662/9893] Built OAI.Probability.BenjaminiSchramm.ExponentialDecay (17s)
✔ [9663/9893] Built OAI.Probability.UnimodularPercolation.Escape.PositiveEscapes (19s)
✔ [9664/9893] Built OAI.Probability.BenjaminiSchramm.ExteriorExposure (14s)
✔ [9665/9893] Built OAI.Probability.BenjaminiSchramm.PeakComparison (14s)
✔ [9666/9893] Built OAI.Probability.BenjaminiSchramm.Nonunimodular (16s)
✔ [9667/9893] Built OAI.Probability.UnimodularPercolation.Escape.SelectionBounds (22s)
✔ [9668/9893] Built OAI.Probability.BenjaminiSchramm.EventLeftContinuity (16s)
✔ [9669/9893] Built OAI.Probability.BenjaminiSchramm.ExteriorContact (16s)
✔ [9670/9893] Built OAI.Probability.BenjaminiSchramm.GhostBondBK (16s)
✔ [9671/9893] Built OAI.Probability.BenjaminiSchramm.TiltedMoments (16s)
✔ [9672/9893] Built OAI.Probability.UnimodularPercolation.Escape.PathSelection (16s)
✔ [9673/9893] Built OAI.Probability.BenjaminiSchramm.GhostFanBK (13s)
✔ [9674/9893] Built OAI.Probability.BenjaminiSchramm.KernelExteriorBound (13s)
✔ [9675/9893] Built OAI.Probability.BenjaminiSchramm.SubcriticalLayerConvolution (13s)
✔ [9676/9893] Built OAI.Probability.BenjaminiSchramm.GhostPivotalBound (14s)
✔ [9677/9893] Built OAI.Probability.BenjaminiSchramm.GhostPivotalGeometry (14s)
✔ [9678/9893] Built OAI.Probability.BenjaminiSchramm.SmallWalkKernel (14s)
✔ [9679/9893] Built OAI.Probability.UnimodularPercolation.Deformation.FiniteScale (19s)
✔ [9680/9893] Built OAI.Probability.BenjaminiSchramm.GhostPivotalUnion (10s)
✔ [9681/9893] Built OAI.Probability.BenjaminiSchramm.SusceptibilityDerivativeLower (11s)
✔ [9682/9893] Built OAI.Probability.UnimodularPercolation.Criticality.Operator (11s)
✔ [9683/9893] Built OAI.Probability.UnimodularPercolation.Main (7.9s)
✔ [9684/9893] Built OAI.Probability.BenjaminiSchramm.SusceptibilityComparison (8.5s)
✔ [9685/9893] Built OAI.Probability.BenjaminiSchramm.OperatorGap (6.5s)
✔ [9686/9893] Built OAI.Probability.BenjaminiSchramm.Consequences (5.9s)
✔ [9687/9893] Built OAI.Probability.BenjaminiSchramm.SubdivisionConsequences (6.3s)
✔ [9688/9893] Built OAI.Probability.BenjaminiSchramm.FullConclusion (5.6s)
✔ [9689/9893] Built OAI.Probability.BenjaminiSchramm.Cayley (5.6s)
✔ [9690/9893] Built OAI.Probability.BenjaminiSchramm.CayleyInputs (6.9s)
✔ [9691/9893] Built OAI.Probability.BenjaminiSchramm.PhaseInput (7.1s)
✔ [9692/9893] Built OAI.Probability.BenjaminiSchramm.CayleyCritical (8.5s)
✔ [9693/9893] Built OAI.Probability.BenjaminiSchramm.CriticalFiniteness (8.6s)
✔ [9694/9893] Built OAI.Probability.BenjaminiSchramm.GhostPivotalProbability (8.6s)
✔ [9695/9893] Built OAI.Probability.BenjaminiSchramm.CayleyTheorem (14s)
✔ [9696/9893] Built OAI.Probability.BenjaminiSchramm.TiltedMomentBridge (14s)
✔ [9697/9893] Built OAI.Probability.BenjaminiSchramm.GeneralCriticalFiniteness (14s)
✔ [9698/9893] Built OAI.Probability.BenjaminiSchramm.ModularSchur (14s)
✔ [9699/9893] Built OAI.Probability.BenjaminiSchramm.GhostPivotalWeight (14s)
✔ [9700/9893] Built OAI.Probability.BenjaminiSchramm.Application (15s)
✔ [9701/9893] Built OAI.Probability.BenjaminiSchramm.ModularSlabs (15s)
✔ [9702/9893] Built OAI.Probability.BenjaminiSchramm.GhostPivotalIncidence (15s)
✔ [9703/9893] Built OAI.Probability.BenjaminiSchramm.TiltedHit (15s)
✔ [9704/9893] Built OAI.Probability.BenjaminiSchramm.CombinatorialUnimodularOperator (15s)
✔ [9705/9893] Built OAI.Probability.BenjaminiSchramm.InputReduction (16s)
✔ [9706/9893] Built OAI.Probability.BenjaminiSchramm.CriticalUpwardDecay (15s)
✔ [9707/9893] Built OAI.Probability.BenjaminiSchramm.SlabCrossing (16s)
✔ [9708/9893] Built OAI.Probability.BenjaminiSchramm.OrbitHeightComparison (16s)
✔ [9709/9893] Built OAI.Probability.BenjaminiSchramm.GhostPivotalSum (16s)
✔ [9710/9893] Built OAI.Probability.BenjaminiSchramm.SlabHit (18s)
✔ [9711/9893] Built OAI.Probability.BenjaminiSchramm.OrbitNeighborChain (18s)
✔ [9712/9893] Built OAI.Probability.BenjaminiSchramm.SubcriticalUpward (18s)
✔ [9713/9893] Built OAI.Probability.BenjaminiSchramm.NormalizedLayerTransport (18s)
✔ [9714/9893] Built OAI.Probability.BenjaminiSchramm.ProbabilityLower (19s)
✔ [9715/9893] Built OAI.Probability.BenjaminiSchramm.GhostPivotalBoundary (19s)
✔ [9716/9893] Built OAI.Probability.BenjaminiSchramm.SelectedLayerVertex (18s)
✔ [9717/9893] Built OAI.Probability.BenjaminiSchramm.OrbitNormalization (18s)
✔ [9718/9893] Built OAI.Probability.BenjaminiSchramm.ConsistentLayers (19s)
✔ [9719/9893] Built OAI.Probability.BenjaminiSchramm.GhostEntropy (19s)
✔ [9720/9893] Built OAI.Probability.BenjaminiSchramm.GhostDifferentialAssembly (20s)
✔ [9721/9893] Built OAI.Probability.BenjaminiSchramm.FreshSlabCrossing (14s)
✔ [9722/9893] Built OAI.Probability.BenjaminiSchramm.OrbitTransport (14s)
✔ [9723/9893] Built OAI.Probability.BenjaminiSchramm.GhostMomentDischarge (14s)
✔ [9724/9893] Built OAI.Probability.BenjaminiSchramm.ProbabilityUpper (22s)
✔ [9725/9893] Built OAI.Probability.BenjaminiSchramm.HarmonicHeightAscent (11s)
✔ [9726/9893] Built OAI.Probability.BenjaminiSchramm.FreshSlabConcatenation (11s)
✔ [9727/9893] Built OAI.Probability.BenjaminiSchramm.MeanFieldReduction (14s)
✔ [9728/9893] Built OAI.Probability.BenjaminiSchramm.HarmonicHeightDescent (14s)
✔ [9729/9893] Built OAI.Probability.BenjaminiSchramm.UniformHeightAscent (14s)
✔ [9730/9893] Built OAI.Probability.BenjaminiSchramm.HalfspaceConcatenation (14s)
✔ [9731/9893] Built OAI.Probability.BenjaminiSchramm.VolumeEntropy (16s)
✔ [9732/9893] Built OAI.Probability.BenjaminiSchramm.ModularCrossingRate (14s)
✔ [9733/9893] Built OAI.Probability.BenjaminiSchramm.FirstHeightPeakWalk (14s)
✔ [9734/9893] Built OAI.Probability.BenjaminiSchramm.OperatorSusceptibility (14s)
✔ [9735/9893] Built OAI.Probability.BenjaminiSchramm.HeightOrbitConnection (14s)
✔ [9736/9893] Built OAI.Probability.BenjaminiSchramm.NormalizedHalfspace (13s)
✔ [9737/9893] Built OAI.Probability.BenjaminiSchramm.IntrinsicBallGrowth (14s)
✔ [9738/9893] Built OAI.Probability.BenjaminiSchramm.UniformHeightDescent (14s)
✔ [9739/9893] Built OAI.Probability.BenjaminiSchramm.VolumeLower (28s)
✔ [9740/9893] Built OAI.Probability.BenjaminiSchramm.NormalizedCrossingRate (15s)
✔ [9741/9893] Built OAI.Probability.BenjaminiSchramm.CriticalHeightHit (15s)
✔ [9742/9893] Built OAI.Probability.BenjaminiSchramm.IntrinsicBallExposure (14s)
✔ [9743/9893] Built OAI.Probability.BenjaminiSchramm.BoundedOrbitDescent (15s)
✔ [9744/9893] Built OAI.Probability.BenjaminiSchramm.OperatorMeanFieldReduction (18s)
✔ [9745/9893] Built OAI.Probability.BenjaminiSchramm.IntrinsicSphere (17s)
✔ [9746/9893] Built OAI.Probability.BenjaminiSchramm.HalfspaceRootComparison (18s)
✔ [9747/9893] Built OAI.Probability.BenjaminiSchramm.AvoidanceCostProfile (18s)
✔ [9748/9893] Built OAI.Probability.BenjaminiSchramm.LayerFrontierGeometry (18s)
✔ [9749/9893] Built OAI.Probability.BenjaminiSchramm.IntrinsicRadiusLower (24s)
✔ [9750/9893] Built OAI.Probability.BenjaminiSchramm.CriticalNormalizedCrossing (28s)
✔ [9751/9893] Built OAI.Probability.BenjaminiSchramm.NormalizedQuarterMoment (28s)
✔ [9752/9893] Built OAI.Probability.BenjaminiSchramm.ThinSphere (28s)
✔ [9753/9893] Built OAI.Probability.BenjaminiSchramm.IntrinsicFreshPath (28s)
✔ [9754/9893] Built OAI.Probability.BenjaminiSchramm.CeilingBandTransport (28s)
✔ [9755/9893] Built OAI.Probability.BenjaminiSchramm.PeakClusterCorrelation (28s)
✔ [9756/9893] Built OAI.Probability.BenjaminiSchramm.SlabSecondMoment (24s)
✔ [9757/9893] Built OAI.Probability.BenjaminiSchramm.LayerFrontierExpectation (28s)
✔ [9758/9893] Built OAI.Probability.BenjaminiSchramm.PeakCorrelationAveraging (22s)
✔ [9759/9893] Built OAI.Probability.BenjaminiSchramm.LayerFrontierLocalization (22s)
✔ [9760/9893] Built OAI.Probability.BenjaminiSchramm.SlabFirstVisit (22s)
✔ [9761/9893] Built OAI.Probability.BenjaminiSchramm.PeakHalfspaceGeometry (22s)
✔ [9762/9893] Built OAI.Probability.BenjaminiSchramm.ThinSphereExposure (22s)
✔ [9763/9893] Built OAI.Probability.BenjaminiSchramm.CriticalHalfspaceDecay (23s)
✔ [9764/9893] Built OAI.Probability.BenjaminiSchramm.SlabLastMaximum (25s)
✔ [9765/9893] Built OAI.Probability.BenjaminiSchramm.IntegerLayerFirstVisit (26s)
✔ [9766/9893] Built OAI.Probability.BenjaminiSchramm.PeakComplementCorrelation (26s)
✔ [9767/9893] Built OAI.Probability.BenjaminiSchramm.NeighborDegreeBound (26s)
✔ [9768/9893] Built OAI.Probability.BenjaminiSchramm.PeakSurgeryGeometry (26s)
✔ [9769/9893] Built OAI.Probability.BenjaminiSchramm.PeakHalfspaceTransport (27s)
✔ [9770/9893] Built OAI.Probability.BenjaminiSchramm.SlabFractionalRecurrence (27s)
✔ [9771/9893] Built OAI.Probability.BenjaminiSchramm.ThinSphereStopping (27s)
✔ [9772/9893] Built OAI.Probability.BenjaminiSchramm.SprinklingPeakGeometry (31s)
✔ [9773/9893] Built OAI.Probability.BenjaminiSchramm.PeakFiniteEnergy (31s)
✔ [9774/9893] Built OAI.Probability.BenjaminiSchramm.PeakExtension (31s)
✔ [9775/9893] Built OAI.Probability.BenjaminiSchramm.MinimumHeightHit (31s)
✔ [9776/9893] Built OAI.Probability.BenjaminiSchramm.CrossingExponent (32s)
✔ [9777/9893] Built OAI.Probability.BenjaminiSchramm.PeakUpperExposure (32s)
✔ [9778/9893] Built OAI.Probability.BenjaminiSchramm.LayerFirstMoments (32s)
✔ [9779/9893] Built OAI.Probability.BenjaminiSchramm.ThinSphereProbability (32s)
✔ [9780/9893] Built OAI.Probability.BenjaminiSchramm.CrossingPositivity (33s)
✔ [9781/9893] Built OAI.Probability.BenjaminiSchramm.LayerMomentFekete (33s)
✔ [9782/9893] Built OAI.Probability.BenjaminiSchramm.AvoidanceProduct (33s)
✔ [9783/9893] Built OAI.Probability.BenjaminiSchramm.PeakSurgeryProbability (33s)
✔ [9784/9893] Built OAI.Probability.BenjaminiSchramm.HalfspaceFractionalRecurrence (34s)
✔ [9785/9893] Built OAI.Probability.BenjaminiSchramm.FreshWhiteExposure (34s)
✔ [9786/9893] Built OAI.Probability.BenjaminiSchramm.FiniteEnergyModification (34s)
✔ [9787/9893] Built OAI.Probability.BenjaminiSchramm.PeakExposureComparison (34s)
✔ [9788/9893] Built OAI.Probability.BenjaminiSchramm.BallSnapshot (32s)
✔ [9789/9893] Built OAI.Probability.BenjaminiSchramm.ThinSphereRecurrence (32s)
✔ [9790/9893] Built OAI.Probability.BenjaminiSchramm.BoundedLayerShift (32s)
✔ [9791/9893] Built OAI.Probability.BenjaminiSchramm.LayerFirstMomentSubmultiplicative (32s)
✔ [9792/9893] Built OAI.Probability.BenjaminiSchramm.LayerMaximumDecomposition (32s)
✔ [9793/9893] Built OAI.Probability.BenjaminiSchramm.CrossingExponentContinuity (32s)
✔ [9794/9893] Built OAI.Probability.BenjaminiSchramm.LayerFirstMomentPositivity (33s)
✔ [9795/9893] Built OAI.Probability.BenjaminiSchramm.UpperMomentConvolution (34s)
✔ [9796/9893] Built OAI.Probability.BenjaminiSchramm.CeilingBandUniform (49s)
✔ [9797/9893] Built OAI.Probability.BenjaminiSchramm.PeakFrontierTruncation (52s)
✔ [9798/9893] Built OAI.Probability.BenjaminiSchramm.MixedRootSurgery (51s)
✔ [9799/9893] Built OAI.Probability.BenjaminiSchramm.PeakCountComparison (51s)
✔ [9800/9893] Built OAI.Probability.BenjaminiSchramm.FiniteEnergyObservable (51s)
✔ [9801/9893] Built OAI.Probability.BenjaminiSchramm.ExteriorEscape (52s)
✔ [9802/9893] Built OAI.Probability.BenjaminiSchramm.IntrinsicConnection (51s)
✔ [9803/9893] Built OAI.Probability.BenjaminiSchramm.IntrinsicRadiusUpper (50s)
✔ [9804/9893] Built OAI.Probability.BenjaminiSchramm.LayerSecondMomentDecomposition (38s)
✔ [9805/9893] Built OAI.Probability.BenjaminiSchramm.LayerFirstMomentRate (38s)
✔ [9806/9893] Built OAI.Probability.BenjaminiSchramm.FullLayerProfile (38s)
✔ [9807/9893] Built OAI.Probability.BenjaminiSchramm.NegativeMomentConvolution (38s)
✔ [9808/9893] Built OAI.Probability.BenjaminiSchramm.SlabRootShift (37s)
✔ [9809/9893] Built OAI.Probability.BenjaminiSchramm.MixedRootPathComparison (37s)
✔ [9810/9893] Built OAI.Probability.BenjaminiSchramm.PeakSurgeryAverage (38s)
✔ [9811/9893] Built OAI.Probability.BenjaminiSchramm.NormalizedExponentComparison (38s)
✔ [9812/9893] Built OAI.Probability.BenjaminiSchramm.SignedUpperConvolution (38s)
✔ [9813/9893] Built OAI.Probability.BenjaminiSchramm.PeakComparisonAveraging (38s)
✔ [9814/9893] Built OAI.Probability.BenjaminiSchramm.NormalizedEscapeRisk (38s)
✔ [9815/9893] Built OAI.Probability.BenjaminiSchramm.FractionalBandGeometry (38s)
✔ [9816/9893] Built OAI.Probability.BenjaminiSchramm.IntrinsicConnectionAverage (38s)
✔ [9817/9893] Built OAI.Probability.BenjaminiSchramm.UpperLayerSecondMoment (38s)
✔ [9818/9893] Built OAI.Probability.BenjaminiSchramm.MixedHeightMoment (38s)
✔ [9819/9893] Built OAI.Probability.BenjaminiSchramm.BandMomentSummability (39s)
✔ [9820/9893] Built OAI.Probability.BenjaminiSchramm.LayerMomentCauchy (34s)
✔ [9821/9893] Built OAI.Probability.BenjaminiSchramm.PeakExposureGeometry (34s)
✔ [9822/9893] Built OAI.Probability.BenjaminiSchramm.FractionalBandTransport (34s)
✔ [9823/9893] Built OAI.Probability.BenjaminiSchramm.LayerCrossingComparison (35s)
✔ [9824/9893] Built OAI.Probability.BenjaminiSchramm.FullNegativeLayerProfile (34s)
✔ [9825/9893] Built OAI.Probability.BenjaminiSchramm.CriticalPeakBand (35s)
✔ [9826/9893] Built OAI.Probability.BenjaminiSchramm.IntrinsicBallisticity (38s)
✔ [9827/9893] Built OAI.Probability.BenjaminiSchramm.IntegerFrontierCrossing (40s)
✔ [9828/9893] Built OAI.Probability.BenjaminiSchramm.WeightedMomentCauchy (40s)
✔ [9829/9893] Built OAI.Probability.BenjaminiSchramm.LayerPrefactorBootstrap (40s)
✔ [9830/9893] Built OAI.Probability.BenjaminiSchramm.FractionalBandEstimate (40s)
✔ [9831/9893] Built OAI.Probability.BenjaminiSchramm.SubcriticalCrossingBound (41s)
✔ [9832/9893] Built OAI.Probability.BenjaminiSchramm.PeakOrbitComparison (41s)
✔ [9833/9893] Built OAI.Probability.BenjaminiSchramm.FractionalSlabGeometry (41s)
✔ [9834/9893] Built OAI.Probability.BenjaminiSchramm.RadiusTransfer (41s)
✔ [9835/9893] Built OAI.Probability.BenjaminiSchramm.RadiusInputReduction (32s)
✔ [9836/9893] Built OAI.Probability.BenjaminiSchramm.SubcriticalLayerPrefactor (36s)
✔ [9837/9893] Built OAI.Probability.BenjaminiSchramm.SlabCountBasic (36s)
✔ [9838/9893] Built OAI.Probability.BenjaminiSchramm.PeakSlabComparison (36s)
✔ [9839/9893] Built OAI.Probability.BenjaminiSchramm.FractionalSlabTransport (36s)
✔ [9840/9893] Built OAI.Probability.BenjaminiSchramm.SlabFractionalProfileShift (37s)
✔ [9841/9893] Built OAI.Probability.BenjaminiSchramm.NormalizedPeakSurgery (40s)
✔ [9842/9893] Built OAI.Probability.BenjaminiSchramm.PeakBandProbability (60s)
✔ [9843/9893] Built OAI.Probability.BenjaminiSchramm.SubcriticalUpperSecondMoment (64s)
✔ [9844/9893] Built OAI.Probability.BenjaminiSchramm.WeightedPeakSlabComparison (64s)
✔ [9845/9893] Built OAI.Probability.BenjaminiSchramm.FractionalSlabEstimate (64s)
✔ [9846/9893] Built OAI.Probability.BenjaminiSchramm.NonunimodularMomentReduction (64s)
✔ [9847/9893] Built OAI.Probability.BenjaminiSchramm.LayerMonotoneLimit (65s)
✔ [9848/9893] Built OAI.Probability.BenjaminiSchramm.CeilingDownCrudeProfile (63s)
✔ [9849/9893] Built OAI.Probability.BenjaminiSchramm.SubcriticalFullLayerProfile (65s)
✔ [9850/9893] Built OAI.Probability.BenjaminiSchramm.UpwardFrontierProbability (36s)
✔ [9851/9893] Built OAI.Probability.BenjaminiSchramm.PeakBandTransport (36s)
✔ [9852/9893] Built OAI.Probability.BenjaminiSchramm.LayerProfileAtRate (35s)
✔ [9853/9893] Built OAI.Probability.BenjaminiSchramm.HalfspaceFiniteShift (35s)
✔ [9854/9893] Built OAI.Probability.BenjaminiSchramm.CriticalPeakComparison (36s)
✔ [9855/9893] Built OAI.Probability.BenjaminiSchramm.SlabExtensionGeometry (35s)
✔ [9856/9893] Built OAI.Probability.BenjaminiSchramm.TruncatedSlabMoment (16s)
✔ [9857/9893] Built OAI.Probability.BenjaminiSchramm.PeakRateCancellation (17s)
✔ [9858/9893] Built OAI.Probability.BenjaminiSchramm.PeakBandSecondMoment (17s)
✔ [9859/9893] Built OAI.Probability.BenjaminiSchramm.HalfspaceFiniteShiftProfile (18s)
✔ [9860/9893] Built OAI.Probability.BenjaminiSchramm.SubcriticalPeakProbability (19s)
✔ [9861/9893] Built OAI.Probability.BenjaminiSchramm.PeakSurvivalCauchy (10s)
✔ [9862/9893] Built OAI.Probability.BenjaminiSchramm.HeightMaximumSlices (11s)
✔ [9863/9893] Built OAI.Probability.BenjaminiSchramm.FractionalSlabFromTruncation (10s)
✔ [9864/9893] Built OAI.Probability.BenjaminiSchramm.SubcriticalPeakSurvival (10s)
✔ [9865/9893] Built OAI.Probability.BenjaminiSchramm.PeakConditionalLayers (15s)
✔ [9866/9893] Built OAI.Probability.BenjaminiSchramm.CriticalFractionalSlab (18s)
✔ [9867/9893] Built OAI.Probability.BenjaminiSchramm.SubcriticalPeakConditional (15s)
✔ [9868/9893] Built OAI.Probability.BenjaminiSchramm.PeakSurvivalRealHeight (15s)
✔ [9869/9893] Built OAI.Probability.BenjaminiSchramm.UpwardFractionalSlabProfile (19s)
✔ [9870/9893] Built OAI.Probability.BenjaminiSchramm.PeakSprinklingCell (16s)
✔ [9871/9893] Built OAI.Probability.BenjaminiSchramm.PeakLayerCost (16s)
✔ [9872/9893] Built OAI.Probability.BenjaminiSchramm.AntitoneSurvivalHeight (19s)
✔ [9873/9893] Built OAI.Probability.BenjaminiSchramm.GeometricIncrement (20s)
✔ [9874/9893] Built OAI.Probability.BenjaminiSchramm.FloorDownProfile (24s)
✔ [9875/9893] Built OAI.Probability.BenjaminiSchramm.UpwardCeilingProfile (29s)
✔ [9876/9893] Built OAI.Probability.BenjaminiSchramm.PeakCostBound (21s)
✔ [9877/9893] Built OAI.Probability.BenjaminiSchramm.SprinklingAvoidanceProfile (22s)
✔ [9878/9893] Built OAI.Probability.BenjaminiSchramm.CeilingZeroBand (22s)
✔ [9879/9893] Built OAI.Probability.BenjaminiSchramm.FullspaceFractionalRecurrence (24s)
✔ [9880/9893] Built OAI.Probability.BenjaminiSchramm.PeakSprinklingAverage (14s)
✔ [9881/9893] Built OAI.Probability.BenjaminiSchramm.PeakSprinklingSurvival (12s)
✔ [9882/9893] Built OAI.Probability.BenjaminiSchramm.DownwardHalfspaceFromContinuation (15s)
✔ [9883/9893] Built OAI.Probability.BenjaminiSchramm.UpwardHalfspaceFromContinuation (16s)
✔ [9884/9893] Built OAI.Probability.BenjaminiSchramm.CriticalPeakSurvival (12s)
✔ [9885/9893] Built OAI.Probability.BenjaminiSchramm.HalfspaceProfileBootstrap (13s)
✔ [9886/9893] Built OAI.Probability.BenjaminiSchramm.CriticalSlabProfiles (9.6s)
✔ [9887/9893] Built OAI.Probability.BenjaminiSchramm.CriticalCeilingProfile (7.5s)
✔ [9888/9893] Built OAI.Probability.BenjaminiSchramm.CriticalHalfspaceProfiles (6.6s)
✔ [9889/9893] Built OAI.Probability.BenjaminiSchramm.CriticalEndpointProfiles (6.3s)
✔ [9890/9893] Built OAI.Probability.BenjaminiSchramm.CriticalFullspaceProfiles (6.8s)
✔ [9891/9893] Built OAI.Probability.BenjaminiSchramm.CriticalQuarterMoment (5.9s)
✔ [9892/9893] Built OAI.Probability.BenjaminiSchramm.UnconditionalInputs (5.8s)
✔ [9893/9893] Built OAI.Probability.BenjaminiSchramm.Main (5.8s)
Build completed successfully (9893 jobs).
== build rc=0 seconds=1705
{"theorems": ["OAI.Percolation.BenjaminiSchramm.full_main", "OAI.Percolation.BenjaminiSchramm.critical_laws", "OAI.Percolation.BenjaminiSchramm.cayley_main"], "defs": ["OAI.Percolation.BondGraph", "OAI.Percolation.Adj", "OAI.Percolation.LocallyFinite", "OAI.Percolation.Connected", "OAI.Percolation.IsAut", "OAI.Percolation.QuasiTransitive", "OAI.Percolation.vertexBoundary", "OAI.Percolation.hV", "OAI.Percolation.Conn", "OAI.Percolation.cluster", "OAI.Percolation.infiniteClusters", "OAI.Percolation.law", "OAI.Percolation.pc", "OAI.Percolation.pu", "OAI.Percolation.twoPoint", "OAI.Percolation.Hilbert", "OAI.Percolation.HasKernel", "OAI.Percolation.OperatorBounded", "OAI.Percolation.operatorNorm", "OAI.Percolation.ptwo", "OAI.Percolation.labelLaw", "OAI.Percolation.openEdges", "OAI.Percolation.MainConclusion", "OAI.Percolation.openSimpleGraph", "OAI.Percolation.susceptibility", "OAI.Percolation.BenjaminiSchramm.triangleDiagram", "OAI.Percolation.BenjaminiSchramm.graphDistance", "OAI.Percolation.BenjaminiSchramm.ExponentialDecay", "OAI.Percolation.BenjaminiSchramm.pexp", "OAI.Percolation.BenjaminiSchramm.PowerTail", "OAI.Percolation.BenjaminiSchramm.volumeEvent", "OAI.Percolation.BenjaminiSchramm.intrinsicRadiusEvent", "OAI.Percolation.BenjaminiSchramm.extrinsicRadiusEvent", "OAI.Percolation.BenjaminiSchramm.criticalTail", "OAI.Percolation.BenjaminiSchramm.CriticalTailLaws", "OAI.Percolation.BenjaminiSchramm.SusceptibilityLaw", "OAI.Percolation.BenjaminiSchramm.percolationProbability", "OAI.Percolation.BenjaminiSchramm.PercolationProbabilityLaw", "OAI.Percolation.BenjaminiSchramm.CriticalLawsConclusion", "OAI.Percolation.BenjaminiSchramm.CayleyEdge", "OAI.Percolation.BenjaminiSchramm.cayleyBond", "OAI.Percolation.BenjaminiSchramm.FolnerAmenable"], "json_theorems": ["OAI.Percolation.BenjaminiSchramm.full_main", "OAI.Percolation.BenjaminiSchramm.cayley_main", "OAI.Percolation.BenjaminiSchramm.critical_laws"], "missing_from_parse": []}
TYPES/DEFS DIFFER BenjaminiSchramm
1,15d0
< /Users/shannon/cc/math/math/lean/Scratch/Challenge_BenjaminiSchramm.lean:217:8:
< warning:
< declaration
< uses
< `sorry`
< /Users/shannon/cc/math/math/lean/Scratch/Challenge_BenjaminiSchramm.lean:223:8:
< warning:
< declaration
< uses
< `sorry`
< /Users/shannon/cc/math/math/lean/Scratch/Challenge_BenjaminiSchramm.lean:229:8:
< warning:
< declaration
< uses
< `sorry`
AXIOMS: 'OAI.Percolation.BenjaminiSchramm.full_main' depends on axioms: [propext, Classical.choice, Quot.sound] 'OAI.Percolation.BenjaminiSchramm.cayley_main' depends on axioms: [propext, Classical.choice, Quot.sound] 'OAI.Percolation.BenjaminiSchramm.critical_laws' depends on axioms: [propext, Classical.choice, Quot.sound] 
== end=2026-10-09T06:39:20Z
