== BinaryEditLower  module=OAI.Combinatorics.BinaryEdit.BinaryLowerBound  start=2026-10-09T09:56:52Z
warning: PrimeNumberTheoremAnd: repository '/Users/shannon/cc/math/math/lean/.lake/packages/PrimeNumberTheoremAnd' has local changes
warning: belyi: repository '/Users/shannon/cc/math/math/lean/.lake/packages/belyi' has local changes
warning: formal-schemes: repository '/Users/shannon/cc/math/math/lean/.lake/packages/formal-schemes' has local changes
warning: elliptic-curves: repository '/Users/shannon/cc/math/math/lean/.lake/packages/elliptic-curves' has local changes
warning: tempered-fundamental-groups: repository '/Users/shannon/cc/math/math/lean/.lake/packages/tempered-fundamental-groups' has local changes
warning: oka: repository '/Users/shannon/cc/math/math/lean/.lake/packages/oka' has local changes
warning: orbicurve-cores: repository '/Users/shannon/cc/math/math/lean/.lake/packages/orbicurve-cores' has local changes
warning: pi1: repository '/Users/shannon/cc/math/math/lean/.lake/packages/pi1' has local changes
warning: heights: repository '/Users/shannon/cc/math/math/lean/.lake/packages/heights' has local changes
warning: genl: repository '/Users/shannon/cc/math/math/lean/.lake/packages/genl' has local changes
warning: tate-curves-theta: repository '/Users/shannon/cc/math/math/lean/.lake/packages/tate-curves-theta' has local changes
warning: iut: repository '/Users/shannon/cc/math/math/lean/.lake/packages/iut' has local changes
warning: gromov: repository '/Users/shannon/cc/math/math/lean/.lake/packages/gromov' has local changes
warning: SphereEversion: repository '/Users/shannon/cc/math/math/lean/.lake/packages/SphereEversion' has local changes
warning: schoenflies-lean: repository '/Users/shannon/cc/math/math/lean/.lake/packages/schoenflies-lean' has local changes
warning: ClassFieldTheory: repository '/Users/shannon/cc/math/math/lean/.lake/packages/ClassFieldTheory' has local changes
warning: AINTLIB: repository '/Users/shannon/cc/math/math/lean/.lake/packages/AINTLIB' has local changes
warning: AbsorptionCutoff: repository '/Users/shannon/cc/math/math/lean/.lake/packages/AbsorptionCutoff' has local changes
warning: StrongPNT: repository '/Users/shannon/cc/math/math/lean/.lake/packages/StrongPNT' has local changes
warning: carleson: repository '/Users/shannon/cc/math/math/lean/.lake/packages/carleson' has local changes
warning: rellich-kondrachov: repository '/Users/shannon/cc/math/math/lean/.lake/packages/rellich-kondrachov' has local changes
warning: Zeta3Irrational: repository '/Users/shannon/cc/math/math/lean/.lake/packages/Zeta3Irrational' has local changes
warning: fixed-point-theorems: repository '/Users/shannon/cc/math/math/lean/.lake/packages/fixed-point-theorems' has local changes
✔ [8924/9007] Built OAI.Combinatorics.BinaryEdit.LCSCore (8.9s)
✔ [8925/9007] Built OAI.Combinatorics.BinaryEdit.FiniteFourierAssembly (10s)
✔ [8926/9007] Built OAI.Combinatorics.BinaryEdit.FiniteFourier (10s)
✔ [8927/9007] Built OAI.Combinatorics.BinaryEdit.CodeNumerics (11s)
✔ [8928/9007] Built OAI.Combinatorics.BinaryEdit.PrimeSupply (12s)
✔ [8929/9007] Built OAI.Combinatorics.BinaryEdit.TaggedGaps (22s)
✔ [8930/9007] Built OAI.Combinatorics.BinaryEdit.CodeUnionBound (24s)
✔ [8931/9007] Built OAI.Combinatorics.BinaryEdit.BlockPairCount (24s)
✔ [8932/9007] Built OAI.Combinatorics.BinaryEdit.RandomMatching (21s)
✔ [8933/9007] Built OAI.Combinatorics.BinaryEdit.SegmentCodeEstimates (21s)
✔ [8934/9007] Built OAI.Combinatorics.BinaryEdit.FinitePeriod (20s)
✔ [8935/9007] Built OAI.Combinatorics.BinaryEdit.FiniteNumeric (21s)
✔ [8936/9007] Built OAI.Combinatorics.BinaryEdit.FiniteParameters (26s)
✔ [8937/9007] Built OAI.Combinatorics.BinaryEdit.ScalarCutsBool (19s)
✔ [8938/9007] Built OAI.Combinatorics.BinaryEdit.Branching (19s)
✔ [8939/9007] Built OAI.Combinatorics.BinaryEdit.SparseActivity (22s)
✔ [8940/9007] Built OAI.Combinatorics.BinaryEdit.TaggedNonsplit (21s)
✔ [8941/9007] Built OAI.Combinatorics.BinaryEdit.PrimeSeparation (19s)
✔ [8942/9007] Built OAI.Combinatorics.BinaryEdit.FiniteSeparationArithmetic (21s)
✔ [8943/9007] Built OAI.Combinatorics.BinaryEdit.SubsequenceIntersection (10s)
✔ [8944/9007] Built OAI.Combinatorics.BinaryEdit.FiniteVectors (21s)
✔ [8945/9007] Built OAI.Combinatorics.TreeEdit.Model (19s)
✔ [8946/9007] Built OAI.Combinatorics.BinaryEdit.MatchingSpanBudget (18s)
✔ [8947/9007] Built OAI.Combinatorics.BinaryEdit.SegmentMatchingCount (18s)
✔ [8948/9007] Built OAI.Combinatorics.BinaryEdit.FiniteActivityBridge (18s)
✔ [8949/9007] Built OAI.Combinatorics.BinaryEdit.SparseCharacterPeriod (18s)
✔ [8950/9007] Built OAI.Combinatorics.BinaryEdit.FiniteVectorRestrictions (18s)
✔ [8951/9007] Built OAI.Combinatorics.BinaryEdit.FiniteCoordinates (19s)
✔ [8952/9007] Built OAI.Combinatorics.BinaryEdit.Model (18s)
✔ [8953/9007] Built OAI.Combinatorics.TreeEdit.EditMetric (19s)
✔ [8954/9007] Built OAI.Combinatorics.BinaryEdit.UnequalCounting (20s)
✔ [8955/9007] Built OAI.Combinatorics.BinaryEdit.SegmentCode (19s)
✔ [8956/9007] Built OAI.Combinatorics.BinaryEdit.FiniteSpectralTree (18s)
✔ [8957/9007] Built OAI.Combinatorics.BinaryEdit.FiniteVectorDetection (18s)
✔ [8958/9007] Built OAI.Combinatorics.BinaryEdit.FiniteCapTransfer (19s)
✔ [8959/9007] Built OAI.Combinatorics.BinaryEdit.EditLCSLower (19s)
✔ [8960/9007] Built OAI.Combinatorics.BinaryEdit.FiniteAlphabet (20s)
✔ [8961/9007] Built OAI.Combinatorics.BinaryEdit.Distortion (21s)
✔ [8962/9007] Built OAI.Combinatorics.BinaryEdit.CheapTranslations (19s)
✔ [8963/9007] Built OAI.Combinatorics.BinaryEdit.CutAggregation (19s)
✔ [8964/9007] Built OAI.Combinatorics.BinaryEdit.EncodingIndex (18s)
✔ [8965/9007] Built OAI.Combinatorics.BinaryEdit.BlockExtraction (19s)
✔ [8966/9007] Built OAI.Combinatorics.BinaryEdit.WordFinite (19s)
✔ [8967/9007] Built OAI.Combinatorics.BinaryEdit.FiniteTreeWords (19s)
✔ [8968/9007] Built OAI.Combinatorics.BinaryEdit.MatchingSublist (18s)
✔ [8969/9007] Built OAI.Combinatorics.BinaryEdit.TaggedRowLCS (19s)
✔ [8970/9007] Built OAI.Combinatorics.BinaryEdit.EncodingUpper (17s)
✔ [8971/9007] Built OAI.Combinatorics.BinaryEdit.EditMetric (18s)
✔ [8972/9007] Built OAI.Combinatorics.BinaryEdit.LCSEditUpper (18s)
✔ [8973/9007] Built OAI.Combinatorics.TreeEdit.Alignments (20s)
✔ [8974/9007] Built OAI.Combinatorics.BinaryEdit.FiniteDisplacement (19s)
✔ [8975/9007] Built OAI.Combinatorics.BinaryEdit.FiniteTreeGeometry (20s)
✔ [8976/9007] Built OAI.Combinatorics.BinaryEdit.FiniteTreeCosts (20s)
✔ [8977/9007] Built OAI.Combinatorics.BinaryEdit.MatchingSegments (19s)
✔ [8978/9007] Built OAI.Combinatorics.BinaryEdit.BlockRestriction (19s)
✔ [8979/9007] Built OAI.Combinatorics.BinaryEdit.EncodedImage (19s)
✔ [8980/9007] Built OAI.Combinatorics.BinaryEdit.ParameterImage (19s)
✔ [8981/9007] Built OAI.Combinatorics.BinaryEdit.EditDeficit (18s)
✔ [8982/9007] Built OAI.Combinatorics.BinaryEdit.CodeEqualMatches (19s)
✔ [8983/9007] Built OAI.Combinatorics.BinaryEdit.LCS (19s)
✔ [8984/9007] Built OAI.Combinatorics.BinaryEdit.TaggedExtraction (19s)
✔ [8985/9007] Built OAI.Combinatorics.BinaryEdit.FiniteL1Tree (19s)
✔ [8986/9007] Built OAI.Combinatorics.BinaryEdit.FiniteTreeTags (19s)
✔ [8987/9007] Built OAI.Combinatorics.BinaryEdit.FiniteTreeInstantiation (19s)
✔ [8988/9007] Built OAI.Combinatorics.BinaryEdit.FiniteTreeConcreteCosts (18s)
✔ [8989/9007] Built OAI.Combinatorics.BinaryEdit.FiniteFamilyTransfer (18s)
✔ [8990/9007] Built OAI.Combinatorics.BinaryEdit.CodeConversion (19s)
✔ [8991/9007] Built OAI.Combinatorics.BinaryEdit.CodeAdditive (19s)
✔ [8992/9007] Built OAI.Combinatorics.BinaryEdit.TaggedAlignment (19s)
✔ [8993/9007] Built OAI.Combinatorics.BinaryEdit.SegmentCodeLCS (19s)
✔ [8994/9007] Built OAI.Combinatorics.BinaryEdit.TaggedArrayPrerequisites (17s)
✔ [8995/9007] Built OAI.Combinatorics.BinaryEdit.CodeTrimming (18s)
✔ [8996/9007] Built OAI.Combinatorics.BinaryEdit.FiniteWordPrimeSeparation (16s)
✔ [8997/9007] Built OAI.Combinatorics.BinaryEdit.FiniteWordDetection (16s)
✔ [8998/9007] Built OAI.Combinatorics.BinaryEdit.FiniteTreeCostTheorem (14s)
✔ [8999/9007] Built OAI.Combinatorics.BinaryEdit.CodeExistence (13s)
✔ [9000/9007] Built OAI.Combinatorics.BinaryEdit.TaggedArrays (13s)
✔ [9001/9007] Built OAI.Combinatorics.BinaryEdit.UnequalSegments (13s)
✔ [9002/9007] Built OAI.Combinatorics.BinaryEdit.FiniteWordL1Mean (11s)
✔ [9003/9007] Built OAI.Combinatorics.BinaryEdit.EncodedSegmentSeparation (9.6s)
✔ [9004/9007] Built OAI.Combinatorics.BinaryEdit.FiniteSeparation (10s)
✔ [9005/9007] Built OAI.Combinatorics.BinaryEdit.FixedLengthBinaryConversion (8.1s)
✔ [9006/9007] Built OAI.Combinatorics.BinaryEdit.FiniteSourceFamily (8.1s)
✔ [9007/9007] Built OAI.Combinatorics.BinaryEdit.BinaryLowerBound (6.3s)
Build completed successfully (9007 jobs).
== build rc=0 seconds=224
{"theorems": ["OAI.TreeEdit.binary_lower_bound"], "defs": ["OAI.TreeEdit.EditStep", "OAI.TreeEdit.EditScript", "OAI.TreeEdit.ed", "OAI.TreeEdit.RealL1", "OAI.TreeEdit.Word", "OAI.TreeEdit.BinaryLower.distortion", "OAI.TreeEdit.BinaryLower.c1", "OAI.TreeEdit.BinaryLower.binarySetDistortion", "OAI.TreeEdit.BinaryLower.growth"], "json_theorems": ["OAI.TreeEdit.binary_lower_bound"], "missing_from_parse": []}
TYPES/DEFS DIFFER BinaryEditLower
1,5d0
< /Users/shannon/cc/math/math/lean/Scratch/Challenge_BinaryEditLower.lean:51:8:
< warning:
< declaration
< uses
< `sorry`
AXIOMS: 'OAI.TreeEdit.binary_lower_bound' depends on axioms: [propext, Classical.choice, Quot.sound] 
== end=2026-10-09T10:00:58Z
