== BinPackingGap  module=OAI.Computability.BinPacking.Main  start=2026-10-09T05:45:20Z
warning: PrimeNumberTheoremAnd: repository '/Users/shannon/cc/math/math/lean/.lake/packages/PrimeNumberTheoremAnd' has local changes
warning: belyi: repository '/Users/shannon/cc/math/math/lean/.lake/packages/belyi' has local changes
warning: formal-schemes: repository '/Users/shannon/cc/math/math/lean/.lake/packages/formal-schemes' has local changes
warning: elliptic-curves: repository '/Users/shannon/cc/math/math/lean/.lake/packages/elliptic-curves' has local changes
warning: tempered-fundamental-groups: repository '/Users/shannon/cc/math/math/lean/.lake/packages/tempered-fundamental-groups' has local changes
warning: oka: repository '/Users/shannon/cc/math/math/lean/.lake/packages/oka' has local changes
warning: orbicurve-cores: repository '/Users/shannon/cc/math/math/lean/.lake/packages/orbicurve-cores' has local changes
warning: pi1: repository '/Users/shannon/cc/math/math/lean/.lake/packages/pi1' has local changes
warning: heights: repository '/Users/shannon/cc/math/math/lean/.lake/packages/heights' has local changes
warning: genl: repository '/Users/shannon/cc/math/math/lean/.lake/packages/genl' has local changes
warning: tate-curves-theta: repository '/Users/shannon/cc/math/math/lean/.lake/packages/tate-curves-theta' has local changes
warning: iut: repository '/Users/shannon/cc/math/math/lean/.lake/packages/iut' has local changes
warning: gromov: repository '/Users/shannon/cc/math/math/lean/.lake/packages/gromov' has local changes
warning: SphereEversion: repository '/Users/shannon/cc/math/math/lean/.lake/packages/SphereEversion' has local changes
warning: schoenflies-lean: repository '/Users/shannon/cc/math/math/lean/.lake/packages/schoenflies-lean' has local changes
warning: ClassFieldTheory: repository '/Users/shannon/cc/math/math/lean/.lake/packages/ClassFieldTheory' has local changes
warning: AINTLIB: repository '/Users/shannon/cc/math/math/lean/.lake/packages/AINTLIB' has local changes
warning: AbsorptionCutoff: repository '/Users/shannon/cc/math/math/lean/.lake/packages/AbsorptionCutoff' has local changes
warning: StrongPNT: repository '/Users/shannon/cc/math/math/lean/.lake/packages/StrongPNT' has local changes
warning: carleson: repository '/Users/shannon/cc/math/math/lean/.lake/packages/carleson' has local changes
warning: rellich-kondrachov: repository '/Users/shannon/cc/math/math/lean/.lake/packages/rellich-kondrachov' has local changes
warning: Zeta3Irrational: repository '/Users/shannon/cc/math/math/lean/.lake/packages/Zeta3Irrational' has local changes
warning: fixed-point-theorems: repository '/Users/shannon/cc/math/math/lean/.lake/packages/fixed-point-theorems' has local changes
✔ [8923/8966] Built OAI.Computability.BinPacking.Reductions.BinaryCoordinates (3.4s)
✔ [8924/8995] Built OAI.Computability.BinPacking.Reductions.Target (4.6s)
✔ [8925/8999] Built OAI.Computability.BinPacking.Reductions.MachineReverse (7.5s)
✔ [8926/8999] Built OAI.Computability.BinPacking.Reductions.MachineTransfer (8.0s)
✔ [8927/9004] Built OAI.Computability.BinPacking.Games.Reindexing (14s)
✔ [8928/9031] Built OAI.Computability.BinPacking.Expanders.LazySmoothing (16s)
✔ [8929/9035] Built OAI.Computability.BinPacking.Packing.FiniteHall (12s)
✔ [8930/9038] Built OAI.Computability.BinPacking.Packing.K4Graph (18s)
✔ [8931/9038] Built OAI.Computability.BinPacking.PCP.CloudRounding (22s)
✔ [8932/9038] Built OAI.Computability.BinPacking.Trees.CompletionGeometry (14s)
✔ [8933/9044] Built OAI.Computability.BinPacking.Packing.PrimaryLoss (16s)
✔ [8934/9078] Built OAI.Computability.BinPacking.Inventory.LabelConservation (10s)
✔ [8935/9083] Built OAI.Computability.BinPacking.Inventory.SpeciesAllocation (9.7s)
✔ [8936/9084] Built OAI.Computability.BinPacking.Arithmetic.NatExpression (10s)
✔ [8937/9092] Built OAI.Computability.BinPacking.Reductions.CloneGap (5.8s)
✔ [8938/9093] Built OAI.Computability.BinPacking.Hardness.LiteralSlotGraph (13s)
✔ [8939/9140] Built OAI.Computability.BinPacking.PCP.FiniteGraph (11s)
✔ [8940/9155] Built OAI.Computability.BinPacking.PCP.PoweringEnumeration (11s)
✔ [8941/9155] Built OAI.Computability.BinPacking.Packing.CoordinateOrder (12s)
✔ [8942/9156] Built OAI.Computability.BinPacking.Games.RepetitionUpper (4.9s)
✔ [8944/9207] Built OAI.Computability.BinPacking.Games.GameConditioning (11s)
✔ [8945/9207] Built OAI.Computability.BinPacking.Model (38s)
✔ [8946/9207] Built OAI.Computability.BinPacking.Information.GamesAdapter (17s)
✔ [8947/9207] Built OAI.Computability.BinPacking.Information.TraceLaw (14s)
✔ [8948/9207] Built OAI.Computability.BinPacking.Packing.LiteralSlotGap (13s)
✔ [8949/9207] Built OAI.Computability.BinPacking.Trees.KeyGeometry (12s)
✔ [8950/9207] Built OAI.Computability.BinPacking.Arithmetic.PackingRegisterFrame (17s)
✔ [8951/9207] Built OAI.Computability.BinPacking.Games.ProfileCorrection (11s)
✔ [8952/9207] Built OAI.Computability.BinPacking.Machines.GraphPackingBounds (21s)
✔ [8953/9207] Built OAI.Computability.BinPacking.Information.SideInformation (13s)
✔ [8954/9207] Built OAI.Computability.BinPacking.Information.SharedProfiles (10s)
✔ [8955/9207] Built OAI.Computability.BinPacking.Packing.FractionWidth (23s)
✔ [8956/9207] Built OAI.Computability.BinPacking.Computation.Machine (24s)
✔ [8957/9207] Built OAI.Computability.BinPacking.Games.LocalSimulation (9.7s)
✔ [8958/9207] Built OAI.Computability.BinPacking.PCP.OccurrenceGame (11s)
✔ [8959/9207] Built OAI.Computability.BinPacking.Games.QuestionMarginal (19s)
✔ [8960/9207] Built OAI.Computability.BinPacking.PCP.SourceEncoding (24s)
✔ [8961/9207] Built OAI.Computability.BinPacking.Configurations.ConfigurationLP (27s)
✔ [8962/9207] Built OAI.Computability.BinPacking.PCP.BinaryFormula (38s)
✔ [8963/9207] Built OAI.Computability.BinPacking.Games.SelectedProfiles (18s)
✔ [8964/9207] Built OAI.Computability.BinPacking.Inventory.PhysicalPoolLift (19s)
✔ [8965/9207] Built OAI.Computability.BinPacking.Packing.PackingScalar (51s)
✔ [8966/9207] Built OAI.Computability.BinPacking.Games.AlphabetBudget (15s)
✔ [8967/9207] Built OAI.Computability.BinPacking.PCP.AlphabetRetraction (24s)
✔ [8968/9207] Built OAI.Computability.BinPacking.Information.GameDecoder (26s)
✔ [8969/9207] Built OAI.Computability.BinPacking.Machines.IntegerPackingArithmetic (24s)
✔ [8970/9207] Built OAI.Computability.BinPacking.Games.Holenstein (25s)
✔ [8971/9207] Built OAI.Computability.BinPacking.Inventory.CurrentMatches (30s)
✔ [8972/9207] Built OAI.Computability.BinPacking.Information.EmptyContext (30s)
✔ [8973/9207] Built OAI.Computability.BinPacking.Reductions.FiniteNoise (30s)
✔ [8974/9207] Built OAI.Computability.BinPacking.Expanders.SpectralCut (38s)
✔ [8975/9207] Built OAI.Computability.BinPacking.PCP.RawInitialPredicate (42s)
✔ [8976/9207] Built OAI.Computability.BinPacking.Trees.IntegerTreeGeometry (36s)
✔ [8977/9207] Built OAI.Computability.BinPacking.PCP.Queries (60s)
✔ [8978/9207] Built OAI.Computability.BinPacking.PCP.GraphTransport (26s)
✔ [8979/9207] Built OAI.Computability.BinPacking.Expanders.ZigzagSpectral (29s)
✔ [8980/9207] Built OAI.Computability.BinPacking.PCP.PoweringMomentBound (30s)
✔ [8981/9207] Built OAI.Computability.BinPacking.Information.SourceHonest (41s)
✔ [8982/9207] Built OAI.Computability.BinPacking.Trees.TreePruning (26s)
✔ [8983/9207] Built OAI.Computability.BinPacking.PCP.RawInitialMachineBudget (35s)
✔ [8984/9207] Built OAI.Computability.BinPacking.Trees.TreeAttachment (29s)
✔ [8985/9207] Built OAI.Computability.BinPacking.PCP.FinalBooleanVerifier (29s)
✔ [8986/9207] Built OAI.Computability.BinPacking.Expanders.ExpanderTableEnumeration (41s)
✔ [8987/9207] Built OAI.Computability.BinPacking.Computation.PoweringMachineRow (36s)
✔ [8988/9207] Built OAI.Computability.BinPacking.PCP.PoweringTableSemantics (46s)
✔ [8989/9207] Built OAI.Computability.BinPacking.Trees.TreeColorCounts (35s)
✔ [8990/9207] Built OAI.Computability.BinPacking.Reductions.MachineSubstitution (33s)
✔ [8991/9207] Built OAI.Computability.BinPacking.CookLevin.BoundedExecution (33s)
✔ [8992/9207] Built OAI.Computability.BinPacking.PCP.PreprocessingLazyWords (38s)
✔ [8993/9207] Built OAI.Computability.BinPacking.Inventory.InventoryScores (101s)
✔ [8994/9207] Built OAI.Computability.BinPacking.PCP.PreprocessingRegularSoundness (39s)
✔ [8995/9207] Built OAI.Computability.BinPacking.PCP.PoweringTableLayout (33s)
✔ [8996/9207] Built OAI.Computability.BinPacking.PCP.PoweringRowHeaderSemantics (35s)
✔ [8997/9207] Built OAI.Computability.BinPacking.PCP.PoweringFieldPlan (34s)
✔ [8998/9207] Built OAI.Computability.BinPacking.Computation.MachineFiniteTable (25s)
✔ [8999/9207] Built OAI.Computability.BinPacking.Trees.TreeAvoidance (26s)
✔ [9000/9207] Built OAI.Computability.BinPacking.PCP.PreprocessingOverlayWords (28s)
✔ [9001/9207] Built OAI.Computability.BinPacking.Expanders.PreprocessingTableSpectral (29s)
✔ [9002/9207] Built OAI.Computability.BinPacking.CookLevin.ConfigIndex (38s)
✔ [9003/9207] Built OAI.Computability.BinPacking.Packing.GoodAnchorBound (30s)
✔ [9004/9207] Built OAI.Computability.BinPacking.Computation.MachineUnaryLessAt (43s)
✔ [9005/9207] Built OAI.Computability.BinPacking.Packing.PackingSelections (33s)
✔ [9006/9207] Built OAI.Computability.BinPacking.Packing.LocalJobCounts (30s)
✔ [9007/9207] Built OAI.Computability.BinPacking.Trees.InventoryFromTrees (26s)
✔ [9008/9207] Built OAI.Computability.BinPacking.Packing.ItemEnumeration (40s)
✔ [9009/9207] Built OAI.Computability.BinPacking.PCP.PreprocessingFamilyBridge (26s)
✔ [9010/9207] Built OAI.Computability.BinPacking.Trees.TestGeometry (29s)
✔ [9011/9207] Built OAI.Computability.BinPacking.Packing.PhaseIteration (27s)
✔ [9012/9207] Built OAI.Computability.BinPacking.CookLevin.MachineCircuit (27s)
✔ [9013/9207] Built OAI.Computability.BinPacking.Reductions.BinaryHeaderMachine (27s)
✔ [9014/9207] Built OAI.Computability.BinPacking.PCP.Cleanup (25s)
✔ [9015/9207] Built OAI.Computability.BinPacking.Computation.MachineInitialHeaders (25s)
✔ [9016/9207] Built OAI.Computability.BinPacking.CookLevin.Bounds (22s)
✔ [9017/9207] Built OAI.Computability.BinPacking.Information.SourceFieldArray (24s)
✔ [9018/9207] Built OAI.Computability.BinPacking.Computation.MachinePortReindex (25s)
✔ [9019/9207] Built OAI.Computability.BinPacking.Trees.CompetingTrees (19s)
✔ [9020/9207] Built OAI.Computability.BinPacking.Computation.MachineFiniteAlphabet (26s)
✔ [9021/9207] Built OAI.Computability.BinPacking.Packing.PackingCoordinates (23s)
✔ [9022/9207] Built OAI.Computability.BinPacking.Machines.MachineBoundedIteration (32s)
✔ [9023/9207] Built OAI.Computability.BinPacking.Reductions.MachineTransducer (32s)
✔ [9024/9207] Built OAI.Computability.BinPacking.Machines.MachineKeepDecisionTyped (36s)
✔ [9025/9207] Built OAI.Computability.BinPacking.Inventory.InventoryPrefixConservation (35s)
✔ [9026/9207] Built OAI.Computability.BinPacking.Computation.MachineCanonicalOutput (37s)
✔ [9027/9207] Built OAI.Computability.BinPacking.Computation.MachineUnaryEqualityBit (43s)
✔ [9028/9207] Built OAI.Computability.BinPacking.PCP.NormalizationReadMachine (62s)
✔ [9029/9207] Built OAI.Computability.BinPacking.Trees.InventoryRowGeometry (40s)
✔ [9030/9207] Built OAI.Computability.BinPacking.Inventory.PackingExclusions (42s)
✔ [9031/9207] Built OAI.Computability.BinPacking.Packing.PhysicalRolePacking (38s)
✔ [9032/9207] Built OAI.Computability.BinPacking.Inventory.LocalCompletionCoverage (50s)
✔ [9033/9207] Built OAI.Computability.BinPacking.Packing.LocalTemplateBases (45s)
✔ [9034/9207] Built OAI.Computability.BinPacking.Search.ExtensionMachineSpace (43s)
✔ [9035/9207] Built OAI.Computability.BinPacking.Reductions.BinaryNameCompare (47s)
✔ [9036/9207] Built OAI.Computability.BinPacking.Packing.PackingScalarExpression (91s)
✔ [9037/9207] Built OAI.Computability.BinPacking.Computation.PoweringMasterState (47s)
✔ [9038/9207] Built OAI.Computability.BinPacking.PCP.NormalizationEmitMachine (61s)
✔ [9039/9207] Built OAI.Computability.BinPacking.Inventory.IntegralSpeciesCounts (138s)
✔ [9040/9207] Built OAI.Computability.BinPacking.Machines.PackingJobCoverage (38s)
✔ [9041/9207] Built OAI.Computability.BinPacking.Packing.ConstructLocalState (32s)
✔ [9042/9207] Built OAI.Computability.BinPacking.Inventory.InventoryCoverage (127s)
✔ [9043/9207] Built OAI.Computability.BinPacking.Reductions.BinaryTokenMachine (43s)
✔ [9044/9207] Built OAI.Computability.BinPacking.Computation.GraphCounterStart (41s)
✔ [9045/9207] Built OAI.Computability.BinPacking.PCP.SourceAmplification (33s)
✔ [9046/9207] Built OAI.Computability.BinPacking.Computation.MachineCeilingPower (38s)
✔ [9047/9207] Built OAI.Computability.BinPacking.Computation.MachineCloudRank (43s)
✔ [9048/9207] Built OAI.Computability.BinPacking.PCP.RawInitialMachineLoopData (50s)
✔ [9049/9207] Built OAI.Computability.BinPacking.Information.SourceLoopInit (57s)
✔ [9050/9207] Built OAI.Computability.BinPacking.Packing.PackingFeasibility (29s)
✔ [9051/9207] Built OAI.Computability.BinPacking.Machines.FrameEmitMachine (26s)
✔ [9052/9207] Built OAI.Computability.BinPacking.Reductions.BinaryValidatorMachine (27s)
✔ [9053/9207] Built OAI.Computability.BinPacking.PCP.BinaryOccurrenceRename (28s)
✔ [9054/9207] Built OAI.Computability.BinPacking.Arithmetic.BinaryOrderMachine (31s)
✔ [9055/9207] Built OAI.Computability.BinPacking.Arithmetic.BinaryTallyMachine (37s)
✔ [9056/9207] Built OAI.Computability.BinPacking.PCP.NormalizationLoopMachine (58s)
✔ [9057/9207] Built OAI.Computability.BinPacking.Computation.MachineCloudPadding (31s)
✔ [9058/9207] Built OAI.Computability.BinPacking.PCP.RawInitialMachineFinish (27s)
✔ [9059/9207] Built OAI.Computability.BinPacking.Computation.MachineCloudSelect (32s)
✔ [9060/9207] Built OAI.Computability.BinPacking.PCP.RawInitialMachineRows (27s)
✔ [9061/9207] Built OAI.Computability.BinPacking.Configurations.CoverageSoundness (25s)
✔ [9062/9207] Built OAI.Computability.BinPacking.PCP.RawInitialMachineReadClause (33s)
✔ [9063/9207] Built OAI.Computability.BinPacking.Inventory.EdgeLongConsumption (29s)
✔ [9064/9207] Built OAI.Computability.BinPacking.Reductions.BinaryTotalInputMachine (29s)
✔ [9065/9207] Built OAI.Computability.BinPacking.Reductions.BinaryRenameWords (32s)
✔ [9066/9207] Built OAI.Computability.BinPacking.PCP.NormalizationMachine (32s)
✔ [9067/9207] Built OAI.Computability.BinPacking.Packing.ExtractedCover (28s)
✔ [9068/9207] Built OAI.Computability.BinPacking.Computation.MachineRegularDummyRow (32s)
✔ [9069/9207] Built OAI.Computability.BinPacking.PCP.RawInitialMachineCleanup (25s)
✔ [9070/9207] Built OAI.Computability.BinPacking.Arithmetic.BinaryPowerMachine (48s)
✔ [9071/9207] Built OAI.Computability.BinPacking.Reductions.BinaryLiteralMachine (26s)
✔ [9072/9207] Built OAI.Computability.BinPacking.Configurations.K4Soundness (22s)
✔ [9073/9207] Built OAI.Computability.BinPacking.PCP.RawInitialMachineBody (22s)
✔ [9074/9207] Built OAI.Computability.BinPacking.PCP.FinalConstants (27s)
✔ [9075/9207] Built OAI.Computability.BinPacking.Reductions.BinaryRenameLoop (21s)
✔ [9076/9207] Built OAI.Computability.BinPacking.Arithmetic.NatExpressionBranch (25s)
✔ [9077/9207] Built OAI.Computability.BinPacking.Configurations.ReductionCompleteness (39s)
✔ [9078/9207] Built OAI.Computability.BinPacking.Configurations.ReductionFractional (42s)
✔ [9079/9207] Built OAI.Computability.BinPacking.PCP.RawInitialMachineLoop (17s)
✔ [9080/9207] Built OAI.Computability.BinPacking.PCP.PreprocessingGuarantees (17s)
✔ [9081/9207] Built OAI.Computability.BinPacking.PCP.PoweringFinalConstants (21s)
✔ [9082/9207] Built OAI.Computability.BinPacking.Arithmetic.NatExpressionBounds (18s)
✔ [9083/9207] Built OAI.Computability.BinPacking.PCP.MachineRawInitialTable (16s)
✔ [9084/9207] Built OAI.Computability.BinPacking.Results.StructuralGap (16s)
✔ [9085/9207] Built OAI.Computability.BinPacking.PCP.PreprocessingMachineBounds (16s)
✔ [9086/9207] Built OAI.Computability.BinPacking.Packing.PairExpressionCompiler (12s)
✔ [9087/9207] Built OAI.Computability.BinPacking.Computation.MachineCloudPrefix (14s)
✔ [9088/9207] Built OAI.Computability.BinPacking.PCP.PreprocessingRegularBounds (14s)
✔ [9089/9207] Built OAI.Computability.BinPacking.Arithmetic.ResetExpressionCompiler (11s)
✔ [9090/9207] Built OAI.Computability.BinPacking.Computation.MachineHorner (10s)
✔ [9091/9207] Built OAI.Computability.BinPacking.Packing.PackingTokenAffine (15s)
✔ [9092/9207] Built OAI.Computability.BinPacking.Arithmetic.GraphTallyMachine (16s)
✔ [9093/9207] Built OAI.Computability.BinPacking.PCP.Emitter (16s)
✔ [9094/9207] Built OAI.Computability.BinPacking.CookLevin.CircuitEncodingBridge (21s)
✔ [9095/9207] Built OAI.Computability.BinPacking.Machines.DropPackingBoundMachine (31s)
✔ [9096/9207] Built OAI.Computability.BinPacking.Machines.GraphPackingOutput (32s)
✔ [9097/9207] Built OAI.Computability.BinPacking.Search.SearchInitialShapeMachine (34s)
✔ [9098/9207] Built OAI.Computability.BinPacking.Machines.PackingCountMachine (35s)
✔ [9099/9207] Built OAI.Computability.BinPacking.Search.ExtensionShapeMachine (35s)
✔ [9100/9207] Built OAI.Computability.BinPacking.Search.ExtensionVerifierMachine (35s)
✔ [9101/9207] Built OAI.Computability.BinPacking.Machines.PackingPoolMachine (36s)
✔ [9102/9207] Built OAI.Computability.BinPacking.Computation.MachineExpanderRowDivision (34s)
✔ [9103/9207] Built OAI.Computability.BinPacking.Machines.MachineControlEmbedding (34s)
✔ [9104/9207] Built OAI.Computability.BinPacking.Computation.MachineExpanderRowEmit (35s)
✔ [9105/9207] Built OAI.Computability.BinPacking.CookLevin.PolynomialMachine (35s)
✔ [9106/9207] Built OAI.Computability.BinPacking.CookLevin.CircuitFinish (43s)
✔ [9107/9207] Built OAI.Computability.BinPacking.CookLevin.CircuitProducer (47s)
✔ [9108/9207] Built OAI.Computability.BinPacking.PCP.Lookup (46s)
✔ [9109/9207] Built OAI.Computability.BinPacking.CookLevin.OutputOrder (55s)
✔ [9110/9207] Built OAI.Computability.BinPacking.Computation.PoweringGlobalEnumeration (43s)
✔ [9111/9207] Built OAI.Computability.BinPacking.Computation.MachineVertexPadding (44s)
✔ [9112/9207] Built OAI.Computability.BinPacking.CookLevin.VerifierCircuit (43s)
✔ [9113/9207] Built OAI.Computability.BinPacking.CookLevin.PostfixBounds (47s)
✔ [9114/9207] Built OAI.Computability.BinPacking.Information.SourceNonempty (63s)
✔ [9115/9207] Built OAI.Computability.BinPacking.Computation.FinalCNFRowTrace (53s)
✔ [9116/9207] Built OAI.Computability.BinPacking.Inventory.PackingInventoryDescriptors (105s)
✔ [9117/9207] Built OAI.Computability.BinPacking.CookLevin.TermMachine (52s)
✔ [9118/9207] Built OAI.Computability.BinPacking.Computation.PoweringMachineRowBody (46s)
✔ [9119/9207] Built OAI.Computability.BinPacking.Reductions.BinaryPairMachine (36s)
✔ [9120/9207] Built OAI.Computability.BinPacking.Packing.PackingGapDefinitions (38s)
✔ [9121/9207] Built OAI.Computability.BinPacking.Computation.MachineLazyRows (59s)
✔ [9122/9207] Built OAI.Computability.BinPacking.Reductions.BinaryInputReduction (39s)
✔ [9123/9207] Built OAI.Computability.BinPacking.Computation.MachineExpanderFamilyAffine (45s)
✔ [9124/9207] Built OAI.Computability.BinPacking.Computation.MachineRegularInternalRow (59s)
✔ [9125/9207] Built OAI.Computability.BinPacking.CookLevin.ForestStage (40s)
✔ [9126/9207] Built OAI.Computability.BinPacking.CookLevin.ClashMachine (67s)
✔ [9127/9207] Built OAI.Computability.BinPacking.Computation.FinalCNFCleanup (32s)
✔ [9128/9207] Built OAI.Computability.BinPacking.Search.ExtensionPairMachine (34s)
✔ [9129/9207] Built OAI.Computability.BinPacking.CookLevin.VerifierFront (43s)
✔ [9130/9207] Built OAI.Computability.BinPacking.PCP.PCPIteration (45s)
✔ [9131/9207] Built OAI.Computability.BinPacking.Computation.PoweringMachineRuntime (46s)
✔ [9132/9207] Built OAI.Computability.BinPacking.Search.ApproximationImpliesP (40s)
✔ [9133/9207] Built OAI.Computability.BinPacking.Computation.MachineOverlayRows (37s)
✔ [9134/9207] Built OAI.Computability.BinPacking.Search.SearchInitializeEncoding (43s)
✔ [9135/9207] Built OAI.Computability.BinPacking.Computation.MachineExpanderTableReverse (33s)
✔ [9136/9207] Built OAI.Computability.BinPacking.Computation.MachineExpanderFamilyBoundary (36s)
✔ [9137/9207] Built OAI.Computability.BinPacking.CookLevin.InitializationMachine (33s)
✔ [9138/9207] Built OAI.Computability.BinPacking.Computation.MachineLazyTableRuntime (57s)
✔ [9139/9207] Built OAI.Computability.BinPacking.CookLevin.TransitionArena (45s)
✔ [9140/9207] Built OAI.Computability.BinPacking.Computation.MachineRegularVertexBlock (55s)
✔ [9141/9207] Built OAI.Computability.BinPacking.Search.SearchFinalizeMachine (42s)
✔ [9142/9207] Built OAI.Computability.BinPacking.CookLevin.ValidityMachine (51s)
✔ [9143/9207] Built OAI.Computability.BinPacking.Computation.MachineOverlayTable (51s)
✔ [9144/9207] Built OAI.Computability.BinPacking.Packing.CapacityScan (35s)
✔ [9145/9207] Built OAI.Computability.BinPacking.Search.SearchFixedReplaceMachine (44s)
✔ [9146/9207] Built OAI.Computability.BinPacking.Search.SearchInitialItemsMachine (50s)
✔ [9147/9207] Built OAI.Computability.BinPacking.Search.ExtensionAgreementMachine (40s)
✔ [9148/9207] Built OAI.Computability.BinPacking.PCP.RoundTableGap (70s)
✔ [9149/9207] Built OAI.Computability.BinPacking.CookLevin.InitializationMachineAt (29s)
✔ [9150/9207] Built OAI.Computability.BinPacking.Computation.MachineExpanderTable (52s)
✔ [9151/9207] Built OAI.Computability.BinPacking.CookLevin.PaddingCellsMachine (42s)
✔ [9152/9207] Built OAI.Computability.BinPacking.CookLevin.ValidityComposition (51s)
✔ [9153/9207] Built OAI.Computability.BinPacking.CookLevin.TransitionIteration (62s)
✔ [9154/9207] Built OAI.Computability.BinPacking.Search.SearchPrepareMachine (50s)
✔ [9155/9207] Built OAI.Computability.BinPacking.Machines.PackingPowerProgram (36s)
✔ [9156/9207] Built OAI.Computability.BinPacking.Search.SearchUpdateMachine (52s)
✔ [9157/9207] Built OAI.Computability.BinPacking.Search.ExtensionCapacityBounds (52s)
✔ [9158/9207] Built OAI.Computability.BinPacking.Search.ExtensionValidationMachine (40s)
✔ [9159/9207] Built OAI.Computability.BinPacking.PCP.CompareLoop (32s)
✔ [9160/9207] Built OAI.Computability.BinPacking.Computation.FinalCNFRowPlan (40s)
✔ [9161/9207] Built OAI.Computability.BinPacking.Computation.MachinePaddedExpanderFamily (33s)
✔ [9162/9207] Built OAI.Computability.BinPacking.Arithmetic.BinaryToTallyMachine (31s)
✔ [9163/9207] Built OAI.Computability.BinPacking.Machines.PackingCountedProgram (37s)
✔ [9164/9207] Built OAI.Computability.BinPacking.Hardness.LiteralSlotGraphEnumeration (37s)
✔ [9165/9207] Built OAI.Computability.BinPacking.CookLevin.PayloadPresenceMachine (41s)
✔ [9166/9207] Built OAI.Computability.BinPacking.PCP.PCPSource (27s)
✔ [9167/9207] Built OAI.Computability.BinPacking.Search.SearchStageMachines (33s)
✔ [9168/9207] Built OAI.Computability.BinPacking.Computation.MachinePaddedOverlayRuntime (28s)
✔ [9169/9207] Built OAI.Computability.BinPacking.PCP.Initialization (39s)
✔ [9170/9207] Built OAI.Computability.BinPacking.Packing.PackingAssignments (24s)
✔ [9171/9207] Built OAI.Computability.BinPacking.Machines.PackingSetupGraph (27s)
✔ [9172/9207] Built OAI.Computability.BinPacking.Arithmetic.PackingRegisterUpdate (24s)
✔ [9173/9207] Built OAI.Computability.BinPacking.Computation.MachineRegularExecutionBounds (46s)
✔ [9174/9207] Built OAI.Computability.BinPacking.Computation.GraphIterationBounds (20s)
✔ [9175/9207] Built OAI.Computability.BinPacking.CookLevin.CellsTokensAlignment (31s)
✔ [9176/9207] Built OAI.Computability.BinPacking.Search.ExtensionVerifierPipeline (65s)
✔ [9177/9207] Built OAI.Computability.BinPacking.Hardness.LiteralSlotGraphComputation (31s)
✔ [9178/9207] Built OAI.Computability.BinPacking.Machines.PackingVertexUpdate (17s)
✔ [9179/9207] Built OAI.Computability.BinPacking.Computation.MachineRegularOwnerProgram (27s)
✔ [9180/9207] Built OAI.Computability.BinPacking.Machines.PackingJobLoop (18s)
✔ [9181/9207] Built OAI.Computability.BinPacking.Computation.TableIterationFiniteAlphabet (33s)
✔ [9182/9207] Built OAI.Computability.BinPacking.CookLevin.ProducerFrontStage (33s)
✔ [9183/9207] Built OAI.Computability.BinPacking.Search.ExtensionVerifier (40s)
✔ [9184/9207] Built OAI.Computability.BinPacking.Computation.MachineRegularOwnerBodyBounds (21s)
✔ [9185/9207] Built OAI.Computability.BinPacking.Inventory.PackingConstantPool (16s)
✔ [9186/9207] Built OAI.Computability.BinPacking.CookLevin.TransitionIterationTime (23s)
✔ [9187/9207] Built OAI.Computability.BinPacking.Results.OptimalSearch (14s)
✔ [9188/9207] Built OAI.Computability.BinPacking.Machines.GraphPackingStockStreams (14s)
✔ [9189/9207] Built OAI.Computability.BinPacking.Computation.MachineRegularTable (23s)
✔ [9190/9207] Built OAI.Computability.BinPacking.CookLevin.Completeness (15s)
✔ [9191/9207] Built OAI.Computability.BinPacking.Computation.MachineRegularTableRuntime (11s)
✔ [9192/9207] Built OAI.Computability.BinPacking.Arithmetic.GraphPackingRegisters (52s)
✔ [9193/9207] Built OAI.Computability.BinPacking.Machines.GraphPackingJobList (10s)
✔ [9194/9207] Built OAI.Computability.BinPacking.PCP.PCPSourceHardness (15s)
✔ [9195/9207] Built OAI.Computability.BinPacking.Hardness.PCPPackingGap (11s)
✔ [9196/9207] Built OAI.Computability.BinPacking.Machines.GraphPackingPreparationFinish (18s)
✔ [9197/9207] Built OAI.Computability.BinPacking.Machines.GraphPackingJobCleanup (10s)
✔ [9198/9207] Built OAI.Computability.BinPacking.Machines.GraphPackingVerticesBound (11s)
✔ [9199/9207] Built OAI.Computability.BinPacking.Machines.GraphPackingPreparation (12s)
✔ [9200/9207] Built OAI.Computability.BinPacking.Machines.GraphPackingJobEdge (9.7s)
✔ [9201/9207] Built OAI.Computability.BinPacking.Machines.GraphPackingGlobalExecution (15s)
✔ [9202/9207] Built OAI.Computability.BinPacking.Machines.GraphPackingMachine (47s)
✔ [9203/9207] Built OAI.Computability.BinPacking.Results.PackingHardness (7.9s)
✔ [9204/9207] Built OAI.Computability.BinPacking.Results.AdditiveHardness (6.1s)
✔ [9205/9207] Built OAI.Computability.BinPacking.Results.AlgorithmEquivalence (6.2s)
✔ [9206/9207] Built OAI.Computability.BinPacking.Results.Aggregate (5.9s)
✔ [9207/9207] Built OAI.Computability.BinPacking.Main (6.1s)
Build completed successfully (9207 jobs).
== build rc=0 seconds=1437
{"theorems": ["OAI.BinPackingGap.exists_packing", "OAI.BinPackingGap.NumericalSize.positive", "OAI.BinPackingGap.NumericalSize.capacityBound_spec", "OAI.BinPackingGap.TypeConfiguration.count_lt_bound", "OAI.BinPackingGap.TypeConfiguration.boundedCounts_injective", "OAI.BinPackingGap.RawInstance.den_pos", "OAI.BinPackingGap.main_results"], "defs": ["OAI.BinPackingGames.Foundations.Complexity.encodeWord", "OAI.BinPackingGames.Foundations.Complexity.MachineFiniteAlphabet.FiniteAlphabet", "OAI.BinPackingGames.Foundations.Complexity.CookLevin.pairBits", "OAI.BinPackingGames.Foundations.Complexity.CookLevin.NPVerifier", "OAI.BinPackingGames.Foundations.Complexity.CookLevin.NPVerifier.Accepts", "OAI.BinPackingGames.Foundations.Complexity.CookLevin.InNP", "OAI.BinPackingCompleteness.BinaryEncoding.bitsValue", "OAI.BinPackingCompleteness.BinaryEncoding.frame", "OAI.BinPackingCompleteness.BinaryEncoding.parseFrame", "OAI.BinPackingCompleteness.BinaryEncoding.nameBits", "OAI.BinPackingCompleteness.BinaryEncoding.parseName", "OAI.BinPackingGap.Instance", "OAI.BinPackingGap.Instance.Item", "OAI.BinPackingGap.Packing", "OAI.BinPackingGap.HasPacking", "OAI.BinPackingGap.singletonPacking", "OAI.BinPackingGap.opt", "OAI.BinPackingGap.IndividualConfiguration", "OAI.BinPackingGap.NumericalSize", "OAI.BinPackingGap.NumericalSize.multiplicity", "OAI.BinPackingGap.NumericalSize.capacityBound", "OAI.BinPackingGap.TypeConfiguration", "OAI.BinPackingGap.TypeConfiguration.boundedCounts", "OAI.BinPackingGap.FractionalCover.Feasible", "OAI.BinPackingGap.FractionalCover.objective", "OAI.BinPackingGap.FractionalCover.objectiveSet", "OAI.BinPackingGap.FractionalCover.value", "OAI.BinPackingGap.individualMatrix", "OAI.BinPackingGap.individualLP", "OAI.BinPackingGap.typeMatrix", "OAI.BinPackingGap.typeLP", "OAI.BinPackingGap.RawInstance", "OAI.BinPackingGap.RawReductionOutput", "OAI.BinPackingGap.RawInstance.Valid", "OAI.BinPackingGap.RawInstance.ratValue", "OAI.BinPackingGap.RawInstance.toInstance", "OAI.BinPackingGap.RawPacking", "OAI.BinPackingGap.RawPacking.load", "OAI.BinPackingGap.RawPacking.Feasible", "OAI.BinPackingGap.BinaryEncoding.natBits", "OAI.BinPackingGap.BinaryEncoding.parseNat", "OAI.BinPackingGap.BinaryEncoding.listBits", "OAI.BinPackingGap.BinaryEncoding.pairBits", "OAI.BinPackingGap.BinaryEncoding.optionBits", "OAI.BinPackingGap.BinaryEncoding.Parser", "OAI.BinPackingGap.BinaryEncoding.parsePair", "OAI.BinPackingGap.BinaryEncoding.parseListAux", "OAI.BinPackingGap.BinaryEncoding.parseList", "OAI.BinPackingGap.BinaryEncoding.decode", "OAI.BinPackingGap.BinaryEncoding.rawInstanceBits", "OAI.BinPackingGap.BinaryEncoding.assignmentBits", "OAI.BinPackingGap.BinaryEncoding.rawPackingBits", "OAI.BinPackingGap.BinaryEncoding.packingResultBits", "OAI.BinPackingGap.BinaryEncoding.rawReductionOutputBits", "OAI.BinPackingGap.BinaryEncoding.parseRawInstance", "OAI.BinPackingGap.BinaryEncoding.decodeRawInstance", "OAI.BinPackingGap.BitLanguage", "OAI.BinPackingGap.InP", "OAI.BinPackingGap.ClassP", "OAI.BinPackingGap.ClassNP", "OAI.BinPackingGap.PEqualsNP", "OAI.BinPackingGap.AbsoluteAdditiveAlgorithm", "OAI.BinPackingGap.PackingGapReduction", "OAI.BinPackingGap.PackingGapNPHard"], "json_theorems": ["OAI.BinPackingGap.main_results"], "missing_from_parse": []}
TYPES/DEFS DIFFER BinPackingGap
1,5d0
< /Users/shannon/cc/math/math/lean/Scratch/Challenge_BinPackingGap.lean:356:8:
< warning:
< declaration
< uses
< `sorry`
AXIOMS: 'OAI.BinPackingGap.main_results' depends on axioms: [propext, Classical.choice, Quot.sound] 
== end=2026-10-09T06:09:45Z
