== BorsukNine  module=OAI.Geometry.Borsuk.Main  start=2026-10-08T09:57:24Z
warning: PrimeNumberTheoremAnd: repository '/Users/shannon/cc/math/math/lean/.lake/packages/PrimeNumberTheoremAnd' has local changes
warning: belyi: repository '/Users/shannon/cc/math/math/lean/.lake/packages/belyi' has local changes
warning: formal-schemes: repository '/Users/shannon/cc/math/math/lean/.lake/packages/formal-schemes' has local changes
warning: elliptic-curves: repository '/Users/shannon/cc/math/math/lean/.lake/packages/elliptic-curves' has local changes
warning: tempered-fundamental-groups: repository '/Users/shannon/cc/math/math/lean/.lake/packages/tempered-fundamental-groups' has local changes
warning: oka: repository '/Users/shannon/cc/math/math/lean/.lake/packages/oka' has local changes
warning: orbicurve-cores: repository '/Users/shannon/cc/math/math/lean/.lake/packages/orbicurve-cores' has local changes
warning: pi1: repository '/Users/shannon/cc/math/math/lean/.lake/packages/pi1' has local changes
warning: heights: repository '/Users/shannon/cc/math/math/lean/.lake/packages/heights' has local changes
warning: genl: repository '/Users/shannon/cc/math/math/lean/.lake/packages/genl' has local changes
warning: tate-curves-theta: repository '/Users/shannon/cc/math/math/lean/.lake/packages/tate-curves-theta' has local changes
warning: iut: repository '/Users/shannon/cc/math/math/lean/.lake/packages/iut' has local changes
warning: gromov: repository '/Users/shannon/cc/math/math/lean/.lake/packages/gromov' has local changes
warning: SphereEversion: repository '/Users/shannon/cc/math/math/lean/.lake/packages/SphereEversion' has local changes
warning: schoenflies-lean: repository '/Users/shannon/cc/math/math/lean/.lake/packages/schoenflies-lean' has local changes
warning: ClassFieldTheory: repository '/Users/shannon/cc/math/math/lean/.lake/packages/ClassFieldTheory' has local changes
warning: AINTLIB: repository '/Users/shannon/cc/math/math/lean/.lake/packages/AINTLIB' has local changes
warning: AbsorptionCutoff: repository '/Users/shannon/cc/math/math/lean/.lake/packages/AbsorptionCutoff' has local changes
warning: StrongPNT: repository '/Users/shannon/cc/math/math/lean/.lake/packages/StrongPNT' has local changes
warning: carleson: repository '/Users/shannon/cc/math/math/lean/.lake/packages/carleson' has local changes
warning: rellich-kondrachov: repository '/Users/shannon/cc/math/math/lean/.lake/packages/rellich-kondrachov' has local changes
warning: Zeta3Irrational: repository '/Users/shannon/cc/math/math/lean/.lake/packages/Zeta3Irrational' has local changes
warning: fixed-point-theorems: repository '/Users/shannon/cc/math/math/lean/.lake/packages/fixed-point-theorems' has local changes
✔ [8924/9192] Built OAI.Geometry.Borsuk.LocalParity.Sard (59s)
✔ [8925/9192] Built OAI.Geometry.Borsuk.Projectors.SimplexPoint (59s)
✔ [8926/9192] Built OAI.Geometry.Borsuk.LocalParity.LocalRegular (59s)
✔ [8927/9192] Built OAI.Geometry.Borsuk.Projectors.FinitePatch (59s)
✔ [8928/9192] Built OAI.Geometry.Borsuk.Projectors.FiniteClosedCutoffs (59s)
✔ [8929/9192] Built OAI.Geometry.Borsuk.TenLabels.Labels (59s)
✔ [8930/9192] Built OAI.Geometry.Borsuk.Support.FacetTangent (59s)
✔ [8931/9192] Built OAI.Geometry.Borsuk.Projectors.NullImage (63s)
✔ [8932/9192] Built OAI.Geometry.Borsuk.Simplicial.F2 (31s)
✔ [8933/9192] Built OAI.Geometry.Borsuk.Support.Chambers (35s)
✔ [8934/9192] Built OAI.Geometry.Borsuk.MatrixGeometry.ReflectionTransport (35s)
✔ [8935/9192] Built OAI.Geometry.Borsuk.Projectors.FiniteOpenGlue (35s)
✔ [8936/9192] Built OAI.Geometry.Borsuk.Projectors.CompactLocalHomotopy (35s)
✔ [8937/9192] Built OAI.Geometry.Borsuk.MatrixGeometry.BlockVector (35s)
✔ [8938/9192] Built OAI.Geometry.Borsuk.MatrixGeometry.PositiveSlice (36s)
✔ [8939/9192] Built OAI.Geometry.Borsuk.Projectors.CoordinateSum (40s)
✔ [8940/9192] Built OAI.Geometry.Borsuk.Model (32s)
✔ [8941/9192] Built OAI.Geometry.Borsuk.MatrixGeometry.SymmetricCoordinates (35s)
✔ [8942/9192] Built OAI.Geometry.Borsuk.SmithTheory.Involution (35s)
✔ [8943/9192] Built OAI.Geometry.Borsuk.SphereGeometry.SphereMeasure (36s)
✔ [8944/9192] Built OAI.Geometry.Borsuk.FiniteCases.Cases039 (33s)
✔ [8945/9192] Built OAI.Geometry.Borsuk.FiniteCases.Cases013 (38s)
✔ [8946/9192] Built OAI.Geometry.Borsuk.Projectors.Tangent (40s)
✔ [8947/9192] Built OAI.Geometry.Borsuk.MatrixGeometry.MatrixNorm (46s)
✔ [8948/9192] Built OAI.Geometry.Borsuk.FiniteCases.Cases024 (49s)
✔ [8949/9192] Built OAI.Geometry.Borsuk.FiniteCases.Cases035 (39s)
✔ [8950/9192] Built OAI.Geometry.Borsuk.FiniteCases.Cases033 (49s)
✔ [8951/9192] Built OAI.Geometry.Borsuk.FiniteCases.Cases031 (48s)
✔ [8952/9192] Built OAI.Geometry.Borsuk.FiniteCases.Cases073 (45s)
✔ [8953/9192] Built OAI.Geometry.Borsuk.FiniteCases.Cases068 (45s)
✔ [8954/9192] Built OAI.Geometry.Borsuk.FiniteCases.Cases002 (53s)
✔ [8955/9192] Built OAI.Geometry.Borsuk.FiniteCases.Cases018 (44s)
✔ [8956/9192] Built OAI.Geometry.Borsuk.FiniteCases.Cases040 (45s)
✔ [8957/9192] Built OAI.Geometry.Borsuk.FiniteCases.Cases055 (45s)
✔ [8958/9192] Built OAI.Geometry.Borsuk.FiniteCases.Cases063 (45s)
✔ [8959/9192] Built OAI.Geometry.Borsuk.FiniteCases.Cases027 (44s)
✔ [8960/9192] Built OAI.Geometry.Borsuk.FiniteCases.Cases007 (45s)
✔ [8961/9192] Built OAI.Geometry.Borsuk.FiniteCases.Cases014 (45s)
✔ [8962/9192] Built OAI.Geometry.Borsuk.FiniteCases.Cases015 (45s)
✔ [8963/9192] Built OAI.Geometry.Borsuk.FiniteCases.Cases016 (45s)
✔ [8964/9192] Built OAI.Geometry.Borsuk.FiniteCases.Cases030 (51s)
✔ [8965/9192] Built OAI.Geometry.Borsuk.FiniteCases.Cases048 (51s)
✔ [8966/9192] Built OAI.Geometry.Borsuk.FiniteCases.Cases050 (51s)
✔ [8967/9192] Built OAI.Geometry.Borsuk.FiniteCases.Cases065 (51s)
✔ [8968/9192] Built OAI.Geometry.Borsuk.FiniteCases.Cases067 (50s)
✔ [8969/9192] Built OAI.Geometry.Borsuk.FiniteCases.Cases069 (50s)
✔ [8970/9192] Built OAI.Geometry.Borsuk.FiniteCases.Cases054 (51s)
✔ [8971/9192] Built OAI.Geometry.Borsuk.FiniteCases.Cases071 (50s)
✔ [8972/9192] Built OAI.Geometry.Borsuk.FiniteCases.Cases008 (86s)
✔ [8973/9192] Built OAI.Geometry.Borsuk.FiniteCases.Cases010 (86s)
✔ [8974/9192] Built OAI.Geometry.Borsuk.FiniteCases.Cases009 (86s)
✔ [8975/9192] Built OAI.Geometry.Borsuk.FiniteCases.Cases004 (86s)
✔ [8976/9192] Built OAI.Geometry.Borsuk.FiniteCases.Cases019 (86s)
✔ [8977/9192] Built OAI.Geometry.Borsuk.FiniteCases.Cases011 (86s)
✔ [8978/9192] Built OAI.Geometry.Borsuk.FiniteCases.Cases017 (86s)
✔ [8979/9192] Built OAI.Geometry.Borsuk.FiniteCases.Cases005 (87s)
✔ [8980/9192] Built OAI.Geometry.Borsuk.FiniteCases.Cases028 (32s)
✔ [8981/9192] Built OAI.Geometry.Borsuk.FiniteCases.Cases029 (32s)
✔ [8982/9192] Built OAI.Geometry.Borsuk.FiniteCases.Cases036 (32s)
✔ [8983/9192] Built OAI.Geometry.Borsuk.FiniteCases.Cases032 (32s)
✔ [8984/9192] Built OAI.Geometry.Borsuk.FiniteCases.Cases034 (32s)
✔ [8985/9192] Built OAI.Geometry.Borsuk.FiniteCases.Cases021 (33s)
✔ [8986/9192] Built OAI.Geometry.Borsuk.FiniteCases.Cases022 (33s)
✔ [8987/9192] Built OAI.Geometry.Borsuk.FiniteCases.Cases037 (32s)
✔ [8988/9192] Built OAI.Geometry.Borsuk.FiniteCases.Cases044 (37s)
✔ [8989/9192] Built OAI.Geometry.Borsuk.FiniteCases.Cases038 (38s)
✔ [8990/9192] Built OAI.Geometry.Borsuk.FiniteCases.Cases042 (37s)
✔ [8991/9192] Built OAI.Geometry.Borsuk.FiniteCases.Cases041 (38s)
✔ [8992/9192] Built OAI.Geometry.Borsuk.FiniteCases.Cases045 (37s)
✔ [8993/9192] Built OAI.Geometry.Borsuk.FiniteCases.Cases046 (37s)
✔ [8994/9192] Built OAI.Geometry.Borsuk.FiniteCases.Cases047 (37s)
✔ [8995/9192] Built OAI.Geometry.Borsuk.FiniteCases.Cases049 (37s)
✔ [8996/9192] Built OAI.Geometry.Borsuk.FiniteCases.Cases051 (35s)
✔ [8997/9192] Built OAI.Geometry.Borsuk.FiniteCases.Cases052 (35s)
✔ [8998/9192] Built OAI.Geometry.Borsuk.FiniteCases.Cases053 (35s)
✔ [8999/9192] Built OAI.Geometry.Borsuk.FiniteCases.Cases057 (35s)
✔ [9000/9192] Built OAI.Geometry.Borsuk.FiniteCases.Cases060 (35s)
✔ [9001/9192] Built OAI.Geometry.Borsuk.FiniteCases.Cases061 (35s)
✔ [9002/9192] Built OAI.Geometry.Borsuk.FiniteCases.Cases070 (35s)
✔ [9003/9192] Built OAI.Geometry.Borsuk.FiniteCases.Cases056 (36s)
✔ [9004/9192] Built OAI.Geometry.Borsuk.FiniteCases.Cases072 (40s)
✔ [9005/9192] Built OAI.Geometry.Borsuk.FiniteCases.Cases023 (40s)
✔ [9006/9192] Built OAI.Geometry.Borsuk.FiniteCases.Cases025 (40s)
✔ [9007/9192] Built OAI.Geometry.Borsuk.FiniteCases.Cases026 (40s)
✔ [9008/9192] Built OAI.Geometry.Borsuk.FiniteCases.Cases043 (39s)
✔ [9009/9192] Built OAI.Geometry.Borsuk.FiniteCases.Cases003 (41s)
✔ [9010/9192] Built OAI.Geometry.Borsuk.FiniteCases.Cases012 (40s)
✔ [9011/9192] Built OAI.Geometry.Borsuk.FiniteCases.Cases020 (40s)
✔ [9012/9192] Built OAI.Geometry.Borsuk.FiniteCases.Cases059 (46s)
✔ [9013/9192] Built OAI.Geometry.Borsuk.FiniteCases.Cases062 (46s)
✔ [9014/9192] Built OAI.Geometry.Borsuk.FiniteCases.Cases064 (46s)
✔ [9015/9192] Built OAI.Geometry.Borsuk.FiniteCases.Cases066 (46s)
✔ [9016/9192] Built OAI.Geometry.Borsuk.FiniteCases.Cases075 (46s)
✔ [9017/9192] Built OAI.Geometry.Borsuk.FiniteCases.Cases058 (46s)
✔ [9018/9192] Built OAI.Geometry.Borsuk.FiniteCases.Cases074 (46s)
✔ [9019/9192] Built OAI.Geometry.Borsuk.FiniteCases.Cases001 (46s)
✔ [9020/9192] Built OAI.Geometry.Borsuk.Support.ChamberPath (33s)
✔ [9021/9192] Built OAI.Geometry.Borsuk.Simplicial.Maps (33s)
✔ [9022/9192] Built OAI.Geometry.Borsuk.MatrixGeometry.SymmetricEntries (33s)
✔ [9023/9192] Built OAI.Geometry.Borsuk.Projectors.FiniteSmoothSliceMisses (33s)
✔ [9024/9192] Built OAI.Geometry.Borsuk.SphereGeometry.TraceSphere (34s)
✔ [9025/9192] Built OAI.Geometry.Borsuk.Projectors.Basic (35s)
✔ [9026/9192] Built OAI.Geometry.Borsuk.FiniteCases.Cases006 (36s)
✔ [9027/9192] Built OAI.Geometry.Borsuk.Support.DisjointChambers (36s)
✔ [9028/9192] Built OAI.Geometry.Borsuk.SphereGeometry.HomogeneousLift (25s)
✔ [9029/9192] Built OAI.Geometry.Borsuk.Simplicial.Equivariance (27s)
✔ [9030/9192] Built OAI.Geometry.Borsuk.SphereGeometry.SphereMoments (27s)
✔ [9031/9192] Built OAI.Geometry.Borsuk.MatrixGeometry.MatrixCompression (25s)
✔ [9032/9192] Built OAI.Geometry.Borsuk.Projectors.FiniteSmoothSliceMissesBounded (27s)
✔ [9033/9192] Built OAI.Geometry.Borsuk.FiniteCases.Cases076 (26s)
✔ [9034/9192] Built OAI.Geometry.Borsuk.SphereGeometry.IntegralLift (18s)
✔ [9035/9192] Built OAI.Geometry.Borsuk.FiniteCases.Cases077 (20s)
✔ [9036/9192] Built OAI.Geometry.Borsuk.FiniteCases.Cases108 (20s)
✔ [9037/9192] Built OAI.Geometry.Borsuk.FiniteCases.Cases106 (20s)
✔ [9038/9192] Built OAI.Geometry.Borsuk.FiniteCases.Cases107 (20s)
✔ [9039/9192] Built OAI.Geometry.Borsuk.FiniteCases.Cases105 (20s)
✔ [9040/9192] Built OAI.Geometry.Borsuk.FiniteCases.Cases078 (15s)
✔ [9041/9192] Built OAI.Geometry.Borsuk.FiniteCases.Cases104 (15s)
✔ [9042/9192] Built OAI.Geometry.Borsuk.FiniteCases.Cases103 (15s)
✔ [9043/9192] Built OAI.Geometry.Borsuk.MatrixGeometry.MatrixKernel (22s)
✔ [9044/9192] Built OAI.Geometry.Borsuk.FiniteCases.Cases079 (12s)
✔ [9045/9192] Built OAI.Geometry.Borsuk.MatrixGeometry.Rank (14s)
✔ [9046/9192] Built OAI.Geometry.Borsuk.MatrixGeometry.SignedExtension (16s)
✔ [9047/9192] Built OAI.Geometry.Borsuk.FiniteCases.Cases080 (13s)
✔ [9048/9192] Built OAI.Geometry.Borsuk.MatrixGeometry.MatrixTransport (17s)
✔ [9049/9192] Built OAI.Geometry.Borsuk.Support.FullSupport (17s)
✔ [9050/9192] Built OAI.Geometry.Borsuk.MatrixGeometry.MatrixFibre (20s)
✔ [9051/9192] Built OAI.Geometry.Borsuk.Support.SpectralSupport (19s)
✔ [9052/9192] Built OAI.Geometry.Borsuk.FiniteCases.Cases081 (15s)
✔ [9053/9192] Built OAI.Geometry.Borsuk.MatrixGeometry.MatrixReflection (15s)
✔ [9054/9192] Built OAI.Geometry.Borsuk.SphereGeometry.SphereExtension (16s)
✔ [9055/9192] Built OAI.Geometry.Borsuk.FiniteCases.Cases082 (13s)
✔ [9056/9192] Built OAI.Geometry.Borsuk.MatrixGeometry.RankPreimage (16s)
✔ [9057/9192] Built OAI.Geometry.Borsuk.MatrixGeometry.FibreTransport (17s)
✔ [9058/9192] Built OAI.Geometry.Borsuk.FiniteCases.Cases083 (14s)
✔ [9059/9192] Built OAI.Geometry.Borsuk.SphereGeometry.OddSphereMap (16s)
✔ [9060/9192] Built OAI.Geometry.Borsuk.MatrixGeometry.SpectralChart (21s)
✔ [9061/9192] Built OAI.Geometry.Borsuk.FiniteCases.Cases084 (14s)
✔ [9062/9192] Built OAI.Geometry.Borsuk.Simplicial.NormMap (14s)
✔ [9063/9192] Built OAI.Geometry.Borsuk.SmithTheory.CharacteristicCochains (14s)
✔ [9064/9192] Built OAI.Geometry.Borsuk.MatrixGeometry.LineRepresentative (20s)
✔ [9065/9192] Built OAI.Geometry.Borsuk.Simplicial.MemSupportSimplex (13s)
✔ [9066/9192] Built OAI.Geometry.Borsuk.FiniteCases.Cases085 (15s)
✔ [9067/9192] Built OAI.Geometry.Borsuk.FiniteCases.Cases087 (15s)
✔ [9068/9192] Built OAI.Geometry.Borsuk.Simplicial.SubdivSimplex (14s)
✔ [9069/9192] Built OAI.Geometry.Borsuk.FiniteCases.Cases088 (14s)
✔ [9070/9192] Built OAI.Geometry.Borsuk.FiniteCases.Cases086 (15s)
✔ [9071/9192] Built OAI.Geometry.Borsuk.Support.NegativeFibre (18s)
✔ [9072/9192] Built OAI.Geometry.Borsuk.Simplicial.SimplexMemDegreeAll (12s)
✔ [9073/9192] Built OAI.Geometry.Borsuk.FiniteCases.Cases089 (11s)
✔ [9074/9192] Built OAI.Geometry.Borsuk.Simplicial.MapChainsEquivSimplexAll (14s)
✔ [9075/9192] Built OAI.Geometry.Borsuk.Simplicial.SignedVertex (14s)
✔ [9076/9192] Built OAI.Geometry.Borsuk.FiniteCases.Cases090 (15s)
✔ [9077/9192] Built OAI.Geometry.Borsuk.Simplicial.DoubleEraseSumFun (17s)
✔ [9078/9192] Built OAI.Geometry.Borsuk.Simplicial.LinearMapSupport (22s)
✔ [9079/9192] Built OAI.Geometry.Borsuk.Simplicial.Coefficients (23s)
✔ [9080/9192] Built OAI.Geometry.Borsuk.Simplicial.MaxIndex (23s)
✔ [9081/9192] Built OAI.Geometry.Borsuk.Simplicial.CrossChainDimensionBound (24s)
✔ [9082/9192] Built OAI.Geometry.Borsuk.Simplicial.CharacteristicDegree (23s)
✔ [9083/9192] Built OAI.Geometry.Borsuk.FiniteCases.Cases091 (24s)
✔ [9084/9192] Built OAI.Geometry.Borsuk.FiniteCases.Cases098 (24s)
✔ [9085/9192] Built OAI.Geometry.Borsuk.Simplicial.BarycenterNeg (18s)
✔ [9086/9192] Built OAI.Geometry.Borsuk.Simplicial.ContigSimplexBoundary (21s)
✔ [9087/9192] Built OAI.Geometry.Borsuk.FiniteCases.Cases099 (18s)
✔ [9088/9192] Built OAI.Geometry.Borsuk.Simplicial.Flip (20s)
✔ [9089/9192] Built OAI.Geometry.Borsuk.FiniteCases.Cases092 (18s)
✔ [9090/9192] Built OAI.Geometry.Borsuk.FiniteCases.Cases093 (15s)
✔ [9091/9192] Built OAI.Geometry.Borsuk.Simplicial.BoolCubeConstant (15s)
✔ [9092/9192] Built OAI.Geometry.Borsuk.Simplicial.Refinement (16s)
✔ [9093/9192] Built OAI.Geometry.Borsuk.Simplicial.CrossEmbedding (24s)
✔ [9094/9192] Built OAI.Geometry.Borsuk.FiniteCases.Cases094 (10s)
✔ [9095/9192] Built OAI.Geometry.Borsuk.Simplicial.FineCrossMap (11s)
✔ [9096/9192] Built OAI.Geometry.Borsuk.FiniteCases.Cases095 (9.9s)
✔ [9097/9192] Built OAI.Geometry.Borsuk.FiniteCases.Cases096 (13s)
✔ [9098/9192] Built OAI.Geometry.Borsuk.Simplicial.UnitRadial (16s)
✔ [9099/9192] Built OAI.Geometry.Borsuk.Simplicial.Approximation (20s)
✔ [9100/9192] Built OAI.Geometry.Borsuk.Simplicial.GeneralTarget (20s)
✔ [9101/9192] Built OAI.Geometry.Borsuk.FiniteCases.Cases097 (13s)
✔ [9102/9192] Built OAI.Geometry.Borsuk.Simplicial.OddSphereDimensionBoundFintype (15s)
✔ [9103/9192] Built OAI.Geometry.Borsuk.SphereGeometry.HemisphereChart (16s)
✔ [9104/9192] Built OAI.Geometry.Borsuk.Simplicial.FineCrossMapMesh (14s)
✔ [9105/9192] Built OAI.Geometry.Borsuk.Simplicial.Supports (14s)
✔ [9106/9192] Built OAI.Geometry.Borsuk.FiniteCases.Cases100 (13s)
✔ [9107/9192] Built OAI.Geometry.Borsuk.Projectors.Restrict (15s)
✔ [9108/9192] Built OAI.Geometry.Borsuk.LocalParity.ChartRegular (17s)
✔ [9109/9192] Built OAI.Geometry.Borsuk.Simplicial.LabelRegion (16s)
✔ [9110/9192] Built OAI.Geometry.Borsuk.Simplicial.EventuallyFineSphereLabel (20s)
✔ [9111/9192] Built OAI.Geometry.Borsuk.FiniteCases.Cases101 (16s)
✔ [9112/9192] Built OAI.Geometry.Borsuk.Projectors.NegativeQuadratic (25s)
✔ [9113/9192] Built OAI.Geometry.Borsuk.Support.ActiveChambers (16s)
✔ [9114/9192] Built OAI.Geometry.Borsuk.Simplicial.SignVector (17s)
✔ [9115/9192] Built OAI.Geometry.Borsuk.Simplicial.CompactAdditiveLocality (18s)
✔ [9116/9192] Built OAI.Geometry.Borsuk.LocalParity.SphereBlock (22s)
✔ [9117/9192] Built OAI.Geometry.Borsuk.FiniteCases.Cases102 (19s)
✔ [9118/9192] Built OAI.Geometry.Borsuk.MatrixGeometry.BlockParts (24s)
✔ [9119/9192] Built OAI.Geometry.Borsuk.LocalParity.LocalModel (24s)
✔ [9120/9192] Built OAI.Geometry.Borsuk.LocalParity.RegularPatch (29s)
✔ [9121/9192] Built OAI.Geometry.Borsuk.Support.PurityChart (24s)
✔ [9122/9192] Built OAI.Geometry.Borsuk.Simplicial.OddHomotopySurjective (20s)
✔ [9123/9192] Built OAI.Geometry.Borsuk.MatrixGeometry.FinitePositiveBound (18s)
✔ [9124/9192] Built OAI.Geometry.Borsuk.Support.PurityGeometry (23s)
✔ [9125/9192] Built OAI.Geometry.Borsuk.FiniteCases.Cases109 (19s)
✔ [9126/9192] Built OAI.Geometry.Borsuk.MatrixGeometry.ModelRay (18s)
✔ [9127/9192] Built OAI.Geometry.Borsuk.MatrixGeometry.BlockLine (23s)
✔ [9128/9192] Built OAI.Geometry.Borsuk.Simplicial.NullHomotopyLocalModels (19s)
✔ [9129/9192] Built OAI.Geometry.Borsuk.Support.BalancedChart (23s)
✔ [9130/9192] Built OAI.Geometry.Borsuk.MatrixGeometry.FibreHomotopy (20s)
✔ [9131/9192] Built OAI.Geometry.Borsuk.MatrixGeometry.TraceHomotopy (24s)
✔ [9132/9192] Built OAI.Geometry.Borsuk.LocalParity.RegularBase (19s)
✔ [9133/9192] Built OAI.Geometry.Borsuk.LocalParity.TraceLocalModels (25s)
✔ [9134/9192] Built OAI.Geometry.Borsuk.FiniteCases.Cases110 (16s)
✔ [9135/9192] Built OAI.Geometry.Borsuk.Support.LocalMix (19s)
✔ [9136/9192] Built OAI.Geometry.Borsuk.SphereGeometry.NormSphere (16s)
✔ [9137/9192] Built OAI.Geometry.Borsuk.MatrixGeometry.FibreContinuity (18s)
✔ [9138/9192] Built OAI.Geometry.Borsuk.MatrixGeometry.TracePatchModels (15s)
✔ [9139/9192] Built OAI.Geometry.Borsuk.Projectors.RaySet (18s)
✔ [9140/9192] Built OAI.Geometry.Borsuk.FiniteCases.Cases111 (15s)
✔ [9141/9192] Built OAI.Geometry.Borsuk.LocalParity.SphereNullPatch (14s)
✔ [9142/9192] Built OAI.Geometry.Borsuk.LocalParity.RegularModel (17s)
✔ [9143/9192] Built OAI.Geometry.Borsuk.Projectors.CompactTargetHits (17s)
✔ [9144/9192] Built OAI.Geometry.Borsuk.FiniteCases.Cases112 (15s)
✔ [9145/9192] Built OAI.Geometry.Borsuk.Support.MixedHomotopy (18s)
✔ [9146/9192] Built OAI.Geometry.Borsuk.MatrixGeometry.CenterApproximation (24s)
✔ [9147/9192] Built OAI.Geometry.Borsuk.LocalParity.SphereParity (17s)
✔ [9148/9192] Built OAI.Geometry.Borsuk.FiniteCases.Cases113 (12s)
✔ [9149/9192] Built OAI.Geometry.Borsuk.Support.MixedHits (13s)
✔ [9150/9192] Built OAI.Geometry.Borsuk.FiniteCases.Cases114 (9.8s)
✔ [9151/9192] Built OAI.Geometry.Borsuk.Projectors.ChartSurgery (11s)
✔ [9152/9192] Built OAI.Geometry.Borsuk.LocalParity.MatrixParity (12s)
✔ [9153/9192] Built OAI.Geometry.Borsuk.FiniteCases.Cases115 (9.4s)
✔ [9154/9192] Built OAI.Geometry.Borsuk.Support.Purity (10s)
✔ [9155/9192] Built OAI.Geometry.Borsuk.LocalParity.NoFreeRidge (9.7s)
✔ [9156/9192] Built OAI.Geometry.Borsuk.FiniteCases.Cases116 (9.1s)
✔ [9157/9192] Built OAI.Geometry.Borsuk.Support.SupportIncidence (8.8s)
✔ [9158/9192] Built OAI.Geometry.Borsuk.FiniteCases.Cases117 (7.0s)
✔ [9159/9192] Built OAI.Geometry.Borsuk.Projectors.TenPure (8.3s)
✔ [9160/9192] Built OAI.Geometry.Borsuk.FiniteCases.Cases118 (7.6s)
✔ [9161/9192] Built OAI.Geometry.Borsuk.Support.AllPairs (8.6s)
✔ [9162/9192] Built OAI.Geometry.Borsuk.FiniteCases.Cases119 (7.6s)
✔ [9163/9192] Built OAI.Geometry.Borsuk.Support.SixFaces (7.7s)
✔ [9164/9192] Built OAI.Geometry.Borsuk.FiniteCases.Cases120 (7.7s)
✔ [9165/9192] Built OAI.Geometry.Borsuk.Projectors.Within (7.9s)
✔ [9166/9192] Built OAI.Geometry.Borsuk.FiniteCases.Cases121 (7.6s)
✔ [9167/9192] Built OAI.Geometry.Borsuk.FiniteCases.Cases122 (6.2s)
✔ [9168/9192] Built OAI.Geometry.Borsuk.FiniteCases.Cases123 (5.7s)
✔ [9169/9192] Built OAI.Geometry.Borsuk.FiniteCases.Cases124 (5.5s)
✔ [9170/9192] Built OAI.Geometry.Borsuk.FiniteCases.Cases125 (5.3s)
✔ [9171/9192] Built OAI.Geometry.Borsuk.FiniteCases.Cases126 (5.2s)
✔ [9172/9192] Built OAI.Geometry.Borsuk.FiniteCases.Cases127 (5.2s)
✔ [9173/9192] Built OAI.Geometry.Borsuk.FiniteCases.Cases128 (5.1s)
✔ [9174/9192] Built OAI.Geometry.Borsuk.FiniteCases.Cases129 (5.0s)
✔ [9175/9192] Built OAI.Geometry.Borsuk.FiniteCases.Cases130 (5.1s)
✔ [9176/9192] Built OAI.Geometry.Borsuk.FiniteCases.Cases131 (5.1s)
✔ [9177/9192] Built OAI.Geometry.Borsuk.FiniteCases.Cases132 (5.1s)
✔ [9178/9192] Built OAI.Geometry.Borsuk.FiniteCases.Cases133 (5.0s)
✔ [9179/9192] Built OAI.Geometry.Borsuk.FiniteCases.Cases134 (4.0s)
✔ [9180/9192] Built OAI.Geometry.Borsuk.FiniteCases.Cases135 (4.9s)
✔ [9181/9192] Built OAI.Geometry.Borsuk.FiniteCases.Cases136 (4.0s)
✔ [9182/9192] Built OAI.Geometry.Borsuk.FiniteCases.Cases137 (4.9s)
✔ [9183/9192] Built OAI.Geometry.Borsuk.FiniteCases.Cases138 (4.0s)
✔ [9184/9192] Built OAI.Geometry.Borsuk.FiniteCases.Cases139 (4.9s)
✔ [9185/9192] Built OAI.Geometry.Borsuk.FiniteCases.Cases140 (4.9s)
✔ [9186/9192] Built OAI.Geometry.Borsuk.FiniteCases.Cases141 (4.0s)
✔ [9187/9192] Built OAI.Geometry.Borsuk.FiniteCases.Cases142 (5.0s)
✔ [9188/9192] Built OAI.Geometry.Borsuk.FiniteCases.Cases143 (5.1s)
✔ [9189/9192] Built OAI.Geometry.Borsuk.FiniteCases.Cases144 (5.1s)
✔ [9190/9192] Built OAI.Geometry.Borsuk.FiniteCases.Cases145 (4.8s)
✔ [9191/9192] Built OAI.Geometry.Borsuk.Counterexample (4.8s)
✔ [9192/9192] Built OAI.Geometry.Borsuk.Main (5.6s)
Build completed successfully (9192 jobs).
== build rc=0 seconds=1247
{"theorems": ["OAI.BorsukNine.main_theorem"], "defs": ["OAI.BorsukNine.Vector4", "OAI.BorsukNine.Matrix4", "OAI.BorsukNine.projector", "OAI.BorsukNine.projectorSet", "OAI.BorsukNine.traceOneSymmetric", "OAI.BorsukNine.HasTenSmallCover"], "json_theorems": ["OAI.BorsukNine.main_theorem"], "missing_from_parse": []}
TYPES/DEFS DIFFER BorsukNine
1,5d0
< /Users/shannon/cc/math/math/lean/Scratch/Challenge_BorsukNine.lean:25:8:
< warning:
< declaration
< uses
< `sorry`
AXIOMS: 'OAI.BorsukNine.main_theorem' depends on axioms: [propext, Classical.choice, Quot.sound] 
== end=2026-10-08T10:18:32Z
