== BoundedTreewidthL1  module=OAI.Combinatorics.TreewidthL1.Main  start=2026-10-09T14:59:31Z
warning: PrimeNumberTheoremAnd: repository '/Users/shannon/cc/math/math/lean/.lake/packages/PrimeNumberTheoremAnd' has local changes
warning: belyi: repository '/Users/shannon/cc/math/math/lean/.lake/packages/belyi' has local changes
warning: formal-schemes: repository '/Users/shannon/cc/math/math/lean/.lake/packages/formal-schemes' has local changes
warning: elliptic-curves: repository '/Users/shannon/cc/math/math/lean/.lake/packages/elliptic-curves' has local changes
warning: tempered-fundamental-groups: repository '/Users/shannon/cc/math/math/lean/.lake/packages/tempered-fundamental-groups' has local changes
warning: oka: repository '/Users/shannon/cc/math/math/lean/.lake/packages/oka' has local changes
warning: orbicurve-cores: repository '/Users/shannon/cc/math/math/lean/.lake/packages/orbicurve-cores' has local changes
warning: pi1: repository '/Users/shannon/cc/math/math/lean/.lake/packages/pi1' has local changes
warning: heights: repository '/Users/shannon/cc/math/math/lean/.lake/packages/heights' has local changes
warning: genl: repository '/Users/shannon/cc/math/math/lean/.lake/packages/genl' has local changes
warning: tate-curves-theta: repository '/Users/shannon/cc/math/math/lean/.lake/packages/tate-curves-theta' has local changes
warning: iut: repository '/Users/shannon/cc/math/math/lean/.lake/packages/iut' has local changes
warning: gromov: repository '/Users/shannon/cc/math/math/lean/.lake/packages/gromov' has local changes
warning: SphereEversion: repository '/Users/shannon/cc/math/math/lean/.lake/packages/SphereEversion' has local changes
warning: schoenflies-lean: repository '/Users/shannon/cc/math/math/lean/.lake/packages/schoenflies-lean' has local changes
warning: ClassFieldTheory: repository '/Users/shannon/cc/math/math/lean/.lake/packages/ClassFieldTheory' has local changes
warning: AINTLIB: repository '/Users/shannon/cc/math/math/lean/.lake/packages/AINTLIB' has local changes
warning: AbsorptionCutoff: repository '/Users/shannon/cc/math/math/lean/.lake/packages/AbsorptionCutoff' has local changes
warning: StrongPNT: repository '/Users/shannon/cc/math/math/lean/.lake/packages/StrongPNT' has local changes
warning: carleson: repository '/Users/shannon/cc/math/math/lean/.lake/packages/carleson' has local changes
warning: rellich-kondrachov: repository '/Users/shannon/cc/math/math/lean/.lake/packages/rellich-kondrachov' has local changes
warning: Zeta3Irrational: repository '/Users/shannon/cc/math/math/lean/.lake/packages/Zeta3Irrational' has local changes
warning: fixed-point-theorems: repository '/Users/shannon/cc/math/math/lean/.lake/packages/fixed-point-theorems' has local changes
✔ [8924/8956] Built OAI.Combinatorics.TreewidthL1.Model (5.3s)
✔ [8925/8956] Built OAI.Combinatorics.TreewidthL1.WeightedPaths (5.3s)
✔ [8926/8956] Built OAI.Combinatorics.TreewidthL1.Cuts (6.0s)
✔ [8927/8956] Built OAI.Combinatorics.TreewidthL1.Particles (7.5s)
✔ [8928/8956] Built OAI.Combinatorics.TreewidthL1.TreeParticles (5.8s)
✔ [8929/8956] Built OAI.Combinatorics.TreewidthL1.TreeMarkov (6.8s)
✔ [8930/8956] Built OAI.Combinatorics.TreewidthL1.BagLabels (6.1s)
✔ [8931/8956] Built OAI.Combinatorics.TreewidthL1.ParticleLaws (11s)
✔ [8932/8956] Built OAI.Combinatorics.TreewidthL1.Anchors (6.9s)
✔ [8933/8956] Built OAI.Combinatorics.TreewidthL1.Annulus (9.8s)
✔ [8934/8956] Built OAI.Combinatorics.TreewidthL1.Padding (7.0s)
✔ [8935/8956] Built OAI.Combinatorics.TreewidthL1.LaunchNoise (8.6s)
✔ [8936/8956] Built OAI.Combinatorics.TreewidthL1.ExpandedParticles (6.5s)
✔ [8937/8956] Built OAI.Combinatorics.TreewidthL1.OrderedSweep (7.1s)
✔ [8938/8956] Built OAI.Combinatorics.TreewidthL1.ReservedCoupling (5.9s)
✔ [8939/8956] Built OAI.Combinatorics.TreewidthL1.ReservedTests (5.9s)
✔ [8940/8956] Built OAI.Combinatorics.TreewidthL1.MarkovProduct (5.7s)
✔ [8941/8956] Built OAI.Combinatorics.TreewidthL1.ExpandedPaths (5.9s)
✔ [8942/8956] Built OAI.Combinatorics.TreewidthL1.ExpandedTree (5.4s)
✔ [8943/8956] Built OAI.Combinatorics.TreewidthL1.Construction (5.5s)
✔ [8944/8956] Built OAI.Combinatorics.TreewidthL1.ExpandedAnchor (5.9s)
✔ [8945/8956] Built OAI.Combinatorics.TreewidthL1.TreeGeometry (5.8s)
✔ [8946/8956] Built OAI.Combinatorics.TreewidthL1.NoiseCube (6.4s)
✔ [8947/8956] Built OAI.Combinatorics.TreewidthL1.CachedEnsemble (5.0s)
✔ [8948/8956] Built OAI.Combinatorics.TreewidthL1.AnchorExperiment (6.5s)
✔ [8949/8956] Built OAI.Combinatorics.TreewidthL1.YoungestCrossing (6.1s)
✔ [8950/8956] Built OAI.Combinatorics.TreewidthL1.CacheControl (7.2s)
✔ [8951/8956] Built OAI.Combinatorics.TreewidthL1.AnchorGeometry (6.6s)
✔ [8952/8956] Built OAI.Combinatorics.TreewidthL1.AnchorEmbedding (6.8s)
✔ [8953/8956] Built OAI.Combinatorics.TreewidthL1.CobagNoise (7.1s)
✔ [8954/8956] Built OAI.Combinatorics.TreewidthL1.CobagScales (5.5s)
✔ [8955/8956] Built OAI.Combinatorics.TreewidthL1.CobagEmbedding (6.4s)
✔ [8956/8956] Built OAI.Combinatorics.TreewidthL1.Main (5.7s)
Build completed successfully (8956 jobs).
== build rc=0 seconds=224
{"theorems": ["OAI.BoundedTreewidthL1.main_theorem"], "defs": ["OAI.BoundedTreewidthL1.walkLength", "OAI.BoundedTreewidthL1.shortestPathDistance", "OAI.BoundedTreewidthL1.HasTreeDecomposition", "OAI.BoundedTreewidthL1.HasL1Embedding", "OAI.BoundedTreewidthL1.MainStatement"], "json_theorems": ["OAI.BoundedTreewidthL1.main_theorem"], "missing_from_parse": []}
TYPES/DEFS DIFFER BoundedTreewidthL1
1,5d0
< /Users/shannon/cc/math/math/lean/Scratch/Challenge_BoundedTreewidthL1.lean:43:8:
< warning:
< declaration
< uses
< `sorry`
AXIOMS: 'OAI.BoundedTreewidthL1.main_theorem' depends on axioms: [propext, Classical.choice, Quot.sound] 
== end=2026-10-09T15:03:34Z
