== CannonGeometricAction  module=OAI.Geometry.Cannon.Main  start=2026-10-07T14:51:32Z
warning: belyi: repository '/Users/shannon/cc/math/math/lean/.lake/packages/belyi' has local changes
warning: formal-schemes: repository '/Users/shannon/cc/math/math/lean/.lake/packages/formal-schemes' has local changes
warning: elliptic-curves: repository '/Users/shannon/cc/math/math/lean/.lake/packages/elliptic-curves' has local changes
warning: tempered-fundamental-groups: repository '/Users/shannon/cc/math/math/lean/.lake/packages/tempered-fundamental-groups' has local changes
warning: oka: repository '/Users/shannon/cc/math/math/lean/.lake/packages/oka' has local changes
warning: orbicurve-cores: repository '/Users/shannon/cc/math/math/lean/.lake/packages/orbicurve-cores' has local changes
warning: pi1: repository '/Users/shannon/cc/math/math/lean/.lake/packages/pi1' has local changes
warning: heights: repository '/Users/shannon/cc/math/math/lean/.lake/packages/heights' has local changes
warning: genl: repository '/Users/shannon/cc/math/math/lean/.lake/packages/genl' has local changes
warning: tate-curves-theta: repository '/Users/shannon/cc/math/math/lean/.lake/packages/tate-curves-theta' has local changes
warning: iut: repository '/Users/shannon/cc/math/math/lean/.lake/packages/iut' has local changes
✔ [8924/9222] Built OAI.Geometry.Cannon.Topology.ThreeMarksAvoidTwo (24s)
✔ [8925/9222] Built OAI.Geometry.Cannon.Topology.EquicontinuousCompactBound (24s)
✔ [8926/9222] Built OAI.Geometry.Cannon.Modulus.TangentDiskMeet (24s)
✔ [8927/9222] Built OAI.Geometry.Cannon.Modulus.Quad (25s)
✔ [8928/9222] Built OAI.Geometry.Cannon.Actions.Proper (25s)
✔ [8929/9222] Built OAI.Geometry.Cannon.Modulus.SqDiffNormDiff (30s)
✔ [8930/9222] Built OAI.Geometry.Cannon.Beltrami.RectCrossing (32s)
✔ [8931/9222] Built OAI.Geometry.Cannon.Beltrami.MultiplyLp (42s)
✔ [8932/9222] Built OAI.Geometry.Cannon.Uniformization.AnnulusFamily (19s)
✔ [8933/9222] Built OAI.Geometry.Cannon.Boundary.ThreeMarksTwoMetrics (20s)
✔ [8934/9222] Built OAI.Geometry.Cannon.Topology.ExteriorConnected (20s)
✔ [8935/9222] Built OAI.Geometry.Cannon.Uniformization.LocalCompactSurjection (21s)
✔ [8936/9222] Built OAI.Geometry.Cannon.Topology.NoTripleClosedBalls (22s)
✔ [8937/9222] Built OAI.Geometry.Cannon.Topology.Retraction (19s)
✔ [8938/9222] Built OAI.Geometry.Cannon.Conformal.Sphere (19s)
✔ [8939/9222] Built OAI.Geometry.Cannon.Flows.NearProbabilityBound (18s)
✔ [8940/9222] Built OAI.Geometry.Cannon.Energy.ClopenNeighborhoodComponent (19s)
✔ [8941/9222] Built OAI.Geometry.Cannon.ScalarLimits.OrderedVariationPath (19s)
✔ [8942/9222] Built OAI.Geometry.Cannon.ScalarLimits.Dirac (19s)
✔ [8943/9222] Built OAI.Geometry.Cannon.Energy.Plane (21s)
✔ [8944/9222] Built OAI.Geometry.Cannon.PlanarGraphs.RadialIncidenceLength (19s)
✔ [8945/9222] Built OAI.Geometry.Cannon.Energy.Square (25s)
✔ [8946/9222] Built OAI.Geometry.Cannon.PlaneTopology.Hat (23s)
✔ [8947/9222] Built OAI.Geometry.Cannon.Modulus.ClosedCoverReflTrans (18s)
✔ [8948/9222] Built OAI.Geometry.Cannon.Modulus.Weights (21s)
✔ [8949/9222] Built OAI.Geometry.Cannon.CirclePacking.Radius (19s)
✔ [8950/9222] Built OAI.Geometry.Cannon.Modulus.PositiveCapacityTransitions (19s)
✔ [8951/9222] Built OAI.Geometry.Cannon.Flows.Lower (18s)
✔ [8952/9222] Built OAI.Geometry.Cannon.PlanarGraphs.Plane (18s)
✔ [8953/9222] Built OAI.Geometry.Cannon.Topology.Plane (20s)
✔ [8954/9222] Built OAI.Geometry.Cannon.Modulus.Clip (27s)
✔ [8955/9222] Built OAI.Geometry.Cannon.CirclePacking.Cycle (18s)
✔ [8956/9222] Built OAI.Geometry.Cannon.CirclePacking.Demand (20s)
✔ [8957/9222] Built OAI.Geometry.Cannon.PlanarGraphs.Next (22s)
✔ [8958/9222] Built OAI.Geometry.Cannon.PlanarGraphs.EdgesConfinedCore (19s)
✔ [8959/9222] Built OAI.Geometry.Cannon.PlanarGraphs.EdgeGraph (19s)
✔ [8960/9222] Built OAI.Geometry.Cannon.CirclePacking.AngleGradient (25s)
✔ [8961/9222] Built OAI.Geometry.Cannon.CirclePacking.TrianglePoint (33s)
✔ [8962/9222] Built OAI.Geometry.Cannon.Boundary.GraphReachableCover (18s)
✔ [8963/9222] Built OAI.Geometry.Cannon.PlanarGraphs.FiniteClosedLocal (17s)
✔ [8964/9222] Built OAI.Geometry.Cannon.Boundary.GraphPreconnected (17s)
✔ [8965/9222] Built OAI.Geometry.Cannon.PlanarGraphs.InteriorUnion (16s)
✔ [8966/9222] Built OAI.Geometry.Cannon.Topology.LabelsConstant (17s)
✔ [8967/9222] Built OAI.Geometry.Cannon.Energy.PuncturedBallConnected (17s)
✔ [8968/9222] Built OAI.Geometry.Cannon.Boundary.UnitCircle (19s)
✔ [8969/9222] Built OAI.Geometry.Cannon.PlanarGraphs.Region (18s)
✔ [8970/9222] Built OAI.Geometry.Cannon.PlanarGraphs.NetJoined (18s)
✔ [8971/9222] Built OAI.Geometry.Cannon.PlanarGraphs.GraphShear (19s)
✔ [8972/9222] Built OAI.Geometry.Cannon.Topology.Glue (17s)
✔ [8973/9222] Built OAI.Geometry.Cannon.PlaneTopology.Lift (23s)
✔ [8974/9222] Built OAI.Geometry.Cannon.Model (19s)
✔ [8975/9222] Built OAI.Geometry.Cannon.Conformal.SphereTwo (21s)
✔ [8976/9222] Built OAI.Geometry.Cannon.PlaneTopology.Arc (22s)
✔ [8977/9222] Built OAI.Geometry.Cannon.PlaneTopology.Plane (20s)
✔ [8978/9222] Built OAI.Geometry.Cannon.Modulus.CompleteSquare (20s)
✔ [8979/9222] Built OAI.Geometry.Cannon.Topology.PlaneBox (22s)
✔ [8980/9222] Built OAI.Geometry.Cannon.Conformal.Distinct (21s)
✔ [8981/9222] Built OAI.Geometry.Cannon.Conformal.Round (17s)
✔ [8982/9222] Built OAI.Geometry.Cannon.Energy.StopInside (18s)
✔ [8983/9222] Built OAI.Geometry.Cannon.Modulus.ClosedAnnulus (18s)
✔ [8984/9222] Built OAI.Geometry.Cannon.Energy.LiftPath (19s)
✔ [8985/9222] Built OAI.Geometry.Cannon.Modulus.RadialCellEnergy (20s)
✔ [8986/9222] Built OAI.Geometry.Cannon.Modulus.Cost (19s)
✔ [8987/9222] Built OAI.Geometry.Cannon.Modulus.IndicesPreimageImage (19s)
✔ [8988/9222] Built OAI.Geometry.Cannon.Beltrami.SideOrientation (20s)
✔ [8989/9222] Built OAI.Geometry.Cannon.PlanarGraphs.Steps (19s)
✔ [8990/9222] Built OAI.Geometry.Cannon.PlanarGraphs.CutOrder (21s)
✔ [8991/9222] Built OAI.Geometry.Cannon.PlanarGraphs.ClosureRegionInside (21s)
✔ [8992/9222] Built OAI.Geometry.Cannon.CirclePacking.StrictCutsGiveAngles (23s)
✔ [8993/9222] Built OAI.Geometry.Cannon.PlanarGraphs.ChartLabel (20s)
✔ [8994/9222] Built OAI.Geometry.Cannon.PlanarGraphs.ComponentRegion (19s)
✔ [8995/9222] Built OAI.Geometry.Cannon.Beltrami.Axis (56s)
✔ [8996/9222] Built OAI.Geometry.Cannon.PlanarGraphs.PositiveHalfAxis (19s)
✔ [8997/9222] Built OAI.Geometry.Cannon.PlanarGraphs.IncidentSubsetPatch (17s)
✔ [8998/9222] Built OAI.Geometry.Cannon.CirclePacking.OrientedArea (43s)
✔ [8999/9222] Built OAI.Geometry.Cannon.PlanarGraphs.FlatChartBoundaryPatch (17s)
✔ [9000/9222] Built OAI.Geometry.Cannon.PlanarGraphs.HomeomorphComponents (17s)
✔ [9001/9222] Built OAI.Geometry.Cannon.Topology.ComponentRegionConnected (17s)
✔ [9002/9222] Built OAI.Geometry.Cannon.Boundary.Thin (19s)
✔ [9003/9222] Built OAI.Geometry.Cannon.PlaneTopology.GraphEdgeValueCompatible (19s)
✔ [9004/9222] Built OAI.Geometry.Cannon.PlaneTopology.Consecutive (22s)
✔ [9005/9222] Built OAI.Geometry.Cannon.PlaneTopology.HomeoPlane (18s)
✔ [9006/9222] Built OAI.Geometry.Cannon.Conformal.SpherePuncturedChart (18s)
✔ [9007/9222] Built OAI.Geometry.Cannon.ScalarLimits.Osc (20s)
✔ [9008/9222] Built OAI.Geometry.Cannon.Energy.PathCosts (19s)
✔ [9009/9222] Built OAI.Geometry.Cannon.ScalarLimits.LocalOscillation (19s)
✔ [9010/9222] Built OAI.Geometry.Cannon.Modulus.ClippedRadialEnergy (27s)
✔ [9011/9222] Built OAI.Geometry.Cannon.Modulus.ModulusEnergy (18s)
✔ [9012/9222] Built OAI.Geometry.Cannon.PlanarGraphs.RegionBoundaryHitsOpen (18s)
✔ [9013/9222] Built OAI.Geometry.Cannon.Energy.StripCrossing (19s)
✔ [9014/9222] Built OAI.Geometry.Cannon.Boundary.ThinQuadrilateral (18s)
✔ [9015/9222] Built OAI.Geometry.Cannon.Boundary.BoundaryHomeomorph (20s)
✔ [9016/9222] Built OAI.Geometry.Cannon.PlaneTopology.IncidentEdges (23s)
✔ [9017/9222] Built OAI.Geometry.Cannon.PlaneTopology.VertexNearCard (22s)
✔ [9018/9222] Built OAI.Geometry.Cannon.PlaneTopology.Straight (25s)
✔ [9019/9222] Built OAI.Geometry.Cannon.PlaneTopology.FiniteSupport (24s)
✔ [9020/9222] Built OAI.Geometry.Cannon.Energy.RawFunction (23s)
✔ [9021/9222] Built OAI.Geometry.Cannon.Beltrami.CauchySymbol (41s)
✔ [9022/9222] Built OAI.Geometry.Cannon.Modulus.ModulusSerialBound (19s)
✔ [9023/9222] Built OAI.Geometry.Cannon.Energy.OpenPreconnectedRemovePoint (19s)
✔ [9024/9222] Built OAI.Geometry.Cannon.PlaneTopology.TameGraphFlatChart (17s)
✔ [9025/9222] Built OAI.Geometry.Cannon.PlaneTopology.TameInitialInterval (17s)
✔ [9026/9222] Built OAI.Geometry.Cannon.Boundary.VisualScale (21s)
✔ [9027/9222] Built OAI.Geometry.Cannon.Energy.Extend (18s)
✔ [9028/9222] Built OAI.Geometry.Cannon.Energy.SquareMap (20s)
✔ [9029/9222] Built OAI.Geometry.Cannon.Beltrami.TwoPointNormalize (22s)
✔ [9030/9222] Built OAI.Geometry.Cannon.PlaneTopology.TameEdgeIncidenceLocal (21s)
✔ [9031/9222] Built OAI.Geometry.Cannon.Conformal.BoundaryUniformQuasiMobius (21s)
✔ [9032/9222] Built OAI.Geometry.Cannon.Energy.Interior (21s)
✔ [9033/9222] Built OAI.Geometry.Cannon.Energy.NormalizedModulus (21s)
✔ [9034/9222] Built OAI.Geometry.Cannon.Energy.SquareMapRange (21s)
✔ [9035/9222] Built OAI.Geometry.Cannon.Beltrami.DirichletPullback (21s)
✔ [9036/9222] Built OAI.Geometry.Cannon.PlaneTopology.Reverse (29s)
✔ [9037/9222] Built OAI.Geometry.Cannon.Boundary.BoundaryDist (36s)
✔ [9038/9222] Built OAI.Geometry.Cannon.PlaneTopology.FiniteVertexSet (17s)
✔ [9039/9222] Built OAI.Geometry.Cannon.Energy.ChartSquareInterior (14s)
✔ [9040/9222] Built OAI.Geometry.Cannon.ScalarLimits.LaterRecord (15s)
✔ [9041/9222] Built OAI.Geometry.Cannon.PlaneTopology.Portion (15s)
✔ [9042/9222] Built OAI.Geometry.Cannon.Beltrami.ContinuousMemLpRestrict (18s)
✔ [9043/9222] Built OAI.Geometry.Cannon.PlaneTopology.RegionEdges (12s)
✔ [9044/9222] Built OAI.Geometry.Cannon.Boundary.ImageAwayPuncture (15s)
✔ [9045/9222] Built OAI.Geometry.Cannon.PlaneTopology.TamePairJordanRegions (13s)
✔ [9046/9222] Built OAI.Geometry.Cannon.PlaneTopology.CrosscutIncidenceLocal (14s)
✔ [9047/9222] Built OAI.Geometry.Cannon.PlaneTopology.PullChartUnionCompl (13s)
✔ [9048/9222] Built OAI.Geometry.Cannon.Boundary.ExpansionGlobalUpper (14s)
✔ [9049/9222] Built OAI.Geometry.Cannon.Boundary.WordBall (15s)
✔ [9050/9222] Built OAI.Geometry.Cannon.PlaneTopology.RadialStable (16s)
✔ [9051/9222] Built OAI.Geometry.Cannon.Modulus.Ambient (23s)
✔ [9052/9222] Built OAI.Geometry.Cannon.PlaneTopology.ChartTameFaceCount (13s)
✔ [9053/9222] Built OAI.Geometry.Cannon.PlaneTopology.BoundaryControlledEmbeddedArcs (15s)
✔ [9054/9222] Built OAI.Geometry.Cannon.Boundary.PolynomialPacking (16s)
✔ [9055/9222] Built OAI.Geometry.Cannon.Boundary.VisualSynchronousPrefix (16s)
✔ [9056/9222] Built OAI.Geometry.Cannon.Modulus.CarrierHomeomorph (15s)
✔ [9057/9222] Built OAI.Geometry.Cannon.PlaneTopology.TameEdgeIncidenceOpen (19s)
✔ [9058/9222] Built OAI.Geometry.Cannon.PlaneTopology.OtherComponentDeleteArc (19s)
✔ [9059/9222] Built OAI.Geometry.Cannon.Modulus.AnnularNet (17s)
✔ [9060/9222] Built OAI.Geometry.Cannon.Energy.ApproxSelfSimilar (19s)
✔ [9061/9222] Built OAI.Geometry.Cannon.PlaneTopology.ControlledDiskCover (20s)
✔ [9062/9222] Built OAI.Geometry.Cannon.Modulus.PathCellIndices (22s)
✔ [9063/9222] Built OAI.Geometry.Cannon.Modulus.BoundaryNormalizedAnnularCarriers (16s)
✔ [9064/9222] Built OAI.Geometry.Cannon.Uniformization.EventualRelativeShrink (24s)
✔ [9065/9222] Built OAI.Geometry.Cannon.PlaneTopology.HalfParam (18s)
✔ [9066/9222] Built OAI.Geometry.Cannon.Boundary.BoundaryControlledDiskCover (13s)
✔ [9067/9222] Built OAI.Geometry.Cannon.Conformal.SpherePathConnected (14s)
✔ [9068/9222] Built OAI.Geometry.Cannon.Modulus.BinNearCard (18s)
✔ [9069/9222] Built OAI.Geometry.Cannon.Uniformization.ProductFactorSmall (16s)
✔ [9070/9222] Built OAI.Geometry.Cannon.PlaneTopology.NoncutCycleFreeRegion (16s)
✔ [9071/9222] Built OAI.Geometry.Cannon.PlaneTopology.VertexLines (16s)
✔ [9072/9222] Built OAI.Geometry.Cannon.PlaneTopology.SeparatedArcColoring (14s)
✔ [9073/9222] Built OAI.Geometry.Cannon.Uniformization.LayerFamily (19s)
✔ [9074/9222] Built OAI.Geometry.Cannon.Conformal.QuasiMobius (16s)
✔ [9075/9222] Built OAI.Geometry.Cannon.Flows.GoodCandidates (17s)
✔ [9076/9222] Built OAI.Geometry.Cannon.PlaneTopology.RetainedFacesSurplus (19s)
✔ [9077/9222] Built OAI.Geometry.Cannon.PlanarGraphs.Support (20s)
✔ [9078/9222] Built OAI.Geometry.Cannon.PlaneTopology.FreeArcDeleteConnected (20s)
✔ [9079/9222] Built OAI.Geometry.Cannon.Boundary.BoundaryUniformEmbeddedGraph (17s)
✔ [9080/9222] Built OAI.Geometry.Cannon.PlaneTopology.FaceClosuresCover (21s)
✔ [9081/9222] Built OAI.Geometry.Cannon.Uniformization.SurjectiveRealizationHomeomorphLimit (15s)
✔ [9082/9222] Built OAI.Geometry.Cannon.Flows.Node (19s)
✔ [9083/9222] Built OAI.Geometry.Cannon.PlaneTopology.FacialStar (16s)
✔ [9084/9222] Built OAI.Geometry.Cannon.PlanarGraphs.ConnectedPlanarBounds (17s)
✔ [9085/9222] Built OAI.Geometry.Cannon.PlaneTopology.FaceVerticesCardThree (18s)
✔ [9086/9222] Built OAI.Geometry.Cannon.PlaneTopology.SquareSide (25s)
✔ [9087/9222] Built OAI.Geometry.Cannon.Boundary.BoundaryBasedRay (16s)
✔ [9088/9222] Built OAI.Geometry.Cannon.Flows.FarDiam (16s)
✔ [9089/9222] Built OAI.Geometry.Cannon.Flows.Subdivision (18s)
✔ [9090/9222] Built OAI.Geometry.Cannon.PlaneTopology.Spans (32s)
✔ [9091/9222] Built OAI.Geometry.Cannon.PlanarGraphs.PlanarBounds (15s)
✔ [9092/9222] Built OAI.Geometry.Cannon.Boundary.BoundaryUniformComplementGraph (14s)
✔ [9093/9222] Built OAI.Geometry.Cannon.PlaneTopology.IntersectionCountEmbedding (16s)
✔ [9094/9222] Built OAI.Geometry.Cannon.PlaneTopology.GraphVerticesDenseOriginal (15s)
✔ [9095/9222] Built OAI.Geometry.Cannon.Flows.State (18s)
✔ [9096/9222] Built OAI.Geometry.Cannon.PlaneTopology.NoncutEdgeTwoFaces (17s)
✔ [9097/9222] Built OAI.Geometry.Cannon.Boundary.BoundaryUniformConnectedComplement (15s)
✔ [9098/9222] Built OAI.Geometry.Cannon.PlaneTopology.NetArcGraphSet (18s)
✔ [9099/9222] Built OAI.Geometry.Cannon.PlaneTopology.PairComponentClosure (29s)
✔ [9100/9222] Built OAI.Geometry.Cannon.PlanarGraphs.TriangularCounts (16s)
✔ [9101/9222] Built OAI.Geometry.Cannon.Modulus.AnnularPatternDistance (17s)
✔ [9102/9222] Built OAI.Geometry.Cannon.ScalarLimits.Words (19s)
✔ [9103/9222] Built OAI.Geometry.Cannon.PlaneTopology.IncidentFaces (23s)
✔ [9104/9222] Built OAI.Geometry.Cannon.Boundary.BoundaryLocallyConnected (16s)
✔ [9105/9222] Built OAI.Geometry.Cannon.PlaneTopology.FaceHull (17s)
✔ [9106/9222] Built OAI.Geometry.Cannon.PlaneTopology.FaceVerticesCard (19s)
✔ [9107/9222] Built OAI.Geometry.Cannon.ScalarLimits.IntervalAvoiding (18s)
✔ [9108/9222] Built OAI.Geometry.Cannon.Flows.NormalizedComparison (18s)
✔ [9109/9222] Built OAI.Geometry.Cannon.Flows.Oscillation (20s)
✔ [9110/9222] Built OAI.Geometry.Cannon.PlaneTopology.VertexLinkOrder (17s)
✔ [9111/9222] Built OAI.Geometry.Cannon.PlaneTopology.DualGraph (17s)
✔ [9112/9222] Built OAI.Geometry.Cannon.PlaneTopology.FacewiseCompactSurjectiveRealization (16s)
✔ [9113/9222] Built OAI.Geometry.Cannon.PlanarGraphs.TraceCard (21s)
✔ [9114/9222] Built OAI.Geometry.Cannon.Energy.MeshEnergy (18s)
✔ [9115/9222] Built OAI.Geometry.Cannon.Flows.OscillationMonoRange (18s)
✔ [9116/9222] Built OAI.Geometry.Cannon.ScalarLimits.OscillationPairwise (19s)
✔ [9117/9222] Built OAI.Geometry.Cannon.PlaneTopology.DualGraphGaugeGraph (19s)
✔ [9118/9222] Built OAI.Geometry.Cannon.Flows.WeightedOscillation (24s)
✔ [9119/9222] Built OAI.Geometry.Cannon.PlaneTopology.MetricStarFlat (21s)
✔ [9120/9222] Built OAI.Geometry.Cannon.PlaneTopology.CompactifiedFace (19s)
✔ [9121/9222] Built OAI.Geometry.Cannon.Boundary.BoundaryUniformTriangularGraphs (21s)
✔ [9122/9222] Built OAI.Geometry.Cannon.Energy.RecordData (18s)
✔ [9123/9222] Built OAI.Geometry.Cannon.Modulus.UniformOriginalChargingCounts (18s)
✔ [9124/9222] Built OAI.Geometry.Cannon.Energy.MeshEnergySumFilter (16s)
✔ [9125/9222] Built OAI.Geometry.Cannon.Flows.NoVanishingLocalMesh (17s)
✔ [9126/9222] Built OAI.Geometry.Cannon.ScalarLimits.TransformedScalarEnergyConstant (21s)
✔ [9127/9222] Built OAI.Geometry.Cannon.PlaneTopology.NoSingleFaceDiscordance (18s)
✔ [9128/9222] Built OAI.Geometry.Cannon.Modulus.ScalarAnnularConstant (22s)
✔ [9129/9222] Built OAI.Geometry.Cannon.Flows.Domain (20s)
✔ [9130/9222] Built OAI.Geometry.Cannon.PlaneTopology.IntrinsicCircleData (19s)
✔ [9131/9222] Built OAI.Geometry.Cannon.Energy.MeshTransportBound (19s)
✔ [9132/9222] Built OAI.Geometry.Cannon.Flows.FlowSetup (21s)
✔ [9133/9222] Built OAI.Geometry.Cannon.ScalarLimits.Exhaustion (18s)
✔ [9134/9222] Built OAI.Geometry.Cannon.Energy.AffineRangeBounded (18s)
✔ [9135/9222] Built OAI.Geometry.Cannon.Flows.EscapingLevelEnergyObstruction (17s)
✔ [9136/9222] Built OAI.Geometry.Cannon.ScalarLimits.InteriorScalar (20s)
✔ [9137/9222] Built OAI.Geometry.Cannon.Flows.ContinuousDomain (16s)
✔ [9138/9222] Built OAI.Geometry.Cannon.Energy.DomainImage (16s)
✔ [9139/9222] Built OAI.Geometry.Cannon.PlaneTopology.DevelopedFaces (17s)
✔ [9140/9222] Built OAI.Geometry.Cannon.Flows.FlowPuncture (17s)
✔ [9141/9222] Built OAI.Geometry.Cannon.Flows.IntervalAvoidingShortRange (18s)
✔ [9142/9222] Built OAI.Geometry.Cannon.ScalarLimits.EscapingLevelsAlong (19s)
✔ [9143/9222] Built OAI.Geometry.Cannon.Boundary.BoundaryPuncturedPathConnected (19s)
✔ [9144/9222] Built OAI.Geometry.Cannon.Modulus.GeometricAnnularCompactTails (21s)
✔ [9145/9222] Built OAI.Geometry.Cannon.ScalarLimits.ConnectedLimit (21s)
✔ [9146/9222] Built OAI.Geometry.Cannon.ScalarLimits.BoundaryRecordScalarLimit (18s)
✔ [9147/9222] Built OAI.Geometry.Cannon.PlaneTopology.Crossing (21s)
✔ [9148/9222] Built OAI.Geometry.Cannon.ScalarLimits.NormalizedLevelsEscape (15s)
✔ [9149/9222] Built OAI.Geometry.Cannon.Flows.FlowPatternSetup (17s)
✔ [9150/9222] Built OAI.Geometry.Cannon.Energy.GeometricRecordAnnuli (15s)
✔ [9151/9222] Built OAI.Geometry.Cannon.ScalarLimits.ReciprocalPowLog (17s)
✔ [9152/9222] Built OAI.Geometry.Cannon.PlaneTopology.InnerFlux (16s)
✔ [9153/9222] Built OAI.Geometry.Cannon.ScalarLimits.UniformlyImage (16s)
✔ [9154/9222] Built OAI.Geometry.Cannon.Flows.DyadicBin (16s)
✔ [9155/9222] Built OAI.Geometry.Cannon.CirclePacking.Det (22s)
✔ [9156/9222] Built OAI.Geometry.Cannon.Energy.GeometricLimitMeasureHolder (13s)
✔ [9157/9222] Built OAI.Geometry.Cannon.CirclePacking.SplitRadiusRatioTendsto (14s)
✔ [9158/9222] Built OAI.Geometry.Cannon.PlaneTopology.InteriorBallCover (17s)
✔ [9159/9222] Built OAI.Geometry.Cannon.CirclePacking.OpenEuclideanFan (17s)
✔ [9160/9222] Built OAI.Geometry.Cannon.CirclePacking.PetalAngle (19s)
✔ [9161/9222] Built OAI.Geometry.Cannon.ScalarLimits.CompactVariationRegion (19s)
✔ [9162/9222] Built OAI.Geometry.Cannon.Boundary.BoundaryRecordData (19s)
✔ [9163/9222] Built OAI.Geometry.Cannon.Flows.FlowPaid (15s)
✔ [9164/9222] Built OAI.Geometry.Cannon.PlaneTopology.BoundaryBallCover (13s)
✔ [9165/9222] Built OAI.Geometry.Cannon.Boundary.BoundaryModulusSubexponential (11s)
✔ [9166/9222] Built OAI.Geometry.Cannon.CirclePacking.SectorRingData (14s)
✔ [9167/9222] Built OAI.Geometry.Cannon.Flows.CenterNeighborhood (17s)
✔ [9168/9222] Built OAI.Geometry.Cannon.Boundary.BoundaryUniformCirclePacking (14s)
✔ [9169/9222] Built OAI.Geometry.Cannon.Flows.BoundaryRecordFlow (14s)
✔ [9170/9222] Built OAI.Geometry.Cannon.PlaneTopology.InteriorRadiusControl (16s)
✔ [9171/9222] Built OAI.Geometry.Cannon.PlaneTopology.ClosedInside (17s)
✔ [9172/9222] Built OAI.Geometry.Cannon.Boundary.BoundaryModulusBounded (10s)
✔ [9173/9222] Built OAI.Geometry.Cannon.PlaneTopology.BoundaryRadiusControl (11s)
✔ [9174/9222] Built OAI.Geometry.Cannon.PlaneTopology.ClosedInsideSegment (10s)
✔ [9175/9222] Built OAI.Geometry.Cannon.Uniformization.BoundaryUniformizationInputs (12s)
✔ [9176/9222] Built OAI.Geometry.Cannon.Boundary.BoundaryUniformRingPacking (11s)
✔ [9177/9222] Built OAI.Geometry.Cannon.Modulus.ModulusFamilyMono (14s)
✔ [9178/9222] Built OAI.Geometry.Cannon.Conformal.SphereTile (14s)
✔ [9179/9222] Built OAI.Geometry.Cannon.Conformal.NormalizePackingCenters (13s)
✔ [9180/9222] Built OAI.Geometry.Cannon.Conformal.AnalyticFixInftyAffine (13s)
✔ [9181/9222] Built OAI.Geometry.Cannon.PlaneTopology.FaceHullCompact (13s)
✔ [9182/9222] Built OAI.Geometry.Cannon.Conformal.BoundaryFiniteSphereRealizations (16s)
✔ [9183/9222] Built OAI.Geometry.Cannon.Conformal.Chart (16s)
✔ [9184/9222] Built OAI.Geometry.Cannon.Conformal.AffineRegion (13s)
✔ [9185/9222] Built OAI.Geometry.Cannon.PlaneTopology.RealizationVertex (14s)
✔ [9186/9222] Built OAI.Geometry.Cannon.Modulus.TracePreconnected (13s)
✔ [9187/9222] Built OAI.Geometry.Cannon.Conformal.MarkedChart (15s)
✔ [9188/9222] Built OAI.Geometry.Cannon.Actions.Height (22s)
✔ [9189/9222] Built OAI.Geometry.Cannon.Conformal.ClosureCoeBall (10s)
✔ [9190/9222] Built OAI.Geometry.Cannon.Topology.ThreeSeparation (9.9s)
✔ [9191/9222] Built OAI.Geometry.Cannon.Actions.Triples (9.1s)
✔ [9192/9222] Built OAI.Geometry.Cannon.Conformal.FinitePackingVertex (8.4s)
✔ [9193/9222] Built OAI.Geometry.Cannon.Modulus.PreimageCarrierPostcompose (9.0s)
✔ [9194/9222] Built OAI.Geometry.Cannon.Modulus.LocalSubdisk (7.6s)
✔ [9195/9222] Built OAI.Geometry.Cannon.PlaneTopology.PackingNormalizedTileBudget (5.8s)
✔ [9196/9222] Built OAI.Geometry.Cannon.PlaneTopology.SelectedFaceChargingCounts (6.1s)
✔ [9197/9222] Built OAI.Geometry.Cannon.Boundary.BoundaryPackingRelativeTests (8.6s)
✔ [9198/9222] Built OAI.Geometry.Cannon.Boundary.BoundaryEventualRelativeShrink (7.3s)
✔ [9199/9222] Built OAI.Geometry.Cannon.Conformal.PreservesProducts (10s)
✔ [9200/9222] Built OAI.Geometry.Cannon.Conformal.WeakQSInverseShrink (6.7s)
✔ [9201/9222] Built OAI.Geometry.Cannon.Conformal.ImageArea (8.7s)
✔ [9202/9222] Built OAI.Geometry.Cannon.Conformal.CutoffBump (7.0s)
✔ [9203/9222] Built OAI.Geometry.Cannon.Conformal.OpenMapMaxSphere (6.9s)
✔ [9204/9222] Built OAI.Geometry.Cannon.Conformal.WeakQSPartialsLocally (8.2s)
✔ [9205/9222] Built OAI.Geometry.Cannon.Modulus.AnnularCutoffEnergy (8.9s)
✔ [9206/9222] Built OAI.Geometry.Cannon.Conformal.SphereMeasure (9.0s)
✔ [9207/9222] Built OAI.Geometry.Cannon.Modulus.AnnularCutoffEnergy2 (8.4s)
✔ [9208/9222] Built OAI.Geometry.Cannon.Beltrami.Beltrami (16s)
✔ [9209/9222] Built OAI.Geometry.Cannon.Conformal.Center (16s)
✔ [9210/9222] Built OAI.Geometry.Cannon.Topology.CenteredHomeomorph (11s)
✔ [9211/9222] Built OAI.Geometry.Cannon.Conformal.RestrictedSphereAction (8.4s)
✔ [9212/9222] Built OAI.Geometry.Cannon.Beltrami.Mollifier (7.9s)
✔ [9213/9222] Built OAI.Geometry.Cannon.Beltrami.GlobalMetricWeakMrmt (7.8s)
✔ [9214/9222] Built OAI.Geometry.Cannon.Beltrami.Increment (12s)
✔ [9215/9222] Built OAI.Geometry.Cannon.Conformal.LinearZ (7.9s)
✔ [9216/9222] Built OAI.Geometry.Cannon.Conformal.BoundedCrossRatios (7.4s)
✔ [9217/9222] Built OAI.Geometry.Cannon.Conformal.PlaneWeakQSBounded (5.9s)
✔ [9218/9222] Built OAI.Geometry.Cannon.Conformal.Normalizer (5.7s)
✔ [9219/9222] Built OAI.Geometry.Cannon.Conformal.FiniteB (6.6s)
✔ [9220/9222] Built OAI.Geometry.Cannon.Conformal.GeometricConformalAction (5.2s)
✔ [9221/9222] Built OAI.Geometry.Cannon.Actions.BoundaryAction (4.8s)
✔ [9222/9222] Built OAI.Geometry.Cannon.Main (4.7s)
Build completed successfully (9222 jobs).
== build rc=0 seconds=931
{"theorems": ["OAI.CannonRelease.cannon"], "defs": ["OAI.CannonRelease.CayleyData", "OAI.CannonRelease.CayleyData.graph", "OAI.CannonRelease.CayleyData.ThinTriangles", "OAI.CannonRelease.BasedRay", "OAI.CannonRelease.raySetoid", "OAI.CannonRelease.Boundary", "OAI.CannonRelease.SphereTwo", "OAI.CannonRelease.HyperbolicThree", "OAI.CannonRelease.hyperbolicDist", "OAI.CannonRelease.hyperbolicIsometries", "OAI.CannonRelease.H3Isom", "OAI.CannonRelease.ProperAction", "OAI.CannonRelease.CocompactAction"], "json_theorems": ["OAI.CannonRelease.cannon"], "missing_from_parse": []}
TYPES/DEFS DIFFER CannonGeometricAction
1,5d0
< /Users/shannon/cc/math/math/lean/Scratch/Challenge_CannonGeometricAction.lean:89:8:
< warning:
< declaration
< uses
< `sorry`
AXIOMS: 'OAI.CannonRelease.cannon' depends on axioms: [propext, Classical.choice, Quot.sound] 
== end=2026-10-07T15:07:23Z
