== Catalan  module=OAI.NumberTheory.Catalan.Main  start=2026-10-09T00:35:42Z
warning: PrimeNumberTheoremAnd: repository '/Users/shannon/cc/math/math/lean/.lake/packages/PrimeNumberTheoremAnd' has local changes
warning: belyi: repository '/Users/shannon/cc/math/math/lean/.lake/packages/belyi' has local changes
warning: formal-schemes: repository '/Users/shannon/cc/math/math/lean/.lake/packages/formal-schemes' has local changes
warning: elliptic-curves: repository '/Users/shannon/cc/math/math/lean/.lake/packages/elliptic-curves' has local changes
warning: tempered-fundamental-groups: repository '/Users/shannon/cc/math/math/lean/.lake/packages/tempered-fundamental-groups' has local changes
warning: oka: repository '/Users/shannon/cc/math/math/lean/.lake/packages/oka' has local changes
warning: orbicurve-cores: repository '/Users/shannon/cc/math/math/lean/.lake/packages/orbicurve-cores' has local changes
warning: pi1: repository '/Users/shannon/cc/math/math/lean/.lake/packages/pi1' has local changes
warning: heights: repository '/Users/shannon/cc/math/math/lean/.lake/packages/heights' has local changes
warning: genl: repository '/Users/shannon/cc/math/math/lean/.lake/packages/genl' has local changes
warning: tate-curves-theta: repository '/Users/shannon/cc/math/math/lean/.lake/packages/tate-curves-theta' has local changes
warning: iut: repository '/Users/shannon/cc/math/math/lean/.lake/packages/iut' has local changes
warning: gromov: repository '/Users/shannon/cc/math/math/lean/.lake/packages/gromov' has local changes
warning: SphereEversion: repository '/Users/shannon/cc/math/math/lean/.lake/packages/SphereEversion' has local changes
warning: schoenflies-lean: repository '/Users/shannon/cc/math/math/lean/.lake/packages/schoenflies-lean' has local changes
warning: ClassFieldTheory: repository '/Users/shannon/cc/math/math/lean/.lake/packages/ClassFieldTheory' has local changes
warning: AINTLIB: repository '/Users/shannon/cc/math/math/lean/.lake/packages/AINTLIB' has local changes
warning: AbsorptionCutoff: repository '/Users/shannon/cc/math/math/lean/.lake/packages/AbsorptionCutoff' has local changes
warning: StrongPNT: repository '/Users/shannon/cc/math/math/lean/.lake/packages/StrongPNT' has local changes
warning: carleson: repository '/Users/shannon/cc/math/math/lean/.lake/packages/carleson' has local changes
warning: rellich-kondrachov: repository '/Users/shannon/cc/math/math/lean/.lake/packages/rellich-kondrachov' has local changes
warning: Zeta3Irrational: repository '/Users/shannon/cc/math/math/lean/.lake/packages/Zeta3Irrational' has local changes
warning: fixed-point-theorems: repository '/Users/shannon/cc/math/math/lean/.lake/packages/fixed-point-theorems' has local changes
✔ [2865/2885] Built OAI.NumberTheory.Catalan.Analysis.ManuscriptRealLogScaling (3.6s)
✔ [2868/2914] Built OAI.NumberTheory.Catalan.FirstBarrier.BarrierCaseOnePointLogInputs (3.8s)
✔ [2896/2914] Built OAI.NumberTheory.Catalan.FirstBarrier.BarrierCaseOneRootExistence (4.9s)
✔ [2898/2914] Built OAI.NumberTheory.Catalan.Polynomial.CentralCoefficients (4.8s)
✔ [2899/2918] Built OAI.NumberTheory.Catalan.Energy.BarrierChebyshevUSeries (6.4s)
✔ [2901/2933] Built OAI.NumberTheory.Catalan.Energy.BarrierDescartesCoefficientDegree (6.6s)
✔ [2903/2933] Built OAI.NumberTheory.Catalan.Estimates.TwoAdicQuadratic (6.6s)
✔ [2904/2933] Built OAI.NumberTheory.Catalan.Estimates.MixedMajorant (5.7s)
✔ [2905/2933] Built OAI.NumberTheory.Catalan.Energy.BarrierTailPairRational (9.8s)
✔ [2906/2933] Built OAI.NumberTheory.Catalan.Analysis.LogMonomial (6.9s)
✔ [2907/2943] Built OAI.NumberTheory.Catalan.Estimates.Contract (5.0s)
✔ [2911/2946] Built OAI.NumberTheory.Catalan.Estimates.RealProjectiveVandermonde (4.5s)
✔ [2914/2950] Built OAI.NumberTheory.Catalan.Estimates.ScalarMomentDecay (7.3s)
✔ [2915/2950] Built OAI.NumberTheory.Catalan.Estimates.RealHadamard (5.6s)
✔ [2916/2952] Built OAI.NumberTheory.Catalan.Determinants.RealColumnDeterminant (6.4s)
✔ [2917/2952] Built OAI.NumberTheory.Catalan.Estimates.RealEnergyDiagonal (8.8s)
✔ [2918/2952] Built OAI.NumberTheory.Catalan.Estimates.RealEnergyChebyshev (5.9s)
✔ [2919/2952] Built OAI.NumberTheory.Catalan.Analysis.RealEnergyLogSeries (6.3s)
✔ [2920/2952] Built OAI.NumberTheory.Catalan.Energy.BarrierGlobalMaxReduction (5.2s)
✔ [2921/2952] Built OAI.NumberTheory.Catalan.Energy.BarrierComplexOctantRange (6.5s)
✔ [2922/2955] Built OAI.NumberTheory.Catalan.Estimates.RealWeightedVandermonde (6.2s)
✔ [2923/2956] Built OAI.NumberTheory.Catalan.Determinants.RealRowAmplitude (6.8s)
✔ [2924/2958] Built OAI.NumberTheory.Catalan.Analysis.ZetaIntegral (8.2s)
✔ [2925/2981] Built OAI.NumberTheory.Catalan.Estimates.RealEnergyDiagonalSums (7.7s)
✔ [2926/2981] Built OAI.NumberTheory.Catalan.Analysis.MixedSeries (8.4s)
✔ [2927/2990] Built OAI.NumberTheory.Catalan.Analysis.RealEnergyKernelSeries (8.0s)
✔ [2928/2990] Built OAI.NumberTheory.Catalan.Energy.BarrierRationalSumNumerator (6.1s)
✔ [3098/3156] Built OAI.NumberTheory.Catalan.Energy.BarrierCoefficientConvolution (5.6s)
✔ [3103/3158] Built OAI.NumberTheory.Catalan.Energy.BarrierFinitePotentialRat (19s)
✔ [3105/3159] Built OAI.NumberTheory.Catalan.Energy.ZetaOffDiagonal (7.9s)
✔ [3106/3159] Built OAI.NumberTheory.Catalan.SecondBarrier.BarrierCaseTwoPointData (6.2s)
✔ [3107/3159] Built OAI.NumberTheory.Catalan.Polynomial.MixedPolynomial (7.6s)
✔ [3109/3185] Built OAI.NumberTheory.Catalan.Energy.FirstSheetHilbertDeterminant (6.8s)
✔ [3135/3198] Built OAI.NumberTheory.Catalan.Energy.FirstSheetBoundaryMeasure (7.3s)
✔ [3146/3198] Built OAI.NumberTheory.Catalan.Estimates.MixedOneStart (8.0s)
✔ [3147/3202] Built OAI.NumberTheory.Catalan.Energy.BarrierChebyshevLogFormula (8.1s)
✔ [3149/3210] Built OAI.NumberTheory.Catalan.Energy.BarrierPowerLogFormula (7.5s)
✔ [3150/3210] Built OAI.NumberTheory.Catalan.Polynomial.ZetaPolynomial (6.6s)
✔ [3151/3215] Built OAI.NumberTheory.Catalan.Energy.FirstSheetReproducingKernel (6.4s)
✔ [3153/3216] Built OAI.NumberTheory.Catalan.Estimates.BlaschkeComplex (5.1s)
✔ [3154/3221] Built OAI.NumberTheory.Catalan.Estimates.BlaschkeScalar (5.6s)
✔ [3155/3274] Built OAI.NumberTheory.Catalan.Estimates.CauchyNumerics (5.2s)
✔ [3156/3282] Built OAI.NumberTheory.Catalan.Analysis.CauchyLogJump (4.3s)
✔ [3157/3283] Built OAI.NumberTheory.Catalan.Estimates.RealEnergyTrialDamping (13s)
✔ [3158/3283] Built OAI.NumberTheory.Catalan.Analysis.BlaschkeAnalytic (4.8s)
✔ [3159/3285] Built OAI.NumberTheory.Catalan.Analysis.RealPairedIntegral (5.8s)
✔ [3160/3285] Built OAI.NumberTheory.Catalan.Energy.BarrierAtanArgument (6.1s)
✔ [3161/3285] Built OAI.NumberTheory.Catalan.SecondBarrier.BarrierCaseTwoTailSums (6.6s)
✔ [3162/3285] Built OAI.NumberTheory.Catalan.Arithmetic.FinitePlaceNumerics (8.1s)
✔ [3164/3286] Built OAI.NumberTheory.Catalan.Estimates.CauchyKernel (10s)
✔ [3166/3286] Built OAI.NumberTheory.Catalan.Estimates.RealPermutationAlgebra (10s)
✔ [3167/3286] Built OAI.NumberTheory.Catalan.Energy.BarrierTwoNormVPrefix048 (14s)
✔ [3168/3286] Built OAI.NumberTheory.Catalan.Estimates.RealCauchyStep (10s)
✔ [3169/3287] Built OAI.NumberTheory.Catalan.Energy.BarrierTwoNormPPrefix060 (16s)
✔ [3170/3287] Built OAI.NumberTheory.Catalan.FirstBarrier.BarrierCaseOneDescartesX0 (49s)
✔ [3171/3287] Built OAI.NumberTheory.Catalan.Energy.BarrierLogRatConstants (10s)
✔ [3172/3287] Built OAI.NumberTheory.Catalan.Polynomial.BlaschkeDensityPolynomial (7.1s)
✔ [3173/3287] Built OAI.NumberTheory.Catalan.Analysis.CauchyLocalLogBound (7.9s)
✔ [3174/3287] Built OAI.NumberTheory.Catalan.Analysis.BlaschkeCauchyAnalytic (8.0s)
✔ [3175/3287] Built OAI.NumberTheory.Catalan.Arithmetic.OddPrimeLoss (11s)
✔ [3176/3287] Built OAI.NumberTheory.Catalan.Determinants.RealCauchyDeterminant (9.1s)
✔ [3177/3287] Built OAI.NumberTheory.Catalan.Estimates.RealEnergyDampedDual (23s)
✔ [3178/3287] Built OAI.NumberTheory.Catalan.Arithmetic.OddPrimeBlockGathering (5.7s)
✔ [3179/3298] Built OAI.NumberTheory.Catalan.Energy.BarrierFinitePotentialDerivatives (7.0s)
✔ [3186/3298] Built OAI.NumberTheory.Catalan.Energy.BarrierBracketRootSimplicity (7.6s)
✔ [3187/3302] Built OAI.NumberTheory.Catalan.Energy.BarrierTrialPowerHasSum (7.7s)
✔ [3188/3304] Built OAI.NumberTheory.Catalan.Energy.BarrierTrialUHasSum (8.1s)
✔ [3189/3305] Built OAI.NumberTheory.Catalan.Energy.BarrierTwoNormVPrefix096 (18s)
✔ [3190/3307] Built OAI.NumberTheory.Catalan.Estimates.BoundaryFormulas (5.0s)
✔ [3191/3308] Built OAI.NumberTheory.Catalan.Analysis.RealFactoredIntegral (8.6s)
✔ [3192/3308] Built OAI.NumberTheory.Catalan.Estimates.BlaschkeEndpointGeometry (9.9s)
✔ [3193/3308] Built OAI.NumberTheory.Catalan.Arithmetic.OddPrimeWeight (7.2s)
✔ [3194/3308] Built OAI.NumberTheory.Catalan.Polynomial.PalindromicCoefficientMatrices (7.8s)
✔ [3195/3308] Built OAI.NumberTheory.Catalan.Arithmetic.OddPrimeEvenBlockPartition (10s)
✔ [3196/3308] Built OAI.NumberTheory.Catalan.Arithmetic.OddPrimeExtractionIndices (13s)
✔ [3197/3320] Built OAI.NumberTheory.Catalan.Arithmetic.OddPrimeOddBoundaryValuation (12s)
✔ [3198/3320] Built OAI.NumberTheory.Catalan.Arithmetic.OddPrimeResidueGathering (8.9s)
✔ [3200/3320] Built OAI.NumberTheory.Catalan.Estimates.RealCoordinateProduct (13s)
✔ [3201/3320] Built OAI.NumberTheory.Catalan.Arithmetic.OddPrimeGeneralExtraction (9.3s)
✔ [3203/3320] Built OAI.NumberTheory.Catalan.Analysis.BlaschkeDensityLogDerivative (15s)
✔ [3204/3322] Built OAI.NumberTheory.Catalan.Arithmetic.PalindromicPrimeGeom (9.4s)
✔ [3205/3322] Built OAI.NumberTheory.Catalan.Energy.BarrierTwoNormVPrefix144 (25s)
✔ [3206/3322] Built OAI.NumberTheory.Catalan.Determinants.OddPhysicalMinorCounts (12s)
✔ [3207/3322] Built OAI.NumberTheory.Catalan.Arithmetic.OddPrimeFilterDigits (13s)
✔ [3208/3322] Built OAI.NumberTheory.Catalan.Estimates.PalindromicReversalMultiplicities (19s)
✔ [3209/3323] Built OAI.NumberTheory.Catalan.Estimates.DistinctIndexSums (7.4s)
✔ [3210/3339] Built OAI.NumberTheory.Catalan.Polynomial.RationalProductFormula (11s)
✔ [3244/3364] Built OAI.NumberTheory.Catalan.Energy.RealSheetIntegral (16s)
✔ [3246/3364] Built OAI.NumberTheory.Catalan.Arithmetic.OddPrimeEvenStartingZero (17s)
✔ [3248/3364] Built OAI.NumberTheory.Catalan.Estimates.BlaschkeUniformInterpolation (26s)
✔ [3249/3364] Built OAI.NumberTheory.Catalan.Estimates.TwoAdicSelectorExponent (18s)
✔ [3252/3364] Built OAI.NumberTheory.Catalan.Estimates.MomentFilter (18s)
✔ [3253/3364] Built OAI.NumberTheory.Catalan.Estimates.PalindromicStarParameters (21s)
✔ [3254/3369] Built OAI.NumberTheory.Catalan.SecondBarrier.BarrierCaseTwoXExplicitGroup7 (67s)
✔ [3256/3369] Built OAI.NumberTheory.Catalan.Energy.BarrierTwoNormVPrefix192 (28s)
✔ [3257/3369] Built OAI.NumberTheory.Catalan.Estimates.RealEnergyTwoProduct (16s)
✔ [3258/3369] Built OAI.NumberTheory.Catalan.Polynomial.TwoAdicCoefficients (11s)
✔ [3259/3376] Built OAI.NumberTheory.Catalan.Analysis.ContactSeries (9.2s)
✔ [3262/3380] Built OAI.NumberTheory.Catalan.Polynomial.PalindromicPolynomialFrobenius (11s)
✔ [3263/3380] Built OAI.NumberTheory.Catalan.Estimates.PalindromicBlockInverse (14s)
✔ [3264/3380] Built OAI.NumberTheory.Catalan.Energy.BarrierFractionAlgebra (11s)
✔ [3265/3380] Built OAI.NumberTheory.Catalan.SecondBarrier.BarrierCaseTwoXTailCoefficientsP (12s)
✔ [3266/3380] Built OAI.NumberTheory.Catalan.SecondBarrier.BarrierCaseTwoXExplicit (15s)
✔ [3267/3380] Built OAI.NumberTheory.Catalan.Arithmetic.OddPrimePlusStartingDigits (21s)
✔ [3270/3380] Built OAI.NumberTheory.Catalan.Energy.RealSheetIntegralBound (12s)
✔ [3271/3380] Built OAI.NumberTheory.Catalan.Estimates.TwoAdicConvolution (11s)
✔ [3272/3380] Built OAI.NumberTheory.Catalan.Estimates.ChebyshevContact (12s)
✔ [3275/3381] Built OAI.NumberTheory.Catalan.Energy.BarrierTwoNormVPrefix225 (20s)
✔ [3277/3382] Built OAI.NumberTheory.Catalan.Arithmetic.OddPrimeCentralZeta (12s)
✔ [3279/3383] Built OAI.NumberTheory.Catalan.Determinants.PalindromicRowFrobenius (12s)
✔ [3281/3384] Built OAI.NumberTheory.Catalan.Analysis.RealEnergyLogMajorants (19s)
✔ [3283/3384] Built OAI.NumberTheory.Catalan.SecondBarrier.BarrierCaseTwoDescartesY0Group0 (33s)
✔ [3285/3385] Built OAI.NumberTheory.Catalan.SecondBarrier.BarrierCaseTwoNorm (10s)
✔ [3286/3385] Built OAI.NumberTheory.Catalan.Arithmetic.OddPrimeLowerMomentDigits (13s)
✔ [3287/3385] Built OAI.NumberTheory.Catalan.Estimates.TwoAdicSmoothingDecomposition (13s)
✔ [3288/3385] Built OAI.NumberTheory.Catalan.Estimates.PalindromicExtractedEntries (14s)
✔ [3290/3385] Built OAI.NumberTheory.Catalan.Energy.RealTwoSheetIntegralBound (18s)
✔ [3291/3388] Built OAI.NumberTheory.Catalan.Determinants.TwoAdicSmoothedMinor (16s)
✔ [3292/3391] Built OAI.NumberTheory.Catalan.SecondBarrier.BarrierCaseTwoXBaseProductCoefficientsData (38s)
✔ [3293/3393] Built OAI.NumberTheory.Catalan.Arithmetic.OddPrimeCentralZetaContraction (19s)
✔ [3295/3393] Built OAI.NumberTheory.Catalan.Estimates.RealEnergySupDual (36s)
✔ [3296/3393] Built OAI.NumberTheory.Catalan.Estimates.UnconvolvedVectorBounds (10s)
✔ [3299/3393] Built OAI.NumberTheory.Catalan.Estimates.ExceptionalScalarBounds (13s)
✔ [3300/3396] Built OAI.NumberTheory.Catalan.Arithmetic.OddPrimePairedColumnIntegrality (10s)
✔ [3303/3396] Built OAI.NumberTheory.Catalan.SecondBarrier.BarrierCaseTwoDescartesY1 (41s)
✔ [3304/3415] Built OAI.NumberTheory.Catalan.SecondBarrier.BarrierCaseTwoDescartesY0 (36s)
✔ [3325/3421] Built OAI.NumberTheory.Catalan.SecondBarrier.BarrierCaseTwoDescartesY3Group3 (43s)
✔ [3328/3421] Built OAI.NumberTheory.Catalan.SecondBarrier.BarrierCaseTwoDescartesY2Group3 (44s)
✔ [3330/3439] Built OAI.NumberTheory.Catalan.Estimates.RealEnergyMajorantExponential (9.9s)
✔ [3474/3577] Built OAI.NumberTheory.Catalan.FirstBarrier.BarrierCaseOneBracketHeight (16s)
✔ [3476/3578] Built OAI.NumberTheory.Catalan.Determinants.RawMinorCoefficientExpansion (11s)
✔ [3477/3578] Built OAI.NumberTheory.ZetaFive.Arithmetic.LargePrimeTable (11s)
✔ [3478/3578] Built OAI.NumberTheory.ZetaFive.Identities.WeightedPNT (12s)
✔ [3479/3578] Built OAI.NumberTheory.Catalan.Arithmetic.SmallOddPrimePartition (15s)
✔ [3480/3579] Built PrimeNumberTheoremAnd.Catalan.OrdinaryZetaZeroFree (12s)
✔ [3481/3579] Built OAI.NumberTheory.Catalan.SecondBarrier.BarrierCaseTwoDescartesY2 (18s)
✔ [3482/3579] Built PrimeNumberTheoremAnd.ZetaFive.SmoothExistence (12s)
✔ [3483/3582] Built OAI.NumberTheory.Catalan.Polynomial.RawCoefficientEntryBound (13s)
✔ [3484/3582] Built OAI.NumberTheory.Catalan.FirstBarrier.BarrierCaseOnePointY1 (18s)
✔ [3485/3582] Built OAI.NumberTheory.Catalan.Arithmetic.OddPrimeUpperPoolEnumeration (12s)
✔ [3486/3582] Built OAI.NumberTheory.ZetaFive.Identities.Endpoints (8.9s)
✔ [3487/3583] Built PrimeNumberTheoremAnd.ZetaFive.Sobolev (20s)
✔ [3488/3586] Built OAI.NumberTheory.ZetaFive.Arithmetic.LargePrimeIntegral (10s)
✔ [3489/3586] Built OAI.NumberTheory.ZetaFive.Identities.WeightedOrder (9.9s)
✔ [3490/3586] Built PrimeNumberTheoremAnd.Catalan.OrdinaryZetaContinuation (9.0s)
✔ [3491/3586] Built OAI.NumberTheory.Catalan.Determinants.RawMinorCoefficientNorm (10s)
✔ [3492/3587] Built OAI.NumberTheory.Catalan.Estimates.OddPhysicalCombination (10s)
✔ [3493/3587] Built OAI.NumberTheory.Catalan.Determinants.RowMomentExpansion (11s)
✔ [3494/3587] Built PrimeNumberTheoremAnd.ZetaFive.Fourier (13s)
✔ [3495/3590] Built OAI.NumberTheory.Catalan.SecondBarrier.BarrierCaseTwoXConvolutionGroup6 (65s)
✔ [3496/3590] Built OAI.NumberTheory.ZetaFive.Identities.RiemannSqueeze (13s)
✔ [3497/3590] Built OAI.NumberTheory.Catalan.Estimates.MomentEvaluation (15s)
✔ [3498/3590] Built OAI.NumberTheory.Catalan.Arithmetic.FinitePlacePartialAssembly (13s)
✔ [3499/3590] Built OAI.NumberTheory.Catalan.Estimates.OddLowerPairPool (27s)
✔ [3500/3591] Built OAI.NumberTheory.Catalan.Determinants.PalindromicExtractedMatrix (11s)
✔ [3501/3599] Built OAI.NumberTheory.Catalan.FirstBarrier.BarrierCaseOneGlobalBounds (24s)
✔ [3502/3600] Built PrimeNumberTheoremAnd.Catalan.WienerFourier (15s)
✔ [3503/3601] Built OAI.NumberTheory.Catalan.Polynomial.FixedBaseCertificateTransfer (10s)
✔ [3504/3602] Built OAI.NumberTheory.Catalan.Polynomial.Rationality (10s)
✔ [3505/3602] Built OAI.NumberTheory.Catalan.Estimates.FixedTypedChebyshevTData (9.7s)
✔ [3506/3603] Built OAI.NumberTheory.ZetaFive.Arithmetic.LargePrimeWeighted (13s)
✔ [3507/3603] Built OAI.NumberTheory.Catalan.Estimates.FixedTypedChebyshevUData (9.9s)
✔ [3508/3604] Built PrimeNumberTheoremAnd.Catalan.WienerLimits (18s)
✔ [3509/3605] Built OAI.NumberTheory.Catalan.Determinants.FixedClearedMomentColumn0 (19s)
✔ [3510/3605] Built OAI.NumberTheory.Catalan.Determinants.FixedClearedMomentColumn1 (19s)
✔ [3511/3605] Built OAI.NumberTheory.Catalan.FiniteMatrices.FixedDeterminantGoodPrimes (17s)
✔ [3512/3605] Built OAI.NumberTheory.Catalan.Determinants.OddLowerMinorTransfer (28s)
✔ [3513/3606] Built OAI.NumberTheory.Catalan.Determinants.FixedClearedMomentColumn10 (23s)
✔ [3514/3607] Built OAI.NumberTheory.Catalan.PrimeLimits.ContinuousWeightedPNT (10s)
✔ [3515/3608] Built PrimeNumberTheoremAnd.Catalan.WienerBounds (15s)
✔ [3516/3608] Built OAI.NumberTheory.Catalan.Determinants.PalindromicResidueDeterminant (9.1s)
✔ [3517/3609] Built OAI.NumberTheory.Catalan.Determinants.FixedClearedMomentColumn11 (23s)
✔ [3518/3610] Built OAI.NumberTheory.Catalan.Determinants.FixedClearedMomentColumn12 (24s)
✔ [3519/3611] Built OAI.NumberTheory.Catalan.Determinants.FixedClearedMomentColumn13 (24s)
✔ [3520/3612] Built OAI.NumberTheory.Catalan.SecondBarrier.BarrierCaseTwoBracketYGroup0 (55s)
✔ [3521/3612] Built PrimeNumberTheoremAnd.Catalan.Wiener (13s)
✔ [3522/3613] Built OAI.NumberTheory.Catalan.Determinants.FixedClearedMomentColumn14 (24s)
✔ [3523/3613] Built OAI.NumberTheory.Catalan.Determinants.FixedClearedMomentColumn15 (26s)
✔ [3524/3613] Built OAI.NumberTheory.Catalan.SecondBarrier.BarrierCaseTwoDescartesX1Group2 (13s)
✔ [3525/3613] Built OAI.NumberTheory.Catalan.Determinants.FixedClearedMomentColumn16 (26s)
✔ [3526/3613] Built OAI.NumberTheory.Catalan.SecondBarrier.BarrierCaseTwoYRootSimplicity (17s)
✔ [3527/3613] Built OAI.NumberTheory.Catalan.SecondBarrier.BarrierCaseTwoDescartesX1Group1 (11s)
✔ [3528/3613] Built OAI.NumberTheory.Catalan.Determinants.FixedClearedMomentColumn17 (28s)
✔ [3529/3614] Built OAI.NumberTheory.Catalan.Determinants.FixedClearedMomentColumn18 (28s)
✔ [3530/3614] Built OAI.NumberTheory.Catalan.Determinants.FixedClearedMomentColumn19 (28s)
✔ [3531/3615] Built OAI.NumberTheory.Catalan.SecondBarrier.BarrierCaseTwoDescartesX1Group0 (10s)
✔ [3532/3616] Built OAI.NumberTheory.Catalan.SecondBarrier.BarrierCaseTwoDescartesX0Group1 (12s)
✔ [3533/3617] Built OAI.NumberTheory.Catalan.SecondBarrier.BarrierCaseTwoDescartesX0Group2 (15s)
✔ [3534/3618] Built OAI.NumberTheory.Catalan.SecondBarrier.BarrierCaseTwoDescartesX0Group0 (10s)
✔ [3535/3619] Built PrimeNumberTheoremAnd.Catalan.Consequences (12s)
✔ [3536/3619] Built OAI.NumberTheory.Catalan.Determinants.FixedClearedMomentColumn2 (18s)
✔ [3537/3620] Built OAI.NumberTheory.Catalan.Estimates.FixedTypedChebyshevU18To23 (90s)
✔ [3538/3620] Built OAI.NumberTheory.Catalan.PrimeLimits.ImportedPNTCoreBridge (8.3s)
✔ [3539/3621] Built OAI.NumberTheory.Catalan.Determinants.FixedClearedMomentColumn20 (29s)
✔ [3540/3621] Built OAI.NumberTheory.Catalan.Determinants.FixedClearedMomentColumn21 (28s)
✔ [3541/3621] Built OAI.NumberTheory.Catalan.Determinants.FixedClearedMomentColumn22 (28s)
✔ [3542/3622] Built OAI.NumberTheory.Catalan.Determinants.FixedClearedMomentColumn23 (28s)
✔ [3543/3623] Built OAI.NumberTheory.Catalan.Determinants.FixedClearedMomentColumn24 (29s)
✔ [3544/3624] Built OAI.NumberTheory.Catalan.Arithmetic.OddPrimeLossNormalization (10s)
✔ [3545/3625] Built OAI.NumberTheory.Catalan.Determinants.FixedClearedMomentColumn25 (29s)
✔ [3546/3625] Built OAI.NumberTheory.Catalan.Determinants.FixedClearedMomentColumn26 (29s)
✔ [3547/3627] Built OAI.NumberTheory.Catalan.Determinants.FixedClearedMomentColumn27 (29s)
✔ [3548/3627] Built OAI.NumberTheory.Catalan.Determinants.FixedClearedMomentColumn3 (15s)
✔ [3549/3628] Built OAI.NumberTheory.Catalan.Determinants.FixedClearedMomentColumn28 (29s)
✔ [3550/3629] Built OAI.NumberTheory.Catalan.Determinants.FixedClearedMomentColumn29 (27s)
✔ [3551/3631] Built OAI.NumberTheory.Catalan.SecondBarrier.BarrierCaseTwoDescartesX0 (63s)
✔ [3552/3631] Built OAI.NumberTheory.Catalan.Arithmetic.FinitePlaceAssembly (17s)
✔ [3553/3631] Built OAI.NumberTheory.Catalan.Determinants.FixedClearedMomentColumn30 (28s)
✔ [3554/3633] Built OAI.NumberTheory.Catalan.Determinants.FixedClearedMomentColumn31 (33s)
✔ [3555/3633] Built OAI.NumberTheory.Catalan.Determinants.FixedClearedMomentColumn32 (33s)
✔ [3556/3635] Built OAI.NumberTheory.Catalan.Determinants.FixedClearedMomentColumn33 (33s)
✔ [3557/3635] Built OAI.NumberTheory.Catalan.Determinants.FixedClearedMomentColumn34 (33s)
✔ [3558/3636] Built OAI.NumberTheory.Catalan.Determinants.FixedClearedMomentColumn35 (31s)
✔ [3559/3637] Built OAI.NumberTheory.Catalan.Determinants.FixedClearedMomentColumn36 (31s)
✔ [3560/3638] Built OAI.NumberTheory.Catalan.Determinants.FixedClearedMomentColumn4 (17s)
✔ [3561/3639] Built OAI.NumberTheory.Catalan.Determinants.FixedClearedMomentColumn37 (29s)
✔ [3562/3640] Built OAI.NumberTheory.Catalan.Determinants.FixedClearedMomentColumn38 (29s)
✔ [3563/3641] Built OAI.NumberTheory.Catalan.Estimates.FixedTypedChebyshevT39To41 (98s)
✔ [3564/3641] Built OAI.NumberTheory.Catalan.Determinants.FixedClearedMomentColumn39 (29s)
✔ [3565/3642] Built OAI.NumberTheory.Catalan.Determinants.FixedClearedMomentColumn41 (28s)
✔ [3566/3643] Built OAI.NumberTheory.Catalan.Determinants.FixedClearedMomentColumn40 (29s)
✔ [3567/3644] Built OAI.NumberTheory.Catalan.SecondBarrier.BarrierCaseTwoXRootSimplicity (62s)
✔ [3568/3644] Built OAI.NumberTheory.Catalan.Determinants.FixedClearedMomentColumn42 (30s)
✔ [3569/3645] Built OAI.NumberTheory.Catalan.Estimates.FixedCompactReversedT0To7 (21s)
✔ [3570/3646] Built OAI.NumberTheory.Catalan.Determinants.FixedClearedMomentColumn43 (30s)
✔ [3571/3646] Built OAI.NumberTheory.Catalan.Determinants.FixedClearedMomentColumn44 (30s)
✔ [3572/3647] Built OAI.NumberTheory.Catalan.SecondBarrier.BarrierCaseTwoMaxReduction (9.4s)
✔ [3573/3647] Built OAI.NumberTheory.Catalan.Determinants.FixedClearedMomentColumn5 (19s)
✔ [3574/3647] Built OAI.NumberTheory.Catalan.Determinants.FixedClearedMomentColumn6 (19s)
✔ [3575/3647] Built OAI.NumberTheory.Catalan.Determinants.FixedClearedMomentColumn45 (30s)
✔ [3576/3647] Built OAI.NumberTheory.Catalan.Estimates.FixedCompactReversedU40To43 (10s)
✔ [3577/3647] Built OAI.NumberTheory.Catalan.Estimates.FixedCompactReversedT40To44 (10s)
✔ [3578/3647] Built OAI.NumberTheory.Catalan.Determinants.FixedClearedMomentColumn46 (30s)
✔ [3579/3647] Built OAI.NumberTheory.Catalan.Determinants.FixedClearedMomentColumn7 (21s)
✔ [3580/3647] Built OAI.NumberTheory.Catalan.SecondBarrier.BarrierCaseTwoLogsX1Group0 (14s)
✔ [3581/3647] Built OAI.NumberTheory.Catalan.SecondBarrier.BarrierCaseTwoBracketHeight (16s)
✔ [3582/3647] Built OAI.NumberTheory.Catalan.SecondBarrier.BarrierCaseTwoLogApprox (15s)
✔ [3583/3647] Built OAI.NumberTheory.Catalan.SecondBarrier.BarrierCaseTwoLogsX0Group0 (16s)
✔ [3584/3647] Built OAI.NumberTheory.Catalan.Determinants.FixedClearedMomentColumn8 (27s)
✔ [3585/3647] Built OAI.NumberTheory.Catalan.SecondBarrier.BarrierCaseTwoLogsX10Group0 (17s)
✔ [3586/3647] Built OAI.NumberTheory.Catalan.Determinants.FixedClearedMomentColumn9 (30s)
✔ [3587/3647] Built OAI.NumberTheory.Catalan.SecondBarrier.BarrierCaseTwoLogsX11Group0 (17s)
✔ [3588/3647] Built OAI.NumberTheory.Catalan.SecondBarrier.BarrierCaseTwoLogsX12Group0 (17s)
✔ [3589/3647] Built OAI.NumberTheory.Catalan.SecondBarrier.BarrierCaseTwoLogsX13Group0 (18s)
✔ [3590/3647] Built OAI.NumberTheory.Catalan.SecondBarrier.BarrierCaseTwoLogsSixControl (18s)
✔ [3591/3647] Built OAI.NumberTheory.Catalan.SecondBarrier.BarrierCaseTwoLogsX15Group0 (18s)
✔ [3592/3647] Built OAI.NumberTheory.Catalan.SecondBarrier.BarrierCaseTwoLogsX16Group0 (21s)
✔ [3593/3647] Built OAI.NumberTheory.Catalan.SecondBarrier.BarrierCaseTwoLogsX17Group0 (21s)
✔ [3594/3647] Built OAI.NumberTheory.Catalan.SecondBarrier.BarrierCaseTwoLogsX18Group0 (21s)
✔ [3595/3648] Built OAI.NumberTheory.Catalan.SecondBarrier.BarrierCaseTwoLogsX2Group0 (21s)
✔ [3596/3648] Built OAI.NumberTheory.Catalan.SecondBarrier.BarrierCaseTwoLogsX3Group0 (21s)
✔ [3597/3649] Built OAI.NumberTheory.Catalan.SecondBarrier.BarrierCaseTwoLogsX4Group0 (22s)
✔ [3598/3649] Built OAI.NumberTheory.Catalan.SecondBarrier.BarrierCaseTwoLogsX5Group0 (22s)
✔ [3599/3649] Built OAI.NumberTheory.Catalan.SecondBarrier.BarrierCaseTwoLogsX6Group0 (21s)
✔ [3600/3651] Built OAI.NumberTheory.Catalan.SecondBarrier.BarrierCaseTwoLogsX7Group0 (21s)
✔ [3601/3651] Built OAI.NumberTheory.Catalan.SecondBarrier.BarrierCaseTwoLogsX8Group0 (21s)
✔ [3602/3652] Built OAI.NumberTheory.Catalan.SecondBarrier.BarrierCaseTwoLogsX9Group0 (20s)
✔ [3603/3653] Built OAI.NumberTheory.Catalan.Determinants.FixedClearedZetaColumn0 (19s)
✔ [3604/3654] Built OAI.NumberTheory.Catalan.Determinants.FixedCompactRow48 (19s)
✔ [3605/3654] Built OAI.NumberTheory.Catalan.Analysis.ManuscriptActualLogScaling (19s)
✔ [3606/3655] Built OAI.NumberTheory.Catalan.Determinants.FixedClearedZetaColumn1 (16s)
✔ [3607/3657] Built OAI.NumberTheory.Catalan.Determinants.FixedClearedZetaColumn10 (15s)
✔ [3608/3657] Built OAI.NumberTheory.Catalan.Determinants.FixedClearedZetaColumn11 (15s)
✔ [3609/3658] Built OAI.NumberTheory.Catalan.Determinants.FixedClearedZetaColumn12 (15s)
✔ [3610/3659] Built OAI.NumberTheory.Catalan.Determinants.FixedClearedZetaColumn13 (14s)
✔ [3611/3660] Built OAI.NumberTheory.Catalan.SecondBarrier.BarrierCaseTwoPointX0 (24s)
✔ [3612/3661] Built OAI.NumberTheory.Catalan.Determinants.FixedClearedZetaColumn14 (14s)
✔ [3613/3661] Built OAI.NumberTheory.Catalan.Determinants.FixedClearedZetaColumn15 (11s)
✔ [3614/3662] Built OAI.NumberTheory.Catalan.Determinants.FixedClearedZetaColumn16 (10s)
✔ [3615/3662] Built OAI.NumberTheory.Catalan.Determinants.FixedClearedZetaColumn17 (10s)
✔ [3616/3662] Built OAI.NumberTheory.Catalan.Determinants.FixedClearedZetaColumn18 (11s)
✔ [3617/3662] Built OAI.NumberTheory.Catalan.Determinants.FixedClearedZetaColumn19 (11s)
✔ [3618/3662] Built OAI.NumberTheory.Catalan.Determinants.FixedClearedZetaColumn2 (11s)
✔ [3619/3662] Built OAI.NumberTheory.Catalan.Determinants.FixedClearedZetaColumn20 (11s)
✔ [3620/3662] Built OAI.NumberTheory.Catalan.SecondBarrier.BarrierCaseTwoPointX9 (16s)
✔ [3621/3662] Built OAI.NumberTheory.Catalan.SecondBarrier.BarrierCaseTwoPointX7 (21s)
✔ [3622/3662] Built OAI.NumberTheory.Catalan.SecondBarrier.BarrierCaseTwoPointX8 (21s)
✔ [3623/3662] Built OAI.NumberTheory.Catalan.SecondBarrier.BarrierCaseTwoPointX6 (28s)
✔ [3624/3662] Built OAI.NumberTheory.Catalan.SecondBarrier.BarrierCaseTwoPointX5 (28s)
✔ [3625/3662] Built OAI.NumberTheory.Catalan.SecondBarrier.BarrierCaseTwoPointX4 (28s)
✔ [3626/3662] Built OAI.NumberTheory.Catalan.SecondBarrier.BarrierCaseTwoPointX3 (29s)
✔ [3627/3662] Built OAI.NumberTheory.Catalan.Arithmetic.FixedAuxiliaryIntegerPilot (52s)
✔ [3628/3662] Built OAI.NumberTheory.Catalan.SecondBarrier.BarrierCaseTwoPointX2 (28s)
✔ [3629/3662] Built OAI.NumberTheory.Catalan.SecondBarrier.BarrierCaseTwoPointX18 (26s)
✔ [3630/3662] Built OAI.NumberTheory.Catalan.SecondBarrier.BarrierCaseTwoPointX17 (27s)
✔ [3631/3662] Built OAI.NumberTheory.Catalan.SecondBarrier.BarrierCaseTwoPointX16 (30s)
✔ [3632/3662] Built OAI.NumberTheory.Catalan.SecondBarrier.BarrierCaseTwoPointX15 (30s)
✔ [3633/3662] Built OAI.NumberTheory.Catalan.SecondBarrier.BarrierCaseTwoPointX14 (30s)
✔ [3634/3662] Built OAI.NumberTheory.Catalan.SecondBarrier.BarrierCaseTwoPointX13 (30s)
✔ [3635/3662] Built OAI.NumberTheory.Catalan.SecondBarrier.BarrierCaseTwoPointX12 (30s)
✔ [3636/3662] Built OAI.NumberTheory.Catalan.SecondBarrier.BarrierCaseTwoPointX11 (30s)
✔ [3637/3662] Built OAI.NumberTheory.Catalan.SecondBarrier.BarrierCaseTwoPointX10 (31s)
✔ [3638/3662] Built OAI.NumberTheory.Catalan.SecondBarrier.BarrierCaseTwoPointX1 (30s)
✔ [3639/3662] Built OAI.NumberTheory.Catalan.SecondBarrier.BarrierCaseTwoPointY8 (31s)
✔ [3640/3662] Built OAI.NumberTheory.Catalan.SecondBarrier.BarrierCaseTwoPointY7 (30s)
✔ [3641/3662] Built OAI.NumberTheory.Catalan.SecondBarrier.BarrierCaseTwoPointY6 (31s)
✔ [3642/3662] Built OAI.NumberTheory.Catalan.SecondBarrier.BarrierCaseTwoPointY4 (31s)
✔ [3643/3662] Built OAI.NumberTheory.Catalan.SecondBarrier.BarrierCaseTwoPointY5 (31s)
✔ [3644/3662] Built OAI.NumberTheory.Catalan.SecondBarrier.BarrierCaseTwoPointY3 (31s)
✔ [3645/3662] Built OAI.NumberTheory.Catalan.SecondBarrier.BarrierCaseTwoPointY17 (31s)
✔ [3646/3662] Built OAI.NumberTheory.Catalan.SecondBarrier.BarrierCaseTwoPointY2 (32s)
✔ [3647/3662] Built OAI.NumberTheory.Catalan.SecondBarrier.BarrierCaseTwoPointY15 (30s)
✔ [3648/3662] Built OAI.NumberTheory.Catalan.SecondBarrier.BarrierCaseTwoPointY16 (31s)
✔ [3649/3663] Built OAI.NumberTheory.Catalan.SecondBarrier.BarrierCaseTwoPointY14 (31s)
✔ [3650/3665] Built OAI.NumberTheory.Catalan.SecondBarrier.BarrierCaseTwoPointY12 (31s)
✔ [3651/3665] Built OAI.NumberTheory.Catalan.SecondBarrier.BarrierCaseTwoPointY13 (31s)
✔ [3652/3666] Built OAI.NumberTheory.Catalan.SecondBarrier.BarrierCaseTwoPointY11 (31s)
✔ [3653/3668] Built OAI.NumberTheory.Catalan.SecondBarrier.BarrierCaseTwoPointY1 (29s)
✔ [3654/3668] Built OAI.NumberTheory.Catalan.SecondBarrier.BarrierCaseTwoPointY10 (29s)
✔ [3655/3669] Built OAI.NumberTheory.Catalan.Determinants.FixedClearedZetaColumn21 (20s)
✔ [3656/3670] Built OAI.NumberTheory.Catalan.Determinants.FixedClearedZetaColumn22 (19s)
✔ [3657/3672] Built OAI.NumberTheory.Catalan.Determinants.FixedClearedZetaColumn23 (18s)
✔ [3658/3672] Built OAI.NumberTheory.Catalan.Determinants.FixedClearedZetaColumn24 (18s)
✔ [3659/3673] Built OAI.NumberTheory.Catalan.SecondBarrier.BarrierCaseTwoPointY0 (23s)
✔ [3660/3674] Built OAI.NumberTheory.Catalan.Determinants.FixedClearedZetaColumn25 (14s)
✔ [3661/3675] Built OAI.NumberTheory.Catalan.Determinants.FixedClearedZetaColumn26 (11s)
✔ [3662/3675] Built OAI.NumberTheory.Catalan.Determinants.FixedClearedZetaColumn27 (11s)
✔ [3663/3676] Built OAI.NumberTheory.Catalan.Determinants.FixedClearedZetaColumn28 (11s)
✔ [3664/3677] Built OAI.NumberTheory.Catalan.Determinants.FixedClearedZetaColumn29 (11s)
✔ [3665/3679] Built OAI.NumberTheory.Catalan.Determinants.FixedClearedZetaColumn3 (12s)
✔ [3666/3679] Built OAI.NumberTheory.Catalan.Determinants.FixedClearedZetaColumn30 (12s)
✔ [3667/3680] Built OAI.NumberTheory.Catalan.Determinants.FixedClearedZetaColumn31 (13s)
✔ [3668/3682] Built OAI.NumberTheory.Catalan.SecondBarrier.BarrierCaseTwoGlobalBounds (17s)
✔ [3669/3682] Built OAI.NumberTheory.Catalan.Determinants.FixedClearedZetaColumn33 (13s)
✔ [3670/3682] Built OAI.NumberTheory.Catalan.Determinants.FixedClearedZetaColumn32 (13s)
✔ [3671/3683] Built OAI.NumberTheory.Catalan.Determinants.FixedClearedZetaColumn34 (13s)
✔ [3672/3684] Built OAI.NumberTheory.Catalan.Determinants.FixedClearedZetaColumn35 (13s)
✔ [3673/3686] Built OAI.NumberTheory.Catalan.Determinants.FixedClearedZetaColumn36 (12s)
✔ [3674/3686] Built OAI.NumberTheory.Catalan.Determinants.FixedClearedZetaColumn37 (12s)
✔ [3675/3687] Built OAI.NumberTheory.Catalan.Determinants.FixedClearedZetaColumn38 (11s)
✔ [3676/3690] Built OAI.NumberTheory.Catalan.Determinants.FixedClearedZetaColumn39 (11s)
✔ [3677/3690] Built OAI.NumberTheory.Catalan.Determinants.FixedClearedZetaColumn4 (11s)
✔ [3678/3690] Built OAI.NumberTheory.Catalan.Determinants.RealDeterminantUpper (11s)
✔ [3679/3690] Built OAI.NumberTheory.Catalan.Determinants.FixedClearedZetaColumn40 (11s)
✔ [3680/3697] Built OAI.NumberTheory.Catalan.Determinants.FixedClearedZetaColumn41 (12s)
✔ [3681/3697] Built OAI.NumberTheory.Catalan.Determinants.FixedClearedZetaColumn43 (12s)
✔ [3682/3708] Built OAI.NumberTheory.Catalan.Determinants.FixedClearedZetaColumn42 (12s)
✔ [3683/3709] Built OAI.NumberTheory.Catalan.Determinants.FixedClearedZetaColumn44 (11s)
✔ [3684/3711] Built OAI.NumberTheory.Catalan.Analysis.RealPlaceLimsup (9.2s)
✔ [3685/3713] Built OAI.NumberTheory.Catalan.Determinants.FixedClearedZetaColumn45 (11s)
✔ [3686/3713] Built OAI.NumberTheory.Catalan.Determinants.FixedClearedZetaColumn46 (11s)
✔ [3687/3713] Built OAI.NumberTheory.Catalan.Estimates.FixedCompactReversedU0To7 (8.6s)
✔ [3688/3713] Built OAI.NumberTheory.Catalan.Estimates.FixedCompactReversedT8To15 (9.5s)
✔ [3689/3713] Built OAI.NumberTheory.Catalan.Estimates.FixedCompactReversedU8To15 (10s)
✔ [3690/3714] Built OAI.NumberTheory.Catalan.Estimates.FixedCompactReversedT16To23 (10s)
✔ [3691/3714] Built OAI.NumberTheory.Catalan.Estimates.FixedCompactReversedU16To23 (10s)
✔ [3692/3714] Built OAI.NumberTheory.Catalan.Arithmetic.FinitePlaceLiminf (11s)
✔ [3693/3714] Built OAI.NumberTheory.Catalan.Determinants.FixedCompactRow2 (10s)
✔ [3694/3714] Built OAI.NumberTheory.Catalan.Determinants.FixedCompactRow10 (10s)
✔ [3695/3714] Built OAI.NumberTheory.Catalan.Determinants.FixedCompactRow11 (11s)
✔ [3696/3714] Built OAI.NumberTheory.Catalan.Determinants.FixedCompactRow1 (10s)
✔ [3697/3714] Built OAI.NumberTheory.Catalan.Determinants.FixedCompactRow0 (10s)
✔ [3698/3716] Built OAI.NumberTheory.Catalan.Determinants.FixedCompactRow12 (10s)
✔ [3699/3716] Built OAI.NumberTheory.Catalan.Determinants.FixedCompactRow13 (10s)
✔ [3700/3716] Built OAI.NumberTheory.Catalan.Determinants.FixedCompactRow14 (10s)
✔ [3701/3716] Built OAI.NumberTheory.Catalan.Determinants.FixedCompactRow15 (11s)
✔ [3702/3716] Built OAI.NumberTheory.Catalan.Determinants.FixedCompactRow16 (11s)
✔ [3703/3716] Built OAI.NumberTheory.Catalan.Determinants.FixedCompactRow17 (11s)
✔ [3704/3716] Built OAI.NumberTheory.Catalan.Determinants.FixedCompactRow18 (11s)
✔ [3705/3716] Built OAI.NumberTheory.Catalan.Determinants.FixedCompactRow27 (11s)
✔ [3706/3719] Built OAI.NumberTheory.Catalan.Determinants.FixedClearedColumnsAll (25s)
✔ [3707/3719] Built OAI.NumberTheory.Catalan.Determinants.FixedCompactRow21 (11s)
✔ [3708/3720] Built OAI.NumberTheory.Catalan.Determinants.FixedCompactRow22 (11s)
✔ [3709/3727] Built OAI.NumberTheory.Catalan.Determinants.FixedCompactRow23 (12s)
✔ [3710/3730] Built OAI.NumberTheory.Catalan.Determinants.FixedCompactRow24 (12s)
✔ [3711/3738] Built OAI.NumberTheory.Catalan.Determinants.FixedCompactRow25 (12s)
✔ [3712/3739] Built OAI.NumberTheory.Catalan.Determinants.FixedCompactRow26 (12s)
✔ [3713/3740] Built OAI.NumberTheory.Catalan.Estimates.FixedCompactReversedT24To31 (11s)
✔ [3714/3741] Built OAI.NumberTheory.Catalan.Estimates.FixedCompactReversedU24To31 (11s)
✔ [3715/3741] Built OAI.NumberTheory.Catalan.Arithmetic.FixedCanonicalIntegerBase (10s)
✔ [3716/3741] Built OAI.NumberTheory.Catalan.Determinants.FixedCompactRow3 (10s)
✔ [3717/3742] Built OAI.NumberTheory.Catalan.Estimates.FixedCompactReversedT32To39 (12s)
✔ [3718/3742] Built OAI.NumberTheory.Catalan.Estimates.FixedCompactReversedU32To39 (12s)
✔ [3719/3742] Built OAI.NumberTheory.Catalan.Determinants.FixedCompactRow45 (14s)
✔ [3720/3742] Built OAI.NumberTheory.Catalan.Determinants.FixedCompactRow46 (14s)
✔ [3721/3742] Built OAI.NumberTheory.Catalan.Determinants.FixedCompactRow5 (11s)
✔ [3722/3742] Built OAI.NumberTheory.Catalan.Determinants.FixedCompactRow47 (15s)
✔ [3723/3742] Built OAI.NumberTheory.Catalan.Determinants.FixedCompactRow28 (13s)
✔ [3724/3743] Built OAI.NumberTheory.Catalan.Determinants.FixedCompactRow29 (13s)
✔ [3725/3743] Built OAI.NumberTheory.Catalan.Determinants.FixedCompactRow30 (13s)
✔ [3726/3743] Built OAI.NumberTheory.Catalan.Determinants.FixedCompactRow31 (12s)
✔ [3727/3743] Built OAI.NumberTheory.Catalan.Determinants.FixedCompactRow32 (12s)
✔ [3728/3743] Built OAI.NumberTheory.Catalan.Determinants.FixedCompactRow33 (12s)
✔ [3729/3743] Built OAI.NumberTheory.Catalan.Determinants.FixedCompactRow6 (10s)
✔ [3730/3743] Built OAI.NumberTheory.Catalan.Determinants.FixedCompactRow34 (13s)
✔ [3731/3743] Built OAI.NumberTheory.Catalan.Determinants.FixedCompactRow7 (11s)
✔ [3732/3743] Built OAI.NumberTheory.Catalan.Determinants.FixedCompactRow35 (13s)
✔ [3733/3747] Built OAI.NumberTheory.Catalan.Determinants.FixedCompactRow36 (13s)
✔ [3734/3747] Built OAI.NumberTheory.Catalan.Determinants.FixedCompactRow37 (13s)
✔ [3735/3751] Built OAI.NumberTheory.Catalan.Determinants.FixedCompactRow38 (13s)
✔ [3736/3751] Built OAI.NumberTheory.Catalan.Determinants.FixedCompactRow39 (13s)
✔ [3737/3759] Built OAI.NumberTheory.Catalan.Determinants.FixedCompactRow40 (15s)
✔ [3738/3759] Built OAI.NumberTheory.Catalan.Determinants.FixedCompactRow41 (14s)
✔ [3739/3763] Built OAI.NumberTheory.Catalan.Determinants.FixedCompactRow42 (14s)
✔ [3740/3767] Built OAI.NumberTheory.Catalan.Determinants.FixedCompactRow43 (14s)
✔ [3741/3773] Built OAI.NumberTheory.Catalan.Determinants.FixedCompactRow8 (11s)
✔ [3742/3845] Built OAI.NumberTheory.Catalan.Determinants.FixedCompactRow44 (14s)
✔ [3743/3846] Built OAI.NumberTheory.Catalan.Determinants.FixedCompactRow9 (10s)
✔ [3744/3846] Built OAI.NumberTheory.Catalan.FiniteMatrices.FixedModularMinusInvRows0To11 (11s)
✔ [3745/3846] Built OAI.NumberTheory.Catalan.FiniteMatrices.FixedModularPlusInvRows0To11 (11s)
✔ [3746/3847] Built OAI.NumberTheory.Catalan.FiniteMatrices.FixedModularMinusModRows0To11 (11s)
✔ [3747/3849] Built OAI.NumberTheory.Catalan.FiniteMatrices.FixedModularPlusModRows0To11 (12s)
✔ [3748/3849] Built OAI.NumberTheory.Catalan.FiniteMatrices.FixedModularZeroInvRows0To11 (11s)
✔ [3749/3849] Built OAI.NumberTheory.Catalan.FiniteMatrices.FixedModularZeroModRows0To11 (11s)
✔ [3750/3849] Built OAI.NumberTheory.Catalan.Analysis.ManuscriptNormLogReality (10s)
✔ [3751/3850] Built OAI.NumberTheory.Catalan.Polynomial.ManuscriptRationalIntervals (10s)
✔ [3752/3850] Built OAI.NumberTheory.Catalan.Determinants.FixedCompactRowsAll (12s)
✔ [3753/3850] Built OAI.NumberTheory.Catalan.FiniteMatrices.FixedModularMinusInvRows12To23 (11s)
✔ [3754/3850] Built OAI.NumberTheory.Catalan.FiniteMatrices.FixedModularPlusInvRows12To23 (11s)
✔ [3755/3852] Built OAI.NumberTheory.Catalan.FiniteMatrices.FixedModularPlusModRows12To23 (12s)
✔ [3756/3852] Built OAI.NumberTheory.Catalan.FiniteMatrices.FixedModularMinusModRows12To23 (12s)
✔ [3757/3854] Built OAI.NumberTheory.Catalan.FiniteMatrices.FixedModularZeroInvRows12To23 (12s)
✔ [3758/3854] Built OAI.NumberTheory.Catalan.FiniteMatrices.FixedModularZeroModRows12To23 (12s)
✔ [3759/3857] Built OAI.NumberTheory.Catalan.Analysis.ManuscriptLogErrorBudgets (11s)
✔ [3760/3857] Built OAI.NumberTheory.Catalan.Analysis.ManuscriptNormLogVGroup056 (14s)
✔ [3761/3859] Built OAI.NumberTheory.Catalan.FiniteMatrices.FixedModularMinusInvRows24To35 (11s)
✔ [3762/3859] Built OAI.NumberTheory.Catalan.FiniteMatrices.FixedModularPlusInvRows24To35 (12s)
✔ [3763/3859] Built OAI.NumberTheory.Catalan.FiniteMatrices.FixedModularPlusModRows24To35 (12s)
✔ [3764/3859] Built OAI.NumberTheory.Catalan.FiniteMatrices.FixedModularMinusModRows24To35 (12s)
✔ [3765/3859] Built OAI.NumberTheory.Catalan.Estimates.ManuscriptTermRounding (7.3s)
✔ [3766/3859] Built OAI.NumberTheory.Catalan.FiniteMatrices.FixedModularZeroInvRows24To35 (11s)
✔ [3767/3859] Built OAI.NumberTheory.Catalan.FiniteMatrices.FixedModularZeroModRows24To35 (11s)
✔ [3768/3859] Built OAI.NumberTheory.Catalan.Energy.ManuscriptBarrierFieldIntervals (10s)
✔ [3769/3860] Built OAI.NumberTheory.Catalan.Polynomial.FixedCanonicalCoefficientTables (27s)
✔ [3770/3860] Built OAI.NumberTheory.Catalan.Analysis.ManuscriptCaseTwoX9LogPrecisionGroup4 (13s)
✔ [3771/3861] Built OAI.NumberTheory.Catalan.Analysis.ManuscriptCaseTwoX9LogPrecisionGroup3 (13s)
✔ [3772/3861] Built OAI.NumberTheory.Catalan.Analysis.ManuscriptCaseTwoX9LogPrecisionGroup2 (13s)
✔ [3773/3861] Built OAI.NumberTheory.Catalan.Analysis.ManuscriptCaseTwoX9LogPrecisionGroup1 (13s)
✔ [3774/3861] Built OAI.NumberTheory.Catalan.Analysis.ManuscriptCaseTwoX9LogPrecisionGroup0 (14s)
✔ [3775/3861] Built OAI.NumberTheory.Catalan.Analysis.ManuscriptCaseTwoX0LogPrecisionGroup0 (13s)
✔ [3776/3863] Built OAI.NumberTheory.Catalan.FiniteMatrices.FixedModularMinusInvRows36To47 (12s)
✔ [3777/3863] Built OAI.NumberTheory.Catalan.FiniteMatrices.FixedModularPlusInvRows36To47 (12s)
✔ [3778/3863] Built OAI.NumberTheory.Catalan.Analysis.ManuscriptCaseTwoX0LogPrecisionGroup1 (12s)
✔ [3779/3863] Built OAI.NumberTheory.Catalan.FiniteMatrices.FixedModularZeroInvRows36To47 (12s)
✔ [3780/3865] Built OAI.NumberTheory.Catalan.Polynomial.ManuscriptRationalFieldSubstitutes (12s)
✔ [3781/3866] Built OAI.NumberTheory.Catalan.FiniteMatrices.FixedCanonicalModularForm (10s)
✔ [3782/3867] Built OAI.NumberTheory.Catalan.Estimates.ManuscriptCaseOneXAllPrecision (13s)
✔ [3783/3869] Built OAI.NumberTheory.Catalan.Analysis.ManuscriptCaseTwoX0LogPrecisionGroup2 (12s)
✔ [3784/3869] Built OAI.NumberTheory.Catalan.Analysis.ManuscriptCaseTwoX0LogPrecisionGroup3 (12s)
✔ [3785/3869] Built OAI.NumberTheory.Catalan.Analysis.ManuscriptCaseTwoX0LogPrecisionGroup4 (13s)
✔ [3786/3871] Built OAI.NumberTheory.Catalan.Analysis.ManuscriptCaseTwoX10LogPrecisionGroup0 (14s)
✔ [3787/3873] Built OAI.NumberTheory.Catalan.Analysis.ManuscriptCaseTwoX10LogPrecisionGroup1 (15s)
✔ [3788/3873] Built OAI.NumberTheory.Catalan.Analysis.ManuscriptCaseTwoX10LogPrecisionGroup2 (14s)
✔ [3789/3875] Built OAI.NumberTheory.Catalan.Estimates.ManuscriptCaseOneX4Substitute (12s)
✔ [3790/3875] Built OAI.NumberTheory.Catalan.Analysis.ManuscriptCaseTwoX10LogPrecisionGroup3 (13s)
✔ [3791/3877] Built OAI.NumberTheory.Catalan.Analysis.ManuscriptCaseTwoX10LogPrecisionGroup4 (12s)
✔ [3792/3877] Built OAI.NumberTheory.Catalan.Analysis.ManuscriptCaseTwoX11LogPrecisionGroup0 (11s)
✔ [3793/3879] Built OAI.NumberTheory.Catalan.Analysis.ManuscriptCaseTwoX11LogPrecisionGroup1 (13s)
✔ [3794/3879] Built OAI.NumberTheory.Catalan.Analysis.ManuscriptCaseTwoX11LogPrecisionGroup2 (13s)
✔ [3795/3881] Built OAI.NumberTheory.Catalan.Analysis.ManuscriptCaseTwoX11LogPrecisionGroup3 (13s)
✔ [3796/3881] Built OAI.NumberTheory.Catalan.Analysis.ManuscriptCaseTwoX11LogPrecisionGroup4 (13s)
✔ [3797/3883] Built OAI.NumberTheory.Catalan.Analysis.ManuscriptCaseTwoX12LogPrecisionGroup0 (12s)
✔ [3798/3884] Built OAI.NumberTheory.Catalan.Estimates.ManuscriptCaseOneX4PointRounding (16s)
✔ [3799/3884] Built OAI.NumberTheory.Catalan.Analysis.ManuscriptCaseTwoX12LogPrecisionGroup1 (13s)
✔ [3800/3884] Built OAI.NumberTheory.Catalan.Analysis.ManuscriptCaseTwoX12LogPrecisionGroup2 (14s)
✔ [3801/3885] Built OAI.NumberTheory.Catalan.Analysis.ManuscriptCaseTwoX12LogPrecisionGroup3 (13s)
✔ [3802/3885] Built OAI.NumberTheory.Catalan.Analysis.ManuscriptCaseTwoX12LogPrecisionGroup4 (13s)
✔ [3803/3885] Built OAI.NumberTheory.Catalan.Analysis.ManuscriptCaseTwoX13LogPrecisionGroup0 (12s)
✔ [3804/3887] Built OAI.NumberTheory.Catalan.Analysis.ManuscriptCaseTwoX13LogPrecisionGroup1 (12s)
✔ [3805/3887] Built OAI.NumberTheory.Catalan.Estimates.ManuscriptCaseOneY0PointRounding (15s)
✔ [3806/3887] Built OAI.NumberTheory.Catalan.Estimates.ManuscriptCaseTwoX0SubstitutionError (21s)
✔ [3807/3889] Built OAI.NumberTheory.Catalan.Estimates.ManuscriptCaseTwoX11SubstitutionError (22s)
✔ [3808/3890] Built OAI.NumberTheory.Catalan.Estimates.ManuscriptCaseTwoX10SubstitutionError (22s)
✔ [3809/3891] Built OAI.NumberTheory.Catalan.Analysis.ManuscriptCaseTwoX13LogPrecisionGroup2 (17s)
✔ [3810/3893] Built OAI.NumberTheory.Catalan.Analysis.ManuscriptCaseTwoX13LogPrecisionGroup3 (16s)
✔ [3811/3895] Built OAI.NumberTheory.Catalan.Analysis.ManuscriptCaseTwoX13LogPrecisionGroup4 (15s)
✔ [3812/3895] Built OAI.NumberTheory.Catalan.Analysis.ManuscriptCaseTwoX14LogPrecisionGroup0 (15s)
✔ [3813/3895] Built OAI.NumberTheory.Catalan.Analysis.ManuscriptCaseTwoX14LogPrecisionGroup1 (15s)
✔ [3814/3896] Built OAI.NumberTheory.Catalan.Estimates.ManuscriptCaseTwoX12SubstitutionError (20s)
✔ [3815/3897] Built OAI.NumberTheory.Catalan.Analysis.ManuscriptCaseTwoX14LogPrecisionGroup2 (16s)
✔ [3816/3899] Built OAI.NumberTheory.Catalan.Analysis.ManuscriptCaseTwoX14LogPrecisionGroup3 (15s)
✔ [3817/3899] Built OAI.NumberTheory.Catalan.Analysis.ManuscriptCaseTwoX15LogPrecisionGroup0 (14s)
✔ [3818/3901] Built OAI.NumberTheory.Catalan.Analysis.ManuscriptCaseTwoX14LogPrecisionGroup4 (14s)
✔ [3819/3901] Built OAI.NumberTheory.Catalan.Analysis.ManuscriptCaseTwoX15LogPrecisionGroup1 (14s)
✔ [3820/3902] Built OAI.NumberTheory.Catalan.Analysis.ManuscriptCaseTwoX15LogPrecisionGroup2 (15s)
✔ [3821/3905] Built OAI.NumberTheory.Catalan.Estimates.ManuscriptCaseTwoX13SubstitutionError (21s)
✔ [3822/3905] Built OAI.NumberTheory.Catalan.Analysis.ManuscriptCaseTwoX15LogPrecisionGroup3 (14s)
✔ [3823/3905] Built OAI.NumberTheory.Catalan.Analysis.ManuscriptCaseTwoX16LogPrecisionGroup0 (13s)
✔ [3824/3907] Built OAI.NumberTheory.Catalan.Analysis.ManuscriptCaseTwoX15LogPrecisionGroup4 (14s)
✔ [3825/3907] Built OAI.NumberTheory.Catalan.Analysis.ManuscriptCaseTwoX16LogPrecisionGroup1 (12s)
✔ [3826/3908] Built OAI.NumberTheory.Catalan.Estimates.ManuscriptCaseTwoX14SubstitutionError (19s)
✔ [3827/3911] Built OAI.NumberTheory.Catalan.Analysis.ManuscriptCaseTwoX16LogPrecisionGroup2 (13s)
✔ [3828/3911] Built OAI.NumberTheory.Catalan.Analysis.ManuscriptCaseTwoX16LogPrecisionGroup3 (13s)
✔ [3829/3911] Built OAI.NumberTheory.Catalan.Analysis.ManuscriptCaseTwoX17LogPrecisionGroup0 (12s)
✔ [3830/3912] Built OAI.NumberTheory.Catalan.Analysis.ManuscriptCaseTwoX16LogPrecisionGroup4 (13s)
✔ [3831/3913] Built OAI.NumberTheory.Catalan.Analysis.ManuscriptCaseTwoX17LogPrecisionGroup1 (13s)
✔ [3832/3915] Built OAI.NumberTheory.Catalan.Analysis.ManuscriptCaseTwoX17LogPrecisionGroup2 (13s)
✔ [3833/3915] Built OAI.NumberTheory.Catalan.Analysis.ManuscriptCaseTwoX17LogPrecisionGroup3 (13s)
✔ [3834/3917] Built OAI.NumberTheory.Catalan.Estimates.ManuscriptCaseTwoX15SubstitutionError (18s)
✔ [3835/3917] Built OAI.NumberTheory.Catalan.Analysis.ManuscriptCaseTwoX17LogPrecisionGroup4 (13s)
✔ [3836/3918] Built OAI.NumberTheory.Catalan.Estimates.ManuscriptCaseTwoX16SubstitutionError (17s)
✔ [3837/3919] Built OAI.NumberTheory.Catalan.Analysis.ManuscriptCaseTwoX18LogPrecisionGroup0 (13s)
✔ [3838/3920] Built OAI.NumberTheory.Catalan.Analysis.ManuscriptCaseTwoX18LogPrecisionGroup1 (13s)
✔ [3839/3921] Built OAI.NumberTheory.Catalan.Analysis.ManuscriptCaseTwoX18LogPrecisionGroup2 (13s)
✔ [3840/3923] Built OAI.NumberTheory.Catalan.Analysis.ManuscriptCaseTwoX18LogPrecisionGroup3 (14s)
✔ [3841/3923] Built OAI.NumberTheory.Catalan.Analysis.ManuscriptCaseTwoX18LogPrecisionGroup4 (12s)
✔ [3842/3924] Built OAI.NumberTheory.Catalan.Analysis.ManuscriptCaseTwoX1LogPrecisionGroup0 (13s)
✔ [3843/3926] Built OAI.NumberTheory.Catalan.Analysis.ManuscriptCaseTwoX1LogPrecisionGroup1 (14s)
✔ [3844/3926] Built OAI.NumberTheory.Catalan.Analysis.ManuscriptCaseTwoX1LogPrecisionGroup2 (14s)
✔ [3845/3927] Built OAI.NumberTheory.Catalan.Analysis.ManuscriptCaseTwoX1LogPrecisionGroup3 (14s)
✔ [3846/3929] Built OAI.NumberTheory.Catalan.Estimates.ManuscriptCaseTwoX17SubstitutionError (20s)
✔ [3847/3929] Built OAI.NumberTheory.Catalan.Analysis.ManuscriptCaseTwoX1LogPrecisionGroup4 (14s)
✔ [3848/3930] Built OAI.NumberTheory.Catalan.Analysis.ManuscriptCaseTwoX2LogPrecisionGroup0 (12s)
✔ [3849/3931] Built OAI.NumberTheory.Catalan.Analysis.ManuscriptCaseTwoX2LogPrecisionGroup1 (13s)
✔ [3850/3932] Built OAI.NumberTheory.Catalan.Analysis.ManuscriptCaseTwoX2LogPrecisionGroup2 (14s)
✔ [3851/3933] Built OAI.NumberTheory.Catalan.Analysis.ManuscriptCaseTwoX2LogPrecisionGroup3 (14s)
✔ [3852/3935] Built OAI.NumberTheory.Catalan.Estimates.ManuscriptCaseTwoX18SubstitutionError (19s)
✔ [3853/3935] Built OAI.NumberTheory.Catalan.Analysis.ManuscriptCaseTwoX2LogPrecisionGroup4 (14s)
✔ [3854/3935] Built OAI.NumberTheory.Catalan.Analysis.ManuscriptCaseTwoX3LogPrecisionGroup0 (30s)
✔ [3855/3937] Built OAI.NumberTheory.Catalan.Analysis.ManuscriptCaseTwoX3LogPrecisionGroup1 (32s)
✔ [3856/3938] Built OAI.NumberTheory.Catalan.Analysis.ManuscriptCaseTwoX3LogPrecisionGroup2 (32s)
✔ [3857/3939] Built OAI.NumberTheory.Catalan.Analysis.ManuscriptCaseTwoX3LogPrecisionGroup3 (32s)
✔ [3858/3941] Built OAI.NumberTheory.Catalan.Analysis.ManuscriptCaseTwoX3LogPrecisionGroup4 (32s)
✔ [3859/3941] Built OAI.NumberTheory.Catalan.Estimates.ManuscriptCaseTwoX1SubstitutionError (40s)
✔ [3860/3941] Built OAI.NumberTheory.Catalan.Analysis.ManuscriptCaseTwoX4LogPrecisionGroup0 (15s)
✔ [3861/3944] Built OAI.NumberTheory.Catalan.Analysis.ManuscriptCaseTwoX4LogPrecisionGroup1 (15s)
✔ [3862/3944] Built OAI.NumberTheory.Catalan.Analysis.ManuscriptCaseTwoX4LogPrecisionGroup2 (15s)
✔ [3863/3947] Built OAI.NumberTheory.Catalan.Estimates.ManuscriptCaseTwoX2SubstitutionError (24s)
✔ [3864/3947] Built OAI.NumberTheory.Catalan.Analysis.ManuscriptCaseTwoX4LogPrecisionGroup3 (16s)
✔ [3865/3947] Built OAI.NumberTheory.Catalan.Estimates.ManuscriptCaseTwoX3SubstitutionError (21s)
✔ [3866/3949] Built OAI.NumberTheory.Catalan.Analysis.ManuscriptCaseTwoX4LogPrecisionGroup4 (15s)
✔ [3867/3950] Built OAI.NumberTheory.Catalan.Analysis.ManuscriptCaseTwoX5LogPrecisionGroup0 (15s)
✔ [3868/3950] Built OAI.NumberTheory.Catalan.Analysis.ManuscriptCaseTwoX5LogPrecisionGroup1 (15s)
✔ [3869/3953] Built OAI.NumberTheory.Catalan.Analysis.ManuscriptCaseTwoX5LogPrecisionGroup2 (15s)
✔ [3870/3953] Built OAI.NumberTheory.Catalan.Analysis.ManuscriptCaseTwoX5LogPrecisionGroup3 (15s)
✔ [3871/3953] Built OAI.NumberTheory.Catalan.Analysis.ManuscriptCaseTwoX5LogPrecisionGroup4 (14s)
✔ [3872/3954] Built OAI.NumberTheory.Catalan.Analysis.ManuscriptCaseTwoX6LogPrecisionGroup0 (14s)
✔ [3873/3955] Built OAI.NumberTheory.Catalan.Analysis.ManuscriptCaseTwoX6LogPrecisionGroup1 (15s)
✔ [3874/3956] Built OAI.NumberTheory.Catalan.Analysis.ManuscriptCaseTwoX6LogPrecisionGroup2 (15s)
✔ [3875/3957] Built OAI.NumberTheory.Catalan.Analysis.ManuscriptCaseTwoX6LogPrecisionGroup3 (15s)
✔ [3876/3959] Built OAI.NumberTheory.Catalan.Estimates.ManuscriptCaseTwoX4SubstitutionError (22s)
✔ [3877/3959] Built OAI.NumberTheory.Catalan.Analysis.ManuscriptCaseTwoX6LogPrecisionGroup4 (15s)
✔ [3878/3960] Built OAI.NumberTheory.Catalan.Analysis.ManuscriptCaseTwoX7LogPrecisionGroup0 (15s)
✔ [3879/3962] Built OAI.NumberTheory.Catalan.Analysis.ManuscriptCaseTwoX7LogPrecisionGroup1 (15s)
✔ [3880/3962] Built OAI.NumberTheory.Catalan.Analysis.ManuscriptCaseTwoX7LogPrecisionGroup2 (14s)
✔ [3881/3963] Built OAI.NumberTheory.Catalan.Estimates.ManuscriptCaseTwoX5SubstitutionError (22s)
✔ [3882/3965] Built OAI.NumberTheory.Catalan.Analysis.ManuscriptCaseTwoX7LogPrecisionGroup3 (15s)
✔ [3883/3965] Built OAI.NumberTheory.Catalan.Analysis.ManuscriptCaseTwoX7LogPrecisionGroup4 (15s)
✔ [3884/3967] Built OAI.NumberTheory.Catalan.Analysis.ManuscriptCaseTwoX8LogPrecisionGroup0 (14s)
✔ [3885/3967] Built OAI.NumberTheory.Catalan.Analysis.ManuscriptCaseTwoX8LogPrecisionGroup1 (14s)
✔ [3886/3968] Built OAI.NumberTheory.Catalan.Analysis.ManuscriptCaseTwoX8LogPrecisionGroup2 (15s)
✔ [3887/3969] Built OAI.NumberTheory.Catalan.Estimates.ManuscriptCaseTwoX6SubstitutionError (22s)
✔ [3888/3970] Built OAI.NumberTheory.Catalan.Analysis.ManuscriptCaseTwoX8LogPrecisionGroup3 (15s)
✔ [3889/3971] Built OAI.NumberTheory.Catalan.Analysis.ManuscriptCaseTwoX8LogPrecisionGroup4 (15s)
✔ [3890/3971] Built OAI.NumberTheory.Catalan.Analysis.ManuscriptCaseTwoY8LogPrecisionGroup0 (14s)
✔ [3891/3971] Built OAI.NumberTheory.Catalan.Analysis.ManuscriptCaseTwoY8LogPrecisionGroup1 (15s)
✔ [3892/3973] Built OAI.NumberTheory.Catalan.Analysis.ManuscriptCaseTwoY8LogPrecisionGroup2 (16s)
✔ [3893/3975] Built OAI.NumberTheory.Catalan.Estimates.ManuscriptCaseTwoX7SubstitutionError (22s)
✔ [3894/3977] Built OAI.NumberTheory.Catalan.Analysis.ManuscriptCaseTwoY9LogPrecisionGroup0 (16s)
✔ [3895/3977] Built OAI.NumberTheory.Catalan.Analysis.ManuscriptCaseTwoY9LogPrecisionGroup1 (16s)
✔ [3896/3979] Built OAI.NumberTheory.Catalan.Analysis.ManuscriptCaseTwoY9LogPrecisionGroup2 (15s)
✔ [3897/3979] Built OAI.NumberTheory.Catalan.Analysis.ManuscriptCaseTwoY0LogPrecisionGroup0 (15s)
✔ [3898/3983] Built OAI.NumberTheory.Catalan.Analysis.ManuscriptCaseTwoY0LogPrecisionGroup1 (16s)
✔ [3899/3983] Built OAI.NumberTheory.Catalan.Analysis.ManuscriptCaseTwoY10LogPrecisionGroup0 (16s)
✔ [3900/3983] Built OAI.NumberTheory.Catalan.Analysis.ManuscriptCaseTwoY0LogPrecisionGroup2 (16s)
✔ [3901/3984] Built OAI.NumberTheory.Catalan.Estimates.ManuscriptCaseTwoX8SubstitutionError (22s)
✔ [3902/3985] Built OAI.NumberTheory.Catalan.FiniteMatrices.FixedModularPlusProductRows40To41 (330s)
✔ [3903/3987] Built OAI.NumberTheory.Catalan.FiniteMatrices.FixedModularMinusProductRows40To41 (331s)
✔ [3904/3987] Built OAI.NumberTheory.Catalan.Analysis.ManuscriptCaseTwoY10LogPrecisionGroup1 (16s)
✔ [3905/3987] Built OAI.NumberTheory.Catalan.Analysis.ManuscriptCaseTwoY10LogPrecisionGroup2 (15s)
✔ [3906/3987] Built OAI.NumberTheory.Catalan.Analysis.ManuscriptCaseTwoY11LogPrecisionGroup0 (15s)
✔ [3907/3987] Built OAI.NumberTheory.Catalan.Analysis.ManuscriptCaseTwoY11LogPrecisionGroup1 (15s)
✔ [3908/3988] Built OAI.NumberTheory.Catalan.Analysis.ManuscriptCaseTwoY11LogPrecisionGroup2 (16s)
✔ [3909/3989] Built OAI.NumberTheory.Catalan.Analysis.ManuscriptCaseTwoY12LogPrecisionGroup0 (17s)
✔ [3910/3989] Built OAI.NumberTheory.Catalan.Analysis.ManuscriptCaseTwoY12LogPrecisionGroup1 (17s)
✔ [3911/3991] Built OAI.NumberTheory.Catalan.Estimates.ManuscriptCaseTwoY0SubstitutionError (19s)
✔ [3912/3991] Built OAI.NumberTheory.Catalan.Analysis.ManuscriptCaseTwoY12LogPrecisionGroup2 (15s)
✔ [3913/3992] Built OAI.NumberTheory.Catalan.Estimates.ManuscriptCaseTwoY10SubstitutionError (17s)
✔ [3914/3993] Built OAI.NumberTheory.Catalan.Analysis.ManuscriptCaseTwoY13LogPrecisionGroup0 (15s)
✔ [3915/3995] Built OAI.NumberTheory.Catalan.Analysis.ManuscriptCaseTwoY13LogPrecisionGroup1 (15s)
✔ [3916/3995] Built OAI.NumberTheory.Catalan.Estimates.ManuscriptCaseTwoY11SubstitutionError (17s)
✔ [3917/3997] Built OAI.NumberTheory.Catalan.Analysis.ManuscriptCaseTwoY13LogPrecisionGroup2 (14s)
✔ [3918/3997] Built OAI.NumberTheory.Catalan.Analysis.ManuscriptCaseTwoY14LogPrecisionGroup0 (14s)
✔ [3919/3999] Built OAI.NumberTheory.Catalan.Estimates.ManuscriptCaseTwoY12SubstitutionError (17s)
✔ [3920/3999] Built OAI.NumberTheory.Catalan.Analysis.ManuscriptCaseTwoY14LogPrecisionGroup1 (14s)
✔ [3921/4001] Built OAI.NumberTheory.Catalan.Analysis.ManuscriptCaseTwoY14LogPrecisionGroup2 (15s)
✔ [3922/4001] Built OAI.NumberTheory.Catalan.Analysis.ManuscriptCaseTwoY15LogPrecisionGroup0 (14s)
✔ [3923/4003] Built OAI.NumberTheory.Catalan.Analysis.ManuscriptCaseTwoY15LogPrecisionGroup1 (14s)
✔ [3924/4003] Built OAI.NumberTheory.Catalan.Analysis.ManuscriptCaseTwoY15LogPrecisionGroup2 (14s)
✔ [3925/4003] Built OAI.NumberTheory.Catalan.Estimates.ManuscriptCaseTwoY13SubstitutionError (17s)
✔ [3926/4005] Built OAI.NumberTheory.Catalan.Analysis.ManuscriptCaseTwoY16LogPrecisionGroup0 (14s)
✔ [3927/4007] Built OAI.NumberTheory.Catalan.Estimates.ManuscriptCaseTwoY14SubstitutionError (14s)
✔ [3928/4007] Built OAI.NumberTheory.Catalan.Analysis.ManuscriptCaseTwoY16LogPrecisionGroup1 (12s)
✔ [3929/4009] Built OAI.NumberTheory.Catalan.Analysis.ManuscriptCaseTwoY16LogPrecisionGroup2 (12s)
✔ [3930/4009] Built OAI.NumberTheory.Catalan.Analysis.ManuscriptCaseTwoY17LogPrecisionGroup0 (12s)
✔ [3931/4011] Built OAI.NumberTheory.Catalan.Estimates.ManuscriptCaseTwoY15SubstitutionError (14s)
✔ [3932/4011] Built OAI.NumberTheory.Catalan.Analysis.ManuscriptCaseTwoY17LogPrecisionGroup1 (13s)
✔ [3933/4013] Built OAI.NumberTheory.Catalan.Analysis.ManuscriptCaseTwoY17LogPrecisionGroup2 (15s)
✔ [3934/4013] Built OAI.NumberTheory.Catalan.Analysis.ManuscriptCaseTwoY1LogPrecisionGroup0 (14s)
✔ [3935/4015] Built OAI.NumberTheory.Catalan.Analysis.ManuscriptCaseTwoY1LogPrecisionGroup1 (16s)
✔ [3936/4015] Built OAI.NumberTheory.Catalan.Estimates.ManuscriptCaseTwoY16SubstitutionError (18s)
✔ [3937/4016] Built OAI.NumberTheory.Catalan.Analysis.ManuscriptCaseTwoY1LogPrecisionGroup2 (16s)
✔ [3938/4017] Built OAI.NumberTheory.Catalan.Analysis.ManuscriptCaseTwoY2LogPrecisionGroup0 (15s)
✔ [3939/4019] Built OAI.NumberTheory.Catalan.Estimates.ManuscriptCaseTwoY17SubstitutionError (17s)
✔ [3940/4019] Built OAI.NumberTheory.Catalan.Analysis.ManuscriptCaseTwoY2LogPrecisionGroup1 (15s)
✔ [3941/4021] Built OAI.NumberTheory.Catalan.Analysis.ManuscriptCaseTwoY2LogPrecisionGroup2 (16s)
✔ [3942/4021] Built OAI.NumberTheory.Catalan.Estimates.ManuscriptCaseTwoY1SubstitutionError (15s)
✔ [3943/4023] Built OAI.NumberTheory.Catalan.FiniteMatrices.FixedModularPlusRightInverse (113s)
✔ [3944/4023] Built OAI.NumberTheory.Catalan.Analysis.ManuscriptCaseTwoY3LogPrecisionGroup0 (12s)
✔ [3945/4025] Built OAI.NumberTheory.Catalan.FiniteMatrices.FixedModularMinusRightInverse (110s)
✔ [3946/4027] Built OAI.NumberTheory.Catalan.Analysis.ManuscriptCaseTwoY3LogPrecisionGroup1 (13s)
✔ [3947/4027] Built OAI.NumberTheory.Catalan.Analysis.ManuscriptCaseTwoY3LogPrecisionGroup2 (12s)
✔ [3948/4027] Built OAI.NumberTheory.Catalan.Analysis.ManuscriptCaseTwoY4LogPrecisionGroup0 (12s)
✔ [3949/4029] Built OAI.NumberTheory.Catalan.Analysis.ManuscriptCaseTwoY4LogPrecisionGroup1 (12s)
✔ [3950/4031] Built OAI.NumberTheory.Catalan.Estimates.ManuscriptCaseTwoY2SubstitutionError (15s)
✔ [3951/4031] Built OAI.NumberTheory.Catalan.Analysis.ManuscriptCaseTwoY4LogPrecisionGroup2 (13s)
✔ [3952/4033] Built OAI.NumberTheory.Catalan.Analysis.ManuscriptCaseTwoY5LogPrecisionGroup0 (14s)
✔ [3953/4033] Built OAI.NumberTheory.Catalan.Analysis.ManuscriptCaseTwoY5LogPrecisionGroup1 (14s)
✔ [3954/4037] Built OAI.NumberTheory.Catalan.Analysis.ManuscriptCaseTwoY5LogPrecisionGroup2 (20s)
✔ [3955/4038] Built OAI.NumberTheory.Catalan.Estimates.ManuscriptCaseTwoY3SubstitutionError (32s)
✔ [3956/4038] Built OAI.NumberTheory.Catalan.Analysis.ManuscriptCaseTwoY6LogPrecisionGroup0 (33s)
✔ [3957/4038] Built OAI.NumberTheory.Catalan.Analysis.ManuscriptCaseTwoY6LogPrecisionGroup1 (41s)
✔ [3958/4040] Built OAI.NumberTheory.Catalan.Analysis.ManuscriptCaseTwoY6LogPrecisionGroup2 (41s)
✔ [3959/4040] Built OAI.NumberTheory.Catalan.Analysis.ManuscriptCaseTwoY7LogPrecisionGroup0 (49s)
✔ [3960/4041] Built OAI.NumberTheory.Catalan.Estimates.ManuscriptCaseTwoY4SubstitutionError (58s)
✔ [3961/4042] Built OAI.NumberTheory.Catalan.Analysis.ManuscriptCaseTwoY7LogPrecisionGroup1 (50s)
✔ [3962/4043] Built OAI.NumberTheory.Catalan.Analysis.ManuscriptCaseTwoY7LogPrecisionGroup2 (50s)
✔ [3963/4043] Built OAI.NumberTheory.Catalan.Estimates.ManuscriptCaseOneX4SubstitutionError (40s)
✔ [3964/4044] Built OAI.NumberTheory.Catalan.Estimates.ManuscriptCaseOneX5SubstitutionError (40s)
✔ [3965/4045] Built OAI.NumberTheory.Catalan.Estimates.ManuscriptCaseTwoY5SubstitutionError (59s)
✔ [3966/4046] Built OAI.NumberTheory.Catalan.Estimates.ManuscriptCaseOneX6SubstitutionError (37s)
✔ [3967/4047] Built OAI.NumberTheory.Catalan.Estimates.ManuscriptCaseOneX7SubstitutionError (35s)
✔ [3968/4048] Built OAI.NumberTheory.Catalan.Estimates.ManuscriptCaseTwoY6SubstitutionError (49s)
✔ [3969/4049] Built OAI.NumberTheory.Catalan.Estimates.ManuscriptCaseOneY0SubstitutionError (27s)
✔ [3970/4050] Built OAI.NumberTheory.Catalan.Estimates.ManuscriptCaseOneY1PointRounding (27s)
✔ [3971/4050] Built OAI.NumberTheory.Catalan.Estimates.ManuscriptCaseOneY1SubstitutionError (26s)
✔ [3972/4050] Built OAI.NumberTheory.Catalan.Estimates.ManuscriptCaseTwoY7SubstitutionError (34s)
✔ [3973/4053] Built OAI.NumberTheory.Catalan.Estimates.ManuscriptCaseOneY2PointRounding (21s)
✔ [3974/4053] Built OAI.NumberTheory.Catalan.Estimates.ManuscriptCaseOneY2SubstitutionError (20s)
✔ [3975/4055] Built OAI.NumberTheory.Catalan.Estimates.ManuscriptCaseOneY3PointRounding (19s)
✔ [3976/4056] Built OAI.NumberTheory.Catalan.Estimates.ManuscriptCaseOneY3SubstitutionError (18s)
✔ [3977/4058] Built OAI.NumberTheory.Catalan.Estimates.ManuscriptCaseOneY4PointRounding (17s)
✔ [3978/4058] Built OAI.NumberTheory.Catalan.Estimates.ManuscriptCaseOneY4SubstitutionError (17s)
✔ [3979/4062] Built OAI.NumberTheory.Catalan.Analysis.ManuscriptNormLogPGroup001 (19s)
✔ [3980/4062] Built OAI.NumberTheory.Catalan.Analysis.ManuscriptNormLogPGroup002 (19s)
✔ [3981/4062] Built OAI.NumberTheory.Catalan.Estimates.ManuscriptCaseTwoYAllPrecision (24s)
✔ [3982/4062] Built OAI.NumberTheory.Catalan.Analysis.ManuscriptNormLogPGroup003 (19s)
✔ [3983/4064] Built OAI.NumberTheory.Catalan.Analysis.ManuscriptNormLogPGroup004 (18s)
✔ [3984/4064] Built OAI.NumberTheory.Catalan.Analysis.ManuscriptNormLogPGroup005 (17s)
✔ [3985/4066] Built OAI.NumberTheory.Catalan.Analysis.ManuscriptNormLogPGroup006 (18s)
✔ [3986/4066] Built OAI.NumberTheory.Catalan.Analysis.ManuscriptNormLogPGroup007 (13s)
✔ [3987/4066] Built OAI.NumberTheory.Catalan.Analysis.ManuscriptNormLogPGroup008 (14s)
✔ [3988/4067] Built OAI.NumberTheory.Catalan.Analysis.ManuscriptNormLogPGroup009 (14s)
✔ [3989/4068] Built OAI.NumberTheory.Catalan.Determinants.ManuscriptNormLogPRow00 (13s)
✔ [3990/4069] Built OAI.NumberTheory.Catalan.Analysis.ManuscriptNormLogPGroup010 (13s)
✔ [3991/4071] Built OAI.NumberTheory.Catalan.Analysis.ManuscriptNormLogPGroup011 (13s)
✔ [3992/4071] Built OAI.NumberTheory.Catalan.Determinants.ManuscriptNormLogPRow01 (11s)
✔ [3993/4075] Built OAI.NumberTheory.Catalan.Estimates.ManuscriptAllFiftyPointPrecision (20s)
✔ [3994/4075] Built OAI.NumberTheory.Catalan.Analysis.ManuscriptNormLogPGroup012 (13s)
✔ [3995/4075] Built OAI.NumberTheory.Catalan.Determinants.ManuscriptNormLogPRow02 (12s)
✔ [3996/4076] Built OAI.NumberTheory.Catalan.Analysis.ManuscriptNormLogPGroup013 (28s)
✔ [3997/4077] Built OAI.NumberTheory.Catalan.Analysis.ManuscriptNormLogPGroup014 (34s)
✔ [3998/4079] Built OAI.NumberTheory.Catalan.Analysis.ManuscriptNormLogPGroup015 (36s)
✔ [3999/4079] Built OAI.NumberTheory.Catalan.Analysis.ManuscriptNormLogPGroup016 (39s)
✔ [4000/4080] Built OAI.NumberTheory.Catalan.Analysis.ManuscriptNormLogPGroup017 (40s)
✔ [4001/4081] Built OAI.NumberTheory.Catalan.Analysis.ManuscriptNormLogPGroup018 (40s)
✔ [4002/4082] Built OAI.NumberTheory.Catalan.Analysis.ManuscriptNormLogPGroup019 (42s)
✔ [4003/4084] Built OAI.NumberTheory.Catalan.Determinants.ManuscriptNormLogPRow03 (26s)
✔ [4004/4084] Built OAI.NumberTheory.Catalan.Analysis.ManuscriptNormLogPGroup020 (21s)
✔ [4005/4084] Built OAI.NumberTheory.Catalan.Analysis.ManuscriptNormLogPGroup021 (20s)
✔ [4006/4086] Built OAI.NumberTheory.Catalan.Determinants.ManuscriptNormLogPRow04 (16s)
✔ [4007/4086] Built OAI.NumberTheory.Catalan.Analysis.ManuscriptNormLogPGroup022 (18s)
✔ [4008/4088] Built OAI.NumberTheory.Catalan.Analysis.ManuscriptNormLogPGroup023 (17s)
✔ [4009/4090] Built OAI.NumberTheory.Catalan.Determinants.ManuscriptNormLogPRow05 (16s)
✔ [4010/4090] Built OAI.NumberTheory.Catalan.Analysis.ManuscriptNormLogPGroup024 (17s)
✔ [4011/4092] Built OAI.NumberTheory.Catalan.Analysis.ManuscriptNormLogPGroup025 (15s)
✔ [4012/4092] Built OAI.NumberTheory.Catalan.Analysis.ManuscriptNormLogPGroup026 (14s)
✔ [4013/4093] Built OAI.NumberTheory.Catalan.Determinants.ManuscriptNormLogPRow06 (13s)
✔ [4014/4094] Built OAI.NumberTheory.Catalan.Analysis.ManuscriptNormLogPGroup027 (14s)
✔ [4015/4095] Built OAI.NumberTheory.Catalan.Analysis.ManuscriptNormLogPGroup028 (15s)
✔ [4016/4096] Built OAI.NumberTheory.Catalan.Analysis.ManuscriptNormLogPGroup029 (16s)
✔ [4017/4098] Built OAI.NumberTheory.Catalan.Analysis.ManuscriptNormLogPGroup030 (16s)
✔ [4018/4098] Built OAI.NumberTheory.Catalan.Analysis.ManuscriptNormLogPGroup031 (16s)
✔ [4019/4098] Built OAI.NumberTheory.Catalan.Analysis.ManuscriptNormLogPGroup032 (16s)
✔ [4020/4098] Built OAI.NumberTheory.Catalan.Determinants.ManuscriptNormLogPRow07 (15s)
✔ [4021/4100] Built OAI.NumberTheory.Catalan.Analysis.ManuscriptNormLogVGroup000 (16s)
✔ [4022/4101] Built OAI.NumberTheory.Catalan.Analysis.ManuscriptNormLogVGroup001 (17s)
✔ [4023/4103] Built OAI.NumberTheory.Catalan.Determinants.ManuscriptNormLogPRow08 (15s)
✔ [4024/4103] Built OAI.NumberTheory.Catalan.Analysis.ManuscriptNormLogVGroup002 (16s)
✔ [4025/4105] Built OAI.NumberTheory.Catalan.Analysis.ManuscriptNormLogVGroup003 (16s)
✔ [4026/4106] Built OAI.NumberTheory.Catalan.Analysis.ManuscriptNormLogVGroup004 (17s)
✔ [4027/4108] Built OAI.NumberTheory.Catalan.Determinants.ManuscriptNormLogPRow09 (15s)
✔ [4028/4108] Built OAI.NumberTheory.Catalan.Analysis.ManuscriptNormLogVGroup005 (15s)
✔ [4029/4108] Built OAI.NumberTheory.Catalan.Analysis.ManuscriptNormLogVGroup006 (16s)
✔ [4030/4110] Built OAI.NumberTheory.Catalan.Analysis.ManuscriptNormLogVGroup007 (17s)
✔ [4031/4111] Built OAI.NumberTheory.Catalan.Analysis.ManuscriptNormLogVGroup008 (17s)
✔ [4032/4112] Built OAI.NumberTheory.Catalan.Analysis.ManuscriptNormLogVGroup009 (16s)
✔ [4033/4112] Built OAI.NumberTheory.Catalan.Determinants.ManuscriptNormLogVRow00 (16s)
✔ [4034/4114] Built OAI.NumberTheory.Catalan.Analysis.ManuscriptNormLogVGroup010 (17s)
✔ [4035/4114] Built OAI.NumberTheory.Catalan.Analysis.ManuscriptNormLogVGroup011 (16s)
✔ [4036/4115] Built OAI.NumberTheory.Catalan.Analysis.ManuscriptNormLogVGroup012 (17s)
✔ [4037/4116] Built OAI.NumberTheory.Catalan.Analysis.ManuscriptNormLogVGroup013 (16s)
✔ [4038/4117] Built OAI.NumberTheory.Catalan.Analysis.ManuscriptNormLogVGroup014 (17s)
✔ [4039/4119] Built OAI.NumberTheory.Catalan.Analysis.ManuscriptNormLogVGroup015 (17s)
✔ [4040/4119] Built OAI.NumberTheory.Catalan.Determinants.ManuscriptNormLogVRow01 (16s)
✔ [4041/4121] Built OAI.NumberTheory.Catalan.Analysis.ManuscriptNormLogVGroup016 (17s)
✔ [4042/4122] Built OAI.NumberTheory.Catalan.Analysis.ManuscriptNormLogVGroup017 (17s)
✔ [4043/4124] Built OAI.NumberTheory.Catalan.Determinants.ManuscriptNormLogVRow02 (14s)
✔ [4044/4124] Built OAI.NumberTheory.Catalan.Analysis.ManuscriptNormLogVGroup018 (15s)
✔ [4045/4124] Built OAI.NumberTheory.Catalan.Analysis.ManuscriptNormLogVGroup019 (16s)
✔ [4046/4126] Built OAI.NumberTheory.Catalan.Analysis.ManuscriptNormLogVGroup021 (17s)
✔ [4047/4127] Built OAI.NumberTheory.Catalan.Analysis.ManuscriptNormLogVGroup020 (18s)
✔ [4048/4128] Built OAI.NumberTheory.Catalan.FiniteMatrices.FixedLiteralBaseRelationsRows0To1 (437s)
✔ [4049/4128] Built OAI.NumberTheory.Catalan.Analysis.ManuscriptNormLogVGroup022 (18s)
✔ [4050/4130] Built OAI.NumberTheory.Catalan.Determinants.ManuscriptNormLogVRow03 (17s)
✔ [4051/4130] Built OAI.NumberTheory.Catalan.Analysis.ManuscriptNormLogVGroup023 (18s)
✔ [4052/4130] Built OAI.NumberTheory.Catalan.Analysis.ManuscriptNormLogVGroup024 (17s)
✔ [4053/4130] Built OAI.NumberTheory.Catalan.Analysis.ManuscriptNormLogVGroup025 (18s)
✔ [4054/4130] Built OAI.NumberTheory.Catalan.Determinants.ManuscriptNormLogVRow04 (16s)
✔ [4055/4130] Built OAI.NumberTheory.Catalan.Analysis.ManuscriptNormLogVGroup027 (18s)
✔ [4056/4130] Built OAI.NumberTheory.Catalan.Analysis.ManuscriptNormLogVGroup026 (18s)
✔ [4057/4130] Built OAI.NumberTheory.Catalan.Analysis.ManuscriptNormLogVGroup028 (18s)
✔ [4058/4130] Built OAI.NumberTheory.Catalan.Determinants.FixedCanonicalBaseModRow0 (165s)
✔ [4059/4130] Built OAI.NumberTheory.Catalan.Determinants.FixedCanonicalBaseModRow1 (165s)
✔ [4060/4130] Built OAI.NumberTheory.Catalan.Determinants.FixedCanonicalBaseModRow10 (162s)
✔ [4061/4130] Built OAI.NumberTheory.Catalan.Determinants.FixedCanonicalBaseModRow11 (158s)
✔ [4062/4130] Built OAI.NumberTheory.Catalan.Determinants.FixedCanonicalBaseModRow12 (154s)
✔ [4063/4130] Built OAI.NumberTheory.Catalan.Determinants.FixedCanonicalBaseModRow13 (153s)
✔ [4064/4130] Built OAI.NumberTheory.Catalan.Determinants.FixedCanonicalBaseModRow14 (153s)
✔ [4065/4130] Built OAI.NumberTheory.Catalan.Determinants.FixedCanonicalBaseModRow15 (151s)
✔ [4066/4130] Built OAI.NumberTheory.Catalan.Determinants.FixedCanonicalBaseModRow16 (197s)
✔ [4067/4130] Built OAI.NumberTheory.Catalan.Determinants.FixedCanonicalBaseModRow2 (197s)
✔ [4068/4130] Built OAI.NumberTheory.Catalan.Determinants.FixedCanonicalBaseModRow21 (197s)
✔ [4069/4130] Built OAI.NumberTheory.Catalan.Determinants.FixedCanonicalBaseModRow17 (197s)
✔ [4070/4130] Built OAI.NumberTheory.Catalan.Determinants.FixedCanonicalBaseModRow18 (197s)
✔ [4071/4130] Built OAI.NumberTheory.Catalan.Determinants.FixedCanonicalBaseModRow19 (197s)
✔ [4072/4130] Built OAI.NumberTheory.Catalan.Determinants.FixedCanonicalBaseModRow20 (197s)
✔ [4073/4130] Built OAI.NumberTheory.Catalan.Determinants.FixedCanonicalBaseModRow22 (197s)
✔ [4074/4130] Built OAI.NumberTheory.Catalan.Determinants.FixedCanonicalBaseModRow23 (190s)
✔ [4075/4130] Built OAI.NumberTheory.Catalan.Determinants.FixedCanonicalBaseModRow24 (190s)
✔ [4076/4130] Built OAI.NumberTheory.Catalan.Determinants.FixedCanonicalBaseModRow25 (190s)
✔ [4077/4130] Built OAI.NumberTheory.Catalan.Determinants.FixedCanonicalBaseModRow26 (189s)
✔ [4078/4130] Built OAI.NumberTheory.Catalan.Determinants.FixedCanonicalBaseModRow27 (189s)
✔ [4079/4130] Built OAI.NumberTheory.Catalan.Determinants.FixedCanonicalBaseModRow28 (189s)
✔ [4080/4130] Built OAI.NumberTheory.Catalan.Determinants.FixedCanonicalBaseModRow29 (189s)
✔ [4081/4130] Built OAI.NumberTheory.Catalan.Determinants.FixedCanonicalBaseModRow3 (189s)
✔ [4082/4130] Built OAI.NumberTheory.Catalan.Determinants.FixedCanonicalBaseModRow30 (214s)
✔ [4083/4130] Built OAI.NumberTheory.Catalan.Determinants.FixedCanonicalBaseModRow31 (214s)
✔ [4084/4130] Built OAI.NumberTheory.Catalan.Determinants.FixedCanonicalBaseModRow32 (214s)
✔ [4085/4130] Built OAI.NumberTheory.Catalan.Determinants.FixedCanonicalBaseModRow33 (214s)
✔ [4086/4130] Built OAI.NumberTheory.Catalan.Determinants.FixedCanonicalBaseModRow34 (214s)
✔ [4087/4130] Built OAI.NumberTheory.Catalan.Determinants.FixedCanonicalBaseModRow35 (214s)
✔ [4088/4130] Built OAI.NumberTheory.Catalan.Determinants.FixedCanonicalBaseModRow36 (214s)
✔ [4089/4130] Built OAI.NumberTheory.Catalan.Determinants.FixedCanonicalBaseModRow37 (214s)
✔ [4090/4130] Built OAI.NumberTheory.Catalan.Determinants.FixedCanonicalBaseModRow38 (252s)
✔ [4091/4130] Built OAI.NumberTheory.Catalan.Determinants.FixedCanonicalBaseModRow39 (252s)
✔ [4092/4130] Built OAI.NumberTheory.Catalan.Determinants.FixedCanonicalBaseModRow4 (252s)
✔ [4093/4130] Built OAI.NumberTheory.Catalan.Determinants.FixedCanonicalBaseModRow40 (252s)
✔ [4094/4130] Built OAI.NumberTheory.Catalan.Determinants.FixedCanonicalBaseModRow41 (252s)
✔ [4095/4130] Built OAI.NumberTheory.Catalan.Determinants.FixedCanonicalBaseModRow42 (252s)
✔ [4096/4130] Built OAI.NumberTheory.Catalan.Determinants.FixedCanonicalBaseModRow43 (252s)
✔ [4097/4130] Built OAI.NumberTheory.Catalan.Determinants.FixedCanonicalBaseModRow44 (252s)
✔ [4098/4130] Built OAI.NumberTheory.Catalan.Determinants.FixedCanonicalBaseModRow45 (223s)
✔ [4099/4130] Built OAI.NumberTheory.Catalan.Determinants.FixedCanonicalBaseModRow46 (223s)
✔ [4100/4130] Built OAI.NumberTheory.Catalan.Determinants.FixedCanonicalBaseModRow48 (223s)
✔ [4101/4130] Built OAI.NumberTheory.Catalan.Determinants.FixedCanonicalBaseModRow5 (223s)
✔ [4102/4130] Built OAI.NumberTheory.Catalan.Determinants.FixedCanonicalBaseModRow6 (223s)
✔ [4103/4130] Built OAI.NumberTheory.Catalan.Determinants.FixedCanonicalBaseModRow7 (223s)
✔ [4104/4130] Built OAI.NumberTheory.Catalan.Determinants.FixedCanonicalBaseModRow8 (223s)
✔ [4105/4130] Built OAI.NumberTheory.Catalan.Determinants.FixedCanonicalBaseModRow47 (223s)
✔ [4106/4130] Built OAI.NumberTheory.Catalan.FiniteMatrices.FixedLiteralBaseRelationsRows2To3 (15s)
✔ [4107/4130] Built OAI.NumberTheory.Catalan.FiniteMatrices.FixedLiteralBaseRelationsRows24To25 (15s)
✔ [4108/4130] Built OAI.NumberTheory.Catalan.FiniteMatrices.FixedLiteralBaseRelationsRows22To23 (15s)
✔ [4109/4130] Built OAI.NumberTheory.Catalan.FiniteMatrices.FixedLiteralBaseRelationsRows26To27 (16s)
✔ [4110/4130] Built OAI.NumberTheory.Catalan.FiniteMatrices.FixedLiteralBaseRelationsRows28To29 (16s)
✔ [4111/4130] Built OAI.NumberTheory.Catalan.FiniteMatrices.FixedLiteralBaseRelationsRows30To31 (16s)
✔ [4112/4130] Built OAI.NumberTheory.Catalan.FiniteMatrices.FixedLiteralBaseRelationsRows12To13 (12s)
✔ [4113/4130] Built OAI.NumberTheory.Catalan.FiniteMatrices.FixedLiteralBaseRelationsRows18To19 (12s)
✔ [4114/4130] Built OAI.NumberTheory.Catalan.FiniteMatrices.FixedLiteralBaseRelationsRows20To21 (12s)
✔ [4115/4133] Built OAI.NumberTheory.Catalan.FiniteMatrices.FixedLiteralBaseRelationsRows10To11 (12s)
✔ [4116/4133] Built OAI.NumberTheory.Catalan.FiniteMatrices.FixedLiteralBaseRelationsRows16To17 (12s)
✔ [4117/4135] Built OAI.NumberTheory.Catalan.FiniteMatrices.FixedLiteralBaseRelationsRows14To15 (12s)
✔ [4118/4135] Built OAI.NumberTheory.Catalan.Determinants.FixedCanonicalBaseModRow9 (37s)
✔ [4119/4135] Built OAI.NumberTheory.Catalan.Determinants.ManuscriptNormLogVRow05 (26s)
✔ [4120/4140] Built OAI.NumberTheory.Catalan.Analysis.ManuscriptNormLogVGroup031 (28s)
✔ [4121/4140] Built OAI.NumberTheory.Catalan.Analysis.ManuscriptNormLogVGroup032 (27s)
✔ [4122/4140] Built OAI.NumberTheory.Catalan.Analysis.ManuscriptNormLogVGroup033 (27s)
✔ [4123/4140] Built OAI.NumberTheory.Catalan.Analysis.ManuscriptNormLogVGroup034 (19s)
✔ [4124/4142] Built OAI.NumberTheory.Catalan.Analysis.ManuscriptNormLogVGroup029 (28s)
✔ [4125/4142] Built OAI.NumberTheory.Catalan.Analysis.ManuscriptNormLogVGroup030 (28s)
✔ [4126/4142] Built OAI.NumberTheory.Catalan.Estimates.FixedCanonicalBaseModAll (17s)
✔ [4127/4142] Built OAI.NumberTheory.Catalan.Determinants.ManuscriptNormLogVRow07 (23s)
✔ [4128/4144] Built OAI.NumberTheory.Catalan.Analysis.ManuscriptNormLogVGroup039 (24s)
✔ [4129/4146] Built OAI.NumberTheory.Catalan.Analysis.ManuscriptNormLogVGroup038 (25s)
✔ [4130/4146] Built OAI.NumberTheory.Catalan.Analysis.ManuscriptNormLogVGroup037 (29s)
✔ [4131/4148] Built OAI.NumberTheory.Catalan.Analysis.ManuscriptNormLogVGroup035 (29s)
✔ [4132/4148] Built OAI.NumberTheory.Catalan.Analysis.ManuscriptNormLogVGroup036 (29s)
✔ [4133/4149] Built OAI.NumberTheory.Catalan.Determinants.ManuscriptNormLogVRow06 (14s)
✔ [4134/4149] Built OAI.NumberTheory.Catalan.Analysis.ManuscriptNormLogVGroup040 (12s)
✔ [4135/4151] Built OAI.NumberTheory.Catalan.Analysis.ManuscriptNormLogVGroup042 (15s)
✔ [4136/4153] Built OAI.NumberTheory.Catalan.Analysis.ManuscriptNormLogVGroup041 (15s)
✔ [4137/4154] Built OAI.NumberTheory.Catalan.Determinants.ManuscriptNormLogVRow08 (15s)
✔ [4138/4156] Built OAI.NumberTheory.Catalan.Analysis.ManuscriptNormLogVGroup044 (17s)
✔ [4139/4156] Built OAI.NumberTheory.Catalan.Analysis.ManuscriptNormLogVGroup043 (17s)
✔ [4140/4156] Built OAI.NumberTheory.Catalan.Analysis.ManuscriptNormLogVGroup045 (18s)
✔ [4141/4158] Built OAI.NumberTheory.Catalan.Analysis.ManuscriptNormLogVGroup046 (17s)
✔ [4142/4159] Built OAI.NumberTheory.Catalan.Analysis.ManuscriptNormLogVGroup048 (16s)
✔ [4143/4161] Built OAI.NumberTheory.Catalan.Analysis.ManuscriptNormLogVGroup047 (17s)
✔ [4144/4162] Built OAI.NumberTheory.Catalan.Analysis.ManuscriptNormLogVGroup049 (17s)
✔ [4145/4163] Built OAI.NumberTheory.Catalan.Analysis.ManuscriptNormLogVGroup050 (17s)
✔ [4146/4163] Built OAI.NumberTheory.Catalan.Analysis.ManuscriptNormLogVGroup051 (17s)
✔ [4147/4163] Built OAI.NumberTheory.Catalan.Determinants.ManuscriptNormLogVRow09 (16s)
✔ [4148/4164] Built OAI.NumberTheory.Catalan.FiniteMatrices.FixedModularZeroRightInverse (122s)
✔ [4149/4165] Built OAI.NumberTheory.Catalan.Analysis.ManuscriptNormLogVGroup052 (18s)
✔ [4150/4165] Built OAI.NumberTheory.Catalan.Analysis.ManuscriptNormLogVGroup053 (18s)
✔ [4151/4165] Built OAI.NumberTheory.Catalan.Analysis.ManuscriptNormLogVGroup054 (17s)
✔ [4152/4167] Built OAI.NumberTheory.Catalan.Determinants.ManuscriptNormLogVRow10 (14s)
✔ [4153/4169] Built OAI.NumberTheory.Catalan.Determinants.ManuscriptNormLogVRow11 (13s)
✔ [4154/4169] Built OAI.NumberTheory.Catalan.Analysis.ManuscriptNormLogVGroup055 (15s)
✔ [4155/4169] Built OAI.NumberTheory.Catalan.Determinants.ManuscriptNormRoundingPRow00 (29s)
✔ [4156/4169] Built OAI.NumberTheory.Catalan.Determinants.ManuscriptNormRoundingPRow01 (27s)
✔ [4157/4171] Built OAI.NumberTheory.Catalan.Determinants.ManuscriptNormRoundingPRow02 (21s)
✔ [4158/4172] Built OAI.NumberTheory.Catalan.Determinants.ManuscriptNormLogVRow12 (16s)
✔ [4159/4172] Built OAI.NumberTheory.Catalan.Determinants.ManuscriptNormRoundingPRow03 (21s)
✔ [4160/4174] Built OAI.NumberTheory.Catalan.Determinants.ManuscriptNormRoundingPRow05 (20s)
✔ [4161/4175] Built OAI.NumberTheory.Catalan.Determinants.ManuscriptNormRoundingPRow04 (21s)
✔ [4162/4176] Built OAI.NumberTheory.Catalan.FiniteMatrices.FixedDeterminantsNonzero (35s)
✔ [4163/4176] Built OAI.NumberTheory.Catalan.Determinants.ManuscriptNormRoundingPRow06 (21s)
✔ [4164/4177] Built OAI.NumberTheory.Catalan.Determinants.ManuscriptNormRoundingPRow07 (21s)
✔ [4165/4178] Built OAI.NumberTheory.Catalan.Determinants.ManuscriptNormRoundingPRow08 (21s)
✔ [4166/4179] Built OAI.NumberTheory.Catalan.Determinants.ManuscriptNormRoundingPRow09 (21s)
✔ [4167/4180] Built OAI.NumberTheory.Catalan.Determinants.ManuscriptNormRoundingVRow00 (24s)
✔ [4168/4180] Built OAI.NumberTheory.Catalan.Determinants.ManuscriptNormRoundingVRow01 (23s)
✔ [4169/4180] Built OAI.NumberTheory.Catalan.Determinants.ManuscriptNormRoundingVRow02 (23s)
✔ [4170/4183] Built OAI.NumberTheory.Catalan.Determinants.ManuscriptNormRoundingVRow05 (18s)
✔ [4171/4186] Built OAI.NumberTheory.Catalan.Determinants.ManuscriptNormRoundingVRow06 (16s)
✔ [4172/4187] Built OAI.NumberTheory.Catalan.Determinants.ManuscriptNormRoundingVRow03 (25s)
✔ [4173/4188] Built OAI.NumberTheory.Catalan.Determinants.ManuscriptNormRoundingVRow04 (23s)
✔ [4174/4189] Built OAI.NumberTheory.Catalan.Arithmetic.PrimeNonvanishing (26s)
✔ [4175/4190] Built OAI.NumberTheory.Catalan.Determinants.ManuscriptNormRoundingVRow07 (22s)
✔ [4176/4190] Built OAI.NumberTheory.Catalan.Determinants.ManuscriptNormRoundingVRow08 (22s)
✔ [4177/4190] Built OAI.NumberTheory.Catalan.Determinants.ManuscriptNormRoundingVRow09 (22s)
✔ [4178/4191] Built OAI.NumberTheory.Catalan.Estimates.ManuscriptCaseTwoY8SubstitutionError (13s)
✔ [4179/4191] Built OAI.NumberTheory.Catalan.Determinants.ManuscriptNormRoundingVRow11 (22s)
✔ [4180/4241] Built OAI.NumberTheory.Catalan.Determinants.ManuscriptNormRoundingVRow10 (23s)
✔ [4181/4241] Built OAI.NumberTheory.Catalan.Estimates.ManuscriptCaseTwoY8PointRounding (20s)
✔ [4182/4241] Built OAI.NumberTheory.Catalan.Determinants.ManuscriptNormRoundingVRow12 (23s)
✔ [4183/4339] Built OAI.NumberTheory.Catalan.Determinants.PalindromicOriginalDeterminantFactorization (15s)
✔ [4184/4341] Built OAI.NumberTheory.Catalan.Results.Conclusions (18s)
✔ [4185/4342] Built OAI.NumberTheory.Catalan.Estimates.ManuscriptCaseTwoY9PointRounding (18s)
✔ [4187/4344] Built OAI.NumberTheory.Catalan.FiniteMatrices.FixedGaussianPivots (9.4s)
✔ [4188/4344] Built OAI.NumberTheory.Catalan.Estimates.ManuscriptCaseTwoY9SubstitutionError (13s)
✔ [4189/4344] Built OAI.NumberTheory.Catalan.Estimates.ManuscriptEnergyLimits (14s)
✔ [4190/4344] Built OAI.NumberTheory.Catalan.FiniteMatrices.FixedGaussianUnscaled (13s)
✔ [4191/4344] Built OAI.NumberTheory.Catalan.Polynomial.ManuscriptLogCoefficientMass (11s)
✔ [4192/4344] Built OAI.NumberTheory.Catalan.Estimates.IrrationalityAlias (14s)
✔ [4193/4344] Built OAI.NumberTheory.Catalan.Estimates.ManuscriptCaseTwoNormSubstitutionError (18s)
✔ [4194/4344] Built OAI.NumberTheory.Catalan.Results.Catalan (13s)
✔ [4195/4344] Built OAI.NumberTheory.Catalan.SecondBarrier.BarrierCaseTwoStationaryRootSimplicity (13s)
✔ [4196/4344] Built OAI.NumberTheory.Catalan.Estimates.ManuscriptSharpDerivativeBounds (22s)
✔ [4197/4344] Built OAI.NumberTheory.Catalan.Estimates.ManuscriptCaseTwoNormAddedRounding (16s)
✔ [4198/4344] Built OAI.NumberTheory.Catalan.Polynomial.ManuscriptSharpBracketDerivatives (10s)
✔ [4199/4344] Built OAI.NumberTheory.Catalan.FiniteMatrices.FixedGaussianPlusStep0 (50s)
✔ [4200/4344] Built OAI.NumberTheory.Catalan.FiniteMatrices.FixedGaussianZeroStep0 (48s)
✔ [4201/4344] Built OAI.NumberTheory.Catalan.FiniteMatrices.FixedGaussianMinusStep0 (51s)
✔ [4202/4344] Built OAI.NumberTheory.Catalan.FiniteMatrices.FixedGaussianPlusStep1 (37s)
✔ [4203/4344] Built OAI.NumberTheory.Catalan.FiniteMatrices.FixedGaussianZeroStep1 (37s)
✔ [4204/4344] Built OAI.NumberTheory.Catalan.FiniteMatrices.FixedGaussianMinusStep1 (37s)
✔ [4205/4344] Built OAI.NumberTheory.Catalan.FiniteMatrices.FixedGaussianZeroStep2 (33s)
✔ [4206/4344] Built OAI.NumberTheory.Catalan.FiniteMatrices.FixedGaussianPlusStep2 (34s)
✔ [4207/4344] Built OAI.NumberTheory.Catalan.FiniteMatrices.FixedGaussianMinusStep2 (33s)
✔ [4208/4344] Built OAI.NumberTheory.Catalan.FiniteMatrices.FixedGaussianPlusStep3 (30s)
✔ [4209/4344] Built OAI.NumberTheory.Catalan.FiniteMatrices.FixedGaussianZeroStep3 (31s)
✔ [4210/4344] Built OAI.NumberTheory.Catalan.FiniteMatrices.FixedGaussianMinusStep3 (31s)
✔ [4211/4344] Built OAI.NumberTheory.Catalan.FiniteMatrices.FixedGaussianZeroStep4 (31s)
✔ [4212/4344] Built OAI.NumberTheory.Catalan.FiniteMatrices.FixedGaussianMinusStep4 (31s)
✔ [4213/4344] Built OAI.NumberTheory.Catalan.FiniteMatrices.FixedGaussianPlusStep4 (31s)
✔ [4214/4344] Built OAI.NumberTheory.Catalan.FiniteMatrices.FixedGaussianPlusStep5 (31s)
✔ [4215/4344] Built OAI.NumberTheory.Catalan.FiniteMatrices.FixedGaussianZeroStep5 (31s)
✔ [4216/4344] Built OAI.NumberTheory.Catalan.FiniteMatrices.FixedGaussianMinusStep5 (31s)
✔ [4217/4344] Built OAI.NumberTheory.Catalan.FiniteMatrices.FixedGaussianMinusStep6 (33s)
✔ [4218/4344] Built OAI.NumberTheory.Catalan.FiniteMatrices.FixedGaussianPlusStep6 (33s)
✔ [4219/4344] Built OAI.NumberTheory.Catalan.FiniteMatrices.FixedGaussianZeroStep6 (33s)
✔ [4220/4344] Built OAI.NumberTheory.Catalan.FiniteMatrices.FixedGaussianMinusStep7 (31s)
✔ [4221/4344] Built OAI.NumberTheory.Catalan.FiniteMatrices.FixedGaussianPlusStep7 (31s)
✔ [4222/4344] Built OAI.NumberTheory.Catalan.FiniteMatrices.FixedGaussianZeroStep7 (31s)
✔ [4223/4344] Built OAI.NumberTheory.Catalan.FiniteMatrices.FixedGaussianMinusStep8 (31s)
✔ [4224/4344] Built OAI.NumberTheory.Catalan.FiniteMatrices.FixedGaussianPlusStep8 (30s)
✔ [4225/4344] Built OAI.NumberTheory.Catalan.FiniteMatrices.FixedGaussianZeroStep8 (30s)
✔ [4226/4344] Built OAI.NumberTheory.Catalan.FiniteMatrices.FixedGaussianMinusStep9 (30s)
✔ [4227/4344] Built OAI.NumberTheory.Catalan.FiniteMatrices.FixedGaussianPlusStep9 (31s)
✔ [4228/4344] Built OAI.NumberTheory.Catalan.FiniteMatrices.FixedGaussianZeroStep9 (30s)
✔ [4229/4344] Built OAI.NumberTheory.Catalan.FiniteMatrices.FixedGaussianMinusStep10 (30s)
✔ [4230/4344] Built OAI.NumberTheory.Catalan.FiniteMatrices.FixedGaussianPlusStep10 (30s)
✔ [4231/4344] Built OAI.NumberTheory.Catalan.FiniteMatrices.FixedGaussianZeroStep10 (30s)
✔ [4232/4344] Built OAI.NumberTheory.Catalan.FiniteMatrices.FixedGaussianPlusStep11 (32s)
✔ [4233/4344] Built OAI.NumberTheory.Catalan.FiniteMatrices.FixedGaussianZeroStep11 (32s)
✔ [4234/4344] Built OAI.NumberTheory.Catalan.FiniteMatrices.FixedGaussianMinusStep11 (35s)
✔ [4235/4344] Built OAI.NumberTheory.Catalan.FiniteMatrices.FixedGaussianZeroStep12 (26s)
✔ [4236/4344] Built OAI.NumberTheory.Catalan.FiniteMatrices.FixedGaussianPlusStep12 (26s)
✔ [4237/4344] Built OAI.NumberTheory.Catalan.FiniteMatrices.FixedGaussianMinusStep12 (25s)
✔ [4238/4344] Built OAI.NumberTheory.Catalan.FiniteMatrices.FixedGaussianPlusStep13 (26s)
✔ [4239/4344] Built OAI.NumberTheory.Catalan.FiniteMatrices.FixedGaussianZeroStep13 (26s)
✔ [4240/4344] Built OAI.NumberTheory.Catalan.FiniteMatrices.FixedGaussianMinusStep13 (27s)
✔ [4241/4344] Built OAI.NumberTheory.Catalan.FiniteMatrices.FixedGaussianZeroStep14 (25s)
✔ [4242/4344] Built OAI.NumberTheory.Catalan.FiniteMatrices.FixedGaussianPlusStep14 (25s)
✔ [4243/4344] Built OAI.NumberTheory.Catalan.FiniteMatrices.FixedGaussianMinusStep14 (24s)
✔ [4244/4344] Built OAI.NumberTheory.Catalan.FiniteMatrices.FixedGaussianPlusStep15 (24s)
✔ [4245/4344] Built OAI.NumberTheory.Catalan.FiniteMatrices.FixedGaussianZeroStep15 (25s)
✔ [4246/4344] Built OAI.NumberTheory.Catalan.FiniteMatrices.FixedGaussianMinusStep15 (24s)
✔ [4247/4344] Built OAI.NumberTheory.Catalan.FiniteMatrices.FixedGaussianPlusStep16 (24s)
✔ [4248/4344] Built OAI.NumberTheory.Catalan.FiniteMatrices.FixedGaussianZeroStep16 (24s)
✔ [4249/4344] Built OAI.NumberTheory.Catalan.FiniteMatrices.FixedGaussianMinusStep16 (24s)
✔ [4250/4344] Built OAI.NumberTheory.Catalan.FiniteMatrices.FixedGaussianPlusStep17 (25s)
✔ [4251/4344] Built OAI.NumberTheory.Catalan.FiniteMatrices.FixedGaussianZeroStep17 (25s)
✔ [4252/4344] Built OAI.NumberTheory.Catalan.FiniteMatrices.FixedGaussianMinusStep17 (24s)
✔ [4253/4344] Built OAI.NumberTheory.Catalan.FiniteMatrices.FixedGaussianPlusStep18 (24s)
✔ [4254/4344] Built OAI.NumberTheory.Catalan.FiniteMatrices.FixedGaussianZeroStep18 (24s)
✔ [4255/4344] Built OAI.NumberTheory.Catalan.FiniteMatrices.FixedGaussianMinusStep18 (24s)
✔ [4256/4344] Built OAI.NumberTheory.Catalan.FiniteMatrices.FixedGaussianMinusStep19 (24s)
✔ [4257/4344] Built OAI.NumberTheory.Catalan.FiniteMatrices.FixedGaussianPlusStep19 (25s)
✔ [4258/4344] Built OAI.NumberTheory.Catalan.FiniteMatrices.FixedGaussianZeroStep19 (25s)
✔ [4259/4344] Built OAI.NumberTheory.Catalan.FiniteMatrices.FixedGaussianMinusStep20 (26s)
✔ [4260/4344] Built OAI.NumberTheory.Catalan.FiniteMatrices.FixedGaussianPlusStep20 (26s)
✔ [4261/4344] Built OAI.NumberTheory.Catalan.FiniteMatrices.FixedGaussianZeroStep20 (26s)
✔ [4262/4344] Built OAI.NumberTheory.Catalan.FiniteMatrices.FixedGaussianMinusStep21 (27s)
✔ [4263/4344] Built OAI.NumberTheory.Catalan.FiniteMatrices.FixedGaussianPlusStep21 (27s)
✔ [4264/4344] Built OAI.NumberTheory.Catalan.FiniteMatrices.FixedGaussianZeroStep21 (27s)
✔ [4265/4344] Built OAI.NumberTheory.Catalan.FiniteMatrices.FixedGaussianMinusStep22 (26s)
✔ [4266/4344] Built OAI.NumberTheory.Catalan.FiniteMatrices.FixedGaussianPlusStep22 (26s)
✔ [4267/4344] Built OAI.NumberTheory.Catalan.FiniteMatrices.FixedGaussianZeroStep22 (26s)
✔ [4268/4344] Built OAI.NumberTheory.Catalan.FiniteMatrices.FixedGaussianMinusStep23 (30s)
✔ [4269/4344] Built OAI.NumberTheory.Catalan.FiniteMatrices.FixedGaussianPlusStep23 (30s)
✔ [4270/4344] Built OAI.NumberTheory.Catalan.FiniteMatrices.FixedGaussianZeroStep23 (30s)
✔ [4271/4344] Built OAI.NumberTheory.Catalan.FiniteMatrices.FixedGaussianMinusStep24 (28s)
✔ [4272/4344] Built OAI.NumberTheory.Catalan.FiniteMatrices.FixedGaussianPlusStep24 (28s)
✔ [4273/4344] Built OAI.NumberTheory.Catalan.FiniteMatrices.FixedGaussianZeroStep24 (28s)
✔ [4274/4344] Built OAI.NumberTheory.Catalan.FiniteMatrices.FixedGaussianMinusStep25 (27s)
✔ [4275/4344] Built OAI.NumberTheory.Catalan.FiniteMatrices.FixedGaussianPlusStep25 (27s)
✔ [4276/4344] Built OAI.NumberTheory.Catalan.FiniteMatrices.FixedGaussianZeroStep25 (26s)
✔ [4277/4344] Built OAI.NumberTheory.Catalan.FiniteMatrices.FixedGaussianPlusStep26 (28s)
✔ [4278/4344] Built OAI.NumberTheory.Catalan.FiniteMatrices.FixedGaussianZeroStep26 (28s)
✔ [4279/4344] Built OAI.NumberTheory.Catalan.FiniteMatrices.FixedGaussianMinusStep26 (28s)
✔ [4280/4344] Built OAI.NumberTheory.Catalan.FiniteMatrices.FixedGaussianPlusStep27 (27s)
✔ [4281/4344] Built OAI.NumberTheory.Catalan.FiniteMatrices.FixedGaussianZeroStep27 (27s)
✔ [4282/4344] Built OAI.NumberTheory.Catalan.FiniteMatrices.FixedGaussianMinusStep27 (27s)
✔ [4283/4344] Built OAI.NumberTheory.Catalan.FiniteMatrices.FixedGaussianPlusStep28 (27s)
✔ [4284/4344] Built OAI.NumberTheory.Catalan.FiniteMatrices.FixedGaussianZeroStep28 (27s)
✔ [4285/4344] Built OAI.NumberTheory.Catalan.FiniteMatrices.FixedGaussianMinusStep28 (27s)
✔ [4286/4344] Built OAI.NumberTheory.Catalan.FiniteMatrices.FixedGaussianPlusStep29 (27s)
✔ [4287/4344] Built OAI.NumberTheory.Catalan.FiniteMatrices.FixedGaussianZeroStep29 (27s)
✔ [4288/4344] Built OAI.NumberTheory.Catalan.FiniteMatrices.FixedGaussianMinusStep29 (27s)
✔ [4289/4344] Built OAI.NumberTheory.Catalan.FiniteMatrices.FixedGaussianZeroStep30 (28s)
✔ [4290/4344] Built OAI.NumberTheory.Catalan.FiniteMatrices.FixedGaussianMinusStep30 (28s)
✔ [4291/4344] Built OAI.NumberTheory.Catalan.FiniteMatrices.FixedGaussianPlusStep30 (28s)
✔ [4292/4344] Built OAI.NumberTheory.Catalan.FiniteMatrices.FixedGaussianMinusStep31 (30s)
✔ [4293/4344] Built OAI.NumberTheory.Catalan.FiniteMatrices.FixedGaussianPlusStep31 (30s)
✔ [4294/4344] Built OAI.NumberTheory.Catalan.FiniteMatrices.FixedGaussianZeroStep31 (30s)
✔ [4295/4344] Built OAI.NumberTheory.Catalan.FiniteMatrices.FixedGaussianMinusStep32 (29s)
✔ [4296/4344] Built OAI.NumberTheory.Catalan.FiniteMatrices.FixedGaussianPlusStep32 (29s)
✔ [4297/4344] Built OAI.NumberTheory.Catalan.FiniteMatrices.FixedGaussianZeroStep32 (29s)
✔ [4298/4344] Built OAI.NumberTheory.Catalan.FiniteMatrices.FixedGaussianMinusStep33 (27s)
✔ [4299/4344] Built OAI.NumberTheory.Catalan.FiniteMatrices.FixedGaussianPlusStep33 (27s)
✔ [4300/4344] Built OAI.NumberTheory.Catalan.FiniteMatrices.FixedGaussianZeroStep33 (28s)
✔ [4301/4344] Built OAI.NumberTheory.Catalan.FiniteMatrices.FixedGaussianZeroStep34 (26s)
✔ [4302/4344] Built OAI.NumberTheory.Catalan.FiniteMatrices.FixedGaussianMinusStep34 (27s)
✔ [4303/4344] Built OAI.NumberTheory.Catalan.FiniteMatrices.FixedGaussianPlusStep34 (27s)
✔ [4304/4344] Built OAI.NumberTheory.Catalan.FiniteMatrices.FixedGaussianMinusStep35 (28s)
✔ [4305/4344] Built OAI.NumberTheory.Catalan.FiniteMatrices.FixedGaussianPlusStep35 (28s)
✔ [4306/4344] Built OAI.NumberTheory.Catalan.FiniteMatrices.FixedGaussianZeroStep35 (29s)
✔ [4307/4344] Built OAI.NumberTheory.Catalan.FiniteMatrices.FixedGaussianZeroStep36 (27s)
✔ [4308/4344] Built OAI.NumberTheory.Catalan.FiniteMatrices.FixedGaussianMinusStep36 (27s)
✔ [4309/4344] Built OAI.NumberTheory.Catalan.FiniteMatrices.FixedGaussianPlusStep36 (27s)
✔ [4310/4344] Built OAI.NumberTheory.Catalan.FiniteMatrices.FixedGaussianMinusStep37 (28s)
✔ [4311/4344] Built OAI.NumberTheory.Catalan.FiniteMatrices.FixedGaussianPlusStep37 (28s)
✔ [4312/4344] Built OAI.NumberTheory.Catalan.FiniteMatrices.FixedGaussianZeroStep37 (28s)
✔ [4313/4344] Built OAI.NumberTheory.Catalan.FiniteMatrices.FixedGaussianMinusStep38 (30s)
✔ [4314/4344] Built OAI.NumberTheory.Catalan.FiniteMatrices.FixedGaussianZeroStep38 (30s)
✔ [4315/4344] Built OAI.NumberTheory.Catalan.FiniteMatrices.FixedGaussianPlusStep38 (32s)
✔ [4316/4344] Built OAI.NumberTheory.Catalan.FiniteMatrices.FixedGaussianMinusStep39 (29s)
✔ [4317/4344] Built OAI.NumberTheory.Catalan.FiniteMatrices.FixedGaussianZeroStep39 (29s)
✔ [4318/4344] Built OAI.NumberTheory.Catalan.FiniteMatrices.FixedGaussianPlusStep39 (29s)
✔ [4319/4344] Built OAI.NumberTheory.Catalan.FiniteMatrices.FixedGaussianMinusStep40 (31s)
✔ [4320/4344] Built OAI.NumberTheory.Catalan.FiniteMatrices.FixedGaussianPlusStep40 (30s)
✔ [4321/4344] Built OAI.NumberTheory.Catalan.FiniteMatrices.FixedGaussianZeroStep40 (31s)
✔ [4322/4344] Built OAI.NumberTheory.Catalan.FiniteMatrices.FixedGaussianMinusStep41 (27s)
✔ [4323/4344] Built OAI.NumberTheory.Catalan.FiniteMatrices.FixedGaussianPlusStep41 (27s)
✔ [4324/4344] Built OAI.NumberTheory.Catalan.FiniteMatrices.FixedGaussianZeroStep41 (27s)
✔ [4325/4344] Built OAI.NumberTheory.Catalan.FiniteMatrices.FixedGaussianMinusStep42 (28s)
✔ [4326/4344] Built OAI.NumberTheory.Catalan.FiniteMatrices.FixedGaussianPlusStep42 (28s)
✔ [4327/4344] Built OAI.NumberTheory.Catalan.FiniteMatrices.FixedGaussianZeroStep42 (28s)
✔ [4328/4344] Built OAI.NumberTheory.Catalan.FiniteMatrices.FixedGaussianMinusStep43 (29s)
✔ [4329/4344] Built OAI.NumberTheory.Catalan.FiniteMatrices.FixedGaussianPlusStep43 (29s)
✔ [4330/4344] Built OAI.NumberTheory.Catalan.FiniteMatrices.FixedGaussianZeroStep43 (29s)
✔ [4331/4344] Built OAI.NumberTheory.Catalan.FiniteMatrices.FixedGaussianMinusStep44 (31s)
✔ [4332/4344] Built OAI.NumberTheory.Catalan.FiniteMatrices.FixedGaussianPlusStep44 (31s)
✔ [4333/4344] Built OAI.NumberTheory.Catalan.FiniteMatrices.FixedGaussianZeroStep44 (31s)
✔ [4334/4344] Built OAI.NumberTheory.Catalan.FiniteMatrices.FixedGaussianZeroStep45 (30s)
✔ [4335/4344] Built OAI.NumberTheory.Catalan.FiniteMatrices.FixedGaussianPlusStep45 (30s)
✔ [4336/4344] Built OAI.NumberTheory.Catalan.FiniteMatrices.FixedGaussianMinusStep45 (31s)
✔ [4337/4344] Built OAI.NumberTheory.Catalan.FiniteMatrices.FixedGaussianPlusStep46 (26s)
✔ [4338/4344] Built OAI.NumberTheory.Catalan.FiniteMatrices.FixedGaussianMinusStep46 (27s)
✔ [4339/4344] Built OAI.NumberTheory.Catalan.FiniteMatrices.FixedGaussianZeroStep46 (28s)
✔ [4340/4344] Built OAI.NumberTheory.Catalan.FiniteMatrices.FixedGaussianPlusStep47 (44s)
✔ [4341/4344] Built OAI.NumberTheory.Catalan.FiniteMatrices.FixedGaussianMinusStep47 (43s)
✔ [4342/4344] Built OAI.NumberTheory.Catalan.FiniteMatrices.FixedGaussianZeroStep47 (43s)
✔ [4343/4344] Built OAI.NumberTheory.Catalan.FiniteMatrices.FixedGaussianManuscriptTrace (5.4s)
✔ [4344/4344] Built OAI.NumberTheory.Catalan.Main (16s)
Build completed successfully (4344 jobs).
== build rc=0 seconds=4648
{"theorems": ["OAI.InternalCatalan.catalan_irrational"], "defs": [], "json_theorems": ["OAI.InternalCatalan.catalan_irrational"], "missing_from_parse": []}
TYPES/DEFS DIFFER Catalan
1,5d0
< /Users/shannon/cc/math/math/lean/Scratch/Challenge_Catalan.lean:7:8:
< warning:
< declaration
< uses
< `sorry`
AXIOMS: 'OAI.InternalCatalan.catalan_irrational' depends on axioms: [propext, Classical.choice, Quot.sound] 
== end=2026-10-09T01:55:08Z
