== CoarseAssembly  module=OAI.Topology.CoarseAssembly  start=2026-10-10T19:13:31Z
warning: PrimeNumberTheoremAnd: repository '/Users/shannon/cc/math/math/lean/.lake/packages/PrimeNumberTheoremAnd' has local changes
warning: belyi: repository '/Users/shannon/cc/math/math/lean/.lake/packages/belyi' has local changes
warning: formal-schemes: repository '/Users/shannon/cc/math/math/lean/.lake/packages/formal-schemes' has local changes
warning: elliptic-curves: repository '/Users/shannon/cc/math/math/lean/.lake/packages/elliptic-curves' has local changes
warning: tempered-fundamental-groups: repository '/Users/shannon/cc/math/math/lean/.lake/packages/tempered-fundamental-groups' has local changes
warning: oka: repository '/Users/shannon/cc/math/math/lean/.lake/packages/oka' has local changes
warning: orbicurve-cores: repository '/Users/shannon/cc/math/math/lean/.lake/packages/orbicurve-cores' has local changes
warning: pi1: repository '/Users/shannon/cc/math/math/lean/.lake/packages/pi1' has local changes
warning: heights: repository '/Users/shannon/cc/math/math/lean/.lake/packages/heights' has local changes
warning: genl: repository '/Users/shannon/cc/math/math/lean/.lake/packages/genl' has local changes
warning: tate-curves-theta: repository '/Users/shannon/cc/math/math/lean/.lake/packages/tate-curves-theta' has local changes
warning: iut: repository '/Users/shannon/cc/math/math/lean/.lake/packages/iut' has local changes
warning: gromov: repository '/Users/shannon/cc/math/math/lean/.lake/packages/gromov' has local changes
warning: SphereEversion: repository '/Users/shannon/cc/math/math/lean/.lake/packages/SphereEversion' has local changes
warning: schoenflies-lean: repository '/Users/shannon/cc/math/math/lean/.lake/packages/schoenflies-lean' has local changes
warning: ClassFieldTheory: repository '/Users/shannon/cc/math/math/lean/.lake/packages/ClassFieldTheory' has local changes
warning: AINTLIB: repository '/Users/shannon/cc/math/math/lean/.lake/packages/AINTLIB' has local changes
warning: AbsorptionCutoff: repository '/Users/shannon/cc/math/math/lean/.lake/packages/AbsorptionCutoff' has local changes
warning: StrongPNT: repository '/Users/shannon/cc/math/math/lean/.lake/packages/StrongPNT' has local changes
warning: carleson: repository '/Users/shannon/cc/math/math/lean/.lake/packages/carleson' has local changes
warning: rellich-kondrachov: repository '/Users/shannon/cc/math/math/lean/.lake/packages/rellich-kondrachov' has local changes
warning: Zeta3Irrational: repository '/Users/shannon/cc/math/math/lean/.lake/packages/Zeta3Irrational' has local changes
warning: fixed-point-theorems: repository '/Users/shannon/cc/math/math/lean/.lake/packages/fixed-point-theorems' has local changes
✔ [8923/9046] Built OAI.Topology.CoarseAssembly.ShortLoops (7.8s)
✔ [8924/9046] Built OAI.Topology.CoarseAssembly.BoundedGeometry (7.7s)
✔ [8925/9046] Built OAI.Topology.CoarseAssembly.Holonomy (7.7s)
✔ [8939/9270] Built OAI.Topology.CoarseAssembly.Sandwich (8.1s)
✔ [8940/9270] Built OAI.Topology.CoarseAssembly.Persistence (8.0s)
✔ [8941/9270] Built OAI.Topology.CoarseAssembly.TraceSeparation (8.3s)
✔ [8942/9270] Built OAI.Topology.CoarseAssembly.TranscendentalUnit (8.3s)
✔ [8943/9270] Built OAI.Topology.CoarseAssembly.BoundaryIndex (1.4s)
✔ [8944/9270] Built OAI.Topology.CoarseAssembly.RealNormalization (2.7s)
✔ [8945/9270] Built OAI.Topology.CoarseAssembly.Definitions (139s)
✔ [8946/9270] Built OAI.Topology.CoarseAssembly.GraphMetric (12s)
✔ [8947/9270] Built OAI.Topology.CoarseAssembly.SeparatedUnion (12s)
✔ [8948/9270] Built OAI.Topology.CoarseAssembly.CongruenceQuotients (13s)
✔ [8949/9270] Built OAI.Topology.CoarseAssembly.Lattice (13s)
✔ [8950/9270] Built OAI.Topology.CoarseAssembly.CayleyBoundary (13s)
✔ [8951/9270] Built OAI.Topology.CoarseAssembly.BlockOperators (14s)
✔ [8952/9270] Built OAI.Topology.CoarseAssembly.Conjugation (15s)
✔ [8953/9270] Built OAI.Topology.CoarseAssembly.TraceObstruction (14s)
✔ [8954/9270] Built OAI.Topology.CoarseAssembly.CayleyNormControl (14s)
✔ [8955/9270] Built OAI.Topology.CoarseAssembly.LatticeCharge (15s)
✔ [8956/9270] Built OAI.Topology.CoarseAssembly.DiscConnected (14s)
✔ [8957/9270] Built OAI.Topology.CoarseAssembly.CongruenceMaps (15s)
✔ [8958/9270] Built OAI.Topology.CoarseAssembly.CayleyNaturality (14s)
✔ [8959/9270] Built OAI.Topology.CoarseAssembly.CayleyContinuity (13s)
✔ [8960/9270] Built OAI.Topology.CoarseAssembly.LatticeHat (16s)
✔ [8961/9270] Built OAI.Topology.CoarseAssembly.FredholmModule (12s)
✔ [8962/9270] Built OAI.Topology.CoarseAssembly.HilbertSum (13s)
✔ [8963/9270] Built OAI.Topology.CoarseAssembly.CongruenceFibers (12s)
✔ [8964/9270] Built OAI.Topology.CoarseAssembly.FiniteWords (13s)
✔ [8965/9270] Built OAI.Topology.CoarseAssembly.FiberConstants (14s)
✔ [8966/9270] Built OAI.Topology.CoarseAssembly.CayleyUnitization (14s)
✔ [8967/9270] Built OAI.Topology.CoarseAssembly.Roe (21s)
✔ [8968/9270] Built OAI.Topology.CoarseAssembly.UniformSubdivision (13s)
✔ [8969/9270] Built OAI.Topology.CoarseAssembly.AnalyticKHomology (14s)
✔ [8970/9270] Built OAI.Topology.CoarseAssembly.TopologicalK1 (14s)
✔ [8971/9270] Built OAI.Topology.CoarseAssembly.CayleyIntertwining (14s)
✔ [8972/9270] Built OAI.Topology.CoarseAssembly.ProjectionUnitaryPath (14s)
✔ [8973/9270] Built OAI.Topology.CoarseAssembly.CongruenceSurjective (14s)
✔ [8974/9270] Built OAI.Topology.CoarseAssembly.BinaryHilbertSum (19s)
✔ [8975/9270] Built OAI.Topology.CoarseAssembly.ChosenHolonomy (13s)
✔ [8976/9270] Built OAI.Topology.CoarseAssembly.ControlledMatrices (15s)
✔ [8977/9270] Built OAI.Topology.CoarseAssembly.FiniteCompactRoe (13s)
✔ [8978/9270] Built OAI.Topology.CoarseAssembly.CayleyNonunitalNaturality (14s)
✔ [8979/9270] Built OAI.Topology.CoarseAssembly.FiberEmbedding (16s)
✔ [8980/9270] Built OAI.Topology.CoarseAssembly.BilateralShift (26s)
✔ [8981/9270] Built OAI.Topology.CoarseAssembly.RoeCalculus (14s)
✔ [8982/9270] Built OAI.Topology.CoarseAssembly.TensorFibers (22s)
✔ [8983/9270] Built OAI.Topology.CoarseAssembly.LocallyFinite (14s)
✔ [8984/9270] Built OAI.Topology.CoarseAssembly.InvolutionUnitaryPath (15s)
✔ [8985/9270] Built OAI.Topology.CoarseAssembly.K1TwoByTwo (16s)
✔ [8986/9270] Built OAI.Topology.CoarseAssembly.NonUnitalK1 (19s)
✔ [8987/9270] Built OAI.Topology.CoarseAssembly.CycleCompactPerturbation (21s)
✔ [8988/9270] Built OAI.Topology.CoarseAssembly.ProjectionSwap (17s)
✔ [8989/9270] Built OAI.Topology.CoarseAssembly.FiberedGraph (15s)
✔ [8990/9270] Built OAI.Topology.CoarseAssembly.BinaryCycle (21s)
✔ [8991/9270] Built OAI.Topology.CoarseAssembly.NonunitalUnitaryExtension (18s)
