== CoboundaryExpanders  module=OAI.Combinatorics.Coboundary.Main  start=2026-10-08T12:31:31Z
warning: PrimeNumberTheoremAnd: repository '/Users/shannon/cc/math/math/lean/.lake/packages/PrimeNumberTheoremAnd' has local changes
warning: belyi: repository '/Users/shannon/cc/math/math/lean/.lake/packages/belyi' has local changes
warning: formal-schemes: repository '/Users/shannon/cc/math/math/lean/.lake/packages/formal-schemes' has local changes
warning: elliptic-curves: repository '/Users/shannon/cc/math/math/lean/.lake/packages/elliptic-curves' has local changes
warning: tempered-fundamental-groups: repository '/Users/shannon/cc/math/math/lean/.lake/packages/tempered-fundamental-groups' has local changes
warning: oka: repository '/Users/shannon/cc/math/math/lean/.lake/packages/oka' has local changes
warning: orbicurve-cores: repository '/Users/shannon/cc/math/math/lean/.lake/packages/orbicurve-cores' has local changes
warning: pi1: repository '/Users/shannon/cc/math/math/lean/.lake/packages/pi1' has local changes
warning: heights: repository '/Users/shannon/cc/math/math/lean/.lake/packages/heights' has local changes
warning: genl: repository '/Users/shannon/cc/math/math/lean/.lake/packages/genl' has local changes
warning: tate-curves-theta: repository '/Users/shannon/cc/math/math/lean/.lake/packages/tate-curves-theta' has local changes
warning: iut: repository '/Users/shannon/cc/math/math/lean/.lake/packages/iut' has local changes
warning: gromov: repository '/Users/shannon/cc/math/math/lean/.lake/packages/gromov' has local changes
warning: SphereEversion: repository '/Users/shannon/cc/math/math/lean/.lake/packages/SphereEversion' has local changes
warning: schoenflies-lean: repository '/Users/shannon/cc/math/math/lean/.lake/packages/schoenflies-lean' has local changes
warning: ClassFieldTheory: repository '/Users/shannon/cc/math/math/lean/.lake/packages/ClassFieldTheory' has local changes
warning: AINTLIB: repository '/Users/shannon/cc/math/math/lean/.lake/packages/AINTLIB' has local changes
warning: AbsorptionCutoff: repository '/Users/shannon/cc/math/math/lean/.lake/packages/AbsorptionCutoff' has local changes
warning: StrongPNT: repository '/Users/shannon/cc/math/math/lean/.lake/packages/StrongPNT' has local changes
warning: carleson: repository '/Users/shannon/cc/math/math/lean/.lake/packages/carleson' has local changes
warning: rellich-kondrachov: repository '/Users/shannon/cc/math/math/lean/.lake/packages/rellich-kondrachov' has local changes
warning: Zeta3Irrational: repository '/Users/shannon/cc/math/math/lean/.lake/packages/Zeta3Irrational' has local changes
warning: fixed-point-theorems: repository '/Users/shannon/cc/math/math/lean/.lake/packages/fixed-point-theorems' has local changes
✔ [8924/8959] Built OAI.Combinatorics.Coboundary.Spectral (35s)
✔ [8925/8959] Built OAI.GroupTheory.Congruence.HomologyEdge (35s)
✔ [8926/8959] Built OAI.Combinatorics.Coboundary.Chains (36s)
✔ [8927/8959] Built OAI.Combinatorics.Coboundary.Complex (36s)
✔ [8928/8959] Built OAI.Combinatorics.Coboundary.FatLadders (36s)
✔ [8929/8959] Built OAI.GroupTheory.Congruence.Basic (37s)
✔ [8930/8959] Built OAI.GroupTheory.Congruence.Elementary (39s)
✔ [8931/8959] Built OAI.GroupTheory.Congruence.Transfer (48s)
✔ [8932/8959] Built OAI.Combinatorics.Coboundary.Cones (19s)
✔ [8933/8959] Built OAI.GroupTheory.Congruence.Stabilization (12s)
✔ [8934/8959] Built OAI.Combinatorics.Coboundary.Cosets (14s)
✔ [8935/8959] Built OAI.Combinatorics.Coboundary.Joins (16s)
✔ [8936/8959] Built OAI.Geometry.Coboundary.Frames (17s)
✔ [8937/8959] Built OAI.GroupTheory.Congruence.Coinvariants (17s)
✔ [8938/8959] Built OAI.Geometry.Coboundary.Flags (19s)
✔ [8939/8959] Built OAI.GroupTheory.Congruence.Patterns (13s)
✔ [8940/8959] Built OAI.GroupTheory.Congruence.OddHomology (18s)
✔ [8941/8959] Built OAI.Geometry.Coboundary.Lattices (20s)
✔ [8942/8959] Built OAI.GroupTheory.Congruence.Parabolic (17s)
✔ [8943/8959] Built OAI.Combinatorics.Coboundary.Links (22s)
✔ [8944/8959] Built OAI.Geometry.Coboundary.Polynomial (13s)
✔ [8945/8959] Built OAI.Combinatorics.Coboundary.LinkSpectrum (17s)
✔ [8946/8959] Built OAI.GroupTheory.Congruence.Resolution (24s)
✔ [8947/8959] Built OAI.Geometry.Coboundary.Windows (18s)
✔ [8948/8959] Built OAI.Combinatorics.Coboundary.Mixing (17s)
✔ [8949/8959] Built OAI.Combinatorics.Coboundary.Averaging (19s)
✔ [8950/8959] Built OAI.GroupTheory.Congruence.CongruenceFrames (17s)
✔ [8951/8959] Built OAI.Combinatorics.Coboundary.Expansion (17s)
✔ [8952/8959] Built OAI.Geometry.Coboundary.Chambers (34s)
✔ [8953/8959] Built OAI.Combinatorics.Coboundary.Realization (13s)
✔ [8954/8959] Built OAI.GroupTheory.Congruence.FrameHomology (20s)
✔ [8955/8959] Built OAI.Combinatorics.Coboundary.Skeleton (15s)
✔ [8956/8959] Built OAI.Geometry.Coboundary.ChamberCones (19s)
✔ [8957/8959] Built OAI.GroupTheory.Congruence.ProStability (96s)
✔ [8958/8959] Built OAI.Geometry.Coboundary.LatticeCones (6.2s)
✔ [8959/8959] Built OAI.Combinatorics.Coboundary.Main (5.1s)
Build completed successfully (8959 jobs).
== build rc=0 seconds=311
{"theorems": ["OAI.CoboundaryExpanders.main"], "defs": ["OAI.CoboundaryExpanders.Complex", "OAI.CoboundaryExpanders.Complex.facesOf", "OAI.CoboundaryExpanders.Complex.Face", "OAI.CoboundaryExpanders.Complex.Pure", "OAI.CoboundaryExpanders.Complex.Connected", "OAI.CoboundaryExpanders.Complex.Cochain", "OAI.CoboundaryExpanders.Complex.weight", "OAI.CoboundaryExpanders.Complex.norm", "OAI.CoboundaryExpanders.Complex.coboundary", "OAI.CoboundaryExpanders.Complex.coboundaries", "OAI.CoboundaryExpanders.Complex.distance", "OAI.CoboundaryExpanders.Complex.topDegree", "OAI.CoboundaryExpanders.MainStatement"], "json_theorems": ["OAI.CoboundaryExpanders.main"], "missing_from_parse": []}
TYPES/DEFS DIFFER CoboundaryExpanders
1,5d0
< /Users/shannon/cc/math/math/lean/Scratch/Challenge_CoboundaryExpanders.lean:91:8:
< warning:
< declaration
< uses
< `sorry`
136a132
> @[reducible]
AXIOMS: 'OAI.CoboundaryExpanders.main' depends on axioms: [propext, Classical.choice, Quot.sound] 
== end=2026-10-08T12:37:02Z
