== Conductivity  module=OAI.Analysis.Conductivity.Main  start=2026-10-08T12:37:31Z
warning: PrimeNumberTheoremAnd: repository '/Users/shannon/cc/math/math/lean/.lake/packages/PrimeNumberTheoremAnd' has local changes
warning: belyi: repository '/Users/shannon/cc/math/math/lean/.lake/packages/belyi' has local changes
warning: formal-schemes: repository '/Users/shannon/cc/math/math/lean/.lake/packages/formal-schemes' has local changes
warning: elliptic-curves: repository '/Users/shannon/cc/math/math/lean/.lake/packages/elliptic-curves' has local changes
warning: tempered-fundamental-groups: repository '/Users/shannon/cc/math/math/lean/.lake/packages/tempered-fundamental-groups' has local changes
warning: oka: repository '/Users/shannon/cc/math/math/lean/.lake/packages/oka' has local changes
warning: orbicurve-cores: repository '/Users/shannon/cc/math/math/lean/.lake/packages/orbicurve-cores' has local changes
warning: pi1: repository '/Users/shannon/cc/math/math/lean/.lake/packages/pi1' has local changes
warning: heights: repository '/Users/shannon/cc/math/math/lean/.lake/packages/heights' has local changes
warning: genl: repository '/Users/shannon/cc/math/math/lean/.lake/packages/genl' has local changes
warning: tate-curves-theta: repository '/Users/shannon/cc/math/math/lean/.lake/packages/tate-curves-theta' has local changes
warning: iut: repository '/Users/shannon/cc/math/math/lean/.lake/packages/iut' has local changes
warning: gromov: repository '/Users/shannon/cc/math/math/lean/.lake/packages/gromov' has local changes
warning: SphereEversion: repository '/Users/shannon/cc/math/math/lean/.lake/packages/SphereEversion' has local changes
warning: schoenflies-lean: repository '/Users/shannon/cc/math/math/lean/.lake/packages/schoenflies-lean' has local changes
warning: ClassFieldTheory: repository '/Users/shannon/cc/math/math/lean/.lake/packages/ClassFieldTheory' has local changes
warning: AINTLIB: repository '/Users/shannon/cc/math/math/lean/.lake/packages/AINTLIB' has local changes
warning: AbsorptionCutoff: repository '/Users/shannon/cc/math/math/lean/.lake/packages/AbsorptionCutoff' has local changes
warning: StrongPNT: repository '/Users/shannon/cc/math/math/lean/.lake/packages/StrongPNT' has local changes
warning: carleson: repository '/Users/shannon/cc/math/math/lean/.lake/packages/carleson' has local changes
warning: rellich-kondrachov: repository '/Users/shannon/cc/math/math/lean/.lake/packages/rellich-kondrachov' has local changes
warning: Zeta3Irrational: repository '/Users/shannon/cc/math/math/lean/.lake/packages/Zeta3Irrational' has local changes
warning: fixed-point-theorems: repository '/Users/shannon/cc/math/math/lean/.lake/packages/fixed-point-theorems' has local changes
✔ [8924/9518] Built OAI.Analysis.Conductivity.Model (5.7s)
✔ [8925/9518] Built OAI.Analysis.Conductivity.Geometry.MatrixPerturbInverse (20s)
✔ [8926/9518] Built OAI.Analysis.Conductivity.Variational.CrossingProfiles (20s)
✔ [8927/9518] Built OAI.Analysis.Conductivity.Fourier.AnalyticNull (20s)
✔ [8928/9518] Built OAI.Analysis.Conductivity.Variational.CompactParametricIntegral (21s)
✔ [8929/9518] Built OAI.Analysis.Conductivity.Variational.ParametricDiffeomorph (24s)
✔ [8930/9518] Built OAI.Analysis.Conductivity.Fourier.LeadingFrequencyAlignment (25s)
✔ [8931/9518] Built OAI.Analysis.Conductivity.Sobolev.BoundedMultiplier (27s)
✔ [8932/9518] Built OAI.Analysis.Conductivity.Variational.VariationalDN (28s)
✔ [8933/9518] Built OAI.Analysis.Conductivity.Variational.FiniteMomentTransfer (16s)
✔ [8934/9518] Built OAI.Analysis.Conductivity.Sobolev.KernelParamDerivative (19s)
✔ [8935/9518] Built OAI.Analysis.Conductivity.Variational.RadialLaplacian (20s)
✔ [8936/9518] Built OAI.Analysis.Conductivity.Flux.FluxPotentialSymbol (17s)
✔ [8937/9518] Built OAI.Analysis.Conductivity.Sobolev.IntervalTraceEnergy (23s)
✔ [8938/9518] Built OAI.Analysis.Conductivity.Scalarization.SmoothScalarAlgebra (19s)
✔ [8939/9518] Built OAI.Analysis.Conductivity.Variational.GradientColumns (16s)
✔ [8940/9518] Built OAI.Analysis.Conductivity.Variational.SymmetricCorrection (17s)
✔ [8941/9518] Built OAI.Analysis.Conductivity.Sobolev.LocalPiolaFlux (16s)
✔ [8942/9518] Built OAI.Analysis.Conductivity.Variational.OverlapPoincare (18s)
✔ [8943/9518] Built OAI.Analysis.Conductivity.Variational.MatrixCompact (19s)
✔ [8944/9518] Built OAI.Analysis.Conductivity.Sources.NestedGeometry (23s)
✔ [8945/9518] Built OAI.Analysis.Conductivity.Walls.SmoothCutoffSmallMargin (20s)
✔ [8946/9518] Built OAI.Analysis.Conductivity.Variational.DetIdAddRank (21s)
✔ [8947/9518] Built OAI.Analysis.Conductivity.Branching.OpenDisjointify (20s)
✔ [8948/9518] Built OAI.Analysis.Conductivity.Variational.CompletedPotential (22s)
✔ [8949/9518] Built OAI.Analysis.Conductivity.Variational.CompactParametricBounds (16s)
✔ [8950/9518] Built OAI.Analysis.Conductivity.Fourier.PoissonGreen (17s)
✔ [8951/9518] Built OAI.Analysis.Conductivity.Sobolev.L2SpectralMultiplier (21s)
✔ [8952/9518] Built OAI.Analysis.Conductivity.Sources.WeightedSpectralSpace (21s)
✔ [8953/9518] Built OAI.Analysis.Conductivity.Fourier.TorusNonresonance (23s)
✔ [8954/9518] Built OAI.Analysis.Conductivity.Fourier.TorusFourierTranslation (23s)
✔ [8955/9518] Built OAI.Analysis.Conductivity.Variational.LocalSmoothSeries (25s)
✔ [8956/9518] Built OAI.Analysis.Conductivity.Fourier.RectangularRayTrace (24s)
✔ [8957/9518] Built OAI.Analysis.Conductivity.Variational.AffineLayer (21s)
✔ [8958/9518] Built OAI.Analysis.Conductivity.Sobolev.LpFourJet (26s)
✔ [8959/9518] Built OAI.Analysis.Conductivity.Scalarization.ScalarRelationStrongClosed (18s)
✔ [8960/9518] Built OAI.Analysis.Conductivity.Sobolev.LpExtension (21s)
✔ [8961/9518] Built OAI.Analysis.Conductivity.Variational.SmoothCompactParameter (20s)
✔ [8962/9518] Built OAI.Analysis.Conductivity.Sobolev.LpEllipticBounds (20s)
✔ [8963/9518] Built OAI.Analysis.Conductivity.Scalarization.WeakCellFast (21s)
✔ [8964/9518] Built OAI.Analysis.Conductivity.Scalarization.DefectMeasure (20s)
✔ [8965/9518] Built OAI.Analysis.Conductivity.Sobolev.WeakCompactHilbert (19s)
✔ [8966/9518] Built OAI.Analysis.Conductivity.Variational.AffineWeakConstraints (17s)
✔ [8967/9518] Built OAI.Analysis.Conductivity.Fourier.AnalyticNullEuclidean (18s)
✔ [8968/9518] Built OAI.Analysis.Conductivity.Variational.CrossingEstimates (19s)
✔ [8969/9518] Built OAI.Analysis.Conductivity.Walls.HadamardWall (20s)
✔ [8970/9518] Built OAI.Analysis.Conductivity.Variational.ProductFactorSpec (21s)
✔ [8971/9518] Built OAI.Analysis.Conductivity.Variational.SmoothPrimitive (19s)
✔ [8972/9518] Built OAI.Analysis.Conductivity.Variational.PreliminaryQ (21s)
✔ [8973/9518] Built OAI.Analysis.Conductivity.Variational.DivSymbolTwo (20s)
✔ [8974/9518] Built OAI.Analysis.Conductivity.Flux.TwoFluxDivergence (18s)
✔ [8975/9518] Built OAI.Analysis.Conductivity.Fourier.SmoothPhase (18s)
✔ [8976/9518] Built OAI.Analysis.Conductivity.Variational.RadialWeylScale (18s)
✔ [8977/9518] Built OAI.Analysis.Conductivity.Variational.IntervalMeanPoincare (20s)
✔ [8978/9518] Built OAI.Analysis.Conductivity.Fourier.SpectralTrace (20s)
✔ [8979/9518] Built OAI.Analysis.Conductivity.Variational.DenseWeakStrongContinuityPoints (19s)
✔ [8980/9518] Built OAI.Analysis.Conductivity.Sobolev.LocalPiolaFluxPotentialPairing (19s)
✔ [8981/9518] Built OAI.Analysis.Conductivity.Variational.ContDiffClmDet (20s)
✔ [8982/9518] Built OAI.Analysis.Conductivity.Fourier.RectangularTorusAtlas (21s)
✔ [8983/9518] Built OAI.Analysis.Conductivity.Geometry.TorusExponential (18s)
✔ [8984/9518] Built OAI.Analysis.Conductivity.Scalarization.ScalarRelationLpStrongClosed (18s)
✔ [8985/9518] Built OAI.Analysis.Conductivity.Branching.RecoverJoinChild (18s)
✔ [8986/9518] Built OAI.Analysis.Conductivity.Walls.SimpleWallGraph (20s)
✔ [8987/9518] Built OAI.Analysis.Conductivity.Sobolev.WallPrimitive (20s)
✔ [8988/9518] Built OAI.Analysis.Conductivity.Variational.HarmonicRankAffine (23s)
✔ [8989/9518] Built OAI.Analysis.Conductivity.Variational.CentralVariational (33s)
✔ [8990/9518] Built OAI.Analysis.Conductivity.Fourier.ModeConnector (19s)
✔ [8991/9518] Built OAI.Analysis.Conductivity.Variational.Symmetrize (20s)
✔ [8992/9518] Built OAI.Analysis.Conductivity.Variational.AirySymbol (25s)
✔ [8993/9518] Built OAI.Analysis.Conductivity.Geometry.InverseChartPiolaOperator (20s)
✔ [8994/9518] Built OAI.Analysis.Conductivity.Sobolev.LocalPullback (20s)
✔ [8995/9518] Built OAI.Analysis.Conductivity.Geometry.UnitBoxAverage (22s)
✔ [8996/9518] Built OAI.Analysis.Conductivity.Variational.L2TranslationAverage (23s)
✔ [8997/9518] Built OAI.Analysis.Conductivity.Fourier.RectangularTorusInverse (21s)
✔ [8998/9518] Built OAI.Analysis.Conductivity.Fourier.TorusPoissonFlow (18s)
✔ [8999/9518] Built OAI.Analysis.Conductivity.Geometry.TorusLipschitzTrace (22s)
✔ [9000/9518] Built OAI.Analysis.Conductivity.Branching.JoinHull (19s)
✔ [9001/9518] Built OAI.Analysis.Conductivity.Scalarization.ApproxScalar (21s)
✔ [9002/9518] Built OAI.Analysis.Conductivity.Sobolev.WallParticular (21s)
✔ [9003/9518] Built OAI.Analysis.Conductivity.Variational.CompactFiberPrimitive (20s)
✔ [9004/9518] Built OAI.Analysis.Conductivity.Branching.CascadeProfile (18s)
✔ [9005/9518] Built OAI.Analysis.Conductivity.Sources.CentralWeightedVariational (27s)
✔ [9006/9518] Built OAI.Analysis.Conductivity.Variational.CrossingHxx (27s)
✔ [9007/9518] Built OAI.Analysis.Conductivity.Variational.MatrixFiniteLaminate (40s)
✔ [9008/9518] Built OAI.Analysis.Conductivity.Variational.UnitSquarePoincare (23s)
✔ [9009/9518] Built OAI.Analysis.Conductivity.Sources.AngularTrace (21s)
✔ [9010/9518] Built OAI.Analysis.Conductivity.Variational.LocalizedFirstPotential (25s)
✔ [9011/9518] Built OAI.Analysis.Conductivity.Walls.WallHomogeneous (22s)
✔ [9012/9518] Built OAI.Analysis.Conductivity.Walls.WallMomentIndependence (20s)
✔ [9013/9518] Built OAI.Analysis.Conductivity.Variational.CompactMomentPerturbation (18s)
✔ [9014/9518] Built OAI.Analysis.Conductivity.Variational.WeakWeyl (32s)
✔ [9015/9518] Built OAI.Analysis.Conductivity.Branching.CrossingBlock (19s)
✔ [9016/9518] Built OAI.Analysis.Conductivity.Variational.GramRankDetNe (19s)
✔ [9017/9518] Built OAI.Analysis.Conductivity.Geometry.AffineBoxPoincare (19s)
✔ [9018/9518] Built OAI.Analysis.Conductivity.Sobolev.NonlinearLp (23s)
✔ [9019/9518] Built OAI.Analysis.Conductivity.Fourier.AngularNormalTrace (22s)
✔ [9020/9518] Built OAI.Analysis.Conductivity.Fourier.CollarAngularInverse (21s)
✔ [9021/9518] Built OAI.Analysis.Conductivity.Sobolev.WallParticularBounds (20s)
✔ [9022/9518] Built OAI.Analysis.Conductivity.Variational.CompactFiberDecomposition (21s)
✔ [9023/9518] Built OAI.Analysis.Conductivity.Branching.CascadeProfileDeriv (19s)
✔ [9024/9518] Built OAI.Analysis.Conductivity.Variational.WeakHarmonicMean (22s)
✔ [9025/9518] Built OAI.Analysis.Conductivity.Flux.LocalizedTwoFlux (32s)
✔ [9026/9518] Built OAI.Analysis.Conductivity.Sobolev.SobolevChain (19s)
✔ [9027/9518] Built OAI.Analysis.Conductivity.Fourier.AngularIntegration (17s)
✔ [9028/9518] Built OAI.Analysis.Conductivity.Variational.CrossingEllipticity (25s)
✔ [9029/9518] Built OAI.Analysis.Conductivity.Geometry.BoxEnergyPoincare (22s)
✔ [9030/9518] Built OAI.Analysis.Conductivity.Fourier.AngularIntegratedTrace (17s)
✔ [9031/9518] Built OAI.Analysis.Conductivity.Flux.FiberDivergenceBounds (18s)
✔ [9032/9518] Built OAI.Analysis.Conductivity.Flux.CompactBoxDivergence (21s)
✔ [9033/9518] Built OAI.Analysis.Conductivity.Geometry.TorusFaceIntegration (20s)
✔ [9034/9518] Built OAI.Analysis.Conductivity.Sobolev.SobolevSmoothOperations (23s)
✔ [9035/9518] Built OAI.Analysis.Conductivity.Fourier.AnalyticDerivativeBounds (30s)
✔ [9036/9518] Built OAI.Analysis.Conductivity.Variational.SmoothSupportedAdd (24s)
✔ [9037/9518] Built OAI.Analysis.Conductivity.Geometry.RectanglePoincare (20s)
✔ [9038/9518] Built OAI.Analysis.Conductivity.Geometry.ExtendedCollar (28s)
✔ [9039/9518] Built OAI.Analysis.Conductivity.Fourier.AngularSignedTrace (20s)
✔ [9040/9518] Built OAI.Analysis.Conductivity.Variational.FiberTangentialDerivative (18s)
✔ [9041/9518] Built OAI.Analysis.Conductivity.Flux.CompactInteriorDivergence (19s)
✔ [9042/9518] Built OAI.Analysis.Conductivity.Flux.TwoFluxColumns (19s)
✔ [9043/9518] Built OAI.Analysis.Conductivity.Variational.CompactRegularCorrection (23s)
✔ [9044/9518] Built OAI.Analysis.Conductivity.Sobolev.SobolevTraceChain (22s)
✔ [9045/9518] Built OAI.Analysis.Conductivity.Variational.SmoothCompose (23s)
✔ [9046/9518] Built OAI.Analysis.Conductivity.Fourier.SmoothHarmonicAnalytic (19s)
✔ [9047/9518] Built OAI.Analysis.Conductivity.Geometry.BoxIteration (19s)
✔ [9048/9518] Built OAI.Analysis.Conductivity.Variational.CentralAnchor (26s)
✔ [9049/9518] Built OAI.Analysis.Conductivity.Flux.FiberDivergenceC1 (21s)
✔ [9050/9518] Built OAI.Analysis.Conductivity.Variational.DerivativeEquiv (20s)
✔ [9051/9518] Built OAI.Analysis.Conductivity.Branching.CentralChildCollar (25s)
✔ [9052/9518] Built OAI.Analysis.Conductivity.Variational.AdaptedSpatialBasis (23s)
✔ [9053/9518] Built OAI.Analysis.Conductivity.Geometry.BoxMomentRightInverse (21s)
✔ [9054/9518] Built OAI.Analysis.Conductivity.Walls.WallHalfspaceIntegral (21s)
✔ [9055/9518] Built OAI.Analysis.Conductivity.Fourier.LinearPhaseDerivativeIntegralBound (25s)
✔ [9056/9518] Built OAI.Analysis.Conductivity.Flux.CubeWeakDivergence (18s)
✔ [9057/9518] Built OAI.Analysis.Conductivity.Sources.NestedLimits (18s)
✔ [9058/9518] Built OAI.Analysis.Conductivity.Geometry.CompactRegularBoxCorrection (26s)
✔ [9059/9518] Built OAI.Analysis.Conductivity.Sobolev.SobolevMaximum (20s)
✔ [9060/9518] Built OAI.Analysis.Conductivity.Sobolev.SobolevSmoothTests (21s)
✔ [9061/9518] Built OAI.Analysis.Conductivity.Geometry.CollarVolumeBound (20s)
✔ [9062/9518] Built OAI.Analysis.Conductivity.Variational.WeakHarmonicClassical (23s)
✔ [9063/9518] Built OAI.Analysis.Conductivity.Variational.UniformNormBound (29s)
✔ [9064/9518] Built OAI.Analysis.Conductivity.Variational.UniformC1Bounds (20s)
✔ [9065/9518] Built OAI.Analysis.Conductivity.Variational.TransitionMajorant (20s)
✔ [9066/9518] Built OAI.Analysis.Conductivity.Sobolev.CentralPoincare (22s)
✔ [9067/9518] Built OAI.Analysis.Conductivity.Flux.PiolaFluxContDiff (20s)
✔ [9068/9518] Built OAI.Analysis.Conductivity.Branching.ChildCoordinateAnalysis (21s)
✔ [9069/9518] Built OAI.Analysis.Conductivity.Sobolev.LocalPiolaFluxSub (19s)
✔ [9070/9518] Built OAI.Analysis.Conductivity.Sobolev.SobolevGaugeTransform (20s)
✔ [9071/9518] Built OAI.Analysis.Conductivity.Sobolev.SobolevDistribution (21s)
✔ [9072/9518] Built OAI.Analysis.Conductivity.Sobolev.SobolevOuterTests (22s)
✔ [9073/9518] Built OAI.Analysis.Conductivity.Variational.WholeBallJet (23s)
✔ [9074/9518] Built OAI.Analysis.Conductivity.Walls.WallSurfaceMomentInverse (20s)
✔ [9075/9518] Built OAI.Analysis.Conductivity.Geometry.PhysicalCollarTrace (26s)
✔ [9076/9518] Built OAI.Analysis.Conductivity.Variational.CompactBridge (30s)
✔ [9077/9518] Built OAI.Analysis.Conductivity.Geometry.CollarReverseBound (23s)
✔ [9078/9518] Built OAI.Analysis.Conductivity.Variational.RepairPushedGraphStability (22s)
✔ [9079/9518] Built OAI.Analysis.Conductivity.Fourier.PeriodicAveragingSmooth (19s)
✔ [9080/9518] Built OAI.Analysis.Conductivity.Variational.SmoothCompactExtension (19s)
✔ [9081/9518] Built OAI.Analysis.Conductivity.Sobolev.CentralPhysicalTrace (19s)
✔ [9082/9518] Built OAI.Analysis.Conductivity.Flux.ChartTwoFluxLocalized (21s)
✔ [9083/9518] Built OAI.Analysis.Conductivity.Sobolev.CompactLipschitzH1 (19s)
✔ [9084/9518] Built OAI.Analysis.Conductivity.Sources.WeightedGaugeDN (21s)
✔ [9085/9518] Built OAI.Analysis.Conductivity.Flux.CompactBoxDivergenceC1 (34s)
✔ [9086/9518] Built OAI.Analysis.Conductivity.Variational.WholeWeakClosure (17s)
✔ [9087/9518] Built OAI.Analysis.Conductivity.Branching.CollarMeasureTransport (15s)
✔ [9088/9518] Built OAI.Analysis.Conductivity.Variational.SynchronizedChartWaves (15s)
✔ [9089/9518] Built OAI.Analysis.Conductivity.Variational.CentralSmoothTrace (16s)
✔ [9090/9518] Built OAI.Analysis.Conductivity.Sobolev.CollarLpPullback (13s)
✔ [9091/9518] Built OAI.Analysis.Conductivity.Variational.CompactRegularC0 (20s)
✔ [9092/9518] Built OAI.Analysis.Conductivity.Fourier.SpectralExtensionMono (21s)
✔ [9093/9518] Built OAI.Analysis.Conductivity.Variational.VanishingMomentChoice (21s)
✔ [9094/9518] Built OAI.Analysis.Conductivity.Geometry.BoxCoordinateBridge (21s)
✔ [9095/9518] Built OAI.Analysis.Conductivity.Variational.CompactSymmetricMoments (21s)
✔ [9096/9518] Built OAI.Analysis.Conductivity.Variational.SymmetricQuadraticBound (23s)
✔ [9097/9518] Built OAI.Analysis.Conductivity.Flux.CompactFluxDivergence (20s)
✔ [9098/9518] Built OAI.Analysis.Conductivity.Variational.ScaledSmoothSeries (20s)
✔ [9099/9518] Built OAI.Analysis.Conductivity.Geometry.SplitJacobian (27s)
✔ [9100/9518] Built OAI.Analysis.Conductivity.Variational.SmoothDirectionIntegral (22s)
✔ [9101/9518] Built OAI.Analysis.Conductivity.Fourier.CylinderFourier (25s)
✔ [9102/9518] Built OAI.Analysis.Conductivity.Fourier.TorusDirectionalFourier (25s)
✔ [9103/9518] Built OAI.Analysis.Conductivity.Geometry.CoordinateWeakCorrection (24s)
✔ [9104/9518] Built OAI.Analysis.Conductivity.Fourier.TorusFlatMode (24s)
✔ [9105/9518] Built OAI.Analysis.Conductivity.Geometry.CylinderPhysicalEquiv (27s)
✔ [9106/9518] Built OAI.Analysis.Conductivity.Sources.AngularCoefficient (32s)
✔ [9107/9518] Built OAI.Analysis.Conductivity.Branching.CascadeStreams (27s)
✔ [9108/9518] Built OAI.Analysis.Conductivity.Branching.CascadeGeometry (26s)
✔ [9109/9518] Built OAI.Analysis.Conductivity.Variational.NormalStretch (26s)
✔ [9110/9518] Built OAI.Analysis.Conductivity.Geometry.CoordinateCorrectionC0 (25s)
✔ [9111/9518] Built OAI.Analysis.Conductivity.Geometry.TorusDirectionalDerivative (26s)
✔ [9112/9518] Built OAI.Analysis.Conductivity.Fourier.TorusFourierSmooth (24s)
✔ [9113/9518] Built OAI.Analysis.Conductivity.Variational.AxialDecayL2 (28s)
✔ [9114/9518] Built OAI.Analysis.Conductivity.Variational.CentralEnergySpace (73s)
✔ [9115/9518] Built OAI.Analysis.Conductivity.Flux.AntisymmetricFlux (21s)
✔ [9116/9518] Built OAI.Analysis.Conductivity.Branching.CascadeLocality (21s)
✔ [9117/9518] Built OAI.Analysis.Conductivity.Variational.MatrixOperator (24s)
✔ [9118/9518] Built OAI.Analysis.Conductivity.Sobolev.LocalPullbackTsupportInside (22s)
✔ [9119/9518] Built OAI.Analysis.Conductivity.Geometry.FlatTorusPDE (24s)
✔ [9120/9518] Built OAI.Analysis.Conductivity.Fourier.TorusPoissonContinuous (24s)
✔ [9121/9518] Built OAI.Analysis.Conductivity.Fourier.CompactifiedFourierTail (24s)
✔ [9122/9518] Built OAI.Analysis.Conductivity.Geometry.AffineCylinder (22s)
✔ [9123/9518] Built OAI.Analysis.Conductivity.Geometry.TorusLeadingDecay (23s)
✔ [9124/9518] Built OAI.Analysis.Conductivity.Fourier.EndPoissonJets (28s)
✔ [9125/9518] Built OAI.Analysis.Conductivity.Flux.CylinderGreen (25s)
✔ [9126/9518] Built OAI.Analysis.Conductivity.Fourier.CylinderFourierComplete (25s)
✔ [9127/9518] Built OAI.Analysis.Conductivity.Flux.C1WeakDivergence (24s)
✔ [9128/9518] Built OAI.Analysis.Conductivity.Variational.DirectionCalculus (26s)
✔ [9129/9518] Built OAI.Analysis.Conductivity.Flux.CascadeFluxLocal (26s)
✔ [9130/9518] Built OAI.Analysis.Conductivity.Variational.PairedPotential (30s)
✔ [9131/9518] Built OAI.Analysis.Conductivity.Variational.SmoothNormalizedEndFamily (27s)
✔ [9132/9518] Built OAI.Analysis.Conductivity.Variational.CentralCoercivitySmooth (48s)
✔ [9133/9518] Built OAI.Analysis.Conductivity.Geometry.AffineCylinderIntegral (28s)
✔ [9134/9518] Built OAI.Analysis.Conductivity.Flux.CollarCartesianDifferential (30s)
✔ [9135/9518] Built OAI.Analysis.Conductivity.Fourier.EndPoissonRepresentative (28s)
✔ [9136/9518] Built OAI.Analysis.Conductivity.Sources.AngularJet (30s)
✔ [9137/9518] Built OAI.Analysis.Conductivity.Fourier.CylinderModeGreen (22s)
✔ [9138/9518] Built OAI.Analysis.Conductivity.Flux.AEFluxWeak (20s)
✔ [9139/9518] Built OAI.Analysis.Conductivity.Flux.PotentialCurl (23s)
✔ [9140/9518] Built OAI.Analysis.Conductivity.Walls.FlattenedWall (22s)
✔ [9141/9518] Built OAI.Analysis.Conductivity.Variational.QuantitativeLocalTwoFieldSplit (25s)
✔ [9142/9518] Built OAI.Analysis.Conductivity.Geometry.LocalSplitSubpatchRetained (26s)
✔ [9143/9518] Built OAI.Analysis.Conductivity.Geometry.PhysicalCollarBand (25s)
✔ [9144/9518] Built OAI.Analysis.Conductivity.Geometry.CollarLocalInverse (22s)
✔ [9145/9518] Built OAI.Analysis.Conductivity.Sobolev.CentralPhysicalVariational (38s)
✔ [9146/9518] Built OAI.Analysis.Conductivity.Fourier.PoissonTraceRate (29s)
✔ [9147/9518] Built OAI.Analysis.Conductivity.Variational.PhysicalEndLocalLipschitz (24s)
✔ [9148/9518] Built OAI.Analysis.Conductivity.Fourier.EndPoissonDifferential (27s)
✔ [9149/9518] Built OAI.Analysis.Conductivity.Flux.CylinderSeriesGreen (25s)
✔ [9150/9518] Built OAI.Analysis.Conductivity.Flux.CascadeStageCurl (23s)
✔ [9151/9518] Built OAI.Analysis.Conductivity.Variational.CrossingGradient (21s)
✔ [9152/9518] Built OAI.Analysis.Conductivity.Variational.ConjugateDiagonal (25s)
✔ [9153/9518] Built OAI.Analysis.Conductivity.Variational.PhysicalStripIntegral (22s)
✔ [9154/9518] Built OAI.Analysis.Conductivity.Flux.PiolaFluxAdd (26s)
✔ [9155/9518] Built OAI.Analysis.Conductivity.Geometry.CollarAE (21s)
✔ [9156/9518] Built OAI.Analysis.Conductivity.Walls.SeamCutoff (21s)
✔ [9157/9518] Built OAI.Analysis.Conductivity.Geometry.CollarLip (20s)
✔ [9158/9518] Built OAI.Analysis.Conductivity.Geometry.CylinderJetOrthogonal (27s)
✔ [9159/9518] Built OAI.Analysis.Conductivity.Variational.CentralUnnormalizedVariational (28s)
✔ [9160/9518] Built OAI.Analysis.Conductivity.Geometry.CollarInteriorFacts (21s)
✔ [9161/9518] Built OAI.Analysis.Conductivity.Branching.ParentEndPartition (23s)
✔ [9162/9518] Built OAI.Analysis.Conductivity.Scalarization.LocalConstitution (22s)
✔ [9163/9518] Built OAI.Analysis.Conductivity.Flux.PhysicalEndDifferential (22s)
✔ [9164/9518] Built OAI.Analysis.Conductivity.Fourier.PureMode (21s)
✔ [9165/9518] Built OAI.Analysis.Conductivity.Variational.TsupportFiniteSumSubset (21s)
✔ [9166/9518] Built OAI.Analysis.Conductivity.Variational.LocalSymmetricPiola (22s)
✔ [9167/9518] Built OAI.Analysis.Conductivity.Geometry.CompactSplitSubpatch (24s)
✔ [9168/9518] Built OAI.Analysis.Conductivity.Walls.SeamL2 (22s)
✔ [9169/9518] Built OAI.Analysis.Conductivity.Walls.PhysicalCollarCutoff (22s)
✔ [9170/9518] Built OAI.Analysis.Conductivity.Geometry.CylinderPolynomial (25s)
✔ [9171/9518] Built OAI.Analysis.Conductivity.Sobolev.CutSlopeH1 (27s)
✔ [9172/9518] Built OAI.Analysis.Conductivity.Scalarization.CascadeConnectorConstitution (22s)
✔ [9173/9518] Built OAI.Analysis.Conductivity.Branching.ChildEndPartition (25s)
✔ [9174/9518] Built OAI.Analysis.Conductivity.Flux.CentralDistribution (33s)
✔ [9175/9518] Built OAI.Analysis.Conductivity.Fourier.AttachedEndPoisson (27s)
✔ [9176/9518] Built OAI.Analysis.Conductivity.Flux.CascadeTensorBounds (23s)
✔ [9177/9518] Built OAI.Analysis.Conductivity.Branching.MeasurableDisjointGluing (20s)
✔ [9178/9518] Built OAI.Analysis.Conductivity.Sources.LocalPiola (20s)
✔ [9179/9518] Built OAI.Analysis.Conductivity.Flux.LocalTensorBounds (24s)
✔ [9180/9518] Built OAI.Analysis.Conductivity.Variational.ChangeOld (24s)
✔ [9181/9518] Built OAI.Analysis.Conductivity.Walls.SeamCubicRate (23s)
✔ [9182/9518] Built OAI.Analysis.Conductivity.Sobolev.MatchedSeamH1 (24s)
✔ [9183/9518] Built OAI.Analysis.Conductivity.Flux.AttachedEndDifferential (21s)
✔ [9184/9518] Built OAI.Analysis.Conductivity.Flux.CentralDistributionLaplacian (27s)
✔ [9185/9518] Built OAI.Analysis.Conductivity.Geometry.SmoothCollarRate (23s)
✔ [9186/9518] Built OAI.Analysis.Conductivity.Sobolev.CylinderSobolevGraph (34s)
✔ [9187/9518] Built OAI.Analysis.Conductivity.Branching.AttachedEndL2 (19s)
✔ [9188/9518] Built OAI.Analysis.Conductivity.Geometry.PhysicalBoxCorrection (20s)
✔ [9189/9518] Built OAI.Analysis.Conductivity.Branching.CascadeCoefficient (21s)
✔ [9190/9518] Built OAI.Analysis.Conductivity.Sources.SymmetricCutoffSources (20s)
✔ [9191/9518] Built OAI.Analysis.Conductivity.Sources.LocalRegular (19s)
✔ [9192/9518] Built OAI.Analysis.Conductivity.Variational.CompactSelectedReplacement (23s)
✔ [9193/9518] Built OAI.Analysis.Conductivity.Walls.LocalizedMatchedSeam (21s)
✔ [9194/9518] Built OAI.Analysis.Conductivity.Variational.CentralEuclideanBridge (21s)
✔ [9195/9518] Built OAI.Analysis.Conductivity.Branching.AttachedEndGradientL2 (21s)
✔ [9196/9518] Built OAI.Analysis.Conductivity.Branching.AttachedEndLayer (22s)
✔ [9197/9518] Built OAI.Analysis.Conductivity.Flux.CylinderCompletedGreen (25s)
✔ [9198/9518] Built OAI.Analysis.Conductivity.Sobolev.CylinderPoissonH1 (23s)
✔ [9199/9518] Built OAI.Analysis.Conductivity.Variational.PhysicalCorrectionC0 (21s)
✔ [9200/9518] Built OAI.Analysis.Conductivity.Scalarization.CascadeConstitution (19s)
✔ [9201/9518] Built OAI.Analysis.Conductivity.Flux.CascadeTensorLocality (19s)
✔ [9202/9518] Built OAI.Analysis.Conductivity.Walls.CriticalWallTensor (22s)
✔ [9203/9518] Built OAI.Analysis.Conductivity.Sobolev.CentralPairRegularity (21s)
✔ [9204/9518] Built OAI.Analysis.Conductivity.Variational.CompactCompatibleReplacement (25s)
✔ [9205/9518] Built OAI.Analysis.Conductivity.Variational.CentralEuclideanJets (24s)
✔ [9206/9518] Built OAI.Analysis.Conductivity.Variational.PhysicalOverlapMoments (30s)
✔ [9207/9518] Built OAI.Analysis.Conductivity.Branching.AttachedCutLayer (21s)
✔ [9208/9518] Built OAI.Analysis.Conductivity.Geometry.CutSlopeGradient (25s)
✔ [9209/9518] Built OAI.Analysis.Conductivity.Fourier.CylinderPoissonTrace (21s)
✔ [9210/9518] Built OAI.Analysis.Conductivity.Branching.AttachedEndLinear (35s)
✔ [9211/9518] Built OAI.Analysis.Conductivity.Branching.CascadeWeakEnd (20s)
✔ [9212/9518] Built OAI.Analysis.Conductivity.Variational.CompactDepthReductionTwo (21s)
✔ [9213/9518] Built OAI.Analysis.Conductivity.Walls.CriticalWallHomogeneous (21s)
✔ [9214/9518] Built OAI.Analysis.Conductivity.Sobolev.CentralPieceRegular (22s)
✔ [9215/9518] Built OAI.Analysis.Conductivity.Sources.LocalPhysicalCorrection (21s)
✔ [9216/9518] Built OAI.Analysis.Conductivity.Sobolev.AttachedEndMatchedH1 (22s)
✔ [9217/9518] Built OAI.Analysis.Conductivity.Sobolev.CutAttachedEndH1 (21s)
✔ [9218/9518] Built OAI.Analysis.Conductivity.Fourier.CylinderFourierGraph (19s)
✔ [9219/9518] Built OAI.Analysis.Conductivity.Variational.FiniteEndPhysicalRegularity (21s)
✔ [9220/9518] Built OAI.Analysis.Conductivity.Flux.CylinderSlopeGreen (27s)
✔ [9221/9518] Built OAI.Analysis.Conductivity.Branching.Ending (26s)
✔ [9222/9518] Built OAI.Analysis.Conductivity.Geometry.RegularPatchLinear (22s)
✔ [9223/9518] Built OAI.Analysis.Conductivity.Walls.WallMomentAmplitudeBounds (21s)
✔ [9224/9518] Built OAI.Analysis.Conductivity.Variational.Unchanged (23s)
✔ [9225/9518] Built OAI.Analysis.Conductivity.Sources.PhysicalC1Pullback (24s)
✔ [9226/9518] Built OAI.Analysis.Conductivity.Geometry.RegularPotentialCoordinates (21s)
✔ [9227/9518] Built OAI.Analysis.Conductivity.Geometry.SmoothCollarTrace (19s)
✔ [9228/9518] Built OAI.Analysis.Conductivity.Variational.EndPartitionJet (18s)
✔ [9229/9518] Built OAI.Analysis.Conductivity.Fourier.SpectralTerminalL2 (20s)
✔ [9230/9518] Built OAI.Analysis.Conductivity.Variational.CompactDepthReductionRegular (20s)
✔ [9231/9518] Built OAI.Analysis.Conductivity.Branching.EndingCoordinateTransport (23s)
✔ [9232/9518] Built OAI.Analysis.Conductivity.Walls.CriticalWallBounds (23s)
✔ [9233/9518] Built OAI.Analysis.Conductivity.Geometry.RegularPatch (20s)
✔ [9234/9518] Built OAI.Analysis.Conductivity.Variational.MetricControlledPiola (21s)
✔ [9235/9518] Built OAI.Analysis.Conductivity.Variational.CompactPhysicalCorrections (20s)
✔ [9236/9518] Built OAI.Analysis.Conductivity.Geometry.ParametricPotentialCoordinates (20s)
✔ [9237/9518] Built OAI.Analysis.Conductivity.Flux.AssembleCompatibleTensors (20s)
✔ [9238/9518] Built OAI.Analysis.Conductivity.Sobolev.LocalJoinedH1 (24s)
✔ [9239/9518] Built OAI.Analysis.Conductivity.Branching.ParentCentralL2 (29s)
✔ [9240/9518] Built OAI.Analysis.Conductivity.Walls.CriticalWall (21s)
✔ [9241/9518] Built OAI.Analysis.Conductivity.Sobolev.CriticalWallParticularC0 (23s)
✔ [9242/9518] Built OAI.Analysis.Conductivity.Geometry.RegularPatchCoordinates (20s)
✔ [9243/9518] Built OAI.Analysis.Conductivity.Flux.OpenRegularTensorTarget (23s)
✔ [9244/9518] Built OAI.Analysis.Conductivity.Fourier.TorusFourierAnalytic (22s)
✔ [9245/9518] Built OAI.Analysis.Conductivity.Variational.SmoothRankRegularity (18s)
✔ [9246/9518] Built OAI.Analysis.Conductivity.Geometry.RegularRegionFiniteGluing (20s)
✔ [9247/9518] Built OAI.Analysis.Conductivity.Sobolev.AxialPairRank (22s)
✔ [9248/9518] Built OAI.Analysis.Conductivity.Sobolev.LocalPhysicalCorrectionBound (23s)
✔ [9249/9518] Built OAI.Analysis.Conductivity.Variational.ParametricSpatialDerivative (24s)
✔ [9250/9518] Built OAI.Analysis.Conductivity.Branching.RegularMomentTransport (21s)
✔ [9251/9518] Built OAI.Analysis.Conductivity.Variational.WholeBallJetFormula (21s)
✔ [9252/9518] Built OAI.Analysis.Conductivity.Sources.CriticalWallGap (20s)
✔ [9253/9518] Built OAI.Analysis.Conductivity.Branching.ParentLocalizedJet (29s)
✔ [9254/9518] Built OAI.Analysis.Conductivity.Walls.CriticalWallResidual (21s)
✔ [9255/9518] Built OAI.Analysis.Conductivity.Variational.SmoothRepresentativeGluing (21s)
✔ [9256/9518] Built OAI.Analysis.Conductivity.Variational.CompactGlobalUpdate (21s)
✔ [9257/9518] Built OAI.Analysis.Conductivity.Geometry.RegularPatchTranslation (20s)
✔ [9258/9518] Built OAI.Analysis.Conductivity.Variational.AxialLocalRegularity (23s)
✔ [9259/9518] Built OAI.Analysis.Conductivity.Geometry.UniformPhysicalBoxCorrection (21s)
✔ [9260/9518] Built OAI.Analysis.Conductivity.Geometry.ControlledCorrectionBoxes (19s)
✔ [9261/9518] Built OAI.Analysis.Conductivity.Sources.ParametricSymmetricSources (19s)
✔ [9262/9518] Built OAI.Analysis.Conductivity.Variational.GlobalRegularCorrection (20s)
✔ [9263/9518] Built OAI.Analysis.Conductivity.Walls.ParametricWallOperators (20s)
✔ [9264/9518] Built OAI.Analysis.Conductivity.Sources.NestedWeightedLimit (21s)
✔ [9265/9518] Built OAI.Analysis.Conductivity.Sobolev.WeylPairGluing (21s)
✔ [9266/9518] Built OAI.Analysis.Conductivity.Variational.LocalSmoothWeakDerivative (24s)
✔ [9267/9518] Built OAI.Analysis.Conductivity.Sobolev.ParentCompletionJoin (27s)
✔ [9268/9518] Built OAI.Analysis.Conductivity.Flux.SmoothFluxIntegrable (20s)
✔ [9269/9518] Built OAI.Analysis.Conductivity.Branching.MeasurableDisjointGluingMeasurable (19s)
✔ [9270/9518] Built OAI.Analysis.Conductivity.Variational.FieldVector (20s)
✔ [9271/9518] Built OAI.Analysis.Conductivity.Variational.LocalBoundedPiolaCorrection (20s)
✔ [9272/9518] Built OAI.Analysis.Conductivity.Sobolev.UniformLocalPhysicalCorrection (21s)
✔ [9273/9518] Built OAI.Analysis.Conductivity.Variational.BoundedPiolaCorrection (21s)
✔ [9274/9518] Built OAI.Analysis.Conductivity.Variational.QuantitativePhysicalMoments (21s)
✔ [9275/9518] Built OAI.Analysis.Conductivity.Variational.OriginalGradientLocality (19s)
✔ [9276/9518] Built OAI.Analysis.Conductivity.Variational.PhysicalRepresentativeGluing (20s)
✔ [9277/9518] Built OAI.Analysis.Conductivity.Variational.Refl (21s)
✔ [9278/9518] Built OAI.Analysis.Conductivity.Branching.ParentCompletedEndJet (20s)
✔ [9279/9518] Built OAI.Analysis.Conductivity.Walls.ParametricWallTensors (22s)
✔ [9280/9518] Built OAI.Analysis.Conductivity.Branching.ChildCentralL2 (29s)
✔ [9281/9518] Built OAI.Analysis.Conductivity.Branching.QuantitativeRegularTransport (22s)
✔ [9282/9518] Built OAI.Analysis.Conductivity.Variational.ParametricLocalRegularCorrection (24s)
✔ [9283/9518] Built OAI.Analysis.Conductivity.Variational.SmoothPhysicalMomentFamily (24s)
✔ [9284/9518] Built OAI.Analysis.Conductivity.Geometry.PhysicalRegionGluing (21s)
✔ [9285/9518] Built OAI.Analysis.Conductivity.Fourier.SpectralExtensionNonemptyNonempty (19s)
✔ [9286/9518] Built OAI.Analysis.Conductivity.Variational.FieldVectorCLM (31s)
✔ [9287/9518] Built OAI.Analysis.Conductivity.Walls.WallSideMoments (19s)
✔ [9288/9518] Built OAI.Analysis.Conductivity.Fourier.AngularPeriodization (19s)
✔ [9289/9518] Built OAI.Analysis.Conductivity.Walls.ParametricWallAmplitude (20s)
✔ [9290/9518] Built OAI.Analysis.Conductivity.Sobolev.CentralPhysicalRegion (23s)
✔ [9291/9518] Built OAI.Analysis.Conductivity.Branching.ChildInverse (23s)
✔ [9292/9518] Built OAI.Analysis.Conductivity.Flux.PhysicalChildTensor (23s)
✔ [9293/9518] Built OAI.Analysis.Conductivity.Variational.QuantitativeGlobalCorrection (23s)
✔ [9294/9518] Built OAI.Analysis.Conductivity.Branching.ChildLocalizedJet (29s)
✔ [9295/9518] Built OAI.Analysis.Conductivity.Geometry.RegularRegionCongrSubset (23s)
✔ [9296/9518] Built OAI.Analysis.Conductivity.Branching.ParametricCorrectionTransport (25s)
✔ [9297/9518] Built OAI.Analysis.Conductivity.Variational.FieldMean (22s)
✔ [9298/9518] Built OAI.Analysis.Conductivity.Sobolev.WallParticularFamily (23s)
✔ [9299/9518] Built OAI.Analysis.Conductivity.Variational.VoltagePoincare (25s)
✔ [9300/9518] Built OAI.Analysis.Conductivity.Variational.SimpleLevelNull (25s)
✔ [9301/9518] Built OAI.Analysis.Conductivity.Variational.FiniteEndPhysicalDescent (25s)
✔ [9302/9518] Built OAI.Analysis.Conductivity.Fourier.FlatFourierFlux (25s)
✔ [9303/9518] Built OAI.Analysis.Conductivity.Branching.CentralJoinCover (25s)
✔ [9304/9518] Built OAI.Analysis.Conductivity.Geometry.PhysicalEndRegions (26s)
✔ [9305/9518] Built OAI.Analysis.Conductivity.Variational.CentralHarmonicOpen (23s)
✔ [9306/9518] Built OAI.Analysis.Conductivity.Variational.ParametricGlobalCorrection (22s)
✔ [9307/9518] Built OAI.Analysis.Conductivity.Sobolev.ChildCompletionJoin (25s)
✔ [9308/9518] Built OAI.Analysis.Conductivity.Sobolev.CompactUpdateLp (20s)
✔ [9309/9518] Built OAI.Analysis.Conductivity.Branching.SmoothFamilyCorrectionTransport (21s)
✔ [9310/9518] Built OAI.Analysis.Conductivity.Sobolev.WallParticularFinish (20s)
✔ [9311/9518] Built OAI.Analysis.Conductivity.Walls.CentralSeamCutoff (21s)
✔ [9312/9518] Built OAI.Analysis.Conductivity.Sobolev.VoltageJetCompletion (24s)
✔ [9313/9518] Built OAI.Analysis.Conductivity.Variational.RegularVanishingFamily (18s)
✔ [9314/9518] Built OAI.Analysis.Conductivity.Flux.VoltageFluxConstraints (25s)
✔ [9315/9518] Built OAI.Analysis.Conductivity.Scalarization.UpdateFieldPair (24s)
✔ [9316/9518] Built OAI.Analysis.Conductivity.Variational.SmoothFamilyGlobalCorrection (24s)
✔ [9317/9518] Built OAI.Analysis.Conductivity.Scalarization.WeakDensityLp (31s)
✔ [9318/9518] Built OAI.Analysis.Conductivity.Sources.ParametricPullback (23s)
✔ [9319/9518] Built OAI.Analysis.Conductivity.Walls.ChildSeamCutoff (21s)
✔ [9320/9518] Built OAI.Analysis.Conductivity.Branching.ParentComplementPartition (30s)
✔ [9321/9518] Built OAI.Analysis.Conductivity.Variational.ParametricMomentSmall (19s)
✔ [9322/9518] Built OAI.Analysis.Conductivity.Geometry.ParametricCorrectionRegionPiola (15s)
✔ [9323/9518] Built OAI.Analysis.Conductivity.Scalarization.FineScalarSequence (24s)
✔ [9324/9518] Built OAI.Analysis.Conductivity.Sobolev.VoltageOriginalH10 (36s)
✔ [9325/9518] Built OAI.Analysis.Conductivity.Walls.WallTransferParametric (18s)
✔ [9326/9518] Built OAI.Analysis.Conductivity.Geometry.LocalFamilyRegionCoordinates (17s)
✔ [9327/9518] Built OAI.Analysis.Conductivity.Scalarization.DenseClosureApprox (17s)
✔ [9328/9518] Built OAI.Analysis.Conductivity.Walls.WallVanishingMomentCoefficients (15s)
✔ [9329/9518] Built OAI.Analysis.Conductivity.Sobolev.ChildH10Transport (83s)
✔ [9330/9518] Built OAI.Analysis.Conductivity.Variational.OriginalVoltageRestriction (24s)
✔ [9331/9518] Built OAI.Analysis.Conductivity.Scalarization.ScalarizationAffineLimit (15s)
✔ [9332/9518] Built OAI.Analysis.Conductivity.Walls.CriticalWallFamilyCorrection (13s)
✔ [9333/9518] Built OAI.Analysis.Conductivity.Branching.ChildTransportFormula (14s)
✔ [9334/9518] Built OAI.Analysis.Conductivity.Sobolev.CentralNeighborhoodCompletion (16s)
✔ [9335/9518] Built OAI.Analysis.Conductivity.Sobolev.VoltageH1Completion (16s)
✔ [9336/9518] Built OAI.Analysis.Conductivity.Walls.CriticalWallRegion (13s)
✔ [9337/9518] Built OAI.Analysis.Conductivity.Sobolev.PhysicalProductJet (15s)
✔ [9338/9518] Built OAI.Analysis.Conductivity.Geometry.CentralSlopeJet (16s)
✔ [9339/9518] Built OAI.Analysis.Conductivity.Scalarization.UniformMatrixScalarization (13s)
✔ [9340/9518] Built OAI.Analysis.Conductivity.Variational.CentralLocalAgreement (20s)
✔ [9341/9518] Built OAI.Analysis.Conductivity.Variational.CentralJetIdentity (15s)
✔ [9342/9518] Built OAI.Analysis.Conductivity.Sobolev.ChildH1Pullback (51s)
✔ [9343/9518] Built OAI.Analysis.Conductivity.Branching.ChildJetScaling (12s)
✔ [9344/9518] Built OAI.Analysis.Conductivity.Flux.CentralCylinderGreen (16s)
✔ [9345/9518] Built OAI.Analysis.Conductivity.Variational.PhysicalFlatEllipticity (8.5s)
✔ [9346/9518] Built OAI.Analysis.Conductivity.Branching.PhysicalFlatTransport (10s)
✔ [9347/9518] Built OAI.Analysis.Conductivity.Flux.AttachedFlatTensor (10s)
✔ [9348/9518] Built OAI.Analysis.Conductivity.Branching.AttachedFlatTransport (7.0s)
✔ [9349/9518] Built OAI.Analysis.Conductivity.Flux.PhysicalTensorPatch (10s)
✔ [9350/9518] Built OAI.Analysis.Conductivity.Flux.FiniteEndPhysicalTensor (10s)
✔ [9351/9518] Built OAI.Analysis.Conductivity.Branching.LinearFiniteEndTransport (13s)
✔ [9352/9518] Built OAI.Analysis.Conductivity.Flux.PhysicalVoltageFlux (13s)
✔ [9353/9518] Built OAI.Analysis.Conductivity.Variational.PhysicalFaceUniqueness (13s)
✔ [9354/9518] Built OAI.Analysis.Conductivity.Flux.FiniteEndPhysicalSmoothTensor (13s)
✔ [9355/9518] Built OAI.Analysis.Conductivity.Flux.PhysicalTensorBound (12s)
✔ [9356/9518] Built OAI.Analysis.Conductivity.Variational.PhysicalTestEnergy (12s)
✔ [9357/9518] Built OAI.Analysis.Conductivity.Sources.FacePasting (12s)
✔ [9358/9518] Built OAI.Analysis.Conductivity.Flux.LinearFluxWeakTransport (13s)
✔ [9359/9518] Built OAI.Analysis.Conductivity.Flux.VariableCollarTensor (15s)
✔ [9360/9518] Built OAI.Analysis.Conductivity.Flux.PhysicalBlockTensor (16s)
✔ [9361/9518] Built OAI.Analysis.Conductivity.Sobolev.FiniteEndPhysicalH1 (16s)
✔ [9362/9518] Built OAI.Analysis.Conductivity.Sources.AngularGraph (17s)
✔ [9363/9518] Built OAI.Analysis.Conductivity.Flux.LinearTensorEllipticity (20s)
✔ [9364/9518] Built OAI.Analysis.Conductivity.Sobolev.ParentFullEndH1 (24s)
✔ [9365/9518] Built OAI.Analysis.Conductivity.Geometry.PhysicalCollarRegularity (18s)
✔ [9366/9518] Built OAI.Analysis.Conductivity.Fourier.AttachedPeriodicDerivative (18s)
✔ [9367/9518] Built OAI.Analysis.Conductivity.Flux.VariableBlockTensor (19s)
✔ [9368/9518] Built OAI.Analysis.Conductivity.Sources.NonzeroJacobianAE (18s)
✔ [9369/9518] Built OAI.Analysis.Conductivity.Sources.AngularPhysicalTest (19s)
✔ [9370/9518] Built OAI.Analysis.Conductivity.Fourier.AngularMeasureExact (17s)
✔ [9371/9518] Built OAI.Analysis.Conductivity.Fourier.TorusSmoothModeJet (22s)
✔ [9372/9518] Built OAI.Analysis.Conductivity.Variational.FullWeakEndEnergy (15s)
✔ [9373/9518] Built OAI.Analysis.Conductivity.Geometry.CylinderPointEnergy (14s)
✔ [9374/9518] Built OAI.Analysis.Conductivity.Variational.PhysicalEndOpen (12s)
✔ [9375/9518] Built OAI.Analysis.Conductivity.Sources.FaceMeasure (12s)
✔ [9376/9518] Built OAI.Analysis.Conductivity.Variational.FullEndClosedEnergy (11s)
✔ [9377/9518] Built OAI.Analysis.Conductivity.Variational.PhysicalFaceSum (11s)
✔ [9378/9518] Built OAI.Analysis.Conductivity.Sources.EndPointEnergy (9.8s)
✔ [9379/9518] Built OAI.Analysis.Conductivity.Sources.FaceIntegral (10s)
✔ [9380/9518] Built OAI.Analysis.Conductivity.Branching.PhysicalNullTransport (10s)
✔ [9381/9518] Built OAI.Analysis.Conductivity.Branching.ParentFullEndEnergy (12s)
✔ [9382/9518] Built OAI.Analysis.Conductivity.Variational.PhysicalEndSmoothEnergy (8.5s)
✔ [9383/9518] Built OAI.Analysis.Conductivity.Flux.PhysicalEndSmoothGreen (8.8s)
✔ [9384/9518] Built OAI.Analysis.Conductivity.Sobolev.ChildFullEndH1 (13s)
✔ [9385/9518] Built OAI.Analysis.Conductivity.Branching.ChildComplementPartition (13s)
✔ [9386/9518] Built OAI.Analysis.Conductivity.Branching.ChildFullEndEnergy (12s)
✔ [9387/9518] Built OAI.Analysis.Conductivity.Branching.PhysicalChildIntegral (13s)
✔ [9388/9518] Built OAI.Analysis.Conductivity.Branching.PhysicalChildAttachedCorrection (13s)
✔ [9389/9518] Built OAI.Analysis.Conductivity.Branching.JoinedPhysicalEnds (17s)
✔ [9390/9518] Built OAI.Analysis.Conductivity.Branching.PhysicalBlockEnergy (8.3s)
✔ [9391/9518] Built OAI.Analysis.Conductivity.Branching.PhysicalAttachedAssembly (9.7s)
✔ [9392/9518] Built OAI.Analysis.Conductivity.Branching.PhysicalJoin (13s)
✔ [9393/9518] Built OAI.Analysis.Conductivity.Branching.PhysicalBlockEnergySum (14s)
✔ [9394/9518] Built OAI.Analysis.Conductivity.Branching.CascadeRankPieces (17s)
✔ [9395/9518] Built OAI.Analysis.Conductivity.Fourier.CascadePeriodicity (17s)
✔ [9396/9518] Built OAI.Analysis.Conductivity.Sobolev.CentralPhysicalEnergy (18s)
✔ [9397/9518] Built OAI.Analysis.Conductivity.Variational.PhysicalSmoothTest (20s)
✔ [9398/9518] Built OAI.Analysis.Conductivity.Variational.VoltageRecombination (25s)
✔ [9399/9518] Built OAI.Analysis.Conductivity.Fourier.SmoothAngularCutoff (16s)
✔ [9400/9518] Built OAI.Analysis.Conductivity.Flux.TorusBoxFlux (18s)
✔ [9401/9518] Built OAI.Analysis.Conductivity.Fourier.TorusLeadingRealMode (29s)
✔ [9402/9518] Built OAI.Analysis.Conductivity.Variational.ParametricAxialNormalization (17s)
✔ [9403/9518] Built OAI.Analysis.Conductivity.Walls.RecenteredWallField (17s)
✔ [9404/9518] Built OAI.Analysis.Conductivity.Variational.CompletePhysicalAttachment (18s)
✔ [9405/9518] Built OAI.Analysis.Conductivity.Sources.PhysicalBlockDomain (16s)
✔ [9406/9518] Built OAI.Analysis.Conductivity.Branching.FiniteEndingRegularity (15s)
✔ [9407/9518] Built OAI.Analysis.Conductivity.Branching.AlignedEndingData (16s)
✔ [9408/9518] Built OAI.Analysis.Conductivity.Sources.AngularLocalizedSources (15s)
✔ [9409/9518] Built OAI.Analysis.Conductivity.Variational.PhysicalTraceBounds (20s)
✔ [9410/9518] Built OAI.Analysis.Conductivity.Sobolev.AxialExtension (16s)
✔ [9411/9518] Built OAI.Analysis.Conductivity.Fourier.TorusPeriodicDescent (16s)
✔ [9412/9518] Built OAI.Analysis.Conductivity.Fourier.PureModeWall (16s)
✔ [9413/9518] Built OAI.Analysis.Conductivity.Geometry.TorusIntegralAlgebra (16s)
✔ [9414/9518] Built OAI.Analysis.Conductivity.Branching.PhysicalOpenBlock (17s)
✔ [9415/9518] Built OAI.Analysis.Conductivity.Branching.AlignedEndingRegularity (17s)
✔ [9416/9518] Built OAI.Analysis.Conductivity.Fourier.AngularLocalizedMoments (18s)
✔ [9417/9518] Built OAI.Analysis.Conductivity.Flux.AttachedPhysicalSmoothGreen (28s)
✔ [9418/9518] Built OAI.Analysis.Conductivity.Variational.PhysicalEnergyContinuous (19s)
✔ [9419/9518] Built OAI.Analysis.Conductivity.Fourier.PureModeWallRegion (18s)
✔ [9420/9518] Built OAI.Analysis.Conductivity.Walls.SimpleCriticalWallCoordinates (18s)
✔ [9421/9518] Built OAI.Analysis.Conductivity.Sources.WordGeometry (16s)
✔ [9422/9518] Built OAI.Analysis.Conductivity.Branching.EndingJoinOverlap (16s)
✔ [9423/9518] Built OAI.Analysis.Conductivity.Branching.DelayedEndingRegularity (16s)
✔ [9424/9518] Built OAI.Analysis.Conductivity.Sources.TorusMoments (17s)
✔ [9425/9518] Built OAI.Analysis.Conductivity.Branching.PhysicalAttachedWeakPDE (16s)
✔ [9426/9518] Built OAI.Analysis.Conductivity.Branching.VariableBlockEnergy (16s)
✔ [9427/9518] Built OAI.Analysis.Conductivity.Walls.SimpleCriticalWallRegion (14s)
✔ [9428/9518] Built OAI.Analysis.Conductivity.Flux.AxialFluxBlend (29s)
✔ [9429/9518] Built OAI.Analysis.Conductivity.Variational.PhysicalOuterTrace (20s)
✔ [9430/9518] Built OAI.Analysis.Conductivity.Geometry.TorusLocalizedMoments (11s)
✔ [9431/9518] Built OAI.Analysis.Conductivity.Fourier.PureModeFamilyLocalCorrection (12s)
✔ [9432/9518] Built OAI.Analysis.Conductivity.Flux.DelayedPairFlux (11s)
✔ [9433/9518] Built OAI.Analysis.Conductivity.Flux.PhysicalAttachedGreen (12s)
✔ [9434/9518] Built OAI.Analysis.Conductivity.Fourier.PeriodicFamilyCorrection (9.3s)
✔ [9435/9518] Built OAI.Analysis.Conductivity.Variational.PhysicalCentralRegularPair (9.8s)
✔ [9436/9518] Built OAI.Analysis.Conductivity.Flux.TorusFluxDecay (9.6s)
✔ [9437/9518] Built OAI.Analysis.Conductivity.Fourier.AffineFourierField (9.5s)
✔ [9438/9518] Built OAI.Analysis.Conductivity.Fourier.FourierEndFlux (11s)
✔ [9439/9518] Built OAI.Analysis.Conductivity.Flux.TorusCrossFluxDecay (11s)
✔ [9440/9518] Built OAI.Analysis.Conductivity.Flux.FlatBackgroundTensor (11s)
✔ [9441/9518] Built OAI.Analysis.Conductivity.Flux.WeakFluxClassicalC1 (11s)
✔ [9442/9518] Built OAI.Analysis.Conductivity.Walls.EndingJoinCutoff (12s)
✔ [9443/9518] Built OAI.Analysis.Conductivity.Fourier.FourierEndConcomitant (12s)
✔ [9444/9518] Built OAI.Analysis.Conductivity.Geometry.TorusAffineField (12s)
✔ [9445/9518] Built OAI.Analysis.Conductivity.Flux.TorusCylinderGreenReal (15s)
✔ [9446/9518] Built OAI.Analysis.Conductivity.Fourier.EndingJoinPeriodicity (16s)
✔ [9447/9518] Built OAI.Analysis.Conductivity.Scalarization.EndingJoinConstitution (17s)
✔ [9448/9518] Built OAI.Analysis.Conductivity.Branching.EndingJoinElliptic (17s)
✔ [9449/9518] Built OAI.Analysis.Conductivity.Fourier.FourierPairFlux (17s)
✔ [9450/9518] Built OAI.Analysis.Conductivity.Variational.WeakPairOverlap (17s)
✔ [9451/9518] Built OAI.Analysis.Conductivity.Fourier.TorusSpectralContinuation (15s)
✔ [9452/9518] Built OAI.Analysis.Conductivity.Flux.TorusCylinderGreenComplex (19s)
✔ [9453/9518] Built OAI.Analysis.Conductivity.Fourier.FourierMatchingInterpolation (14s)
✔ [9454/9518] Built OAI.Analysis.Conductivity.Fourier.AngularFourierConjugacy (14s)
✔ [9455/9518] Built OAI.Analysis.Conductivity.Branching.MatchedEndingWeak (14s)
✔ [9456/9518] Built OAI.Analysis.Conductivity.Fourier.SpectralAffineCovector (13s)
✔ [9457/9518] Built OAI.Analysis.Conductivity.Sources.FluxCylinder (12s)
✔ [9458/9518] Built OAI.Analysis.Conductivity.Fourier.AngularPhaseTranslation (11s)
✔ [9459/9518] Built OAI.Analysis.Conductivity.Fourier.FourierMatchingLocalData (11s)
✔ [9460/9518] Built OAI.Analysis.Conductivity.Fourier.AttachedPeriodicFlux (12s)
✔ [9461/9518] Built OAI.Analysis.Conductivity.Fourier.SpectralTerminalIntegral (12s)
✔ [9462/9518] Built OAI.Analysis.Conductivity.Fourier.FourierMatchingFamilyCorrection (9.4s)
✔ [9463/9518] Built OAI.Analysis.Conductivity.Fourier.AttachedPeriodicGreen (7.8s)
✔ [9464/9518] Built OAI.Analysis.Conductivity.Fourier.FourierMatchingElliptic (7.3s)
✔ [9465/9518] Built OAI.Analysis.Conductivity.Fourier.PeriodicBandCompactness (6.6s)
✔ [9466/9518] Built OAI.Analysis.Conductivity.Fourier.EndingJoinMiddleModel (5.5s)
✔ [9467/9518] Built OAI.Analysis.Conductivity.Branching.MatchedEndingRegularity (5.3s)
✔ [9468/9518] Built OAI.Analysis.Conductivity.Fourier.FourierFiniteEnding (7.8s)
✔ [9469/9518] Built OAI.Analysis.Conductivity.Fourier.FourierFiniteEndingNormal (7.8s)
✔ [9470/9518] Built OAI.Analysis.Conductivity.Scalarization.ConcreteFluxScalarization (6.6s)
✔ [9471/9518] Built OAI.Analysis.Conductivity.Variational.C1VoltageApproximation (7.4s)
✔ [9472/9518] Built OAI.Analysis.Conductivity.Sobolev.OriginalH1VoltageRestriction (7.1s)
✔ [9473/9518] Built OAI.Analysis.Conductivity.Scalarization.ConcreteFluxH1Scalarization (7.9s)
✔ [9474/9518] Built OAI.Analysis.Conductivity.Scalarization.OriginalScalarizationCauchy (8.8s)
✔ [9475/9518] Built OAI.Analysis.Conductivity.Sobolev.OriginalPairVoltage (8.0s)
✔ [9476/9518] Built OAI.Analysis.Conductivity.Scalarization.GeneralModeEndingScalarization (8.5s)
✔ [9477/9518] Built OAI.Analysis.Conductivity.Geometry.TorusLeadingDecomposition (9.8s)
✔ [9478/9518] Built OAI.Analysis.Conductivity.Fourier.GeneralModeFiniteEndNormal (10s)
✔ [9479/9518] Built OAI.Analysis.Conductivity.Fourier.GeneralModeRecombinedEnding (11s)
✔ [9480/9518] Built OAI.Analysis.Conductivity.Fourier.AngularInverseTensor (8.0s)
✔ [9481/9518] Built OAI.Analysis.Conductivity.Fourier.UndoAngularWeakPair (6.0s)
✔ [9482/9518] Built OAI.Analysis.Conductivity.Variational.RankProjectionFirst (6.0s)
✔ [9483/9518] Built OAI.Analysis.Conductivity.Fourier.UndoAngularProperties (7.8s)
✔ [9484/9518] Built OAI.Analysis.Conductivity.Geometry.TorusTraceFiniteEnd (5.8s)
✔ [9485/9518] Built OAI.Analysis.Conductivity.Branching.TorusEndingCorrection (5.6s)
✔ [9486/9518] Built OAI.Analysis.Conductivity.Branching.BranchOutputNormalization (5.5s)
✔ [9487/9518] Built OAI.Analysis.Conductivity.Branching.BranchFiniteEnding (5.5s)
✔ [9488/9518] Built OAI.Analysis.Conductivity.Flux.BranchTerminalFluxIntegral (6.7s)
✔ [9489/9518] Built OAI.Analysis.Conductivity.Branching.FlatEndingSplice (6.8s)
✔ [9490/9518] Built OAI.Analysis.Conductivity.Variational.FlatSpliceRegularity (7.2s)
✔ [9491/9518] Built OAI.Analysis.Conductivity.Scalarization.AttachedSplicedConstitution (7.2s)
✔ [9492/9518] Built OAI.Analysis.Conductivity.Branching.PhysicalRankTransport (7.4s)
✔ [9493/9518] Built OAI.Analysis.Conductivity.Flux.AttachedSplicedGreen (7.9s)
✔ [9494/9518] Built OAI.Analysis.Conductivity.Branching.PhysicalFiniteEndingData (11s)
✔ [9495/9518] Built OAI.Analysis.Conductivity.Variational.CentralCorrectedRepresentative (7.8s)
✔ [9496/9518] Built OAI.Analysis.Conductivity.Flux.PhysicalSplicedGreen (14s)
✔ [9497/9518] Built OAI.Analysis.Conductivity.Variational.PhysicalTerminalBands (8.3s)
✔ [9498/9518] Built OAI.Analysis.Conductivity.Branching.PhysicalBlockRepresentative (7.4s)
✔ [9499/9518] Built OAI.Analysis.Conductivity.Sobolev.OriginalSmoothMultiplier (8.2s)
✔ [9500/9518] Built OAI.Analysis.Conductivity.Variational.PhysicalOpenVoltage (7.3s)
✔ [9501/9518] Built OAI.Analysis.Conductivity.Sobolev.OriginalMultiplierOperator (8.2s)
✔ [9502/9518] Built OAI.Analysis.Conductivity.Walls.PhysicalTerminalCutoff (13s)
✔ [9503/9518] Built OAI.Analysis.Conductivity.Sources.PhysicalGradient (13s)
✔ [9504/9518] Built OAI.Analysis.Conductivity.Sources.CopiedScalarCoefficient (13s)
✔ [9505/9518] Built OAI.Analysis.Conductivity.Scalarization.PhysicalScalarization (15s)
✔ [9506/9518] Built OAI.Analysis.Conductivity.Variational.VoltageBoundaryTrace (17s)
✔ [9507/9518] Built OAI.Analysis.Conductivity.Sources.PhysicalPatching (12s)
✔ [9508/9518] Built OAI.Analysis.Conductivity.Variational.PhysicalRealTrace (11s)
✔ [9509/9518] Built OAI.Analysis.Conductivity.Sources.BranchCombine (18s)
✔ [9510/9518] Built OAI.Analysis.Conductivity.Variational.PhysicalTraceMean (10s)
✔ [9511/9518] Built OAI.Analysis.Conductivity.Sources.PhysicalTrace (11s)
✔ [9512/9518] Built OAI.Analysis.Conductivity.Branching.PhysicalTraceTransport (8.2s)
✔ [9513/9518] Built OAI.Analysis.Conductivity.Sources.PhysicalRoot (9.0s)
✔ [9514/9518] Built OAI.Analysis.Conductivity.Sources.PhysicalMaximum (7.5s)
✔ [9515/9518] Built OAI.Analysis.Conductivity.Sources.CopiedEnergyAlgebra (11s)
✔ [9516/9518] Built OAI.Analysis.Conductivity.Sources.WordTrace (8.2s)
✔ [9517/9518] Built OAI.Analysis.Conductivity.Sources.IteratedAverages (7.5s)
✔ [9518/9518] Built OAI.Analysis.Conductivity.Main (6.6s)
Build completed successfully (9518 jobs).
== build rc=0 seconds=1937
{"theorems": ["OAI.ScalarConductivity.main_nonuniqueness"], "defs": ["OAI.ScalarConductivity.R3", "OAI.ScalarConductivity.JetFiber", "OAI.ScalarConductivity.ball", "OAI.ScalarConductivity.ballMeasure", "OAI.ScalarConductivity.JetSpace", "OAI.ScalarConductivity.smoothJet", "OAI.ScalarConductivity.smoothJets", "OAI.ScalarConductivity.compactSmoothJets", "OAI.ScalarConductivity.H1Space", "OAI.ScalarConductivity.H1", "OAI.ScalarConductivity.zeroTraceAmbient", "OAI.ScalarConductivity.H10", "OAI.ScalarConductivity.TraceSpace", "OAI.ScalarConductivity.TraceDual", "OAI.ScalarConductivity.DNOperator", "OAI.ScalarConductivity.trace", "OAI.ScalarConductivity.weakGradient", "OAI.ScalarConductivity.energy", "OAI.ScalarConductivity.Harmonic", "OAI.ScalarConductivity.IsDirichletToNeumann", "OAI.ScalarConductivity.EqualOneNearBoundary", "OAI.ScalarConductivity.MainStatement"], "json_theorems": ["OAI.ScalarConductivity.main_nonuniqueness"], "missing_from_parse": []}
TYPES/DEFS DIFFER Conductivity
1,5d0
< /Users/shannon/cc/math/math/lean/Scratch/Challenge_Conductivity.lean:77:8:
< warning:
< declaration
< uses
< `sorry`
AXIOMS: 'OAI.ScalarConductivity.main_nonuniqueness' depends on axioms: [propext, Classical.choice, Quot.sound] 
== end=2026-10-08T13:10:11Z
