== ContingencyTables  module=OAI.Combinatorics.ContingencyTables.UnconditionalMain  start=2026-10-07T15:07:52Z
warning: belyi: repository '/Users/shannon/cc/math/math/lean/.lake/packages/belyi' has local changes
warning: formal-schemes: repository '/Users/shannon/cc/math/math/lean/.lake/packages/formal-schemes' has local changes
warning: elliptic-curves: repository '/Users/shannon/cc/math/math/lean/.lake/packages/elliptic-curves' has local changes
warning: tempered-fundamental-groups: repository '/Users/shannon/cc/math/math/lean/.lake/packages/tempered-fundamental-groups' has local changes
warning: oka: repository '/Users/shannon/cc/math/math/lean/.lake/packages/oka' has local changes
warning: orbicurve-cores: repository '/Users/shannon/cc/math/math/lean/.lake/packages/orbicurve-cores' has local changes
warning: pi1: repository '/Users/shannon/cc/math/math/lean/.lake/packages/pi1' has local changes
warning: heights: repository '/Users/shannon/cc/math/math/lean/.lake/packages/heights' has local changes
warning: genl: repository '/Users/shannon/cc/math/math/lean/.lake/packages/genl' has local changes
warning: tate-curves-theta: repository '/Users/shannon/cc/math/math/lean/.lake/packages/tate-curves-theta' has local changes
warning: iut: repository '/Users/shannon/cc/math/math/lean/.lake/packages/iut' has local changes
✔ [6782/7082] Built OAI.Combinatorics.ContingencyTables.Transport.QuadraticTransport (2.9s)
✔ [8924/9251] Built OAI.Combinatorics.ContingencyTables.Transport.BalancedSummation (5.1s)
✔ [8925/9251] Built OAI.Combinatorics.ContingencyTables.Model (5.6s)
✔ [8926/9251] Built OAI.Combinatorics.ContingencyTables.Transport.PositiveSequenceMinimum (5.9s)
✔ [8927/9251] Built OAI.Combinatorics.ContingencyTables.Transport.SignedTransport (6.6s)
✔ [8928/9251] Built OAI.Combinatorics.ContingencyTables.Dense.GridBoundary (6.4s)
✔ [8929/9251] Built OAI.Combinatorics.ContingencyTables.Sampling.ResidualMixture (6.7s)
✔ [8930/9251] Built OAI.Combinatorics.ContingencyTables.Transport.LaminarSignature (8.3s)
✔ [8931/9251] Built OAI.Combinatorics.ContingencyTables.PublishedInputs (7.9s)
✔ [8932/9251] Built OAI.Combinatorics.ContingencyTables.Sampling.GreedyFeasibleTable (7.0s)
✔ [8933/9251] Built OAI.Combinatorics.ContingencyTables.Transport.TableReindex (4.8s)
✔ [8934/9251] Built OAI.Combinatorics.MatchingCount.Graphs.Vertex (16s)
✔ [8935/9251] Built OAI.Combinatorics.MatchingCount.Graphs.Mate (19s)
✔ [8936/9251] Built OAI.Combinatorics.MatchingCount.Model (20s)
✔ [8937/9251] Built OAI.Combinatorics.MatchingCount.Graphs.Density (21s)
✔ [8938/9251] Built OAI.Combinatorics.MatchingCount.Graphs.ColoredEdge (23s)
✔ [8939/9251] Built OAI.Combinatorics.MatchingCount.Graphs.ArcData (24s)
✔ [8940/9251] Built OAI.Combinatorics.ContingencyTables.Dense.GridMeasure (11s)
✔ [8941/9251] Built OAI.Combinatorics.ContingencyTables.Sampling.SmallEntries (12s)
✔ [8942/9251] Built OAI.Combinatorics.ContingencyTables.Transport.FirstSuccess (8.6s)
✔ [8943/9251] Built OAI.Combinatorics.ContingencyTables.Transport.LineUnarySignature (9.8s)
✔ [8944/9251] Built OAI.Combinatorics.ContingencyTables.Transport.TableMarginTransport (6.8s)
✔ [8945/9251] Built OAI.Combinatorics.ContingencyTables.Transport.BoxGeometry (12s)
✔ [8946/9251] Built OAI.Combinatorics.ContingencyTables.Transport.SignedMarginTranslation (8.9s)
✔ [8947/9251] Built OAI.Combinatorics.ContingencyTables.Sampling.Padding (9.8s)
✔ [8948/9251] Built OAI.Combinatorics.ContingencyTables.Sampling.Repair (8.4s)
✔ [8949/9251] Built OAI.Combinatorics.ContingencyTables.Transport.RationalProducts (9.2s)
✔ [8950/9251] Built OAI.Combinatorics.ContingencyTables.Transport.RejectionLaw (9.7s)
✔ [8951/9251] Built OAI.Combinatorics.ContingencyTables.Transport.RationalReindex (9.0s)
✔ [8952/9251] Built OAI.Combinatorics.MatchingCount.Sampling.Span (29s)
✔ [8953/9251] Built OAI.Combinatorics.MatchingCount.Complexity.GuardMachineBase (31s)
✔ [8954/9251] Built OAI.Combinatorics.MatchingCount.Probability.Mean (30s)
✔ [8955/9251] Built OAI.Combinatorics.ContingencyTables.Transport.TranslatedCompletions (9.8s)
✔ [8956/9251] Built OAI.Combinatorics.ContingencyTables.Parameters (10s)
✔ [8957/9251] Built OAI.Combinatorics.ContingencyTables.Dense.GridCover (14s)
✔ [8958/9251] Built OAI.Combinatorics.ContingencyTables.Sampling.RepairPrefixes (7.0s)
✔ [8959/9251] Built OAI.Combinatorics.ContingencyTables.Machines.FiniteFairBits (7.8s)
✔ [8960/9251] Built OAI.Combinatorics.ContingencyTables.Transport.RationalWalks (7.3s)
✔ [8961/9251] Built OAI.Combinatorics.MatchingCount.Graphs.Edge (42s)
✔ [8962/9251] Built OAI.Combinatorics.ContingencyTables.Transport.TranslatedCompletionCounts (8.1s)
✔ [8963/9251] Built OAI.Combinatorics.ContingencyTables.Transport.TranslatedCompletionAcceptance (8.7s)
✔ [8964/9251] Built OAI.Combinatorics.ContingencyTables.Dense.GridAdjacency (12s)
✔ [8965/9251] Built OAI.Combinatorics.ContingencyTables.Transport.RationalMapProducts (8.9s)
✔ [8966/9251] Built OAI.Combinatorics.MatchingCount.Sampling.Corner (27s)
✔ [8967/9255] Built OAI.Combinatorics.MatchingCount.Complexity.AlphabetCompilerCost (25s)
✔ [8968/9255] Built OAI.Combinatorics.MatchingCount.Complexity.StackCompilerCost (27s)
✔ [8969/9255] Built OAI.Combinatorics.ContingencyTables.Transport.FiniteDependentLaw (7.8s)
✔ [8970/9255] Built OAI.Combinatorics.MatchingCount.Machines.BoolPostCompiler (25s)
✔ [8971/9255] Built OAI.Combinatorics.ContingencyTables.Dense.DenseAxisProposal (11s)
✔ [8972/9255] Built OAI.Combinatorics.ContingencyTables.Dense.DenseWeights (11s)
✔ [8973/9259] Built OAI.Combinatorics.MatchingCount.Graphs.PathStrength (29s)
✔ [8974/9262] Built OAI.Combinatorics.ContingencyTables.Transport.AffinePenalty (8.9s)
✔ [8975/9262] Built OAI.Combinatorics.MatchingCount.Machines.SupportedCompiler (22s)
✔ [8976/9262] Built OAI.Combinatorics.MatchingCount.Tapes.StackEmbedding (22s)
✔ [8977/9262] Built OAI.Combinatorics.MatchingCount.Machines.TreeTransfer (22s)
✔ [8978/9262] Built OAI.Combinatorics.MatchingCount.Graphs.IndexedCycle (27s)
✔ [8979/9264] Built OAI.Combinatorics.MatchingCount.Arithmetic.BinaryAddition (26s)
✔ [8980/9265] Built OAI.Combinatorics.ContingencyTables.Dense.DenseScales (8.1s)
✔ [8981/9265] Built OAI.Combinatorics.ContingencyTables.Dense.DenseAffine (10s)
✔ [8982/9265] Built OAI.Combinatorics.ContingencyTables.Dense.AffineRegion (11s)
✔ [8983/9266] Built OAI.Combinatorics.MatchingCount.Algorithm.AffineWeights (23s)
✔ [8984/9268] Built OAI.Combinatorics.ContingencyTables.Dense.GridMass (12s)
✔ [8985/9268] Built OAI.Combinatorics.MatchingCount.Tapes.FixedAlphabetCompiler (22s)
✔ [8986/9268] Built OAI.Combinatorics.MatchingCount.Tapes.WordOps (22s)
✔ [8987/9268] Built OAI.Combinatorics.MatchingCount.Tapes.StackLens (23s)
✔ [8988/9272] Built OAI.Combinatorics.MatchingCount.Graphs.Sets (25s)
✔ [8989/9272] Built OAI.Combinatorics.ContingencyTables.Transport.RealCompletion (9.8s)
✔ [8990/9272] Built OAI.Combinatorics.ContingencyTables.Dense.DenseCoefficients (9.9s)
✔ [8991/9274] Built OAI.Combinatorics.ContingencyTables.Dense.AffineRegionVolume (9.9s)
✔ [8992/9274] Built OAI.Combinatorics.MatchingCount.Arithmetic.BinaryCompare (24s)
✔ [8993/9274] Built OAI.Combinatorics.MatchingCount.Arithmetic.BinarySubtract (25s)
✔ [8994/9274] Built OAI.Combinatorics.ContingencyTables.Dense.GridPartition (12s)
✔ [8995/9274] Built OAI.Combinatorics.ContingencyTables.Dense.DenseCutParameters (12s)
✔ [8996/9274] Built OAI.Combinatorics.ContingencyTables.Dense.GridConductance (16s)
✔ [8997/9287] Built OAI.Combinatorics.MatchingCount.Graphs.FillHoles (23s)
✔ [8998/9293] Built OAI.Combinatorics.ContingencyTables.Dense.GridCutFlow (14s)
✔ [8999/9295] Built OAI.Combinatorics.ContingencyTables.Dense.DenseRegularity (14s)
✔ [9000/9295] Built OAI.Combinatorics.MatchingCount.Tapes.FixedEncoding (25s)
✔ [9001/9295] Built OAI.Combinatorics.MatchingCount.Tapes.StackWords (26s)
✔ [9002/9295] Built OAI.Combinatorics.ContingencyTables.Dense.DensityLayers (13s)
✔ [9003/9298] Built OAI.Combinatorics.ContingencyTables.Transport.FiniteMetropolis (9.1s)
✔ [9004/9301] Built OAI.Combinatorics.ContingencyTables.Machines.FiniteWordWalk (7.7s)
✔ [9005/9301] Built OAI.Combinatorics.ContingencyTables.Dense.DenseGrid (14s)
✔ [9006/9304] Built OAI.Combinatorics.ContingencyTables.Dense.DenseGeometry (14s)
✔ [9007/9305] Built OAI.Combinatorics.MatchingCount.Graphs.LabelCycle (33s)
✔ [9008/9308] Built OAI.Combinatorics.ContingencyTables.Machines.FairBits (12s)
✔ [9009/9321] Built OAI.Combinatorics.MatchingCount.Graphs.ThresholdGraph (34s)
✔ [9010/9321] Built OAI.Combinatorics.ContingencyTables.Machines.FiniteWordRejection (6.5s)
✔ [9011/9321] Built OAI.Combinatorics.MatchingCount.Arithmetic.PostAddition (25s)
✔ [9012/9321] Built OAI.Combinatorics.ContingencyTables.Dense.DenseInteriorVolume (11s)
✔ [9013/9355] Built OAI.Combinatorics.ContingencyTables.Dense.GridMinCut (12s)
✔ [9014/9437] Built OAI.Combinatorics.MatchingCount.Arithmetic.PostComparison (24s)
✔ [9015/9437] Built OAI.Combinatorics.ContingencyTables.Transport.BoundedOffsetLaw (6.9s)
✔ [9016/9442] Built OAI.Combinatorics.ContingencyTables.Machines.FiniteWordPadding (7.5s)
✔ [9017/9445] Built OAI.Combinatorics.ContingencyTables.Transport.RationalWalkApproximation (8.2s)
✔ [9018/9447] Built OAI.Combinatorics.ContingencyTables.Transport.FiniteScaledDraw (7.5s)
✔ [9019/9447] Built OAI.Combinatorics.MatchingCount.Sampling.PM (23s)
✔ [9020/9447] Built OAI.Combinatorics.ContingencyTables.Transport.CompletionStepApproximation (6.4s)
✔ [9021/9447] Built OAI.Combinatorics.ContingencyTables.Sampling.FirstPaperOuterBudget (14s)
✔ [9022/9453] Built OAI.Combinatorics.ContingencyTables.Transport.UniformPartialRejection (8.0s)
✔ [9023/9453] Built OAI.Combinatorics.ContingencyTables.Machines.FiniteWordDependent (6.1s)
✔ [9024/9461] Built OAI.Combinatorics.ContingencyTables.AlgorithmStatements (20s)
✔ [9025/9461] Built OAI.Combinatorics.MatchingCount.Graphs.SumLiftMate (22s)
✔ [9026/9472] Built OAI.Combinatorics.ContingencyTables.Transport.FiniteDependentApproximation (8.8s)
✔ [9027/9473] Built OAI.Combinatorics.ContingencyTables.Transport.CompletionProposalLaw (9.8s)
✔ [9028/9473] Built OAI.Combinatorics.ContingencyTables.Transport.WordCompletionStep (8.8s)
✔ [9029/9473] Built OAI.Combinatorics.ContingencyTables.Transport.StarReindex (8.7s)
✔ [9030/9475] Built OAI.Combinatorics.ContingencyTables.Transport.FiniteDeterministicJoint (9.9s)
✔ [9031/9515] Built OAI.Combinatorics.ContingencyTables.Transport.FiniteProposalStay (9.5s)
✔ [9032/9515] Built OAI.Combinatorics.ContingencyTables.Transport.CompletionKernelIdentification (9.8s)
✔ [9033/9530] Built OAI.Combinatorics.ContingencyTables.Transport.CompletionDecisionReindex (8.9s)
✔ [9034/9530] Built OAI.Combinatorics.MatchingCount.Sampling.IntervalPattern (30s)
✔ [9035/9533] Built OAI.Combinatorics.ContingencyTables.Transport.FinitePartialDraw (9.8s)
✔ [9036/9533] Built OAI.Combinatorics.MatchingCount.Graphs.Cumulative (30s)
✔ [9037/9533] Built OAI.Combinatorics.ContingencyTables.Sampling.FirstPaperWordBudget (10s)
✔ [9038/9533] Built OAI.Combinatorics.MatchingCount.Graphs.Profile (27s)
✔ [9039/9533] Built OAI.Combinatorics.ContingencyTables.Transport.FiniteLawDecidableEq (7.1s)
✔ [9040/9645] Built OAI.Combinatorics.MatchingCount.Tapes.TapeTools (22s)
✔ [9041/9649] Built OAI.Combinatorics.MatchingCount.Graphs.AdaptiveStream (23s)
✔ [9042/9699] Built OAI.Combinatorics.ContingencyTables.Transport.ListBitProposal (9.1s)
✔ [9043/9716] Built OAI.Combinatorics.ContingencyTables.Machines.PublicInputLength (26s)
✔ [9044/9725] Built OAI.Combinatorics.ContingencyTables.Rooted.MaximumForest (9.9s)
✔ [9045/9725] Built OAI.Combinatorics.MatchingCount.Sampling.Components (34s)
✔ [9046/9725] Built OAI.Combinatorics.MatchingCount.Tapes.RunBits (31s)
✔ [9047/9740] Built OAI.Combinatorics.ContingencyTables.Machines.FixedCardinalityLaw (11s)
✔ [9048/9740] Built OAI.Combinatorics.MatchingCount.Graphs.HoleBlocks (35s)
✔ [9049/9754] Built OAI.Combinatorics.MatchingCount.Graphs.ExperimentSupport (28s)
✔ [9050/9754] Built OAI.Combinatorics.ContingencyTables.Machines.GeometricRuntime (36s)
✔ [9051/9759] Built OAI.Combinatorics.ContingencyTables.Counting.InitializationBrackets (26s)
✔ [9052/9763] Built OAI.Combinatorics.ContingencyTables.Counting.CompanionBinPopulation (13s)
✔ [9053/9819] Built OAI.Combinatorics.ContingencyTables.Machines.QuadraticPrefixRuntime (13s)
✔ [9054/9893] Built OAI.Combinatorics.MatchingCount.Sampling.Underlying (31s)
✔ [9055/9981] Built OAI.Combinatorics.MatchingCount.Sampling.Sewn (33s)
✔ [9056/9981] Built OAI.Combinatorics.MatchingCount.Graphs.FirstHoleSortedCons (29s)
✔ [9057/9981] Built OAI.Combinatorics.ContingencyTables.Transport.RationalRootBisection (16s)
✔ [9058/9981] Built OAI.Combinatorics.ContingencyTables.Transport.FiniteDirectedBFS (9.3s)
✔ [9059/10003] Built OAI.Combinatorics.ContingencyTables.Machines.FiniteVaryingWordWalk (9.7s)
✔ [9060/10013] Built OAI.Combinatorics.ContingencyTables.Counting.AnnealingMultipliers (44s)
✔ [9061/10023] Built OAI.Combinatorics.ContingencyTables.Transport.DirectedBFSCode (8.0s)
✔ [9062/10098] Built OAI.Combinatorics.ContingencyTables.Machines.InitialLocalChoices (29s)
✔ [9063/10108] Built OAI.Combinatorics.ContingencyTables.Rooted.TreeExteriorPositions (9.9s)
✔ [9064/10109] Built OAI.Combinatorics.ContingencyTables.Transport.PowerOfTwoApproximation (17s)
✔ [9065/10109] Built OAI.Combinatorics.ContingencyTables.Transport.PublishedEdmondsKarp (8.9s)
✔ [9066/10109] Built OAI.Combinatorics.ContingencyTables.Transport.TerminalMassCover (12s)
✔ [9067/10123] Built OAI.Combinatorics.ContingencyTables.Counting.CompanionTerminalParameters (13s)
✔ [9068/10127] Built OAI.Combinatorics.ContingencyTables.Rooted.MaximumForestExchange (10s)
✔ [9069/10132] Built OAI.Combinatorics.ContingencyTables.Transport.BoundedCellShift (9.0s)
✔ [9070/10137] Built OAI.Combinatorics.MatchingCount.Graphs.PathActivity (32s)
✔ [9071/10137] Built OAI.Combinatorics.ContingencyTables.Transport.ResidualSearch (10s)
✔ [9072/10142] Built OAI.Combinatorics.ContingencyTables.Transport.PathAugmentation (11s)
✔ [9073/10145] Built OAI.Combinatorics.MatchingCount.Sampling.ChosenChord (37s)
✔ [9074/10211] Built OAI.Combinatorics.ContingencyTables.Machines.BoundedBinarySearch (11s)
✔ [9076/10220] Built OAI.Combinatorics.ContingencyTables.Transport.BoundedTableComplement (9.8s)
✔ [9077/10220] Built OAI.Combinatorics.ContingencyTables.Transport.TableTightening (8.4s)
✔ [9078/10220] Built OAI.Combinatorics.ContingencyTables.Transport.ResidualAugmentation (7.4s)
✔ [9079/10220] Built OAI.Combinatorics.ContingencyTables.Transport.EdmondsKarpDistance (6.5s)
✔ [9080/10220] Built OAI.Combinatorics.ContingencyTables.Transport.EdmondsKarpAlgorithm (5.9s)
✔ [9081/10220] Built OAI.Analysis.KLS.Convexity.PrekopaLeindler (12s)
✔ [9082/10220] Built OAI.Combinatorics.ContingencyTables.Transport.EdmondsKarpAugmentation (6.1s)
✔ [9083/10220] Built OAI.Combinatorics.ContingencyTables.Transport.LayeredTableNetwork (8.8s)
✔ [9084/10220] Built OAI.Combinatorics.MatchingCount.Graphs.HoleStrength (24s)
✔ [9085/10220] Built OAI.Combinatorics.ContingencyTables.Transport.EdmondsKarpTrace (6.8s)
✔ [9086/10220] Built OAI.Combinatorics.MatchingCount.Graphs.Related (23s)
✔ [9087/10220] Built OAI.Combinatorics.ContingencyTables.Dense.FiniteBoxPrekopa (9.0s)
✔ [9088/10220] Built OAI.Combinatorics.MatchingCount.Graphs.Cycle (24s)
✔ [9089/10220] Built OAI.Combinatorics.ContingencyTables.Transport.BoundedTableFeasibility (5.8s)
✔ [9090/10220] Built OAI.Combinatorics.ContingencyTables.Transport.EdmondsKarpBound (5.7s)
✔ [9091/10220] Built OAI.Combinatorics.MatchingCount.Graphs.Height (15s)
✔ [9092/10220] Built OAI.Combinatorics.MatchingCount.Graphs.Incident (16s)
✔ [9093/10220] Built OAI.Combinatorics.MatchingCount.Sampling.Through (13s)
✔ [9094/10220] Built OAI.Combinatorics.MatchingCount.Graphs.EdgeLow (12s)
✔ [9095/10220] Built OAI.Combinatorics.MatchingCount.Graphs.SafeSwitch (17s)
✔ [9096/10220] Built OAI.Combinatorics.MatroidCounting.CommonBases (405s)
✔ [9097/10220] Built OAI.Combinatorics.MatchingCount.Sampling.ComponentOrder (15s)
✔ [9098/10220] Built OAI.Combinatorics.ContingencyTables.Dense.PublishedCheeger (18s)
✔ [9099/10220] Built OAI.Combinatorics.ContingencyTables.Transport.FiniteObservableTransport (19s)
✔ [9100/10220] Built OAI.Combinatorics.ContingencyTables.Transport.FiniteUniformHistory (19s)
✔ [9101/10220] Built OAI.Combinatorics.ContingencyTables.Transport.FiniteRationalThreshold (20s)
✔ [9102/10220] Built OAI.Combinatorics.ContingencyTables.Transport.FiniteMedianConfidence (20s)
✔ [9103/10220] Built OAI.Combinatorics.ContingencyTables.Transport.FiniteIndependentAverages (20s)
✔ [9104/10220] Built OAI.Combinatorics.ContingencyTables.Transport.FiniteChainSlowdown (20s)
✔ [9105/10220] Built OAI.Combinatorics.ContingencyTables.Machines.BinaryContraction (22s)
✔ [9106/10220] Built OAI.Combinatorics.ContingencyTables.Machines.FiniteEncodedBind (20s)
✔ [9107/10220] Built OAI.Combinatorics.ContingencyTables.Transport.FiniteSameLawSupport (21s)
✔ [9108/10220] Built OAI.Combinatorics.ContingencyTables.Transport.MetropolisChain (21s)
✔ [9109/10220] Built OAI.Combinatorics.ContingencyTables.Transport.FiniteAdaptiveObservable (21s)
✔ [9110/10220] Built OAI.Combinatorics.MatchingCount.Sampling.EndpointPair (23s)
✔ [9111/10220] Built OAI.Combinatorics.ContingencyTables.Transport.FiniteBiasedAverages (21s)
✔ [9112/10220] Built OAI.Combinatorics.ContingencyTables.Dense.CheegerCoarea (23s)
✔ [9113/10220] Built OAI.Combinatorics.ContingencyTables.Transport.FiniteLawMoments (16s)
✔ [9114/10220] Built OAI.Combinatorics.ContingencyTables.Sampling.UnitGraphEnergy (21s)
✔ [9115/10220] Built OAI.Combinatorics.ContingencyTables.Transport.TranslatedCompletionChain (21s)
✔ [9116/10220] Built OAI.Combinatorics.ContingencyTables.Dense.GridMetropolis (21s)
✔ [9117/10220] Built OAI.Combinatorics.ContingencyTables.Transport.RealKernelApproximation (22s)
✔ [9118/10220] Built OAI.Combinatorics.ContingencyTables.Machines.FiniteTraceSlowdown (27s)
✔ [9119/10220] Built OAI.Combinatorics.ContingencyTables.Transport.RationalChainCast (19s)
✔ [9120/10220] Built OAI.Combinatorics.ContingencyTables.Transport.FactorialSignatures (30s)
✔ [9121/10220] Built OAI.Combinatorics.ContingencyTables.Transport.RecursiveSignedTransport (31s)
✔ [9122/10220] Built OAI.Combinatorics.ContingencyTables.Transport.FiniteMetropolisTransport (18s)
✔ [9123/10220] Built OAI.Combinatorics.ContingencyTables.Machines.FiniteEncodedHistory (19s)
✔ [9124/10220] Built OAI.Combinatorics.ContingencyTables.Dense.CheegerMedian (19s)
✔ [9125/10220] Built OAI.Combinatorics.ContingencyTables.Dense.CheegerPositive (21s)
✔ [9126/10220] Built OAI.Combinatorics.MatchingCount.Probability.Variance (25s)
✔ [9127/10220] Built OAI.Combinatorics.ContingencyTables.Transport.FiniteObservableReindex (18s)
✔ [9128/10220] Built OAI.Combinatorics.ContingencyTables.Transport.FinitePaddedAverage (18s)
✔ [9129/10220] Built OAI.Combinatorics.ContingencyTables.Machines.FixedCardinalityBits (19s)
✔ [9130/10220] Built OAI.Combinatorics.ContingencyTables.Transport.FiniteIndependentFailures (17s)
✔ [9131/10220] Built OAI.Combinatorics.ContingencyTables.Transport.FiniteLawRelativeError (17s)
✔ [9132/10220] Built OAI.Combinatorics.ContingencyTables.Transport.WarmKernelIteration (17s)
✔ [9133/10220] Built OAI.Combinatorics.ContingencyTables.Machines.FinitePlainLift (18s)
✔ [9134/10220] Built OAI.Combinatorics.ContingencyTables.Transport.RealPathApproximation (18s)
✔ [9135/10220] Built OAI.Combinatorics.ContingencyTables.Dense.DenseAxisBits (18s)
✔ [9136/10220] Built OAI.Combinatorics.ContingencyTables.Transport.CompletionChainFlow (18s)
✔ [9137/10220] Built OAI.Combinatorics.ContingencyTables.Dense.DenseChain (19s)
✔ [9138/10220] Built OAI.Combinatorics.ContingencyTables.Transport.RationalChainMixing (17s)
✔ [9139/10220] Built OAI.Combinatorics.ContingencyTables.Transport.ProductIntegerSignature (17s)
✔ [9140/10220] Built OAI.Combinatorics.ContingencyTables.Transport.IntegerMarginal (19s)
✔ [9141/10220] Built OAI.Combinatorics.ContingencyTables.Transport.LabelledFactorial (19s)
✔ [9142/10220] Built OAI.Combinatorics.ContingencyTables.Transport.DegreeCompletion (19s)
✔ [9143/10220] Built OAI.Combinatorics.ContingencyTables.Machines.FiniteVaryingObservable (18s)
✔ [9144/10220] Built OAI.Combinatorics.ContingencyTables.Transport.FiniteProjectedHistory (19s)
✔ [9145/10220] Built OAI.Combinatorics.ContingencyTables.Transport.HardZeroTransport (19s)
✔ [9146/10220] Built OAI.Combinatorics.MatchingCount.Machines.PhysicalPost (17s)
✔ [9147/10220] Built OAI.Combinatorics.ContingencyTables.Dense.FiniteCheegerProof (20s)
✔ [9148/10220] Built OAI.Combinatorics.MatchingCount.Arithmetic.ArithmeticSize (22s)
✔ [9149/10220] Built OAI.Combinatorics.ContingencyTables.Transport.CompletionEnergyComparison (21s)
✔ [9150/10220] Built OAI.Combinatorics.ContingencyTables.Machines.FixedCardinalityMixture (21s)
✔ [9151/10220] Built OAI.Combinatorics.MatchingCount.Graphs.MatchingMap (23s)
✔ [9152/10220] Built OAI.Combinatorics.ContingencyTables.Dense.DenseLocalGeometry (22s)
✔ [9153/10220] Built OAI.Combinatorics.MatchingCount.Sampling.TierClamp (24s)
✔ [9154/10220] Built OAI.Combinatorics.ContingencyTables.Transport.ScalarPenalty (20s)
✔ [9155/10220] Built OAI.Combinatorics.ContingencyTables.Transport.NestedProductSignature (20s)
✔ [9156/10220] Built OAI.Combinatorics.ContingencyTables.Transport.IntegerWeightedTransport (18s)
✔ [9157/10220] Built OAI.Combinatorics.ContingencyTables.Transport.BalancedBox (18s)
✔ [9158/10220] Built OAI.Combinatorics.ContingencyTables.Transport.IntegerReflection (18s)
✔ [9159/10220] Built OAI.Combinatorics.ContingencyTables.Transport.FiniteBoundedProjectedHistory (18s)
✔ [9160/10220] Built OAI.Combinatorics.ContingencyTables.Transport.TwoLiftStates (20s)
✔ [9161/10220] Built OAI.Combinatorics.MatchingCount.Machines.PhysicalProcess (18s)
✔ [9162/10220] Built OAI.Combinatorics.MatchingCount.Machines.PhysicalRestriction (17s)
✔ [9163/10220] Built OAI.Combinatorics.MatchingCount.Machines.CoinTM1 (17s)
✔ [9164/10220] Built OAI.Combinatorics.ContingencyTables.Transport.PairedComplement (26s)
✔ [9165/10220] Built OAI.Combinatorics.MatchingCount.Machines.RegisterProc (18s)
✔ [9166/10220] Built OAI.Combinatorics.ContingencyTables.Dense.DenseMixing (20s)
✔ [9167/10220] Built OAI.Combinatorics.MatchingCount.Sampling.RelationDestinations (20s)
✔ [9168/10220] Built OAI.Combinatorics.ContingencyTables.Dense.DenseRegionVolume (21s)
✔ [9169/10220] Built OAI.Combinatorics.ContingencyTables.Transport.SliceFactorial (19s)
✔ [9170/10220] Built OAI.Combinatorics.ContingencyTables.Transport.IntegerSliceReindex (18s)
✔ [9171/10220] Built OAI.Combinatorics.ContingencyTables.Sampling.SmallBalancedMarginal (20s)
✔ [9172/10220] Built OAI.Combinatorics.ContingencyTables.Transport.IntegerFutureSquare (25s)
✔ [9173/10220] Built OAI.Combinatorics.ContingencyTables.Transport.IntegerBoxTruncation (17s)
✔ [9174/10220] Built OAI.Combinatorics.ContingencyTables.Transport.BalancedFamily (17s)
✔ [9175/10220] Built OAI.Combinatorics.ContingencyTables.Transport.PairedLabels (17s)
✔ [9176/10220] Built OAI.Combinatorics.MatchingCount.Machines.PhysicalSequential (17s)
✔ [9177/10220] Built OAI.Combinatorics.MatchingCount.Tapes.PhysicalAlphabet (17s)
✔ [9178/10220] Built OAI.Combinatorics.MatchingCount.Graphs.SafeTrace (17s)
✔ [9179/10220] Built OAI.Combinatorics.MatchingCount.Machines.CoinTM1Finite (18s)
✔ [9180/10220] Built OAI.Combinatorics.MatchingCount.Machines.RegisterTree (18s)
✔ [9181/10220] Built OAI.Combinatorics.ContingencyTables.Transport.ObservableVariance (22s)
✔ [9182/10220] Built OAI.Combinatorics.MatchingCount.Machines.FiniteStore (17s)
✔ [9183/10220] Built OAI.Combinatorics.ContingencyTables.Dense.DenseErrorArithmetic (19s)
✔ [9184/10220] Built OAI.Combinatorics.ContingencyTables.Dense.DenseReindexedVolume (18s)
✔ [9185/10220] Built OAI.Combinatorics.ContingencyTables.Dense.DenseLayerArithmetic (21s)
✔ [9186/10220] Built OAI.Combinatorics.MatchingCount.Probability.LocalVariance (25s)
✔ [9187/10220] Built OAI.Combinatorics.ContingencyTables.Transport.IntegerSliceRestriction (19s)
✔ [9188/10220] Built OAI.Combinatorics.ContingencyTables.Transport.IntegerPairRecursion (20s)
✔ [9189/10220] Built OAI.Combinatorics.MatchingCount.Sampling.Certify (25s)
✔ [9190/10220] Built OAI.Combinatorics.ContingencyTables.Transport.IntegerFutureKernel (19s)
✔ [9191/10220] Built OAI.Combinatorics.ContingencyTables.Transport.NestedPenaltyApplication (19s)
✔ [9192/10220] Built OAI.Combinatorics.ContingencyTables.Transport.BalancedEnumeration (18s)
✔ [9193/10220] Built OAI.Combinatorics.ContingencyTables.Transport.EqualitySoftening (18s)
✔ [9194/10220] Built OAI.Combinatorics.ContingencyTables.Transport.InitialTransversals (19s)
✔ [9195/10220] Built OAI.Combinatorics.MatchingCount.Tapes.CoinStack (19s)
✔ [9196/10220] Built OAI.Combinatorics.MatchingCount.Tapes.CoinAlphabet (18s)
✔ [9197/10220] Built OAI.Combinatorics.MatchingCount.Tapes.Physical (18s)
✔ [9198/10220] Built OAI.Combinatorics.ContingencyTables.Transport.ObservableBounds (21s)
✔ [9199/10220] Built OAI.Combinatorics.MatchingCount.Machines.TreeMachine (18s)
✔ [9200/10220] Built OAI.Combinatorics.MatchingCount.Arithmetic.SubtractProc (18s)
✔ [9201/10220] Built OAI.Combinatorics.ContingencyTables.Dense.DenseNormalizer (19s)
✔ [9202/10220] Built OAI.Combinatorics.ContingencyTables.Transport.IntegerContextSlices (19s)
✔ [9203/10220] Built OAI.Combinatorics.ContingencyTables.Transport.IntegerTransportLevels (19s)
✔ [9204/10220] Built OAI.Combinatorics.MatchingCount.Graphs.PushedFlow (20s)
✔ [9205/10220] Built OAI.Combinatorics.MatchingCount.Machines.TreePairProposal (22s)
✔ [9206/10220] Built OAI.Combinatorics.ContingencyTables.Transport.IntegerLeafTransport (20s)
✔ [9207/10220] Built OAI.Combinatorics.ContingencyTables.Transport.FiniteGraphRoots (19s)
✔ [9208/10220] Built OAI.Combinatorics.MatchingCount.Sampling.Component (23s)
✔ [9209/10220] Built OAI.Combinatorics.ContingencyTables.Transport.RowColumnPenalties (21s)
✔ [9210/10220] Built OAI.Combinatorics.ContingencyTables.Transport.IntegerExposure (18s)
✔ [9211/10220] Built OAI.Combinatorics.ContingencyTables.Transport.SoftWeightUpper (18s)
✔ [9212/10220] Built OAI.Combinatorics.ContingencyTables.Rooted.LargePairEnumeration (19s)
✔ [9213/10220] Built OAI.Combinatorics.ContingencyTables.Transport.ReflectedSlices (19s)
✔ [9214/10220] Built OAI.Combinatorics.MatchingCount.Tapes.CoinSupport (21s)
✔ [9215/10220] Built OAI.Combinatorics.MatchingCount.Machines.PhysicalProgram (18s)
✔ [9216/10220] Built OAI.Combinatorics.ContingencyTables.Transport.InitialDefectChoices (22s)
✔ [9217/10220] Built OAI.Combinatorics.ContingencyTables.Transport.ComplementChain (19s)
✔ [9218/10220] Built OAI.Combinatorics.MatchingCount.Arithmetic.BinaryNormalize (18s)
✔ [9219/10220] Built OAI.Combinatorics.MatchingCount.Machines.TreeFunction (18s)
✔ [9220/10220] Built OAI.Combinatorics.MatchingCount.Machines.TreeCompiler (19s)
✔ [9221/10220] Built OAI.Combinatorics.MatchingCount.Machines.TreeFrame (18s)
✔ [9222/10220] Built OAI.Combinatorics.ContingencyTables.Dense.DenseGoodBins (19s)
✔ [9223/10220] Built OAI.Combinatorics.ContingencyTables.Transport.IntegerRootEstimate (20s)
✔ [9224/10220] Built OAI.Combinatorics.ContingencyTables.Rooted.ForestCut (19s)
✔ [9225/10220] Built OAI.Combinatorics.MatchingCount.Graphs.Evolve (22s)
✔ [9226/10220] Built OAI.Combinatorics.ContingencyTables.Sampling.PaddedCompletions (18s)
✔ [9227/10220] Built OAI.Combinatorics.ContingencyTables.Sampling.PhysicalLargeProfiles (18s)
✔ [9228/10220] Built OAI.Combinatorics.ContingencyTables.Transport.IntegerRecursiveFlow (19s)
✔ [9229/10220] Built OAI.Combinatorics.ContingencyTables.Transport.EqualityReindex (18s)
✔ [9230/10220] Built OAI.Combinatorics.ContingencyTables.Transport.ReflectedNested (17s)
✔ [9231/10220] Built OAI.Combinatorics.MatchingCount.Tapes.OnlineStackCompiler (17s)
✔ [9232/10220] Built OAI.Combinatorics.MatchingCount.Machines.RegisterControl (17s)
✔ [9233/10220] Built OAI.Combinatorics.ContingencyTables.Transport.TraceBounds (19s)
✔ [9234/10220] Built OAI.Combinatorics.ContingencyTables.Dense.DenseAcceptance (18s)
✔ [9235/10220] Built OAI.Combinatorics.ContingencyTables.Rooted.ForestCapacity (18s)
✔ [9236/10220] Built OAI.Combinatorics.MatchingCount.Machines.TreeLookup (19s)
✔ [9237/10220] Built OAI.Combinatorics.MatchingCount.Sampling.LadderL (20s)
✔ [9238/10220] Built OAI.Combinatorics.ContingencyTables.Transport.CompletionCounts (18s)
✔ [9239/10220] Built OAI.Combinatorics.ContingencyTables.Transport.BalancedCellFibres (17s)
✔ [9240/10220] Built OAI.Combinatorics.ContingencyTables.Transport.IntegerLeafEnergy (18s)
✔ [9241/10220] Built OAI.Combinatorics.ContingencyTables.Transport.IntegerCorrectionKernel (18s)
✔ [9242/10220] Built OAI.Combinatorics.ContingencyTables.Transport.NestedReindex (18s)
✔ [9243/10220] Built OAI.Combinatorics.ContingencyTables.Sampling.AllBalancedWidths (18s)
✔ [9244/10220] Built OAI.Combinatorics.MatchingCount.Tapes.Online (19s)
✔ [9245/10220] Built OAI.Combinatorics.MatchingCount.Machines.RegisterStructured (18s)
✔ [9246/10220] Built OAI.Combinatorics.ContingencyTables.Dense.DenseIntegerTable (17s)
✔ [9247/10220] Built OAI.Combinatorics.ContingencyTables.Transport.ObservableTrajectory (18s)
✔ [9248/10220] Built OAI.Combinatorics.ContingencyTables.Transport.GraphIntegralCompletion (18s)
✔ [9249/10220] Built OAI.Combinatorics.MatchingCount.Graphs.PM (18s)
✔ [9250/10220] Built OAI.Combinatorics.ContingencyTables.Sampling.RepairResiduals (17s)
✔ [9251/10220] Built OAI.Combinatorics.ContingencyTables.Sampling.FirstPaperProfiles (18s)
✔ [9252/10220] Built OAI.Combinatorics.ContingencyTables.Transport.WeightedCellFibres (17s)
✔ [9253/10220] Built OAI.Combinatorics.ContingencyTables.Transport.RectangleCompletions (18s)
✔ [9254/10220] Built OAI.Combinatorics.ContingencyTables.Transport.BalancedPhysicalPartition (17s)
✔ [9255/10220] Built OAI.Combinatorics.ContingencyTables.Transport.FiniteExchangeDegree (17s)
✔ [9256/10220] Built OAI.Combinatorics.ContingencyTables.Transport.FiniteSymmetricEnergy (17s)
✔ [9257/10220] Built OAI.Combinatorics.ContingencyTables.Transport.IntegerRecursivePotential (18s)
✔ [9258/10220] Built OAI.Combinatorics.MatchingCount.Tapes.OnlineComposition (17s)
✔ [9259/10220] Built OAI.Combinatorics.ContingencyTables.Dense.DenseOffsets (18s)
✔ [9260/10220] Built OAI.Combinatorics.ContingencyTables.Transport.GraphCompletionUnique (18s)
✔ [9261/10220] Built OAI.Combinatorics.ContingencyTables.Sampling.RepairFibres (19s)
✔ [9262/10220] Built OAI.Combinatorics.MatchingCount.Graphs.Marked (25s)
✔ [9263/10220] Built OAI.Combinatorics.ContingencyTables.Transport.IntegerExchangeArithmetic (18s)
✔ [9264/10220] Built OAI.Combinatorics.ContingencyTables.Transport.FiniteExchangeObservables (18s)
✔ [9265/10220] Built OAI.Combinatorics.ContingencyTables.Transport.FiniteSupportEnergy (19s)
✔ [9266/10220] Built OAI.Combinatorics.ContingencyTables.Transport.FiniteRepairDegree (18s)
✔ [9267/10220] Built OAI.Combinatorics.ContingencyTables.Transport.IntegerRootTransport (19s)
✔ [9268/10220] Built OAI.Combinatorics.MatchingCount.Machines.OnlineControl (18s)
✔ [9269/10220] Built OAI.Combinatorics.ContingencyTables.Dense.DenseTrial (18s)
✔ [9270/10220] Built OAI.Combinatorics.ContingencyTables.Sampling.FirstPaperPhysicalMarginal (40s)
✔ [9271/10220] Built OAI.Combinatorics.ContingencyTables.Rooted.RootedCompletion (19s)
✔ [9272/10220] Built OAI.Combinatorics.ContingencyTables.Transport.GraphCompletionCounts (18s)
✔ [9273/10220] Built OAI.Combinatorics.MatchingCount.Probability.Tv (20s)
✔ [9274/10220] Built OAI.Combinatorics.ContingencyTables.Transport.IntegerTransportLimit (18s)
✔ [9275/10220] Built OAI.Combinatorics.ContingencyTables.Transport.IntegerTransportCoefficient (18s)
✔ [9276/10220] Built OAI.Combinatorics.ContingencyTables.Machines.OnlineRetryPrefix (17s)
✔ [9277/10220] Built OAI.Combinatorics.ContingencyTables.Sampling.PhysicalCompletionFibres (18s)
✔ [9278/10220] Built OAI.Combinatorics.ContingencyTables.Dense.DenseTrialWeights (19s)
✔ [9279/10220] Built OAI.Combinatorics.ContingencyTables.Rooted.RootedCut (18s)
✔ [9280/10220] Built OAI.Combinatorics.ContingencyTables.Rooted.ForestPhysicalCompletion (19s)
✔ [9281/10220] Built OAI.Combinatorics.ContingencyTables.Sampling.FirstPaperContextTransport (17s)
✔ [9282/10220] Built OAI.Combinatorics.MatchingCount.Sampling.MetropolisChoice (19s)
✔ [9283/10220] Built OAI.Combinatorics.MatchingCount.Graphs.EnlargementRun (22s)
✔ [9284/10220] Built OAI.Combinatorics.ContingencyTables.Transport.IntegerTruncatedTransport (18s)
✔ [9285/10220] Built OAI.Combinatorics.ContingencyTables.Machines.OnlinePartialCall (17s)
✔ [9286/10220] Built OAI.Combinatorics.ContingencyTables.Transport.IntegerChildLogConcavity (19s)
✔ [9287/10220] Built OAI.Combinatorics.ContingencyTables.Transport.CompletionFibreTransport (18s)
✔ [9288/10220] Built OAI.Combinatorics.ContingencyTables.Sampling.SmallContextFibres (18s)
✔ [9289/10220] Built OAI.Combinatorics.ContingencyTables.Dense.DenseTrialAcceptance (20s)
✔ [9290/10220] Built OAI.Combinatorics.ContingencyTables.Rooted.ForestPenaltyApplication (18s)
✔ [9291/10220] Built OAI.Combinatorics.ContingencyTables.Transport.IntegerGraphTruncation (18s)
✔ [9292/10220] Built OAI.Combinatorics.MatchingCount.Sampling.PairStep (20s)
✔ [9293/10220] Built OAI.Combinatorics.ContingencyTables.Transport.IntegerAuxiliaryEnumeration (18s)
✔ [9294/10220] Built OAI.Combinatorics.ContingencyTables.Sampling.FirstPaperContextChildren (18s)
✔ [9295/10220] Built OAI.Combinatorics.ContingencyTables.Transport.PositiveSequenceInterpolation (20s)
✔ [9296/10220] Built OAI.Combinatorics.ContingencyTables.Transport.IntegerChildVariance (19s)
✔ [9297/10220] Built OAI.Combinatorics.ContingencyTables.Sampling.SmallContextCoordinates (18s)
✔ [9298/10220] Built OAI.Combinatorics.ContingencyTables.Sampling.SmallContextCount (19s)
✔ [9299/10220] Built OAI.Combinatorics.ContingencyTables.Rooted.ForestLargeMarginal (18s)
✔ [9300/10220] Built OAI.Combinatorics.ContingencyTables.Dense.DenseRational (18s)
✔ [9301/10220] Built OAI.Combinatorics.ContingencyTables.Sampling.FirstPaperContextBox (18s)
✔ [9302/10220] Built OAI.Combinatorics.ContingencyTables.Rooted.ForestLiteralCount (19s)
✔ [9303/10220] Built OAI.Combinatorics.ContingencyTables.Transport.ExcessPairCoordinates (17s)
✔ [9304/10220] Built OAI.Combinatorics.MatchingCount.Graphs.Admissible (21s)
✔ [9305/10220] Built OAI.Combinatorics.ContingencyTables.Transport.FiniteExposureVariance (18s)
✔ [9306/10220] Built OAI.Combinatorics.ContingencyTables.Sampling.SmallCoordinateSums (18s)
✔ [9307/10220] Built OAI.Combinatorics.ContingencyTables.Transport.RowMajorEnumeration (18s)
✔ [9308/10220] Built OAI.Combinatorics.ContingencyTables.Sampling.SmallContextEnumeration (19s)
✔ [9309/10220] Built OAI.Combinatorics.ContingencyTables.Dense.DenseExponentArithmetic (18s)
✔ [9310/10220] Built OAI.Combinatorics.ContingencyTables.Dense.DenseRationalTrial (20s)
✔ [9311/10220] Built OAI.Combinatorics.ContingencyTables.Transport.DyadicAcceptance (17s)
✔ [9312/10220] Built OAI.Combinatorics.ContingencyTables.Rooted.ForestRootPenalty (19s)
✔ [9313/10220] Built OAI.Combinatorics.ContingencyTables.Rooted.ForestAssignmentSplit (18s)
✔ [9314/10220] Built OAI.Combinatorics.ContingencyTables.Transport.FiniteSupportVariance (17s)
✔ [9315/10220] Built OAI.Combinatorics.ContingencyTables.Transport.FiniteChainWeightVariance (18s)
✔ [9316/10220] Built OAI.Combinatorics.MatchingCount.Graphs.Edge2 (20s)
✔ [9317/10220] Built OAI.Combinatorics.ContingencyTables.Transport.FinitePartitionVariance (17s)
✔ [9318/10220] Built OAI.Combinatorics.ContingencyTables.Sampling.FirstPaperChildMass (17s)
✔ [9319/10220] Built OAI.Combinatorics.ContingencyTables.Transport.ExcessContextProfiles (17s)
✔ [9320/10220] Built OAI.Combinatorics.ContingencyTables.Dense.DenseIdealRejection (17s)
✔ [9321/10220] Built OAI.Combinatorics.ContingencyTables.Dense.DenseRationalKernel (18s)
✔ [9322/10220] Built OAI.Combinatorics.ContingencyTables.Transport.FiniteChainGraphComparison (18s)
✔ [9323/10220] Built OAI.Combinatorics.ContingencyTables.Dense.DenseExponentBound (19s)
✔ [9324/10220] Built OAI.Combinatorics.MatchingCount.Sampling.AssignmentEquiv (19s)
✔ [9325/10220] Built OAI.Combinatorics.ContingencyTables.Transport.FiniteChoiceFibres (16s)
✔ [9326/10220] Built OAI.Combinatorics.ContingencyTables.Transport.FinitePrefixVariance (17s)
✔ [9327/10220] Built OAI.Combinatorics.ContingencyTables.Rooted.ForestCountIdentification (28s)
✔ [9328/10220] Built OAI.Combinatorics.ContingencyTables.Transport.ContextWeightedEnumeration (16s)
✔ [9329/10220] Built OAI.Combinatorics.ContingencyTables.Transport.ExcessContextDefects (16s)
✔ [9330/10220] Built OAI.Combinatorics.ContingencyTables.Sampling.SmallGraphProfiles (17s)
✔ [9331/10220] Built OAI.Combinatorics.ContingencyTables.Dense.DenseBoundedTrial (17s)
✔ [9332/10220] Built OAI.Combinatorics.ContingencyTables.Transport.FiniteExposureBudget (16s)
✔ [9333/10220] Built OAI.Combinatorics.ContingencyTables.Dense.DenseFiniteTransition (17s)
✔ [9334/10220] Built OAI.Combinatorics.MatchingCount.Sampling.RankOrder (19s)
✔ [9335/10220] Built OAI.Combinatorics.ContingencyTables.Counting.CompanionFactorialApplication (17s)
✔ [9336/10220] Built OAI.Combinatorics.ContingencyTables.Transport.AuxiliaryRepairMass (17s)
✔ [9337/10220] Built OAI.Combinatorics.ContingencyTables.Sampling.SmallPatternArithmetic (17s)
✔ [9338/10220] Built OAI.Combinatorics.ContingencyTables.Dense.DenseBooleanOffsets (17s)
✔ [9339/10220] Built OAI.Combinatorics.ContingencyTables.Dense.DenseBoundedRejection (18s)
✔ [9340/10220] Built OAI.Combinatorics.ContingencyTables.Dense.DenseFiniteWalk (18s)
✔ [9341/10220] Built OAI.Combinatorics.ContingencyTables.Dense.DenseBooleanStep (18s)
✔ [9342/10220] Built OAI.Combinatorics.MatchingCount.Machines.TableLookup (18s)
✔ [9343/10220] Built OAI.Combinatorics.MatchingCount.Sampling.Plan (20s)
✔ [9344/10220] Built OAI.Combinatorics.ContingencyTables.Rooted.ForestBoxCardinality (17s)
✔ [9345/10220] Built OAI.Combinatorics.ContingencyTables.Counting.CompanionObservableApplication (18s)
✔ [9346/10220] Built OAI.Combinatorics.ContingencyTables.Counting.CompanionInitialization (17s)
✔ [9347/10220] Built OAI.Combinatorics.ContingencyTables.Rooted.ForestAffineCoefficients (18s)
✔ [9348/10220] Built OAI.Combinatorics.ContingencyTables.Transport.FiniteRepairVariance (18s)
✔ [9349/10220] Built OAI.Combinatorics.ContingencyTables.Rooted.ForestPenaltyBound (21s)
✔ [9350/10220] Built OAI.Combinatorics.ContingencyTables.Dense.DenseBitBudget (17s)
✔ [9351/10220] Built OAI.Combinatorics.ContingencyTables.Transport.ContextAdjacentTransport (17s)
✔ [9352/10220] Built OAI.Combinatorics.ContingencyTables.Dense.DenseBooleanWalk (17s)
✔ [9353/10220] Built OAI.Combinatorics.MatchingCount.Tapes.TreeBits (17s)
✔ [9354/10220] Built OAI.Combinatorics.ContingencyTables.Rooted.TreeMarginalSignature (17s)
✔ [9355/10220] Built OAI.Combinatorics.MatchingCount.Graphs.RemainingBags (22s)
✔ [9356/10220] Built OAI.Combinatorics.ContingencyTables.Rooted.RootedAffine (19s)
✔ [9357/10220] Built OAI.Combinatorics.ContingencyTables.Counting.InitialMultiplierValues (18s)
✔ [9358/10220] Built OAI.Combinatorics.ContingencyTables.Rooted.ForestAffineCompletion (20s)
✔ [9359/10220] Built OAI.Combinatorics.ContingencyTables.Transport.TransversalCount (23s)
✔ [9360/10220] Built OAI.Combinatorics.ContingencyTables.Transport.FiniteGraphPoincareBudget (20s)
✔ [9361/10220] Built OAI.Combinatorics.ContingencyTables.Counting.CompanionAnnealing (19s)
✔ [9362/10220] Built OAI.Combinatorics.ContingencyTables.Transport.ContextChildVariance (18s)
✔ [9363/10220] Built OAI.Combinatorics.ContingencyTables.Dense.DenseBooleanTrial (18s)
✔ [9364/10220] Built OAI.Combinatorics.MatchingCount.Arithmetic.TreeNumberOps (18s)
✔ [9365/10220] Built OAI.Combinatorics.ContingencyTables.Rooted.TreeMarginalEnumeration (17s)
✔ [9366/10220] Built OAI.Combinatorics.ContingencyTables.Rooted.TreeMarginalBounds (20s)
✔ [9367/10220] Built OAI.Combinatorics.ContingencyTables.Rooted.RootedPhysicalCompletion (18s)
✔ [9368/10220] Built OAI.Combinatorics.ContingencyTables.Sampling.SmallChainBudget (18s)
✔ [9369/10220] Built OAI.Combinatorics.MatchingCount.Sampling.Sym2Order (22s)
✔ [9370/10220] Built OAI.Combinatorics.ContingencyTables.Rooted.ForestScaledPenalty (19s)
✔ [9371/10220] Built OAI.Combinatorics.ContingencyTables.Counting.CompanionMultiplierUpdate (19s)
✔ [9372/10220] Built OAI.Combinatorics.ContingencyTables.Counting.CompanionWarmStart (19s)
✔ [9373/10220] Built OAI.Combinatorics.ContingencyTables.Transport.ContextGraphMembership (18s)
✔ [9374/10220] Built OAI.Combinatorics.ContingencyTables.Sampling.FirstPaperExposureVariance (18s)
✔ [9375/10220] Built OAI.Combinatorics.ContingencyTables.Dense.DenseBooleanDraw (17s)
✔ [9376/10220] Built OAI.Combinatorics.MatchingCount.Machines.TreeTyped (18s)
✔ [9377/10220] Built OAI.Combinatorics.MatchingCount.Arithmetic.TreeCompare (18s)
✔ [9378/10220] Built OAI.Combinatorics.MatchingCount.Arithmetic.TreeSubtract (17s)
✔ [9379/10220] Built OAI.Combinatorics.ContingencyTables.Counting.CompanionPhysicalNormalizer (17s)
✔ [9380/10220] Built OAI.Combinatorics.ContingencyTables.Rooted.TreeFeasibleMass (18s)
✔ [9381/10220] Built OAI.Combinatorics.ContingencyTables.Rooted.RootedIntervals (18s)
✔ [9382/10220] Built OAI.Combinatorics.ContingencyTables.Rooted.RootedPenalty (18s)
✔ [9383/10220] Built OAI.Combinatorics.ContingencyTables.Sampling.SmallCompletionAcceptance (18s)
✔ [9384/10220] Built OAI.Combinatorics.ContingencyTables.Sampling.SmallProposal (19s)
✔ [9385/10220] Built OAI.Combinatorics.MatchingCount.Sampling.DiscreteLadderSteps (19s)
✔ [9386/10220] Built OAI.Combinatorics.ContingencyTables.Rooted.ForestScaledIdentification (18s)
✔ [9387/10220] Built OAI.Combinatorics.ContingencyTables.Counting.CompanionPhaseComposition (18s)
✔ [9388/10220] Built OAI.Combinatorics.ContingencyTables.Counting.CompanionConcentration (20s)
✔ [9389/10220] Built OAI.Combinatorics.ContingencyTables.Transport.InitialFactorialLaw (17s)
✔ [9390/10220] Built OAI.Combinatorics.ContingencyTables.Counting.CompanionMinMass (18s)
✔ [9391/10220] Built OAI.Combinatorics.ContingencyTables.Sampling.PhysicalGraphVertices (19s)
✔ [9392/10220] Built OAI.Combinatorics.MatchingCount.Machines.TreeChoice (18s)
✔ [9393/10220] Built OAI.Combinatorics.ContingencyTables.Dense.DenseMaximalReindex (18s)
✔ [9394/10220] Built OAI.Combinatorics.MatchingCount.Machines.TreeFold (20s)
✔ [9395/10220] Built OAI.Combinatorics.ContingencyTables.Counting.CompanionFarMass (18s)
✔ [9396/10220] Built OAI.Combinatorics.ContingencyTables.Rooted.RootedTreeMarginal (17s)
✔ [9397/10220] Built OAI.Combinatorics.ContingencyTables.Counting.CompanionPhysicalTables (18s)
✔ [9398/10220] Built OAI.Combinatorics.ContingencyTables.Rooted.RootedLargeMarginal (18s)
✔ [9399/10220] Built OAI.Combinatorics.ContingencyTables.Rooted.RootedLiteralCount (18s)
✔ [9400/10220] Built OAI.Combinatorics.ContingencyTables.Rooted.ForestScaledBounds (21s)
✔ [9401/10220] Built OAI.Combinatorics.ContingencyTables.Counting.CompanionReferenceAccuracy (19s)
✔ [9402/10220] Built OAI.Combinatorics.ContingencyTables.Rooted.TreeExteriorMass (21s)
✔ [9403/10220] Built OAI.Combinatorics.ContingencyTables.Machines.InitialFactorialBits (19s)
✔ [9404/10220] Built OAI.Combinatorics.ContingencyTables.Sampling.SmallProfileRepair (18s)
✔ [9405/10220] Built OAI.Combinatorics.ContingencyTables.Counting.CompanionTrace (20s)
✔ [9406/10220] Built OAI.Combinatorics.ContingencyTables.Transport.ContextGraphEnergy (23s)
✔ [9407/10220] Built OAI.Combinatorics.MatchingCount.Machines.TreePartialChoice (17s)
✔ [9408/10220] Built OAI.Combinatorics.ContingencyTables.Rooted.RootedTreeFeasibleMass (18s)
✔ [9409/10220] Built OAI.Combinatorics.MatchingCount.Machines.TreeList (19s)
✔ [9410/10220] Built OAI.Combinatorics.ContingencyTables.Rooted.RootedTreeBounds (20s)
✔ [9411/10220] Built OAI.Combinatorics.ContingencyTables.Transport.FiniteProductAccuracy (18s)
✔ [9412/10220] Built OAI.Combinatorics.ContingencyTables.Rooted.RootedRootPenalty (19s)
✔ [9413/10220] Built OAI.Combinatorics.ContingencyTables.Counting.CompanionOracleDensity (17s)
✔ [9414/10220] Built OAI.Combinatorics.ContingencyTables.Counting.CompanionNearMass (18s)
✔ [9415/10220] Built OAI.Combinatorics.ContingencyTables.Rooted.RootedCountIdentification (27s)
✔ [9416/10220] Built OAI.Combinatorics.ContingencyTables.Sampling.RepairLargeMass (17s)
✔ [9417/10220] Built OAI.Combinatorics.ContingencyTables.Counting.CompanionInitialDraw (18s)
✔ [9418/10220] Built OAI.Combinatorics.ContingencyTables.Sampling.PhysicalContextVariance (17s)
✔ [9419/10220] Built OAI.Combinatorics.ContingencyTables.Sampling.PhysicalPrefixEnergies (23s)
✔ [9420/10220] Built OAI.Combinatorics.MatchingCount.Arithmetic.TreeNatDivision (19s)
✔ [9421/10220] Built OAI.Combinatorics.MatchingCount.Complexity.TreePolynomial (20s)
✔ [9422/10220] Built OAI.Combinatorics.ContingencyTables.Rooted.RootedScaledPenalty (19s)
✔ [9423/10220] Built OAI.Combinatorics.MatchingCount.Machines.TreeRepeat (21s)
✔ [9424/10220] Built OAI.Combinatorics.ContingencyTables.Counting.CompanionTerminalRegions (17s)
✔ [9425/10220] Built OAI.Combinatorics.ContingencyTables.Counting.CompanionOracleCut (19s)
✔ [9426/10220] Built OAI.Combinatorics.ContingencyTables.Sampling.RepairSmallMargins (17s)
✔ [9427/10220] Built OAI.Combinatorics.ContingencyTables.Rooted.RootedFactorialApplication (17s)
✔ [9428/10220] Built OAI.Combinatorics.ContingencyTables.Counting.CompanionScaleSizes (17s)
✔ [9429/10220] Built OAI.Combinatorics.ContingencyTables.Sampling.SmallRepairCapacity (18s)
✔ [9430/10220] Built OAI.Combinatorics.ContingencyTables.Transport.ChoiceContextEnumeration (18s)
✔ [9431/10220] Built OAI.Combinatorics.MatchingCount.Complexity.TreePolynomialArithmetic (18s)
✔ [9432/10220] Built OAI.Combinatorics.MatchingCount.Machines.TreeNaturalComb (16s)
✔ [9433/10220] Built OAI.Combinatorics.ContingencyTables.Rooted.RootedScaledIdentification (17s)
✔ [9434/10220] Built OAI.Combinatorics.MatchingCount.Machines.TreeListOps (17s)
✔ [9435/10220] Built OAI.Combinatorics.ContingencyTables.Counting.CompanionTerminalMass (19s)
✔ [9436/10220] Built OAI.Combinatorics.ContingencyTables.Counting.CompanionOracleChain (21s)
✔ [9437/10220] Built OAI.Combinatorics.ContingencyTables.Sampling.PhysicalRepairMass (18s)
✔ [9438/10220] Built OAI.Combinatorics.ContingencyTables.Rooted.RootedObservableApplication (19s)
✔ [9439/10220] Built OAI.Combinatorics.ContingencyTables.Transport.RawSmallChoiceProperties (17s)
✔ [9440/10220] Built OAI.Combinatorics.ContingencyTables.Transport.RowMajorPrefixFibres (17s)
✔ [9441/10220] Built OAI.Combinatorics.ContingencyTables.Rooted.RootedPhysicalNormalizer (24s)
✔ [9442/10220] Built OAI.Combinatorics.MatchingCount.Complexity.TreePolynomialLists (18s)
✔ [9443/10220] Built OAI.Combinatorics.ContingencyTables.Rooted.RootedScaledBounds (19s)
✔ [9444/10220] Built OAI.Combinatorics.MatchingCount.Machines.TreeListMore (18s)
✔ [9445/10220] Built OAI.Combinatorics.MatchingCount.Machines.TreePredicate (18s)
✔ [9446/10220] Built OAI.Combinatorics.ContingencyTables.Counting.CompanionTerminalApplication (18s)
✔ [9447/10220] Built OAI.Combinatorics.ContingencyTables.Transport.WordContextVariance (18s)
✔ [9448/10220] Built OAI.Combinatorics.ContingencyTables.Counting.CompanionOracleMixing (20s)
✔ [9449/10220] Built OAI.Combinatorics.ContingencyTables.Rooted.RootedTreeExteriorMass (21s)
✔ [9450/10220] Built OAI.Combinatorics.ContingencyTables.Rooted.RootedPhysicalTables (16s)
✔ [9451/10220] Built OAI.Combinatorics.ContingencyTables.Rooted.RootedFarMass (17s)
✔ [9452/10220] Built OAI.Combinatorics.MatchingCount.Complexity.TreePolynomialLoop (18s)
✔ [9453/10220] Built OAI.Combinatorics.MatchingCount.Complexity.TreePolynomialDivision (18s)
✔ [9454/10220] Built OAI.Combinatorics.ContingencyTables.Rooted.RootedAnnealing (19s)
✔ [9455/10220] Built OAI.Combinatorics.ContingencyTables.Sampling.GreedyCellMachine (18s)
✔ [9456/10220] Built OAI.Combinatorics.MatchingCount.Arithmetic.TreeGCD (18s)
✔ [9457/10220] Built OAI.Combinatorics.ContingencyTables.Sampling.SmallRepairWords (17s)
✔ [9458/10220] Built OAI.Combinatorics.MatchingCount.Sampling.TreeDPEntry (18s)
✔ [9459/10220] Built OAI.Combinatorics.ContingencyTables.Counting.CompanionOracleBudget (19s)
✔ [9460/10220] Built OAI.Combinatorics.ContingencyTables.Counting.CompanionOracleRational (19s)
✔ [9461/10220] Built OAI.Combinatorics.ContingencyTables.Sampling.FirstPaperTransversalVariance (25s)
✔ [9462/10220] Built OAI.Combinatorics.ContingencyTables.Counting.CompanionOracleCorrection (20s)
✔ [9463/10220] Built OAI.Combinatorics.ContingencyTables.Rooted.RootedNearMass (19s)
✔ [9464/10220] Built OAI.Combinatorics.ContingencyTables.Rooted.RootedWarmStart (21s)
✔ [9465/10220] Built OAI.Combinatorics.ContingencyTables.Sampling.GreedyRowMachine (17s)
✔ [9466/10220] Built OAI.Combinatorics.ContingencyTables.Rooted.RootedMultiplierUpdate (19s)
✔ [9467/10220] Built OAI.Combinatorics.MatchingCount.Arithmetic.TreeFraction (18s)
✔ [9468/10220] Built OAI.Combinatorics.ContingencyTables.Sampling.SmallDefectLabels (17s)
✔ [9469/10220] Built OAI.Combinatorics.ContingencyTables.Sampling.InverseSmallRepair (18s)
✔ [9470/10220] Built OAI.Combinatorics.ContingencyTables.Sampling.SmallBalancedEncoding (18s)
✔ [9471/10220] Built OAI.Combinatorics.ContingencyTables.Counting.CompanionOracleFibres (17s)
✔ [9472/10220] Built OAI.Combinatorics.MatchingCount.Sampling.TreeDPCounts (19s)
✔ [9473/10220] Built OAI.Combinatorics.ContingencyTables.Counting.CompanionOracleKernel (18s)
✔ [9474/10220] Built OAI.Combinatorics.ContingencyTables.Sampling.PhysicalRepairGraph (23s)
✔ [9475/10220] Built OAI.Combinatorics.ContingencyTables.Rooted.RootedTerminalRegions (17s)
✔ [9476/10220] Built OAI.Combinatorics.ContingencyTables.Rooted.RootedTrace (19s)
✔ [9477/10220] Built OAI.Combinatorics.ContingencyTables.Rooted.RootedPhaseComposition (18s)
✔ [9478/10220] Built OAI.Combinatorics.ContingencyTables.Rooted.RootedConcentration (20s)
✔ [9479/10220] Built OAI.Combinatorics.ContingencyTables.Sampling.GreedyTableMachine (18s)
✔ [9480/10220] Built OAI.Combinatorics.ContingencyTables.Sampling.GreedyRowComplexity (18s)
✔ [9481/10220] Built OAI.Combinatorics.MatchingCount.Complexity.TreePolynomialGCD (18s)
✔ [9482/10220] Built OAI.Combinatorics.ContingencyTables.Transport.DyadicRootBisection (19s)
✔ [9483/10220] Built OAI.Combinatorics.ContingencyTables.Transport.BalancedCompletionMass (16s)
✔ [9484/10220] Built OAI.Combinatorics.ContingencyTables.Sampling.SmallProfileEncoding (17s)
✔ [9485/10220] Built OAI.Combinatorics.ContingencyTables.Rooted.RootedOracleDensity (17s)
✔ [9486/10220] Built OAI.Combinatorics.ContingencyTables.Counting.CompanionOracleJointLaw (21s)
✔ [9487/10220] Built OAI.Combinatorics.ContingencyTables.Counting.CompanionOracleFiniteStep (19s)
✔ [9488/10220] Built OAI.Combinatorics.MatchingCount.Sampling.TreeCategorical (20s)
✔ [9489/10220] Built OAI.Combinatorics.ContingencyTables.Rooted.RootedTerminalMass (20s)
✔ [9490/10220] Built OAI.Combinatorics.ContingencyTables.Rooted.RootedReferenceAccuracy (18s)
✔ [9491/10220] Built OAI.Combinatorics.ContingencyTables.Sampling.FirstPaperFullVariance (17s)
✔ [9492/10220] Built OAI.Combinatorics.ContingencyTables.Sampling.GreedyTableComplexity (18s)
✔ [9493/10220] Built OAI.Combinatorics.ContingencyTables.Sampling.PhysicalGraphDegree (30s)
✔ [9494/10220] Built OAI.Combinatorics.ContingencyTables.Transport.BalancedJointConstruction (16s)
✔ [9495/10220] Built OAI.Combinatorics.MatchingCount.Complexity.TreePolynomialCollections (19s)
✔ [9496/10220] Built OAI.Combinatorics.ContingencyTables.Rooted.RootedOracleCut (18s)
✔ [9497/10220] Built OAI.Combinatorics.ContingencyTables.Rooted.RootedOracleCorrection (21s)
✔ [9498/10220] Built OAI.Combinatorics.ContingencyTables.Rooted.RootedTerminalApplication (17s)
✔ [9499/10220] Built OAI.Combinatorics.ContingencyTables.Counting.CompanionRatioSamples (20s)
✔ [9500/10220] Built OAI.Combinatorics.ContingencyTables.Counting.CompanionBinIntervals (21s)
✔ [9501/10220] Built OAI.Combinatorics.ContingencyTables.Sampling.FirstPaperPhysicalVariance (16s)
✔ [9502/10220] Built OAI.Combinatorics.ContingencyTables.Sampling.SmallRepairCandidates (16s)
✔ [9503/10220] Built OAI.Combinatorics.MatchingCount.Machines.TreeCanonical (15s)
✔ [9504/10220] Built OAI.Combinatorics.ContingencyTables.Rooted.RootedOracleChain (16s)
✔ [9505/10220] Built OAI.Combinatorics.ContingencyTables.Sampling.PhysicalResidualMargins (14s)
✔ [9506/10220] Built OAI.Combinatorics.ContingencyTables.Counting.CompanionOracleDraw (17s)
✔ [9507/10220] Built OAI.Combinatorics.MatchingCount.Machines.TreeFinite (14s)
✔ [9508/10220] Built OAI.Combinatorics.ContingencyTables.Rooted.RootedOracleMixing (19s)
✔ [9509/10220] Built OAI.Combinatorics.ContingencyTables.Sampling.PhysicalSmallGraph (33s)
✔ [9510/10220] Built OAI.Combinatorics.ContingencyTables.Sampling.PhysicalOriginalResiduals (20s)
✔ [9511/10220] Built OAI.Combinatorics.ContingencyTables.Sampling.PhysicalPaperCapacity (20s)
✔ [9512/10220] Built OAI.Combinatorics.ContingencyTables.Transport.ReferenceCompletionBlock (20s)
✔ [9513/10220] Built OAI.Combinatorics.MatchingCount.Machines.TreeFiniteOps (19s)
✔ [9514/10220] Built OAI.Combinatorics.ContingencyTables.Counting.CompanionCorrectionArithmetic (22s)
✔ [9515/10220] Built OAI.Combinatorics.ContingencyTables.Sampling.PhysicalMassBound (31s)
✔ [9516/10220] Built OAI.Combinatorics.MatchingCount.Complexity.TreeCostMeasure (18s)
✔ [9517/10220] Built OAI.Combinatorics.MatchingCount.Machines.TreeFiniteCollections (19s)
✔ [9518/10220] Built OAI.Combinatorics.ContingencyTables.Sampling.PhysicalExchangeMargins (18s)
✔ [9519/10220] Built OAI.Combinatorics.ContingencyTables.Transport.CompletionFibreEquiv (18s)
✔ [9520/10220] Built OAI.Combinatorics.MatchingCount.Machines.TreeFastLookup (18s)
✔ [9521/10220] Built OAI.Combinatorics.ContingencyTables.Transport.ReferenceCompletionBounds (20s)
✔ [9522/10220] Built OAI.Combinatorics.MatchingCount.Machines.TreeColex (17s)
✔ [9523/10220] Built OAI.Combinatorics.ContingencyTables.Sampling.PhysicalSmallEnergy (28s)
✔ [9524/10220] Built OAI.Combinatorics.ContingencyTables.Sampling.PhysicalRepairMargins (17s)
✔ [9525/10220] Built OAI.Combinatorics.ContingencyTables.Transport.MeasuredFold (18s)
✔ [9526/10220] Built OAI.Combinatorics.MatchingCount.Complexity.TreeNumericCosts (18s)
✔ [9527/10220] Built OAI.Combinatorics.ContingencyTables.Counting.CompanionCorrectionSamples (23s)
✔ [9528/10220] Built OAI.Combinatorics.ContingencyTables.Transport.ReferenceCompletionEntries (17s)
✔ [9529/10220] Built OAI.Combinatorics.ContingencyTables.Sampling.ProfileExchangeProgram (17s)
✔ [9530/10220] Built OAI.Combinatorics.ContingencyTables.Machines.ScalarScheduleProgram (17s)
✔ [9531/10220] Built OAI.Combinatorics.MatchingCount.Complexity.TreePolyTactic (16s)
✔ [9532/10220] Built OAI.Combinatorics.MatchingCount.Complexity.TreeCostTactic (17s)
✔ [9533/10220] Built OAI.Combinatorics.ContingencyTables.Transport.MeasuredMap (17s)
✔ [9534/10220] Built OAI.Combinatorics.ContingencyTables.Sampling.PhysicalEdgeMargins (21s)
✔ [9535/10220] Built OAI.Combinatorics.MatchingCount.Complexity.TreePolynomialSums (20s)
✔ [9536/10220] Built OAI.Combinatorics.ContingencyTables.Counting.CompanionOracleSchedule (19s)
✔ [9537/10220] Built OAI.Combinatorics.ContingencyTables.Sampling.ProfileExchangeCandidates (19s)
✔ [9538/10220] Built OAI.Combinatorics.ContingencyTables.Machines.ScalarScheduleBounds (17s)
✔ [9539/10220] Built OAI.Combinatorics.ContingencyTables.Sampling.ProfileRepairProgram (18s)
✔ [9540/10220] Built OAI.Combinatorics.MatchingCount.Complexity.TreePolynomialGrid (16s)
✔ [9541/10220] Built OAI.Combinatorics.MatchingCount.Machines.TreeSum (17s)
✔ [9542/10220] Built OAI.Combinatorics.ContingencyTables.Dense.DenseIntegerProgram (17s)
✔ [9543/10220] Built OAI.Combinatorics.ContingencyTables.Transport.IntegerPropagation (17s)
✔ [9544/10220] Built OAI.Combinatorics.ContingencyTables.Transport.ReferenceEdgeAcceptance (19s)
✔ [9545/10220] Built OAI.Combinatorics.ContingencyTables.Counting.CompanionOracleEstimator (18s)
✔ [9546/10220] Built OAI.Combinatorics.ContingencyTables.Sampling.ProfileInverseRepairProgram (17s)
✔ [9547/10220] Built OAI.Combinatorics.MatchingCount.Complexity.TreeFractionCosts (17s)
✔ [9548/10220] Built OAI.Combinatorics.MatchingCount.Machines.TreeIndex (17s)
✔ [9549/10220] Built OAI.Combinatorics.ContingencyTables.Machines.DirectedBFSProgram (19s)
✔ [9550/10220] Built OAI.Combinatorics.MatchingCount.Machines.TreePostRealization (18s)
✔ [9551/10220] Built OAI.Combinatorics.MatchingCount.Algorithm.OnlineScheduleNat (18s)
✔ [9552/10220] Built OAI.Combinatorics.MatchingCount.Machines.OnlineTree (18s)
✔ [9553/10220] Built OAI.Combinatorics.ContingencyTables.Transport.FiniteAcceptCounts (17s)
✔ [9554/10220] Built OAI.Combinatorics.MatchingCount.Tapes.Codec (19s)
✔ [9555/10220] Built OAI.Combinatorics.ContingencyTables.Transport.IntegerLaw (18s)
✔ [9556/10220] Built OAI.Combinatorics.ContingencyTables.Machines.MatrixSubtractProgram (17s)
✔ [9557/10220] Built OAI.Combinatorics.ContingencyTables.Dense.DenseCompletionProgram (17s)
✔ [9558/10220] Built OAI.Combinatorics.ContingencyTables.Sampling.FirstPaperSmallChain (18s)
✔ [9559/10220] Built OAI.Combinatorics.ContingencyTables.Counting.CompanionEstimatorConfidence (20s)
✔ [9560/10220] Built OAI.Combinatorics.MatchingCount.Complexity.TreeChoiceCosts (18s)
✔ [9561/10220] Built OAI.Combinatorics.ContingencyTables.Counting.CompanionEstimatorRange (21s)
✔ [9562/10220] Built OAI.Combinatorics.ContingencyTables.Machines.MedianFractionProgram (18s)
✔ [9563/10220] Built OAI.Combinatorics.ContingencyTables.Sampling.SmallCellIndexProgram (17s)
✔ [9564/10220] Built OAI.Combinatorics.ContingencyTables.Machines.FractionAggregateProgram (18s)
✔ [9565/10220] Built OAI.Combinatorics.ContingencyTables.Transport.DirectedBFSBounds (17s)
✔ [9566/10220] Built OAI.Combinatorics.MatchingCount.Machines.TreeProgramUnique (17s)
✔ [9567/10220] Built OAI.Combinatorics.MatchingCount.Machines.OnlinePhysicalProgram (18s)
✔ [9568/10220] Built OAI.Combinatorics.MatchingCount.Complexity.OnlineCost (18s)
✔ [9569/10220] Built OAI.Combinatorics.MatchingCount.Machines.OnlineFrame (18s)
✔ [9570/10220] Built OAI.Combinatorics.ContingencyTables.Machines.OnlineIntegerRetry (19s)
✔ [9571/10220] Built OAI.Combinatorics.ContingencyTables.Dense.DenseTransitionCounts (17s)
✔ [9572/10220] Built OAI.Combinatorics.MatchingCount.Machines.OnlineFold (19s)
✔ [9573/10220] Built OAI.Combinatorics.MatchingCount.Tapes.Parse (18s)
✔ [9574/10220] Built OAI.Combinatorics.MatchingCount.Tapes.Packed (17s)
✔ [9575/10220] Built OAI.Combinatorics.ContingencyTables.Machines.FractionOutputProgram (17s)
✔ [9576/10220] Built OAI.Combinatorics.MatchingCount.Machines.PhysicalProgramMap (18s)
✔ [9577/10220] Built OAI.Combinatorics.MatchingCount.Machines.PhysicalProgramSeal (17s)
✔ [9578/10220] Built OAI.Combinatorics.MatchingCount.Tapes.BlockMap (20s)
✔ [9579/10220] Built OAI.Combinatorics.ContingencyTables.Transport.IntegerEquivLaw (17s)
✔ [9580/10220] Built OAI.Combinatorics.ContingencyTables.Transport.IntegerResidualCorrection (18s)
✔ [9581/10220] Built OAI.Combinatorics.ContingencyTables.Sampling.OriginalBalancedJoint (17s)
✔ [9582/10220] Built OAI.Combinatorics.ContingencyTables.Sampling.FirstPaperSmallMixing (16s)
✔ [9583/10220] Built OAI.Combinatorics.ContingencyTables.Machines.IntegerMatrixProgram (18s)
✔ [9584/10220] Built OAI.Combinatorics.ContingencyTables.Machines.ListWordProgram (17s)
✔ [9585/10220] Built OAI.Combinatorics.ContingencyTables.Machines.FiniteGraphRootProgram (21s)
✔ [9586/10220] Built OAI.Combinatorics.ContingencyTables.Sampling.ExactIntegerChoice (19s)
✔ [9587/10220] Built OAI.Combinatorics.ContingencyTables.Counting.CompanionEstimatorWords (19s)
✔ [9588/10220] Built OAI.Combinatorics.ContingencyTables.Sampling.SmallCellCatalogProgram (19s)
✔ [9589/10220] Built OAI.Combinatorics.MatchingCount.Tapes.TreeEncodingInjective (17s)
✔ [9590/10220] Built OAI.Combinatorics.ContingencyTables.Machines.DirectedBFSRuntime (23s)
✔ [9591/10220] Built OAI.Combinatorics.MatchingCount.Complexity.OnlineFrameCost (17s)
✔ [9592/10220] Built OAI.Combinatorics.ContingencyTables.Sampling.PhysicalRetryIteration (16s)
✔ [9593/10220] Built OAI.Combinatorics.MatchingCount.Complexity.OnlineFoldCost (17s)
✔ [9594/10220] Built OAI.Combinatorics.MatchingCount.Tapes.OnlineWord (18s)
✔ [9595/10220] Built OAI.Combinatorics.ContingencyTables.Sampling.GreedyPublicProgram (18s)
✔ [9596/10220] Built OAI.Combinatorics.ContingencyTables.Transport.IntegerLawEmbedding (17s)
✔ [9597/10220] Built OAI.Combinatorics.ContingencyTables.Transport.IntegerPushTransport (17s)
✔ [9598/10220] Built OAI.Combinatorics.ContingencyTables.Transport.BooleanIntegerLaw (17s)
✔ [9599/10220] Built OAI.Combinatorics.ContingencyTables.Transport.ReferenceDrawBounds (16s)
✔ [9600/10220] Built OAI.Combinatorics.ContingencyTables.Sampling.FirstPaperBinaryParameters (17s)
✔ [9601/10220] Built OAI.Combinatorics.ContingencyTables.Sampling.FirstPaperStationaryMass (17s)
✔ [9602/10220] Built OAI.Combinatorics.ContingencyTables.Sampling.FirstPaperSmallKernel (18s)
✔ [9603/10220] Built OAI.Combinatorics.ContingencyTables.Machines.NatListEquality (17s)
✔ [9604/10220] Built OAI.Combinatorics.ContingencyTables.Transport.IntegerMatrixPoint (17s)
✔ [9605/10220] Built OAI.Combinatorics.ContingencyTables.Machines.BinaryPowerProgram (17s)
✔ [9606/10220] Built OAI.Combinatorics.ContingencyTables.Dense.DenseAxisProgram (17s)
✔ [9607/10220] Built OAI.Combinatorics.ContingencyTables.Machines.ScaledWordProgram (16s)
✔ [9608/10220] Built OAI.Combinatorics.ContingencyTables.Machines.FirstSuccessProgram (17s)
✔ [9609/10220] Built OAI.Combinatorics.ContingencyTables.Machines.DyadicWordProgram (16s)
✔ [9610/10220] Built OAI.Combinatorics.ContingencyTables.Transport.FiniteGraphRootSemantics (17s)
✔ [9611/10220] Built OAI.Combinatorics.ContingencyTables.Sampling.ExactIntegerProgram (17s)
✔ [9612/10220] Built OAI.Combinatorics.ContingencyTables.Counting.CompanionEstimatorAmplification (19s)
✔ [9613/10220] Built OAI.Combinatorics.ContingencyTables.Sampling.SmallPatternProgram (19s)
✔ [9614/10220] Built OAI.Combinatorics.ContingencyTables.Machines.BinaryExchangeProgram (18s)
✔ [9615/10220] Built OAI.Combinatorics.ContingencyTables.Sampling.SmallViewLookupProgram (17s)
✔ [9616/10220] Built OAI.Combinatorics.MatchingCount.Tapes.PackedInverse (17s)
✔ [9617/10220] Built OAI.Combinatorics.ContingencyTables.Sampling.PhysicalRetryTail (17s)
✔ [9618/10220] Built OAI.Combinatorics.MatchingCount.Complexity.OnlineWordCost (17s)
✔ [9619/10220] Built OAI.Combinatorics.ContingencyTables.Machines.MatrixEncoding (16s)
✔ [9620/10220] Built OAI.Combinatorics.ContingencyTables.Sampling.FirstPaperCorrectionBudget (17s)
✔ [9621/10220] Built OAI.Combinatorics.ContingencyTables.Sampling.FirstPaperInputWordBudget (18s)
✔ [9622/10220] Built OAI.Combinatorics.ContingencyTables.Sampling.FirstPaperProposal (17s)
✔ [9623/10220] Built OAI.Combinatorics.ContingencyTables.Sampling.FirstPaperRationalMixing (18s)
✔ [9624/10220] Built OAI.Combinatorics.ContingencyTables.Sampling.FirstPaperSuccessRatio (19s)
✔ [9625/10220] Built OAI.Combinatorics.ContingencyTables.Machines.DyadicRootProgram (18s)
✔ [9626/10220] Built OAI.Combinatorics.ContingencyTables.Transport.UnaryMarkers (17s)
✔ [9627/10220] Built OAI.Combinatorics.ContingencyTables.Machines.RetryNumeratorProgram (18s)
✔ [9628/10220] Built OAI.Combinatorics.ContingencyTables.Machines.BoundedPowerProgram (17s)
✔ [9629/10220] Built OAI.Combinatorics.ContingencyTables.Dense.DenseAxisSemantics (18s)
✔ [9630/10220] Built OAI.Combinatorics.ContingencyTables.Machines.OffsetCountProgram (17s)
✔ [9631/10220] Built OAI.Combinatorics.ContingencyTables.Machines.FixedCardinalityProgram (18s)
✔ [9632/10220] Built OAI.Combinatorics.ContingencyTables.Machines.WeightedArgmaxProgram (17s)
✔ [9633/10220] Built OAI.Combinatorics.ContingencyTables.Machines.FiniteGraphCutProgram (18s)
✔ [9634/10220] Built OAI.Combinatorics.ContingencyTables.Counting.CompanionWeightOracle (17s)
✔ [9635/10220] Built OAI.Combinatorics.ContingencyTables.Sampling.ExactIntegerRetry (18s)
✔ [9636/10220] Built OAI.Combinatorics.ContingencyTables.Sampling.SmallBoundsProgram (17s)
✔ [9637/10220] Built OAI.Combinatorics.ContingencyTables.Counting.CompanionCellCatalogProgram (17s)
✔ [9638/10220] Built OAI.Combinatorics.MatchingCount.Tapes.PackedExecution (18s)
✔ [9639/10220] Built OAI.Combinatorics.ContingencyTables.Sampling.SmallLineSumProgram (17s)
✔ [9640/10220] Built OAI.Combinatorics.ContingencyTables.Machines.SparseViewMatrixProgram (18s)
✔ [9641/10220] Built OAI.Combinatorics.ContingencyTables.Sampling.PhysicalPartialSequence (17s)
✔ [9642/10220] Built OAI.Combinatorics.ContingencyTables.Machines.FiniteWordExecution (17s)
✔ [9643/10220] Built OAI.Combinatorics.ContingencyTables.Machines.OnlineRetryRuntime (17s)
✔ [9644/10220] Built OAI.Combinatorics.ContingencyTables.Sampling.FirstPaperBooleanProposal (17s)
✔ [9645/10220] Built OAI.Combinatorics.ContingencyTables.Sampling.FirstPaperJointLaw (16s)
✔ [9646/10220] Built OAI.Combinatorics.ContingencyTables.Machines.VectorRetryProgram (17s)
✔ [9647/10220] Built OAI.Combinatorics.ContingencyTables.Transport.FiniteGridWords (17s)
✔ [9648/10220] Built OAI.Combinatorics.ContingencyTables.Transport.SuccessfulJointBijection (19s)
✔ [9649/10220] Built OAI.Combinatorics.ContingencyTables.Dense.DenseAxisWordProgram (17s)
✔ [9650/10220] Built OAI.Combinatorics.ContingencyTables.Machines.FractionAcceptanceProgram (17s)
✔ [9651/10220] Built OAI.Combinatorics.ContingencyTables.Dense.DenseIntegerLaw (19s)
✔ [9652/10220] Built OAI.Combinatorics.ContingencyTables.Machines.FixedCardinalityFold (18s)
✔ [9653/10220] Built OAI.Combinatorics.ContingencyTables.Rooted.ForestEdgeChoiceProgram (17s)
✔ [9654/10220] Built OAI.Combinatorics.ContingencyTables.Transport.FiniteGraphCutSemantics (18s)
✔ [9655/10220] Built OAI.Combinatorics.ContingencyTables.Counting.CompanionRationalUpdates (18s)
✔ [9656/10220] Built OAI.Combinatorics.ContingencyTables.Machines.LiteralProgram (18s)
✔ [9657/10220] Built OAI.Combinatorics.ContingencyTables.Sampling.SmallComplementProgram (18s)
✔ [9658/10220] Built OAI.Combinatorics.ContingencyTables.Sampling.PhysicalPrefixTail (17s)
✔ [9659/10220] Built OAI.Combinatorics.ContingencyTables.Sampling.AllSmallFibres (17s)
✔ [9660/10220] Built OAI.Combinatorics.ContingencyTables.Machines.ResidualWeightProgram (17s)
✔ [9661/10220] Built OAI.Combinatorics.ContingencyTables.Transport.ReferenceFiniteDraw (21s)
✔ [9662/10220] Built OAI.Combinatorics.ContingencyTables.Transport.AxisProposalTest (17s)
✔ [9663/10220] Built OAI.Combinatorics.ContingencyTables.Sampling.FirstPaperSuccessEvent (19s)
✔ [9664/10220] Built OAI.Combinatorics.ContingencyTables.Machines.FractionMetropolisProgram (18s)
✔ [9665/10220] Built OAI.Combinatorics.ContingencyTables.Machines.RationalIntervalProgram (19s)
✔ [9666/10220] Built OAI.Combinatorics.ContingencyTables.Rooted.ForestJoinProgram (18s)
✔ [9667/10220] Built OAI.Combinatorics.ContingencyTables.Dense.DenseSuccessCounts (21s)
✔ [9668/10220] Built OAI.Combinatorics.ContingencyTables.Counting.CompanionPhaseWords (18s)
✔ [9669/10220] Built OAI.Combinatorics.ContingencyTables.Machines.FiniteWordMachine (18s)
✔ [9670/10220] Built OAI.Combinatorics.ContingencyTables.Sampling.GreedyPublicMachine (17s)
✔ [9671/10220] Built OAI.Combinatorics.ContingencyTables.Sampling.PhysicalCostPolynomial (17s)
✔ [9672/10220] Built OAI.Combinatorics.ContingencyTables.Sampling.SmallMarginTestProgram (17s)
✔ [9673/10220] Built OAI.Combinatorics.ContingencyTables.Sampling.PhysicalEventBounds (17s)
✔ [9674/10220] Built OAI.Combinatorics.ContingencyTables.Sampling.AllSmallChain (19s)
✔ [9675/10220] Built OAI.Combinatorics.ContingencyTables.Sampling.AllSmallInitialization (17s)
✔ [9676/10220] Built OAI.Combinatorics.ContingencyTables.Dense.GridIndexProgram (17s)
✔ [9677/10220] Built OAI.Combinatorics.ContingencyTables.Sampling.FirstPaperCompletionLaws (21s)
✔ [9678/10220] Built OAI.Combinatorics.ContingencyTables.Sampling.FirstPaperInitialization (17s)
✔ [9679/10220] Built OAI.Combinatorics.ContingencyTables.Sampling.FirstPaperIdealRejection (17s)
✔ [9680/10220] Built OAI.Combinatorics.ContingencyTables.Transport.StateSuccessEntries (16s)
✔ [9681/10220] Built OAI.Combinatorics.ContingencyTables.Rooted.ForestIntegerEvaluation (18s)
✔ [9682/10220] Built OAI.Combinatorics.ContingencyTables.Machines.PreparedOffsetCount (18s)
✔ [9683/10220] Built OAI.Combinatorics.ContingencyTables.Machines.FiniteWordOutput (17s)
✔ [9684/10220] Built OAI.Combinatorics.ContingencyTables.Counting.CountingInputSymbols (18s)
✔ [9685/10220] Built OAI.Combinatorics.ContingencyTables.Sampling.PhysicalPublicLaw (18s)
✔ [9686/10220] Built OAI.Combinatorics.ContingencyTables.Sampling.AllSmallRational (18s)
✔ [9687/10220] Built OAI.Combinatorics.ContingencyTables.Counting.CompanionPhaseOracleError (27s)
✔ [9688/10220] Built OAI.Combinatorics.ContingencyTables.Sampling.FirstPaperIdealKernel (20s)
✔ [9689/10220] Built OAI.Combinatorics.ContingencyTables.Sampling.FirstPaperFeasibility (18s)
✔ [9690/10220] Built OAI.Combinatorics.ContingencyTables.Rooted.ForestAffineProgram (16s)
✔ [9691/10220] Built OAI.Combinatorics.ContingencyTables.Machines.FiniteWordRationalLaw (16s)
✔ [9692/10220] Built OAI.Combinatorics.ContingencyTables.Machines.FiniteWordTableLaw (16s)
✔ [9693/10220] Built OAI.Combinatorics.ContingencyTables.Sampling.AllSmallBoolean (17s)
✔ [9694/10220] Built OAI.Combinatorics.ContingencyTables.Counting.CompanionOracleAcceptance (20s)
✔ [9695/10220] Built OAI.Combinatorics.ContingencyTables.Sampling.SmallResidualTotals (19s)
✔ [9696/10220] Built OAI.Combinatorics.ContingencyTables.Sampling.FirstPaperCompletionComparison (22s)
✔ [9697/10220] Built OAI.Combinatorics.ContingencyTables.Rooted.RootedIntegerEvaluation (20s)
✔ [9698/10220] Built OAI.Combinatorics.ContingencyTables.Rooted.RootedComponentProgram (19s)
✔ [9699/10220] Built OAI.Combinatorics.ContingencyTables.Sampling.FirstPaperLocalNeighbors (27s)
✔ [9700/10220] Built OAI.Combinatorics.ContingencyTables.Machines.SignedPairProgram (17s)
✔ [9701/10220] Built OAI.Combinatorics.ContingencyTables.Rooted.ForestPenaltyProgram (23s)
✔ [9702/10220] Built OAI.Combinatorics.ContingencyTables.Sampling.AllSmallOuter (20s)
✔ [9703/10220] Built OAI.Combinatorics.ContingencyTables.Sampling.SmallMarginSemantics (17s)
✔ [9704/10220] Built OAI.Combinatorics.ContingencyTables.Counting.CompanionBooleanPhase (19s)
✔ [9705/10220] Built OAI.Combinatorics.ContingencyTables.Rooted.RootedCutReindex (17s)
✔ [9706/10220] Built OAI.Combinatorics.ContingencyTables.Sampling.FirstPaperLocalProposal (19s)
✔ [9707/10220] Built OAI.Combinatorics.ContingencyTables.Sampling.FirstPaperImplementedLaw (25s)
✔ [9708/10220] Built OAI.Combinatorics.ContingencyTables.Transport.FlowClamp (17s)
✔ [9709/10220] Built OAI.Combinatorics.ContingencyTables.Machines.ResidualGraphProgram (19s)
✔ [9710/10220] Built OAI.Combinatorics.ContingencyTables.Rooted.RootedPenaltyProgram (18s)
✔ [9711/10220] Built OAI.Combinatorics.ContingencyTables.Sampling.SmallProfileValidator (18s)
✔ [9712/10220] Built OAI.Combinatorics.ContingencyTables.Machines.SignedFloorProgram (22s)
✔ [9713/10220] Built OAI.Combinatorics.ContingencyTables.Counting.CompanionArithmeticProposal (18s)
✔ [9714/10220] Built OAI.Combinatorics.ContingencyTables.Sampling.FirstPaperBoundedLaw (18s)
✔ [9715/10220] Built OAI.Combinatorics.ContingencyTables.Rooted.RootedCoefficientProgram (19s)
✔ [9716/10220] Built OAI.Combinatorics.ContingencyTables.Sampling.FirstPaperBooleanStep (22s)
✔ [9717/10220] Built OAI.Combinatorics.ContingencyTables.Counting.CompanionBooleanKernel (26s)
✔ [9718/10220] Built OAI.Combinatorics.ContingencyTables.Transport.NetworkVertexCode (19s)
✔ [9719/10220] Built OAI.Combinatorics.ContingencyTables.Machines.FlowPathProgram (19s)
✔ [9720/10220] Built OAI.Combinatorics.ContingencyTables.Rooted.RootedComponentSemantics (18s)
✔ [9721/10220] Built OAI.Combinatorics.ContingencyTables.Rooted.RootedOracleRational (18s)
✔ [9722/10220] Built OAI.Combinatorics.ContingencyTables.Sampling.SmallProfileCode (16s)
✔ [9723/10220] Built OAI.Combinatorics.ContingencyTables.Machines.RoundedPowerProgram (16s)
✔ [9724/10220] Built OAI.Combinatorics.ContingencyTables.Machines.BinIntervalProgram (18s)
✔ [9725/10220] Built OAI.Combinatorics.ContingencyTables.Counting.CompanionChainValidator (19s)
✔ [9726/10220] Built OAI.Combinatorics.ContingencyTables.Rooted.RootedOffsetProgram (19s)
✔ [9727/10220] Built OAI.Combinatorics.ContingencyTables.Rooted.LargeEdgeCatalogProgram (19s)
✔ [9728/10220] Built OAI.Combinatorics.ContingencyTables.Counting.CompanionPhaseTrajectory (19s)
✔ [9729/10220] Built OAI.Combinatorics.ContingencyTables.Sampling.FirstPaperBooleanDraw (24s)
✔ [9730/10220] Built OAI.Combinatorics.ContingencyTables.Machines.FlowEntryProgram (18s)
✔ [9731/10220] Built OAI.Combinatorics.ContingencyTables.Rooted.RootedOracleKernel (18s)
✔ [9732/10220] Built OAI.Combinatorics.ContingencyTables.Rooted.RootedComponentCode (18s)
✔ [9733/10220] Built OAI.Combinatorics.ContingencyTables.Sampling.SmallRepairGeometryProgram (18s)
✔ [9734/10220] Built OAI.Combinatorics.ContingencyTables.Sampling.SmallProfileFlatCode (18s)
✔ [9735/10220] Built OAI.Combinatorics.ContingencyTables.Counting.CompanionNeighborProgram (18s)
✔ [9736/10220] Built OAI.Combinatorics.ContingencyTables.Machines.PowerApproximationProgram (18s)
✔ [9737/10220] Built OAI.Combinatorics.ContingencyTables.Rooted.RootedForestDataProgram (18s)
✔ [9738/10220] Built OAI.Combinatorics.ContingencyTables.Rooted.ForestGreedyProgram (20s)
✔ [9739/10220] Built OAI.Combinatorics.ContingencyTables.Transport.FiniteRecordedHistory (16s)
✔ [9740/10220] Built OAI.Combinatorics.ContingencyTables.Counting.CompanionArithmeticStep (21s)
✔ [9741/10220] Built OAI.Combinatorics.ContingencyTables.Machines.FlowMatrixProgram (18s)
✔ [9742/10220] Built OAI.Combinatorics.ContingencyTables.Sampling.FirstPaperFiniteSampler (19s)
✔ [9743/10220] Built OAI.Combinatorics.ContingencyTables.Sampling.SmallRepairCodeProgram (17s)
✔ [9744/10220] Built OAI.Combinatorics.ContingencyTables.Rooted.RootedOracleFiniteStep (18s)
✔ [9745/10220] Built OAI.Combinatorics.ContingencyTables.Sampling.SmallExchangeListProgram (18s)
✔ [9746/10220] Built OAI.Combinatorics.ContingencyTables.Sampling.ProfileCodeEquality (18s)
✔ [9747/10220] Built OAI.Combinatorics.ContingencyTables.Counting.CompanionOrderedProposal (17s)
✔ [9748/10220] Built OAI.Combinatorics.ContingencyTables.Machines.CorrectionValueProgram (17s)
✔ [9749/10220] Built OAI.Combinatorics.ContingencyTables.Rooted.ForestGreedySemantics (18s)
✔ [9750/10220] Built OAI.Combinatorics.ContingencyTables.Counting.CompanionTraceWords (19s)
✔ [9751/10220] Built OAI.Combinatorics.ContingencyTables.Transport.FlowMatrixBounds (18s)
✔ [9752/10220] Built OAI.Combinatorics.ContingencyTables.Transport.FiniteCorrectionLaw (19s)
✔ [9753/10220] Built OAI.Combinatorics.ContingencyTables.Sampling.SmallDefectCodeTest (18s)
✔ [9754/10220] Built OAI.Combinatorics.ContingencyTables.Machines.MatrixCodeEquality (17s)
✔ [9755/10220] Built OAI.Combinatorics.ContingencyTables.Rooted.RootedOracleDraw (19s)
✔ [9756/10220] Built OAI.Combinatorics.ContingencyTables.Rooted.RootedRatioSamples (21s)
✔ [9757/10220] Built OAI.Combinatorics.ContingencyTables.Rooted.ComputedLargeForest (17s)
✔ [9758/10220] Built OAI.Combinatorics.ContingencyTables.Counting.CompanionCappedReturn (18s)
✔ [9759/10220] Built OAI.Combinatorics.ContingencyTables.Counting.CompanionTraceProgram (18s)
✔ [9760/10220] Built OAI.Combinatorics.ContingencyTables.Machines.FlowLoopProgram (19s)
✔ [9761/10220] Built OAI.Combinatorics.ContingencyTables.Sampling.SmallRepairListProgram (17s)
✔ [9762/10220] Built OAI.Combinatorics.ContingencyTables.Sampling.OriginalTableCheck (16s)
✔ [9763/10220] Built OAI.Combinatorics.ContingencyTables.Rooted.RootedCorrectionArithmetic (17s)
✔ [9764/10220] Built OAI.Combinatorics.ContingencyTables.Rooted.ComputedForestCode (16s)
✔ [9765/10220] Built OAI.Combinatorics.ContingencyTables.Counting.CompanionTargetTrace (16s)
✔ [9766/10220] Built OAI.Combinatorics.ContingencyTables.Counting.CompanionCappedReturnProgram (15s)
✔ [9767/10220] Built OAI.Combinatorics.ContingencyTables.Sampling.SmallInverseRepairList (15s)
✔ [9768/10220] Built OAI.Combinatorics.ContingencyTables.Machines.NetworkCapacityProgram (16s)
✔ [9769/10220] Built OAI.Combinatorics.ContingencyTables.Rooted.RootedCorrectionSamples (17s)
✔ [9770/10220] Built OAI.Combinatorics.ContingencyTables.Counting.CompanionTargetMixing (15s)
✔ [9771/10220] Built OAI.Combinatorics.ContingencyTables.Counting.CompanionWarmReturn (15s)
✔ [9772/10220] Built OAI.Combinatorics.ContingencyTables.Sampling.FirstPaperCodeNeighbors (16s)
✔ [9773/10220] Built OAI.Combinatorics.ContingencyTables.Machines.NetworkFeasibilityProgram (15s)
✔ [9774/10220] Built OAI.Combinatorics.ContingencyTables.Rooted.RootedOracleSchedule (13s)
✔ [9775/10220] Built OAI.Combinatorics.ContingencyTables.Counting.CompanionReturnIteration (14s)
✔ [9776/10220] Built OAI.Combinatorics.ContingencyTables.Machines.ListSubtractProgram (19s)
✔ [9777/10220] Built OAI.Combinatorics.ContingencyTables.Machines.BoundedComplementProgram (19s)
✔ [9778/10220] Built OAI.Combinatorics.ContingencyTables.Machines.BinarySearchProgram (19s)
✔ [9779/10220] Built OAI.Combinatorics.ContingencyTables.Machines.NetworkTableProgram (19s)
✔ [9780/10220] Built OAI.Combinatorics.ContingencyTables.Rooted.RootedOracleEstimator (17s)
✔ [9781/10220] Built OAI.Combinatorics.ContingencyTables.Counting.CompanionReturnWords (15s)
✔ [9782/10220] Built OAI.Combinatorics.ContingencyTables.Sampling.FirstPaperCodeProposal (26s)
✔ [9783/10220] Built OAI.Combinatorics.ContingencyTables.Machines.LowerCapacityProgram (13s)
✔ [9784/10220] Built OAI.Combinatorics.ContingencyTables.Rooted.RootedEstimatorConfidence (15s)
✔ [9785/10220] Built OAI.Combinatorics.ContingencyTables.Rooted.RootedEstimatorRange (16s)
✔ [9786/10220] Built OAI.Combinatorics.ContingencyTables.Sampling.OriginalProfileEntries (14s)
✔ [9787/10220] Built OAI.Combinatorics.ContingencyTables.Sampling.FirstPaperComputedCatalog (14s)
✔ [9788/10220] Built OAI.Combinatorics.ContingencyTables.Machines.CellLowerTestProgram (12s)
✔ [9789/10220] Built OAI.Combinatorics.ContingencyTables.Rooted.RootedEstimatorWords (10s)
✔ [9790/10220] Built OAI.Combinatorics.ContingencyTables.Sampling.FirstPaperPreparedProposal (10s)
✔ [9791/10220] Built OAI.Combinatorics.ContingencyTables.Machines.CellMaximumProgram (10s)
✔ [9792/10220] Built OAI.Combinatorics.ContingencyTables.Rooted.RootedEstimatorAmplification (13s)
✔ [9793/10220] Built OAI.Combinatorics.ContingencyTables.Sampling.PaddedResidualProgram (13s)
✔ [9794/10220] Built OAI.Combinatorics.ContingencyTables.Dense.DenseExponentProgram (13s)
✔ [9795/10220] Built OAI.Combinatorics.ContingencyTables.Sampling.OriginalProfileProgram (14s)
✔ [9796/10220] Built OAI.Combinatorics.ContingencyTables.Machines.CellMinimumProgram (13s)
✔ [9797/10220] Built OAI.Combinatorics.ContingencyTables.Rooted.RootedWeightOracle (14s)
✔ [9798/10220] Built OAI.Combinatorics.ContingencyTables.Rooted.LargeMarginProgram (15s)
✔ [9799/10220] Built OAI.Combinatorics.ContingencyTables.Sampling.PaddedResidualSemantics (15s)
✔ [9800/10220] Built OAI.Combinatorics.ContingencyTables.Dense.DenseExponentListProgram (16s)
✔ [9801/10220] Built OAI.Combinatorics.ContingencyTables.Machines.EndpointMatrixProgram (15s)
✔ [9802/10220] Built OAI.Combinatorics.ContingencyTables.Transport.ComputedTableTightening (15s)
✔ [9803/10220] Built OAI.Combinatorics.ContingencyTables.Rooted.RootedPhaseWords (13s)
✔ [9804/10220] Built OAI.Combinatorics.ContingencyTables.Machines.MaximalListProgram (14s)
✔ [9805/10220] Built OAI.Combinatorics.ContingencyTables.Dense.DenseExponentListSemantics (14s)
✔ [9806/10220] Built OAI.Combinatorics.ContingencyTables.Rooted.LargeMarginSemantics (14s)
✔ [9807/10220] Built OAI.Combinatorics.ContingencyTables.Machines.TightenedInputProgram (14s)
✔ [9808/10220] Built OAI.Combinatorics.ContingencyTables.Rooted.RootedPhaseOracleError (12s)
✔ [9809/10220] Built OAI.Combinatorics.ContingencyTables.Dense.DenseScaleCellProgram (13s)
✔ [9810/10220] Built OAI.Combinatorics.ContingencyTables.Dense.DenseCompletionTest (13s)
✔ [9811/10220] Built OAI.Combinatorics.ContingencyTables.Transport.ComputedCompanionInstance (13s)
✔ [9812/10220] Built OAI.Combinatorics.ContingencyTables.Rooted.RootedPhaseAccuracy (13s)
✔ [9813/10220] Built OAI.Combinatorics.ContingencyTables.Rooted.RootedOracleAcceptance (15s)
✔ [9814/10220] Built OAI.Combinatorics.ContingencyTables.Dense.DenseScaleMatrixProgram (12s)
✔ [9815/10220] Built OAI.Combinatorics.ContingencyTables.Dense.DenseCompletedMatrixProgram (12s)
✔ [9816/10220] Built OAI.Combinatorics.ContingencyTables.Rooted.RootedBooleanPhase (9.8s)
✔ [9817/10220] Built OAI.Combinatorics.ContingencyTables.Dense.DenseGridExponentProgram (10s)
✔ [9818/10220] Built OAI.Combinatorics.ContingencyTables.Dense.DenseOffsetProgram (10s)
✔ [9819/10220] Built OAI.Combinatorics.ContingencyTables.Dense.DenseMatrixLayoutProgram (10s)
✔ [9820/10220] Built OAI.Combinatorics.ContingencyTables.Rooted.RootedBooleanKernel (14s)
✔ [9821/10220] Built OAI.Combinatorics.ContingencyTables.Dense.DenseOffsetSemantics (9.8s)
✔ [9822/10220] Built OAI.Combinatorics.ContingencyTables.Dense.DenseFlatExponentProgram (14s)
✔ [9823/10220] Built OAI.Combinatorics.ContingencyTables.Dense.DenseOffsetTrial (14s)
✔ [9824/10220] Built OAI.Combinatorics.ContingencyTables.Rooted.RootedPhaseTrajectory (14s)
✔ [9825/10220] Built OAI.Combinatorics.ContingencyTables.Counting.CountingInputParser (14s)
✔ [9826/10220] Built OAI.Combinatorics.ContingencyTables.Rooted.RootedSlowConcentration (23s)
✔ [9827/10220] Built OAI.Combinatorics.ContingencyTables.Rooted.RootedArithmeticStep (12s)
✔ [9828/10220] Built OAI.Combinatorics.ContingencyTables.Dense.DenseMetropolisProgram (15s)
✔ [9829/10220] Built OAI.Combinatorics.ContingencyTables.Rooted.RootedTraceWords (9.1s)
✔ [9830/10220] Built OAI.Combinatorics.ContingencyTables.Dense.DenseWordProgram (10s)
✔ [9831/10220] Built OAI.Combinatorics.ContingencyTables.Dense.DenseCountProgram (10s)
✔ [9832/10220] Built OAI.Combinatorics.ContingencyTables.Rooted.RootedCappedReturn (16s)
✔ [9833/10220] Built OAI.Combinatorics.ContingencyTables.Rooted.RootedTargetTrace (17s)
✔ [9834/10220] Built OAI.Combinatorics.ContingencyTables.Rooted.RootedPhaseExperiment (18s)
✔ [9835/10220] Built OAI.Combinatorics.ContingencyTables.Dense.DenseStepGrowth (19s)
✔ [9836/10220] Built OAI.Combinatorics.ContingencyTables.Dense.DenseMetropolisSemantics (19s)
✔ [9837/10220] Built OAI.Combinatorics.ContingencyTables.Machines.BooleanChunkProgram (19s)
✔ [9838/10220] Built OAI.Combinatorics.ContingencyTables.Sampling.ExactIntegerOnline (20s)
✔ [9839/10220] Built OAI.Combinatorics.ContingencyTables.Machines.PreparedDenseCount (21s)
✔ [9840/10220] Built OAI.Combinatorics.ContingencyTables.Rooted.RootedObservationStart (17s)
✔ [9841/10220] Built OAI.Combinatorics.ContingencyTables.Rooted.RootedWarmReturn (19s)
✔ [9842/10220] Built OAI.Combinatorics.ContingencyTables.Rooted.RootedTargetMixing (19s)
✔ [9843/10220] Built OAI.Combinatorics.ContingencyTables.Machines.FixedCardinalityFlat (19s)
✔ [9844/10220] Built OAI.Combinatorics.ContingencyTables.Machines.FiniteWordSlices (19s)
✔ [9845/10220] Built OAI.Combinatorics.ContingencyTables.Machines.RepeatedFractionProgram (19s)
✔ [9846/10220] Built OAI.Combinatorics.ContingencyTables.Counting.EstimatorWordBanks (18s)
✔ [9847/10220] Built OAI.Combinatorics.ContingencyTables.Dense.DenseWalkProgram (22s)
✔ [9848/10220] Built OAI.Combinatorics.ContingencyTables.Machines.DependentWordProgram (16s)
✔ [9849/10220] Built OAI.Combinatorics.ContingencyTables.Sampling.ExactIntegerPhysical (15s)
✔ [9850/10220] Built OAI.Combinatorics.ContingencyTables.Dense.DenseMatrixTable (17s)
✔ [9851/10220] Built OAI.Combinatorics.ContingencyTables.Rooted.RootedReturnIteration (16s)
✔ [9852/10220] Built OAI.Combinatorics.ContingencyTables.Dense.DenseWalkSemantics (14s)
✔ [9853/10220] Built OAI.Combinatorics.ContingencyTables.Rooted.RootedPhaseTrial (17s)
✔ [9854/10220] Built OAI.Combinatorics.ContingencyTables.Machines.NaturalBlockProgram (18s)
✔ [9855/10220] Built OAI.Combinatorics.ContingencyTables.Dense.DenseOffsetWidths (19s)
✔ [9856/10220] Built OAI.Combinatorics.ContingencyTables.Machines.InitialChoiceProgram (19s)
✔ [9857/10220] Built OAI.Combinatorics.ContingencyTables.Machines.BinVectorProgram (20s)
✔ [9858/10220] Built OAI.Combinatorics.ContingencyTables.Dense.DenseMatrixProgram (19s)
✔ [9859/10220] Built OAI.Combinatorics.ContingencyTables.Dense.DenseBooleanWalkProgram (17s)
✔ [9860/10220] Built OAI.Combinatorics.ContingencyTables.Rooted.RootedReturnWords (19s)
✔ [9861/10220] Built OAI.Combinatorics.ContingencyTables.Rooted.RootedStoredEstimate (19s)
✔ [9862/10220] Built OAI.Combinatorics.ContingencyTables.Rooted.RootedPlainTrial (19s)
✔ [9863/10220] Built OAI.Combinatorics.ContingencyTables.Machines.CanonicalInitialEncoding (19s)
✔ [9864/10220] Built OAI.Combinatorics.ContingencyTables.Rooted.RootedCellDataProgram (20s)
✔ [9865/10220] Built OAI.Combinatorics.ContingencyTables.Dense.DenseMatrixWalk (20s)
✔ [9866/10220] Built OAI.Combinatorics.ContingencyTables.Dense.DenseTrialProgram (22s)
✔ [9867/10220] Built OAI.Combinatorics.ContingencyTables.Rooted.RootedStoredHistory (20s)
✔ [9868/10220] Built OAI.Combinatorics.ContingencyTables.Counting.CompanionMultiplierAgreement (21s)
✔ [9869/10220] Built OAI.Combinatorics.ContingencyTables.Rooted.RootedRestartStages (22s)
✔ [9870/10220] Built OAI.Combinatorics.ContingencyTables.Machines.PairedCatalogProgram (18s)
✔ [9871/10220] Built OAI.Combinatorics.ContingencyTables.Counting.CompanionCanonicalEncoding (19s)
✔ [9872/10220] Built OAI.Combinatorics.ContingencyTables.Rooted.RootedForestCatalog (18s)
✔ [9873/10220] Built OAI.Combinatorics.ContingencyTables.Dense.DenseEnumeratedMatrix (17s)
✔ [9874/10220] Built OAI.Combinatorics.ContingencyTables.Dense.DenseTrialSemantics (17s)
✔ [9875/10220] Built OAI.Combinatorics.ContingencyTables.Rooted.RootedRestartPrefix (16s)
✔ [9876/10220] Built OAI.Combinatorics.ContingencyTables.Dense.DenseDrawProgram (17s)
✔ [9877/10220] Built OAI.Combinatorics.ContingencyTables.Machines.PairedProfileProgram (17s)
✔ [9878/10220] Built OAI.Combinatorics.ContingencyTables.Counting.CountingLabelCountProgram (18s)
✔ [9879/10220] Built OAI.Combinatorics.ContingencyTables.Rooted.RootedDemandProgram (20s)
✔ [9880/10220] Built OAI.Combinatorics.ContingencyTables.Counting.CompanionComputedInitial (22s)
✔ [9881/10220] Built OAI.Combinatorics.ContingencyTables.Dense.DenseDrawSemantics (17s)
✔ [9882/10220] Built OAI.Combinatorics.ContingencyTables.Transport.BoxCompletion (18s)
✔ [9883/10220] Built OAI.Combinatorics.ContingencyTables.Machines.TranslationDecisionProgram (19s)
✔ [9884/10220] Built OAI.Combinatorics.ContingencyTables.Rooted.RootedRestartWords (19s)
✔ [9885/10220] Built OAI.Combinatorics.ContingencyTables.Rooted.ComputedRootedInput (18s)
✔ [9886/10220] Built OAI.Combinatorics.ContingencyTables.Rooted.RootedTreeInputProgram (19s)
✔ [9887/10220] Built OAI.Combinatorics.ContingencyTables.Machines.InitialDrawReindex (19s)
✔ [9888/10220] Built OAI.Combinatorics.ContingencyTables.Transport.PairedProfileSemantics (20s)
✔ [9889/10220] Built OAI.Combinatorics.ContingencyTables.Rooted.RootedRestartAgreement (19s)
✔ [9890/10220] Built OAI.Combinatorics.ContingencyTables.Transport.IndexedTableLaw (20s)
✔ [9891/10220] Built OAI.Combinatorics.ContingencyTables.Dense.DenseSwapProgram (21s)
✔ [9892/10220] Built OAI.Combinatorics.ContingencyTables.Counting.CompanionComputedProposal (24s)
✔ [9893/10220] Built OAI.Combinatorics.ContingencyTables.Rooted.RootedRestartTrial (18s)
✔ [9894/10220] Built OAI.Combinatorics.ContingencyTables.Dense.DenseTableCoordinates (17s)
✔ [9895/10220] Built OAI.Combinatorics.ContingencyTables.Transport.TranslationDecisionSemantics (17s)
✔ [9896/10220] Built OAI.Combinatorics.ContingencyTables.Dense.DenseNormalizeProgram (16s)
✔ [9897/10220] Built OAI.Combinatorics.ContingencyTables.Machines.PairedFactorialProgram (17s)
✔ [9898/10220] Built OAI.Combinatorics.ContingencyTables.Counting.CompanionPhaseCounts (16s)
✔ [9899/10220] Built OAI.Combinatorics.ContingencyTables.Machines.TableIndexProgram (14s)
✔ [9900/10220] Built OAI.Combinatorics.ContingencyTables.Rooted.RootedPhaseHistory (15s)
✔ [9901/10220] Built OAI.Combinatorics.ContingencyTables.Counting.CompanionLabelMetadataProgram (15s)
✔ [9902/10220] Built OAI.Combinatorics.ContingencyTables.Dense.DenseNormalizeSemantics (15s)
✔ [9903/10220] Built OAI.Combinatorics.ContingencyTables.Counting.CompanionMultiplierProgram (14s)
✔ [9904/10220] Built OAI.Combinatorics.ContingencyTables.Rooted.RootedHistoryStep (14s)
✔ [9905/10220] Built OAI.Combinatorics.ContingencyTables.Rooted.RootedForestPrepareProgram (49s)
✔ [9906/10220] Built OAI.Combinatorics.ContingencyTables.Dense.DenseCanonicalProgram (13s)
✔ [9907/10220] Built OAI.Combinatorics.ContingencyTables.Counting.CompanionMultiplierMatrixProgram (15s)
✔ [9908/10220] Built OAI.Combinatorics.ContingencyTables.Rooted.RootedHistoryConfidence (16s)
✔ [9909/10220] Built OAI.Combinatorics.ContingencyTables.Counting.CountingPhaseSchedule (19s)
✔ [9910/10220] Built OAI.Combinatorics.ContingencyTables.Machines.ResidualDenseProgram (20s)
✔ [9911/10220] Built OAI.Combinatorics.ContingencyTables.Dense.DenseCanonicalSemantics (21s)
✔ [9912/10220] Built OAI.Combinatorics.ContingencyTables.Rooted.RootedPenaltyEvaluateProgram (21s)
✔ [9913/10220] Built OAI.Combinatorics.ContingencyTables.Counting.CompanionInitialMatrixProgram (21s)
✔ [9914/10220] Built OAI.Combinatorics.ContingencyTables.Machines.CompletionEnumerationProgram (27s)
✔ [9915/10220] Built OAI.Combinatorics.ContingencyTables.Counting.CompanionPhaseFinishProgram (19s)
✔ [9916/10220] Built OAI.Combinatorics.ContingencyTables.Counting.CompanionStateMultiplierProgram (18s)
✔ [9917/10220] Built OAI.Combinatorics.ContingencyTables.Rooted.RootedCountingWords (18s)
✔ [9918/10220] Built OAI.Combinatorics.ContingencyTables.Dense.DenseWalkTabulation (18s)
✔ [9919/10220] Built OAI.Combinatorics.ContingencyTables.Counting.CountingScheduleSizes (19s)
✔ [9920/10220] Built OAI.Combinatorics.ContingencyTables.Rooted.LargeMarginReference (18s)
✔ [9921/10220] Built OAI.Combinatorics.ContingencyTables.Rooted.RootedCatalogGrid (18s)
✔ [9922/10220] Built OAI.Combinatorics.ContingencyTables.Counting.CompanionInitialStoredProgram (19s)
✔ [9923/10220] Built OAI.Combinatorics.ContingencyTables.Rooted.RootedPointPenaltyProgram (55s)
✔ [9924/10220] Built OAI.Combinatorics.ContingencyTables.Sampling.PaddedEnumerationBounds (18s)
✔ [9925/10220] Built OAI.Combinatorics.ContingencyTables.Transport.BooleanEnumeration (18s)
✔ [9926/10220] Built OAI.Combinatorics.ContingencyTables.Dense.DenseReservedWord (33s)
✔ [9927/10220] Built OAI.Combinatorics.ContingencyTables.Counting.CompanionFractionSize (18s)
✔ [9928/10220] Built OAI.Combinatorics.ContingencyTables.Counting.CompanionPhaseFinishSemantics (21s)
✔ [9929/10220] Built OAI.Combinatorics.ContingencyTables.Sampling.OriginalTableEnumeration (29s)
✔ [9930/10220] Built OAI.Combinatorics.ContingencyTables.Rooted.RootedCountingSchedule (21s)
✔ [9931/10220] Built OAI.Combinatorics.ContingencyTables.Dense.DenseTrialCountProgram (22s)
✔ [9932/10220] Built OAI.Combinatorics.ContingencyTables.Transport.ListedCompletion (23s)
✔ [9933/10220] Built OAI.Combinatorics.ContingencyTables.Machines.BinPopulationProgram (23s)
✔ [9934/10220] Built OAI.Combinatorics.ContingencyTables.Rooted.RootedBinFramesProgram (26s)
✔ [9935/10220] Built OAI.Combinatorics.ContingencyTables.Rooted.RootedCatalogStep (24s)
✔ [9936/10220] Built OAI.Combinatorics.ContingencyTables.Counting.CompanionStoredSize (22s)
✔ [9937/10220] Built OAI.Combinatorics.ContingencyTables.Counting.CompanionCanonicalHistory (22s)
✔ [9938/10220] Built OAI.Combinatorics.ContingencyTables.Sampling.OriginalTableBox (22s)
✔ [9939/10220] Built OAI.Combinatorics.ContingencyTables.Counting.CountingPhaseScalarProgram (22s)
✔ [9940/10220] Built OAI.Combinatorics.ContingencyTables.Counting.CountingTerminalSchedule (22s)
✔ [9941/10220] Built OAI.Combinatorics.ContingencyTables.Rooted.RootedCountingAmplification (26s)
