== CoordinateSweeps  module=OAI.Probability.CoordinateSweeps.Main  start=2026-10-09T09:40:40Z
warning: PrimeNumberTheoremAnd: repository '/Users/shannon/cc/math/math/lean/.lake/packages/PrimeNumberTheoremAnd' has local changes
warning: belyi: repository '/Users/shannon/cc/math/math/lean/.lake/packages/belyi' has local changes
warning: formal-schemes: repository '/Users/shannon/cc/math/math/lean/.lake/packages/formal-schemes' has local changes
warning: elliptic-curves: repository '/Users/shannon/cc/math/math/lean/.lake/packages/elliptic-curves' has local changes
warning: tempered-fundamental-groups: repository '/Users/shannon/cc/math/math/lean/.lake/packages/tempered-fundamental-groups' has local changes
warning: oka: repository '/Users/shannon/cc/math/math/lean/.lake/packages/oka' has local changes
warning: orbicurve-cores: repository '/Users/shannon/cc/math/math/lean/.lake/packages/orbicurve-cores' has local changes
warning: pi1: repository '/Users/shannon/cc/math/math/lean/.lake/packages/pi1' has local changes
warning: heights: repository '/Users/shannon/cc/math/math/lean/.lake/packages/heights' has local changes
warning: genl: repository '/Users/shannon/cc/math/math/lean/.lake/packages/genl' has local changes
warning: tate-curves-theta: repository '/Users/shannon/cc/math/math/lean/.lake/packages/tate-curves-theta' has local changes
warning: iut: repository '/Users/shannon/cc/math/math/lean/.lake/packages/iut' has local changes
warning: gromov: repository '/Users/shannon/cc/math/math/lean/.lake/packages/gromov' has local changes
warning: SphereEversion: repository '/Users/shannon/cc/math/math/lean/.lake/packages/SphereEversion' has local changes
warning: schoenflies-lean: repository '/Users/shannon/cc/math/math/lean/.lake/packages/schoenflies-lean' has local changes
warning: ClassFieldTheory: repository '/Users/shannon/cc/math/math/lean/.lake/packages/ClassFieldTheory' has local changes
warning: AINTLIB: repository '/Users/shannon/cc/math/math/lean/.lake/packages/AINTLIB' has local changes
warning: AbsorptionCutoff: repository '/Users/shannon/cc/math/math/lean/.lake/packages/AbsorptionCutoff' has local changes
warning: StrongPNT: repository '/Users/shannon/cc/math/math/lean/.lake/packages/StrongPNT' has local changes
warning: carleson: repository '/Users/shannon/cc/math/math/lean/.lake/packages/carleson' has local changes
warning: rellich-kondrachov: repository '/Users/shannon/cc/math/math/lean/.lake/packages/rellich-kondrachov' has local changes
warning: Zeta3Irrational: repository '/Users/shannon/cc/math/math/lean/.lake/packages/Zeta3Irrational' has local changes
warning: fixed-point-theorems: repository '/Users/shannon/cc/math/math/lean/.lake/packages/fixed-point-theorems' has local changes
✔ [8924/8957] Built OAI.Analysis.Matrix.TensorMoment (18s)
✔ [8925/8957] Built OAI.Probability.CoordinateSweeps.Grid (19s)
✔ [8926/8957] Built OAI.Combinatorics.Graphs.Coverage (21s)
✔ [8927/8957] Built OAI.Probability.Moments.LineExpansion (27s)
✔ [8928/8957] Built OAI.RepresentationTheory.Tensor.Postselection (19s)
✔ [8929/8957] Built OAI.Analysis.Matrix.Holder (19s)
✔ [8930/8957] Built OAI.RepresentationTheory.Unitary.Basic (20s)
✔ [8931/8957] Built OAI.Analysis.Matrix.BlockCycles (19s)
✔ [8932/8957] Built OAI.RepresentationTheory.Unitary.Spectral (25s)
✔ [8933/8957] Built OAI.RepresentationTheory.Placement.Chart (27s)
✔ [8934/8957] Built OAI.Probability.CoordinateSweeps.Conditioning (28s)
✔ [8935/8957] Built OAI.RepresentationTheory.Young.Classification (28s)
✔ [8936/8957] Built OAI.RepresentationTheory.SignedTensor.Basic (29s)
✔ [8937/8957] Built OAI.Probability.CoordinateSweeps.Kernel (26s)
✔ [8938/8957] Built OAI.RepresentationTheory.Young.Restriction (29s)
✔ [8939/8957] Built OAI.RepresentationTheory.Young.Entropy (30s)
✔ [8940/8957] Built OAI.RepresentationTheory.Placement.Occurrence (32s)
✔ [8941/8957] Built OAI.RepresentationTheory.SignedTensor.Domination (32s)
✔ [8942/8957] Built OAI.Probability.CoordinateSweeps.Transition (16s)
✔ [8943/8957] Built OAI.RepresentationTheory.SignedTensor.Blocks (17s)
✔ [8944/8957] Built OAI.RepresentationTheory.SignedTensor.Overlap (11s)
✔ [8945/8957] Built OAI.Probability.CoordinateSweeps.Decomposition (13s)
✔ [8946/8957] Built OAI.Probability.CoordinateSweeps.PlacementMoment (11s)
✔ [8947/8957] Built OAI.RepresentationTheory.SignedTensor.Resolution (15s)
✔ [8948/8957] Built OAI.Probability.CoordinateSweeps.Induction (12s)
✔ [8949/8957] Built OAI.Probability.CoordinateSweeps.Attachment (7.9s)
✔ [8950/8957] Built OAI.Probability.CoordinateSweeps.TrajectoryMoment (7.0s)
✔ [8951/8957] Built OAI.Probability.CoordinateSweeps.SparseMoment (7.3s)
✔ [8952/8957] Built OAI.Probability.CoordinateSweeps.SparseDimension (9.7s)
✔ [8953/8957] Built OAI.Probability.CoordinateSweeps.SparseBound (12s)
✔ [8954/8957] Built OAI.Probability.CoordinateSweeps.Scales (9.5s)
✔ [8955/8957] Built OAI.Probability.CoordinateSweeps.BaseCase (8.9s)
✔ [8956/8957] Built OAI.Probability.CoordinateSweeps.Perturbation (10s)
✔ [8957/8957] Built OAI.Probability.CoordinateSweeps.Main (16s)
Build completed successfully (8957 jobs).
== build rc=0 seconds=254
{"theorems": ["OAI.CoordinateSweeps.FiniteLaw.ext", "OAI.CoordinateSweeps.FiniteLaw.sum_mass", "OAI.CoordinateSweeps.Grid.Holes.reference_compatible", "OAI.CoordinateSweeps.all_grid_moment", "OAI.CoordinateSweeps.conditional_main"], "defs": ["OAI.CoordinateSweeps.FiniteLaw", "OAI.CoordinateSweeps.FiniteLaw.uniform", "OAI.CoordinateSweeps.FiniteLaw.map", "OAI.CoordinateSweeps.Cube", "OAI.CoordinateSweeps.pairSwitch", "OAI.CoordinateSweeps.binaryLayer", "OAI.CoordinateSweeps.orderedProduct", "OAI.CoordinateSweeps.BinaryChoices", "OAI.CoordinateSweeps.binarySweep", "OAI.CoordinateSweeps.binaryLaw", "OAI.CoordinateSweeps.Grid", "OAI.CoordinateSweeps.Grid.size", "OAI.CoordinateSweeps.Grid.Slot", "OAI.CoordinateSweeps.Grid.Line", "OAI.CoordinateSweeps.Grid.Choices", "OAI.CoordinateSweeps.Grid.fiberPerm", "OAI.CoordinateSweeps.Grid.stage", "OAI.CoordinateSweeps.Grid.boundary", "OAI.CoordinateSweeps.Grid.sweep", "OAI.CoordinateSweeps.Grid.Allowed", "OAI.CoordinateSweeps.Grid.Holes", "OAI.CoordinateSweeps.Grid.Holes.Compatible", "OAI.CoordinateSweeps.Grid.Holes.Feasible", "OAI.CoordinateSweeps.Grid.Holes.lineCount", "OAI.CoordinateSweeps.Grid.Holes.cost", "OAI.CoordinateSweeps.Grid.Holes.stabilizer", "OAI.CoordinateSweeps.Grid.Holes.reference", "OAI.CoordinateSweeps.Grid.Holes.residual", "OAI.CoordinateSweeps.Grid.choiceWeight", "OAI.CoordinateSweeps.Grid.Holes.probability", "OAI.CoordinateSweeps.Grid.eventDistance", "OAI.CoordinateSweeps.UnitaryIrrep", "OAI.CoordinateSweeps.schattenMoment", "OAI.CoordinateSweeps.Grid.Holes.conditionalAverage", "OAI.CoordinateSweeps.a", "OAI.CoordinateSweeps.c0", "OAI.CoordinateSweeps.e0", "OAI.CoordinateSweeps.c", "OAI.CoordinateSweeps.e", "OAI.CoordinateSweeps.logMoment", "OAI.CoordinateSweeps.ConditionalMain", "OAI.CoordinateSweeps.MomentBound", "OAI.CoordinateSweeps.ScaleLarge", "OAI.CoordinateSweeps.baseWidth", "OAI.CoordinateSweeps.baseZeta", "OAI.CoordinateSweeps.ScalarInduction.MainSizeReady", "OAI.CoordinateSweeps.SparseScalar.theta", "OAI.CoordinateSweeps.SparseScalar.K0", "OAI.CoordinateSweeps.SparseScalar.B0", "OAI.CoordinateSweeps.SparseScalar.xi", "OAI.CoordinateSweeps.SparseScalar.rho", "OAI.CoordinateSweeps.SparseScalar.q", "OAI.CoordinateSweeps.SparseScalar.uniformRate", "OAI.CoordinateSweeps.SparseScalar.SizeReady", "OAI.CoordinateSweeps.SparseScalar.ScaleReady", "OAI.CoordinateSweeps.SparseScalar.slack", "OAI.CoordinateSweeps.SparsePerturb"], "json_theorems": ["OAI.CoordinateSweeps.conditional_main", "OAI.CoordinateSweeps.all_grid_moment"], "missing_from_parse": []}
TYPES/DEFS DIFFER CoordinateSweeps
1,10d0
< /Users/shannon/cc/math/math/lean/Scratch/Challenge_CoordinateSweeps.lean:300:8:
< warning:
< declaration
< uses
< `sorry`
< /Users/shannon/cc/math/math/lean/Scratch/Challenge_CoordinateSweeps.lean:307:8:
< warning:
< declaration
< uses
< `sorry`
AXIOMS: 'OAI.CoordinateSweeps.conditional_main' depends on axioms: [propext, Classical.choice, Quot.sound] 'OAI.CoordinateSweeps.all_grid_moment' depends on axioms: [propext, Classical.choice, Quot.sound] 
== end=2026-10-09T09:45:17Z
