== CoulombIonization  module=OAI.Analysis.CoulombIonization.Main  start=2026-10-09T06:39:57Z
warning: PrimeNumberTheoremAnd: repository '/Users/shannon/cc/math/math/lean/.lake/packages/PrimeNumberTheoremAnd' has local changes
warning: belyi: repository '/Users/shannon/cc/math/math/lean/.lake/packages/belyi' has local changes
warning: formal-schemes: repository '/Users/shannon/cc/math/math/lean/.lake/packages/formal-schemes' has local changes
warning: elliptic-curves: repository '/Users/shannon/cc/math/math/lean/.lake/packages/elliptic-curves' has local changes
warning: tempered-fundamental-groups: repository '/Users/shannon/cc/math/math/lean/.lake/packages/tempered-fundamental-groups' has local changes
warning: oka: repository '/Users/shannon/cc/math/math/lean/.lake/packages/oka' has local changes
warning: orbicurve-cores: repository '/Users/shannon/cc/math/math/lean/.lake/packages/orbicurve-cores' has local changes
warning: pi1: repository '/Users/shannon/cc/math/math/lean/.lake/packages/pi1' has local changes
warning: heights: repository '/Users/shannon/cc/math/math/lean/.lake/packages/heights' has local changes
warning: genl: repository '/Users/shannon/cc/math/math/lean/.lake/packages/genl' has local changes
warning: tate-curves-theta: repository '/Users/shannon/cc/math/math/lean/.lake/packages/tate-curves-theta' has local changes
warning: iut: repository '/Users/shannon/cc/math/math/lean/.lake/packages/iut' has local changes
warning: gromov: repository '/Users/shannon/cc/math/math/lean/.lake/packages/gromov' has local changes
warning: SphereEversion: repository '/Users/shannon/cc/math/math/lean/.lake/packages/SphereEversion' has local changes
warning: schoenflies-lean: repository '/Users/shannon/cc/math/math/lean/.lake/packages/schoenflies-lean' has local changes
warning: ClassFieldTheory: repository '/Users/shannon/cc/math/math/lean/.lake/packages/ClassFieldTheory' has local changes
warning: AINTLIB: repository '/Users/shannon/cc/math/math/lean/.lake/packages/AINTLIB' has local changes
warning: AbsorptionCutoff: repository '/Users/shannon/cc/math/math/lean/.lake/packages/AbsorptionCutoff' has local changes
warning: StrongPNT: repository '/Users/shannon/cc/math/math/lean/.lake/packages/StrongPNT' has local changes
warning: carleson: repository '/Users/shannon/cc/math/math/lean/.lake/packages/carleson' has local changes
warning: rellich-kondrachov: repository '/Users/shannon/cc/math/math/lean/.lake/packages/rellich-kondrachov' has local changes
warning: Zeta3Irrational: repository '/Users/shannon/cc/math/math/lean/.lake/packages/Zeta3Irrational' has local changes
warning: fixed-point-theorems: repository '/Users/shannon/cc/math/math/lean/.lake/packages/fixed-point-theorems' has local changes
✔ [8923/9314] Built OAI.Analysis.CoulombIonization.Localization.BarrierConditionalBarrier (53s)
✔ [8924/9314] Built OAI.Analysis.CoulombIonization.FieldAnalysis.FiniteMean (53s)
✔ [8925/9314] Built OAI.Analysis.CoulombIonization.Variational.PatchMeasurable (53s)
✔ [8926/9314] Built OAI.Analysis.CoulombIonization.Variational.WeightedCauchy (53s)
✔ [8927/9314] Built OAI.Analysis.CoulombIonization.FieldAnalysis.CubeTiling (53s)
✔ [8928/9314] Built OAI.Analysis.CoulombIonization.RadialBounds.StripAveraging (53s)
✔ [8929/9314] Built OAI.Analysis.CoulombIonization.Localization.SubGaussianMoments (53s)
✔ [8930/9314] Built OAI.Analysis.CoulombIonization.FieldAnalysis.CubeRotations (65s)
✔ [8931/9314] Built OAI.Analysis.CoulombIonization.Variational.FatouIntegrable (35s)
✔ [8932/9314] Built OAI.Analysis.CoulombIonization.Variational.Pointwise (37s)
✔ [8933/9314] Built OAI.Analysis.CoulombIonization.ThomasFermi.TfWeight (41s)
✔ [8934/9314] Built OAI.Analysis.CoulombIonization.RadialBounds.GlobalDensityBarrier (44s)
✔ [8935/9314] Built OAI.Analysis.CoulombIonization.FormDomain.CoerciveOperator (44s)
✔ [8936/9314] Built OAI.Analysis.CoulombIonization.FieldAnalysis.RadialPower (46s)
✔ [8937/9314] Built OAI.Analysis.CoulombIonization.FormDomain.WeakDirectionalDerivative (47s)
✔ [8938/9314] Built OAI.Analysis.CoulombIonization.FormDomain.WeakDerivative (45s)
✔ [8939/9314] Built OAI.Analysis.CoulombIonization.Model (38s)
✔ [8940/9314] Built OAI.Analysis.CoulombIonization.FieldAnalysis.CubeTranslationAverage (37s)
✔ [8941/9314] Built OAI.Analysis.CoulombIonization.Localization.WeightedMoments (34s)
✔ [8942/9314] Built OAI.Analysis.CoulombIonization.ThomasFermi.Lp (32s)
✔ [8943/9319] Built OAI.Analysis.CoulombIonization.FormDomain.FormBottom (31s)
✔ [8944/9319] Built OAI.Analysis.CoulombIonization.Fermionic.Pull (38s)
✔ [8945/9319] Built OAI.Analysis.CoulombIonization.Fermionic.Basis (47s)
✔ [8946/9319] Built OAI.Analysis.CoulombIonization.FormDomain.WeakProduct (28s)
✔ [8947/9319] Built OAI.Analysis.CoulombIonization.ThomasFermi.SommerfeldCoefficient (47s)
✔ [8948/9319] Built OAI.Analysis.CoulombIonization.Fermionic.CountableTests (30s)
✔ [8949/9319] Built OAI.Analysis.CoulombIonization.RadialBounds.WeakWindowMoment (36s)
✔ [8950/9319] Built OAI.Analysis.CoulombIonization.FormDomain.TrialSmoothTest (31s)
✔ [8951/9319] Built OAI.Analysis.CoulombIonization.RadialBounds.SquareCompletion (38s)
✔ [8952/9319] Built OAI.Analysis.CoulombIonization.Variational.Electrostatic (29s)
✔ [8953/9319] Built OAI.Analysis.CoulombIonization.FormDomain.WeakChangeVariables (49s)
✔ [8954/9319] Built OAI.Analysis.CoulombIonization.ThomasFermi.TFNonradialBarrier (26s)
✔ [8955/9319] Built OAI.Analysis.CoulombIonization.Variational.MasterWidth (25s)
✔ [8956/9319] Built OAI.Analysis.CoulombIonization.Ionization.IteratedReduction (28s)
✔ [8957/9323] Built OAI.Analysis.CoulombIonization.FieldAnalysis.NeumannCube (30s)
✔ [8958/9323] Built OAI.Analysis.CoulombIonization.FieldAnalysis.NeumannSine (25s)
✔ [8959/9323] Built OAI.Analysis.CoulombIonization.ThomasFermi.Tensor (27s)
✔ [8960/9323] Built OAI.Analysis.CoulombIonization.Variational.IntegralFourierInvMul (25s)
✔ [8961/9323] Built OAI.Analysis.CoulombIonization.FormDomain.UnboundedSpectrum (32s)
✔ [8962/9323] Built OAI.Analysis.CoulombIonization.Ionization.PullAdjoint (25s)
✔ [8963/9323] Built OAI.Analysis.CoulombIonization.Fermionic.Pauli (30s)
✔ [8964/9323] Built OAI.Analysis.CoulombIonization.Localization.Cut (33s)
✔ [8965/9323] Built OAI.Analysis.CoulombIonization.Fermionic.Slater (24s)
✔ [8966/9323] Built OAI.Analysis.CoulombIonization.FieldAnalysis.Nonneg (29s)
✔ [8967/9323] Built OAI.Analysis.CoulombIonization.FormDomain.L2 (34s)
✔ [8968/9323] Built OAI.Analysis.CoulombIonization.FieldAnalysis.FiniteProfile (31s)
✔ [8969/9323] Built OAI.Analysis.CoulombIonization.Variational.L2 (22s)
✔ [8970/9323] Built OAI.Analysis.CoulombIonization.Variational.WeightedVariance (31s)
✔ [8971/9325] Built OAI.Analysis.CoulombIonization.ThomasFermi.ContractFunction (26s)
✔ [8972/9325] Built OAI.Analysis.CoulombIonization.FormDomain.FermionicDensity (39s)
✔ [8973/9327] Built OAI.Analysis.CoulombIonization.FieldAnalysis.NeumannGradient (27s)
✔ [8974/9327] Built OAI.Analysis.CoulombIonization.FormDomain.ShiftedFormBottom (25s)
✔ [8975/9327] Built OAI.Analysis.CoulombIonization.Fermionic.FreqCut (30s)
✔ [8976/9327] Built OAI.Analysis.CoulombIonization.ThomasFermi.Pairing (42s)
✔ [8977/9332] Built OAI.Analysis.CoulombIonization.Fermionic.SlaterBody (27s)
✔ [8978/9332] Built OAI.Analysis.CoulombIonization.Localization.Trace (35s)
✔ [8979/9336] Built OAI.Analysis.CoulombIonization.FormDomain.WeakL2PartialDerivative (33s)
✔ [8980/9336] Built OAI.Analysis.CoulombIonization.FieldAnalysis.LaplacianCompDilation (29s)
✔ [8981/9336] Built OAI.Analysis.CoulombIonization.FieldAnalysis.LinearCoulomb (29s)
✔ [8982/9336] Built OAI.Analysis.CoulombIonization.Variational.HardySquare (28s)
✔ [8983/9336] Built OAI.Analysis.CoulombIonization.FormDomain.LipschitzWeak (27s)
✔ [8984/9336] Built OAI.Analysis.CoulombIonization.FieldAnalysis.NeumannReindex (24s)
✔ [8985/9336] Built OAI.Analysis.CoulombIonization.FormDomain.CompCL (23s)
✔ [8986/9336] Built OAI.Analysis.CoulombIonization.Fermionic.DyadicPowerSq (31s)
✔ [8987/9336] Built OAI.Analysis.CoulombIonization.ThomasFermi.TfDilation (32s)
✔ [8988/9336] Built OAI.Analysis.CoulombIonization.Fermionic.SlaterPairAlgebra (28s)
✔ [8989/9339] Built OAI.Analysis.CoulombIonization.ThomasFermi.TfPowerIntegralDeriv (34s)
✔ [8990/9339] Built OAI.Analysis.CoulombIonization.ThomasFermi.PatchTF (35s)
✔ [8991/9340] Built OAI.Analysis.CoulombIonization.Localization.SpinCorrelated (33s)
✔ [8992/9340] Built OAI.Analysis.CoulombIonization.Localization.PacketFourier (38s)
✔ [8993/9348] Built OAI.Analysis.CoulombIonization.Variational.Space (31s)
✔ [8994/9348] Built OAI.Analysis.CoulombIonization.Fermionic.InfiniteDensity (28s)
✔ [8995/9349] Built OAI.Analysis.CoulombIonization.Variational.RootCoulomb (33s)
✔ [8996/9349] Built OAI.Analysis.CoulombIonization.Fermionic.Spin (80s)
✔ [8997/9349] Built OAI.Analysis.CoulombIonization.Localization.CoherentPackets (28s)
✔ [8998/9349] Built OAI.Analysis.CoulombIonization.FieldAnalysis.HardyField (35s)
✔ [8999/9349] Built OAI.Analysis.CoulombIonization.Fermionic.SlaterPairTrace (26s)
✔ [9000/9349] Built OAI.Analysis.CoulombIonization.ThomasFermi.TfPotential (24s)
✔ [9001/9350] Built OAI.Analysis.CoulombIonization.RadialBounds.PatchMass (23s)
✔ [9002/9350] Built OAI.Analysis.CoulombIonization.ThomasFermi.PatchEuler (28s)
✔ [9003/9350] Built OAI.Analysis.CoulombIonization.Localization.TensorRightSpinVectorAe (27s)
✔ [9004/9350] Built OAI.Analysis.CoulombIonization.Variational.SliceLp (25s)
✔ [9005/9354] Built OAI.Analysis.CoulombIonization.Localization.FermionL2 (32s)
✔ [9006/9354] Built OAI.Analysis.CoulombIonization.Variational.CoherentResolution (25s)
✔ [9007/9354] Built OAI.Analysis.CoulombIonization.Fermionic.SlaterTwoBody (27s)
✔ [9008/9354] Built OAI.Analysis.CoulombIonization.Fermionic.WeightedPairDensity (27s)
✔ [9009/9354] Built OAI.Analysis.CoulombIonization.Ionization.IntegratedStability (36s)
✔ [9010/9354] Built OAI.Analysis.CoulombIonization.Fermionic.ManyTest (55s)
✔ [9011/9354] Built OAI.Analysis.CoulombIonization.Variational.PatchBounded (31s)
✔ [9012/9354] Built OAI.Analysis.CoulombIonization.ThomasFermi.PatchGap (29s)
✔ [9013/9354] Built OAI.Analysis.CoulombIonization.Variational.CoulombNear (38s)
✔ [9014/9354] Built OAI.Analysis.CoulombIonization.Localization.FermionGradient (23s)
✔ [9015/9354] Built OAI.Analysis.CoulombIonization.Variational.Slices (38s)
✔ [9016/9354] Built OAI.Analysis.CoulombIonization.Variational.FullCoulomb (90s)
✔ [9017/9354] Built OAI.Analysis.CoulombIonization.Variational.PatchTranslatedDensity (25s)
✔ [9018/9354] Built OAI.Analysis.CoulombIonization.Fermionic.InsertTest (27s)
✔ [9019/9354] Built OAI.Analysis.CoulombIonization.Variational.GridIncrementError (33s)
✔ [9020/9354] Built OAI.Analysis.CoulombIonization.Localization.SpinPartialOccupationKineticLintegral (43s)
✔ [9021/9354] Built OAI.Analysis.CoulombIonization.ThomasFermi.PatchGapMeasurable (28s)
✔ [9022/9355] Built OAI.Analysis.CoulombIonization.FormDomain.CoherentHilbert (47s)
✔ [9023/9355] Built OAI.Analysis.CoulombIonization.ThomasFermi.TfRotate (26s)
✔ [9024/9355] Built OAI.Analysis.CoulombIonization.Variational.SpinJoinEquiv (28s)
✔ [9025/9355] Built OAI.Analysis.CoulombIonization.RadialBounds.Radial (30s)
✔ [9026/9355] Built OAI.Analysis.CoulombIonization.RadialBounds.BarrierSmoothMaxBarrier (36s)
✔ [9027/9355] Built OAI.Analysis.CoulombIonization.Fermionic.SlaterSymmetry (41s)
✔ [9028/9355] Built OAI.Analysis.CoulombIonization.ThomasFermi.PatchCoulombControl (39s)
✔ [9029/9355] Built OAI.Analysis.CoulombIonization.Variational.NegativePatchControl (35s)
✔ [9030/9392] Built OAI.Analysis.CoulombIonization.FormDomain.GradientVector (51s)
✔ [9032/9530] Built OAI.Analysis.CoulombIonization.ThomasFermi.TfEulerDensity (34s)
✔ [9033/9530] Built OAI.Analysis.CoulombIonization.Variational.SmoothCompactIntegral (49s)
✔ [9034/9530] Built OAI.Analysis.CoulombIonization.RadialBounds.RadialAxis (32s)
✔ [9035/9530] Built OAI.Analysis.CoulombIonization.Localization.CanonicalRealPacketBarrier (24s)
✔ [9036/9530] Built OAI.Analysis.CoulombIonization.FormDomain.CoherentSchwartz (52s)
✔ [9037/9530] Built OAI.Analysis.CoulombIonization.FormDomain.CoulombCoercivity (75s)
✔ [9038/9530] Built OAI.Analysis.CoulombIonization.ThomasFermi.CompactDirichletBound (23s)
✔ [9039/9530] Built OAI.Analysis.CoulombIonization.RadialBounds.CoulombBallIntegral (18s)
✔ [9040/9530] Built OAI.Analysis.CoulombIonization.RadialBounds.RadialPotentialSqrtDeriv (19s)
✔ [9041/9530] Built OAI.Analysis.CoulombIonization.FormDomain.CompactEigenbasis (24s)
✔ [9042/9530] Built OAI.Analysis.CoulombIonization.Localization.QuantumRawLaw (31s)
✔ [9043/9530] Built OAI.Analysis.CoulombIonization.FormDomain.FullSpectral (35s)
✔ [9044/9530] Built OAI.Analysis.CoulombIonization.Variational.ShortRangePotential (26s)
✔ [9045/9530] Built OAI.Analysis.CoulombIonization.ThomasFermi.TfReactionCoefficient (29s)
✔ [9046/9530] Built OAI.Analysis.CoulombIonization.Variational.CoherentOrbitals (25s)
✔ [9047/9530] Built OAI.Analysis.CoulombIonization.Localization.ObservationSmooth (21s)
✔ [9048/9530] Built OAI.Analysis.CoulombIonization.Localization.ObservationScoreMoments (22s)
✔ [9049/9530] Built OAI.Analysis.CoulombIonization.ThomasFermi.TfIncreasingData (17s)
✔ [9050/9530] Built OAI.Analysis.CoulombIonization.Fermionic.Multiplier (68s)
✔ [9051/9530] Built OAI.Analysis.CoulombIonization.ThomasFermi.CoherentPhaseBasis (20s)
✔ [9052/9530] Built OAI.Analysis.CoulombIonization.Localization.ScoreDirectional (15s)
✔ [9053/9530] Built OAI.Analysis.CoulombIonization.ThomasFermi.TfInfiniteField (21s)
✔ [9054/9530] Built OAI.Analysis.CoulombIonization.FormDomain.SobolevVector (32s)
✔ [9055/9530] Built OAI.Analysis.CoulombIonization.RadialBounds.MomentumBall (32s)
✔ [9056/9530] Built OAI.Analysis.CoulombIonization.Variational.CoherentBessel (32s)
✔ [9057/9530] Built OAI.Analysis.CoulombIonization.Variational.CoherentDensity (32s)
✔ [9058/9530] Built OAI.Analysis.CoulombIonization.Fermionic.MultiplierError (48s)
✔ [9059/9530] Built OAI.Analysis.CoulombIonization.ThomasFermi.TfInfiniteFieldDominatesDilation (37s)
✔ [9060/9530] Built OAI.Analysis.CoulombIonization.Localization.ObservationLikelihood (57s)
✔ [9061/9530] Built OAI.Analysis.CoulombIonization.FormDomain.ShiftedCoulombIntegrable (34s)
✔ [9062/9530] Built OAI.Analysis.CoulombIonization.Variational.SumPairsHalf (36s)
✔ [9063/9530] Built OAI.Analysis.CoulombIonization.Fermionic.Multiplier2 (71s)
✔ [9064/9530] Built OAI.Analysis.CoulombIonization.FormDomain.Forms (41s)
✔ [9065/9530] Built OAI.Analysis.CoulombIonization.Variational.TensorLp (42s)
✔ [9066/9530] Built OAI.Analysis.CoulombIonization.Localization.FormRawLaw (30s)
✔ [9067/9530] Built OAI.Analysis.CoulombIonization.FormDomain.SumForm (40s)
✔ [9068/9530] Built OAI.Analysis.CoulombIonization.RadialBounds.CoulombSelfBound (32s)
✔ [9069/9530] Built OAI.Analysis.CoulombIonization.RadialBounds.FermiMeasure (40s)
✔ [9070/9530] Built OAI.Analysis.CoulombIonization.Variational.CoherentDensityTrace (37s)
✔ [9071/9530] Built OAI.Analysis.CoulombIonization.Variational.PhaseBathtub (44s)
✔ [9072/9530] Built OAI.Analysis.CoulombIonization.Ionization.CoherentDerivatives (50s)
✔ [9073/9530] Built OAI.Analysis.CoulombIonization.ThomasFermi.QuantumSectorNearMinimizer (50s)
✔ [9074/9530] Built OAI.Analysis.CoulombIonization.Localization.ArraySymmetry (39s)
✔ [9075/9530] Built OAI.Analysis.CoulombIonization.Localization.SqrtMultiplier (38s)
✔ [9076/9530] Built OAI.Analysis.CoulombIonization.Ionization.TFPriceData (46s)
✔ [9077/9530] Built OAI.Analysis.CoulombIonization.Variational.BlockPermutations (23s)
✔ [9078/9530] Built OAI.Analysis.CoulombIonization.Variational.SmoothTransitionBound (31s)
✔ [9079/9530] Built OAI.Analysis.CoulombIonization.FieldAnalysis.PauliMomentum (37s)
✔ [9080/9530] Built OAI.Analysis.CoulombIonization.Localization.CoherentKinetic (35s)
✔ [9081/9530] Built OAI.Analysis.CoulombIonization.Localization.ObservationIntegral (32s)
✔ [9082/9530] Built OAI.Analysis.CoulombIonization.Variational.Spatial (38s)
✔ [9083/9530] Built OAI.Analysis.CoulombIonization.FormDomain.LipschitzResidualBase (57s)
✔ [9084/9530] Built OAI.Analysis.CoulombIonization.ThomasFermi.TfBallFunctionalConvex (58s)
✔ [9085/9530] Built OAI.Analysis.CoulombIonization.FieldAnalysis.NeumannFermions (28s)
✔ [9086/9530] Built OAI.Analysis.CoulombIonization.Fermionic.QuantumEventMultiplier (27s)
✔ [9087/9530] Built OAI.Analysis.CoulombIonization.Variational.SpatialErrorWeight (39s)
✔ [9088/9530] Built OAI.Analysis.CoulombIonization.FormDomain.CoreSliceMassIntegrable (39s)
✔ [9089/9530] Built OAI.Analysis.CoulombIonization.Variational.InsertionSwap (40s)
✔ [9090/9530] Built OAI.Analysis.CoulombIonization.FormDomain.ApproximateLipschitz (39s)
✔ [9091/9530] Built OAI.Analysis.CoulombIonization.FieldAnalysis.NeumannCounts (27s)
✔ [9092/9530] Built OAI.Analysis.CoulombIonization.ThomasFermi.TfCenteredPrice (30s)
✔ [9093/9530] Built OAI.Analysis.CoulombIonization.Localization.QuantumMultiplierLaw (32s)
✔ [9094/9530] Built OAI.Analysis.CoulombIonization.Variational.CutCoreNumber (27s)
✔ [9095/9530] Built OAI.Analysis.CoulombIonization.FormDomain.CosetWedge (28s)
✔ [9096/9530] Built OAI.Analysis.CoulombIonization.RadialBounds.RadialInside (30s)
✔ [9097/9530] Built OAI.Analysis.CoulombIonization.FormDomain.Form (31s)
✔ [9098/9530] Built OAI.Analysis.CoulombIonization.Localization.UniformEventGraph (54s)
✔ [9099/9530] Built OAI.Analysis.CoulombIonization.FieldAnalysis.CubeDensity (26s)
✔ [9100/9530] Built OAI.Analysis.CoulombIonization.FormDomain.UniformFormResidual (29s)
✔ [9101/9530] Built OAI.Analysis.CoulombIonization.Ionization.ActualTFCoefficient (27s)
✔ [9102/9530] Built OAI.Analysis.CoulombIonization.RadialBounds.CoreMultiplierLiftBarrier (30s)
✔ [9103/9530] Built OAI.Analysis.CoulombIonization.RadialBounds.TruncationRadius (30s)
✔ [9104/9530] Built OAI.Analysis.CoulombIonization.Ionization.InsertionTermsDisjointSet (28s)
✔ [9105/9530] Built OAI.Analysis.CoulombIonization.Fermionic.QuantumEventTilt (37s)
✔ [9106/9530] Built OAI.Analysis.CoulombIonization.FormDomain.BlockWedge (31s)
✔ [9107/9530] Built OAI.Analysis.CoulombIonization.Fermionic.SlaterMeasure (33s)
✔ [9108/9530] Built OAI.Analysis.CoulombIonization.FormDomain.CoreKinetic (37s)
✔ [9109/9530] Built OAI.Analysis.CoulombIonization.Localization.CoreHistoryCoordinatesBarrier (36s)
✔ [9110/9530] Built OAI.Analysis.CoulombIonization.Variational.SpatialProductFactor (37s)
✔ [9111/9530] Built OAI.Analysis.CoulombIonization.Variational.DiffuseSeed (39s)
✔ [9112/9530] Built OAI.Analysis.CoulombIonization.Variational.BlockEnergy (42s)
✔ [9113/9530] Built OAI.Analysis.CoulombIonization.Variational.SpinSpaceIntegrable (36s)
✔ [9114/9530] Built OAI.Analysis.CoulombIonization.Localization.DyadicObservation (48s)
✔ [9115/9530] Built OAI.Analysis.CoulombIonization.Variational.CutExpectedOut (30s)
✔ [9116/9530] Built OAI.Analysis.CoulombIonization.RadialBounds.CoreHistoryFermionBarrier (27s)
✔ [9117/9530] Built OAI.Analysis.CoulombIonization.FormDomain.BlockEnergetics (29s)
✔ [9118/9530] Built OAI.Analysis.CoulombIonization.FieldAnalysis.Vartheta (89s)
✔ [9119/9530] Built OAI.Analysis.CoulombIonization.Fermionic.SlaterRepulsion (31s)
✔ [9120/9530] Built OAI.Analysis.CoulombIonization.Fermionic.ApproximateEventTilt (81s)
✔ [9121/9530] Built OAI.Analysis.CoulombIonization.Localization.RadialPacketBase (32s)
✔ [9122/9530] Built OAI.Analysis.CoulombIonization.Localization.UnorderedObservations (31s)
✔ [9123/9530] Built OAI.Analysis.CoulombIonization.RadialBounds.TailParticleCount (35s)
✔ [9124/9530] Built OAI.Analysis.CoulombIonization.RadialBounds.FockKineticReindexBarrier (35s)
✔ [9125/9530] Built OAI.Analysis.CoulombIonization.FieldAnalysis.PhysicalGridMeasurable (32s)
✔ [9126/9530] Built OAI.Analysis.CoulombIonization.FieldAnalysis.ScaledSmearPressure (36s)
✔ [9127/9530] Built OAI.Analysis.CoulombIonization.Fermionic.SlaterPole (30s)
✔ [9128/9530] Built OAI.Analysis.CoulombIonization.Localization.BarrierEventSymmetryBarrier (28s)
✔ [9129/9530] Built OAI.Analysis.CoulombIonization.Localization.PacketDensity (31s)
✔ [9130/9530] Built OAI.Analysis.CoulombIonization.Localization.UniformApproximateEvent (33s)
✔ [9131/9530] Built OAI.Analysis.CoulombIonization.Localization.ConditionalSandwich (22s)
✔ [9132/9530] Built OAI.Analysis.CoulombIonization.Variational.OrbitalPole (24s)
✔ [9133/9530] Built OAI.Analysis.CoulombIonization.Localization.TailObservationEventBarrier (25s)
✔ [9134/9530] Built OAI.Analysis.CoulombIonization.Variational.TruncatedCoulomb (25s)
✔ [9135/9530] Built OAI.Analysis.CoulombIonization.FormDomain.FormBody (27s)
✔ [9136/9530] Built OAI.Analysis.CoulombIonization.Localization.OriginalPosteriorKernel (24s)
✔ [9137/9530] Built OAI.Analysis.CoulombIonization.ThomasFermi.UniformFamilyEventBarrier (34s)
✔ [9138/9530] Built OAI.Analysis.CoulombIonization.Variational.SpatialRotation (38s)
✔ [9139/9530] Built OAI.Analysis.CoulombIonization.Variational.ComplexOccupation (22s)
✔ [9140/9530] Built OAI.Analysis.CoulombIonization.Fermionic.SlaterOccupation (23s)
✔ [9141/9530] Built OAI.Analysis.CoulombIonization.Localization.PacketInsert (25s)
✔ [9142/9530] Built OAI.Analysis.CoulombIonization.Variational.BoundedDensityPotential (27s)
✔ [9143/9530] Built OAI.Analysis.CoulombIonization.ThomasFermi.RadialShellPotential (25s)
✔ [9144/9530] Built OAI.Analysis.CoulombIonization.FormDomain.FourierMomentGradient (40s)
✔ [9145/9530] Built OAI.Analysis.CoulombIonization.Localization.PacketDensityRadius (29s)
✔ [9146/9530] Built OAI.Analysis.CoulombIonization.FormDomain.Slater (25s)
✔ [9147/9530] Built OAI.Analysis.CoulombIonization.Variational.OccupationTraces (26s)
✔ [9148/9530] Built OAI.Analysis.CoulombIonization.Fermionic.OccupationPairDensity (26s)
✔ [9149/9530] Built OAI.Analysis.CoulombIonization.RadialBounds.BoundedL1PotentialBarrier (26s)
✔ [9150/9530] Built OAI.Analysis.CoulombIonization.Localization.PacketCloud (26s)
✔ [9151/9530] Built OAI.Analysis.CoulombIonization.RadialBounds.ShellCoulombDuality (20s)
✔ [9152/9530] Built OAI.Analysis.CoulombIonization.Fermionic.HalfScaleNormSq (18s)
✔ [9153/9530] Built OAI.Analysis.CoulombIonization.FormDomain.FiniteFermionEnsemble (16s)
✔ [9154/9530] Built OAI.Analysis.CoulombIonization.Variational.RotationCoreKernelIntegrable (22s)
✔ [9155/9530] Built OAI.Analysis.CoulombIonization.RadialBounds.RotationShellBarrier (20s)
✔ [9156/9530] Built OAI.Analysis.CoulombIonization.FormDomain.WeakDerivativeSmulL2 (15s)
✔ [9157/9530] Built OAI.Analysis.CoulombIonization.Variational.CorrelatedFiniteInsertion (15s)
✔ [9158/9530] Built OAI.Analysis.CoulombIonization.Localization.GridPacketRadius (16s)
✔ [9159/9530] Built OAI.Analysis.CoulombIonization.FieldAnalysis.SphericalMeanFieldBarrier (15s)
✔ [9160/9530] Built OAI.Analysis.CoulombIonization.Fermionic.ParticleDensity (14s)
✔ [9161/9530] Built OAI.Analysis.CoulombIonization.Variational.SpinFinite (13s)
✔ [9162/9530] Built OAI.Analysis.CoulombIonization.RadialBounds.SphericalMeanLimitBarrier (13s)
✔ [9163/9530] Built OAI.Analysis.CoulombIonization.ThomasFermi.PacketFieldConstant (19s)
✔ [9164/9530] Built OAI.Analysis.CoulombIonization.FormDomain.FermionDensityMass (13s)
✔ [9165/9530] Built OAI.Analysis.CoulombIonization.ThomasFermi.CoherentFiniteInsertion (14s)
✔ [9166/9530] Built OAI.Analysis.CoulombIonization.Variational.CompactPotential (15s)
✔ [9167/9530] Built OAI.Analysis.CoulombIonization.Variational.CorePriceExcess (16s)
✔ [9168/9530] Built OAI.Analysis.CoulombIonization.Variational.SmearingPotential (19s)
✔ [9169/9530] Built OAI.Analysis.CoulombIonization.FieldAnalysis.CoreFieldPairing (19s)
✔ [9170/9530] Built OAI.Analysis.CoulombIonization.Variational.SpinEnergy (22s)
✔ [9171/9530] Built OAI.Analysis.CoulombIonization.Variational.PatchContinuity (22s)
✔ [9172/9530] Built OAI.Analysis.CoulombIonization.Variational.CutCoreExcess (23s)
✔ [9173/9530] Built OAI.Analysis.CoulombIonization.FieldAnalysis.ConditionalFieldIdentity (24s)
✔ [9174/9530] Built OAI.Analysis.CoulombIonization.FieldAnalysis.CoreFieldRegularity (25s)
✔ [9175/9530] Built OAI.Analysis.CoulombIonization.Fermionic.Density (40s)
✔ [9176/9530] Built OAI.Analysis.CoulombIonization.Localization.RadialPacket (20s)
✔ [9177/9530] Built OAI.Analysis.CoulombIonization.FormDomain.CoherentLimitInsertion (18s)
✔ [9178/9530] Built OAI.Analysis.CoulombIonization.Fermionic.GlobalDensityConstant (13s)
✔ [9179/9530] Built OAI.Analysis.CoulombIonization.Variational.SmoothNewton (12s)
✔ [9180/9530] Built OAI.Analysis.CoulombIonization.Localization.FermiDensity (12s)
✔ [9181/9530] Built OAI.Analysis.CoulombIonization.Variational.AllSectorEnergy (15s)
✔ [9182/9530] Built OAI.Analysis.CoulombIonization.Localization.PacketScaleControl (21s)
✔ [9183/9530] Built OAI.Analysis.CoulombIonization.Variational.NewtonComparisonTest (22s)
✔ [9184/9530] Built OAI.Analysis.CoulombIonization.Variational.CoulombTestCharge (22s)
✔ [9185/9530] Built OAI.Analysis.CoulombIonization.Variational.SmearRepulsion (22s)
✔ [9186/9530] Built OAI.Analysis.CoulombIonization.Localization.LipschitzMollifier (22s)
✔ [9187/9530] Built OAI.Analysis.CoulombIonization.Localization.CoherentRealKinetic (23s)
✔ [9188/9530] Built OAI.Analysis.CoulombIonization.FieldAnalysis.LocalGreen (29s)
✔ [9189/9530] Built OAI.Analysis.CoulombIonization.Variational.RetainedRepulsion (29s)
✔ [9190/9530] Built OAI.Analysis.CoulombIonization.ThomasFermi.CoulombLipschitzDuality (29s)
✔ [9191/9530] Built OAI.Analysis.CoulombIonization.Variational.InnerPotential (30s)
✔ [9192/9530] Built OAI.Analysis.CoulombIonization.FormDomain.WeakMaximum (30s)
✔ [9193/9530] Built OAI.Analysis.CoulombIonization.FieldAnalysis.BarrierWeakMaxBarrier (31s)
✔ [9194/9530] Built OAI.Analysis.CoulombIonization.Localization.PacketScale (31s)
✔ [9195/9530] Built OAI.Analysis.CoulombIonization.FormDomain.WeakComparison (22s)
✔ [9196/9530] Built OAI.Analysis.CoulombIonization.Ionization.PricedUpperComparison (20s)
✔ [9197/9530] Built OAI.Analysis.CoulombIonization.FieldAnalysis.WeakHarmonicMean (22s)
✔ [9198/9530] Built OAI.Analysis.CoulombIonization.FieldAnalysis.RetainedSmear (24s)
✔ [9199/9530] Built OAI.Analysis.CoulombIonization.RadialBounds.BarrierWeakMaxGeneralBarrier (24s)
✔ [9200/9530] Built OAI.Analysis.CoulombIonization.Variational.LocalWidthKernel (25s)
✔ [9201/9530] Built OAI.Analysis.CoulombIonization.RadialBounds.WeakSemilinearComparison (32s)
✔ [9202/9530] Built OAI.Analysis.CoulombIonization.Ionization.ConditionalPricedUpper (32s)
✔ [9203/9530] Built OAI.Analysis.CoulombIonization.FieldAnalysis.WeakHarmonicL1Barrier (31s)
✔ [9204/9530] Built OAI.Analysis.CoulombIonization.FieldAnalysis.RetainedFieldIdentity (30s)
✔ [9205/9530] Built OAI.Analysis.CoulombIonization.FieldAnalysis.FineSmearingPotential (28s)
✔ [9206/9530] Built OAI.Analysis.CoulombIonization.FieldAnalysis.RetainedMeasurable (32s)
✔ [9207/9530] Built OAI.Analysis.CoulombIonization.FieldAnalysis.RetainedPatchDensity (32s)
✔ [9208/9530] Built OAI.Analysis.CoulombIonization.FieldAnalysis.WeakHarmonicOscillation (37s)
✔ [9209/9530] Built OAI.Analysis.CoulombIonization.RadialBounds.CoreSubmeanBarrier (33s)
✔ [9210/9530] Built OAI.Analysis.CoulombIonization.ThomasFermi.TFNonradialCap (37s)
✔ [9211/9530] Built OAI.Analysis.CoulombIonization.FieldAnalysis.PatchWeakPoisson (35s)
✔ [9212/9530] Built OAI.Analysis.CoulombIonization.FieldAnalysis.BarrierNonlinearBarrier (38s)
✔ [9213/9530] Built OAI.Analysis.CoulombIonization.Localization.MasterPotential (38s)
✔ [9214/9530] Built OAI.Analysis.CoulombIonization.Variational.MasterRecovery (38s)
✔ [9215/9530] Built OAI.Analysis.CoulombIonization.Variational.WidthKernelAmplitude (38s)
✔ [9216/9530] Built OAI.Analysis.CoulombIonization.Ionization.ConditionalPatchMinimizer (45s)
✔ [9217/9530] Built OAI.Analysis.CoulombIonization.FieldAnalysis.RetainedInnerMassBarrier (27s)
✔ [9218/9530] Built OAI.Analysis.CoulombIonization.RadialBounds.BarrierSpatialBarrier (27s)
✔ [9219/9530] Built OAI.Analysis.CoulombIonization.ThomasFermi.FlatFermionAverage (27s)
✔ [9220/9530] Built OAI.Analysis.CoulombIonization.FieldAnalysis.WeakPositiveComparisonBarrier (28s)
✔ [9221/9530] Built OAI.Analysis.CoulombIonization.RadialBounds.BarrierRetainedComparisonBarrier (28s)
✔ [9222/9530] Built OAI.Analysis.CoulombIonization.ThomasFermi.PatchRandomVariables (32s)
✔ [9223/9530] Built OAI.Analysis.CoulombIonization.FieldAnalysis.BarrierNuclearBarrier (20s)
✔ [9224/9530] Built OAI.Analysis.CoulombIonization.RadialBounds.WeakPuncturedMaximumBarrier (19s)
✔ [9225/9530] Built OAI.Analysis.CoulombIonization.Variational.ConfigurationCoordinates (20s)
✔ [9226/9530] Built OAI.Analysis.CoulombIonization.ThomasFermi.FlatFermionGradient (21s)
✔ [9227/9530] Built OAI.Analysis.CoulombIonization.ThomasFermi.ConditionalPatchPDE (18s)
✔ [9228/9530] Built OAI.Analysis.CoulombIonization.FieldAnalysis.PuncturedGreenBarrier (22s)
✔ [9229/9530] Built OAI.Analysis.CoulombIonization.ThomasFermi.NuclearDilationBarrier (23s)
✔ [9230/9530] Built OAI.Analysis.CoulombIonization.FieldAnalysis.RotationTrace (23s)
✔ [9231/9530] Built OAI.Analysis.CoulombIonization.ThomasFermi.ActualPatchCap (21s)
✔ [9232/9530] Built OAI.Analysis.CoulombIonization.FieldAnalysis.BoundedL1PoissonBarrier (25s)
✔ [9233/9530] Built OAI.Analysis.CoulombIonization.ThomasFermi.FlatFermionMollify (24s)
✔ [9234/9530] Built OAI.Analysis.CoulombIonization.ThomasFermi.NearTFReaction (30s)
✔ [9235/9530] Built OAI.Analysis.CoulombIonization.FieldAnalysis.NeumannWeak (29s)
✔ [9236/9530] Built OAI.Analysis.CoulombIonization.FieldAnalysis.WeakFieldLimitBarrier (30s)
✔ [9237/9530] Built OAI.Analysis.CoulombIonization.RadialBounds.LocalArzelaAscoliBarrier (30s)
✔ [9238/9530] Built OAI.Analysis.CoulombIonization.FieldAnalysis.InnerExterior (32s)
✔ [9239/9530] Built OAI.Analysis.CoulombIonization.Localization.PacketComparison (32s)
✔ [9240/9530] Built OAI.Analysis.CoulombIonization.Localization.CoreHistoryAverageBarrier (32s)
✔ [9241/9530] Built OAI.Analysis.CoulombIonization.ThomasFermi.WeakSommerfeldBoundsBarrier (33s)
✔ [9242/9530] Built OAI.Analysis.CoulombIonization.Localization.CoreHistoryMassBarrier (37s)
✔ [9243/9530] Built OAI.Analysis.CoulombIonization.RadialBounds.RetainedNeighborhoodBarrier (37s)
✔ [9244/9530] Built OAI.Analysis.CoulombIonization.RadialBounds.NonlinearLocalLimitBarrier (37s)
✔ [9245/9530] Built OAI.Analysis.CoulombIonization.FieldAnalysis.BarrierInitialPoissonBarrier (39s)
✔ [9246/9530] Built OAI.Analysis.CoulombIonization.RadialBounds.RotationIntegralBarrier (39s)
✔ [9247/9530] Built OAI.Analysis.CoulombIonization.ThomasFermi.WeakSommerfeldAsymptoticBarrier (38s)
✔ [9248/9530] Built OAI.Analysis.CoulombIonization.FieldAnalysis.NeumannPhysical (41s)
✔ [9249/9530] Built OAI.Analysis.CoulombIonization.ThomasFermi.TFNonradialOscillation (44s)
✔ [9250/9530] Built OAI.Analysis.CoulombIonization.ThomasFermi.AnnularApproximationLimitBarrier (19s)
✔ [9251/9530] Built OAI.Analysis.CoulombIonization.FieldAnalysis.PressureWeak (18s)
✔ [9252/9530] Built OAI.Analysis.CoulombIonization.FieldAnalysis.WeakHarmonicRegularityBarrier (17s)
✔ [9253/9530] Built OAI.Analysis.CoulombIonization.FieldAnalysis.WeakPoissonOscillationBarrier (18s)
✔ [9254/9530] Built OAI.Analysis.CoulombIonization.FormDomain.PhysicalGrid (10s)
✔ [9255/9530] Built OAI.Analysis.CoulombIonization.FieldAnalysis.WeakExteriorDecayBarrier (10s)
✔ [9256/9530] Built OAI.Analysis.CoulombIonization.RadialBounds.ScreenedLimitDynamicsBarrier (12s)
✔ [9257/9530] Built OAI.Analysis.CoulombIonization.RadialBounds.WeakSingularProfileBarrier (13s)
✔ [9258/9530] Built OAI.Analysis.CoulombIonization.FieldAnalysis.WeightedAverage (13s)
✔ [9259/9530] Built OAI.Analysis.CoulombIonization.FieldAnalysis.RetainedKineticLower (7.3s)
✔ [9260/9530] Built OAI.Analysis.CoulombIonization.Variational.BlockSwap (8.4s)
✔ [9261/9530] Built OAI.Analysis.CoulombIonization.FieldAnalysis.ConditionalObservables (7.4s)
✔ [9262/9530] Built OAI.Analysis.CoulombIonization.ThomasFermi.OutCutAntisymmetry (7.2s)
✔ [9263/9530] Built OAI.Analysis.CoulombIonization.Localization.ConditionalRetainedGap (8.1s)
✔ [9264/9530] Built OAI.Analysis.CoulombIonization.Variational.OutRetainedLower (8.2s)
✔ [9265/9530] Built OAI.Analysis.CoulombIonization.Variational.FreshPatchBudget (5.6s)
✔ [9266/9530] Built OAI.Analysis.CoulombIonization.RadialBounds.RadialPatchGeometry (6.8s)
✔ [9267/9530] Built OAI.Analysis.CoulombIonization.Fermionic.CutCountDomination (8.3s)
✔ [9268/9530] Built OAI.Analysis.CoulombIonization.ThomasFermi.RadialPatchCap (8.4s)
✔ [9269/9530] Built OAI.Analysis.CoulombIonization.RadialBounds.RadialCountSelection (8.4s)
✔ [9270/9530] Built OAI.Analysis.CoulombIonization.ThomasFermi.TFMeanComparison (8.5s)
✔ [9271/9530] Built OAI.Analysis.CoulombIonization.ThomasFermi.CutMomentBounds (12s)
✔ [9272/9530] Built OAI.Analysis.CoulombIonization.RadialBounds.CoreHistoryCountsBarrier (12s)
✔ [9273/9530] Built OAI.Analysis.CoulombIonization.FieldAnalysis.OuterFieldMaximum (12s)
✔ [9274/9530] Built OAI.Analysis.CoulombIonization.Localization.CutOuterLaw (12s)
✔ [9275/9530] Built OAI.Analysis.CoulombIonization.FieldAnalysis.CoreSubmeanSquareBarrier (23s)
✔ [9276/9530] Built OAI.Analysis.CoulombIonization.RadialBounds.RadialSelectedCounts (23s)
✔ [9277/9530] Built OAI.Analysis.CoulombIonization.FieldAnalysis.DeletedFieldBudget (23s)
✔ [9278/9530] Built OAI.Analysis.CoulombIonization.RadialBounds.PatchFailureMass (23s)
✔ [9279/9530] Built OAI.Analysis.CoulombIonization.Variational.IntegrableCutTower (23s)
✔ [9280/9530] Built OAI.Analysis.CoulombIonization.FieldAnalysis.SmearTestRecovery (23s)
✔ [9281/9530] Built OAI.Analysis.CoulombIonization.FormDomain.FormRawPotential (18s)
✔ [9282/9530] Built OAI.Analysis.CoulombIonization.FieldAnalysis.OutMaximumSubmeanBarrier (20s)
✔ [9283/9530] Built OAI.Analysis.CoulombIonization.Variational.IntegratedLipschitzControl (20s)
✔ [9284/9530] Built OAI.Analysis.CoulombIonization.RadialBounds.RootMomentCauchyBarrier (21s)
✔ [9285/9530] Built OAI.Analysis.CoulombIonization.Variational.SelectedPatchBudget (24s)
✔ [9286/9530] Built OAI.Analysis.CoulombIonization.Fermionic.CorePotentialTower (22s)
✔ [9287/9530] Built OAI.Analysis.CoulombIonization.RadialBounds.CellScaleBarrier (22s)
✔ [9288/9530] Built OAI.Analysis.CoulombIonization.Localization.FreshPosteriorSandwich (22s)
✔ [9289/9530] Built OAI.Analysis.CoulombIonization.RadialBounds.InverseKernelMassBarrier (22s)
✔ [9290/9530] Built OAI.Analysis.CoulombIonization.Variational.IntegratedTruncatedControl (23s)
✔ [9291/9530] Built OAI.Analysis.CoulombIonization.RadialBounds.CellCountSupremumBarrier (23s)
✔ [9292/9530] Built OAI.Analysis.CoulombIonization.ThomasFermi.InverseThresholdLimitBarrier (21s)
✔ [9293/9530] Built OAI.Analysis.CoulombIonization.Localization.InverseObservationScaleBarrier (21s)
✔ [9294/9530] Built OAI.Analysis.CoulombIonization.Variational.PotentialRecovery (21s)
✔ [9295/9530] Built OAI.Analysis.CoulombIonization.Localization.PatchCenterObservable (21s)
✔ [9296/9530] Built OAI.Analysis.CoulombIonization.Ionization.MasterJointPosterior (22s)
✔ [9297/9530] Built OAI.Analysis.CoulombIonization.ThomasFermi.PatchTruncationLoss (16s)
✔ [9298/9530] Built OAI.Analysis.CoulombIonization.ThomasFermi.FullAnnulusNormalization (16s)
✔ [9299/9530] Built OAI.Analysis.CoulombIonization.ThomasFermi.ActualMeanComparison (17s)
✔ [9300/9530] Built OAI.Analysis.CoulombIonization.Variational.DeletedPotential (18s)
✔ [9301/9530] Built OAI.Analysis.CoulombIonization.Variational.ExpectedTruncatedControl (19s)
✔ [9302/9530] Built OAI.Analysis.CoulombIonization.Variational.PatchCenterIntegrable (17s)
✔ [9303/9530] Built OAI.Analysis.CoulombIonization.Localization.PatchLocalObservable (18s)
✔ [9304/9530] Built OAI.Analysis.CoulombIonization.RadialBounds.TranslatedShortRange (17s)
✔ [9305/9530] Built OAI.Analysis.CoulombIonization.FieldAnalysis.FreshFieldTower (18s)
✔ [9306/9530] Built OAI.Analysis.CoulombIonization.Variational.MasterKernelFubini (21s)
✔ [9307/9530] Built OAI.Analysis.CoulombIonization.FieldAnalysis.ExpectedPatchCenter (21s)
✔ [9308/9530] Built OAI.Analysis.CoulombIonization.FieldAnalysis.FineLocalPotential (21s)
✔ [9309/9530] Built OAI.Analysis.CoulombIonization.Localization.OrdinaryDensity (22s)
✔ [9310/9530] Built OAI.Analysis.CoulombIonization.FieldAnalysis.QuantumFieldExcessBarrier (23s)
✔ [9311/9530] Built OAI.Analysis.CoulombIonization.Variational.OriginalKernelEvent (24s)
✔ [9312/9530] Built OAI.Analysis.CoulombIonization.Localization.OriginalPosteriorMomentBarrier (24s)
✔ [9313/9530] Built OAI.Analysis.CoulombIonization.Ionization.MasterPosteriorPotential (25s)
✔ [9314/9530] Built OAI.Analysis.CoulombIonization.RadialBounds.BarrierTruncationBarrier (25s)
✔ [9315/9530] Built OAI.Analysis.CoulombIonization.ThomasFermi.PatchFullPotential (23s)
✔ [9316/9530] Built OAI.Analysis.CoulombIonization.Variational.Inner (23s)
✔ [9317/9530] Built OAI.Analysis.CoulombIonization.Localization.BarrierOrdinaryGlobalBarrier (24s)
✔ [9318/9530] Built OAI.Analysis.CoulombIonization.FieldAnalysis.CoreHistoryFieldBarrier (25s)
✔ [9319/9530] Built OAI.Analysis.CoulombIonization.RadialBounds.Error (22s)
✔ [9320/9530] Built OAI.Analysis.CoulombIonization.Ionization.MasterPotentialEvent (23s)
✔ [9321/9530] Built OAI.Analysis.CoulombIonization.RadialBounds.Average (23s)
✔ [9322/9530] Built OAI.Analysis.CoulombIonization.Variational.ExpectedFullPotential (22s)
✔ [9323/9530] Built OAI.Analysis.CoulombIonization.FieldAnalysis.InnerFieldCap (22s)
✔ [9324/9530] Built OAI.Analysis.CoulombIonization.Ionization.CoreHistoryFieldFubiniBarrier (20s)
✔ [9325/9530] Built OAI.Analysis.CoulombIonization.RadialBounds.BarrierForgettingBarrier (18s)
✔ [9326/9530] Built OAI.Analysis.CoulombIonization.RadialBounds.BarrierMasterRegularityBarrier (19s)
✔ [9327/9530] Built OAI.Analysis.CoulombIonization.Variational.FullPotentialComparison (13s)
✔ [9328/9530] Built OAI.Analysis.CoulombIonization.FieldAnalysis.Conditional (12s)
✔ [9329/9530] Built OAI.Analysis.CoulombIonization.Localization.CoreHistoryOutMaximumBarrier (14s)
✔ [9330/9530] Built OAI.Analysis.CoulombIonization.RadialBounds.RadialCenterRawComparison (13s)
✔ [9331/9530] Built OAI.Analysis.CoulombIonization.FieldAnalysis.BarrierObservationTowerBarrier (14s)
✔ [9332/9530] Built OAI.Analysis.CoulombIonization.RadialBounds.CoupledCoreExcessBarrier (14s)
✔ [9333/9530] Built OAI.Analysis.CoulombIonization.RadialBounds.NormalizedMasterEvent (16s)
✔ [9334/9530] Built OAI.Analysis.CoulombIonization.FieldAnalysis.Conditional2 (16s)
✔ [9335/9530] Built OAI.Analysis.CoulombIonization.FieldAnalysis.FreshKineticBudgetBarrier (17s)
✔ [9336/9530] Built OAI.Analysis.CoulombIonization.RadialBounds.BarrierTowerBarrier (18s)
✔ [9337/9530] Built OAI.Analysis.CoulombIonization.Localization.CoreObservationEnsembleBarrier (17s)
✔ [9338/9530] Built OAI.Analysis.CoulombIonization.FormDomain.ActualMasterCenterComparison (19s)
✔ [9339/9530] Built OAI.Analysis.CoulombIonization.RadialBounds.BarrierOuterWeakBarrier (20s)
✔ [9340/9530] Built OAI.Analysis.CoulombIonization.RadialBounds.BallAverageKernelBarrier (21s)
✔ [9341/9530] Built OAI.Analysis.CoulombIonization.RadialBounds.BarrierLimitPositiveBarrier (22s)
✔ [9342/9530] Built OAI.Analysis.CoulombIonization.RadialBounds.BarrierStepBarrier (31s)
✔ [9343/9530] Built OAI.Analysis.CoulombIonization.Localization.FreshObservedSandwichBarrier (26s)
✔ [9344/9530] Built OAI.Analysis.CoulombIonization.RadialBounds.Cut (27s)
✔ [9345/9530] Built OAI.Analysis.CoulombIonization.RadialBounds.BarrierDilationBarrier (27s)
✔ [9346/9530] Built OAI.Analysis.CoulombIonization.FieldAnalysis.LocalFieldEnvelopeBarrier (28s)
✔ [9347/9530] Built OAI.Analysis.CoulombIonization.Variational.SelectedMasterComparison (39s)
✔ [9348/9530] Built OAI.Analysis.CoulombIonization.Variational.BindingBase (48s)
✔ [9349/9530] Built OAI.Analysis.CoulombIonization.RadialBounds.FreshCutBarrier (26s)
✔ [9350/9530] Built OAI.Analysis.CoulombIonization.RadialBounds.CorrectionPotentialSmallBarrier (29s)
✔ [9351/9530] Built OAI.Analysis.CoulombIonization.Variational.FinitePotentialDecay (29s)
✔ [9352/9530] Built OAI.Analysis.CoulombIonization.RadialBounds.BarrierInitialBoundsBarrier (32s)
✔ [9353/9530] Built OAI.Analysis.CoulombIonization.RadialBounds.LocalHistoryWeightsBarrier (31s)
✔ [9354/9530] Built OAI.Analysis.CoulombIonization.Localization.EventLawSelectedMaster (28s)
✔ [9355/9530] Built OAI.Analysis.CoulombIonization.Ionization.PricedSelectedMaster (32s)
✔ [9356/9530] Built OAI.Analysis.CoulombIonization.Variational.Weighted (34s)
✔ [9357/9530] Built OAI.Analysis.CoulombIonization.Localization.PosteriorFreshTestBarrier (28s)
✔ [9358/9530] Built OAI.Analysis.CoulombIonization.ThomasFermi.ScaledBarrierCorrectionBarrier (26s)
✔ [9359/9530] Built OAI.Analysis.CoulombIonization.RadialBounds.BarrierInitialCapsBarrier (26s)
✔ [9360/9530] Built OAI.Analysis.CoulombIonization.RadialBounds.BarrierInitializationBarrier (26s)
✔ [9361/9530] Built OAI.Analysis.CoulombIonization.Ionization.BarrierInitialDeterministicBarrier (25s)
✔ [9362/9530] Built OAI.Analysis.CoulombIonization.RadialBounds.BarrierInitialLipschitzBarrier (27s)
✔ [9363/9530] Built OAI.Analysis.CoulombIonization.FieldAnalysis.LocalFieldBootstrapBarrier (25s)
✔ [9364/9530] Built OAI.Analysis.CoulombIonization.FormDomain.Restriction (20s)
✔ [9365/9530] Built OAI.Analysis.CoulombIonization.ThomasFermi.UniformPhysicalEvent (22s)
✔ [9366/9530] Built OAI.Analysis.CoulombIonization.RadialBounds.BarrierForgottenInvariantBarrier (19s)
✔ [9367/9530] Built OAI.Analysis.CoulombIonization.Ionization.BarrierActualMeanFieldBarrier (19s)
✔ [9368/9530] Built OAI.Analysis.CoulombIonization.RadialBounds.BarrierStepGeometryBarrier (20s)
✔ [9369/9530] Built OAI.Analysis.CoulombIonization.FieldAnalysis.ThinFieldFeedbackBarrier (21s)
✔ [9370/9530] Built OAI.Analysis.CoulombIonization.Localization.UniformDyadicEvent (19s)
✔ [9371/9530] Built OAI.Analysis.CoulombIonization.RadialBounds.LocalCountGapBarrier (22s)
✔ [9372/9530] Built OAI.Analysis.CoulombIonization.Fermionic.Sum (25s)
✔ [9373/9530] Built OAI.Analysis.CoulombIonization.Variational.ComplexRealWeightPairing (30s)
✔ [9374/9530] Built OAI.Analysis.CoulombIonization.RadialBounds.Geometry (21s)
✔ [9375/9530] Built OAI.Analysis.CoulombIonization.FieldAnalysis.PatchMassSubmeanBarrier (22s)
✔ [9376/9530] Built OAI.Analysis.CoulombIonization.RadialBounds.FreshInnerCountsBarrier (20s)
✔ [9377/9530] Built OAI.Analysis.CoulombIonization.ThomasFermi.UniformVariableTailEventBarrier (23s)
✔ [9378/9530] Built OAI.Analysis.CoulombIonization.Variational.BindingWeightContinuous (18s)
✔ [9379/9530] Built OAI.Analysis.CoulombIonization.RadialBounds.BarrierRetainedFiniteBarrier (18s)
✔ [9380/9530] Built OAI.Analysis.CoulombIonization.RadialBounds.PatchAverageSubmeanBarrier (19s)
✔ [9381/9530] Built OAI.Analysis.CoulombIonization.ThomasFermi.CellDensityBoundBarrier (14s)
✔ [9382/9530] Built OAI.Analysis.CoulombIonization.RadialBounds.BindingBounds (17s)
✔ [9383/9530] Built OAI.Analysis.CoulombIonization.RadialBounds.BarrierStepWeakBarrier (16s)
✔ [9384/9530] Built OAI.Analysis.CoulombIonization.FieldAnalysis.ThinFieldConstantsBarrier (14s)
✔ [9385/9530] Built OAI.Analysis.CoulombIonization.Variational.BindingPairApproxIntegral (25s)
✔ [9386/9530] Built OAI.Analysis.CoulombIonization.RadialBounds.BarrierNuclearScaleBarrier (12s)
✔ [9387/9530] Built OAI.Analysis.CoulombIonization.RadialBounds.BarrierInitialInvariantBarrier (16s)
✔ [9388/9530] Built OAI.Analysis.CoulombIonization.FieldAnalysis.CellFieldNormalizationBarrier (27s)
✔ [9389/9530] Built OAI.Analysis.CoulombIonization.Variational.WeightedMass (24s)
✔ [9390/9530] Built OAI.Analysis.CoulombIonization.FieldAnalysis.Conditional3 (12s)
✔ [9391/9530] Built OAI.Analysis.CoulombIonization.Variational.BindingResidual (15s)
✔ [9392/9530] Built OAI.Analysis.CoulombIonization.Variational.BindingNuclearSum (20s)
✔ [9393/9530] Built OAI.Analysis.CoulombIonization.RadialBounds.BarrierOriginalForgettingBarrier (13s)
✔ [9394/9530] Built OAI.Analysis.CoulombIonization.RadialBounds.CellBudgetNormalizationBarrier (30s)
✔ [9395/9530] Built OAI.Analysis.CoulombIonization.RadialBounds.BarrierQuantitativeStepBarrier (14s)
✔ [9396/9530] Built OAI.Analysis.CoulombIonization.FormDomain.BindingSums (25s)
✔ [9397/9530] Built OAI.Analysis.CoulombIonization.ThomasFermi.CellCountFeedbackBarrier (18s)
✔ [9398/9530] Built OAI.Analysis.CoulombIonization.FieldAnalysis.BarrierTransferPoissonBarrier (11s)
✔ [9399/9530] Built OAI.Analysis.CoulombIonization.RadialBounds.CellCountAbsorptionBarrier (11s)
✔ [9400/9530] Built OAI.Analysis.CoulombIonization.RadialBounds.BarrierTransferBarrier (10s)
✔ [9401/9530] Built OAI.Analysis.CoulombIonization.RadialBounds.BarrierTransferGlobal (11s)
✔ [9402/9530] Built OAI.Analysis.CoulombIonization.FieldAnalysis.SelectedBarrierTransferBarrier (11s)
✔ [9403/9530] Built OAI.Analysis.CoulombIonization.Ionization.ActualPricedParticleBound (33s)
✔ [9404/9530] Built OAI.Analysis.CoulombIonization.RadialBounds.SelectedBarrierLimitBarrier (11s)
✔ [9405/9530] Built OAI.Analysis.CoulombIonization.Ionization.OriginalTFScale (12s)
✔ [9406/9530] Built OAI.Analysis.CoulombIonization.Variational.ActualSectorPlateau (9.7s)
✔ [9407/9530] Built OAI.Analysis.CoulombIonization.ThomasFermi.SelectedScreenedProfileBarrier (10s)
✔ [9408/9530] Built OAI.Analysis.CoulombIonization.RadialBounds.UnshiftedCellCountBarrier (11s)
✔ [9409/9530] Built OAI.Analysis.CoulombIonization.Ionization.ActualUnshiftedBudget (13s)
✔ [9410/9530] Built OAI.Analysis.CoulombIonization.Localization.UnshiftedEnsemble (13s)
✔ [9411/9530] Built OAI.Analysis.CoulombIonization.FieldAnalysis.LocalFieldScalarBoundBarrier (15s)
✔ [9412/9530] Built OAI.Analysis.CoulombIonization.RadialBounds.AnnularCellGeometryBarrier (15s)
✔ [9413/9530] Built OAI.Analysis.CoulombIonization.Ionization.BarrierInitialEventBarrier (23s)
✔ [9414/9530] Built OAI.Analysis.CoulombIonization.FieldAnalysis.UnshiftedField (20s)
✔ [9415/9530] Built OAI.Analysis.CoulombIonization.Ionization.PricedAnnularCountBarrier (20s)
✔ [9416/9530] Built OAI.Analysis.CoulombIonization.RadialBounds.SpatialCapSubmeanBarrier (21s)
✔ [9417/9530] Built OAI.Analysis.CoulombIonization.RadialBounds.SharpFreshPatchBarrier (23s)
✔ [9418/9530] Built OAI.Analysis.CoulombIonization.RadialBounds.ArbitraryCutExcess (23s)
✔ [9419/9530] Built OAI.Analysis.CoulombIonization.RadialBounds.BarrierSpatialNetBarrier (19s)
✔ [9420/9530] Built OAI.Analysis.CoulombIonization.Localization.FiniteCellObservation (12s)
✔ [9421/9530] Built OAI.Analysis.CoulombIonization.RadialBounds.LocalDensityTraceBarrier (28s)
✔ [9422/9530] Built OAI.Analysis.CoulombIonization.RadialBounds.BarrierActualInitializationBarrier (21s)
✔ [9423/9530] Built OAI.Analysis.CoulombIonization.Fermionic.WeightedCoreStatistics (18s)
✔ [9424/9530] Built OAI.Analysis.CoulombIonization.RadialBounds.AnnularCutExcess (18s)
✔ [9425/9530] Built OAI.Analysis.CoulombIonization.Localization.Observation (19s)
✔ [9426/9530] Built OAI.Analysis.CoulombIonization.RadialBounds.BarrierDataSelectionBarrier (15s)
✔ [9427/9530] Built OAI.Analysis.CoulombIonization.RadialBounds.CoulombTailStatistic (12s)
✔ [9428/9530] Built OAI.Analysis.CoulombIonization.RadialBounds.CoulombTailNumerics (16s)
✔ [9429/9530] Built OAI.Analysis.CoulombIonization.FieldAnalysis.InnerCapStatistic (18s)
✔ [9430/9530] Built OAI.Analysis.CoulombIonization.RadialBounds.SelectionNumerics (21s)
✔ [9431/9530] Built OAI.Analysis.CoulombIonization.RadialBounds.LocalFermionDensityBarrier (43s)
✔ [9432/9530] Built OAI.Analysis.CoulombIonization.FormDomain.InnerLinearCap (15s)
✔ [9433/9530] Built OAI.Analysis.CoulombIonization.FieldAnalysis.ObservedFieldScale (16s)
✔ [9434/9530] Built OAI.Analysis.CoulombIonization.RadialBounds.ShellBias (16s)
✔ [9435/9530] Built OAI.Analysis.CoulombIonization.RadialBounds.LocalOrdinaryBarrier (15s)
✔ [9436/9530] Built OAI.Analysis.CoulombIonization.RadialBounds.dShellForm (23s)
✔ [9437/9530] Built OAI.Analysis.CoulombIonization.RadialBounds.ShellCutoffBounds (25s)
✔ [9438/9530] Built OAI.Analysis.CoulombIonization.FieldAnalysis.dShellInnerField (35s)
✔ [9439/9530] Built OAI.Analysis.CoulombIonization.FormDomain.GraphWeightIntegral (38s)
✔ [9440/9530] Built OAI.Analysis.CoulombIonization.RadialBounds.LocalBallTraceBarrier (41s)
✔ [9441/9530] Built OAI.Analysis.CoulombIonization.RadialBounds.ShellBiasEnergy (43s)
✔ [9442/9530] Built OAI.Analysis.CoulombIonization.Variational.ClosedInnerStatistic (14s)
✔ [9443/9530] Built OAI.Analysis.CoulombIonization.RadialBounds.ShellTelescoping (13s)
✔ [9444/9530] Built OAI.Analysis.CoulombIonization.RadialBounds.SharpLocalPotentialBarrier (13s)
✔ [9445/9530] Built OAI.Analysis.CoulombIonization.RadialBounds.SharpBudgetMonotoneBarrier (16s)
✔ [9446/9530] Built OAI.Analysis.CoulombIonization.RadialBounds.CapBudgetHomogeneityBarrier (17s)
✔ [9447/9530] Built OAI.Analysis.CoulombIonization.RadialBounds.MasterExteriorStatistic (18s)
✔ [9448/9530] Built OAI.Analysis.CoulombIonization.RadialBounds.SharpMasterPotentialBarrier (18s)
✔ [9449/9530] Built OAI.Analysis.CoulombIonization.FieldAnalysis.CapProbabilityWeightBarrier (9.9s)
✔ [9450/9530] Built OAI.Analysis.CoulombIonization.Ionization.SharpJointComparisonBarrier (10s)
✔ [9451/9530] Built OAI.Analysis.CoulombIonization.RadialBounds.ExpectedRadialCapBarrier (8.2s)
✔ [9452/9530] Built OAI.Analysis.CoulombIonization.RadialBounds.SharpErrorLimitBarrier (11s)
✔ [9453/9530] Built OAI.Analysis.CoulombIonization.RadialBounds.SharpOrdinaryCapBarrier (11s)
✔ [9454/9530] Built OAI.Analysis.CoulombIonization.Localization.ActualPosteriorCapBarrier (13s)
✔ [9455/9530] Built OAI.Analysis.CoulombIonization.FieldAnalysis.CorrectedFieldCharge (15s)
✔ [9456/9530] Built OAI.Analysis.CoulombIonization.RadialBounds.InverseBudgetScaleBarrier (16s)
✔ [9457/9530] Built OAI.Analysis.CoulombIonization.RadialBounds.OwnProbabilityBudgetScaleBarrier (15s)
✔ [9458/9530] Built OAI.Analysis.CoulombIonization.Ionization.ActualUpperDeficitBarrier (21s)
✔ [9459/9530] Built OAI.Analysis.CoulombIonization.RadialBounds.ActualTailTiltBarrier (21s)
✔ [9460/9530] Built OAI.Analysis.CoulombIonization.RadialBounds.BarrierChargeBound (12s)
✔ [9461/9530] Built OAI.Analysis.CoulombIonization.Localization.ActualTailStateCapBarrier (15s)
✔ [9462/9530] Built OAI.Analysis.CoulombIonization.RadialBounds.TailInitialPointwiseBarrier (16s)
✔ [9463/9530] Built OAI.Analysis.CoulombIonization.RadialBounds.OwnProbabilityTailTiltBarrier (20s)
✔ [9464/9530] Built OAI.Analysis.CoulombIonization.RadialBounds.TailInitialEventuallyBarrier (11s)
✔ [9465/9530] Built OAI.Analysis.CoulombIonization.RadialBounds.RadialMeanCenterBarrier (15s)
✔ [9466/9530] Built OAI.Analysis.CoulombIonization.RadialBounds.TinyProbabilityFloorBarrier (11s)
✔ [9467/9530] Built OAI.Analysis.CoulombIonization.Localization.ObservedAnnularCountBarrier (16s)
✔ [9468/9530] Built OAI.Analysis.CoulombIonization.RadialBounds.ActualLowInverseBarrier (15s)
✔ [9469/9530] Built OAI.Analysis.CoulombIonization.RadialBounds.AnnularFirst (11s)
✔ [9470/9530] Built OAI.Analysis.CoulombIonization.Ionization.PricedCoulombTail (11s)
✔ [9471/9530] Built OAI.Analysis.CoulombIonization.RadialBounds.FreshRetainedMassBarrier (15s)
✔ [9472/9530] Built OAI.Analysis.CoulombIonization.Localization.ObservedInnerCap (9.8s)
✔ [9473/9530] Built OAI.Analysis.CoulombIonization.RadialBounds.InverseThresholdMarginsBarrier (18s)
✔ [9474/9530] Built OAI.Analysis.CoulombIonization.Variational.FullSliceStatistics (14s)
✔ [9475/9530] Built OAI.Analysis.CoulombIonization.FieldAnalysis.ShellMeanStatistic (15s)
✔ [9476/9530] Built OAI.Analysis.CoulombIonization.Ionization.SharpEventLawJointComparisonCell (22s)
✔ [9477/9530] Built OAI.Analysis.CoulombIonization.RadialBounds.InverseNumericalStatementsBarrier (15s)
✔ [9478/9530] Built OAI.Analysis.CoulombIonization.FieldAnalysis.ConditionalShellField (15s)
✔ [9479/9530] Built OAI.Analysis.CoulombIonization.FieldAnalysis.ShellBiasField (16s)
✔ [9480/9530] Built OAI.Analysis.CoulombIonization.RadialBounds.BandInverseNumericsBarrier (14s)
✔ [9481/9530] Built OAI.Analysis.CoulombIonization.RadialBounds.FullAnnulusWidthNumerics (15s)
✔ [9482/9530] Built OAI.Analysis.CoulombIonization.RadialBounds.ShellAbsorptionNumerics (19s)
✔ [9483/9530] Built OAI.Analysis.CoulombIonization.Localization.ActualPointInverseBarrier (10s)
✔ [9484/9530] Built OAI.Analysis.CoulombIonization.RadialBounds.CapInformationBarrier (23s)
✔ [9485/9530] Built OAI.Analysis.CoulombIonization.FieldAnalysis.OwnProbabilityFieldCapBarrier (24s)
✔ [9486/9530] Built OAI.Analysis.CoulombIonization.Localization.PosteriorSubmeanBarrier (24s)
✔ [9487/9530] Built OAI.Analysis.CoulombIonization.RadialBounds.ActualBandInverseBarrier (24s)
✔ [9488/9530] Built OAI.Analysis.CoulombIonization.RadialBounds.FiniteBarrier (24s)
✔ [9489/9530] Built OAI.Analysis.CoulombIonization.RadialBounds.ShellResidualControl (29s)
✔ [9490/9530] Built OAI.Analysis.CoulombIonization.FieldAnalysis.WeightedCapLimitBarrier (19s)
✔ [9491/9530] Built OAI.Analysis.CoulombIonization.RadialBounds.SelectionDiagonal (19s)
✔ [9492/9530] Built OAI.Analysis.CoulombIonization.Ionization.SpatialCapActualBarrier (20s)
✔ [9493/9530] Built OAI.Analysis.CoulombIonization.FieldAnalysis.OriginalFieldOscillationBarrier (22s)
✔ [9494/9530] Built OAI.Analysis.CoulombIonization.ThomasFermi.SmallEventFieldIntegralBarrier (22s)
✔ [9495/9530] Built OAI.Analysis.CoulombIonization.Variational.OwnStateResidual (26s)
✔ [9496/9530] Built OAI.Analysis.CoulombIonization.RadialBounds.PolynomialProbabilityBudgetBarrier (12s)
✔ [9497/9530] Built OAI.Analysis.CoulombIonization.RadialBounds.OriginalAnnularOscillationBarrier (13s)
✔ [9498/9530] Built OAI.Analysis.CoulombIonization.RadialBounds.ExteriorScreenNumerics (16s)
✔ [9499/9530] Built OAI.Analysis.CoulombIonization.RadialBounds.FullAnnulusGeometry (14s)
✔ [9500/9530] Built OAI.Analysis.CoulombIonization.RadialBounds.OwnProbabilityRareCapBarrier (15s)
✔ [9501/9530] Built OAI.Analysis.CoulombIonization.ThomasFermi.NetFieldVariationBarrier (16s)
✔ [9502/9530] Built OAI.Analysis.CoulombIonization.RadialBounds.ExpandedAnnulusGeometry (21s)
✔ [9503/9530] Built OAI.Analysis.CoulombIonization.Localization.InverseNetEventsBarrier (20s)
✔ [9504/9530] Built OAI.Analysis.CoulombIonization.RadialBounds.ActualSimultaneousCapBarrier (21s)
✔ [9505/9530] Built OAI.Analysis.CoulombIonization.RadialBounds.PointInverseEventsCell (22s)
✔ [9506/9530] Built OAI.Analysis.CoulombIonization.ThomasFermi.InverseNetPropagationBarrier (19s)
✔ [9507/9530] Built OAI.Analysis.CoulombIonization.RadialBounds.ExpandedAnnulusCapNumerics (19s)
✔ [9508/9530] Built OAI.Analysis.CoulombIonization.Variational.ContinuousUniversalEvent (18s)
✔ [9509/9530] Built OAI.Analysis.CoulombIonization.RadialBounds.AnnularEventNumericsBarrier (20s)
✔ [9510/9530] Built OAI.Analysis.CoulombIonization.RadialBounds.ExpandedAnnulusInverse (19s)
✔ [9511/9530] Built OAI.Analysis.CoulombIonization.FieldAnalysis.ExpandedAnnulusSmallEventIntegral (21s)
✔ [9512/9530] Built OAI.Analysis.CoulombIonization.RadialBounds.UniformNetErrorsBarrier (21s)
✔ [9513/9530] Built OAI.Analysis.CoulombIonization.Localization.UniformObservationNoiseBarrier (10s)
✔ [9514/9530] Built OAI.Analysis.CoulombIonization.RadialBounds.ExpandedAnnulusCapExcess (10s)
✔ [9515/9530] Built OAI.Analysis.CoulombIonization.Localization.ObservedPosteriorDensityBarrier (7.5s)
✔ [9516/9530] Built OAI.Analysis.CoulombIonization.Localization.PosteriorAnnularQueryBarrier (6.2s)
✔ [9517/9530] Built OAI.Analysis.CoulombIonization.Localization.MasterExpandedAnnularQuery (6.4s)
✔ [9518/9530] Built OAI.Analysis.CoulombIonization.Localization.ObservedExpandedAnnular (6.0s)
✔ [9519/9530] Built OAI.Analysis.CoulombIonization.Variational.ScaledOriginalCap (13s)
✔ [9520/9530] Built OAI.Analysis.CoulombIonization.Variational.ScaledSpatialInverse (15s)
✔ [9521/9530] Built OAI.Analysis.CoulombIonization.RadialBounds.FullAnnulusBandCover (7.3s)
✔ [9522/9530] Built OAI.Analysis.CoulombIonization.RadialBounds.FullAnnulusGoodEvent (7.8s)
✔ [9523/9530] Built OAI.Analysis.CoulombIonization.RadialBounds.SelectionBudget (9.1s)
✔ [9524/9530] Built OAI.Analysis.CoulombIonization.RadialBounds.OutwardBarrier (9.6s)
✔ [9525/9530] Built OAI.Analysis.CoulombIonization.ThomasFermi.dInverseLocalTF (8.4s)
✔ [9526/9530] Built OAI.Analysis.CoulombIonization.ThomasFermi.AnnularTFAndCap (8.6s)
✔ [9527/9530] Built OAI.Analysis.CoulombIonization.RadialBounds.SelectedData (9.3s)
✔ [9528/9530] Built OAI.Analysis.CoulombIonization.Ionization.SelectedProfileSubsequence (6.7s)
✔ [9529/9530] Built OAI.Analysis.CoulombIonization.Ionization.PricedSubsequence (6.0s)
✔ [9530/9530] Built OAI.Analysis.CoulombIonization.Main (5.9s)
Build completed successfully (9530 jobs).
== build rc=0 seconds=2773
{"theorems": ["OAI.CoulombAtom.generalized_ionization"], "defs": ["OAI.CoulombAtom.Space", "OAI.CoulombAtom.Configuration", "OAI.CoulombAtom.Spins", "OAI.CoulombAtom.FormVector", "OAI.CoulombAtom.direction", "OAI.CoulombAtom.FormAdmissible", "OAI.CoulombAtom.formEnergy", "OAI.CoulombAtom.energy", "OAI.CoulombAtom.ionization", "OAI.CoulombAtom.tfKinetic", "OAI.CoulombAtom.directIntegrand", "OAI.CoulombAtom.TFAdmissible", "OAI.CoulombAtom.tfFunctional", "OAI.CoulombAtom.tfEnergy", "OAI.CoulombAtom.tfIonization", "OAI.CoulombAtom.TFCharacterization", "OAI.CoulombAtom.JointLimit", "OAI.CoulombAtom.IteratedLimits", "OAI.CoulombAtom.MainStatement"], "json_theorems": ["OAI.CoulombAtom.generalized_ionization"], "missing_from_parse": []}
TYPES/DEFS DIFFER CoulombIonization
1,5d0
< /Users/shannon/cc/math/math/lean/Scratch/Challenge_CoulombIonization.lean:92:8:
< warning:
< declaration
< uses
< `sorry`
AXIOMS: 'OAI.CoulombAtom.generalized_ionization' depends on axioms: [propext, Classical.choice, Quot.sound] 
== end=2026-10-09T07:26:35Z
