== CoulombRadii  module=OAI.Analysis.CoulombRadii.Main  start=2026-10-09T07:27:10Z
warning: PrimeNumberTheoremAnd: repository '/Users/shannon/cc/math/math/lean/.lake/packages/PrimeNumberTheoremAnd' has local changes
warning: belyi: repository '/Users/shannon/cc/math/math/lean/.lake/packages/belyi' has local changes
warning: formal-schemes: repository '/Users/shannon/cc/math/math/lean/.lake/packages/formal-schemes' has local changes
warning: elliptic-curves: repository '/Users/shannon/cc/math/math/lean/.lake/packages/elliptic-curves' has local changes
warning: tempered-fundamental-groups: repository '/Users/shannon/cc/math/math/lean/.lake/packages/tempered-fundamental-groups' has local changes
warning: oka: repository '/Users/shannon/cc/math/math/lean/.lake/packages/oka' has local changes
warning: orbicurve-cores: repository '/Users/shannon/cc/math/math/lean/.lake/packages/orbicurve-cores' has local changes
warning: pi1: repository '/Users/shannon/cc/math/math/lean/.lake/packages/pi1' has local changes
warning: heights: repository '/Users/shannon/cc/math/math/lean/.lake/packages/heights' has local changes
warning: genl: repository '/Users/shannon/cc/math/math/lean/.lake/packages/genl' has local changes
warning: tate-curves-theta: repository '/Users/shannon/cc/math/math/lean/.lake/packages/tate-curves-theta' has local changes
warning: iut: repository '/Users/shannon/cc/math/math/lean/.lake/packages/iut' has local changes
warning: gromov: repository '/Users/shannon/cc/math/math/lean/.lake/packages/gromov' has local changes
warning: SphereEversion: repository '/Users/shannon/cc/math/math/lean/.lake/packages/SphereEversion' has local changes
warning: schoenflies-lean: repository '/Users/shannon/cc/math/math/lean/.lake/packages/schoenflies-lean' has local changes
warning: ClassFieldTheory: repository '/Users/shannon/cc/math/math/lean/.lake/packages/ClassFieldTheory' has local changes
warning: AINTLIB: repository '/Users/shannon/cc/math/math/lean/.lake/packages/AINTLIB' has local changes
warning: AbsorptionCutoff: repository '/Users/shannon/cc/math/math/lean/.lake/packages/AbsorptionCutoff' has local changes
warning: StrongPNT: repository '/Users/shannon/cc/math/math/lean/.lake/packages/StrongPNT' has local changes
warning: carleson: repository '/Users/shannon/cc/math/math/lean/.lake/packages/carleson' has local changes
warning: rellich-kondrachov: repository '/Users/shannon/cc/math/math/lean/.lake/packages/rellich-kondrachov' has local changes
warning: Zeta3Irrational: repository '/Users/shannon/cc/math/math/lean/.lake/packages/Zeta3Irrational' has local changes
warning: fixed-point-theorems: repository '/Users/shannon/cc/math/math/lean/.lake/packages/fixed-point-theorems' has local changes
✔ [9042/9073] Built OAI.Analysis.CoulombRadii.FormDomain.WindowSquare (49s)
✔ [9047/9076] Built OAI.Analysis.CoulombRadii.Localization.HarmonicScale (49s)
✔ [9048/9078] Built OAI.Analysis.CoulombRadii.FieldAnalysis.UniformBall (50s)
✔ [9050/9078] Built OAI.Analysis.CoulombRadii.Variational.ConfigurationDensity (50s)
✔ [9052/9078] Built OAI.Analysis.CoulombRadii.Packets.LipschitzMollifier (50s)
✔ [9053/9078] Built OAI.Analysis.CoulombRadii.Packets.KernelScale (50s)
✔ [9054/9078] Built OAI.Analysis.CoulombRadii.Localization.SmoothMultiplier (51s)
✔ [9055/9078] Built OAI.Analysis.CoulombRadii.Localization.CutCombinatorics (52s)
✔ [9056/9078] Built OAI.Analysis.CoulombRadii.FieldAnalysis.PhysicalPoisson (34s)
✔ [9057/9082] Built OAI.Analysis.CoulombRadii.FieldAnalysis.FieldSubmean (33s)
✔ [9058/9090] Built OAI.Analysis.CoulombRadii.FieldAnalysis.RestrictedField (35s)
✔ [9059/9090] Built OAI.Analysis.CoulombRadii.LimitTheory.UniformGroundStateCountControl (34s)
✔ [9060/9090] Built OAI.Analysis.CoulombRadii.FormDomain.ExplicitMultiplyGradient (34s)
✔ [9061/9090] Built OAI.Analysis.CoulombRadii.Localization.RadialCut (36s)
✔ [9062/9090] Built OAI.Analysis.CoulombRadii.RadialBounds.InteriorBarrier (38s)
✔ [9063/9090] Built OAI.Analysis.CoulombRadii.Localization.HarmonicInterior (43s)
✔ [9064/9090] Built OAI.Analysis.CoulombRadii.FormDomain.BallTrial (40s)
✔ [9065/9090] Built OAI.Analysis.CoulombRadii.Screening.ScreeningNormalization (38s)
✔ [9066/9090] Built OAI.Analysis.CoulombRadii.Packets.PacketWidthScalar (36s)
✔ [9067/9096] Built OAI.Analysis.CoulombRadii.FieldAnalysis.FarSubmean (39s)
✔ [9068/9096] Built OAI.Analysis.CoulombRadii.Screening.CountMoments (35s)
✔ [9069/9098] Built OAI.Analysis.CoulombRadii.Screening.ScaledTest (35s)
✔ [9070/9098] Built OAI.Analysis.CoulombRadii.Packets.ScaledWindow (43s)
✔ [9071/9098] Built OAI.Analysis.CoulombRadii.FormDomain.FieldOptimization (43s)
✔ [9072/9113] Built OAI.Analysis.CoulombRadii.Localization.CutCore (36s)
✔ [9073/9113] Built OAI.Analysis.CoulombRadii.FieldAnalysis.BinaryOrder (33s)
✔ [9074/9115] Built OAI.Analysis.CoulombRadii.FieldAnalysis.PositiveField (33s)
✔ [9075/9117] Built OAI.Analysis.CoulombRadii.FieldAnalysis.NewtonSubmean (37s)
✔ [9076/9118] Built OAI.Analysis.CoulombRadii.ThomasFermi.TFCountTest (35s)
✔ [9077/9123] Built OAI.Analysis.CoulombRadii.ThomasFermi.TFInterior (40s)
✔ [9078/9123] Built OAI.Analysis.CoulombRadii.RandomFields.ConditionalDensity (40s)
✔ [9079/9124] Built OAI.Analysis.CoulombRadii.FieldAnalysis.PoissonInterior (42s)
✔ [9080/9124] Built OAI.Analysis.CoulombRadii.Packets.AtomicMesh (36s)
✔ [9081/9124] Built OAI.Analysis.CoulombRadii.Screening.ScreenUnits (36s)
✔ [9082/9124] Built OAI.Analysis.CoulombRadii.Screening.NegativeCost (30s)
✔ [9083/9138] Built OAI.Analysis.CoulombRadii.Screening.FineCountTest (32s)
✔ [9084/9138] Built OAI.Analysis.CoulombRadii.RandomFields.ConditionalPositiveField (35s)
✔ [9085/9138] Built OAI.Analysis.CoulombRadii.FormDomain.SortedCut (36s)
✔ [9086/9138] Built OAI.Analysis.CoulombRadii.ThomasFermi.TFNegativeGap (33s)
✔ [9087/9141] Built OAI.Analysis.CoulombRadii.Packets.KernelCenterMass (35s)
✔ [9088/9159] Built OAI.Analysis.CoulombRadii.RandomFields.LocalizedEnsemble (42s)
✔ [9089/9159] Built OAI.Analysis.CoulombRadii.FieldAnalysis.ScaledOscillation (42s)
✔ [9090/9159] Built OAI.Analysis.CoulombRadii.Screening.CountUnits (42s)
✔ [9091/9160] Built OAI.Analysis.CoulombRadii.FieldAnalysis.LipschitzTestEnergy (42s)
✔ [9092/9160] Built OAI.Analysis.CoulombRadii.RandomFields.CutJensen (42s)
✔ [9093/9161] Built OAI.Analysis.CoulombRadii.Packets.MasterNewton (43s)
✔ [9094/9161] Built OAI.Analysis.CoulombRadii.Localization.ThinCut (43s)
✔ [9095/9166] Built OAI.Analysis.CoulombRadii.Variational.PhysicalBridge (48s)
✔ [9096/9177] Built OAI.Analysis.CoulombRadii.Localization.CutRefinement (42s)
✔ [9097/9177] Built OAI.Analysis.CoulombRadii.Localization.ThinIMS (41s)
✔ [9098/9177] Built OAI.Analysis.CoulombRadii.Packets.NearLpCoulomb (41s)
✔ [9099/9177] Built OAI.Analysis.CoulombRadii.FieldAnalysis.FlatBodyDensity (37s)
✔ [9100/9177] Built OAI.Analysis.CoulombRadii.FieldAnalysis.RawObservable (43s)
✔ [9101/9177] Built OAI.Analysis.CoulombRadii.Packets.MasterKernel (43s)
✔ [9102/9177] Built OAI.Analysis.CoulombRadii.Variational.SignAverage (44s)
✔ [9103/9177] Built OAI.Analysis.CoulombRadii.Localization.ShellChoice (47s)
✔ [9104/9195] Built OAI.Analysis.CoulombRadii.Packets.MasterKernelDuality (37s)
✔ [9105/9195] Built OAI.Analysis.CoulombRadii.Screening.PhysicalLTBridge (38s)
✔ [9106/9195] Built OAI.Analysis.CoulombRadii.FieldAnalysis.BallCloudDuality (38s)
✔ [9107/9214] Built OAI.Analysis.CoulombRadii.FieldAnalysis.SortedObservable (38s)
✔ [9108/9214] Built OAI.Analysis.CoulombRadii.Variational.PhysicalDensityWeighted (38s)
✔ [9109/9215] Built OAI.Analysis.CoulombRadii.ThomasFermi.TFPotentialParameter (39s)
✔ [9110/9215] Built OAI.Analysis.CoulombRadii.RandomFields.JointSlice (40s)
✔ [9111/9215] Built OAI.Analysis.CoulombRadii.RandomFields.ObservationProductDensity (57s)
✔ [9112/9221] Built OAI.Analysis.CoulombRadii.FieldAnalysis.FreshMeanBounds (47s)
✔ [9113/9221] Built OAI.Analysis.CoulombRadii.Variational.WeightedNegative (47s)
✔ [9114/9221] Built OAI.Analysis.CoulombRadii.FormDomain.RecordReindex (47s)
✔ [9115/9221] Built OAI.Analysis.CoulombRadii.FieldAnalysis.AmplitudeOscillation (48s)
✔ [9116/9222] Built OAI.Analysis.CoulombRadii.Screening.OutCap (49s)
✔ [9117/9222] Built OAI.Analysis.CoulombRadii.Packets.PacketBandGeometry (51s)
✔ [9118/9222] Built OAI.Analysis.CoulombRadii.ThomasFermi.LpParameter (31s)
✔ [9119/9222] Built OAI.Analysis.CoulombRadii.RadialBounds.SpatialAnnulus (57s)
✔ [9120/9242] Built OAI.Analysis.CoulombRadii.Screening.AtomicCapRaw (31s)
✔ [9121/9242] Built OAI.Analysis.CoulombRadii.Propagation.TfReaction (35s)
✔ [9122/9242] Built OAI.Analysis.CoulombRadii.Screening.CoveredOutCost (29s)
✔ [9123/9244] Built OAI.Analysis.CoulombRadii.ThomasFermi.PatchGeometry (26s)
✔ [9124/9244] Built OAI.Analysis.CoulombRadii.RandomFields.EnsembleCauchy (33s)
✔ [9125/9244] Built OAI.Analysis.CoulombRadii.RadialBounds.Radial (38s)
✔ [9126/9250] Built OAI.Analysis.CoulombRadii.RandomFields.ObservationWidthSquareSum (42s)
✔ [9127/9251] Built OAI.Analysis.CoulombRadii.RandomFields.RecordJensen (63s)
✔ [9128/9251] Built OAI.Analysis.CoulombRadii.RadialBounds.NearActive (42s)
✔ [9129/9251] Built OAI.Analysis.CoulombRadii.RandomFields.EventTiltWavefunction (37s)
✔ [9130/9254] Built OAI.Analysis.CoulombRadii.Propagation.SmoothMaximum (45s)
✔ [9131/9254] Built OAI.Analysis.CoulombRadii.Screening.AnnularSubmeanCap (45s)
✔ [9132/9263] Built OAI.Analysis.CoulombRadii.RandomFields.RecordedCount (47s)
✔ [9133/9263] Built OAI.Analysis.CoulombRadii.Screening.PatchComparison (51s)
✔ [9134/9263] Built OAI.Analysis.CoulombRadii.Variational.PuncturedPosition (49s)
✔ [9135/9264] Built OAI.Analysis.CoulombRadii.Screening.LogTailMoment (31s)
✔ [9136/9264] Built OAI.Analysis.CoulombRadii.FieldAnalysis.CoreReindex (25s)
✔ [9137/9264] Built OAI.Analysis.CoulombRadii.RandomFields.ObservationSmallScale (26s)
✔ [9138/9264] Built OAI.Analysis.CoulombRadii.Packets.InverseGeometry (28s)
✔ [9139/9269] Built OAI.Analysis.CoulombRadii.RandomFields.PosteriorShellError (26s)
✔ [9140/9271] Built OAI.Analysis.CoulombRadii.Propagation.MaximumMollifier (30s)
✔ [9141/9271] Built OAI.Analysis.CoulombRadii.FormDomain.PatchErrors (28s)
✔ [9142/9286] Built OAI.Analysis.CoulombRadii.ThomasFermi.PhysicalCount (30s)
✔ [9143/9286] Built OAI.Analysis.CoulombRadii.Variational.RetainedAnalyticSequence (31s)
✔ [9144/9287] Built OAI.Analysis.CoulombRadii.FieldAnalysis.AtomicStability (33s)
✔ [9145/9292] Built OAI.Analysis.CoulombRadii.FormDomain.AppendJensen (30s)
✔ [9146/9292] Built OAI.Analysis.CoulombRadii.Propagation.WeakReactionMax (29s)
✔ [9147/9292] Built OAI.Analysis.CoulombRadii.Packets.NormalizedBandModulus (35s)
✔ [9148/9298] Built OAI.Analysis.CoulombRadii.RandomFields.PosteriorRegularBounds (28s)
✔ [9149/9298] Built OAI.Analysis.CoulombRadii.ThomasFermi.CountTestFlux (30s)
✔ [9150/9300] Built OAI.Analysis.CoulombRadii.SpectralTheory.BindingBump (38s)
✔ [9151/9300] Built OAI.Analysis.CoulombRadii.FieldAnalysis.Field (28s)
✔ [9152/9300] Built OAI.Analysis.CoulombRadii.Localization.Partial (30s)
✔ [9153/9300] Built OAI.Analysis.CoulombRadii.FieldAnalysis.PotentialAddRsmul (32s)
✔ [9154/9301] Built OAI.Analysis.CoulombRadii.Propagation.WeakLocality (29s)
✔ [9155/9303] Built OAI.Analysis.CoulombRadii.Packets.SimultaneousInverseScale (35s)
✔ [9156/9308] Built OAI.Analysis.CoulombRadii.FormDomain.WeakSchwartzDerivative (39s)
✔ [9157/9308] Built OAI.Analysis.CoulombRadii.Localization.RegularizedBounds (37s)
✔ [9158/9308] Built OAI.Analysis.CoulombRadii.Variational.ConfigurationSplit (36s)
✔ [9159/9308] Built OAI.Analysis.CoulombRadii.Packets.PacketBridge (34s)
✔ [9160/9313] Built OAI.Analysis.CoulombRadii.ThomasFermi.Rescaling (30s)
✔ [9161/9313] Built OAI.Analysis.CoulombRadii.Localization.RadialAppend (29s)
✔ [9162/9315] Built OAI.Analysis.CoulombRadii.Propagation.PropagationAverage (26s)
✔ [9163/9323] Built OAI.Analysis.CoulombRadii.FieldAnalysis.FiniteSubsequence (24s)
✔ [9164/9331] Built OAI.Analysis.CoulombRadii.FormDomain.WeakHilbertCompact (27s)
✔ [9165/9334] Built OAI.Analysis.CoulombRadii.FormDomain.WeakFourierDerivative (31s)
✔ [9166/9334] Built OAI.Analysis.CoulombRadii.Variational.WedgeInsert (29s)
✔ [9167/9334] Built OAI.Analysis.CoulombRadii.Localization.ShellIMS (27s)
✔ [9168/9334] Built OAI.Analysis.CoulombRadii.RandomFields.RecordedEnsemble (27s)
✔ [9169/9334] Built OAI.Analysis.CoulombRadii.Localization.AnnularCut (27s)
✔ [9170/9334] Built OAI.Analysis.CoulombRadii.FieldAnalysis.BodyCoefficient (42s)
✔ [9171/9334] Built OAI.Analysis.CoulombRadii.FieldAnalysis.ColoredObservable (28s)
✔ [9172/9334] Built OAI.Analysis.CoulombRadii.Packets.TailMoment (31s)
✔ [9173/9334] Built OAI.Analysis.CoulombRadii.FormDomain.L1L2Fourier (36s)
✔ [9174/9337] Built OAI.Analysis.CoulombRadii.FormDomain.H1VectorL2 (35s)
✔ [9176/9351] Built OAI.Analysis.CoulombRadii.ThomasFermi.BinaryEnsemble (30s)
✔ [9177/9351] Built OAI.Analysis.CoulombRadii.FieldAnalysis.RawRMS (33s)
✔ [9178/9351] Built OAI.Analysis.CoulombRadii.FieldAnalysis.FreshPotentialTower (31s)
✔ [9179/9351] Built OAI.Analysis.CoulombRadii.FormDomain.ParticleGradientNorm (40s)
✔ [9180/9351] Built OAI.Analysis.CoulombRadii.RandomFields.RawCap (30s)
✔ [9181/9351] Built OAI.Analysis.CoulombRadii.Propagation.EnsembleMoments (29s)
✔ [9182/9351] Built OAI.Analysis.CoulombRadii.FormDomain.L2TightCompact (36s)
✔ [9183/9351] Built OAI.Analysis.CoulombRadii.RandomFields.ExactRecordedCount (30s)
✔ [9184/9351] Built OAI.Analysis.CoulombRadii.FormDomain.H1Pairing (35s)
✔ [9185/9351] Built OAI.Analysis.CoulombRadii.Screening.CoreCount (32s)
✔ [9186/9351] Built OAI.Analysis.CoulombRadii.Screening.DeficitMoment (32s)
✔ [9187/9351] Built OAI.Analysis.CoulombRadii.RandomFields.EnsembleCoveredCost (26s)
✔ [9188/9351] Built OAI.Analysis.CoulombRadii.SpectralTheory.SectorBottomBridge (28s)
✔ [9189/9351] Built OAI.Analysis.CoulombRadii.RandomFields.ConditionalRMS (32s)
✔ [9190/9351] Built OAI.Analysis.CoulombRadii.FormDomain.RegularizedKinetic (18s)
✔ [9191/9351] Built OAI.Analysis.CoulombRadii.FormDomain.L2MultiplierContinuity (22s)
✔ [9192/9351] Built OAI.Analysis.CoulombRadii.Localization.AtomicHistory (19s)
✔ [9193/9351] Built OAI.Analysis.CoulombRadii.RandomFields.ExteriorIMS (19s)
✔ [9194/9351] Built OAI.Analysis.CoulombRadii.SpectralTheory.AmbientEigen (21s)
✔ [9195/9351] Built OAI.Analysis.CoulombRadii.FormDomain.H1EnergyLimit (15s)
✔ [9196/9351] Built OAI.Analysis.CoulombRadii.Packets.ScreenBox (14s)
✔ [9197/9351] Built OAI.Analysis.CoulombRadii.Screening.AtomicBudgetHistory (14s)
✔ [9198/9351] Built OAI.Analysis.CoulombRadii.SpectralTheory.BindingCut (14s)
✔ [9199/9351] Built OAI.Analysis.CoulombRadii.Screening.AtomicPatchCap (20s)
✔ [9200/9351] Built OAI.Analysis.CoulombRadii.FieldAnalysis.WeightedInner (20s)
✔ [9201/9351] Built OAI.Analysis.CoulombRadii.SpectralTheory.StrictBinding (21s)
✔ [9202/9351] Built OAI.Analysis.CoulombRadii.Screening.ScreenNumeric (21s)
✔ [9203/9351] Built OAI.Analysis.CoulombRadii.ThomasFermi.TFOscillation (22s)
✔ [9204/9351] Built OAI.Analysis.CoulombRadii.LimitTheory.AtomicOutKinetic (15s)
✔ [9205/9351] Built OAI.Analysis.CoulombRadii.ThomasFermi.PatchResponse (14s)
✔ [9206/9351] Built OAI.Analysis.CoulombRadii.ThomasFermi.PatchNegativeCost (15s)
✔ [9207/9351] Built OAI.Analysis.CoulombRadii.Screening.ScreenRecurrence (18s)
✔ [9208/9351] Built OAI.Analysis.CoulombRadii.RandomFields.FiniteInverseEvent (16s)
✔ [9209/9351] Built OAI.Analysis.CoulombRadii.Packets.PatchKernelDuality (17s)
✔ [9210/9351] Built OAI.Analysis.CoulombRadii.FieldAnalysis.CoulombTransfer (18s)
✔ [9211/9351] Built OAI.Analysis.CoulombRadii.FieldAnalysis.GeometricRecursion (16s)
✔ [9212/9351] Built OAI.Analysis.CoulombRadii.ThomasFermi.TFResponseMargins (21s)
✔ [9213/9351] Built OAI.Analysis.CoulombRadii.Packets.PatchPacketResponse (19s)
✔ [9214/9351] Built OAI.Analysis.CoulombRadii.Propagation.NearActiveMaximum (19s)
✔ [9215/9351] Built OAI.Analysis.CoulombRadii.RandomFields.ConditionalMatching (22s)
✔ [9216/9351] Built OAI.Analysis.CoulombRadii.Packets.MeshInverseDeterministic (19s)
✔ [9217/9351] Built OAI.Analysis.CoulombRadii.Screening.AtomicBudgetScreening (23s)
✔ [9218/9351] Built OAI.Analysis.CoulombRadii.Packets.OriginalPotentialTower (14s)
✔ [9219/9351] Built OAI.Analysis.CoulombRadii.RandomFields.ObservedUnordered (14s)
✔ [9220/9351] Built OAI.Analysis.CoulombRadii.Propagation.PropagationBarrierBounds (15s)
✔ [9221/9351] Built OAI.Analysis.CoulombRadii.RandomFields.ThinEnsemble (13s)
✔ [9222/9351] Built OAI.Analysis.CoulombRadii.Variational.WeakAdd (19s)
✔ [9223/9351] Built OAI.Analysis.CoulombRadii.Packets.RawMasterNewton (20s)
✔ [9224/9351] Built OAI.Analysis.CoulombRadii.RandomFields.PosteriorCount (20s)
✔ [9225/9351] Built OAI.Analysis.CoulombRadii.Propagation.PropagationBarrierOffset (20s)
✔ [9226/9351] Built OAI.Analysis.CoulombRadii.ThomasFermi.AtomicThinCounts (21s)
✔ [9227/9351] Built OAI.Analysis.CoulombRadii.Propagation.RadialMaxSplice (10s)
✔ [9228/9351] Built OAI.Analysis.CoulombRadii.RandomFields.AtomicThinScreening (9.6s)
✔ [9229/9351] Built OAI.Analysis.CoulombRadii.Propagation.PropagationMaximum (8.8s)
✔ [9230/9351] Built OAI.Analysis.CoulombRadii.FormDomain.PhysicalEnsemble (9.0s)
✔ [9231/9351] Built OAI.Analysis.CoulombRadii.Propagation.PropagationRegularity (11s)
✔ [9232/9351] Built OAI.Analysis.CoulombRadii.FieldAnalysis.FermionicNear (14s)
✔ [9233/9351] Built OAI.Analysis.CoulombRadii.RandomFields.PhysicalEnsembleGap (15s)
✔ [9234/9351] Built OAI.Analysis.CoulombRadii.Screening.SharpThinScreening (17s)
✔ [9235/9351] Built OAI.Analysis.CoulombRadii.Propagation.PropagationStepWeak (16s)
✔ [9236/9351] Built OAI.Analysis.CoulombRadii.Propagation.InitializationBranch (17s)
✔ [9237/9351] Built OAI.Analysis.CoulombRadii.Packets.FineNear (15s)
✔ [9238/9351] Built OAI.Analysis.CoulombRadii.Screening.CountScalar (18s)
✔ [9239/9351] Built OAI.Analysis.CoulombRadii.ThomasFermi.AtomicRefinedGap (19s)
✔ [9240/9351] Built OAI.Analysis.CoulombRadii.FieldAnalysis.PatchRawTransfer (11s)
✔ [9241/9351] Built OAI.Analysis.CoulombRadii.Screening.UniformCountConsequences (10s)
✔ [9242/9351] Built OAI.Analysis.CoulombRadii.FieldAnalysis.CorePointMeasurable (15s)
✔ [9243/9351] Built OAI.Analysis.CoulombRadii.Propagation.UniformScreening (27s)
✔ [9244/9351] Built OAI.Analysis.CoulombRadii.Packets.AnnularIMS (27s)
✔ [9245/9351] Built OAI.Analysis.CoulombRadii.Screening.ShellSummable (29s)
✔ [9246/9351] Built OAI.Analysis.CoulombRadii.Localization.AnnularHistory (30s)
✔ [9247/9351] Built OAI.Analysis.CoulombRadii.FieldAnalysis.AtomicGapScale (33s)
✔ [9248/9351] Built OAI.Analysis.CoulombRadii.FieldAnalysis.PatchNegativeMean (32s)
✔ [9249/9351] Built OAI.Analysis.CoulombRadii.FieldAnalysis.AtomicWeighted (33s)
✔ [9250/9351] Built OAI.Analysis.CoulombRadii.RandomFields.EnsembleTransfer (33s)
✔ [9251/9351] Built OAI.Analysis.CoulombRadii.FormDomain.ObservationAtomic (22s)
✔ [9252/9351] Built OAI.Analysis.CoulombRadii.Localization.ExteriorCut (21s)
✔ [9253/9351] Built OAI.Analysis.CoulombRadii.FieldAnalysis.TailClosure (23s)
✔ [9254/9351] Built OAI.Analysis.CoulombRadii.Packets.AtomicSmallPatch (19s)
✔ [9255/9351] Built OAI.Analysis.CoulombRadii.Packets.InverseErrorScale (24s)
✔ [9256/9351] Built OAI.Analysis.CoulombRadii.FieldAnalysis.FreshFieldTransfer (17s)
✔ [9257/9351] Built OAI.Analysis.CoulombRadii.FieldAnalysis.AtomicWeightGeometry (18s)
✔ [9258/9351] Built OAI.Analysis.CoulombRadii.RandomFields.ObservationMatching (19s)
✔ [9259/9351] Built OAI.Analysis.CoulombRadii.FieldAnalysis.NewtonInterior (20s)
✔ [9260/9351] Built OAI.Analysis.CoulombRadii.FormDomain.AtomicPhysicalKinetic (25s)
✔ [9261/9351] Built OAI.Analysis.CoulombRadii.Localization.AtomicRetainedGap (25s)
✔ [9262/9351] Built OAI.Analysis.CoulombRadii.ThomasFermi.PatchFieldMeans (21s)
✔ [9263/9351] Built OAI.Analysis.CoulombRadii.Screening.AtomicNumber (20s)
✔ [9264/9351] Built OAI.Analysis.CoulombRadii.RandomFields.RecordedStatistic (19s)
✔ [9265/9351] Built OAI.Analysis.CoulombRadii.RandomFields.PhysicalLikelihoodBridge (19s)
✔ [9266/9351] Built OAI.Analysis.CoulombRadii.Screening.UpperDeficit (18s)
✔ [9267/9351] Built OAI.Analysis.CoulombRadii.FieldAnalysis.AtomicNear (16s)
✔ [9268/9351] Built OAI.Analysis.CoulombRadii.SpectralTheory.GlobalSectorMinimum (18s)
✔ [9269/9351] Built OAI.Analysis.CoulombRadii.Packets.PhysicalInteriorTransfer (33s)
✔ [9270/9351] Built OAI.Analysis.CoulombRadii.RandomFields.ObservationHigh (34s)
✔ [9271/9351] Built OAI.Analysis.CoulombRadii.RandomFields.PhysicalRetainedLikelihood (32s)
✔ [9272/9351] Built OAI.Analysis.CoulombRadii.FormDomain.RawAnnularMoment (34s)
✔ [9273/9351] Built OAI.Analysis.CoulombRadii.Packets.RadialRMS (34s)
✔ [9274/9351] Built OAI.Analysis.CoulombRadii.RandomFields.ObservationPatchScale (32s)
✔ [9275/9351] Built OAI.Analysis.CoulombRadii.RandomFields.ObservationAnnulusTail (42s)
✔ [9276/9351] Built OAI.Analysis.CoulombRadii.RadialBounds.AtomicMasterError (37s)
✔ [9277/9351] Built OAI.Analysis.CoulombRadii.FormDomain.RetainedPotentialMean (26s)
✔ [9278/9351] Built OAI.Analysis.CoulombRadii.RandomFields.PosteriorDataMeasurable (27s)
✔ [9279/9351] Built OAI.Analysis.CoulombRadii.RandomFields.ObservationDyadicWidth (27s)
✔ [9280/9351] Built OAI.Analysis.CoulombRadii.RandomFields.ObservationNegativeMean (31s)
✔ [9281/9351] Built OAI.Analysis.CoulombRadii.Packets.AnnularAddback (26s)
✔ [9282/9351] Built OAI.Analysis.CoulombRadii.FieldAnalysis.FreshTransferScale (33s)
✔ [9283/9351] Built OAI.Analysis.CoulombRadii.RadialBounds.PhysicalShellError (25s)
✔ [9284/9351] Built OAI.Analysis.CoulombRadii.Packets.RetainedInverseOffset (20s)
✔ [9285/9351] Built OAI.Analysis.CoulombRadii.Packets.MasterTruncatedCap (20s)
✔ [9286/9351] Built OAI.Analysis.CoulombRadii.Propagation.ObservationGoodGap (21s)
✔ [9287/9351] Built OAI.Analysis.CoulombRadii.RandomFields.InnerFieldRMS (22s)
✔ [9288/9351] Built OAI.Analysis.CoulombRadii.RandomFields.ObservationFieldTransfer (21s)
✔ [9289/9351] Built OAI.Analysis.CoulombRadii.Screening.AtomicMasterFresh (27s)
✔ [9290/9351] Built OAI.Analysis.CoulombRadii.Screening.AtomicMasterRelative (31s)
✔ [9291/9351] Built OAI.Analysis.CoulombRadii.Screening.ScaledFieldCap (22s)
✔ [9292/9351] Built OAI.Analysis.CoulombRadii.Screening.InnerCap (19s)
✔ [9293/9351] Built OAI.Analysis.CoulombRadii.RandomFields.ObservationMeanBounds (21s)
✔ [9294/9351] Built OAI.Analysis.CoulombRadii.FieldAnalysis.DyadicInnerRMS (25s)
✔ [9295/9351] Built OAI.Analysis.CoulombRadii.Variational.AtomicMasterUniform (17s)
✔ [9296/9351] Built OAI.Analysis.CoulombRadii.Screening.PhysicalCapMoment (15s)
✔ [9297/9351] Built OAI.Analysis.CoulombRadii.Packets.InnerMeshCap (15s)
✔ [9298/9351] Built OAI.Analysis.CoulombRadii.Variational.RetainedMasterTransfer (10s)
✔ [9299/9351] Built OAI.Analysis.CoulombRadii.Localization.DeletionEnvelope (10s)
✔ [9300/9351] Built OAI.Analysis.CoulombRadii.Packets.PhysicalRetainedMean (16s)
✔ [9301/9351] Built OAI.Analysis.CoulombRadii.RandomFields.WeightedDeletion (13s)
✔ [9302/9351] Built OAI.Analysis.CoulombRadii.FieldAnalysis.WeightedExterior (18s)
✔ [9303/9351] Built OAI.Analysis.CoulombRadii.RandomFields.InverseEventContradiction (12s)
✔ [9304/9351] Built OAI.Analysis.CoulombRadii.Localization.TotalDeletion (9.9s)
✔ [9305/9351] Built OAI.Analysis.CoulombRadii.RandomFields.PhysicalPosteriorInverse (10s)
✔ [9306/9351] Built OAI.Analysis.CoulombRadii.RandomFields.BinaryDeletion (12s)
✔ [9307/9351] Built OAI.Analysis.CoulombRadii.RandomFields.PosteriorFieldPDE (19s)
✔ [9308/9351] Built OAI.Analysis.CoulombRadii.Propagation.PropagationDatumRegularity (20s)
✔ [9309/9351] Built OAI.Analysis.CoulombRadii.Packets.NormalizedInversePoint (23s)
✔ [9310/9351] Built OAI.Analysis.CoulombRadii.RandomFields.PosteriorSpatialCap (23s)
✔ [9311/9351] Built OAI.Analysis.CoulombRadii.RandomFields.CoreGap (22s)
✔ [9312/9351] Built OAI.Analysis.CoulombRadii.RandomFields.CoreBudget (23s)
✔ [9313/9351] Built OAI.Analysis.CoulombRadii.Propagation.PropagationAverageAE (21s)
✔ [9314/9351] Built OAI.Analysis.CoulombRadii.Propagation.InitialInvariant (22s)
✔ [9315/9351] Built OAI.Analysis.CoulombRadii.Propagation.PropagationMassTest (22s)
✔ [9316/9351] Built OAI.Analysis.CoulombRadii.Packets.BandOscillation (24s)
✔ [9317/9351] Built OAI.Analysis.CoulombRadii.Screening.PhysicalSpatialCap (27s)
✔ [9318/9351] Built OAI.Analysis.CoulombRadii.RandomFields.PhysicalDeficitTail (22s)
✔ [9319/9351] Built OAI.Analysis.CoulombRadii.RandomFields.PosteriorDensityContinuity (17s)
✔ [9320/9351] Built OAI.Analysis.CoulombRadii.RandomFields.PhysicalBandRegularity (17s)
✔ [9321/9351] Built OAI.Analysis.CoulombRadii.RandomFields.PosteriorBandOscillation (19s)
✔ [9322/9351] Built OAI.Analysis.CoulombRadii.RandomFields.PhysicalDeficitMoment (14s)
✔ [9323/9351] Built OAI.Analysis.CoulombRadii.RandomFields.PhysicalBandEvent (23s)
✔ [9324/9351] Built OAI.Analysis.CoulombRadii.Propagation.PropagationPosteriorStep (12s)
✔ [9325/9351] Built OAI.Analysis.CoulombRadii.Screening.CoreMoment (15s)
✔ [9326/9351] Built OAI.Analysis.CoulombRadii.RandomFields.CompactRandomField (13s)
✔ [9327/9351] Built OAI.Analysis.CoulombRadii.Packets.PhysicalSimultaneousInverse (19s)
✔ [9328/9351] Built OAI.Analysis.CoulombRadii.Packets.PhysicalInverseCap (20s)
✔ [9329/9351] Built OAI.Analysis.CoulombRadii.SpectralTheory.CorePredecessor (15s)
✔ [9330/9351] Built OAI.Analysis.CoulombRadii.Propagation.RetainedGoodEvent (17s)
✔ [9331/9351] Built OAI.Analysis.CoulombRadii.Propagation.InitialDatum (18s)
✔ [9332/9351] Built OAI.Analysis.CoulombRadii.Propagation.PropagationConstants (19s)
✔ [9333/9351] Built OAI.Analysis.CoulombRadii.ThomasFermi.InverseDensityError (18s)
✔ [9334/9351] Built OAI.Analysis.CoulombRadii.RandomFields.QuantumRetainedFamily (11s)
✔ [9335/9351] Built OAI.Analysis.CoulombRadii.Propagation.PropagationPosteriorMass (10s)
✔ [9336/9351] Built OAI.Analysis.CoulombRadii.Propagation.PosteriorPropagationData (8.5s)
✔ [9337/9351] Built OAI.Analysis.CoulombRadii.Propagation.PropagationExpectedDeficit (7.9s)
✔ [9338/9351] Built OAI.Analysis.CoulombRadii.FieldAnalysis.AtomicGlobalScale (13s)
✔ [9339/9351] Built OAI.Analysis.CoulombRadii.Packets.PhysicalRetainedDatum (13s)
✔ [9340/9351] Built OAI.Analysis.CoulombRadii.Propagation.PhysicalFinitePropagation (13s)
✔ [9341/9351] Built OAI.Analysis.CoulombRadii.Propagation.PhysicalInitialPoint (10s)
✔ [9342/9351] Built OAI.Analysis.CoulombRadii.Propagation.InitialMesh (7.9s)
✔ [9343/9351] Built OAI.Analysis.CoulombRadii.RadialBounds.PhysicalBarrierData (8.0s)
✔ [9344/9351] Built OAI.Analysis.CoulombRadii.Variational.PhysicalCoreMean (8.1s)
✔ [9345/9351] Built OAI.Analysis.CoulombRadii.Variational.PhysicalOffsetMean (6.4s)
✔ [9346/9351] Built OAI.Analysis.CoulombRadii.LimitTheory.NeutralBaseline (5.6s)
✔ [9347/9351] Built OAI.Analysis.CoulombRadii.LimitTheory.NeutralCountControl (5.9s)
✔ [9348/9351] Built OAI.Analysis.CoulombRadii.ThomasFermi.QuantumProfileDatum (6.0s)
✔ [9349/9351] Built OAI.Analysis.CoulombRadii.LimitTheory.TailFinish (5.8s)
✔ [9350/9351] Built OAI.Analysis.CoulombRadii.LimitTheory.AdmissibleStage (5.5s)
✔ [9351/9351] Built OAI.Analysis.CoulombRadii.Main (5.3s)
Build completed successfully (9351 jobs).
== build rc=0 seconds=1387
{"theorems": ["OAI.NeutralAtom.generalized_outer_radii"], "defs": ["OAI.NeutralAtom.Position", "OAI.NeutralAtom.Configuration", "OAI.NeutralAtom.Spins", "OAI.NeutralAtom.Wavefunction", "OAI.NeutralAtom.Gradient", "OAI.NeutralAtom.coordinateDirection", "OAI.NeutralAtom.HasWeakGradient", "OAI.NeutralAtom.IsAntisymmetric", "OAI.NeutralAtom.FormDomain", "OAI.NeutralAtom.normSquared", "OAI.NeutralAtom.coulombPotential", "OAI.NeutralAtom.energy", "OAI.NeutralAtom.IsNormalizedGroundState", "OAI.NeutralAtom.density", "OAI.NeutralAtom.exteriorMass", "OAI.NeutralAtom.radius", "OAI.NeutralAtom.bTF", "OAI.NeutralAtom.largeCharge", "OAI.NeutralAtom.upperRadius", "OAI.NeutralAtom.lowerRadius"], "json_theorems": ["OAI.NeutralAtom.generalized_outer_radii"], "missing_from_parse": []}
TYPES/DEFS DIFFER CoulombRadii
1,5d0
< /Users/shannon/cc/math/math/lean/Scratch/Challenge_CoulombRadii.lean:77:8:
< warning:
< declaration
< uses
< `sorry`
AXIOMS: 'OAI.NeutralAtom.generalized_outer_radii' depends on axioms: [propext, Classical.choice, Quot.sound] 
== end=2026-10-09T07:50:46Z
