== CourtadeKumar  module=OAI.InformationTheory.BooleanNoise.Main  start=2026-10-09T10:01:30Z
warning: PrimeNumberTheoremAnd: repository '/Users/shannon/cc/math/math/lean/.lake/packages/PrimeNumberTheoremAnd' has local changes
warning: belyi: repository '/Users/shannon/cc/math/math/lean/.lake/packages/belyi' has local changes
warning: formal-schemes: repository '/Users/shannon/cc/math/math/lean/.lake/packages/formal-schemes' has local changes
warning: elliptic-curves: repository '/Users/shannon/cc/math/math/lean/.lake/packages/elliptic-curves' has local changes
warning: tempered-fundamental-groups: repository '/Users/shannon/cc/math/math/lean/.lake/packages/tempered-fundamental-groups' has local changes
warning: oka: repository '/Users/shannon/cc/math/math/lean/.lake/packages/oka' has local changes
warning: orbicurve-cores: repository '/Users/shannon/cc/math/math/lean/.lake/packages/orbicurve-cores' has local changes
warning: pi1: repository '/Users/shannon/cc/math/math/lean/.lake/packages/pi1' has local changes
warning: heights: repository '/Users/shannon/cc/math/math/lean/.lake/packages/heights' has local changes
warning: genl: repository '/Users/shannon/cc/math/math/lean/.lake/packages/genl' has local changes
warning: tate-curves-theta: repository '/Users/shannon/cc/math/math/lean/.lake/packages/tate-curves-theta' has local changes
warning: iut: repository '/Users/shannon/cc/math/math/lean/.lake/packages/iut' has local changes
warning: gromov: repository '/Users/shannon/cc/math/math/lean/.lake/packages/gromov' has local changes
warning: SphereEversion: repository '/Users/shannon/cc/math/math/lean/.lake/packages/SphereEversion' has local changes
warning: schoenflies-lean: repository '/Users/shannon/cc/math/math/lean/.lake/packages/schoenflies-lean' has local changes
warning: ClassFieldTheory: repository '/Users/shannon/cc/math/math/lean/.lake/packages/ClassFieldTheory' has local changes
warning: AINTLIB: repository '/Users/shannon/cc/math/math/lean/.lake/packages/AINTLIB' has local changes
warning: AbsorptionCutoff: repository '/Users/shannon/cc/math/math/lean/.lake/packages/AbsorptionCutoff' has local changes
warning: StrongPNT: repository '/Users/shannon/cc/math/math/lean/.lake/packages/StrongPNT' has local changes
warning: carleson: repository '/Users/shannon/cc/math/math/lean/.lake/packages/carleson' has local changes
warning: rellich-kondrachov: repository '/Users/shannon/cc/math/math/lean/.lake/packages/rellich-kondrachov' has local changes
warning: Zeta3Irrational: repository '/Users/shannon/cc/math/math/lean/.lake/packages/Zeta3Irrational' has local changes
warning: fixed-point-theorems: repository '/Users/shannon/cc/math/math/lean/.lake/packages/fixed-point-theorems' has local changes
✔ [8926/8966] Built OAI.InformationTheory.BooleanNoise.ConcavityAcrossJoin (3.5s)
✔ [8927/8966] Built OAI.InformationTheory.BooleanNoise.PerspectiveLogTrapezoid (3.9s)
✔ [8928/8966] Built OAI.InformationTheory.BooleanNoise.Model (7.1s)
✔ [8929/8966] Built OAI.InformationTheory.BooleanNoise.PerspectiveCalculus (4.2s)
✔ [8930/8966] Built OAI.InformationTheory.BooleanNoise.Basic (6.2s)
✔ [8931/8966] Built OAI.InformationTheory.BooleanNoise.Statement (16s)
✔ [8932/8966] Built OAI.InformationTheory.BooleanNoise.LambdaScalars (16s)
✔ [8933/8966] Built OAI.InformationTheory.BooleanNoise.PerspectiveJensen (16s)
✔ [8934/8966] Built OAI.InformationTheory.BooleanNoise.FiniteNoise (17s)
✔ [8935/8966] Built OAI.InformationTheory.BooleanNoise.EntropyScalars (17s)
✔ [8936/8966] Built OAI.InformationTheory.BooleanNoise.CurvatureCertificates (35s)
✔ [8937/8966] Built OAI.InformationTheory.BooleanNoise.FiniteInformation (25s)
✔ [8938/8966] Built OAI.InformationTheory.BooleanNoise.FiniteDistribution (25s)
✔ [8939/8966] Built OAI.InformationTheory.BooleanNoise.CubeSplits (25s)
✔ [8940/8966] Built OAI.InformationTheory.BooleanNoise.InverseScalars (25s)
✔ [8941/8966] Built OAI.InformationTheory.BooleanNoise.EndpointLimits (26s)
✔ [8942/8966] Built OAI.InformationTheory.BooleanNoise.EntropySeries (25s)
✔ [8943/8966] Built OAI.InformationTheory.BooleanNoise.Rearrangement (26s)
✔ [8944/8966] Built OAI.InformationTheory.BooleanNoise.ComparisonEstimates (22s)
✔ [8945/8966] Built OAI.InformationTheory.BooleanNoise.InformationIdentity (19s)
✔ [8946/8966] Built OAI.InformationTheory.BooleanNoise.ArtanhBounds (19s)
✔ [8947/8966] Built OAI.InformationTheory.BooleanNoise.EntropyBounds (19s)
✔ [8948/8966] Built OAI.InformationTheory.BooleanNoise.SmallCurvatureAux (20s)
✔ [8949/8966] Built OAI.InformationTheory.BooleanNoise.SemigroupFlow (21s)
✔ [8950/8966] Built OAI.InformationTheory.BooleanNoise.LargeCurvature (27s)
✔ [8951/8966] Built OAI.InformationTheory.BooleanNoise.Attainment (13s)
✔ [8952/8966] Built OAI.InformationTheory.BooleanNoise.InverseRegularity (14s)
✔ [8953/8966] Built OAI.InformationTheory.BooleanNoise.MediumCurvature (15s)
✔ [8954/8966] Built OAI.InformationTheory.BooleanNoise.CurvatureBounds (8.6s)
✔ [8955/8966] Built OAI.InformationTheory.BooleanNoise.LRegularity (8.4s)
✔ [8956/8966] Built OAI.InformationTheory.BooleanNoise.KRegularity (8.6s)
✔ [8957/8966] Built OAI.InformationTheory.BooleanNoise.LShape (8.4s)
✔ [8958/8966] Built OAI.InformationTheory.BooleanNoise.PairEntropy (8.6s)
✔ [8959/8966] Built OAI.InformationTheory.BooleanNoise.NormalizedPair (12s)
✔ [8960/8966] Built OAI.InformationTheory.BooleanNoise.JensenGaps (13s)
✔ [8961/8966] Built OAI.InformationTheory.BooleanNoise.PerspectiveInequality (14s)
✔ [8962/8966] Built OAI.InformationTheory.BooleanNoise.CubeVariance (10s)
✔ [8963/8966] Built OAI.InformationTheory.BooleanNoise.MonotoneDissipation (12s)
✔ [8964/8966] Built OAI.InformationTheory.BooleanNoise.GeneralDissipation (7.9s)
✔ [8965/8966] Built OAI.InformationTheory.BooleanNoise.Comparison (8.7s)
✔ [8966/8966] Built OAI.InformationTheory.BooleanNoise.Main (5.9s)
Build completed successfully (8966 jobs).
== build rc=0 seconds=172
{"theorems": ["OAI.LeanBlast.CourtadeKumar.courtadeKumarAndAttainment"], "defs": ["OAI.LeanBlast.GotsmanLinial.Cube", "OAI.LeanBlast.CourtadeKumar.Cube", "OAI.LeanBlast.CourtadeKumar.cubeAverage", "OAI.LeanBlast.CourtadeKumar.ell", "OAI.LeanBlast.CourtadeKumar.bitFlipKernel", "OAI.LeanBlast.CourtadeKumar.jointProbability", "OAI.LeanBlast.CourtadeKumar.functionMarginal", "OAI.LeanBlast.CourtadeKumar.observationMarginal", "OAI.LeanBlast.CourtadeKumar.xlogx", "OAI.LeanBlast.CourtadeKumar.binaryEntropy", "OAI.LeanBlast.CourtadeKumar.mutualInformation", "OAI.LeanBlast.CourtadeKumar.dictator", "OAI.LeanBlast.CourtadeKumar.complementDictator", "OAI.LeanBlast.CourtadeKumar.CourtadeKumarStatement", "OAI.LeanBlast.CourtadeKumar.DictatorAttainmentStatement", "OAI.LeanBlast.CourtadeKumar.FullStatement"], "json_theorems": ["OAI.LeanBlast.CourtadeKumar.courtadeKumarAndAttainment"], "missing_from_parse": []}
TYPES/DEFS DIFFER CourtadeKumar
1,5d0
< /Users/shannon/cc/math/math/lean/Scratch/Challenge_CourtadeKumar.lean:69:8:
< warning:
< declaration
< uses
< `sorry`
AXIOMS: 'OAI.LeanBlast.CourtadeKumar.courtadeKumarAndAttainment' depends on axioms: [propext, Classical.choice, Quot.sound] 
== end=2026-10-09T10:04:44Z
