== CoveringDensity  module=OAI.Geometry.CoveringDensity.Main  start=2026-10-09T15:04:04Z
warning: PrimeNumberTheoremAnd: repository '/Users/shannon/cc/math/math/lean/.lake/packages/PrimeNumberTheoremAnd' has local changes
warning: belyi: repository '/Users/shannon/cc/math/math/lean/.lake/packages/belyi' has local changes
warning: formal-schemes: repository '/Users/shannon/cc/math/math/lean/.lake/packages/formal-schemes' has local changes
warning: elliptic-curves: repository '/Users/shannon/cc/math/math/lean/.lake/packages/elliptic-curves' has local changes
warning: tempered-fundamental-groups: repository '/Users/shannon/cc/math/math/lean/.lake/packages/tempered-fundamental-groups' has local changes
warning: oka: repository '/Users/shannon/cc/math/math/lean/.lake/packages/oka' has local changes
warning: orbicurve-cores: repository '/Users/shannon/cc/math/math/lean/.lake/packages/orbicurve-cores' has local changes
warning: pi1: repository '/Users/shannon/cc/math/math/lean/.lake/packages/pi1' has local changes
warning: heights: repository '/Users/shannon/cc/math/math/lean/.lake/packages/heights' has local changes
warning: genl: repository '/Users/shannon/cc/math/math/lean/.lake/packages/genl' has local changes
warning: tate-curves-theta: repository '/Users/shannon/cc/math/math/lean/.lake/packages/tate-curves-theta' has local changes
warning: iut: repository '/Users/shannon/cc/math/math/lean/.lake/packages/iut' has local changes
warning: gromov: repository '/Users/shannon/cc/math/math/lean/.lake/packages/gromov' has local changes
warning: SphereEversion: repository '/Users/shannon/cc/math/math/lean/.lake/packages/SphereEversion' has local changes
warning: schoenflies-lean: repository '/Users/shannon/cc/math/math/lean/.lake/packages/schoenflies-lean' has local changes
warning: ClassFieldTheory: repository '/Users/shannon/cc/math/math/lean/.lake/packages/ClassFieldTheory' has local changes
warning: AINTLIB: repository '/Users/shannon/cc/math/math/lean/.lake/packages/AINTLIB' has local changes
warning: AbsorptionCutoff: repository '/Users/shannon/cc/math/math/lean/.lake/packages/AbsorptionCutoff' has local changes
warning: StrongPNT: repository '/Users/shannon/cc/math/math/lean/.lake/packages/StrongPNT' has local changes
warning: carleson: repository '/Users/shannon/cc/math/math/lean/.lake/packages/carleson' has local changes
warning: rellich-kondrachov: repository '/Users/shannon/cc/math/math/lean/.lake/packages/rellich-kondrachov' has local changes
warning: Zeta3Irrational: repository '/Users/shannon/cc/math/math/lean/.lake/packages/Zeta3Irrational' has local changes
warning: fixed-point-theorems: repository '/Users/shannon/cc/math/math/lean/.lake/packages/fixed-point-theorems' has local changes
✔ [8924/9066] Built OAI.Geometry.LatticeCovering.Model (6.8s)
✔ [8925/9066] Built OAI.Geometry.CoveringDensity.Model (7.2s)
✔ [8926/9066] Built OAI.Geometry.TranslativeCovering.LatticeAveraging (7.9s)
✔ [8927/9066] Built OAI.Geometry.LatticeCovering.Folded (9.1s)
✔ [8928/9066] Built OAI.Geometry.TranslativeCovering.LocalizationWindow (8.7s)
✔ [8929/9066] Built OAI.Geometry.LatticeCovering.Concentration (9.7s)
✔ [8930/9066] Built OAI.Geometry.TranslativeCovering.LocalizationRounding (8.7s)
✔ [8931/9066] Built OAI.Geometry.LatticeCovering.Rounding (13s)
✔ [8932/9066] Built OAI.Geometry.TranslativeCovering.LocalizationGood (9.2s)
✔ [8933/9066] Built OAI.Geometry.LatticeCovering.Sampling (10s)
✔ [8934/9066] Built OAI.Geometry.TranslativeCovering.SphericalLaw (8.8s)
✔ [8935/9066] Built OAI.Geometry.TranslativeCovering.PoissonConfig (9.2s)
✔ [8936/9066] Built OAI.Geometry.LatticeCovering.SamplingBounds (11s)
✔ [8937/9066] Built OAI.Geometry.TranslativeCovering.PoissonSample (8.4s)
✔ [8938/9066] Built OAI.Geometry.LatticeCovering.Bits (11s)
✔ [8939/9066] Built OAI.Geometry.TranslativeCovering.PoissonRealization (8.3s)
✔ [8940/9066] Built OAI.Geometry.LatticeCovering.Lines (11s)
✔ [8941/9066] Built OAI.Geometry.TranslativeCovering.RandomBody (8.7s)
✔ [8942/9066] Built OAI.Geometry.LatticeCovering.Chains (9.7s)
✔ [8943/9066] Built OAI.Geometry.TranslativeCovering.PatternGeometry (8.1s)
✔ [8944/9066] Built OAI.Geometry.TranslativeCovering.PatternRounding (8.4s)
✔ [8945/9066] Built OAI.Geometry.LatticeCovering.Products (15s)
✔ [8946/9066] Built OAI.Geometry.TranslativeCovering.LocalizationComplete (9.6s)
✔ [8947/9066] Built OAI.Geometry.TranslativeCovering.RadialIntegral (8.4s)
✔ [8948/9066] Built OAI.Geometry.LatticeCovering.Residuals (13s)
✔ [8949/9066] Built OAI.Geometry.TranslativeCovering.WeightedVolume (8.0s)
✔ [8950/9066] Built OAI.Geometry.LatticeCovering.Patterns (12s)
✔ [8951/9066] Built OAI.Geometry.TranslativeCovering.PatternEnumeration (7.4s)
✔ [8952/9066] Built OAI.Geometry.TranslativeCovering.RadialShell (8.3s)
✔ [8953/9066] Built OAI.Geometry.LatticeCovering.Shears (9.0s)
✔ [8954/9066] Built OAI.Geometry.TranslativeCovering.CoveringGrowth (7.6s)
✔ [8955/9066] Built OAI.Geometry.LatticeCovering.Completion (10s)
✔ [8956/9066] Built OAI.Geometry.TranslativeCovering.SourceParameters (8.4s)
✔ [8957/9066] Built OAI.Geometry.LatticeCovering.Covering (9.3s)
✔ [8958/9066] Built OAI.Geometry.TranslativeCovering.EntropyRates (8.1s)
✔ [8959/9066] Built OAI.Geometry.TranslativeCovering.LocalizationRates (8.5s)
✔ [8960/9066] Built OAI.Geometry.LatticeCovering.Sections (13s)
✔ [8961/9066] Built OAI.Geometry.TranslativeCovering.LocalizationMeans (9.0s)
✔ [8962/9066] Built OAI.Geometry.LatticeCovering.Rates (11s)
✔ [8963/9066] Built OAI.Geometry.TranslativeCovering.ConeStretch (9.6s)
✔ [8964/9066] Built OAI.Geometry.LatticeCovering.Horizontal (14s)
✔ [8965/9066] Built OAI.Geometry.TranslativeCovering.CapGeometry (15s)
✔ [8966/9066] Built OAI.Geometry.LatticeCovering.Isotropy (15s)
✔ [8967/9066] Built OAI.Geometry.TranslativeCovering.CapLens (11s)
✔ [8968/9066] Built OAI.Geometry.LatticeCovering.GaussianSections (15s)
✔ [8969/9066] Built OAI.Geometry.TranslativeCovering.CapOverlap (14s)
✔ [8970/9066] Built OAI.Geometry.TranslativeCovering.ProjectiveCaps (8.6s)
✔ [8971/9066] Built OAI.Geometry.LatticeCovering.GridCounts (10s)
✔ [8972/9066] Built OAI.Geometry.LatticeCovering.Transport (9.6s)
✔ [8973/9066] Built OAI.Geometry.TranslativeCovering.CapAffinity (10s)
✔ [8974/9066] Built OAI.Geometry.TranslativeCovering.CapCost (8.9s)
✔ [8975/9066] Built OAI.Geometry.LatticeCovering.CircuitVolumes (9.9s)
✔ [8976/9066] Built OAI.Geometry.TranslativeCovering.DecayNormalization (9.7s)
✔ [8977/9066] Built OAI.Geometry.LatticeCovering.CircuitLattices (14s)
✔ [8978/9066] Built OAI.Geometry.TranslativeCovering.NormalizedCaps (10s)
✔ [8979/9066] Built OAI.Geometry.LatticeCovering.CircuitSums (9.7s)
✔ [8980/9066] Built OAI.Geometry.TranslativeCovering.LensDeployment (9.6s)
✔ [8981/9066] Built OAI.Geometry.LatticeCovering.BrokenCircuits (8.9s)
✔ [8982/9066] Built OAI.Geometry.LatticeCovering.PrimeGrids (10s)
✔ [8983/9066] Built OAI.Geometry.TranslativeCovering.LensQuantitative (15s)
✔ [8984/9066] Built OAI.Geometry.TranslativeCovering.BlockTerminal (7.7s)
✔ [8985/9066] Built OAI.Geometry.LatticeCovering.CircuitErrors (10s)
✔ [8986/9066] Built OAI.Geometry.TranslativeCovering.BlockGeometry (8.5s)
✔ [8987/9066] Built OAI.Geometry.LatticeCovering.PrimeKernels (10s)
✔ [8988/9066] Built OAI.Geometry.TranslativeCovering.BlockCount (8.9s)
✔ [8989/9066] Built OAI.Geometry.LatticeCovering.MeanHoles (13s)
✔ [8990/9066] Built OAI.Geometry.TranslativeCovering.RowGrouping (7.9s)
✔ [8991/9066] Built OAI.Geometry.TranslativeCovering.BlockWeights (8.7s)
✔ [8992/9066] Built OAI.Geometry.LatticeCovering.GaussianMoments (11s)
✔ [8993/9066] Built OAI.Geometry.TranslativeCovering.BlockRow (9.3s)
✔ [8994/9066] Built OAI.Geometry.LatticeCovering.GaussianSmoothing (12s)
✔ [8995/9066] Built OAI.Geometry.TranslativeCovering.BlockDimension (11s)
✔ [8996/9066] Built OAI.Geometry.LatticeCovering.LogConcavity (10s)
✔ [8997/9066] Built OAI.Geometry.TranslativeCovering.MeasureCut (8.1s)
✔ [8998/9066] Built OAI.Geometry.LatticeCovering.RadialBounds (11s)
✔ [8999/9066] Built OAI.Geometry.TranslativeCovering.BlockSets (8.2s)
✔ [9000/9066] Built OAI.Geometry.TranslativeCovering.BlockWeightMeasure (8.1s)
✔ [9001/9066] Built OAI.Geometry.LatticeCovering.Marginals (14s)
✔ [9002/9066] Built OAI.Geometry.TranslativeCovering.Blocks (9.0s)
✔ [9003/9066] Built OAI.Geometry.LatticeCovering.ProjectionBounds (15s)
✔ [9004/9066] Built OAI.Geometry.TranslativeCovering.RadiusLens (14s)
✔ [9005/9066] Built OAI.Geometry.TranslativeCovering.GeometryDimension (10s)
✔ [9006/9066] Built OAI.Geometry.LatticeCovering.Desmoothing (15s)
✔ [9007/9066] Built OAI.Geometry.TranslativeCovering.SphericalBlocks (9.9s)
✔ [9008/9066] Built OAI.Geometry.LatticeCovering.GaussianRates (14s)
✔ [9009/9066] Built OAI.Geometry.TranslativeCovering.CellMatching (8.4s)
✔ [9010/9066] Built OAI.Geometry.TranslativeCovering.MatchingAlgebra (8.0s)
✔ [9011/9066] Built OAI.Geometry.LatticeCovering.GaussianPositions (11s)
✔ [9012/9066] Built OAI.Geometry.TranslativeCovering.CellCounts (8.6s)
✔ [9013/9066] Built OAI.Geometry.LatticeCovering.Assembly (8.8s)
✔ [9014/9066] Built OAI.Geometry.TranslativeCovering.PoissonMeasureCells (7.4s)
✔ [9015/9066] Built OAI.Geometry.LatticeCovering.Main (6.0s)
✔ [9016/9066] Built OAI.Geometry.TranslativeCovering.PoissonDiagrams (7.5s)
✔ [9017/9066] Built OAI.Geometry.CoveringDensity.EuclideanTransport (8.4s)
✔ [9018/9066] Built OAI.Geometry.TranslativeCovering.MatchingBounds (6.3s)
✔ [9019/9066] Built OAI.Geometry.TranslativeCovering.DiagramCrossBounds (5.5s)
✔ [9020/9066] Built OAI.Geometry.TranslativeCovering.MatchingSelf (8.4s)
✔ [9021/9066] Built OAI.Geometry.TranslativeCovering.DiagramSelfBounds (5.5s)
✔ [9022/9066] Built OAI.Geometry.TranslativeCovering.DiagramActivity (5.3s)
✔ [9023/9066] Built OAI.Geometry.TranslativeCovering.WitnessBlocks (5.4s)
✔ [9024/9066] Built OAI.Geometry.TranslativeCovering.RadialCost (5.3s)
✔ [9025/9066] Built OAI.Geometry.TranslativeCovering.ShellCaps (5.4s)
✔ [9026/9066] Built OAI.Geometry.TranslativeCovering.CrossSlots (5.3s)
✔ [9027/9066] Built OAI.Geometry.TranslativeCovering.CapDisjoint (5.3s)
✔ [9028/9066] Built OAI.Geometry.TranslativeCovering.SlotGeometry (5.4s)
✔ [9029/9066] Built OAI.Geometry.TranslativeCovering.WitnessConstruction (5.4s)
✔ [9030/9066] Built OAI.Geometry.TranslativeCovering.ResidualCaps (4.0s)
✔ [9031/9066] Built OAI.Geometry.TranslativeCovering.CylinderVolume (6.0s)
✔ [9032/9066] Built OAI.Geometry.TranslativeCovering.CylinderAngle (5.8s)
✔ [9033/9066] Built OAI.Geometry.TranslativeCovering.CylinderProbability (5.5s)
✔ [9034/9066] Built OAI.Geometry.TranslativeCovering.TargetSampling (5.8s)
✔ [9035/9066] Built OAI.Geometry.TranslativeCovering.TargetGeometry (5.5s)
✔ [9036/9066] Built OAI.Geometry.TranslativeCovering.PatternWitness (5.5s)
✔ [9037/9066] Built OAI.Geometry.TranslativeCovering.CrossDeployment (5.6s)
✔ [9038/9066] Built OAI.Geometry.TranslativeCovering.CrossDiagram (5.2s)
✔ [9039/9066] Built OAI.Geometry.TranslativeCovering.PatternCross (9.4s)
✔ [9040/9066] Built OAI.Geometry.TranslativeCovering.FiniteJanson (8.6s)
✔ [9041/9066] Built OAI.Geometry.TranslativeCovering.JansonSampling (5.3s)
✔ [9042/9066] Built OAI.Geometry.TranslativeCovering.PoissonFinite (5.4s)
✔ [9043/9066] Built OAI.Geometry.TranslativeCovering.PoissonCells (5.3s)
✔ [9044/9066] Built OAI.Geometry.TranslativeCovering.PoissonLimit (5.4s)
✔ [9045/9066] Built OAI.Geometry.TranslativeCovering.PoissonActualBound (5.1s)
✔ [9046/9066] Built OAI.Geometry.TranslativeCovering.BinnedTail (5.5s)
✔ [9047/9066] Built OAI.Geometry.TranslativeCovering.PoissonBinned (5.6s)
✔ [9048/9066] Built OAI.Geometry.TranslativeCovering.ActivityBins (5.5s)
✔ [9049/9066] Built OAI.Geometry.TranslativeCovering.BinSelection (5.4s)
✔ [9050/9066] Built OAI.Geometry.TranslativeCovering.BodyVolume (5.6s)
✔ [9051/9066] Built OAI.Geometry.TranslativeCovering.PatternTail (6.3s)
✔ [9052/9066] Built OAI.Geometry.TranslativeCovering.SourceLocalization (6.0s)
✔ [9053/9066] Built OAI.Geometry.TranslativeCovering.CoveringAsymptotics (5.4s)
✔ [9054/9066] Built OAI.Geometry.TranslativeCovering.NumericTail (6.0s)
✔ [9055/9066] Built OAI.Geometry.TranslativeCovering.TailComparison (5.7s)
✔ [9056/9066] Built OAI.Geometry.TranslativeCovering.SourcePatternTail (6.9s)
✔ [9057/9066] Built OAI.Geometry.TranslativeCovering.BodySelection (5.7s)
✔ [9058/9066] Built OAI.Geometry.TranslativeCovering.AllLatticeExclusion (5.6s)
✔ [9059/9066] Built OAI.Geometry.TranslativeCovering.Periodization (6.2s)
✔ [9060/9066] Built OAI.Geometry.TranslativeCovering.CubicLattice (5.5s)
✔ [9061/9066] Built OAI.Geometry.TranslativeCovering.SourceScale (5.3s)
✔ [9062/9066] Built OAI.Geometry.TranslativeCovering.PeriodicEquality (5.6s)
✔ [9063/9066] Built OAI.Geometry.TranslativeCovering.PeriodicDensity (5.6s)
✔ [9064/9066] Built OAI.Geometry.TranslativeCovering.DistinctCosets (5.3s)
✔ [9065/9066] Built OAI.Geometry.TranslativeCovering.Main (5.7s)
✔ [9066/9066] Built OAI.Geometry.CoveringDensity.Main (5.1s)
Build completed successfully (9066 jobs).
== build rc=0 seconds=769
{"theorems": ["OAI.CoveringOrder.optimal_order"], "defs": ["OAI.CoveringOrder.Space", "OAI.CoveringOrder.LatticeCover", "OAI.CoveringOrder.euclideanVolume", "OAI.CoveringOrder.euclideanCovolume", "OAI.CoveringOrder.latticeDensity", "OAI.CoveringOrder.thetaL", "OAI.TranslativeCovering.Space", "OAI.TranslativeCovering.cube", "OAI.TranslativeCovering.LocallyFiniteCenters", "OAI.TranslativeCovering.Covers", "OAI.TranslativeCovering.ConvexBody", "OAI.TranslativeCovering.CentrallySymmetric", "OAI.TranslativeCovering.upperCenterIntensity", "OAI.TranslativeCovering.thetaT", "OAI.CoveringOrder.Body", "OAI.CoveringOrder.SymmetricBody", "OAI.CoveringOrder.translativeSup", "OAI.CoveringOrder.symmetricTranslativeSup", "OAI.CoveringOrder.latticeSup", "OAI.CoveringOrder.symmetricLatticeSup", "OAI.CoveringOrder.orderBounds", "OAI.CoveringOrder.OptimalOrder"], "json_theorems": ["OAI.CoveringOrder.optimal_order"], "missing_from_parse": []}
TYPES/DEFS DIFFER CoveringDensity
1,5d0
< /Users/shannon/cc/math/math/lean/Scratch/Challenge_CoveringDensity.lean:113:8:
< warning:
< declaration
< uses
< `sorry`
AXIOMS: 'OAI.CoveringOrder.optimal_order' depends on axioms: [propext, Classical.choice, Quot.sound] 
== end=2026-10-09T15:17:13Z
