== CriticalZ3  module=OAI.Probability.CriticalZ3.Main  start=2026-10-09T01:55:47Z
warning: PrimeNumberTheoremAnd: repository '/Users/shannon/cc/math/math/lean/.lake/packages/PrimeNumberTheoremAnd' has local changes
warning: belyi: repository '/Users/shannon/cc/math/math/lean/.lake/packages/belyi' has local changes
warning: formal-schemes: repository '/Users/shannon/cc/math/math/lean/.lake/packages/formal-schemes' has local changes
warning: elliptic-curves: repository '/Users/shannon/cc/math/math/lean/.lake/packages/elliptic-curves' has local changes
warning: tempered-fundamental-groups: repository '/Users/shannon/cc/math/math/lean/.lake/packages/tempered-fundamental-groups' has local changes
warning: oka: repository '/Users/shannon/cc/math/math/lean/.lake/packages/oka' has local changes
warning: orbicurve-cores: repository '/Users/shannon/cc/math/math/lean/.lake/packages/orbicurve-cores' has local changes
warning: pi1: repository '/Users/shannon/cc/math/math/lean/.lake/packages/pi1' has local changes
warning: heights: repository '/Users/shannon/cc/math/math/lean/.lake/packages/heights' has local changes
warning: genl: repository '/Users/shannon/cc/math/math/lean/.lake/packages/genl' has local changes
warning: tate-curves-theta: repository '/Users/shannon/cc/math/math/lean/.lake/packages/tate-curves-theta' has local changes
warning: iut: repository '/Users/shannon/cc/math/math/lean/.lake/packages/iut' has local changes
warning: gromov: repository '/Users/shannon/cc/math/math/lean/.lake/packages/gromov' has local changes
warning: SphereEversion: repository '/Users/shannon/cc/math/math/lean/.lake/packages/SphereEversion' has local changes
warning: schoenflies-lean: repository '/Users/shannon/cc/math/math/lean/.lake/packages/schoenflies-lean' has local changes
warning: ClassFieldTheory: repository '/Users/shannon/cc/math/math/lean/.lake/packages/ClassFieldTheory' has local changes
warning: AINTLIB: repository '/Users/shannon/cc/math/math/lean/.lake/packages/AINTLIB' has local changes
warning: AbsorptionCutoff: repository '/Users/shannon/cc/math/math/lean/.lake/packages/AbsorptionCutoff' has local changes
warning: StrongPNT: repository '/Users/shannon/cc/math/math/lean/.lake/packages/StrongPNT' has local changes
warning: carleson: repository '/Users/shannon/cc/math/math/lean/.lake/packages/carleson' has local changes
warning: rellich-kondrachov: repository '/Users/shannon/cc/math/math/lean/.lake/packages/rellich-kondrachov' has local changes
warning: Zeta3Irrational: repository '/Users/shannon/cc/math/math/lean/.lake/packages/Zeta3Irrational' has local changes
warning: fixed-point-theorems: repository '/Users/shannon/cc/math/math/lean/.lake/packages/fixed-point-theorems' has local changes
✔ [8924/8957] Built OAI.Probability.CriticalZ3.Model (10s)
✔ [8925/8957] Built OAI.Probability.CriticalZ3.Basic (6.8s)
✔ [8926/8957] Built OAI.Probability.CriticalZ3.ProductCylinder (5.4s)
✔ [8927/8957] Built OAI.Probability.CriticalZ3.Symmetry (5.3s)
✔ [8928/8957] Built OAI.Probability.CriticalZ3.QuarterFaces (5.5s)
✔ [8929/8957] Built OAI.Probability.CriticalZ3.Resampling (5.1s)
✔ [8930/8957] Built OAI.Probability.CriticalZ3.HyperedgeComparison (6.9s)
✔ [8931/8957] Built OAI.Probability.CriticalZ3.LatticeGraph (5.1s)
✔ [8932/8957] Built OAI.Probability.CriticalZ3.BoxGeometry (5.4s)
✔ [8933/8957] Built OAI.Probability.CriticalZ3.LatticePaths (4.0s)
✔ [8934/8957] Built OAI.Probability.CriticalZ3.EntryLayers (5.0s)
✔ [8935/8957] Built OAI.Probability.CriticalZ3.SeedTrials (5.0s)
✔ [8936/8957] Built OAI.Probability.CriticalZ3.Conditioning (5.3s)
✔ [8937/8957] Built OAI.Probability.CriticalZ3.ConditionalQuality (5.1s)
✔ [8938/8957] Built OAI.Probability.CriticalZ3.TrialCounts (5.2s)
✔ [8939/8957] Built OAI.Probability.CriticalZ3.ShellProbability (5.2s)
✔ [8940/8957] Built OAI.Probability.CriticalZ3.SeedQuality (5.1s)
✔ [8941/8957] Built OAI.Probability.CriticalZ3.Extension (5.2s)
✔ [8942/8957] Built OAI.Probability.CriticalZ3.Scales (6.3s)
✔ [8943/8957] Built OAI.Probability.CriticalZ3.Relay (5.8s)
✔ [8944/8957] Built OAI.Probability.CriticalZ3.RelayProbability (5.4s)
✔ [8945/8957] Built OAI.Probability.CriticalZ3.FiniteTrails (4.9s)
✔ [8946/8957] Built OAI.Probability.CriticalZ3.PlanarBoundary (7.8s)
✔ [8947/8957] Built OAI.Probability.CriticalZ3.Matching (5.1s)
✔ [8948/8957] Built OAI.Probability.CriticalZ3.Peierls (5.2s)
✔ [8949/8957] Built OAI.Probability.CriticalZ3.Coarse (5.9s)
✔ [8950/8957] Built OAI.Probability.CriticalZ3.AdaptiveReveals (5.2s)
✔ [8951/8957] Built OAI.Probability.CriticalZ3.Exploration (5.2s)
✔ [8952/8957] Built OAI.Probability.CriticalZ3.ExplorationInvariant (5.4s)
✔ [8953/8957] Built OAI.Probability.CriticalZ3.ExplorationProbability (5.1s)
✔ [8954/8957] Built OAI.Probability.CriticalZ3.ExplorationConnectivity (5.6s)
✔ [8955/8957] Built OAI.Probability.CriticalZ3.ExplorationSurvival (5.2s)
✔ [8956/8957] Built OAI.Probability.CriticalZ3.Subunit (5.2s)
✔ [8957/8957] Built OAI.Probability.CriticalZ3.Main (4.9s)
Build completed successfully (8957 jobs).
== build rc=0 seconds=256
{"theorems": ["OAI.CriticalZ3.critical_no_infinite"], "defs": ["OAI.CriticalZ3.Vertex", "OAI.CriticalZ3.Bond", "OAI.CriticalZ3.BondConfig", "OAI.CriticalZ3.SiteConfig", "OAI.CriticalZ3.step", "OAI.CriticalZ3.NearestNeighbor", "OAI.CriticalZ3.BondOpen", "OAI.CriticalZ3.SiteOpen", "OAI.CriticalZ3.BondConnected", "OAI.CriticalZ3.SiteConnected", "OAI.CriticalZ3.bondCluster", "OAI.CriticalZ3.siteCluster", "OAI.CriticalZ3.bondInfiniteAt", "OAI.CriticalZ3.siteInfiniteAt", "OAI.CriticalZ3.parameter", "OAI.CriticalZ3.bondLaw", "OAI.CriticalZ3.siteLaw", "OAI.CriticalZ3.bondCritical", "OAI.CriticalZ3.siteCritical"], "json_theorems": ["OAI.CriticalZ3.critical_no_infinite"], "missing_from_parse": []}
TYPES/DEFS DIFFER CriticalZ3
1,5d0
< /Users/shannon/cc/math/math/lean/Scratch/Challenge_CriticalZ3.lean:56:8:
< warning:
< declaration
< uses
< `sorry`
AXIOMS: 'OAI.CriticalZ3.critical_no_infinite' depends on axioms: [propext, Classical.choice, Quot.sound] 
== end=2026-10-09T02:00:25Z
