== CriticalPercolation  module=OAI.Probability.CriticalPercolation.Main  start=2026-10-09T04:57:35Z
warning: PrimeNumberTheoremAnd: repository '/Users/shannon/cc/math/math/lean/.lake/packages/PrimeNumberTheoremAnd' has local changes
warning: belyi: repository '/Users/shannon/cc/math/math/lean/.lake/packages/belyi' has local changes
warning: formal-schemes: repository '/Users/shannon/cc/math/math/lean/.lake/packages/formal-schemes' has local changes
warning: elliptic-curves: repository '/Users/shannon/cc/math/math/lean/.lake/packages/elliptic-curves' has local changes
warning: tempered-fundamental-groups: repository '/Users/shannon/cc/math/math/lean/.lake/packages/tempered-fundamental-groups' has local changes
warning: oka: repository '/Users/shannon/cc/math/math/lean/.lake/packages/oka' has local changes
warning: orbicurve-cores: repository '/Users/shannon/cc/math/math/lean/.lake/packages/orbicurve-cores' has local changes
warning: pi1: repository '/Users/shannon/cc/math/math/lean/.lake/packages/pi1' has local changes
warning: heights: repository '/Users/shannon/cc/math/math/lean/.lake/packages/heights' has local changes
warning: genl: repository '/Users/shannon/cc/math/math/lean/.lake/packages/genl' has local changes
warning: tate-curves-theta: repository '/Users/shannon/cc/math/math/lean/.lake/packages/tate-curves-theta' has local changes
warning: iut: repository '/Users/shannon/cc/math/math/lean/.lake/packages/iut' has local changes
warning: gromov: repository '/Users/shannon/cc/math/math/lean/.lake/packages/gromov' has local changes
warning: SphereEversion: repository '/Users/shannon/cc/math/math/lean/.lake/packages/SphereEversion' has local changes
warning: schoenflies-lean: repository '/Users/shannon/cc/math/math/lean/.lake/packages/schoenflies-lean' has local changes
warning: ClassFieldTheory: repository '/Users/shannon/cc/math/math/lean/.lake/packages/ClassFieldTheory' has local changes
warning: AINTLIB: repository '/Users/shannon/cc/math/math/lean/.lake/packages/AINTLIB' has local changes
warning: AbsorptionCutoff: repository '/Users/shannon/cc/math/math/lean/.lake/packages/AbsorptionCutoff' has local changes
warning: StrongPNT: repository '/Users/shannon/cc/math/math/lean/.lake/packages/StrongPNT' has local changes
warning: carleson: repository '/Users/shannon/cc/math/math/lean/.lake/packages/carleson' has local changes
warning: rellich-kondrachov: repository '/Users/shannon/cc/math/math/lean/.lake/packages/rellich-kondrachov' has local changes
warning: Zeta3Irrational: repository '/Users/shannon/cc/math/math/lean/.lake/packages/Zeta3Irrational' has local changes
warning: fixed-point-theorems: repository '/Users/shannon/cc/math/math/lean/.lake/packages/fixed-point-theorems' has local changes
✔ [8923/9004] Built OAI.Probability.CriticalPercolation.Model (24s)
✔ [8924/9004] Built OAI.Probability.CriticalPercolation.GraphGeometry.Link (24s)
✔ [8925/9004] Built OAI.Probability.CriticalPercolation.Modular.Mass (24s)
✔ [8926/9004] Built OAI.Probability.CriticalPercolation.Modular.WeightedCauchy (24s)
✔ [8927/9004] Built OAI.Probability.CriticalPercolation.ProductMeasure.Density (24s)
✔ [8928/9004] Built OAI.Probability.CriticalPercolation.ProductMeasure.FiniteMarkovAvg (24s)
✔ [8929/9004] Built OAI.Probability.CriticalPercolation.Entropy.Divergence (24s)
✔ [8930/9004] Built OAI.Probability.CriticalPercolation.Exploration.PivotalComparison (29s)
✔ [8931/9004] Built OAI.Probability.CriticalPercolation.GraphGeometry.ReachableReplaceTail (23s)
✔ [8932/9004] Built OAI.Probability.CriticalPercolation.GraphGeometry.EraseBond (23s)
✔ [8933/9004] Built OAI.Probability.CriticalPercolation.GraphGeometry.OpenGraphInsert (23s)
✔ [8934/9004] Built OAI.Probability.CriticalPercolation.GraphGeometry.ForceFalseSubset (23s)
✔ [8935/9004] Built OAI.Probability.CriticalPercolation.Exploration.SearchTree (23s)
✔ [8936/9004] Built OAI.Probability.CriticalPercolation.GraphGeometry.MapVertices (23s)
✔ [8937/9004] Built OAI.Probability.CriticalPercolation.ProductMeasure.ExposureLaw (18s)
✔ [8938/9004] Built OAI.Probability.CriticalPercolation.GraphGeometry.VertexBall (23s)
✔ [8939/9012] Built OAI.Probability.CriticalPercolation.ProductMeasure.Distribution (22s)
✔ [8940/9012] Built OAI.Probability.CriticalPercolation.Modular.DensityModular (22s)
✔ [8941/9012] Built OAI.Probability.CriticalPercolation.ProductMeasure.AvgDiv (22s)
✔ [8942/9012] Built OAI.Probability.CriticalPercolation.ProductMeasure.ExposureLawSupport (22s)
✔ [8943/9012] Built OAI.Probability.CriticalPercolation.Entropy.MulLogDivScaled (22s)
✔ [8944/9012] Built OAI.Probability.CriticalPercolation.ProductMeasure.Associated (23s)
✔ [8945/9012] Built OAI.Probability.CriticalPercolation.ProductMeasure.FiniteProductPin (23s)
✔ [8946/9012] Built OAI.Probability.CriticalPercolation.Modular.PushMass (22s)
✔ [8947/9022] Built OAI.Probability.CriticalPercolation.ProductMeasure.ExpectMulReal (26s)
✔ [8948/9022] Built OAI.Probability.CriticalPercolation.GraphGeometry.CutEdges (26s)
✔ [8949/9022] Built OAI.Probability.CriticalPercolation.Exploration.ReachableIncidenceImp (26s)
✔ [8950/9022] Built OAI.Probability.CriticalPercolation.Entropy.Uniform01 (26s)
✔ [8951/9022] Built OAI.Probability.CriticalPercolation.Entropy.EndpointKernel (26s)
✔ [8952/9024] Built OAI.Probability.CriticalPercolation.Clusters.ClusterObject (26s)
✔ [8953/9024] Built OAI.Probability.CriticalPercolation.Exploration.Exhaustive (26s)
✔ [8954/9024] Built OAI.Probability.CriticalPercolation.Exploration.QueryTree (26s)
✔ [8955/9025] Built OAI.Probability.CriticalPercolation.ProductMeasure.Prob (25s)
✔ [8956/9025] Built OAI.Probability.CriticalPercolation.Entropy.FiberValue (25s)
✔ [8957/9025] Built OAI.Probability.CriticalPercolation.Clusters.ComponentSelf (25s)
✔ [8958/9025] Built OAI.Probability.CriticalPercolation.Clusters.DeleteBot (25s)
✔ [8959/9025] Built OAI.Probability.CriticalPercolation.Exploration.PhaseFrontier (25s)
✔ [8960/9025] Built OAI.Probability.CriticalPercolation.Entropy.FreshSet (25s)
✔ [8961/9025] Built OAI.Probability.CriticalPercolation.Exploration.State (26s)
✔ [8962/9025] Built OAI.Probability.CriticalPercolation.Clusters.ExpectedCluster (25s)
✔ [8963/9030] Built OAI.Probability.CriticalPercolation.GraphGeometry.ObjectKernel (26s)
✔ [8964/9030] Built OAI.Probability.CriticalPercolation.ProductMeasure.ProbDisjoint (26s)
✔ [8965/9030] Built OAI.Probability.CriticalPercolation.ProductMeasure.ClosedThin (26s)
✔ [8966/9030] Built OAI.Probability.CriticalPercolation.ProductMeasure.ProbOr (26s)
✔ [8967/9030] Built OAI.Probability.CriticalPercolation.GraphGeometry.CutEdgesSubsetIncident (26s)
✔ [8968/9030] Built OAI.Probability.CriticalPercolation.Exploration.Initial (26s)
✔ [8969/9030] Built OAI.Probability.CriticalPercolation.ProductMeasure.DensityMulExpect (26s)
✔ [8970/9030] Built OAI.Probability.CriticalPercolation.ProductMeasure.Potential (26s)
✔ [8971/9036] Built OAI.Probability.CriticalPercolation.Exploration.ReachableMemPhaseClosed (32s)
✔ [8972/9036] Built OAI.Probability.CriticalPercolation.Entropy.AeEvalNe (32s)
✔ [8973/9036] Built OAI.Probability.CriticalPercolation.Clusters.ClusterUpdate (32s)
✔ [8974/9036] Built OAI.Probability.CriticalPercolation.GraphGeometry.ExpectedResidualAlt (32s)
✔ [8975/9036] Built OAI.Probability.CriticalPercolation.Clusters.Earlier (32s)
✔ [8976/9036] Built OAI.Probability.CriticalPercolation.Clusters.HitOthers (32s)
✔ [8977/9037] Built OAI.Probability.CriticalPercolation.Modular.ObjectAvoidMass (32s)
✔ [8978/9037] Built OAI.Probability.CriticalPercolation.Exploration.Initial2 (32s)
✔ [8979/9045] Built OAI.Probability.CriticalPercolation.ProductMeasure.ProbRequiresBit (34s)
✔ [8980/9045] Built OAI.Probability.CriticalPercolation.Clusters.HitValue (34s)
✔ [8981/9045] Built OAI.Probability.CriticalPercolation.ProductMeasure.ContinuousExpectWeights (34s)
✔ [8982/9045] Built OAI.Probability.CriticalPercolation.Clusters.ClusterObjectAvoidanceCross (34s)
✔ [8983/9045] Built OAI.Probability.CriticalPercolation.ProductMeasure.Delta (34s)
✔ [8984/9045] Built OAI.Probability.CriticalPercolation.Modular.OrderMass (34s)
✔ [8985/9045] Built OAI.Probability.CriticalPercolation.GraphGeometry.UpdateKernel (34s)
✔ [8986/9045] Built OAI.Probability.CriticalPercolation.GraphGeometry.Column (38s)
✔ [8987/9045] Built OAI.Probability.CriticalPercolation.ProductMeasure.CoordinateNeDensity (32s)
✔ [8988/9045] Built OAI.Probability.CriticalPercolation.Entropy.FiniteEventEntropy (36s)
✔ [8989/9058] Built OAI.Probability.CriticalPercolation.ProductMeasure.Variance (36s)
✔ [8990/9058] Built OAI.Probability.CriticalPercolation.ProductMeasure.ExpectClosedFlip (36s)
✔ [8991/9058] Built OAI.Probability.CriticalPercolation.ProductMeasure.BitMeasure (36s)
✔ [8992/9058] Built OAI.Probability.CriticalPercolation.GraphGeometry.FiniteInduced (36s)
✔ [8993/9060] Built OAI.Probability.CriticalPercolation.GraphGeometry.IsolateThree (37s)
✔ [8994/9060] Built OAI.Probability.CriticalPercolation.Exploration.BitWeight (39s)
✔ [8995/9065] Built OAI.Probability.CriticalPercolation.Clusters.ThreeClusterAvoidanceSecond (27s)
✔ [8996/9065] Built OAI.Probability.CriticalPercolation.Gluing.ContactPivot (29s)
✔ [8997/9065] Built OAI.Probability.CriticalPercolation.GraphGeometry.WiredEvent (26s)
✔ [8998/9065] Built OAI.Probability.CriticalPercolation.LinearGroups.ClusterMatrix (29s)
✔ [8999/9065] Built OAI.Probability.CriticalPercolation.Entropy.BinaryInterpolation (29s)
✔ [9000/9065] Built OAI.Probability.CriticalPercolation.Exploration.AncestryForest (29s)
✔ [9001/9083] Built OAI.Probability.CriticalPercolation.GraphGeometry.OpenGraphIso (29s)
✔ [9002/9085] Built OAI.Probability.CriticalPercolation.Entropy.MarkedEntropy (30s)
✔ [9003/9108] Built OAI.Probability.CriticalPercolation.GraphGeometry.ResidualConvertedVariance (29s)
✔ [9004/9108] Built OAI.Probability.CriticalPercolation.Clusters.ThreeClusterAvoidanceGeneral (29s)
✔ [9005/9108] Built OAI.Probability.CriticalPercolation.Gluing.ContactExitPivot (29s)
✔ [9006/9108] Built OAI.Probability.CriticalPercolation.GraphGeometry.Connects (29s)
✔ [9007/9108] Built OAI.Probability.CriticalPercolation.Exploration.Node (29s)
✔ [9008/9108] Built OAI.Probability.CriticalPercolation.GraphGeometry.ColumnHitOthersOffdiag (29s)
✔ [9009/9108] Built OAI.Probability.CriticalPercolation.Criticality.ReverseReference (28s)
✔ [9010/9108] Built OAI.Probability.CriticalPercolation.Criticality.InterpolationUniform (29s)
✔ [9011/9114] Built OAI.Probability.CriticalPercolation.GraphGeometry.LastInverseDiagonal (29s)
✔ [9012/9114] Built OAI.Probability.CriticalPercolation.Gluing.CollarDistance (29s)
✔ [9013/9114] Built OAI.Probability.CriticalPercolation.ProductMeasure.TailProduct (29s)
✔ [9014/9114] Built OAI.Probability.CriticalPercolation.Criticality.SpecifiedFailures (29s)
✔ [9015/9114] Built OAI.Probability.CriticalPercolation.Criticality.BalancedCycles (28s)
✔ [9016/9116] Built OAI.Probability.CriticalPercolation.Exploration.Visits (29s)
✔ [9017/9116] Built OAI.Probability.CriticalPercolation.GraphGeometry.GraphBalls (29s)
✔ [9018/9117] Built OAI.Probability.CriticalPercolation.GraphGeometry.ProbIsolateThree (29s)
✔ [9019/9121] Built OAI.Probability.CriticalPercolation.GraphGeometry.PhaseStepCharge (30s)
✔ [9020/9121] Built OAI.Probability.CriticalPercolation.GraphGeometry.HittingSubAvoidance (31s)
✔ [9021/9121] Built OAI.Probability.CriticalPercolation.Criticality.FiniteSeedTree (31s)
✔ [9022/9121] Built OAI.Probability.CriticalPercolation.Criticality.FiniteEnergy (31s)
✔ [9023/9124] Built OAI.Probability.CriticalPercolation.ProductMeasure.ProductConditioning (31s)
✔ [9024/9124] Built OAI.Probability.CriticalPercolation.Exploration.Select (32s)
✔ [9025/9124] Built OAI.Probability.CriticalPercolation.Criticality.SquareBoundary (32s)
✔ [9026/9124] Built OAI.Probability.CriticalPercolation.Gluing.CorridorSeparation (32s)
✔ [9027/9127] Built OAI.Probability.CriticalPercolation.Gluing.FiniteJointGluingStrict (32s)
✔ [9028/9127] Built OAI.Probability.CriticalPercolation.Gluing.InwardTrial (32s)
✔ [9029/9127] Built OAI.Probability.CriticalPercolation.Criticality.BlockIndependence (31s)
✔ [9030/9127] Built OAI.Probability.CriticalPercolation.Gluing.SelectedFresh (30s)
✔ [9031/9127] Built OAI.Probability.CriticalPercolation.Gluing.FreshTrial (31s)
✔ [9032/9127] Built OAI.Probability.CriticalPercolation.Exploration.AdaptiveReveal (31s)
✔ [9033/9127] Built OAI.Probability.CriticalPercolation.Exploration.Score (34s)
✔ [9034/9130] Built OAI.Probability.CriticalPercolation.Gluing.RelayGeometry (35s)
✔ [9035/9130] Built OAI.Probability.CriticalPercolation.Gluing.FiniteJointGluing (30s)
✔ [9036/9130] Built OAI.Probability.CriticalPercolation.ProductMeasure.LevelCutProbability (30s)
✔ [9037/9130] Built OAI.Probability.CriticalPercolation.Gluing.HonestChoice (30s)
✔ [9038/9130] Built OAI.Probability.CriticalPercolation.Gluing.TrialSelection (30s)
✔ [9039/9130] Built OAI.Probability.CriticalPercolation.Gluing.OpenTrialBound (27s)
✔ [9040/9132] Built OAI.Probability.CriticalPercolation.Exploration.Tagged (30s)
✔ [9041/9132] Built OAI.Probability.CriticalPercolation.Exploration.DecisionHistory (28s)
✔ [9042/9132] Built OAI.Probability.CriticalPercolation.Gluing.ContourSites (30s)
✔ [9043/9136] Built OAI.Probability.CriticalPercolation.Exploration.ListScore (32s)
✔ [9044/9136] Built OAI.Probability.CriticalPercolation.Exploration.ScoreCongrSupport (32s)
✔ [9045/9136] Built OAI.Probability.CriticalPercolation.Exploration.LocalNode (32s)
✔ [9046/9136] Built OAI.Probability.CriticalPercolation.GraphGeometry.RestrictVertices (32s)
✔ [9047/9136] Built OAI.Probability.CriticalPercolation.Gluing.PredictionFailure (32s)
✔ [9048/9136] Built OAI.Probability.CriticalPercolation.Gluing.CorridorGraph (32s)
✔ [9049/9136] Built OAI.Probability.CriticalPercolation.ProductMeasure.TrialProbability (32s)
✔ [9050/9136] Built OAI.Probability.CriticalPercolation.Exploration.ScoreMeanStep (33s)
✔ [9051/9143] Built OAI.Probability.CriticalPercolation.Exploration.TraceTagged (31s)
✔ [9052/9143] Built OAI.Probability.CriticalPercolation.Exploration.Users (31s)
✔ [9053/9143] Built OAI.Probability.CriticalPercolation.Gluing.ContourWords (31s)
✔ [9054/9143] Built OAI.Probability.CriticalPercolation.Gluing.PinnedTest (30s)
✔ [9055/9143] Built OAI.Probability.CriticalPercolation.ProductMeasure.ProductEmbedding (31s)
✔ [9056/9146] Built OAI.Probability.CriticalPercolation.Exploration.PrefixState (31s)
✔ [9057/9146] Built OAI.Probability.CriticalPercolation.GraphGeometry.HitEvent (31s)
✔ [9058/9146] Built OAI.Probability.CriticalPercolation.Gluing.SelectedTrials (34s)
✔ [9059/9151] Built OAI.Probability.CriticalPercolation.Gluing.LevelContactGeometry (27s)
✔ [9060/9151] Built OAI.Probability.CriticalPercolation.ProductMeasure.FreshRegionLaw (30s)
✔ [9061/9151] Built OAI.Probability.CriticalPercolation.ProductMeasure.RelayProbability (30s)
✔ [9062/9153] Built OAI.Probability.CriticalPercolation.Modular.InputMass (31s)
✔ [9063/9153] Built OAI.Probability.CriticalPercolation.Gluing.ConditionalGluing (30s)
✔ [9064/9153] Built OAI.Probability.CriticalPercolation.ProductMeasure.ContourProbability (31s)
✔ [9065/9153] Built OAI.Probability.CriticalPercolation.Exploration.CompileStop (31s)
✔ [9066/9153] Built OAI.Probability.CriticalPercolation.Gluing.CollarErrorBudget (31s)
✔ [9067/9160] Built OAI.Probability.CriticalPercolation.Exploration.GlobalNode (39s)
✔ [9068/9160] Built OAI.Probability.CriticalPercolation.ProductMeasure.FiniteOpenWitness (39s)
✔ [9069/9160] Built OAI.Probability.CriticalPercolation.Gluing.SlotContour (38s)
✔ [9070/9160] Built OAI.Probability.CriticalPercolation.Gluing.FreshContactTransfer (38s)
✔ [9071/9160] Built OAI.Probability.CriticalPercolation.Gluing.SourceGraph (38s)
✔ [9072/9160] Built OAI.Probability.CriticalPercolation.Gluing.CorridorScaleChoice (39s)
✔ [9073/9160] Built OAI.Probability.CriticalPercolation.ProductMeasure.LevelContactMeasurability (39s)
✔ [9074/9163] Built OAI.Probability.CriticalPercolation.Gluing.RelayMoves (39s)
✔ [9075/9163] Built OAI.Probability.CriticalPercolation.ProductMeasure.MeasurableSetRestrict (31s)
✔ [9076/9163] Built OAI.Probability.CriticalPercolation.Criticality.RestrictedSeed (30s)
✔ [9077/9165] Built OAI.Probability.CriticalPercolation.ProductMeasure.MonotoneIndicatorUpper (31s)
✔ [9078/9165] Built OAI.Probability.CriticalPercolation.GraphGeometry.MarkConnectivity (31s)
✔ [9079/9165] Built OAI.Probability.CriticalPercolation.Modular.ClusterDiscrepancy (31s)
✔ [9080/9165] Built OAI.Probability.CriticalPercolation.Exploration.IncidenceSearch (31s)
✔ [9081/9166] Built OAI.Probability.CriticalPercolation.Exploration.TargetSearch (31s)
✔ [9082/9166] Built OAI.Probability.CriticalPercolation.GraphGeometry.LatticeGrowth (32s)
✔ [9083/9170] Built OAI.Probability.CriticalPercolation.Exploration.CompileEmptyReads (32s)
✔ [9084/9170] Built OAI.Probability.CriticalPercolation.Gluing.FewContacts (33s)
✔ [9085/9170] Built OAI.Probability.CriticalPercolation.Gluing.ContactSelection (33s)
✔ [9086/9170] Built OAI.Probability.CriticalPercolation.Criticality.DyadicBound (33s)
✔ [9087/9172] Built OAI.Probability.CriticalPercolation.Clusters.ClusterTail (33s)
✔ [9088/9172] Built OAI.Probability.CriticalPercolation.Gluing.RelayScales (33s)
✔ [9089/9172] Built OAI.Probability.CriticalPercolation.Exploration.BallIncidence (33s)
✔ [9090/9174] Built OAI.Probability.CriticalPercolation.Gluing.CorridorNormalization (33s)
✔ [9091/9174] Built OAI.Probability.CriticalPercolation.Gluing.SourceRelaySeparation (39s)
✔ [9092/9189] Built OAI.Probability.CriticalPercolation.Exploration.GrowthHistoryGeometry (39s)
✔ [9093/9189] Built OAI.Probability.CriticalPercolation.Gluing.FreshCollar (39s)
✔ [9094/9189] Built OAI.Probability.CriticalPercolation.Gluing.MoveWitness (39s)
✔ [9095/9189] Built OAI.Probability.CriticalPercolation.Criticality.SubexponentialVolumes (39s)
✔ [9096/9189] Built OAI.Probability.CriticalPercolation.GraphGeometry.UniformGeometry (39s)
✔ [9097/9189] Built OAI.Probability.CriticalPercolation.Clusters.PercolationTail (39s)
✔ [9098/9191] Built OAI.Probability.CriticalPercolation.Exploration.ClosedFresh (39s)
✔ [9099/9191] Built OAI.Probability.CriticalPercolation.Criticality.GrowthProcess (37s)
✔ [9100/9191] Built OAI.Probability.CriticalPercolation.Gluing.DistanceCollarTransfer (37s)
✔ [9101/9191] Built OAI.Probability.CriticalPercolation.Modular.MoveTransport (37s)
✔ [9102/9191] Built OAI.Probability.CriticalPercolation.GraphGeometry.InfiniteEventSubsetHit (37s)
✔ [9103/9191] Built OAI.Probability.CriticalPercolation.Criticality.OpenRay (37s)
✔ [9104/9191] Built OAI.Probability.CriticalPercolation.Criticality.FavoredFinite (37s)
✔ [9105/9191] Built OAI.Probability.CriticalPercolation.Gluing.MoveExit (37s)
✔ [9106/9191] Built OAI.Probability.CriticalPercolation.Gluing.SourceLift (38s)
✔ [9107/9193] Built OAI.Probability.CriticalPercolation.ProductMeasure.ForceClosed (34s)
✔ [9108/9193] Built OAI.Probability.CriticalPercolation.Exploration.CompileContactScoreErase (34s)
✔ [9109/9193] Built OAI.Probability.CriticalPercolation.Gluing.StoredPrediction (34s)
✔ [9110/9193] Built OAI.Probability.CriticalPercolation.GraphGeometry.CoordinateScheme (34s)
✔ [9111/9193] Built OAI.Probability.CriticalPercolation.ProductMeasure.QueryMartingale (34s)
✔ [9112/9193] Built OAI.Probability.CriticalPercolation.GraphGeometry.EllipseExit (34s)
✔ [9113/9193] Built OAI.Probability.CriticalPercolation.GraphGeometry.StripCompactness (34s)
✔ [9114/9193] Built OAI.Probability.CriticalPercolation.GraphGeometry.EuclideanEllipse (34s)
✔ [9115/9193] Built OAI.Probability.CriticalPercolation.Exploration.SearchContactMoments (32s)
✔ [9116/9193] Built OAI.Probability.CriticalPercolation.Exploration.QueryBand (32s)
✔ [9117/9199] Built OAI.Probability.CriticalPercolation.Criticality.ActualGrowth (32s)
✔ [9118/9199] Built OAI.Probability.CriticalPercolation.Gluing.SourceCollarTransfer (32s)
✔ [9119/9199] Built OAI.Probability.CriticalPercolation.Gluing.SourceConnectivity (32s)
✔ [9120/9199] Built OAI.Probability.CriticalPercolation.Exploration.IncidenceIdentity (32s)
✔ [9121/9199] Built OAI.Probability.CriticalPercolation.GraphGeometry.StripLinear (32s)
✔ [9122/9201] Built OAI.Probability.CriticalPercolation.Gluing.StripMoves (33s)
✔ [9123/9208] Built OAI.Probability.CriticalPercolation.Exploration.QueryDelta (34s)
✔ [9124/9208] Built OAI.Probability.CriticalPercolation.Criticality.GrowthEstimate (34s)
✔ [9125/9208] Built OAI.Probability.CriticalPercolation.Gluing.FreshCollarExact (34s)
✔ [9126/9208] Built OAI.Probability.CriticalPercolation.ProductMeasure.SourceEventLaw (34s)
✔ [9127/9208] Built OAI.Probability.CriticalPercolation.Exploration.QueryNormalized (34s)
✔ [9128/9208] Built OAI.Probability.CriticalPercolation.GraphGeometry.EllipseSeed (34s)
✔ [9129/9208] Built OAI.Probability.CriticalPercolation.GraphGeometry.EllipseMesh (34s)
✔ [9130/9208] Built OAI.Probability.CriticalPercolation.Criticality.DiskWinding (34s)
✔ [9131/9210] Built OAI.Probability.CriticalPercolation.Exploration.ClosedPivotWeight (31s)
✔ [9132/9210] Built OAI.Probability.CriticalPercolation.GraphGeometry.StripContinuity (31s)
✔ [9133/9210] Built OAI.Probability.CriticalPercolation.ProductMeasure.EllipseProbability (31s)
✔ [9134/9210] Built OAI.Probability.CriticalPercolation.Criticality.HeightCuts (31s)
✔ [9135/9210] Built OAI.Probability.CriticalPercolation.ProductMeasure.ClosedCutProbability (31s)
✔ [9136/9210] Built OAI.Probability.CriticalPercolation.GraphGeometry.MovingStrips (32s)
✔ [9137/9211] Built OAI.Probability.CriticalPercolation.Exploration.SequentialExposure (32s)
✔ [9138/9211] Built OAI.Probability.CriticalPercolation.GraphGeometry.EllipseLinear (32s)
✔ [9139/9211] Built OAI.Probability.CriticalPercolation.Gluing.FreshCorridor (29s)
✔ [9140/9211] Built OAI.Probability.CriticalPercolation.Gluing.RootCorridor (29s)
✔ [9141/9211] Built OAI.Probability.CriticalPercolation.Criticality.OneDimensionalCritical (28s)
✔ [9142/9211] Built OAI.Probability.CriticalPercolation.GraphGeometry.GraphAction (29s)
✔ [9143/9211] Built OAI.Probability.CriticalPercolation.GraphGeometry.ActionCoordinates (29s)
✔ [9144/9211] Built OAI.Probability.CriticalPercolation.Entropy.ReverseGuess (28s)
✔ [9145/9211] Built OAI.Probability.CriticalPercolation.GraphGeometry.EllipseGrid (29s)
✔ [9146/9212] Built OAI.Probability.CriticalPercolation.GraphGeometry.StripOrigin (30s)
✔ [9147/9215] Built OAI.Probability.CriticalPercolation.Exploration.SearchMarkedContactBound (35s)
✔ [9148/9215] Built OAI.Probability.CriticalPercolation.Gluing.ProspectiveCorridor (33s)
✔ [9149/9215] Built OAI.Probability.CriticalPercolation.GraphGeometry.InducedCritical (35s)
✔ [9150/9219] Built OAI.Probability.CriticalPercolation.Exploration.QueryGeometry (35s)
✔ [9151/9219] Built OAI.Probability.CriticalPercolation.GraphGeometry.EllipseBoundary (35s)
✔ [9152/9219] Built OAI.Probability.CriticalPercolation.Gluing.EllipseMoves (35s)
✔ [9153/9219] Built OAI.Probability.CriticalPercolation.GraphGeometry.CoordinateRotation (35s)
✔ [9154/9219] Built OAI.Probability.CriticalPercolation.Entropy.BinaryLaw (36s)
✔ [9155/9220] Built OAI.Probability.CriticalPercolation.Classification.AlgebraicDescent (35s)
✔ [9156/9220] Built OAI.Probability.CriticalPercolation.Nilpotent.CyclicSubgroupIndex (35s)
✔ [9157/9223] Built OAI.Probability.CriticalPercolation.GraphGeometry.EllipseAngles (34s)
✔ [9158/9223] Built OAI.Probability.CriticalPercolation.Criticality.SubgroupFiniteIndexExtension (35s)
✔ [9159/9223] Built OAI.Probability.CriticalPercolation.Exploration.CompileContactPrefixCongr (35s)
✔ [9160/9223] Built OAI.Probability.CriticalPercolation.ProductMeasure.SourceMissLaw (35s)
✔ [9161/9223] Built OAI.Probability.CriticalPercolation.Criticality.ComponentCritical (35s)
✔ [9162/9223] Built OAI.Probability.CriticalPercolation.Nilpotent.FiniteCyclicConstruction (37s)
✔ [9163/9224] Built OAI.Probability.CriticalPercolation.Entropy.BinaryWords (35s)
✔ [9164/9224] Built OAI.Probability.CriticalPercolation.GraphGeometry.EllipseSeparation (35s)
✔ [9165/9224] Built OAI.Probability.CriticalPercolation.GraphGeometry.FiniteKernelDescent (35s)
✔ [9166/9224] Built OAI.Probability.CriticalPercolation.GraphGeometry.FiniteKernelOrbits (35s)
✔ [9167/9224] Built OAI.Probability.CriticalPercolation.Entropy.BinarySupport (35s)
✔ [9168/9224] Built OAI.Probability.CriticalPercolation.Gluing.CoordinateProspective (34s)
✔ [9169/9224] Built OAI.Probability.CriticalPercolation.Modular.CappedDiscrepancy (35s)
✔ [9170/9224] Built OAI.Probability.CriticalPercolation.GraphGeometry.EquivariantCoordinates (36s)
✔ [9171/9230] Built OAI.Probability.CriticalPercolation.Gluing.ApproximateMoveEndgame (37s)
✔ [9172/9230] Built OAI.Probability.CriticalPercolation.Exploration.IncidenceDegree (37s)
✔ [9173/9230] Built OAI.Probability.CriticalPercolation.GraphGeometry.EllipseOrigin (38s)
✔ [9174/9230] Built OAI.Probability.CriticalPercolation.Nilpotent.FreeAbelianDescent (38s)
✔ [9175/9230] Built OAI.Probability.CriticalPercolation.Nilpotent.FiniteCyclicInheritance (38s)
✔ [9176/9230] Built OAI.Probability.CriticalPercolation.Exploration.ClusterUsers (38s)
✔ [9177/9230] Built OAI.Probability.CriticalPercolation.Entropy.BinaryForest (38s)
✔ [9178/9230] Built OAI.Probability.CriticalPercolation.Entropy.BinaryRaw (38s)
✔ [9179/9244] Built OAI.Probability.CriticalPercolation.GraphGeometry.StripUniform (39s)
✔ [9180/9244] Built OAI.Probability.CriticalPercolation.Criticality.FiniteSusceptibility (39s)
✔ [9181/9244] Built OAI.Probability.CriticalPercolation.GraphGeometry.EllipseUniform (39s)
✔ [9182/9244] Built OAI.Probability.CriticalPercolation.Nilpotent.AbelianDescent (39s)
✔ [9183/9244] Built OAI.Probability.CriticalPercolation.GraphGeometry.GraphActionCoordinates (39s)
✔ [9184/9244] Built OAI.Probability.CriticalPercolation.GraphGeometry.InducedAutomorphism (39s)
✔ [9185/9244] Built OAI.Probability.CriticalPercolation.Criticality.IntegerBoxes (39s)
✔ [9186/9247] Built OAI.Probability.CriticalPercolation.GraphGeometry.FiniteAdjacent (40s)
✔ [9187/9257] Built OAI.Probability.CriticalPercolation.GraphGeometry.OrbitQuotientTransfer (35s)
✔ [9188/9257] Built OAI.Probability.CriticalPercolation.GraphGeometry.RestrictedAction (35s)
✔ [9189/9257] Built OAI.Probability.CriticalPercolation.Nilpotent.CentralCommutatorGeneration (34s)
✔ [9190/9257] Built OAI.Probability.CriticalPercolation.Nilpotent.CyclicModTorsion (34s)
✔ [9191/9257] Built OAI.Probability.CriticalPercolation.Nilpotent.AbelianAlternatives (34s)
✔ [9192/9258] Built OAI.Probability.CriticalPercolation.Exploration.PrefixScoreNonneg (35s)
✔ [9193/9258] Built OAI.Probability.CriticalPercolation.Entropy.MarkedBits (35s)
✔ [9194/9261] Built OAI.Probability.CriticalPercolation.Entropy.BinaryMarks (35s)
✔ [9195/9262] Built OAI.Probability.CriticalPercolation.Exploration.TranscriptWeight (31s)
✔ [9196/9262] Built OAI.Probability.CriticalPercolation.Entropy.RecursiveLikelihood (32s)
✔ [9197/9262] Built OAI.Probability.CriticalPercolation.Nilpotent.CentralCommutatorQuotient (32s)
✔ [9198/9262] Built OAI.Probability.CriticalPercolation.Criticality.ClassTwoRankOne (32s)
✔ [9199/9262] Built OAI.Probability.CriticalPercolation.GraphGeometry.FiniteIndexAction (32s)
✔ [9200/9262] Built OAI.Probability.CriticalPercolation.GraphGeometry.HitEventUpperSet (32s)
✔ [9201/9264] Built OAI.Probability.CriticalPercolation.GraphGeometry.ComponentAction (32s)
✔ [9202/9265] Built OAI.Probability.CriticalPercolation.Criticality.BandScale (32s)
✔ [9203/9267] Built OAI.Probability.CriticalPercolation.Nilpotent.LowerCentralFG (32s)
✔ [9204/9267] Built OAI.Probability.CriticalPercolation.Nilpotent.FGExtensions (32s)
✔ [9205/9267] Built OAI.Probability.CriticalPercolation.Nilpotent.CentralCommutatorFinite (32s)
✔ [9206/9267] Built OAI.Probability.CriticalPercolation.Growth.SuperpolynomialAlgebra (32s)
✔ [9207/9267] Built OAI.Probability.CriticalPercolation.Growth.SuperpolynomialRadius (32s)
✔ [9208/9268] Built OAI.Probability.CriticalPercolation.Entropy.BinarySwitches (32s)
✔ [9209/9268] Built OAI.Probability.CriticalPercolation.GraphGeometry.DeletedTailGeometry (32s)
✔ [9210/9270] Built OAI.Probability.CriticalPercolation.Entropy.BinaryDescriptor (33s)
✔ [9211/9273] Built OAI.Probability.CriticalPercolation.Entropy.BinaryPrefix (31s)
✔ [9212/9273] Built OAI.Probability.CriticalPercolation.Classification.RestrictedQuotient (32s)
✔ [9213/9273] Built OAI.Probability.CriticalPercolation.Nilpotent.NilpotentSubgroupFG (32s)
✔ [9214/9273] Built OAI.Probability.CriticalPercolation.Nilpotent.LowerCentralFinite (32s)
✔ [9215/9273] Built OAI.Probability.CriticalPercolation.Nilpotent.LowerCentralTailFinite (31s)
✔ [9216/9273] Built OAI.Probability.CriticalPercolation.Nilpotent.NilpotentCyclicConstruction (32s)
✔ [9217/9273] Built OAI.Probability.CriticalPercolation.GraphGeometry.OrbitalPower (32s)
✔ [9218/9273] Built OAI.Probability.CriticalPercolation.Entropy.BinaryOutput (32s)
✔ [9219/9284] Built OAI.Probability.CriticalPercolation.Nilpotent.NilpotentFinite (34s)
✔ [9220/9284] Built OAI.Probability.CriticalPercolation.Nilpotent.NilpotentRankOne (34s)
✔ [9221/9284] Built OAI.Probability.CriticalPercolation.GraphGeometry.OrbitalAction (34s)
✔ [9222/9284] Built OAI.Probability.CriticalPercolation.Criticality.CylinderApproximation (34s)
✔ [9223/9284] Built OAI.Probability.CriticalPercolation.Exploration.SliceExploration (34s)
✔ [9224/9284] Built OAI.Probability.CriticalPercolation.Criticality.FewOpenBonds (34s)
✔ [9225/9284] Built OAI.Probability.CriticalPercolation.Entropy.BinaryParents (34s)
✔ [9226/9284] Built OAI.Probability.CriticalPercolation.Entropy.BinaryConfiguration (35s)
✔ [9227/9287] Built OAI.Probability.CriticalPercolation.Nilpotent.NilpotentAlternatives (33s)
✔ [9228/9287] Built OAI.Probability.CriticalPercolation.Exploration.FrontierDivergence (33s)
✔ [9229/9287] Built OAI.Probability.CriticalPercolation.Modular.RelativeModular (33s)
✔ [9230/9287] Built OAI.Probability.CriticalPercolation.GraphGeometry.BallCutGeometry (33s)
✔ [9231/9292] Built OAI.Probability.CriticalPercolation.Criticality.GrowthAlternatives (33s)
✔ [9232/9292] Built OAI.Probability.CriticalPercolation.GraphGeometry.Link2 (33s)
✔ [9233/9297] Built OAI.Probability.CriticalPercolation.Entropy.BinaryPairs (33s)
✔ [9234/9297] Built OAI.Probability.CriticalPercolation.Criticality.Weight (33s)
✔ [9235/9313] Built OAI.Probability.CriticalPercolation.Entropy.BinaryCostBound (33s)
✔ [9236/9313] Built OAI.Probability.CriticalPercolation.Nilpotent.NilpotentDescent (33s)
✔ [9237/9313] Built OAI.Probability.CriticalPercolation.Criticality.ClosedBoundedCuts (33s)
✔ [9238/9316] Built OAI.Probability.CriticalPercolation.Exploration.OpenFrontierDivergence (33s)
✔ [9239/9316] Built OAI.Probability.CriticalPercolation.Modular.GraphModular (33s)
✔ [9240/9316] Built OAI.Probability.CriticalPercolation.Criticality.BoundaryCount (33s)
✔ [9241/9317] Built OAI.Probability.CriticalPercolation.Entropy.BinaryCosts (33s)
✔ [9242/9317] Built OAI.Probability.CriticalPercolation.Criticality.CutInside (33s)
✔ [9243/9319] Built OAI.Probability.CriticalPercolation.Modular.ModularGrowth (31s)
✔ [9244/9319] Built OAI.Probability.CriticalPercolation.Criticality.SparseLinearCritical (32s)
✔ [9245/9319] Built OAI.Probability.CriticalPercolation.Modular.ModularClusterMass (31s)
✔ [9246/9319] Built OAI.Probability.CriticalPercolation.GraphGeometry.OrbitRepresentatives (32s)
✔ [9247/9319] Built OAI.Probability.CriticalPercolation.Gluing.UniformFreshBoundary (32s)
✔ [9248/9319] Built OAI.Probability.CriticalPercolation.Modular.Unimodularity (32s)
✔ [9249/9321] Built OAI.Probability.CriticalPercolation.Modular.ClusterMassInfinite (32s)
✔ [9250/9322] Built OAI.Probability.CriticalPercolation.Modular.WeightedQuery (40s)
✔ [9251/9322] Built OAI.Probability.CriticalPercolation.ProductMeasure.ContinuousProbability (31s)
✔ [9252/9322] Built OAI.Probability.CriticalPercolation.Modular.ClusterTransportGeometry (31s)
✔ [9253/9322] Built OAI.Probability.CriticalPercolation.Modular.PeakClusters (31s)
✔ [9254/9325] Built OAI.Probability.CriticalPercolation.Modular.OrbitalMassTransport (31s)
✔ [9255/9325] Built OAI.Probability.CriticalPercolation.Criticality.Leak (31s)
✔ [9256/9325] Built OAI.Probability.CriticalPercolation.Modular.ClusterMassFinite (23s)
✔ [9257/9325] Built OAI.Probability.CriticalPercolation.Modular.ModularIncidence (31s)
✔ [9258/9327] Built OAI.Probability.CriticalPercolation.Entropy.BinaryTranscript (31s)
✔ [9259/9327] Built OAI.Probability.CriticalPercolation.Modular.TiltedMassTransport (31s)
✔ [9260/9331] Built OAI.Probability.CriticalPercolation.Criticality.SharpnessPhi (31s)
✔ [9261/9331] Built OAI.Probability.CriticalPercolation.Modular.WeightedQueryBand (31s)
✔ [9262/9331] Built OAI.Probability.CriticalPercolation.Modular.WeightedIncidenceSearch (31s)
✔ [9263/9331] Built OAI.Probability.CriticalPercolation.Modular.WeightedDiscrepancy (31s)
✔ [9264/9331] Built OAI.Probability.CriticalPercolation.Modular.ModularSuperlevels (31s)
✔ [9265/9331] Built OAI.Probability.CriticalPercolation.Modular.ClusterMassRestriction (31s)
✔ [9266/9331] Built OAI.Probability.CriticalPercolation.Modular.ClusterTransportSums (32s)
✔ [9267/9333] Built OAI.Probability.CriticalPercolation.GraphGeometry.FiniteSumConnection (30s)
✔ [9268/9333] Built OAI.Probability.CriticalPercolation.Criticality.InfiniteEscapeLowerBound (29s)
✔ [9269/9333] Built OAI.Probability.CriticalPercolation.Modular.TiltedTransportENNReal (30s)
✔ [9270/9333] Built OAI.Probability.CriticalPercolation.Modular.WeightedIntegralBand (30s)
✔ [9271/9333] Built OAI.Probability.CriticalPercolation.Modular.PeakRatioTransport (29s)
✔ [9272/9334] Built OAI.Probability.CriticalPercolation.Entropy.BinaryStages (30s)
✔ [9273/9336] Built OAI.Probability.CriticalPercolation.Entropy.BinaryInverseCost (30s)
✔ [9274/9336] Built OAI.Probability.CriticalPercolation.Entropy.BinaryReverseKernels (30s)
✔ [9275/9341] Built OAI.Probability.CriticalPercolation.Modular.RandomTiltedTransport (27s)
✔ [9276/9341] Built OAI.Probability.CriticalPercolation.Criticality.FourthMomentFatou (28s)
✔ [9277/9341] Built OAI.Probability.CriticalPercolation.Criticality.GeometricFourth (27s)
✔ [9278/9346] Built OAI.Probability.CriticalPercolation.Modular.WeightedQueryLaw (28s)
✔ [9279/9350] Built OAI.Probability.CriticalPercolation.Modular.WeightedExplorationCost (28s)
✔ [9280/9350] Built OAI.Probability.CriticalPercolation.Modular.WeightedDiscrepancyLimit (28s)
✔ [9281/9352] Built OAI.Probability.CriticalPercolation.Criticality.DeleteImageIso (28s)
✔ [9282/9352] Built OAI.Probability.CriticalPercolation.Modular.ClusterTransportFinite (29s)
✔ [9283/9357] Built OAI.Probability.CriticalPercolation.Criticality.TwoPoint (35s)
✔ [9284/9357] Built OAI.Probability.CriticalPercolation.ProductMeasure.MonotoneBernoulli (36s)
✔ [9285/9357] Built OAI.Probability.CriticalPercolation.Criticality.AutDisplacement (36s)
✔ [9286/9360] Built OAI.Probability.CriticalPercolation.Modular.ClusterTransportLimit (35s)
✔ [9287/9360] Built OAI.Probability.CriticalPercolation.Modular.HeavyPeaks (36s)
✔ [9288/9360] Built OAI.Probability.CriticalPercolation.Modular.ModularClusterCount (36s)
✔ [9289/9360] Built OAI.Probability.CriticalPercolation.ProductMeasure.BernoulliErgodicity (36s)
✔ [9290/9362] Built OAI.Probability.CriticalPercolation.Entropy.BinaryReversePrices (36s)
✔ [9291/9382] Built OAI.Probability.CriticalPercolation.Criticality.TwoPointSelf (33s)
✔ [9292/9382] Built OAI.Probability.CriticalPercolation.Modular.MarkedTiltedTransport (33s)
✔ [9293/9382] Built OAI.Probability.CriticalPercolation.Clusters.GraphErgodicity (33s)
✔ [9294/9382] Built OAI.Probability.CriticalPercolation.Clusters.FiniteForcing (33s)
✔ [9295/9382] Built OAI.Probability.CriticalPercolation.ProductMeasure.BernoulliSingleton (33s)
✔ [9296/9383] Built OAI.Probability.CriticalPercolation.Modular.PeakReturn (34s)
✔ [9297/9383] Built OAI.Probability.CriticalPercolation.Modular.NormalizedIncidenceTransport (33s)
✔ [9298/9383] Built OAI.Probability.CriticalPercolation.Entropy.BinaryLikelihood (33s)
✔ [9299/9386] Built OAI.Probability.CriticalPercolation.Modular.ExpectedIncidenceTransport (21s)
✔ [9300/9386] Built OAI.Probability.CriticalPercolation.Modular.HeavyHarris (21s)
✔ [9301/9386] Built OAI.Probability.CriticalPercolation.ProductMeasure.BernoulliThinning (21s)
✔ [9302/9386] Built OAI.Probability.CriticalPercolation.Modular.ModularCharacter (21s)
✔ [9303/9386] Built OAI.Probability.CriticalPercolation.Modular.LightSliceFrontier (21s)
✔ [9304/9387] Built OAI.Probability.CriticalPercolation.ProductMeasure.BernoulliSingletonIntegration (22s)
✔ [9305/9387] Built OAI.Probability.CriticalPercolation.Criticality.InvariantFiniteSets (22s)
✔ [9306/9391] Built OAI.Probability.CriticalPercolation.Criticality.SubcriticalLocalRateBound (22s)
✔ [9307/9401] Built OAI.Probability.CriticalPercolation.Modular.WeightedPeakTransport (22s)
✔ [9308/9401] Built OAI.Probability.CriticalPercolation.Modular.LightClusterNumber (22s)
✔ [9309/9401] Built OAI.Probability.CriticalPercolation.Gluing.FreshExitWitness (22s)
✔ [9310/9401] Built OAI.Probability.CriticalPercolation.Criticality.UniformLocalContinuity (21s)
✔ [9311/9410] Built OAI.Probability.CriticalPercolation.Entropy.BinaryReferenceLikelihood (22s)
✔ [9312/9410] Built OAI.Probability.CriticalPercolation.Modular.HeavyThinning (22s)
✔ [9313/9410] Built OAI.Probability.CriticalPercolation.Criticality.DescendingFan (22s)
✔ [9314/9413] Built OAI.Probability.CriticalPercolation.Criticality.CriticalFragility (22s)
✔ [9315/9413] Built OAI.Probability.CriticalPercolation.Criticality.IntrinsicCriticalFragility (24s)
✔ [9316/9413] Built OAI.Probability.CriticalPercolation.Modular.PeakVolumeBand (25s)
✔ [9317/9413] Built OAI.Probability.CriticalPercolation.Gluing.FreshExitContinuity (25s)
✔ [9318/9416] Built OAI.Probability.CriticalPercolation.Entropy.BinaryOutputEntropy (25s)
✔ [9319/9418] Built OAI.Probability.CriticalPercolation.GraphGeometry.NormalOrbitAction (26s)
✔ [9320/9418] Built OAI.Probability.CriticalPercolation.Modular.ActionOrbitTransport (26s)
✔ [9321/9418] Built OAI.Probability.CriticalPercolation.Growth.SparseDoubling (27s)
✔ [9322/9421] Built OAI.Probability.CriticalPercolation.GraphGeometry.OrbitalScales (30s)
✔ [9323/9424] Built OAI.Probability.CriticalPercolation.Entropy.BinaryEventBound (28s)
✔ [9324/9424] Built OAI.Probability.CriticalPercolation.Modular.WeightedPeakBand (29s)
✔ [9325/9424] Built OAI.Probability.CriticalPercolation.Modular.NormalizedDiscrepancy (28s)
✔ [9326/9424] Built OAI.Probability.CriticalPercolation.GraphTopology.GraphAutomorphismTopology (29s)
✔ [9327/9424] Built OAI.Probability.CriticalPercolation.Growth.HomogeneousTransport (27s)
✔ [9328/9427] Built OAI.Probability.CriticalPercolation.Modular.ActionMassTransport (26s)
✔ [9329/9427] Built OAI.Probability.CriticalPercolation.GraphGeometry.FiniteActionAverage (29s)
✔ [9330/9427] Built OAI.Probability.CriticalPercolation.Growth.PolynomialGrowthDescent (28s)
✔ [9331/9428] Built OAI.Probability.CriticalPercolation.Modular.ActionUnimodularRoot (30s)
✔ [9332/9430] Built OAI.Probability.CriticalPercolation.Criticality.FiniteInterpolation (34s)
✔ [9333/9430] Built OAI.Probability.CriticalPercolation.GraphTopology.OrbitalNeighborhoods (34s)
✔ [9334/9430] Built OAI.Probability.CriticalPercolation.GraphTopology.GraphNeighborhoodCompact (34s)
✔ [9335/9430] Built OAI.Probability.CriticalPercolation.Harmonic.HarmonicFunctionSpace (34s)
✔ [9336/9430] Built OAI.Probability.CriticalPercolation.Harmonic.HarmonicEnergy (29s)
✔ [9337/9430] Built OAI.Probability.CriticalPercolation.Modular.GeometricPeakBand (34s)
✔ [9338/9430] Built OAI.Probability.CriticalPercolation.Harmonic.CayleyPoincare (34s)
✔ [9339/9437] Built OAI.Probability.CriticalPercolation.Criticality.FiniteInterpolationUniform (27s)
✔ [9340/9437] Built OAI.Probability.CriticalPercolation.GraphGeometry.OrbitalPacking (27s)
✔ [9341/9437] Built OAI.Probability.CriticalPercolation.GraphGeometry.GraphApproximateNeighborhoods (27s)
✔ [9342/9437] Built OAI.Probability.CriticalPercolation.GraphGeometry.FiniteCoverSums (27s)
✔ [9343/9437] Built OAI.Probability.CriticalPercolation.Modular.ModularLevelGeometry (28s)
✔ [9344/9437] Built OAI.Probability.CriticalPercolation.Growth.WordLengthGeometry (31s)
✔ [9345/9439] Built OAI.Probability.CriticalPercolation.GraphGeometry.OrbitalFiniteGeneration (28s)
✔ [9346/9440] Built OAI.Probability.CriticalPercolation.Criticality.NormalClosureGrowth (30s)
✔ [9347/9443] Built OAI.Probability.CriticalPercolation.ProductMeasure.FiniteInterpolationMeasure (34s)
✔ [9348/9443] Built OAI.Probability.CriticalPercolation.Modular.DiscrepancyTail (34s)
✔ [9349/9443] Built OAI.Probability.CriticalPercolation.Growth.HomogeneousGeometry (34s)
✔ [9350/9443] Built OAI.Probability.CriticalPercolation.Growth.WordBallPacking (34s)
✔ [9351/9443] Built OAI.Probability.CriticalPercolation.Harmonic.GeneralizedGramSpectrum (35s)
✔ [9352/9443] Built OAI.Probability.CriticalPercolation.Harmonic.CayleyCaccioppoli (36s)
✔ [9353/9443] Built OAI.Probability.CriticalPercolation.Growth.RealSparseDoubling (37s)
✔ [9354/9444] Built OAI.Probability.CriticalPercolation.Harmonic.LazyWalkHilbert (53s)
✔ [9355/9444] Built OAI.Probability.CriticalPercolation.Criticality.ExhaustionEvents (32s)
✔ [9356/9444] Built OAI.Probability.CriticalPercolation.Classification.FaithfulOrbitalModel (32s)
✔ [9357/9444] Built OAI.Probability.CriticalPercolation.Modular.FiniteClusterTransport (30s)
✔ [9358/9444] Built OAI.Probability.CriticalPercolation.Criticality.WitnessEvents (29s)
✔ [9359/9444] Built OAI.Probability.CriticalPercolation.Criticality.MinimalPair (32s)
✔ [9360/9444] Built OAI.Probability.CriticalPercolation.Criticality.FiniteNearbyPair (32s)
✔ [9361/9444] Built OAI.Probability.CriticalPercolation.Modular.ClusterMassEndpointFinite (32s)
✔ [9362/9444] Built OAI.Probability.CriticalPercolation.Modular.HeavyDiscrepancy (20s)
✔ [9363/9446] Built OAI.Probability.CriticalPercolation.Harmonic.PolynomialHarmonicSpace (25s)
✔ [9364/9446] Built OAI.Probability.CriticalPercolation.Harmonic.FunctionGramMatrix (25s)
✔ [9365/9446] Built OAI.Probability.CriticalPercolation.LinearGroups.MatrixLowGrowthSubspace (25s)
✔ [9366/9446] Built OAI.Probability.CriticalPercolation.Growth.SparseEnergyRatio (25s)
✔ [9367/9446] Built OAI.Probability.CriticalPercolation.Growth.HomogeneousAverage (26s)
✔ [9368/9446] Built OAI.Probability.CriticalPercolation.Criticality.PairedSparseScales (26s)
✔ [9369/9446] Built OAI.Probability.CriticalPercolation.Harmonic.CoverPoincare (27s)
✔ [9370/9446] Built OAI.Probability.CriticalPercolation.Harmonic.LazyWalkProbability (22s)
✔ [9371/9447] Built OAI.Probability.CriticalPercolation.Criticality.FiniteEdgeInterpolation (26s)
✔ [9372/9447] Built OAI.Probability.CriticalPercolation.GraphGeometry.AdjacentLog (27s)
✔ [9373/9447] Built OAI.Probability.CriticalPercolation.Criticality.ParameterLeftBounds (27s)
✔ [9374/9447] Built OAI.Probability.CriticalPercolation.Modular.ClusterMassEndpoint (26s)
✔ [9375/9448] Built OAI.Probability.CriticalPercolation.Modular.SignedDiscrepancyContinuity (26s)
✔ [9376/9448] Built OAI.Probability.CriticalPercolation.Criticality.ContractingDomains (27s)
✔ [9377/9448] Built OAI.Probability.CriticalPercolation.LinearGroups.SolvableGrowth (25s)
✔ [9378/9448] Built OAI.Probability.CriticalPercolation.ProductMeasure.FiniteAdjacentMeasure (23s)
✔ [9379/9449] Built OAI.Probability.CriticalPercolation.Criticality.RestrictedInterpolation (32s)
✔ [9380/9449] Built OAI.Probability.CriticalPercolation.Modular.SignedIncidenceTransport (31s)
✔ [9381/9449] Built OAI.Probability.CriticalPercolation.Harmonic.WalkEnergyLower (32s)
✔ [9382/9449] Built OAI.Probability.CriticalPercolation.Nilpotent.FiniteKernelNilpotent (31s)
✔ [9383/9449] Built OAI.Probability.CriticalPercolation.Growth.KernelGrowthDescent (29s)
✔ [9384/9449] Built OAI.Probability.CriticalPercolation.Modular.UnimodularAverages (32s)
✔ [9385/9449] Built OAI.Probability.CriticalPercolation.Growth.HomogeneousGrowth (32s)
✔ [9386/9449] Built OAI.Probability.CriticalPercolation.Harmonic.GramGrowthScales (32s)
✔ [9387/9453] Built OAI.Probability.CriticalPercolation.ProductMeasure.SusceptibilityMeasure (33s)
✔ [9388/9453] Built OAI.Probability.CriticalPercolation.GraphGeometry.NestedLayerGeometry (33s)
✔ [9389/9453] Built OAI.Probability.CriticalPercolation.Harmonic.WalkAlmostHarmonic (33s)
✔ [9390/9453] Built OAI.Probability.CriticalPercolation.Criticality.VirtualIndicability (33s)
✔ [9391/9453] Built OAI.Probability.CriticalPercolation.Nilpotent.SolvableSubgroupFG (33s)
✔ [9392/9455] Built OAI.Probability.CriticalPercolation.Criticality.InfiniteInterpolation (33s)
✔ [9393/9455] Built OAI.Probability.CriticalPercolation.Criticality.SignedCountIdentity (33s)
✔ [9394/9458] Built OAI.Probability.CriticalPercolation.GraphGeometry.InfiniteAdjacent (34s)
✔ [9395/9461] Built OAI.Probability.CriticalPercolation.Criticality.PositiveCritical (33s)
✔ [9396/9461] Built OAI.Probability.CriticalPercolation.Criticality.InfiniteNearbyPair (33s)
✔ [9397/9461] Built OAI.Probability.CriticalPercolation.Modular.UnimodularAdjacent (33s)
✔ [9398/9461] Built OAI.Probability.CriticalPercolation.Criticality.ExpandingCharacterGrowth (33s)
✔ [9399/9461] Built OAI.Probability.CriticalPercolation.LinearGroups.MatrixPeriodicDirection (33s)
✔ [9400/9462] Built OAI.Probability.CriticalPercolation.Harmonic.ProjectedWalkFunctions (33s)
✔ [9401/9462] Built OAI.Probability.CriticalPercolation.Nilpotent.CharacteristicNilpotentCore (33s)
✔ [9402/9462] Built OAI.Probability.CriticalPercolation.Harmonic.HarmonicDimensionBound (37s)
✔ [9403/9464] Built OAI.Probability.CriticalPercolation.LinearGroups.ConjugationMatrixGrowth (34s)
✔ [9404/9464] Built OAI.Probability.CriticalPercolation.Nilpotent.FiniteCyclicExtensionIndex (29s)
✔ [9405/9464] Built OAI.Probability.CriticalPercolation.Growth.HomogeneousPolynomialSpace (34s)
✔ [9406/9464] Built OAI.Probability.CriticalPercolation.Growth.HomogeneousBallPacking (34s)
✔ [9407/9476] Built OAI.Probability.CriticalPercolation.Clusters.InfiniteUniquenessGeometry (34s)
✔ [9408/9476] Built OAI.Probability.CriticalPercolation.Criticality.MinimalInterpolation (34s)
✔ [9409/9476] Built OAI.Probability.CriticalPercolation.Harmonic.AlmostHarmonicCompactness (34s)
✔ [9410/9476] Built OAI.Probability.CriticalPercolation.Harmonic.HomogeneousCaccioppoli (34s)
✔ [9411/9477] Built OAI.Probability.CriticalPercolation.Nilpotent.NilpotentInfiniteCenter (33s)
✔ [9412/9477] Built OAI.Probability.CriticalPercolation.Harmonic.HomogeneousGramScales (33s)
✔ [9413/9477] Built OAI.Probability.CriticalPercolation.Growth.CosetSparseGrowth (33s)
✔ [9414/9477] Built OAI.Probability.CriticalPercolation.Growth.CosetBallIndex (33s)
✔ [9415/9478] Built OAI.Probability.CriticalPercolation.Harmonic.HomogeneousPoincare (33s)
✔ [9416/9478] Built OAI.Probability.CriticalPercolation.Harmonic.FiniteHilbert (33s)
✔ [9417/9478] Built OAI.Probability.CriticalPercolation.Nilpotent.AbelianConjugationGrowth (45s)
✔ [9418/9478] Built OAI.Probability.CriticalPercolation.Growth.SuperpolynomialContradiction (46s)
✔ [9419/9479] Built OAI.Probability.CriticalPercolation.LinearGroups.FiniteSubspaceOrbit (33s)
✔ [9420/9483] Built OAI.Probability.CriticalPercolation.Clusters.InfiniteUniqueness (33s)
✔ [9421/9483] Built OAI.Probability.CriticalPercolation.Growth.CosetGeometry (33s)
✔ [9422/9483] Built OAI.Probability.CriticalPercolation.Growth.CosetBounded (33s)
✔ [9423/9483] Built OAI.Probability.CriticalPercolation.LinearGroups.FieldSpanTransfer (33s)
✔ [9424/9487] Built OAI.Probability.CriticalPercolation.LinearGroups.SolvablePeriodicCenter (22s)
✔ [9425/9487] Built OAI.Probability.CriticalPercolation.Growth.HomogeneousCover (37s)
✔ [9426/9487] Built OAI.Probability.CriticalPercolation.Harmonic.GraphWalkOperator (27s)
✔ [9427/9489] Built OAI.Probability.CriticalPercolation.Growth.SuperpolynomialMain (40s)
✔ [9428/9489] Built OAI.Probability.CriticalPercolation.Growth.CosetPresentation (36s)
✔ [9429/9491] Built OAI.Probability.CriticalPercolation.Modular.UnimodularUnique (40s)
✔ [9430/9491] Built OAI.Probability.CriticalPercolation.Clusters.FiniteClusterCover (40s)
✔ [9431/9491] Built OAI.Probability.CriticalPercolation.Criticality.DirectionalTail (40s)
✔ [9432/9491] Built OAI.Probability.CriticalPercolation.LinearGroups.SolvableSparseClassification (36s)
✔ [9433/9493] Built OAI.Probability.CriticalPercolation.GraphTopology.LocalProjectiveTopology (42s)
✔ [9434/9493] Built OAI.Probability.CriticalPercolation.Growth.PolynomialFolner (41s)
✔ [9435/9493] Built OAI.Probability.CriticalPercolation.Modular.UnimodularGeometric (51s)
✔ [9436/9496] Built OAI.Probability.CriticalPercolation.GraphGeometry.StripCritical (51s)
✔ [9437/9496] Built OAI.Probability.CriticalPercolation.Clusters.ClusterNumber (53s)
✔ [9438/9496] Built OAI.Probability.CriticalPercolation.Modular.HeavyClusterNumber (53s)
✔ [9439/9496] Built OAI.Probability.CriticalPercolation.LinearGroups.PadicDetection (52s)
✔ [9440/9496] Built OAI.Probability.CriticalPercolation.Harmonic.GraphWalkProbability (61s)
✔ [9441/9496] Built OAI.Probability.CriticalPercolation.LinearGroups.CountableFieldEmbedding (65s)
✔ [9442/9499] Built OAI.Probability.CriticalPercolation.Growth.HomogeneousDimension (66s)
✔ [9443/9499] Built OAI.Probability.CriticalPercolation.GraphGeometry.CriticalCoordinates (32s)
✔ [9444/9499] Built OAI.Probability.CriticalPercolation.Criticality.MainResidualBoundary (40s)
✔ [9445/9499] Built OAI.Probability.CriticalPercolation.Modular.HeavyFiniteGeometry (27s)
✔ [9446/9499] Built OAI.Probability.CriticalPercolation.Clusters.CriticalClusterMultiplicity (39s)
✔ [9447/9499] Built OAI.Probability.CriticalPercolation.LinearGroups.FgMatrixRing (40s)
✔ [9448/9499] Built OAI.Probability.CriticalPercolation.LinearGroups.PeriodicSpectrum (28s)
✔ [9449/9499] Built OAI.Probability.CriticalPercolation.LinearGroups.ProjectiveEigenvalues (40s)
✔ [9450/9499] Built OAI.Probability.CriticalPercolation.ProductMeasure.CompactInvariantMeasure (42s)
✔ [9451/9504] Built OAI.Probability.CriticalPercolation.Clusters.ClusterCountFlip (34s)
✔ [9452/9504] Built OAI.Probability.CriticalPercolation.LinearGroups.PowerBoundedUnipotent (34s)
✔ [9453/9506] Built OAI.Probability.CriticalPercolation.GraphGeometry.EncounterGeometry (34s)
✔ [9454/9509] Built OAI.Probability.CriticalPercolation.Classification.StructuredCoordinates (35s)
✔ [9455/9510] Built OAI.Probability.CriticalPercolation.LinearGroups.ArchimedeanDetection (36s)
✔ [9456/9510] Built OAI.Probability.CriticalPercolation.LinearGroups.ProperPadicModels (36s)
✔ [9457/9510] Built OAI.Probability.CriticalPercolation.LinearGroups.LocalProjectiveAction (36s)
✔ [9458/9510] Built OAI.Probability.CriticalPercolation.Harmonic.GraphWalkEnergy (40s)
✔ [9459/9511] Built OAI.Probability.CriticalPercolation.LinearGroups.AllPlaceKronecker (57s)
✔ [9460/9511] Built OAI.Probability.CriticalPercolation.LinearGroups.BurnsideDensity (60s)
✔ [9461/9511] Built OAI.Probability.CriticalPercolation.LinearGroups.InvariantBlockSolvability (59s)
✔ [9462/9515] Built OAI.Probability.CriticalPercolation.Criticality.DescentCritical (59s)
✔ [9463/9515] Built OAI.Probability.CriticalPercolation.Modular.CriticalHeavyIdentity (60s)
✔ [9464/9515] Built OAI.Probability.CriticalPercolation.LinearGroups.CongruenceTorsion (61s)
✔ [9465/9515] Built OAI.Probability.CriticalPercolation.Harmonic.HarmonicLinearQuotient (55s)
✔ [9466/9515] Built OAI.Probability.CriticalPercolation.LinearGroups.ProjectivePeriodicity (61s)
✔ [9467/9523] Built OAI.Probability.CriticalPercolation.Nilpotent.StructuredNilpotent (34s)
✔ [9468/9523] Built OAI.Probability.CriticalPercolation.Clusters.ForcedDisconnectContinuity (34s)
✔ [9469/9523] Built OAI.Probability.CriticalPercolation.LinearGroups.LocalPositiveSubspaceOrbit (34s)
✔ [9470/9523] Built OAI.Probability.CriticalPercolation.GraphGeometry.IntegerKernelGeneration (34s)
✔ [9471/9523] Built OAI.Probability.CriticalPercolation.Nilpotent.GeneralNilpotentCore (34s)
✔ [9472/9525] Built OAI.Probability.CriticalPercolation.LinearGroups.LocalFurstenbergConcentration (34s)
✔ [9473/9525] Built OAI.Probability.CriticalPercolation.Harmonic.GraphProjectedFunctions (35s)
✔ [9474/9528] Built OAI.Probability.CriticalPercolation.LinearGroups.GeneralPeriodicCenter (35s)
✔ [9475/9530] Built OAI.Probability.CriticalPercolation.Nilpotent.StructuredVirtuallyNilpotent (35s)
✔ [9476/9530] Built OAI.Probability.CriticalPercolation.LinearGroups.SelbergCongruence (35s)
✔ [9477/9530] Built OAI.Probability.CriticalPercolation.Growth.CosetTransfer (35s)
✔ [9478/9530] Built OAI.Probability.CriticalPercolation.Growth.CosetNormalClosure (35s)
✔ [9479/9530] Built OAI.Probability.CriticalPercolation.Growth.CosetFiniteIndex (35s)
✔ [9480/9530] Built OAI.Probability.CriticalPercolation.Modular.CriticalHeavyDrop (35s)
✔ [9481/9530] Built OAI.Probability.CriticalPercolation.Harmonic.GraphHarmonicCompactness (36s)
✔ [9482/9530] Built OAI.Probability.CriticalPercolation.LinearGroups.LocalFurstenbergBound (39s)
✔ [9483/9530] Built OAI.Probability.CriticalPercolation.GraphTopology.CommensurableClosure (44s)
✔ [9484/9530] Built OAI.Probability.CriticalPercolation.Growth.GraphRelativeGrowth (44s)
✔ [9485/9530] Built OAI.Probability.CriticalPercolation.Growth.CosetSubgroupGenerators (42s)
✔ [9486/9530] Built OAI.Probability.CriticalPercolation.LinearGroups.SelbergSchur (47s)
✔ [9487/9530] Built OAI.Probability.CriticalPercolation.Growth.CosetKernelDescent (43s)
✔ [9488/9530] Built OAI.Probability.CriticalPercolation.GraphGeometry.FullOrbitalStructureTransfer (50s)
✔ [9489/9530] Built OAI.Probability.CriticalPercolation.Criticality.IndicableDegreeStep (51s)
✔ [9490/9531] Built OAI.Probability.CriticalPercolation.GraphGeometry.OrbitalStructureTransfer (53s)
✔ [9491/9536] Built OAI.Probability.CriticalPercolation.Modular.CriticalHeavyUniqueness (38s)
✔ [9492/9536] Built OAI.Probability.CriticalPercolation.LinearGroups.FullSpanAlternative (35s)
✔ [9493/9536] Built OAI.Probability.CriticalPercolation.Growth.CosetImageGrowth (40s)
✔ [9494/9536] Built OAI.Probability.CriticalPercolation.Criticality.BoundedNormalJoins (40s)
✔ [9495/9536] Built OAI.Probability.CriticalPercolation.Criticality.CompactDiscreteQuotient (31s)
✔ [9496/9536] Built OAI.Probability.CriticalPercolation.Harmonic.GraphHarmonicLinear (37s)
✔ [9497/9536] Built OAI.Probability.CriticalPercolation.LinearGroups.ProjectivelyPeriodicSchur (34s)
✔ [9498/9536] Built OAI.Probability.CriticalPercolation.Growth.CosetIntegerKernel (43s)
✔ [9499/9542] Built OAI.Probability.CriticalPercolation.Modular.MainLightBoundary (52s)
✔ [9500/9542] Built OAI.Probability.CriticalPercolation.Growth.CosetNormalPromotion (51s)
✔ [9501/9542] Built OAI.Probability.CriticalPercolation.Growth.CosetFiniteCore (51s)
✔ [9502/9542] Built OAI.Probability.CriticalPercolation.GraphTopology.GraphGeneratingNeighborhood (52s)
✔ [9503/9542] Built OAI.Probability.CriticalPercolation.GraphGeometry.LocallyConnectedActionKernel (49s)
✔ [9505/9550] Built OAI.Probability.CriticalPercolation.LinearGroups.AbsoluteMatrixSpan (52s)
✔ [9506/9550] Built OAI.Probability.CriticalPercolation.Modular.CriticalHeavyNull (52s)
✔ [9507/9550] Built OAI.Probability.CriticalPercolation.LinearGroups.InvariantSubspaceDensity (52s)
✔ [9508/9550] Built OAI.Probability.CriticalPercolation.Modular.MainInfiniteLightBoundary (39s)
✔ [9509/9550] Built OAI.Probability.CriticalPercolation.Classification.CompactQuotientProper (39s)
✔ [9510/9550] Built OAI.Probability.CriticalPercolation.GraphTopology.OpenNormalCore (39s)
✔ [9511/9550] Built OAI.Probability.CriticalPercolation.Growth.GraphQuotientGrowth (39s)
✔ [9512/9550] Built OAI.Probability.CriticalPercolation.Classification.FiniteBGTBridge (39s)
✔ [9513/9550] Built OAI.Probability.CriticalPercolation.GraphTopology.CompactOrbitKernel (40s)
✔ [9514/9550] Built OAI.Probability.CriticalPercolation.Criticality.UniformDescendingFan (39s)
✔ [9515/9550] Built OAI.Probability.CriticalPercolation.LinearGroups.StrongDenseEigenvalues (44s)
✔ [9516/9550] Built OAI.Probability.CriticalPercolation.Modular.LightCeiling (26s)
✔ [9517/9550] Built OAI.Probability.CriticalPercolation.GraphTopology.LocallyCompactSubgroup (26s)
✔ [9518/9550] Built OAI.Probability.CriticalPercolation.Criticality.LocalDescendingBlock (26s)
✔ [9519/9550] Built OAI.Probability.CriticalPercolation.Modular.LightTwoPointDecay (27s)
✔ [9520/9550] Built OAI.Probability.CriticalPercolation.Criticality.DomainPercolation (27s)
✔ [9521/9550] Built OAI.Probability.CriticalPercolation.LinearGroups.StrongDensePeriodicity (25s)
✔ [9522/9550] Built OAI.Probability.CriticalPercolation.GraphGeometry.SubgroupOrbitKernel (15s)
✔ [9523/9550] Built OAI.Probability.CriticalPercolation.Modular.MainAllLightBoundary (14s)
✔ [9524/9550] Built OAI.Probability.CriticalPercolation.Gluing.DomainFreshExit (15s)
✔ [9525/9550] Built OAI.Probability.CriticalPercolation.LinearGroups.StrongAbstractSpan (14s)
✔ [9526/9550] Built OAI.Probability.CriticalPercolation.Criticality.NestedLayerBlock (10s)
✔ [9527/9550] Built OAI.Probability.CriticalPercolation.LinearGroups.AlgebraicVirtualSolvability (10s)
✔ [9528/9550] Built OAI.Probability.CriticalPercolation.Criticality.BlockLocalization (16s)
✔ [9529/9550] Built OAI.Probability.CriticalPercolation.Exploration.LayerExposure (16s)
✔ [9530/9550] Built OAI.Probability.CriticalPercolation.LinearGroups.RealVirtualSolvability (17s)
✔ [9531/9550] Built OAI.Probability.CriticalPercolation.Criticality.LayerCounting (18s)
✔ [9532/9550] Built OAI.Probability.CriticalPercolation.Criticality.LayerLocality (19s)
✔ [9533/9550] Built OAI.Probability.CriticalPercolation.Harmonic.WeakGromovHarmonic (18s)
✔ [9534/9550] Built OAI.Probability.CriticalPercolation.ProductMeasure.LayerExpectation (17s)
✔ [9535/9550] Built OAI.Probability.CriticalPercolation.Growth.CosetIndicability (16s)
✔ [9536/9550] Built OAI.Probability.CriticalPercolation.Classification.RelativeClassification (9.2s)
✔ [9537/9550] Built OAI.Probability.CriticalPercolation.Criticality.LayerContradiction (12s)
✔ [9538/9550] Built OAI.Probability.CriticalPercolation.Criticality.MainSparseBoundary (8.5s)
✔ [9539/9550] Built OAI.Probability.CriticalPercolation.GraphTopology.TopologicalClassificationBoundary (11s)
✔ [9540/9550] Built OAI.Probability.CriticalPercolation.GraphGeometry.RestrictedOrbitalPacking (12s)
✔ [9541/9550] Built OAI.Probability.CriticalPercolation.Classification.ConcreteStructureAssembly (12s)
✔ [9542/9550] Built OAI.Probability.CriticalPercolation.Classification.ClassificationProducerBoundary (7.8s)
✔ [9543/9550] Built OAI.Probability.CriticalPercolation.Classification.FiniteClassificationObstruction (8.8s)
✔ [9544/9550] Built OAI.Probability.CriticalPercolation.Classification.RawClassificationBoundary (9.2s)
✔ [9545/9550] Built OAI.Probability.CriticalPercolation.Classification.QualitativeClassificationBoundary (8.2s)
✔ [9546/9550] Built OAI.Probability.CriticalPercolation.GraphGeometry.GraphQuotientPolynomial (8.8s)
✔ [9547/9550] Built OAI.Probability.CriticalPercolation.Classification.WeakGromovMainBoundary (12s)
✔ [9548/9550] Built OAI.Probability.CriticalPercolation.Classification.DiscreteWeakGromovBridge (10s)
✔ [9549/9550] Built OAI.Probability.CriticalPercolation.Classification.GraphCompactNormalClassification (14s)
✔ [9550/9550] Built OAI.Probability.CriticalPercolation.Main (12s)
Build completed successfully (9550 jobs).
== build rc=0 seconds=2764
{"theorems": ["OAI.CriticalPercolation.BondGraph.no_percolation_at_criticality"], "defs": ["OAI.CriticalPercolation.BondGraph", "OAI.CriticalPercolation.BondGraph.openGraph", "OAI.CriticalPercolation.BondGraph.fullGraph", "OAI.CriticalPercolation.BondGraph.LocallyFinite", "OAI.CriticalPercolation.BondGraph.Aut", "OAI.CriticalPercolation.BondGraph.QuasiTransitive", "OAI.CriticalPercolation.BondGraph.cluster", "OAI.CriticalPercolation.BondGraph.percolates", "OAI.CriticalPercolation.BondGraph.law", "OAI.CriticalPercolation.BondGraph.criticalProbability"], "json_theorems": ["OAI.CriticalPercolation.BondGraph.no_percolation_at_criticality"], "missing_from_parse": []}
TYPES/DEFS DIFFER CriticalPercolation
1,5d0
< /Users/shannon/cc/math/math/lean/Scratch/Challenge_CriticalPercolation.lean:52:8:
< warning:
< declaration
< uses
< `sorry`
38a34,35
> Classical.choice,
> Quot.sound]
AXIOMS: 'OAI.CriticalPercolation.BondGraph.no_percolation_at_criticality' depends on axioms: [propext, 
== end=2026-10-09T05:44:39Z
