== DilutedSpin  module=OAI.Probability.DilutedSpin.Main  start=2026-10-09T09:04:59Z
warning: PrimeNumberTheoremAnd: repository '/Users/shannon/cc/math/math/lean/.lake/packages/PrimeNumberTheoremAnd' has local changes
warning: belyi: repository '/Users/shannon/cc/math/math/lean/.lake/packages/belyi' has local changes
warning: formal-schemes: repository '/Users/shannon/cc/math/math/lean/.lake/packages/formal-schemes' has local changes
warning: elliptic-curves: repository '/Users/shannon/cc/math/math/lean/.lake/packages/elliptic-curves' has local changes
warning: tempered-fundamental-groups: repository '/Users/shannon/cc/math/math/lean/.lake/packages/tempered-fundamental-groups' has local changes
warning: oka: repository '/Users/shannon/cc/math/math/lean/.lake/packages/oka' has local changes
warning: orbicurve-cores: repository '/Users/shannon/cc/math/math/lean/.lake/packages/orbicurve-cores' has local changes
warning: pi1: repository '/Users/shannon/cc/math/math/lean/.lake/packages/pi1' has local changes
warning: heights: repository '/Users/shannon/cc/math/math/lean/.lake/packages/heights' has local changes
warning: genl: repository '/Users/shannon/cc/math/math/lean/.lake/packages/genl' has local changes
warning: tate-curves-theta: repository '/Users/shannon/cc/math/math/lean/.lake/packages/tate-curves-theta' has local changes
warning: iut: repository '/Users/shannon/cc/math/math/lean/.lake/packages/iut' has local changes
warning: gromov: repository '/Users/shannon/cc/math/math/lean/.lake/packages/gromov' has local changes
warning: SphereEversion: repository '/Users/shannon/cc/math/math/lean/.lake/packages/SphereEversion' has local changes
warning: schoenflies-lean: repository '/Users/shannon/cc/math/math/lean/.lake/packages/schoenflies-lean' has local changes
warning: ClassFieldTheory: repository '/Users/shannon/cc/math/math/lean/.lake/packages/ClassFieldTheory' has local changes
warning: AINTLIB: repository '/Users/shannon/cc/math/math/lean/.lake/packages/AINTLIB' has local changes
warning: AbsorptionCutoff: repository '/Users/shannon/cc/math/math/lean/.lake/packages/AbsorptionCutoff' has local changes
warning: StrongPNT: repository '/Users/shannon/cc/math/math/lean/.lake/packages/StrongPNT' has local changes
warning: carleson: repository '/Users/shannon/cc/math/math/lean/.lake/packages/carleson' has local changes
warning: rellich-kondrachov: repository '/Users/shannon/cc/math/math/lean/.lake/packages/rellich-kondrachov' has local changes
warning: Zeta3Irrational: repository '/Users/shannon/cc/math/math/lean/.lake/packages/Zeta3Irrational' has local changes
warning: fixed-point-theorems: repository '/Users/shannon/cc/math/math/lean/.lake/packages/fixed-point-theorems' has local changes
✔ [8924/9328] Built OAI.Probability.DilutedSpin.Model (31s)
✔ [8925/9328] Built OAI.Probability.DilutedSpin.CompoundPoisson (31s)
✔ [8926/9328] Built OAI.Probability.DilutedSpin.ParameterProduct (31s)
✔ [8927/9328] Built OAI.Probability.DilutedSpin.CountableFullSupport (31s)
✔ [8928/9328] Built OAI.Probability.DilutedSpin.CavityIndex (32s)
✔ [8929/9328] Built OAI.Probability.DilutedSpin.Polarization (32s)
✔ [8930/9328] Built OAI.Probability.DilutedSpin.ConcentrationRate (33s)
✔ [8931/9328] Built OAI.Probability.DilutedSpin.PatternComparison (34s)
✔ [8932/9328] Built OAI.Probability.DilutedSpin.CountableTagSelection (12s)
✔ [8933/9328] Built OAI.Probability.DilutedSpin.FiniteLaw (16s)
✔ [8934/9328] Built OAI.Probability.DilutedSpin.CompoundSuperposition (13s)
✔ [8935/9328] Built OAI.Probability.DilutedSpin.DeviationLimitTools (14s)
✔ [8936/9328] Built OAI.Probability.DilutedSpin.KernelTower (10s)
✔ [8937/9328] Built OAI.Probability.DilutedSpin.TreeSampling (7.1s)
✔ [8938/9328] Built OAI.Probability.DilutedSpin.FiniteProducts (5.8s)
✔ [8939/9328] Built OAI.Probability.DilutedSpin.TreeDerivatives (6.4s)
✔ [8940/9328] Built OAI.Probability.DilutedSpin.PoissonMoments (6.1s)
✔ [8941/9328] Built OAI.Probability.DilutedSpin.MarkedPoisson (6.2s)
✔ [8942/9328] Built OAI.Probability.DilutedSpin.ProductTowers (6.1s)
✔ [8943/9328] Built OAI.Probability.DilutedSpin.PoissonVariance (6.5s)
✔ [8944/9328] Built OAI.Probability.DilutedSpin.Perturbations (6.6s)
✔ [8945/9328] Built OAI.Probability.DilutedSpin.MixtureMeasures (5.9s)
✔ [8946/9328] Built OAI.Probability.DilutedSpin.ConvexBounds (7.3s)
✔ [8947/9328] Built OAI.Probability.DilutedSpin.ReservoirVariance (6.2s)
✔ [8948/9328] Built OAI.Probability.DilutedSpin.HeterogeneousMarks (5.7s)
✔ [8949/9328] Built OAI.Probability.DilutedSpin.CountableReservoir (5.7s)
✔ [8950/9328] Built OAI.Probability.DilutedSpin.MarkInsertion (5.6s)
✔ [8951/9328] Built OAI.Probability.DilutedSpin.Core (5.1s)
✔ [8952/9328] Built OAI.Probability.DilutedSpin.GeneralRootArrayLaw (22s)
✔ [8953/9328] Built OAI.Probability.DilutedSpin.PoissonRateCoupling (22s)
✔ [8954/9328] Built OAI.Probability.DilutedSpin.ShapeMean (23s)
✔ [8955/9328] Built OAI.Probability.DilutedSpin.FiniteProjection (23s)
✔ [8956/9328] Built OAI.Probability.DilutedSpin.FinitePiInjective (24s)
✔ [8957/9328] Built OAI.Probability.DilutedSpin.PhysicalIndex (24s)
✔ [8958/9328] Built OAI.Probability.DilutedSpin.AnchorExtension (26s)
✔ [8959/9328] Built OAI.Probability.DilutedSpin.HistoryGeometry (28s)
✔ [8960/9328] Built OAI.Probability.DilutedSpin.HeterogeneousProjection (20s)
✔ [8961/9328] Built OAI.Probability.DilutedSpin.FiniteAnalytic (17s)
✔ [8962/9328] Built OAI.Probability.DilutedSpin.HeterogeneousVariance (21s)
✔ [8963/9328] Built OAI.Probability.DilutedSpin.PhysicalAverages (19s)
✔ [8964/9328] Built OAI.Probability.DilutedSpin.TreeMarkLaw (17s)
✔ [8965/9328] Built OAI.Probability.DilutedSpin.SplitDepthContinuity (18s)
✔ [8966/9328] Built OAI.Probability.DilutedSpin.ActualCharging (20s)
✔ [8967/9328] Built OAI.Probability.DilutedSpin.UniformIndexCoupling (12s)
✔ [8968/9328] Built OAI.Probability.DilutedSpin.ColoredAnchor (12s)
✔ [8969/9328] Built OAI.Probability.DilutedSpin.RetainedHistory (12s)
✔ [8970/9328] Built OAI.Probability.DilutedSpin.SizeSpinRoot (13s)
✔ [8971/9328] Built OAI.Probability.DilutedSpin.HeterogeneousTwoPoisson (14s)
✔ [8972/9328] Built OAI.Probability.DilutedSpin.ActualTreeSelector (13s)
✔ [8973/9328] Built OAI.Probability.DilutedSpin.ColorIterate (13s)
✔ [8974/9328] Built OAI.Probability.DilutedSpin.ProductEvaluationContinuity (15s)
✔ [8975/9328] Built OAI.Probability.DilutedSpin.ActualPrefix (15s)
✔ [8976/9328] Built OAI.Probability.DilutedSpin.TreeSampleProjection (14s)
✔ [8977/9328] Built OAI.Probability.DilutedSpin.ColorSymmetry (14s)
✔ [8978/9328] Built OAI.Probability.DilutedSpin.HeterogeneousFullVariance (16s)
✔ [8979/9328] Built OAI.Probability.DilutedSpin.CountedSpinMean (14s)
✔ [8980/9328] Built OAI.Probability.DilutedSpin.ColorPolarization (15s)
✔ [8981/9328] Built OAI.Probability.DilutedSpin.ShapeEmbedding (15s)
✔ [8982/9328] Built OAI.Probability.DilutedSpin.SpinRootData (15s)
✔ [8983/9328] Built OAI.Probability.DilutedSpin.JointRootLaw (16s)
✔ [8984/9328] Built OAI.Probability.DilutedSpin.RootAE (15s)
✔ [8985/9328] Built OAI.Probability.DilutedSpin.CountedSizeCoupling (15s)
✔ [8986/9328] Built OAI.Probability.DilutedSpin.ShapeMarginal (14s)
✔ [8987/9328] Built OAI.Probability.DilutedSpin.LabeledColorHistory (15s)
✔ [8988/9328] Built OAI.Probability.DilutedSpin.RegularDepth (17s)
✔ [8989/9328] Built OAI.Probability.DilutedSpin.ForkTree (13s)
✔ [8990/9328] Built OAI.Probability.DilutedSpin.HistorySelector (14s)
✔ [8991/9328] Built OAI.Probability.DilutedSpin.JointRootParam (14s)
✔ [8992/9328] Built OAI.Probability.DilutedSpin.ActualRootVariance (14s)
✔ [8993/9328] Built OAI.Probability.DilutedSpin.CountedSteps (15s)
✔ [8994/9328] Built OAI.Probability.DilutedSpin.ShapeCharging (15s)
✔ [8995/9328] Built OAI.Probability.DilutedSpin.SelectorPolarization (15s)
✔ [8996/9328] Built OAI.Probability.DilutedSpin.SpinBaseComparison (15s)
✔ [8997/9328] Built OAI.Probability.DilutedSpin.FullCountCorrection (16s)
✔ [8998/9328] Built OAI.Probability.DilutedSpin.SelectedRegularity (16s)
✔ [8999/9328] Built OAI.Probability.DilutedSpin.PerturbedSizeCoupling (17s)
✔ [9000/9328] Built OAI.Probability.DilutedSpin.ActualNegligible (10s)
✔ [9001/9328] Built OAI.Probability.DilutedSpin.FullSelectedRegularity (12s)
✔ [9002/9328] Built OAI.Probability.DilutedSpin.TripleMarginal (9.0s)
✔ [9003/9328] Built OAI.Probability.DilutedSpin.FullSelectedThermal (11s)
✔ [9004/9328] Built OAI.Probability.DilutedSpin.FullSelectedConcentration (12s)
✔ [9005/9328] Built OAI.Probability.DilutedSpin.HistoryDistinct (9.9s)
✔ [9006/9328] Built OAI.Probability.DilutedSpin.ActualLowIncrement (12s)
✔ [9007/9328] Built OAI.Probability.DilutedSpin.FullThermalAverage (12s)
✔ [9008/9328] Built OAI.Probability.DilutedSpin.FullSelectedRawConcentration (12s)
✔ [9009/9328] Built OAI.Probability.DilutedSpin.ProfileHistory (11s)
✔ [9010/9328] Built OAI.Probability.DilutedSpin.MatrixHistory (8.2s)
✔ [9011/9328] Built OAI.Probability.DilutedSpin.FullSelectedError (17s)
✔ [9012/9328] Built OAI.Probability.DilutedSpin.MatrixNormalization (7.9s)
✔ [9013/9328] Built OAI.Probability.DilutedSpin.TreeAnchor (10s)
✔ [9014/9328] Built OAI.Probability.DilutedSpin.GlobalSelectedError (10s)
✔ [9015/9328] Built OAI.Probability.DilutedSpin.HistoryRetained (9.5s)
✔ [9016/9328] Built OAI.Probability.DilutedSpin.TreeMeasurable (10s)
✔ [9017/9328] Built OAI.Probability.DilutedSpin.GlobalSelectedAverage (11s)
✔ [9018/9328] Built OAI.Probability.DilutedSpin.SelectedTree (9.9s)
✔ [9019/9328] Built OAI.Probability.DilutedSpin.GlobalSelectedConcentration (9.8s)
✔ [9020/9328] Built OAI.Probability.DilutedSpin.ParameterScoreMeasurable (21s)
✔ [9021/9328] Built OAI.Probability.DilutedSpin.PhysicalSelectedConcentration (8.5s)
✔ [9022/9328] Built OAI.Probability.DilutedSpin.PairSquare (8.6s)
✔ [9023/9328] Built OAI.Probability.DilutedSpin.FullTreeScore (9.9s)
✔ [9024/9328] Built OAI.Probability.DilutedSpin.GeneralPairSquare (10s)
✔ [9025/9328] Built OAI.Probability.DilutedSpin.MatrixPair (10s)
✔ [9026/9328] Built OAI.Probability.DilutedSpin.SelectedPalm (10s)
✔ [9027/9328] Built OAI.Probability.DilutedSpin.MatrixConstant (10s)
✔ [9028/9328] Built OAI.Probability.DilutedSpin.SingletonRoot (11s)
✔ [9029/9328] Built OAI.Probability.DilutedSpin.FullPalm (12s)
✔ [9030/9328] Built OAI.Probability.DilutedSpin.ParameterConcentration (14s)
✔ [9031/9328] Built OAI.Probability.DilutedSpin.MeasurableEnergy (14s)
✔ [9032/9328] Built OAI.Probability.DilutedSpin.UniformRootDecorrelation (14s)
✔ [9033/9328] Built OAI.Probability.DilutedSpin.MatrixEnergy (15s)
✔ [9034/9328] Built OAI.Probability.DilutedSpin.FullRootPalm (11s)
✔ [9035/9328] Built OAI.Probability.DilutedSpin.MatrixRoot (10s)
✔ [9036/9328] Built OAI.Probability.DilutedSpin.ParameterRate (11s)
✔ [9037/9328] Built OAI.Probability.DilutedSpin.PalmError (12s)
✔ [9038/9328] Built OAI.Probability.DilutedSpin.ShapeMatrix (14s)
✔ [9039/9328] Built OAI.Probability.DilutedSpin.ExternalTaylor (14s)
✔ [9040/9328] Built OAI.Probability.DilutedSpin.MatrixTriple (15s)
✔ [9041/9328] Built OAI.Probability.DilutedSpin.ConcreteReservoir (20s)
✔ [9042/9328] Built OAI.Probability.DilutedSpin.RootMatrixTriple (9.7s)
✔ [9043/9328] Built OAI.Probability.DilutedSpin.ExternalRoot (9.3s)
✔ [9044/9328] Built OAI.Probability.DilutedSpin.ShapeProjectionEnergy (8.9s)
✔ [9045/9328] Built OAI.Probability.DilutedSpin.ConcreteSelection (14s)
✔ [9046/9328] Built OAI.Probability.DilutedSpin.ExternalAverageTaylor (14s)
✔ [9047/9328] Built OAI.Probability.DilutedSpin.TwoSideProjection (12s)
✔ [9048/9328] Built OAI.Probability.DilutedSpin.ExternalFreshLaw (21s)
✔ [9049/9328] Built OAI.Probability.DilutedSpin.DictionaryPalm (21s)
✔ [9050/9328] Built OAI.Probability.DilutedSpin.ExternalCovariance (12s)
✔ [9051/9328] Built OAI.Probability.DilutedSpin.ShiftedTree (11s)
✔ [9052/9328] Built OAI.Probability.DilutedSpin.ExternalCoefficientLaw (11s)
✔ [9053/9328] Built OAI.Probability.DilutedSpin.CommonFresh (13s)
✔ [9054/9328] Built OAI.Probability.DilutedSpin.NormalizedPalm (13s)
✔ [9055/9328] Built OAI.Probability.DilutedSpin.ScheduledTopology (13s)
✔ [9056/9328] Built OAI.Probability.DilutedSpin.StemTwoSideProjection (13s)
✔ [9057/9328] Built OAI.Probability.DilutedSpin.ParameterPalm (10s)
✔ [9058/9328] Built OAI.Probability.DilutedSpin.ScheduledContinuity (10s)
✔ [9059/9328] Built OAI.Probability.DilutedSpin.StemCoupling (10s)
✔ [9060/9328] Built OAI.Probability.DilutedSpin.DictionaryAnalytic (10s)
✔ [9061/9328] Built OAI.Probability.DilutedSpin.ScheduledGeometry (10s)
✔ [9062/9328] Built OAI.Probability.DilutedSpin.DoubledStemProjection (10s)
✔ [9063/9328] Built OAI.Probability.DilutedSpin.DictionaryExtraction (10s)
✔ [9064/9328] Built OAI.Probability.DilutedSpin.StemCovarianceTransfer (10s)
✔ [9065/9328] Built OAI.Probability.DilutedSpin.ShiftedFrameGeometry (10s)
✔ [9066/9328] Built OAI.Probability.DilutedSpin.VertexContinuity (9.3s)
✔ [9067/9328] Built OAI.Probability.DilutedSpin.MatrixLeafProjection (8.3s)
✔ [9068/9328] Built OAI.Probability.DilutedSpin.AdmissibleInterval (8.6s)
✔ [9069/9328] Built OAI.Probability.DilutedSpin.ConcreteAnalyticSelection (8.7s)
✔ [9070/9328] Built OAI.Probability.DilutedSpin.UniversalDictionary (8.5s)
✔ [9071/9328] Built OAI.Probability.DilutedSpin.CoordinateFiber (8.7s)
✔ [9072/9328] Built OAI.Probability.DilutedSpin.RegularScheduleShift (9.8s)
✔ [9073/9328] Built OAI.Probability.DilutedSpin.TargetEvaluationContinuity (9.8s)
✔ [9074/9328] Built OAI.Probability.DilutedSpin.PrefixProjection (10s)
✔ [9075/9328] Built OAI.Probability.DilutedSpin.SimultaneousShift (8.9s)
✔ [9076/9328] Built OAI.Probability.DilutedSpin.MultileafMatrixPointwise (8.7s)
✔ [9077/9328] Built OAI.Probability.DilutedSpin.SpatialScheduledContinuity (8.4s)
✔ [9078/9328] Built OAI.Probability.DilutedSpin.RootMultileafMatrix (9.3s)
✔ [9079/9328] Built OAI.Probability.DilutedSpin.TargetScheduleContinuity (10s)
✔ [9080/9328] Built OAI.Probability.DilutedSpin.DepthChildMoment (10s)
✔ [9081/9328] Built OAI.Probability.DilutedSpin.ConcreteHistory (9.6s)
✔ [9082/9328] Built OAI.Probability.DilutedSpin.ProperChildScheduleContinuity (8.5s)
✔ [9083/9328] Built OAI.Probability.DilutedSpin.ShapeRoot (10s)
✔ [9084/9328] Built OAI.Probability.DilutedSpin.ScheduledEvaluationContinuity (7.4s)
✔ [9085/9328] Built OAI.Probability.DilutedSpin.ZeroShape (7.9s)
✔ [9086/9328] Built OAI.Probability.DilutedSpin.ConditionalScheduledMean (8.1s)
✔ [9087/9328] Built OAI.Probability.DilutedSpin.CompleteShapeSelection (10s)
✔ [9088/9328] Built OAI.Probability.DilutedSpin.PhysicalPairConnection (10s)
✔ [9089/9328] Built OAI.Probability.DilutedSpin.FirstSplitSchedule (8.0s)
✔ [9090/9328] Built OAI.Probability.DilutedSpin.PhysicalPairEnergy (10s)
✔ [9091/9328] Built OAI.Probability.DilutedSpin.ShapeMatrixPhysical (10s)
✔ [9092/9328] Built OAI.Probability.DilutedSpin.ConditionalSpatialContinuity (9.5s)
✔ [9093/9328] Built OAI.Probability.DilutedSpin.PhysicalSingleton (10s)
✔ [9094/9328] Built OAI.Probability.DilutedSpin.MatrixPhysical (10s)
✔ [9095/9328] Built OAI.Probability.DilutedSpin.EarliestChildDepth (9.0s)
✔ [9096/9328] Built OAI.Probability.DilutedSpin.SingletonSelection (6.0s)
✔ [9097/9328] Built OAI.Probability.DilutedSpin.FullCubeConditionalContinuity (6.3s)
✔ [9098/9328] Built OAI.Probability.DilutedSpin.ProjectionShiftError (6.9s)
✔ [9099/9328] Built OAI.Probability.DilutedSpin.SingletonAverage (7.1s)
✔ [9100/9328] Built OAI.Probability.DilutedSpin.RootProjectionShiftError (7.3s)
✔ [9101/9328] Built OAI.Probability.DilutedSpin.MeasurableProjector (7.5s)
✔ [9102/9328] Built OAI.Probability.DilutedSpin.HeightTransport (9.4s)
✔ [9103/9328] Built OAI.Probability.DilutedSpin.RootShiftIntegrability (9.4s)
✔ [9104/9328] Built OAI.Probability.DilutedSpin.MeasurableShapeEnergy (9.6s)
✔ [9105/9328] Built OAI.Probability.DilutedSpin.MeasurableProjectionError (9.7s)
✔ [9106/9328] Built OAI.Probability.DilutedSpin.ScheduledFrameError (9.2s)
✔ [9107/9328] Built OAI.Probability.DilutedSpin.RootShapeEnergy (9.3s)
✔ [9108/9328] Built OAI.Probability.DilutedSpin.RootProjectionIntegrability (9.5s)
✔ [9109/9328] Built OAI.Probability.DilutedSpin.ScheduledCovariance (9.6s)
✔ [9110/9328] Built OAI.Probability.DilutedSpin.RootChildSumIntegrability (9.3s)
✔ [9111/9328] Built OAI.Probability.DilutedSpin.ScheduledMultileafMatrix (9.9s)
✔ [9112/9328] Built OAI.Probability.DilutedSpin.RootChildMoment (7.9s)
✔ [9113/9328] Built OAI.Probability.DilutedSpin.ScheduledRootMultileaf (8.3s)
✔ [9114/9328] Built OAI.Probability.DilutedSpin.PhysicalScheduledMultileaf (7.4s)
✔ [9115/9328] Built OAI.Probability.DilutedSpin.ScheduledSingleton (7.3s)
✔ [9116/9328] Built OAI.Probability.DilutedSpin.PhysicalMultileafMoments (6.8s)
✔ [9117/9328] Built OAI.Probability.DilutedSpin.ScheduledFrameGeometry (5.1s)
✔ [9118/9328] Built OAI.Probability.DilutedSpin.PhysicalTreeMatrix (7.2s)
✔ [9119/9328] Built OAI.Probability.DilutedSpin.TwoPointLabeling (7.0s)
✔ [9120/9328] Built OAI.Probability.DilutedSpin.ScheduledRegularFrame (7.3s)
✔ [9121/9328] Built OAI.Probability.DilutedSpin.JointPhysicalSelection (8.1s)
✔ [9122/9328] Built OAI.Probability.DilutedSpin.ScheduledRelativeCharge (7.9s)
✔ [9123/9328] Built OAI.Probability.DilutedSpin.CanonicalRegularMultileaf (8.1s)
✔ [9124/9328] Built OAI.Probability.DilutedSpin.JointGridSelection (7.6s)
✔ [9125/9328] Built OAI.Probability.DilutedSpin.TopologyChargeBound (7.8s)
✔ [9126/9328] Built OAI.Probability.DilutedSpin.AveragedMatrixSelection (8.2s)
✔ [9127/9328] Built OAI.Probability.DilutedSpin.RegularPhysicalShift (8.3s)
✔ [9128/9328] Built OAI.Probability.DilutedSpin.PhysicalGridMultileaf (8.5s)
✔ [9129/9328] Built OAI.Probability.DilutedSpin.RegularFrameExtraction (7.1s)
✔ [9130/9328] Built OAI.Probability.DilutedSpin.PhysicalScheduledStep (7.1s)
✔ [9131/9328] Built OAI.Probability.DilutedSpin.ScheduledEnergyBound (6.5s)
✔ [9132/9328] Built OAI.Probability.DilutedSpin.ScheduledProtectedLabels (6.7s)
✔ [9133/9328] Built OAI.Probability.DilutedSpin.ScheduledSelection (5.7s)
✔ [9134/9328] Built OAI.Probability.DilutedSpin.ReservoirTrees (4.8s)
✔ [9135/9328] Built OAI.Probability.DilutedSpin.ScoreIncrement (8.5s)
✔ [9136/9328] Built OAI.Probability.DilutedSpin.PhysicalScoreRate (8.4s)
✔ [9137/9328] Built OAI.Probability.DilutedSpin.RegularNodeGeometry (8.5s)
✔ [9138/9328] Built OAI.Probability.DilutedSpin.PoissonSmoothing (8.9s)
✔ [9139/9328] Built OAI.Probability.DilutedSpin.RegularNodeEstimates (6.5s)
✔ [9140/9328] Built OAI.Probability.DilutedSpin.ReservoirRate (7.3s)
✔ [9141/9328] Built OAI.Probability.DilutedSpin.RegularNodeProducer (8.3s)
✔ [9142/9328] Built OAI.Probability.DilutedSpin.RegularNodeAverage (5.7s)
✔ [9143/9328] Built OAI.Probability.DilutedSpin.RegularCovarianceLimit (5.3s)
✔ [9144/9328] Built OAI.Probability.DilutedSpin.RegularCovarianceConvergence (5.5s)
✔ [9145/9328] Built OAI.Probability.DilutedSpin.FullRegularSelection (5.2s)
✔ [9146/9328] Built OAI.Probability.DilutedSpin.MarkerHistory (4.8s)
✔ [9147/9328] Built OAI.Probability.DilutedSpin.MarkerHistoryTransport (4.8s)
✔ [9148/9328] Built OAI.Probability.DilutedSpin.MarkerJointHistory (4.0s)
✔ [9149/9328] Built OAI.Probability.DilutedSpin.MarkerGeometry (6.5s)
✔ [9150/9328] Built OAI.Probability.DilutedSpin.MarkerNormalization (6.7s)
✔ [9151/9328] Built OAI.Probability.DilutedSpin.MarkerRootIdentity (5.7s)
✔ [9152/9328] Built OAI.Probability.DilutedSpin.MarkerPhysicalBridge (5.3s)
✔ [9153/9328] Built OAI.Probability.DilutedSpin.MarkerConcrete (5.1s)
✔ [9154/9328] Built OAI.Probability.DilutedSpin.MarkerVariance (5.0s)
✔ [9155/9328] Built OAI.Probability.DilutedSpin.RootOverlapVariance (5.1s)
✔ [9156/9328] Built OAI.Probability.DilutedSpin.RootMarkerEstimate (6.6s)
✔ [9157/9328] Built OAI.Probability.DilutedSpin.MixedDeviation (6.7s)
✔ [9158/9328] Built OAI.Probability.DilutedSpin.PhysicalMarkerControl (7.1s)
✔ [9159/9328] Built OAI.Probability.DilutedSpin.RootOverlapBounds (7.1s)
✔ [9160/9328] Built OAI.Probability.DilutedSpin.ScheduledMarkerEstimate (7.5s)
✔ [9161/9328] Built OAI.Probability.DilutedSpin.OverlapDepthAverage (7.5s)
✔ [9162/9328] Built OAI.Probability.DilutedSpin.MarkerScheduledIdentity (7.3s)
✔ [9163/9328] Built OAI.Probability.DilutedSpin.RegularOverlapGeometry (8.1s)
✔ [9164/9328] Built OAI.Probability.DilutedSpin.PhysicalOverlapConcentration (6.0s)
✔ [9165/9328] Built OAI.Probability.DilutedSpin.PhysicalOverlapAverage (5.4s)
✔ [9166/9328] Built OAI.Probability.DilutedSpin.PhysicalOverlapLimit (5.4s)
✔ [9167/9328] Built OAI.Probability.DilutedSpin.QTreeLaw (7.8s)
✔ [9168/9328] Built OAI.Probability.DilutedSpin.RegularBadMass (8.4s)
✔ [9169/9328] Built OAI.Probability.DilutedSpin.HierarchyBasic (8.4s)
✔ [9170/9328] Built OAI.Probability.DilutedSpin.CavityBounds (8.3s)
✔ [9171/9328] Built OAI.Probability.DilutedSpin.FiniteLogExpansion (8.8s)
✔ [9172/9328] Built OAI.Probability.DilutedSpin.MeasureHierarchy (8.0s)
✔ [9173/9328] Built OAI.Probability.DilutedSpin.QTopologyBound (7.6s)
✔ [9174/9328] Built OAI.Probability.DilutedSpin.SubsetTree (8.0s)
✔ [9175/9328] Built OAI.Probability.DilutedSpin.FiniteEncoding (15s)
✔ [9176/9328] Built OAI.Probability.DilutedSpin.TerminalInterior (8.3s)
✔ [9177/9328] Built OAI.Probability.DilutedSpin.MeasurableEncoding (8.5s)
✔ [9178/9328] Built OAI.Probability.DilutedSpin.QSubtreePotential (8.8s)
✔ [9179/9328] Built OAI.Probability.DilutedSpin.PhysicalEncodingInterior (10s)
✔ [9180/9328] Built OAI.Probability.DilutedSpin.FiniteHierarchyDense (11s)
✔ [9181/9328] Built OAI.Probability.DilutedSpin.RootOverlapDeviation (11s)
✔ [9182/9328] Built OAI.Probability.DilutedSpin.TopologyDecay (12s)
✔ [9183/9328] Built OAI.Probability.DilutedSpin.RootEncoding (11s)
✔ [9184/9328] Built OAI.Probability.DilutedSpin.TrialPhysical (11s)
✔ [9185/9328] Built OAI.Probability.DilutedSpin.PhysicalSubtreeConcentration (11s)
✔ [9186/9328] Built OAI.Probability.DilutedSpin.ProductTower (13s)
✔ [9187/9328] Built OAI.Probability.DilutedSpin.FunctionalContinuity (12s)
✔ [9188/9328] Built OAI.Probability.DilutedSpin.QSubsetDeviation (12s)
✔ [9189/9328] Built OAI.Probability.DilutedSpin.SpinLogContinuous (13s)
✔ [9190/9328] Built OAI.Probability.DilutedSpin.BranchingEvaluation (13s)
✔ [9191/9328] Built OAI.Probability.DilutedSpin.RealEncoding (13s)
✔ [9192/9328] Built OAI.Probability.DilutedSpin.PhysicalShapeError (13s)
✔ [9193/9328] Built OAI.Probability.DilutedSpin.IntegralError (11s)
✔ [9194/9328] Built OAI.Probability.DilutedSpin.ProductPatterns (12s)
✔ [9195/9328] Built OAI.Probability.DilutedSpin.MixedPatterns (13s)
✔ [9196/9328] Built OAI.Probability.DilutedSpin.PhysicalFieldOrder (10s)
✔ [9197/9328] Built OAI.Probability.DilutedSpin.RootPatternComparison (11s)
✔ [9198/9328] Built OAI.Probability.DilutedSpin.FunctionalStability (12s)
✔ [9199/9328] Built OAI.Probability.DilutedSpin.QIntegration (12s)
✔ [9200/9328] Built OAI.Probability.DilutedSpin.RootDeviationDistance (12s)
✔ [9201/9328] Built OAI.Probability.DilutedSpin.RootPatternProduct (12s)
✔ [9202/9328] Built OAI.Probability.DilutedSpin.PressureLiminf (11s)
✔ [9203/9328] Built OAI.Probability.DilutedSpin.FiniteTowerPi (9.2s)
✔ [9204/9328] Built OAI.Probability.DilutedSpin.RootCoefficients (9.2s)
✔ [9205/9328] Built OAI.Probability.DilutedSpin.ReservoirShapeLimit (7.0s)
✔ [9206/9328] Built OAI.Probability.DilutedSpin.SameInsertionAverage (7.9s)
✔ [9207/9328] Built OAI.Probability.DilutedSpin.TowerPadding (7.4s)
✔ [9208/9328] Built OAI.Probability.DilutedSpin.RootLogComparison (7.9s)
✔ [9209/9328] Built OAI.Probability.DilutedSpin.TowerSum (7.1s)
✔ [9210/9328] Built OAI.Probability.DilutedSpin.PhysicalInsertionComparison (7.1s)
✔ [9211/9328] Built OAI.Probability.DilutedSpin.PhysicalInsertionLimit (5.0s)
✔ [9212/9328] Built OAI.Probability.DilutedSpin.InsertionStability (5.5s)
✔ [9213/9328] Built OAI.Probability.DilutedSpin.NormalizationSymmetry (7.9s)
✔ [9214/9328] Built OAI.Probability.DilutedSpin.CompoundMoment (8.1s)
✔ [9215/9328] Built OAI.Probability.DilutedSpin.RandomInsertion (8.1s)
✔ [9216/9328] Built OAI.Probability.DilutedSpin.CompoundCoupling (9.8s)
✔ [9217/9328] Built OAI.Probability.DilutedSpin.FullRootCounts (9.8s)
✔ [9218/9328] Built OAI.Probability.DilutedSpin.NormalizedCutoff (10s)
✔ [9219/9328] Built OAI.Probability.DilutedSpin.UpperMoments (10s)
✔ [9220/9328] Built OAI.Probability.DilutedSpin.CompoundRate (10s)
✔ [9221/9328] Built OAI.Probability.DilutedSpin.CenteredPressure (13s)
✔ [9222/9328] Built OAI.Probability.DilutedSpin.CompoundPhysicalMean (13s)
✔ [9223/9328] Built OAI.Probability.DilutedSpin.TerminalMarginal (13s)
✔ [9224/9328] Built OAI.Probability.DilutedSpin.ClippedModelFacts (13s)
✔ [9225/9328] Built OAI.Probability.DilutedSpin.FinitePoissonSplit (14s)
✔ [9226/9328] Built OAI.Probability.DilutedSpin.CenteredTrialLocal (12s)
✔ [9227/9328] Built OAI.Probability.DilutedSpin.SpinMarginal (17s)
✔ [9228/9328] Built OAI.Probability.DilutedSpin.PhysicalInsertionIdentity (17s)
✔ [9229/9328] Built OAI.Probability.DilutedSpin.CavitySplit (17s)
✔ [9230/9328] Built OAI.Probability.DilutedSpin.UpperReplicaPatterns (17s)
✔ [9231/9328] Built OAI.Probability.DilutedSpin.RootProductLaw (17s)
✔ [9232/9328] Built OAI.Probability.DilutedSpin.PoissonCountThinning (19s)
✔ [9233/9328] Built OAI.Probability.DilutedSpin.CavityRateLimits (11s)
✔ [9234/9328] Built OAI.Probability.DilutedSpin.MarkSiteCoupling (11s)
✔ [9235/9328] Built OAI.Probability.DilutedSpin.RawPatternIdentity (9.7s)
✔ [9236/9328] Built OAI.Probability.DilutedSpin.CavityErrorLimit (10s)
✔ [9237/9328] Built OAI.Probability.DilutedSpin.CountBridgeTools (10s)
✔ [9238/9328] Built OAI.Probability.DilutedSpin.InsertionCoefficient (9.0s)
✔ [9239/9328] Built OAI.Probability.DilutedSpin.InsertionPoint (6.0s)
✔ [9240/9328] Built OAI.Probability.DilutedSpin.ProductComparison (12s)
✔ [9241/9328] Built OAI.Probability.DilutedSpin.CountArrayBridge (12s)
✔ [9242/9328] Built OAI.Probability.DilutedSpin.CommonTreeSample (12s)
✔ [9243/9328] Built OAI.Probability.DilutedSpin.CompoundSample (12s)
✔ [9244/9328] Built OAI.Probability.DilutedSpin.RegularizedNormalization (13s)
✔ [9245/9328] Built OAI.Probability.DilutedSpin.PhysicalCountLaw (11s)
✔ [9246/9328] Built OAI.Probability.DilutedSpin.TowerArraySplit (10s)
✔ [9247/9328] Built OAI.Probability.DilutedSpin.UpperCommonCoefficient (10s)
✔ [9248/9328] Built OAI.Probability.DilutedSpin.PerturbedEnergyMean (11s)
✔ [9249/9328] Built OAI.Probability.DilutedSpin.TowerTerminalPad (11s)
✔ [9250/9328] Built OAI.Probability.DilutedSpin.CavityInsertionAlgebra (11s)
✔ [9251/9328] Built OAI.Probability.DilutedSpin.UpperRegularized (11s)
✔ [9252/9328] Built OAI.Probability.DilutedSpin.OneNewLaw (12s)
✔ [9253/9328] Built OAI.Probability.DilutedSpin.AveragedEnergyRoot (12s)
✔ [9254/9328] Built OAI.Probability.DilutedSpin.CavityTrialIdentity (12s)
✔ [9255/9328] Built OAI.Probability.DilutedSpin.NormalizedInsertion (12s)
✔ [9256/9328] Built OAI.Probability.DilutedSpin.MixedEnergy (10s)
✔ [9257/9328] Built OAI.Probability.DilutedSpin.PoissonInsertionLimit (10s)
✔ [9258/9328] Built OAI.Probability.DilutedSpin.RootIntegralOrder (10s)
✔ [9259/9328] Built OAI.Probability.DilutedSpin.PhysicalCavitySplit (8.1s)
✔ [9260/9328] Built OAI.Probability.DilutedSpin.UpperInsertion (8.9s)
✔ [9261/9328] Built OAI.Probability.DilutedSpin.UpperRootInsertion (7.9s)
✔ [9262/9328] Built OAI.Probability.DilutedSpin.InsertionPoissonAlgebra (8.0s)
✔ [9263/9328] Built OAI.Probability.DilutedSpin.MarkMeanProjection (10s)
✔ [9264/9328] Built OAI.Probability.DilutedSpin.PoissonReplacement (10s)
✔ [9265/9328] Built OAI.Probability.DilutedSpin.CavityProxy (10s)
✔ [9266/9328] Built OAI.Probability.DilutedSpin.TerminalMeanCavity (8.4s)
✔ [9267/9328] Built OAI.Probability.DilutedSpin.UpperTrial (8.2s)
✔ [9268/9328] Built OAI.Probability.DilutedSpin.TerminalMeanField (8.2s)
✔ [9269/9328] Built OAI.Probability.DilutedSpin.UpperCountState (8.2s)
✔ [9270/9328] Built OAI.Probability.DilutedSpin.PhysicalNewSpin (9.2s)
✔ [9271/9328] Built OAI.Probability.DilutedSpin.CavityAllocation (9.1s)
✔ [9272/9328] Built OAI.Probability.DilutedSpin.UpperDatum (9.0s)
✔ [9273/9328] Built OAI.Probability.DilutedSpin.AveragedRootBounds (9.6s)
✔ [9274/9328] Built OAI.Probability.DilutedSpin.RootMapLaw (9.6s)
✔ [9275/9328] Built OAI.Probability.DilutedSpin.UpperCountMean (10s)
✔ [9276/9328] Built OAI.Probability.DilutedSpin.EnergyInsertionMean (10s)
✔ [9277/9328] Built OAI.Probability.DilutedSpin.UpperDatumIntegral (9.9s)
✔ [9278/9328] Built OAI.Probability.DilutedSpin.CavitySeparable (10s)
✔ [9279/9328] Built OAI.Probability.DilutedSpin.UpperFreshLocal (10s)
✔ [9280/9328] Built OAI.Probability.DilutedSpin.PoissonSiteThinning (10s)
✔ [9281/9328] Built OAI.Probability.DilutedSpin.FullRootIncrement (10s)
✔ [9282/9328] Built OAI.Probability.DilutedSpin.PhysicalCavityPoisson (14s)
✔ [9283/9328] Built OAI.Probability.DilutedSpin.UpperConditional (14s)
✔ [9284/9328] Built OAI.Probability.DilutedSpin.PoissonRootSelection (14s)
✔ [9285/9328] Built OAI.Probability.DilutedSpin.CavityMaskEnergy (14s)
✔ [9286/9328] Built OAI.Probability.DilutedSpin.PhysicalInsertionEnergy (14s)
✔ [9287/9328] Built OAI.Probability.DilutedSpin.CavityPack (12s)
✔ [9288/9328] Built OAI.Probability.DilutedSpin.OldEnergyEmbedding (12s)
✔ [9289/9328] Built OAI.Probability.DilutedSpin.ReservoirInsertionEnergy (12s)
✔ [9290/9328] Built OAI.Probability.DilutedSpin.UpperCountLocal (12s)
✔ [9291/9328] Built OAI.Probability.DilutedSpin.UpperPoissonBound (8.3s)
✔ [9292/9328] Built OAI.Probability.DilutedSpin.CavityOldNewMean (8.0s)
✔ [9293/9328] Built OAI.Probability.DilutedSpin.UpperRealEndpoint (7.4s)
✔ [9294/9328] Built OAI.Probability.DilutedSpin.CavitySiteMean (7.3s)
✔ [9295/9328] Built OAI.Probability.DilutedSpin.FirstMomentUpper (7.9s)
✔ [9296/9328] Built OAI.Probability.DilutedSpin.ReservoirSiteTransport (8.1s)
✔ [9297/9328] Built OAI.Probability.DilutedSpin.FirstMomentFresh (9.2s)
✔ [9298/9328] Built OAI.Probability.DilutedSpin.PhysicalReservoirIncrement (9.3s)
✔ [9299/9328] Built OAI.Probability.DilutedSpin.ReservoirInsertionOnEnergy (10s)
✔ [9300/9328] Built OAI.Probability.DilutedSpin.RootSplit (11s)
✔ [9301/9328] Built OAI.Probability.DilutedSpin.FirstMomentConditional (11s)
✔ [9302/9328] Built OAI.Probability.DilutedSpin.CavityDatumProjection (11s)
✔ [9303/9328] Built OAI.Probability.DilutedSpin.CavityAllocatedMean (8.9s)
✔ [9304/9328] Built OAI.Probability.DilutedSpin.FirstMomentCount (9.2s)
✔ [9305/9328] Built OAI.Probability.DilutedSpin.ReservoirEnergyBounds (11s)
✔ [9306/9328] Built OAI.Probability.DilutedSpin.CompoundRateAverage (11s)
✔ [9307/9328] Built OAI.Probability.DilutedSpin.CavityEndpointCount (11s)
✔ [9308/9328] Built OAI.Probability.DilutedSpin.CavityInsertionFunctional (11s)
✔ [9309/9328] Built OAI.Probability.DilutedSpin.ExtendedExponents (14s)
✔ [9310/9328] Built OAI.Probability.DilutedSpin.ReservoirBondEnergy (15s)
✔ [9311/9328] Built OAI.Probability.DilutedSpin.CavityPoissonEndpoint (15s)
✔ [9312/9328] Built OAI.Probability.DilutedSpin.TerminalPiRoot (15s)
✔ [9313/9328] Built OAI.Probability.DilutedSpin.PhysicalCavityRate (15s)
✔ [9314/9328] Built OAI.Probability.DilutedSpin.CavityGapFubini (7.9s)
✔ [9315/9328] Built OAI.Probability.DilutedSpin.ReservoirSitePoisson (7.7s)
✔ [9316/9328] Built OAI.Probability.DilutedSpin.IntegratedFiniteUpper (7.6s)
✔ [9317/9328] Built OAI.Probability.DilutedSpin.DenseUpper (7.3s)
✔ [9318/9328] Built OAI.Probability.DilutedSpin.ClippedCavityProxy (7.4s)
✔ [9319/9328] Built OAI.Probability.DilutedSpin.ClippedProxyRate (7.3s)
✔ [9320/9328] Built OAI.Probability.DilutedSpin.VariationalUpper (7.3s)
✔ [9321/9328] Built OAI.Probability.DilutedSpin.ProxyRateIncrement (6.2s)
✔ [9322/9328] Built OAI.Probability.DilutedSpin.GridIncrementSupport (5.7s)
✔ [9323/9328] Built OAI.Probability.DilutedSpin.IncrementCavityProxy (5.4s)
✔ [9324/9328] Built OAI.Probability.DilutedSpin.IncrementErrorLimit (5.2s)
✔ [9325/9328] Built OAI.Probability.DilutedSpin.BoundedCavityLower (5.3s)
✔ [9326/9328] Built OAI.Probability.DilutedSpin.SymmetricTrialLower (5.5s)
✔ [9327/9328] Built OAI.Probability.DilutedSpin.ExactVariationalLower (5.1s)
✔ [9328/9328] Built OAI.Probability.DilutedSpin.Main (4.0s)
Build completed successfully (9328 jobs).
== build rc=0 seconds=1530
{"theorems": ["OAI.DilutedSpinGlass.mezard_parisi"], "defs": ["OAI.DilutedSpinGlass.Spin", "OAI.DilutedSpinGlass.spin", "OAI.DilutedSpinGlass.Interaction", "OAI.DilutedSpinGlass.InteractionSample", "OAI.DilutedSpinGlass.Model", "OAI.DilutedSpinGlass.Admissible", "OAI.DilutedSpinGlass.logWeight", "OAI.DilutedSpinGlass.logPartition", "OAI.DilutedSpinGlass.pressure", "OAI.DilutedSpinGlass.q", "OAI.DilutedSpinGlass.edge", "OAI.DilutedSpinGlass.appendSpin", "OAI.DilutedSpinGlass.message", "OAI.DilutedSpinGlass.siteLog", "OAI.DilutedSpinGlass.Hierarchy", "OAI.DilutedSpinGlass.logMean", "OAI.DilutedSpinGlass.trialLog", "OAI.DilutedSpinGlass.Exponents", "OAI.DilutedSpinGlass.functional", "OAI.DilutedSpinGlass.phi", "OAI.DilutedSpinGlass.variationalValue"], "json_theorems": ["OAI.DilutedSpinGlass.mezard_parisi"], "missing_from_parse": []}
TYPES/DEFS DIFFER DilutedSpin
1,5d0
< /Users/shannon/cc/math/math/lean/Scratch/Challenge_DilutedSpin.lean:148:8:
< warning:
< declaration
< uses
< `sorry`
AXIOMS: 'OAI.DilutedSpinGlass.mezard_parisi' depends on axioms: [propext, Classical.choice, Quot.sound] 
== end=2026-10-09T09:30:50Z
