== DimensionTenChannel  module=OAI.Analysis.Quantum.DimensionTen.Channel  start=2026-10-08T13:26:59Z
warning: PrimeNumberTheoremAnd: repository '/Users/shannon/cc/math/math/lean/.lake/packages/PrimeNumberTheoremAnd' has local changes
warning: belyi: repository '/Users/shannon/cc/math/math/lean/.lake/packages/belyi' has local changes
warning: formal-schemes: repository '/Users/shannon/cc/math/math/lean/.lake/packages/formal-schemes' has local changes
warning: elliptic-curves: repository '/Users/shannon/cc/math/math/lean/.lake/packages/elliptic-curves' has local changes
warning: tempered-fundamental-groups: repository '/Users/shannon/cc/math/math/lean/.lake/packages/tempered-fundamental-groups' has local changes
warning: oka: repository '/Users/shannon/cc/math/math/lean/.lake/packages/oka' has local changes
warning: orbicurve-cores: repository '/Users/shannon/cc/math/math/lean/.lake/packages/orbicurve-cores' has local changes
warning: pi1: repository '/Users/shannon/cc/math/math/lean/.lake/packages/pi1' has local changes
warning: heights: repository '/Users/shannon/cc/math/math/lean/.lake/packages/heights' has local changes
warning: genl: repository '/Users/shannon/cc/math/math/lean/.lake/packages/genl' has local changes
warning: tate-curves-theta: repository '/Users/shannon/cc/math/math/lean/.lake/packages/tate-curves-theta' has local changes
warning: iut: repository '/Users/shannon/cc/math/math/lean/.lake/packages/iut' has local changes
warning: gromov: repository '/Users/shannon/cc/math/math/lean/.lake/packages/gromov' has local changes
warning: SphereEversion: repository '/Users/shannon/cc/math/math/lean/.lake/packages/SphereEversion' has local changes
warning: schoenflies-lean: repository '/Users/shannon/cc/math/math/lean/.lake/packages/schoenflies-lean' has local changes
warning: ClassFieldTheory: repository '/Users/shannon/cc/math/math/lean/.lake/packages/ClassFieldTheory' has local changes
warning: AINTLIB: repository '/Users/shannon/cc/math/math/lean/.lake/packages/AINTLIB' has local changes
warning: AbsorptionCutoff: repository '/Users/shannon/cc/math/math/lean/.lake/packages/AbsorptionCutoff' has local changes
warning: StrongPNT: repository '/Users/shannon/cc/math/math/lean/.lake/packages/StrongPNT' has local changes
warning: carleson: repository '/Users/shannon/cc/math/math/lean/.lake/packages/carleson' has local changes
warning: rellich-kondrachov: repository '/Users/shannon/cc/math/math/lean/.lake/packages/rellich-kondrachov' has local changes
warning: Zeta3Irrational: repository '/Users/shannon/cc/math/math/lean/.lake/packages/Zeta3Irrational' has local changes
warning: fixed-point-theorems: repository '/Users/shannon/cc/math/math/lean/.lake/packages/fixed-point-theorems' has local changes
✔ [9053/9071] Built OAI.Analysis.Quantum.PPTSquare.TensorPositivity (6.7s)
✔ [9054/9071] Built OAI.Analysis.Quantum.PPTSquare.SymmetricVectors (9.3s)
✔ [9055/9071] Built OAI.Analysis.Quantum.PPTSquare.QuadraticCriterion (7.5s)
✔ [9056/9071] Built OAI.Analysis.Quantum.PPTSquare.ExplicitMaps (8.4s)
✔ [9057/9071] Built OAI.Analysis.Quantum.PPTSquare.PairResult (8.6s)
✔ [9058/9071] Built OAI.Analysis.Quantum.PPTSquare.OrderedChannel (5.2s)
✔ [9059/9071] Built OAI.InformationTheory.SecretKey.Model (153s)
✔ [9060/9071] Built OAI.InformationTheory.SecretKey.MatrixBasics (10s)
✔ [9061/9071] Built OAI.InformationTheory.SecretKey.Construction (56s)
✔ [9062/9071] Built OAI.InformationTheory.SecretKey.Sampling (6.1s)
✔ [9063/9071] Built OAI.InformationTheory.SecretKey.MatrixMeasure (6.4s)
✔ [9064/9071] Built OAI.InformationTheory.SecretKey.Discussion (6.2s)
✔ [9065/9071] Built OAI.InformationTheory.SecretKey.Gap (9.5s)
✔ [9066/9071] Built OAI.InformationTheory.SecretKey.Purification (8.6s)
✔ [9067/9071] Built OAI.InformationTheory.SecretKey.KeyRate (8.1s)
✔ [9068/9071] Built OAI.InformationTheory.SecretKey.Extensions (8.4s)
✔ [9069/9071] Built OAI.InformationTheory.SecretKey.Main (5.3s)
✔ [9070/9071] Built OAI.InformationTheory.DimensionTen.ChoiTransfer (5.6s)
✔ [9071/9071] Built OAI.Analysis.Quantum.DimensionTen.Channel (5.1s)
Build completed successfully (9071 jobs).
== build rc=0 seconds=301
{"theorems": ["OAI.DimensionTen.exists_channel_fin21"], "defs": ["OAI.ChannelCompletion.Mat", "OAI.ChannelCompletion.Map", "OAI.ChannelCompletion.amplify", "OAI.ChannelCompletion.CP", "OAI.ChannelCompletion.transposeMap", "OAI.ChannelCompletion.PPT", "OAI.ChannelCompletion.TracePreserving", "OAI.ChannelCompletion.Separable", "OAI.ChannelCompletion.EntanglementBreaking"], "json_theorems": ["OAI.DimensionTen.exists_channel_fin21"], "missing_from_parse": []}
TYPES/DEFS DIFFER DimensionTenChannel
1,5d0
< /Users/shannon/cc/math/math/lean/Scratch/Challenge_DimensionTenChannel.lean:45:8:
< warning:
< declaration
< uses
< `sorry`
AXIOMS: 'OAI.DimensionTen.exists_channel_fin21' depends on axioms: [propext, Classical.choice, Quot.sound] 
== end=2026-10-08T13:32:20Z
