== DimensionTenPair  module=OAI.Analysis.Quantum.DimensionTen.Main  start=2026-10-08T13:10:45Z
warning: PrimeNumberTheoremAnd: repository '/Users/shannon/cc/math/math/lean/.lake/packages/PrimeNumberTheoremAnd' has local changes
warning: belyi: repository '/Users/shannon/cc/math/math/lean/.lake/packages/belyi' has local changes
warning: formal-schemes: repository '/Users/shannon/cc/math/math/lean/.lake/packages/formal-schemes' has local changes
warning: elliptic-curves: repository '/Users/shannon/cc/math/math/lean/.lake/packages/elliptic-curves' has local changes
warning: tempered-fundamental-groups: repository '/Users/shannon/cc/math/math/lean/.lake/packages/tempered-fundamental-groups' has local changes
warning: oka: repository '/Users/shannon/cc/math/math/lean/.lake/packages/oka' has local changes
warning: orbicurve-cores: repository '/Users/shannon/cc/math/math/lean/.lake/packages/orbicurve-cores' has local changes
warning: pi1: repository '/Users/shannon/cc/math/math/lean/.lake/packages/pi1' has local changes
warning: heights: repository '/Users/shannon/cc/math/math/lean/.lake/packages/heights' has local changes
warning: genl: repository '/Users/shannon/cc/math/math/lean/.lake/packages/genl' has local changes
warning: tate-curves-theta: repository '/Users/shannon/cc/math/math/lean/.lake/packages/tate-curves-theta' has local changes
warning: iut: repository '/Users/shannon/cc/math/math/lean/.lake/packages/iut' has local changes
warning: gromov: repository '/Users/shannon/cc/math/math/lean/.lake/packages/gromov' has local changes
warning: SphereEversion: repository '/Users/shannon/cc/math/math/lean/.lake/packages/SphereEversion' has local changes
warning: schoenflies-lean: repository '/Users/shannon/cc/math/math/lean/.lake/packages/schoenflies-lean' has local changes
warning: ClassFieldTheory: repository '/Users/shannon/cc/math/math/lean/.lake/packages/ClassFieldTheory' has local changes
warning: AINTLIB: repository '/Users/shannon/cc/math/math/lean/.lake/packages/AINTLIB' has local changes
warning: AbsorptionCutoff: repository '/Users/shannon/cc/math/math/lean/.lake/packages/AbsorptionCutoff' has local changes
warning: StrongPNT: repository '/Users/shannon/cc/math/math/lean/.lake/packages/StrongPNT' has local changes
warning: carleson: repository '/Users/shannon/cc/math/math/lean/.lake/packages/carleson' has local changes
warning: rellich-kondrachov: repository '/Users/shannon/cc/math/math/lean/.lake/packages/rellich-kondrachov' has local changes
warning: Zeta3Irrational: repository '/Users/shannon/cc/math/math/lean/.lake/packages/Zeta3Irrational' has local changes
warning: fixed-point-theorems: repository '/Users/shannon/cc/math/math/lean/.lake/packages/fixed-point-theorems' has local changes
✔ [6720/6865] Built OAI.Analysis.Quantum.PPTSquare.EigenRows (8.4s)
✔ [6797/6957] Built OAI.Analysis.Quantum.PPTSquare.MatrixSelection (8.6s)
✔ [6970/7185] Built OAI.Analysis.Quantum.PPTSquare.SplittingSetup (9.1s)
✔ [7241/7346] Built OAI.Analysis.Quantum.PPTSquare.ModularSupport (9.6s)
✔ [7758/7833] Built OAI.Analysis.Quantum.PPTSquare.AlgebraData (11s)
✔ [7768/7860] Built OAI.Analysis.Quantum.PPTSquare.GaloisAction (13s)
✔ [7826/7929] Built OAI.Analysis.Quantum.PPTSquare.QuadraticBasis (13s)
✔ [8931/9052] Built OAI.Analysis.Quantum.PPTSquare.EigenGalois (10s)
✔ [8932/9052] Built OAI.Analysis.Quantum.PPTSquare.Mod41Data (12s)
✔ [8933/9052] Built OAI.Analysis.Quantum.PPTSquare.Mod131Data (13s)
✔ [8934/9052] Built OAI.Analysis.Quantum.PPTSquare.Mod139Data (13s)
✔ [8935/9052] Built OAI.Analysis.Quantum.DimensionTen.RootPermutation (24s)
✔ [8936/9052] Built OAI.Analysis.Quantum.DimensionTen.IndependentMinor (24s)
✔ [8937/9052] Built OAI.Analysis.Quantum.DimensionTen.RootReduction (23s)
✔ [8938/9052] Built OAI.Analysis.Quantum.DimensionTen.Mod41Model (19s)
✔ [8939/9052] Built OAI.Analysis.Quantum.DimensionTen.Mod139Model (19s)
✔ [8940/9052] Built OAI.Analysis.Quantum.DimensionTen.EigenAdjoin (21s)
✔ [8941/9052] Built OAI.Analysis.Quantum.PPTSquare.MatrixInverse (53s)
✔ [8942/9052] Built OAI.Analysis.Quantum.PPTSquare.Mod41Reduction (25s)
✔ [8943/9052] Built OAI.Analysis.Quantum.PPTSquare.Mod131Reduction (25s)
✔ [8944/9052] Built OAI.Analysis.Quantum.PPTSquare.Mod139Reduction (25s)
✔ [8945/9052] Built OAI.Analysis.Quantum.DimensionTen.Mod131Model (28s)
✔ [8946/9052] Built OAI.Analysis.Quantum.DimensionTen.FieldRepresentation (30s)
✔ [8947/9052] Built OAI.Analysis.Quantum.DimensionTen.FrobeniusRoots (29s)
✔ [8948/9052] Built OAI.Analysis.Quantum.DimensionTen.Mod41Powers01 (41s)
✔ [8949/9052] Built OAI.Analysis.Quantum.DimensionTen.Mod139Powers01 (59s)
✔ [8950/9052] Built OAI.Analysis.Quantum.DimensionTen.Mod131Powers01 (58s)
✔ [8951/9052] Built OAI.Analysis.Quantum.DimensionTen.Mod41Powers02 (51s)
✔ [8952/9052] Built OAI.Analysis.Quantum.DimensionTen.Mod131Powers02 (57s)
✔ [8953/9052] Built OAI.Analysis.Quantum.DimensionTen.Mod139Powers02 (61s)
✔ [8954/9052] Built OAI.Analysis.Quantum.PPTSquare.Mod41Products (131s)
✔ [8955/9052] Built OAI.Analysis.Quantum.DimensionTen.Mod41Powers03 (42s)
✔ [8956/9052] Built OAI.Analysis.Quantum.PPTSquare.Mod131Products (131s)
✔ [8957/9052] Built OAI.Analysis.Quantum.PPTSquare.Mod139Products (131s)
✔ [8958/9052] Built OAI.Analysis.Quantum.DimensionTen.Mod131Powers03 (55s)
✔ [8959/9052] Built OAI.Analysis.Quantum.DimensionTen.Mod139Powers03 (55s)
✔ [8960/9052] Built OAI.Analysis.Quantum.DimensionTen.Mod41Powers04 (48s)
✔ [8961/9052] Built OAI.Analysis.Quantum.PPTSquare.Mod41Powers01 (73s)
✔ [8962/9052] Built OAI.Analysis.Quantum.DimensionTen.Mod41Powers05 (41s)
✔ [8963/9052] Built OAI.Analysis.Quantum.DimensionTen.Mod131Powers04 (47s)
✔ [8964/9052] Built OAI.Analysis.Quantum.DimensionTen.Mod139Powers04 (48s)
✔ [8965/9052] Built OAI.Analysis.Quantum.DimensionTen.Mod41Powers06 (48s)
✔ [8966/9052] Built OAI.Analysis.Quantum.DimensionTen.Mod131Powers05 (49s)
✔ [8967/9052] Built OAI.Analysis.Quantum.DimensionTen.Mod139Powers05 (48s)
✔ [8968/9052] Built OAI.Analysis.Quantum.PPTSquare.Mod131Powers01 (146s)
✔ [8969/9052] Built OAI.Analysis.Quantum.PPTSquare.Mod41Powers02 (74s)
✔ [8970/9052] Built OAI.Analysis.Quantum.PPTSquare.Mod139Powers01 (148s)
✔ [8971/9052] Built OAI.Analysis.Quantum.DimensionTen.BorderData (358s)
✔ [8972/9052] Built OAI.Analysis.Quantum.DimensionTen.Mod41Powers07 (48s)
✔ [8973/9052] Built OAI.Analysis.Quantum.DimensionTen.Mod131Powers06 (51s)
✔ [8974/9052] Built OAI.Analysis.Quantum.DimensionTen.Mod139Powers06 (51s)
✔ [8975/9052] Built OAI.Analysis.Quantum.DimensionTen.Mod41Powers08 (36s)
✔ [8976/9052] Built OAI.Analysis.Quantum.DimensionTen.PolynomialData (55s)
✔ [8977/9052] Built OAI.Analysis.Quantum.PPTSquare.Mod41Powers03 (79s)
✔ [8978/9052] Built OAI.Analysis.Quantum.DimensionTen.Mod131Powers07 (41s)
✔ [8979/9052] Built OAI.Analysis.Quantum.PPTSquare.Commutators (367s)
✔ [8980/9052] Built OAI.Analysis.Quantum.DimensionTen.Mod139Powers07 (44s)
✔ [8981/9052] Built OAI.Analysis.Quantum.PPTSquare.Multiplication (14s)
✔ [8982/9052] Built OAI.Analysis.Quantum.DimensionTen.Mod41Powers09 (32s)
✔ [8983/9052] Built OAI.Analysis.Quantum.PPTSquare.Recurrence (18s)
✔ [8984/9052] Built OAI.Analysis.Quantum.PPTSquare.Evaluation (9.2s)
✔ [8985/9052] Built OAI.Analysis.Quantum.DimensionTen.Mod131Powers08 (44s)
✔ [8986/9052] Built OAI.Analysis.Quantum.DimensionTen.Mod139Powers08 (47s)
✔ [8987/9052] Built OAI.Analysis.Quantum.PPTSquare.FieldExtension (9.7s)
✔ [8988/9052] Built OAI.Analysis.Quantum.PPTSquare.QuadraticEvaluation (11s)
✔ [8989/9052] Built OAI.Analysis.Quantum.PPTSquare.PencilData (22s)
✔ [8990/9052] Built OAI.Analysis.Quantum.DimensionTen.Mod41Powers10 (36s)
✔ [8991/9052] Built OAI.Analysis.Quantum.PPTSquare.Mod41Powers04 (68s)
✔ [8992/9052] Built OAI.Analysis.Quantum.PPTSquare.Mod131Powers02 (167s)
✔ [8993/9052] Built OAI.Analysis.Quantum.PPTSquare.AffineMinors (30s)
✔ [8994/9052] Built OAI.Analysis.Quantum.DimensionTen.Mod41Result (30s)
✔ [8995/9052] Built OAI.Analysis.Quantum.DimensionTen.Mod131Powers09 (36s)
✔ [8996/9052] Built OAI.Analysis.Quantum.PPTSquare.Mod139Powers02 (175s)
✔ [8997/9052] Built OAI.Analysis.Quantum.DimensionTen.Mod139Powers09 (49s)
✔ [8998/9052] Built OAI.Analysis.Quantum.DimensionTen.Mod131Result (24s)
✔ [8999/9052] Built OAI.Analysis.Quantum.PPTSquare.InfinityMinors (28s)
✔ [9000/9052] Built OAI.Analysis.Quantum.PPTSquare.PencilGeometry (10s)
✔ [9001/9052] Built OAI.Analysis.Quantum.DimensionTen.Mod139Powers10 (28s)
✔ [9002/9052] Built OAI.Analysis.Quantum.PPTSquare.PencilPoints (7.8s)
✔ [9003/9052] Built OAI.Analysis.Quantum.DimensionTen.IntegerPolynomials (20s)
✔ [9004/9052] Built OAI.Analysis.Quantum.PPTSquare.Mod41Powers05 (77s)
✔ [9005/9052] Built OAI.Analysis.Quantum.PPTSquare.Directions (8.5s)
✔ [9006/9052] Built OAI.Analysis.Quantum.DimensionTen.Mod139Result (21s)
✔ [9007/9052] Built OAI.Analysis.Quantum.DimensionTen.ModularPermutations (13s)
✔ [9008/9052] Built OAI.Analysis.Quantum.PPTSquare.Mod41Powers06 (30s)
✔ [9009/9052] Built OAI.Analysis.Quantum.PPTSquare.Mod41Result (5.7s)
✔ [9010/9052] Built OAI.Analysis.Quantum.DimensionTen.Annihilator (41s)
✔ [9011/9052] Built OAI.Analysis.Quantum.DimensionTen.GaloisCertificate (16s)
✔ [9012/9052] Built OAI.Analysis.Quantum.DimensionTen.NormalizedMatrices (12s)
✔ [9013/9052] Built OAI.Analysis.Quantum.PPTSquare.Mod131Powers03 (116s)
✔ [9014/9052] Built OAI.Analysis.Quantum.DimensionTen.BorderField (12s)
✔ [9015/9052] Built OAI.Analysis.Quantum.PPTSquare.Mod139Powers03 (116s)
✔ [9016/9052] Built OAI.Analysis.Quantum.DimensionTen.LowBasis (17s)
✔ [9017/9052] Built OAI.Analysis.Quantum.DimensionTen.GaloisField (16s)
✔ [9018/9052] Built OAI.Analysis.Quantum.DimensionTen.BorderRelations (17s)
✔ [9019/9052] Built OAI.Analysis.Quantum.PPTSquare.Mod131Powers04 (74s)
✔ [9020/9052] Built OAI.Analysis.Quantum.PPTSquare.Mod131Result (4.6s)
✔ [9021/9052] Built OAI.Analysis.Quantum.DimensionTen.EigenData (47s)
✔ [9022/9052] Built OAI.Analysis.Quantum.PPTSquare.Mod139Powers04 (83s)
✔ [9023/9052] Built OAI.Analysis.Quantum.PPTSquare.Mod139Powers05 (26s)
✔ [9024/9052] Built OAI.Analysis.Quantum.PPTSquare.Mod139Result (2.8s)
✔ [9025/9052] Built OAI.Analysis.Quantum.PPTSquare.Modular (2.8s)
✔ [9026/9052] Built OAI.Analysis.Quantum.PPTSquare.SplittingField (4.3s)
✔ [9027/9052] Built OAI.Analysis.Quantum.PPTSquare.ChannelModel (4.9s)
✔ [9028/9052] Built OAI.Analysis.Quantum.PPTSquare.TraceCompletion (4.5s)
✔ [9029/9052] Built OAI.Analysis.Quantum.PPTSquare.Compression (4.7s)
✔ [9030/9052] Built OAI.Analysis.Quantum.PPTSquare.ChannelCompletion (4.5s)
✔ [9031/9052] Built OAI.Analysis.Quantum.PPTSquare.TensorModel (8.3s)
✔ [9032/9052] Built OAI.Analysis.Quantum.DimensionTen.PencilModel (5.1s)
✔ [9033/9052] Built OAI.Analysis.Quantum.DimensionTen.PureMatrices (7.3s)
✔ [9034/9052] Built OAI.Analysis.Quantum.DimensionTen.Kraus (8.5s)
✔ [9035/9052] Built OAI.Analysis.Quantum.DimensionTen.TensorSymmetry (8.8s)
✔ [9036/9052] Built OAI.Analysis.Quantum.DimensionTen.FamilyGeometry (9.6s)
✔ [9037/9052] Built OAI.Analysis.Quantum.DimensionTen.PencilKraus (9.8s)
✔ [9038/9052] Built OAI.Analysis.Quantum.DimensionTen.TensorKraus (10s)
✔ [9039/9052] Built OAI.Analysis.Quantum.DimensionTen.ChoiPairing (11s)
✔ [9040/9052] Built OAI.Analysis.Quantum.DimensionTen.ExteriorMaps (11s)
✔ [9041/9052] Built OAI.Analysis.Quantum.DimensionTen.Veronese (31s)
✔ [9042/9052] Built OAI.Analysis.Quantum.DimensionTen.MinorData (44s)
✔ [9043/9052] Built OAI.Analysis.Quantum.DimensionTen.CompoundTrace (8.3s)
✔ [9044/9052] Built OAI.Analysis.Quantum.DimensionTen.MinorRelations (9.7s)
✔ [9045/9052] Built OAI.Analysis.Quantum.DimensionTen.ExteriorEvaluation (9.3s)
✔ [9046/9052] Built OAI.Analysis.Quantum.DimensionTen.Cofactors (18s)
✔ [9047/9052] Built OAI.Analysis.Quantum.DimensionTen.AlphaMinors (10s)
✔ [9048/9052] Built OAI.Analysis.Quantum.DimensionTen.EvaluationMinors (11s)
✔ [9049/9052] Built OAI.Analysis.Quantum.DimensionTen.PencilPoints (12s)
✔ [9050/9052] Built OAI.Analysis.Quantum.DimensionTen.QuadraticBounds (9.3s)
✔ [9051/9052] Built OAI.Analysis.Quantum.DimensionTen.TwentyDirections (7.4s)
✔ [9052/9052] Built OAI.Analysis.Quantum.DimensionTen.Main (7.2s)
Build completed successfully (9052 jobs).
== build rc=0 seconds=902
{"theorems": ["OAI.DimensionTen.main_pair"], "defs": ["OAI.DimensionTen.blocksZ", "OAI.DimensionTen.blocks", "OAI.DimensionTen.pencilMap", "OAI.DimensionTen.Mat", "OAI.DimensionTen.IsComplexLinear", "OAI.DimensionTen.amplify", "OAI.DimensionTen.CompletelyPositive", "OAI.DimensionTen.PPT", "OAI.DimensionTen.separable", "OAI.DimensionTen.EntanglementBreaking", "OAI.DimensionTen.choi", "OAI.DimensionTen.tensorMap", "OAI.DimensionTen.hsAdjoint", "OAI.DimensionTen.symmetricPairs", "OAI.DimensionTen.exteriorPairs", "OAI.DimensionTen.symmetricIsometry", "OAI.DimensionTen.exteriorIsometry", "OAI.DimensionTen.hodgeComplement", "OAI.DimensionTen.firstSix", "OAI.DimensionTen.exteriorMap", "OAI.DimensionTen.complementaryMap", "OAI.DimensionTen.phiOne", "OAI.DimensionTen.phiTwo", "OAI.DimensionTen.compositeChoi", "OAI.DimensionTen.productVector"], "json_theorems": ["OAI.DimensionTen.main_pair"], "missing_from_parse": []}
TYPES/DEFS DIFFER DimensionTenPair
1,5d0
< /Users/shannon/cc/math/math/lean/Scratch/Challenge_DimensionTenPair.lean:112:8:
< warning:
< declaration
< uses
< `sorry`
AXIOMS: 'OAI.DimensionTen.main_pair' depends on axioms: [propext, Classical.choice, Quot.sound] 
== end=2026-10-08T13:26:17Z
