== EditDistance  module=OAI.Combinatorics.EditDistance.Main  start=2026-10-09T09:51:11Z
warning: PrimeNumberTheoremAnd: repository '/Users/shannon/cc/math/math/lean/.lake/packages/PrimeNumberTheoremAnd' has local changes
warning: belyi: repository '/Users/shannon/cc/math/math/lean/.lake/packages/belyi' has local changes
warning: formal-schemes: repository '/Users/shannon/cc/math/math/lean/.lake/packages/formal-schemes' has local changes
warning: elliptic-curves: repository '/Users/shannon/cc/math/math/lean/.lake/packages/elliptic-curves' has local changes
warning: tempered-fundamental-groups: repository '/Users/shannon/cc/math/math/lean/.lake/packages/tempered-fundamental-groups' has local changes
warning: oka: repository '/Users/shannon/cc/math/math/lean/.lake/packages/oka' has local changes
warning: orbicurve-cores: repository '/Users/shannon/cc/math/math/lean/.lake/packages/orbicurve-cores' has local changes
warning: pi1: repository '/Users/shannon/cc/math/math/lean/.lake/packages/pi1' has local changes
warning: heights: repository '/Users/shannon/cc/math/math/lean/.lake/packages/heights' has local changes
warning: genl: repository '/Users/shannon/cc/math/math/lean/.lake/packages/genl' has local changes
warning: tate-curves-theta: repository '/Users/shannon/cc/math/math/lean/.lake/packages/tate-curves-theta' has local changes
warning: iut: repository '/Users/shannon/cc/math/math/lean/.lake/packages/iut' has local changes
warning: gromov: repository '/Users/shannon/cc/math/math/lean/.lake/packages/gromov' has local changes
warning: SphereEversion: repository '/Users/shannon/cc/math/math/lean/.lake/packages/SphereEversion' has local changes
warning: schoenflies-lean: repository '/Users/shannon/cc/math/math/lean/.lake/packages/schoenflies-lean' has local changes
warning: ClassFieldTheory: repository '/Users/shannon/cc/math/math/lean/.lake/packages/ClassFieldTheory' has local changes
warning: AINTLIB: repository '/Users/shannon/cc/math/math/lean/.lake/packages/AINTLIB' has local changes
warning: AbsorptionCutoff: repository '/Users/shannon/cc/math/math/lean/.lake/packages/AbsorptionCutoff' has local changes
warning: StrongPNT: repository '/Users/shannon/cc/math/math/lean/.lake/packages/StrongPNT' has local changes
warning: carleson: repository '/Users/shannon/cc/math/math/lean/.lake/packages/carleson' has local changes
warning: rellich-kondrachov: repository '/Users/shannon/cc/math/math/lean/.lake/packages/rellich-kondrachov' has local changes
warning: Zeta3Irrational: repository '/Users/shannon/cc/math/math/lean/.lake/packages/Zeta3Irrational' has local changes
warning: fixed-point-theorems: repository '/Users/shannon/cc/math/math/lean/.lake/packages/fixed-point-theorems' has local changes
✔ [8924/8969] Built OAI.Combinatorics.EditDistance.DyadicScales (11s)
✔ [8925/8969] Built OAI.Combinatorics.EditDistance.HashCuts (11s)
✔ [8926/8969] Built OAI.Combinatorics.EditDistance.FourierCharacters (12s)
✔ [8927/8969] Built OAI.Combinatorics.EditDistance.PrimePool (15s)
✔ [8928/8969] Built OAI.Combinatorics.EditDistance.Histograms (10s)
✔ [8929/8969] Built OAI.Combinatorics.EditDistance.PrimeCharacters (10s)
✔ [8930/8969] Built OAI.Combinatorics.EditDistance.MeanHistograms (10s)
✔ [8931/8969] Built OAI.Combinatorics.EditDistance.PrimePeriods (10s)
✔ [8932/8969] Built OAI.Combinatorics.EditDistance.FourierAverages (11s)
✔ [8933/8969] Built OAI.Combinatorics.EditDistance.CutModels (9.0s)
✔ [8934/8969] Built OAI.Combinatorics.EditApproximation.Definitions (149s)
✔ [8935/8969] Built OAI.Combinatorics.EditDistance.Model (4.8s)
✔ [8936/8969] Built OAI.Combinatorics.EditDistance.Metric (6.8s)
✔ [8937/8969] Built OAI.Combinatorics.EditDistance.Cuts (6.9s)
✔ [8938/8969] Built OAI.Combinatorics.EditDistance.DelimiterAlignment (11s)
✔ [8939/8969] Built OAI.Combinatorics.EditDistance.PrimeDisplacement (11s)
✔ [8940/8969] Built OAI.Combinatorics.EditDistance.Slots (12s)
✔ [8941/8969] Built OAI.Combinatorics.EditDistance.RowAlignment (12s)
✔ [8942/8969] Built OAI.Combinatorics.EditDistance.Families (13s)
✔ [8943/8969] Built OAI.Combinatorics.EditDistance.RowSeparation (13s)
✔ [8944/8969] Built OAI.Combinatorics.EditDistance.BinaryCode (13s)
✔ [8945/8969] Built OAI.Combinatorics.EditDistance.DirectSums (14s)
✔ [8946/8969] Built OAI.Combinatorics.EditDistance.RowConstruction (18s)
✔ [8947/8969] Built OAI.Combinatorics.EditDistance.Distortion (17s)
✔ [8948/8969] Built OAI.Combinatorics.EditDistance.Windows (18s)
✔ [8949/8969] Built OAI.Combinatorics.EditDistance.CutRealization (17s)
✔ [8950/8969] Built OAI.Combinatorics.EditDistance.RecursiveControl (18s)
✔ [8951/8969] Built OAI.Combinatorics.EditDistance.BlockAlignment (19s)
✔ [8952/8969] Built OAI.Combinatorics.EditDistance.DistortionMonotonicity (13s)
✔ [8953/8969] Built OAI.Combinatorics.EditDistance.BinaryEmbedding (15s)
✔ [8954/8969] Built OAI.Combinatorics.EditDistance.WindowRecursion (15s)
✔ [8955/8969] Built OAI.Combinatorics.EditDistance.RecursiveWords (16s)
✔ [8956/8969] Built OAI.Combinatorics.EditDistance.AlphabetSupremum (11s)
✔ [8957/8969] Built OAI.Combinatorics.EditDistance.UpperBase (12s)
✔ [8958/8969] Built OAI.Combinatorics.EditDistance.FamilyRecursion (11s)
✔ [8959/8969] Built OAI.Combinatorics.EditDistance.LowerDistortion (13s)
✔ [8960/8969] Built OAI.Combinatorics.EditDistance.UpperRecursion (9.8s)
✔ [8961/8969] Built OAI.Combinatorics.EditDistance.LowerParameters (10s)
✔ [8962/8969] Built OAI.Combinatorics.EditDistance.FiniteLower (8.6s)
✔ [8963/8969] Built OAI.Combinatorics.EditDistance.DepthInversion (11s)
✔ [8964/8969] Built OAI.Combinatorics.EditDistance.LowerBound (7.2s)
✔ [8965/8969] Built OAI.Combinatorics.EditDistance.UpperParameters (12s)
✔ [8966/8969] Built OAI.Combinatorics.EditDistance.AlphabetLower (6.7s)
✔ [8967/8969] Built OAI.Combinatorics.EditDistance.UpperBound (6.1s)
✔ [8968/8969] Built OAI.Combinatorics.EditDistance.WholeMaps (5.0s)
✔ [8969/8969] Built OAI.Combinatorics.EditDistance.Main (4.0s)
Build completed successfully (8969 jobs).
== build rc=0 seconds=291
{"theorems": ["OAI.edit_distance_main"], "defs": ["OAI.EditDistortion.Step", "OAI.EditDistortion.Script", "OAI.EditDistortion.edit", "OAI.EditDistortion.L1", "OAI.EditDistortion.distortion", "OAI.EditDistortion.leastDistortion", "OAI.EditDistortion.Words", "OAI.EditDistortion.E", "OAI.EditDistortion.exponentScale", "OAI.EditDistortion.alphabetSup", "OAI.EditDistortion.BinaryWitness", "OAI.EditDistortion.MainClaim"], "json_theorems": ["OAI.edit_distance_main"], "missing_from_parse": []}
TYPES/DEFS DIFFER EditDistance
1,5d0
< /Users/shannon/cc/math/math/lean/Scratch/Challenge_EditDistance.lean:67:8:
< warning:
< declaration
< uses
< `sorry`
AXIOMS: 'OAI.edit_distance_main' depends on axioms: [propext, Classical.choice, Quot.sound] 
== end=2026-10-09T09:56:22Z
