== ElasticityUniqueness  module=OAI.MathematicalPhysics.Elasticity.Uniqueness  start=2026-10-08T11:26:32Z
warning: PrimeNumberTheoremAnd: repository '/Users/shannon/cc/math/math/lean/.lake/packages/PrimeNumberTheoremAnd' has local changes
warning: belyi: repository '/Users/shannon/cc/math/math/lean/.lake/packages/belyi' has local changes
warning: formal-schemes: repository '/Users/shannon/cc/math/math/lean/.lake/packages/formal-schemes' has local changes
warning: elliptic-curves: repository '/Users/shannon/cc/math/math/lean/.lake/packages/elliptic-curves' has local changes
warning: tempered-fundamental-groups: repository '/Users/shannon/cc/math/math/lean/.lake/packages/tempered-fundamental-groups' has local changes
warning: oka: repository '/Users/shannon/cc/math/math/lean/.lake/packages/oka' has local changes
warning: orbicurve-cores: repository '/Users/shannon/cc/math/math/lean/.lake/packages/orbicurve-cores' has local changes
warning: pi1: repository '/Users/shannon/cc/math/math/lean/.lake/packages/pi1' has local changes
warning: heights: repository '/Users/shannon/cc/math/math/lean/.lake/packages/heights' has local changes
warning: genl: repository '/Users/shannon/cc/math/math/lean/.lake/packages/genl' has local changes
warning: tate-curves-theta: repository '/Users/shannon/cc/math/math/lean/.lake/packages/tate-curves-theta' has local changes
warning: iut: repository '/Users/shannon/cc/math/math/lean/.lake/packages/iut' has local changes
warning: gromov: repository '/Users/shannon/cc/math/math/lean/.lake/packages/gromov' has local changes
warning: SphereEversion: repository '/Users/shannon/cc/math/math/lean/.lake/packages/SphereEversion' has local changes
warning: schoenflies-lean: repository '/Users/shannon/cc/math/math/lean/.lake/packages/schoenflies-lean' has local changes
warning: ClassFieldTheory: repository '/Users/shannon/cc/math/math/lean/.lake/packages/ClassFieldTheory' has local changes
warning: AINTLIB: repository '/Users/shannon/cc/math/math/lean/.lake/packages/AINTLIB' has local changes
warning: AbsorptionCutoff: repository '/Users/shannon/cc/math/math/lean/.lake/packages/AbsorptionCutoff' has local changes
warning: StrongPNT: repository '/Users/shannon/cc/math/math/lean/.lake/packages/StrongPNT' has local changes
warning: carleson: repository '/Users/shannon/cc/math/math/lean/.lake/packages/carleson' has local changes
warning: rellich-kondrachov: repository '/Users/shannon/cc/math/math/lean/.lake/packages/rellich-kondrachov' has local changes
warning: Zeta3Irrational: repository '/Users/shannon/cc/math/math/lean/.lake/packages/Zeta3Irrational' has local changes
warning: fixed-point-theorems: repository '/Users/shannon/cc/math/math/lean/.lake/packages/fixed-point-theorems' has local changes
✔ [8924/8965] Built OAI.MathematicalPhysics.Elasticity.Basic (25s)
✔ [8925/8965] Built OAI.MathematicalPhysics.Elasticity.Extension (29s)
✔ [8926/8965] Built OAI.MathematicalPhysics.Elasticity.BoundaryCalculus (33s)
✔ [8927/8965] Built OAI.MathematicalPhysics.Elasticity.Recovery (40s)
✔ [8928/8965] Built OAI.MathematicalPhysics.Elasticity.Compact (43s)
✔ [8929/8965] Built OAI.MathematicalPhysics.Elasticity.Augmented (44s)
✔ [8930/8965] Built OAI.MathematicalPhysics.Elasticity.ODE (69s)
✔ [8931/8965] Built OAI.MathematicalPhysics.Elasticity.BoundarySymbols (56s)
✔ [8932/8965] Built OAI.MathematicalPhysics.Elasticity.Bessel (91s)
✔ [8933/8965] Built OAI.MathematicalPhysics.Elasticity.Variational (83s)
✔ [8934/8965] Built OAI.MathematicalPhysics.Elasticity.Carleman (30s)
✔ [8935/8965] Built OAI.MathematicalPhysics.Elasticity.BoundaryLayers (44s)
✔ [8936/8965] Built OAI.MathematicalPhysics.Elasticity.Restriction (33s)
✔ [8937/8965] Built OAI.MathematicalPhysics.Elasticity.BoundaryCharts (18s)
✔ [8938/8965] Built OAI.MathematicalPhysics.Elasticity.BoundaryParametrix (18s)
✔ [8939/8965] Built OAI.MathematicalPhysics.Elasticity.TransportAlgebra (70s)
✔ [8940/8965] Built OAI.MathematicalPhysics.Elasticity.Regularity (72s)
✔ [8941/8965] Built OAI.MathematicalPhysics.Elasticity.BoundaryPackets (33s)
✔ [8942/8965] Built OAI.MathematicalPhysics.Elasticity.Solvability (21s)
✔ [8943/8965] Built OAI.MathematicalPhysics.Elasticity.BoundaryData (29s)
✔ [8944/8965] Built OAI.MathematicalPhysics.Elasticity.LocalRegularity (18s)
✔ [8945/8965] Built OAI.MathematicalPhysics.Elasticity.BoundaryEnergy (27s)
✔ [8946/8965] Built OAI.MathematicalPhysics.Elasticity.WeakSolutions (31s)
✔ [8947/8965] Built OAI.MathematicalPhysics.Elasticity.Planar (33s)
✔ [8948/8965] Built OAI.MathematicalPhysics.Elasticity.BoundaryValues (13s)
✔ [8949/8965] Built OAI.MathematicalPhysics.Elasticity.Parameters (35s)
✔ [8950/8965] Built OAI.MathematicalPhysics.Elasticity.Homotopy (13s)
✔ [8951/8965] Built OAI.MathematicalPhysics.Elasticity.Transport (35s)
✔ [8952/8965] Built OAI.MathematicalPhysics.Elasticity.ForcedTransport (21s)
✔ [8953/8965] Built OAI.MathematicalPhysics.Elasticity.CGO (65s)
✔ [8954/8965] Built OAI.MathematicalPhysics.Elasticity.Transfer (17s)
✔ [8955/8965] Built OAI.MathematicalPhysics.Elasticity.CommonExterior (7.6s)
✔ [8956/8965] Built OAI.MathematicalPhysics.Elasticity.BoundaryJets (24s)
✔ [8957/8965] Built OAI.MathematicalPhysics.Elasticity.PhysicalCGO (54s)
✔ [8958/8965] Built OAI.MathematicalPhysics.Elasticity.WeakLimits (36s)
✔ [8959/8965] Built OAI.MathematicalPhysics.Elasticity.Supported (26s)
✔ [8960/8965] Built OAI.MathematicalPhysics.Elasticity.Smoothing (27s)
✔ [8961/8965] Built OAI.MathematicalPhysics.Elasticity.CommonFrame (12s)
✔ [8962/8965] Built OAI.MathematicalPhysics.Elasticity.Conic (15s)
✔ [8963/8965] Built OAI.MathematicalPhysics.Elasticity.Holomorphy (11s)
✔ [8964/8965] Built OAI.MathematicalPhysics.Elasticity.Rigidity (14s)
✔ [8965/8965] Built OAI.MathematicalPhysics.Elasticity.Uniqueness (6.3s)
Build completed successfully (8965 jobs).
== build rc=0 seconds=681
{"theorems": ["OAI.Elasticity.global_uniqueness"], "defs": ["OAI.Elasticity.X", "OAI.Elasticity.V", "OAI.Elasticity.coordVector", "OAI.Elasticity.SmoothBoundary", "OAI.Elasticity.Domain", "OAI.Elasticity.SmoothUpTo", "OAI.Elasticity.Admissible", "OAI.Elasticity.Ambient", "OAI.Elasticity.coordDeriv", "OAI.Elasticity.SmoothJets", "OAI.Elasticity.TestJets", "OAI.Elasticity.H1", "OAI.Elasticity.HasZeroTrace", "OAI.Elasticity.SameTrace", "OAI.Elasticity.BoundaryData", "OAI.Elasticity.trace", "OAI.Elasticity.div", "OAI.Elasticity.strain", "OAI.Elasticity.energy", "OAI.Elasticity.WeakSolution", "OAI.Elasticity.dirichletSolution", "OAI.Elasticity.DN", "OAI.Elasticity.MainClaim"], "json_theorems": ["OAI.Elasticity.global_uniqueness"], "missing_from_parse": []}
TYPES/DEFS DIFFER ElasticityUniqueness
1,5d0
< /Users/shannon/cc/math/math/lean/Scratch/Challenge_ElasticityUniqueness.lean:103:8:
< warning:
< declaration
< uses
< `sorry`
AXIOMS: 'OAI.Elasticity.global_uniqueness' depends on axioms: [propext, Classical.choice, Quot.sound] 
== end=2026-10-08T11:38:14Z
