== EuclideanFiveColor  module=OAI.Geometry.PlaneColoring.Five  start=2026-10-07T01:36:21Z
note: using toolchain 'leanprover/lean4:v4.34.1' from override set on '/Users/shannon/cc/math/math/lean'
note: to remove: elan override unset --path '/Users/shannon/cc/math/math/lean' | to suppress: ELAN_NO_OVERRIDE_NOTICE=1
warning: belyi: repository '/Users/shannon/cc/math/math/lean/.lake/packages/belyi' has local changes
warning: formal-schemes: repository '/Users/shannon/cc/math/math/lean/.lake/packages/formal-schemes' has local changes
warning: elliptic-curves: repository '/Users/shannon/cc/math/math/lean/.lake/packages/elliptic-curves' has local changes
warning: tempered-fundamental-groups: repository '/Users/shannon/cc/math/math/lean/.lake/packages/tempered-fundamental-groups' has local changes
warning: oka: repository '/Users/shannon/cc/math/math/lean/.lake/packages/oka' has local changes
warning: orbicurve-cores: repository '/Users/shannon/cc/math/math/lean/.lake/packages/orbicurve-cores' has local changes
warning: pi1: repository '/Users/shannon/cc/math/math/lean/.lake/packages/pi1' has local changes
warning: heights: repository '/Users/shannon/cc/math/math/lean/.lake/packages/heights' has local changes
warning: genl: repository '/Users/shannon/cc/math/math/lean/.lake/packages/genl' has local changes
warning: tate-curves-theta: repository '/Users/shannon/cc/math/math/lean/.lake/packages/tate-curves-theta' has local changes
warning: iut: repository '/Users/shannon/cc/math/math/lean/.lake/packages/iut' has local changes
✔ [8924/8993] Built OAI.Geometry.PlaneColoring.Coloring (53s)
✔ [8925/8993] Built OAI.Analysis.PlaneSpectrum.PhaseEncoding (55s)
✔ [8926/8993] Built OAI.Analysis.PlaneSpectrum.SmallArcs (60s)
✔ [8927/8993] Built OAI.MeasureTheory.CompactFactors.Centers (66s)
✔ [8928/8993] Built OAI.Geometry.PlaneColoring.Expansion (67s)
✔ [8929/8993] Built OAI.Analysis.PlaneSpectrum.NumberFields (69s)
✔ [8930/8993] Built OAI.Analysis.PlaneSpectrum.Fourier (77s)
✔ [8931/8993] Built OAI.Geometry.PlaneColoring.WeakColoring (36s)
✔ [8932/8993] Built OAI.Geometry.PlaneColoring.CircleMaps (42s)
✔ [8933/8993] Built OAI.Analysis.PlaneSpectrum.PhaseCollision (42s)
✔ [8934/8993] Built OAI.MeasureTheory.CompactFactors.Amenability (53s)
✔ [8935/8993] Built OAI.Analysis.PlaneSpectrum.Basic (71s)
✔ [8936/8993] Built OAI.Analysis.PlaneSpectrum.InvariantMean (75s)
✔ [8937/8993] Built OAI.Geometry.PlaneColoring.Moser (138s)
✔ [8938/8993] Built OAI.Analysis.PlaneSpectrum.Selections (48s)
✔ [8939/8993] Built OAI.Geometry.PlaneColoring.BinaryDynamics (74s)
✔ [8940/8993] Built OAI.Analysis.PlaneSpectrum.CircleDecay (61s)
✔ [8941/8993] Built OAI.MeasureTheory.CompactFactors.ConditionalSelection (57s)
✔ [8942/8993] Built OAI.Geometry.PlaneColoring.Compactness (59s)
✔ [8943/8993] Built OAI.Analysis.PlaneSpectrum.Characters (51s)
✔ [8944/8993] Built OAI.MeasureTheory.CompactFactors.RelativeCenters (56s)
✔ [8945/8993] Built OAI.Analysis.PlaneSpectrum.Multipliers (23s)
✔ [8946/8993] Built OAI.Analysis.PlaneSpectrum.CircleOperator (32s)
✔ [8947/8993] Built OAI.Geometry.PlaneColoring.CircleTransport (52s)
✔ [8948/8993] Built OAI.Analysis.PlaneSpectrum.FourierTests (19s)
✔ [8949/8993] Built OAI.Geometry.PlaneColoring.Transitions (19s)
✔ [8950/8993] Built OAI.Geometry.PlaneColoring.Palettes (7.9s)
✔ [8951/8993] Built OAI.Analysis.PlaneSpectrum.ConditionalSpectrum (16s)
✔ [8952/8993] Built OAI.Geometry.PlaneColoring.PaletteDensity (9.8s)
✔ [8953/8993] Built OAI.Geometry.PlaneColoring.PaletteTransport (9.3s)
✔ [8954/8993] Built OAI.MeasureTheory.CompactFactors.Approximation (11s)
✔ [8955/8993] Built OAI.Geometry.PlaneColoring.Rigidity (12s)
✔ [8956/8993] Built OAI.Geometry.PlaneColoring.BinaryPalettes (13s)
✔ [8957/8993] Built OAI.MeasureTheory.CompactFactors.ConditionalLimits (20s)
✔ [8958/8993] Built OAI.Geometry.PlaneColoring.States (10s)
✔ [8959/8993] Built OAI.MeasureTheory.CompactFactors.Kernels (12s)
✔ [8960/8993] Built OAI.Geometry.PlaneColoring.BoundaryTrace (12s)
✔ [8961/8993] Built OAI.Geometry.PlaneColoring.FourContinuity (12s)
✔ [8962/8993] Built OAI.Geometry.PlaneColoring.FourTransport (24s)
✔ [8963/8993] Built OAI.MeasureTheory.CompactFactors.BoundedFunctions (28s)
✔ [8964/8993] Built OAI.MeasureTheory.CompactFactors.Functions (30s)
✔ [8965/8993] Built OAI.Geometry.PlaneColoring.AngularBoundary (39s)
✔ [8966/8993] Built OAI.Geometry.PlaneColoring.Sectors (14s)
✔ [8967/8993] Built OAI.Geometry.PlaneColoring.Interfaces (15s)
✔ [8968/8993] Built OAI.Geometry.PlaneColoring.Exclusion (20s)
✔ [8969/8993] Built OAI.MeasureTheory.CompactFactors.Factors (32s)
✔ [8970/8993] Built OAI.MeasureTheory.CompactFactors.RelativeProducts (34s)
✔ [8971/8993] Built OAI.Geometry.PlaneColoring.Accumulation (13s)
✔ [8972/8993] Built OAI.MeasureTheory.CompactFactors.Stationary (16s)
✔ [8973/8993] Built OAI.MeasureTheory.CompactFactors.Separability (23s)
✔ [8974/8993] Built OAI.Geometry.PlaneColoring.FiveSupport (14s)
✔ [8975/8993] Built OAI.Geometry.PlaneColoring.DiskAverages (14s)
✔ [8976/8993] Built OAI.Geometry.PlaneColoring.CyclicCore (14s)
✔ [8977/8993] Built OAI.Geometry.PlaneColoring.PlanarCovers (16s)
✔ [8978/8993] Built OAI.MeasureTheory.CompactFactors.AlgebraModels (24s)
✔ [8979/8993] Built OAI.Geometry.PlaneColoring.GraphRealization (10s)
✔ [8980/8993] Built OAI.Geometry.PlaneColoring.ContinuumLimits (12s)
✔ [8981/8993] Built OAI.Geometry.PlaneColoring.DiskExtension (13s)
✔ [8982/8993] Built OAI.Analysis.PlaneSpectrum.Representations (24s)
✔ [8983/8993] Built OAI.Geometry.PlaneColoring.GraphCuts (14s)
✔ [8984/8993] Built OAI.Geometry.PlaneColoring.HoleApproximation (15s)
✔ [8985/8993] Built OAI.Analysis.PlaneSpectrum.Energy (22s)
✔ [8986/8993] Built OAI.Geometry.PlaneColoring.GraphPatches (14s)
✔ [8987/8993] Built OAI.Geometry.PlaneColoring.FullApproximation (16s)
✔ [8988/8993] Built OAI.Analysis.PlaneSpectrum.SpectralMeasure (43s)
✔ [8989/8993] Built OAI.Geometry.PlaneColoring.Mesh (11s)
✔ [8990/8993] Built OAI.Analysis.PlaneSpectrum.RadialEnergy (31s)
✔ [8991/8993] Built OAI.Analysis.PlaneSpectrum.Ergodicity (12s)
✔ [8992/8993] Built OAI.Geometry.PlaneColoring.BorelTransfer (8.3s)
✔ [8993/8993] Built OAI.Geometry.PlaneColoring.Five (5.6s)
Build completed successfully (8993 jobs).
== EuclideanFiveColor recheck (no build) 2026-10-07T01:48:43Z
{"theorems": ["OAI.EuclideanFiveColor.no_proper_five_coloring"], "defs": ["OAI.EuclideanFiveColor.ProperColoring"], "json_theorems": ["OAI.EuclideanFiveColor.no_proper_five_coloring"], "missing_from_parse": []}
TYPES/DEFS DIFFER EuclideanFiveColor
1,5d0
< /Users/shannon/cc/math/math/lean/Scratch/Challenge_EuclideanFiveColor.lean:10:8:
< warning:
< declaration
< uses
< `sorry`
9c4
< coloring,
---
> c,
12c7
< coloring
---
> c
16c11
< (colorCount
---
> (k
23c18
< colorCount)
---
> k)
28,29c23,24
< colorCount
< coloring
---
> k
> c
32,33c27,28
< (point
< otherPoint
---
> (x
> y
36c31
< ‖point
---
> ‖x
38c33
< otherPoint‖
---
> y‖
42,43c37,38
< coloring
< point
---
> c
> x
45,46c40,41
< coloring
< otherPoint
---
> c
> y
AXIOMS: 'OAI.EuclideanFiveColor.no_proper_five_coloring' depends on axioms: [propext, Classical.choice, Quot.sound] 
== end=2026-10-07T01:50:30Z
