== EvenBarker  module=OAI.LinearAlgebra.Barker.Main  start=2026-10-08T10:42:02Z
warning: PrimeNumberTheoremAnd: repository '/Users/shannon/cc/math/math/lean/.lake/packages/PrimeNumberTheoremAnd' has local changes
warning: belyi: repository '/Users/shannon/cc/math/math/lean/.lake/packages/belyi' has local changes
warning: formal-schemes: repository '/Users/shannon/cc/math/math/lean/.lake/packages/formal-schemes' has local changes
warning: elliptic-curves: repository '/Users/shannon/cc/math/math/lean/.lake/packages/elliptic-curves' has local changes
warning: tempered-fundamental-groups: repository '/Users/shannon/cc/math/math/lean/.lake/packages/tempered-fundamental-groups' has local changes
warning: oka: repository '/Users/shannon/cc/math/math/lean/.lake/packages/oka' has local changes
warning: orbicurve-cores: repository '/Users/shannon/cc/math/math/lean/.lake/packages/orbicurve-cores' has local changes
warning: pi1: repository '/Users/shannon/cc/math/math/lean/.lake/packages/pi1' has local changes
warning: heights: repository '/Users/shannon/cc/math/math/lean/.lake/packages/heights' has local changes
warning: genl: repository '/Users/shannon/cc/math/math/lean/.lake/packages/genl' has local changes
warning: tate-curves-theta: repository '/Users/shannon/cc/math/math/lean/.lake/packages/tate-curves-theta' has local changes
warning: iut: repository '/Users/shannon/cc/math/math/lean/.lake/packages/iut' has local changes
warning: gromov: repository '/Users/shannon/cc/math/math/lean/.lake/packages/gromov' has local changes
warning: SphereEversion: repository '/Users/shannon/cc/math/math/lean/.lake/packages/SphereEversion' has local changes
warning: schoenflies-lean: repository '/Users/shannon/cc/math/math/lean/.lake/packages/schoenflies-lean' has local changes
warning: ClassFieldTheory: repository '/Users/shannon/cc/math/math/lean/.lake/packages/ClassFieldTheory' has local changes
warning: AINTLIB: repository '/Users/shannon/cc/math/math/lean/.lake/packages/AINTLIB' has local changes
warning: AbsorptionCutoff: repository '/Users/shannon/cc/math/math/lean/.lake/packages/AbsorptionCutoff' has local changes
warning: StrongPNT: repository '/Users/shannon/cc/math/math/lean/.lake/packages/StrongPNT' has local changes
warning: carleson: repository '/Users/shannon/cc/math/math/lean/.lake/packages/carleson' has local changes
warning: rellich-kondrachov: repository '/Users/shannon/cc/math/math/lean/.lake/packages/rellich-kondrachov' has local changes
warning: Zeta3Irrational: repository '/Users/shannon/cc/math/math/lean/.lake/packages/Zeta3Irrational' has local changes
warning: fixed-point-theorems: repository '/Users/shannon/cc/math/math/lean/.lake/packages/fixed-point-theorems' has local changes
✔ [8992/8996] Built OAI.LinearAlgebra.Barker.Model (5.4s)
✔ [8993/8996] Built OAI.LinearAlgebra.Barker.Wraparound (7.8s)
✔ [8994/8996] Built OAI.LinearAlgebra.Barker.PeriodicModFour (7.8s)
✔ [8995/8996] Built OAI.LinearAlgebra.Barker.Parity (7.0s)
✔ [8996/8996] Built OAI.LinearAlgebra.Barker.Main (6.4s)
Build completed successfully (8996 jobs).
== build rc=0 seconds=26
{"theorems": ["OAI.CirculantHadamard.Barker.even_length_eq_two_or_four"], "defs": ["OAI.CirculantHadamard.IsSign", "OAI.CirculantHadamard.Barker.aperiodic", "OAI.CirculantHadamard.Barker.IsBarker"], "json_theorems": ["OAI.CirculantHadamard.Barker.even_length_eq_two_or_four"], "missing_from_parse": []}
TYPES/DEFS DIFFER EvenBarker
1,5d0
< /Users/shannon/cc/math/math/lean/Scratch/Challenge_EvenBarker.lean:21:8:
< warning:
< declaration
< uses
< `sorry`
AXIOMS: 'OAI.CirculantHadamard.Barker.even_length_eq_two_or_four' depends on axioms: [propext, Classical.choice, Quot.sound] 
== end=2026-10-08T10:42:48Z
