== ExactFourier  module=OAI.Computability.FourierCircuit.Main  start=2026-10-08T13:56:53Z
warning: PrimeNumberTheoremAnd: repository '/Users/shannon/cc/math/math/lean/.lake/packages/PrimeNumberTheoremAnd' has local changes
warning: belyi: repository '/Users/shannon/cc/math/math/lean/.lake/packages/belyi' has local changes
warning: formal-schemes: repository '/Users/shannon/cc/math/math/lean/.lake/packages/formal-schemes' has local changes
warning: elliptic-curves: repository '/Users/shannon/cc/math/math/lean/.lake/packages/elliptic-curves' has local changes
warning: tempered-fundamental-groups: repository '/Users/shannon/cc/math/math/lean/.lake/packages/tempered-fundamental-groups' has local changes
warning: oka: repository '/Users/shannon/cc/math/math/lean/.lake/packages/oka' has local changes
warning: orbicurve-cores: repository '/Users/shannon/cc/math/math/lean/.lake/packages/orbicurve-cores' has local changes
warning: pi1: repository '/Users/shannon/cc/math/math/lean/.lake/packages/pi1' has local changes
warning: heights: repository '/Users/shannon/cc/math/math/lean/.lake/packages/heights' has local changes
warning: genl: repository '/Users/shannon/cc/math/math/lean/.lake/packages/genl' has local changes
warning: tate-curves-theta: repository '/Users/shannon/cc/math/math/lean/.lake/packages/tate-curves-theta' has local changes
warning: iut: repository '/Users/shannon/cc/math/math/lean/.lake/packages/iut' has local changes
warning: gromov: repository '/Users/shannon/cc/math/math/lean/.lake/packages/gromov' has local changes
warning: SphereEversion: repository '/Users/shannon/cc/math/math/lean/.lake/packages/SphereEversion' has local changes
warning: schoenflies-lean: repository '/Users/shannon/cc/math/math/lean/.lake/packages/schoenflies-lean' has local changes
warning: ClassFieldTheory: repository '/Users/shannon/cc/math/math/lean/.lake/packages/ClassFieldTheory' has local changes
warning: AINTLIB: repository '/Users/shannon/cc/math/math/lean/.lake/packages/AINTLIB' has local changes
warning: AbsorptionCutoff: repository '/Users/shannon/cc/math/math/lean/.lake/packages/AbsorptionCutoff' has local changes
warning: StrongPNT: repository '/Users/shannon/cc/math/math/lean/.lake/packages/StrongPNT' has local changes
warning: carleson: repository '/Users/shannon/cc/math/math/lean/.lake/packages/carleson' has local changes
warning: rellich-kondrachov: repository '/Users/shannon/cc/math/math/lean/.lake/packages/rellich-kondrachov' has local changes
warning: Zeta3Irrational: repository '/Users/shannon/cc/math/math/lean/.lake/packages/Zeta3Irrational' has local changes
warning: fixed-point-theorems: repository '/Users/shannon/cc/math/math/lean/.lake/packages/fixed-point-theorems' has local changes
✔ [8924/8974] Built OAI.Computability.FourierCircuit.Core (15s)
✔ [8925/8974] Built OAI.Computability.FourierCircuit.Words (6.0s)
✔ [8926/8974] Built OAI.Computability.FourierCircuit.Shears (7.4s)
✔ [8927/8974] Built OAI.Computability.FourierCircuit.Prices (7.7s)
✔ [8928/8974] Built OAI.Computability.FourierCircuit.PortMatrices (8.7s)
✔ [8929/8974] Built OAI.Computability.FourierCircuit.LinearDAG (7.6s)
✔ [8930/8974] Built OAI.Computability.FourierCircuit.TensorTools (11s)
✔ [8931/8974] Built OAI.Computability.FourierCircuit.SparseShear (9.7s)
✔ [8932/8974] Built OAI.Computability.FourierCircuit.Triangular (9.9s)
✔ [8933/8974] Built OAI.Computability.FourierCircuit.StreamSeries (14s)
✔ [8934/8974] Built OAI.Computability.FourierCircuit.CascadeWord (11s)
✔ [8935/8974] Built OAI.Computability.FourierCircuit.CircuitExtensions (11s)
✔ [8936/8974] Built OAI.Computability.FourierCircuit.ClearedCircuit (11s)
✔ [8937/8974] Built OAI.Computability.FourierCircuit.FFTCircuit (12s)
✔ [8938/8974] Built OAI.Computability.FourierCircuit.Boundary (10s)
✔ [8939/8974] Built OAI.Computability.FourierCircuit.CascadeLimit (9.0s)
✔ [8940/8974] Built OAI.Computability.FourierCircuit.BoundaryActiveCircuit (11s)
✔ [8941/8974] Built OAI.Computability.FourierCircuit.PolynomialClearing (10s)
✔ [8942/8974] Built OAI.Computability.FourierCircuit.PivotAlgebra (12s)
✔ [8943/8974] Built OAI.Computability.FourierCircuit.PivotJoin (13s)
✔ [8944/8974] Built OAI.Computability.FourierCircuit.MonomialFeedback (9.3s)
✔ [8945/8974] Built OAI.Computability.FourierCircuit.MonomialTools (7.1s)
✔ [8946/8974] Built OAI.Computability.FourierCircuit.PositiveReach (6.4s)
✔ [8947/8974] Built OAI.Computability.FourierCircuit.ParameterAlgebra (7.4s)
✔ [8948/8974] Built OAI.Computability.FourierCircuit.MultiWord (6.2s)
✔ [8949/8974] Built OAI.Computability.FourierCircuit.WordScheduling (5.9s)
✔ [8950/8974] Built OAI.Computability.FourierCircuit.PiTensor (6.5s)
✔ [8951/8974] Built OAI.Computability.FourierCircuit.SlotAssembly (6.3s)
✔ [8952/8974] Built OAI.Computability.FourierCircuit.ComparisonRename (6.0s)
✔ [8953/8974] Built OAI.Computability.FourierCircuit.PackedSchedule (5.8s)
✔ [8954/8974] Built OAI.Computability.FourierCircuit.SumFramed (5.0s)
✔ [8955/8974] Built OAI.Computability.FourierCircuit.LiveSectors (14s)
✔ [8956/8974] Built OAI.Computability.FourierCircuit.InventoryValidity (6.1s)
✔ [8957/8974] Built OAI.Computability.FourierCircuit.FiniteSeparation (6.7s)
✔ [8958/8974] Built OAI.Computability.FourierCircuit.RawWordBound (6.0s)
✔ [8959/8974] Built OAI.Computability.FourierCircuit.RawPositive (6.2s)
✔ [8960/8974] Built OAI.Computability.FourierCircuit.SignedPrice (7.2s)
✔ [8961/8974] Built OAI.Computability.FourierCircuit.SymmetricLaplacian (6.4s)
✔ [8962/8974] Built OAI.Computability.FourierCircuit.DiagonalBlocks (7.8s)
✔ [8963/8974] Built OAI.Computability.FourierCircuit.RationalClearing (6.4s)
✔ [8964/8974] Built OAI.Computability.FourierCircuit.SparseSpectral (5.0s)
✔ [8965/8974] Built OAI.Computability.FourierCircuit.GraphBlocks (6.5s)
✔ [8966/8974] Built OAI.Computability.FourierCircuit.CircuitCost (5.9s)
✔ [8967/8974] Built OAI.Computability.FourierCircuit.TensorCostAlgebra (5.0s)
✔ [8968/8974] Built OAI.Computability.FourierCircuit.AmplificationMaster (10s)
✔ [8969/8974] Built OAI.Computability.FourierCircuit.PairFamilies (6.5s)
✔ [8970/8974] Built OAI.Computability.FourierCircuit.MatrixRelabel (6.3s)
✔ [8971/8974] Built OAI.Computability.FourierCircuit.RectStableAlgebra (6.5s)
✔ [8972/8974] Built OAI.Computability.FourierCircuit.DisplacementKernel (6.4s)
✔ [8973/8974] Built OAI.Computability.FourierCircuit.ToeplitzCross (6.0s)
✔ [8974/8974] Built OAI.Computability.FourierCircuit.Main (12s)
Build completed successfully (8974 jobs).
== build rc=0 seconds=446
{"theorems": ["OAI.ExactFourier.main_theorem"], "defs": ["OAI.ExactFourier.Gate", "OAI.ExactFourier.Gate.eval", "OAI.ExactFourier.Program", "OAI.ExactFourier.Program.eval", "OAI.ExactFourier.Circuit", "OAI.ExactFourier.Circuit.eval", "OAI.ExactFourier.zeta", "OAI.ExactFourier.fourierMatrix", "OAI.ExactFourier.Circuit.Computes", "OAI.ExactFourier.MainStatement"], "json_theorems": ["OAI.ExactFourier.main_theorem"], "missing_from_parse": []}
TYPES/DEFS DIFFER ExactFourier
1,5d0
< /Users/shannon/cc/math/math/lean/Scratch/Challenge_ExactFourier.lean:57:8:
< warning:
< declaration
< uses
< `sorry`
AXIOMS: 'OAI.ExactFourier.main_theorem' depends on axioms: [propext, Classical.choice, Quot.sound] 
== end=2026-10-08T14:04:39Z
