== ExactQuantumFactoring  module=OAI.Computability.QuantumFactoring.Main  start=2026-10-09T14:15:31Z
warning: PrimeNumberTheoremAnd: repository '/Users/shannon/cc/math/math/lean/.lake/packages/PrimeNumberTheoremAnd' has local changes
warning: belyi: repository '/Users/shannon/cc/math/math/lean/.lake/packages/belyi' has local changes
warning: formal-schemes: repository '/Users/shannon/cc/math/math/lean/.lake/packages/formal-schemes' has local changes
warning: elliptic-curves: repository '/Users/shannon/cc/math/math/lean/.lake/packages/elliptic-curves' has local changes
warning: tempered-fundamental-groups: repository '/Users/shannon/cc/math/math/lean/.lake/packages/tempered-fundamental-groups' has local changes
warning: oka: repository '/Users/shannon/cc/math/math/lean/.lake/packages/oka' has local changes
warning: orbicurve-cores: repository '/Users/shannon/cc/math/math/lean/.lake/packages/orbicurve-cores' has local changes
warning: pi1: repository '/Users/shannon/cc/math/math/lean/.lake/packages/pi1' has local changes
warning: heights: repository '/Users/shannon/cc/math/math/lean/.lake/packages/heights' has local changes
warning: genl: repository '/Users/shannon/cc/math/math/lean/.lake/packages/genl' has local changes
warning: tate-curves-theta: repository '/Users/shannon/cc/math/math/lean/.lake/packages/tate-curves-theta' has local changes
warning: iut: repository '/Users/shannon/cc/math/math/lean/.lake/packages/iut' has local changes
warning: gromov: repository '/Users/shannon/cc/math/math/lean/.lake/packages/gromov' has local changes
warning: SphereEversion: repository '/Users/shannon/cc/math/math/lean/.lake/packages/SphereEversion' has local changes
warning: schoenflies-lean: repository '/Users/shannon/cc/math/math/lean/.lake/packages/schoenflies-lean' has local changes
warning: ClassFieldTheory: repository '/Users/shannon/cc/math/math/lean/.lake/packages/ClassFieldTheory' has local changes
warning: AINTLIB: repository '/Users/shannon/cc/math/math/lean/.lake/packages/AINTLIB' has local changes
warning: AbsorptionCutoff: repository '/Users/shannon/cc/math/math/lean/.lake/packages/AbsorptionCutoff' has local changes
warning: StrongPNT: repository '/Users/shannon/cc/math/math/lean/.lake/packages/StrongPNT' has local changes
warning: carleson: repository '/Users/shannon/cc/math/math/lean/.lake/packages/carleson' has local changes
warning: rellich-kondrachov: repository '/Users/shannon/cc/math/math/lean/.lake/packages/rellich-kondrachov' has local changes
warning: Zeta3Irrational: repository '/Users/shannon/cc/math/math/lean/.lake/packages/Zeta3Irrational' has local changes
warning: fixed-point-theorems: repository '/Users/shannon/cc/math/math/lean/.lake/packages/fixed-point-theorems' has local changes
✔ [8939/9337] Built OAI.Computability.QuantumFactoring.Primality (33s)
✔ [8940/9337] Built OAI.Computability.QuantumFactoring.ArithmeticBounds (33s)
✔ [8942/9337] Built OAI.Computability.QuantumFactoring.RetrospectiveOrder (33s)
✔ [8943/9337] Built OAI.Computability.QuantumFactoring.LoggedExecution (33s)
✔ [8949/9337] Built OAI.Computability.QuantumFactoring.PrimalityAuxiliaryPrime (33s)
✔ [8950/9337] Built OAI.Computability.QuantumFactoring.AuxiliaryTree (33s)
✔ [8951/9337] Built OAI.Computability.QuantumFactoring.LevelIndependence (33s)
✔ [8952/9337] Built OAI.Computability.QuantumFactoring.PolyBounds (33s)
✔ [8956/9339] Built OAI.Computability.QuantumFactoring.PrimalityRootCount (29s)
✔ [8957/9339] Built OAI.Computability.QuantumFactoring.CyclicAlgebra (29s)
✔ [8958/9339] Built OAI.Computability.QuantumFactoring.RecordedHistory (29s)
✔ [8959/9339] Built OAI.Computability.QuantumFactoring.IntegerExpressions (29s)
✔ [8960/9339] Built OAI.Computability.QuantumFactoring.LevelCounts (29s)
✔ [8961/9339] Built OAI.Computability.QuantumFactoring.ProductStates (28s)
✔ [8965/9339] Built OAI.Computability.QuantumFactoring.RepeatedTrials (29s)
✔ [8967/9342] Built OAI.Computability.QuantumFactoring.OrderTrial (35s)
✔ [8971/9347] Built OAI.Computability.QuantumFactoring.FactorEncoding (32s)
✔ [8972/9347] Built OAI.Computability.QuantumFactoring.RationalExpressions (31s)
✔ [8973/9347] Built OAI.Computability.QuantumFactoring.LevelBounds (26s)
✔ [8974/9347] Built OAI.Computability.QuantumFactoring.ContinuedFractionPairs (32s)
✔ [8975/9347] Built OAI.Computability.QuantumFactoring.ReadOnlyCircuit (32s)
✔ [8976/9347] Built OAI.Computability.QuantumFactoring.AuxiliaryData (32s)
✔ [8983/9347] Built OAI.Computability.QuantumFactoring.FactorController (32s)
✔ [8984/9347] Built OAI.Computability.QuantumFactoring.PolyAt (32s)
✔ [8989/9347] Built OAI.Computability.QuantumFactoring.EncodedStates (29s)
✔ [8990/9347] Built OAI.Computability.QuantumFactoring.SuperpositionGates (29s)
✔ [8991/9347] Built OAI.Computability.QuantumFactoring.RationalRounding (29s)
✔ [8992/9347] Built OAI.Computability.QuantumFactoring.PrimePowerLevels (29s)
✔ [8993/9347] Built OAI.Computability.QuantumFactoring.PrimeRecords (29s)
✔ [8996/9348] Built OAI.Computability.QuantumFactoring.PrimalityArithmetic (30s)
✔ [8999/9348] Built OAI.Computability.QuantumFactoring.RegisterCircuit (30s)
✔ [9001/9348] Built OAI.Computability.QuantumFactoring.OrderTrialFurther (33s)
✔ [9003/9348] Built OAI.Computability.QuantumFactoring.NetworkPolyResources (28s)
✔ [9005/9350] Built OAI.Computability.QuantumFactoring.PolynomialExpressions (32s)
✔ [9006/9350] Built OAI.Computability.QuantumFactoring.CRTLevels (31s)
✔ [9007/9350] Built OAI.Computability.QuantumFactoring.RationalConditionals (32s)
✔ [9008/9350] Built OAI.Computability.QuantumFactoring.SortedWords (32s)
✔ [9012/9350] Built OAI.Computability.QuantumFactoring.PhasePreparation (28s)
✔ [9013/9350] Built OAI.Computability.QuantumFactoring.DivisorData (31s)
✔ [9016/9350] Built OAI.Computability.QuantumFactoring.BooleanOracle (31s)
✔ [9019/9350] Built OAI.Computability.QuantumFactoring.HadamardAction (18s)
✔ [9022/9351] Built OAI.Computability.QuantumFactoring.SortedEncoding (22s)
✔ [9028/9353] Built OAI.Computability.QuantumFactoring.RegisterBasis (22s)
✔ [9029/9353] Built OAI.Computability.QuantumFactoring.FilterExpressionSyntax (22s)
✔ [9030/9353] Built OAI.Computability.QuantumFactoring.FavorableSplit (22s)
✔ [9034/9353] Built OAI.Computability.QuantumFactoring.BooleanFold (23s)
✔ [9035/9353] Built OAI.Computability.QuantumFactoring.PrimalityCorrectness (25s)
✔ [9037/9354] Built OAI.Computability.QuantumFactoring.OrderTrialFurther2 (26s)
✔ [9039/9354] Built OAI.Computability.QuantumFactoring.RowNetwork (20s)
✔ [9042/9354] Built OAI.Computability.QuantumFactoring.BitStackBoundedPrime (22s)
✔ [9043/9354] Built OAI.Computability.QuantumFactoring.BitStackListFlatten (22s)
✔ [9044/9356] Built OAI.Computability.QuantumFactoring.RegisterEncoded (22s)
✔ [9045/9356] Built OAI.Computability.QuantumFactoring.ControlledTranslation (22s)
✔ [9046/9356] Built OAI.Computability.QuantumFactoring.OracleLayout (23s)
✔ [9048/9361] Built OAI.Computability.QuantumFactoring.CircuitEmissionModel (21s)
✔ [9050/9361] Built OAI.Computability.QuantumFactoring.WordBlocks (21s)
✔ [9055/9361] Built OAI.Computability.QuantumFactoring.WordSumCircuit (17s)
✔ [9056/9361] Built OAI.Computability.QuantumFactoring.AKSCriteria (22s)
✔ [9057/9361] Built OAI.Computability.QuantumFactoring.HardCofactor (21s)
✔ [9058/9361] Built OAI.Computability.QuantumFactoring.CyclicPrimality (24s)
✔ [9060/9361] Built OAI.Computability.QuantumFactoring.OrderTrialLaw (22s)
✔ [9061/9361] Built OAI.Computability.QuantumFactoring.AppendRegister (21s)
✔ [9062/9361] Built OAI.Computability.QuantumFactoring.DistinctProductCircuit (24s)
✔ [9063/9368] Built OAI.Computability.QuantumFactoring.Exactness (27s)
✔ [9066/9368] Built OAI.Computability.QuantumFactoring.PackedPrograms (21s)
✔ [9067/9368] Built OAI.Computability.QuantumFactoring.CleanPermutation (20s)
✔ [9068/9368] Built OAI.Computability.QuantumFactoring.PhaseOracle (20s)
✔ [9072/9368] Built OAI.Computability.QuantumFactoring.CircuitBooleanEmission (21s)
✔ [9073/9368] Built OAI.Computability.QuantumFactoring.BoundedStack (20s)
✔ [9074/9368] Built OAI.Computability.QuantumFactoring.CyclicCircuit (21s)
✔ [9075/9368] Built OAI.Computability.QuantumFactoring.PhasePreparationConnection (20s)
✔ [9080/9368] Built OAI.Computability.QuantumFactoring.PerfectPowerCircuit (22s)
✔ [9081/9368] Built OAI.Computability.QuantumFactoring.RetentionDenominators (20s)
✔ [9082/9368] Built OAI.Computability.QuantumFactoring.AKSNetworks (20s)
✔ [9086/9368] Built OAI.Computability.QuantumFactoring.ProgressionEvaluation (23s)
✔ [9087/9368] Built OAI.Computability.QuantumFactoring.PackedEncoding (21s)
✔ [9089/9368] Built OAI.Computability.QuantumFactoring.PreparedOracle (20s)
✔ [9090/9368] Built OAI.Computability.QuantumFactoring.PhysicalAmplification (21s)
✔ [9091/9369] Built OAI.Computability.QuantumFactoring.BitResidue (20s)
✔ [9092/9369] Built OAI.Computability.QuantumFactoring.CyclicConstants (21s)
✔ [9095/9369] Built OAI.Computability.QuantumFactoring.TriangularKernel (22s)
✔ [9097/9369] Built OAI.Computability.QuantumFactoring.ProvidedSplits (18s)
✔ [9098/9369] Built OAI.Computability.QuantumFactoring.ChildQueue (21s)
✔ [9099/9369] Built OAI.Computability.QuantumFactoring.ContinuedFractionCircuit (21s)
✔ [9100/9369] Built OAI.Computability.QuantumFactoring.TrialRetentionBounds (21s)
✔ [9101/9370] Built OAI.Computability.QuantumFactoring.RetrospectiveCircuit (23s)
✔ [9105/9370] Built OAI.Computability.QuantumFactoring.ProgressionExpressions (21s)
✔ [9106/9370] Built OAI.Computability.QuantumFactoring.TwoAdicCircuit (21s)
✔ [9107/9370] Built OAI.Computability.QuantumFactoring.CoherentSampling (20s)
✔ [9108/9370] Built OAI.Computability.QuantumFactoring.ControlledHadamard (24s)
✔ [9109/9370] Built OAI.Computability.QuantumFactoring.ExactnessFurther2 (19s)
✔ [9115/9371] Built OAI.Computability.QuantumFactoring.TriangularCircuit (20s)
✔ [9116/9371] Built OAI.Computability.QuantumFactoring.ExpressionPredicates (20s)
✔ [9117/9371] Built OAI.Computability.QuantumFactoring.ChildQueueBounds (20s)
✔ [9120/9371] Built OAI.Computability.QuantumFactoring.ChildQueueCorrect (20s)
✔ [9125/9371] Built OAI.Computability.QuantumFactoring.ControllerQueries (21s)
✔ [9126/9372] Built OAI.Computability.QuantumFactoring.CyclicPowerCircuit (23s)
✔ [9130/9372] Built OAI.Computability.QuantumFactoring.BitStackListMapIdx (18s)
✔ [9131/9380] Built OAI.Computability.QuantumFactoring.MaskedPreparation (20s)
✔ [9143/9388] Built OAI.Computability.QuantumFactoring.OracleReadOnly (20s)
✔ [9159/9388] Built OAI.Computability.QuantumFactoring.CircuitEmissionEncoding (20s)
✔ [9160/9388] Built OAI.Computability.QuantumFactoring.TriangularPreparation (20s)
✔ [9161/9389] Built OAI.Computability.QuantumFactoring.AuxiliaryProducer (19s)
✔ [9164/9389] Built OAI.Computability.QuantumFactoring.BinLabelCircuit (21s)
✔ [9165/9389] Built OAI.Computability.QuantumFactoring.CyclicTestCircuit (17s)
✔ [9166/9391] Built OAI.Computability.QuantumFactoring.EmissionFurther (17s)
✔ [9167/9391] Built OAI.Computability.QuantumFactoring.NetworkResizeEmission (18s)
✔ [9168/9393] Built OAI.Computability.QuantumFactoring.PolynomialFilterExpressions (46s)
✔ [9169/9393] Built OAI.Computability.QuantumFactoring.Emits (19s)
✔ [9170/9393] Built OAI.Computability.QuantumFactoring.CircuitEncodingSize (20s)
✔ [9171/9393] Built OAI.Computability.QuantumFactoring.EmissionLists (19s)
✔ [9172/9393] Built OAI.Computability.QuantumFactoring.SignedSyntaxEmission (21s)
✔ [9173/9393] Built OAI.Computability.QuantumFactoring.CircuitEmissionBasic (17s)
✔ [9174/9393] Built OAI.Computability.QuantumFactoring.OrderSampleCircuit (18s)
✔ [9175/9395] Built OAI.Computability.QuantumFactoring.TraceBounds (18s)
✔ [9176/9395] Built OAI.Computability.QuantumFactoring.NetworkEmissionCombinators (21s)
✔ [9177/9395] Built OAI.Computability.QuantumFactoring.CyclicTestBounds (21s)
✔ [9178/9395] Built OAI.Computability.QuantumFactoring.LabelRecoveryCircuit (22s)
✔ [9179/9395] Built OAI.Computability.QuantumFactoring.ExpressionTokenProcedure (22s)
✔ [9180/9395] Built OAI.Computability.QuantumFactoring.DynamicMajorantExpressions (22s)
✔ [9181/9400] Built OAI.Computability.QuantumFactoring.CircuitRecursionEmission (19s)
✔ [9182/9400] Built OAI.Computability.QuantumFactoring.EmissionPolynomialUnary (17s)
✔ [9183/9423] Built OAI.Computability.QuantumFactoring.ArithmeticSyntaxEmission (19s)
✔ [9184/9423] Built OAI.Computability.QuantumFactoring.InitialOrderState (21s)
✔ [9185/9423] Built OAI.Computability.QuantumFactoring.OccurrenceQueue (21s)
✔ [9186/9423] Built OAI.Computability.QuantumFactoring.BoundedAKS (21s)
✔ [9187/9423] Built OAI.Computability.QuantumFactoring.NetworkLoopEmission (21s)
✔ [9188/9423] Built OAI.Computability.QuantumFactoring.ExpressionTemplateEmission (21s)
✔ [9189/9423] Built OAI.Computability.QuantumFactoring.RetentionExpressions (20s)
✔ [9191/9469] Built OAI.Computability.QuantumFactoring.DescendingFilter (19s)
✔ [9194/9469] Built OAI.Computability.QuantumFactoring.RationalTemplateEmission (19s)
✔ [9195/9469] Built OAI.Computability.QuantumFactoring.AdaptivePrepared (20s)
✔ [9196/9469] Built OAI.Computability.QuantumFactoring.OrderSamplerMass (21s)
✔ [9197/9469] Built OAI.Computability.QuantumFactoring.QueueCoverage (21s)
✔ [9198/9469] Built OAI.Computability.QuantumFactoring.AKSBounds (21s)
✔ [9199/9469] Built OAI.Computability.QuantumFactoring.NetworkExpressionEmission (21s)
✔ [9200/9469] Built OAI.Computability.QuantumFactoring.BitStackRationalPower (20s)
✔ [9201/9469] Built OAI.Computability.QuantumFactoring.ExpressionSharing (27s)
✔ [9202/9469] Built OAI.Computability.QuantumFactoring.ProgressionTemplateEmission (20s)
✔ [9203/9469] Built OAI.Computability.QuantumFactoring.PolynomialTemplateEmission (19s)
✔ [9204/9469] Built OAI.Computability.QuantumFactoring.SamplerLabels (19s)
✔ [9205/9469] Built OAI.Computability.QuantumFactoring.CanonicalWords (19s)
✔ [9206/9469] Built OAI.Computability.QuantumFactoring.NetworkPredicateEmission (18s)
✔ [9207/9469] Built OAI.Computability.QuantumFactoring.FactorVerifier (19s)
✔ [9208/9469] Built OAI.Computability.QuantumFactoring.NetworkIndexedEmission (17s)
✔ [9209/9469] Built OAI.Computability.QuantumFactoring.RationalPowerCircuit (17s)
✔ [9210/9469] Built OAI.Computability.QuantumFactoring.MajorantTemplateEmission (19s)
✔ [9211/9469] Built OAI.Computability.QuantumFactoring.NetworkFiniteExpressionEmission (19s)
✔ [9212/9469] Built OAI.Computability.QuantumFactoring.NodeControlCircuit (19s)
✔ [9213/9469] Built OAI.Computability.QuantumFactoring.FactorVerifierBounds (20s)
✔ [9214/9469] Built OAI.Computability.QuantumFactoring.NetworkDependentEmission (20s)
✔ [9215/9469] Built OAI.Computability.QuantumFactoring.NetworkModularEmission (21s)
✔ [9216/9469] Built OAI.Computability.QuantumFactoring.ExpressionResources (20s)
✔ [9217/9469] Built OAI.Computability.QuantumFactoring.ExpressionPowerEmission (20s)
✔ [9218/9469] Built OAI.Computability.QuantumFactoring.NodeStateCircuit (21s)
✔ [9219/9469] Built OAI.Computability.QuantumFactoring.FactorGuess (20s)
✔ [9220/9469] Built OAI.Computability.QuantumFactoring.SuppliedDivisorCircuit (21s)
✔ [9221/9469] Built OAI.Computability.QuantumFactoring.PrimeComponentCircuit (21s)
✔ [9222/9469] Built OAI.Computability.QuantumFactoring.NetworkAt (21s)
✔ [9223/9469] Built OAI.Computability.QuantumFactoring.NodeControlBounds (20s)
✔ [9224/9469] Built OAI.Computability.QuantumFactoring.NetworkModularPowerEmission (21s)
✔ [9225/9469] Built OAI.Computability.QuantumFactoring.RationalExpressionResources (21s)
✔ [9226/9469] Built OAI.Computability.QuantumFactoring.RuntimeListPreparation (20s)
✔ [9227/9469] Built OAI.Computability.QuantumFactoring.NodeStateNil (20s)
✔ [9228/9469] Built OAI.Computability.QuantumFactoring.WideSplitCircuit (21s)
✔ [9229/9469] Built OAI.Computability.QuantumFactoring.CoveringPowerEmission (23s)
✔ [9230/9469] Built OAI.Computability.QuantumFactoring.FairOracle (21s)
✔ [9231/9469] Built OAI.Computability.QuantumFactoring.ParallelPreparation (21s)
✔ [9232/9469] Built OAI.Computability.QuantumFactoring.ThresholdRetention (21s)
✔ [9233/9469] Built OAI.Computability.QuantumFactoring.ClosedLevelCircuit (21s)
✔ [9234/9469] Built OAI.Computability.QuantumFactoring.RationalHeightResources (18s)
✔ [9235/9469] Built OAI.Computability.QuantumFactoring.NodeStateBounds (18s)
✔ [9236/9469] Built OAI.Computability.QuantumFactoring.PolynomialExpressionResources (19s)
✔ [9237/9469] Built OAI.Computability.QuantumFactoring.NodeStateFailure (18s)
✔ [9238/9469] Built OAI.Computability.QuantumFactoring.ListSamplerCircuit (17s)
✔ [9239/9469] Built OAI.Computability.QuantumFactoring.FairLabelMass (16s)
✔ [9240/9469] Built OAI.Computability.QuantumFactoring.RetentionCircuit (16s)
✔ [9241/9469] Built OAI.Computability.QuantumFactoring.ConcreteExpressionResources (13s)
✔ [9242/9469] Built OAI.Computability.QuantumFactoring.TrialGuessLaw (15s)
✔ [9243/9469] Built OAI.Computability.QuantumFactoring.ExpressionAt (15s)
✔ [9244/9469] Built OAI.Computability.QuantumFactoring.RetentionEmission (15s)
✔ [9245/9469] Built OAI.Computability.QuantumFactoring.RetentionTemplateEmission (15s)
✔ [9246/9469] Built OAI.Computability.QuantumFactoring.PolySchemaPoly (10s)
✔ [9247/9469] Built OAI.Computability.QuantumFactoring.TrialRawPreparation (8.9s)
✔ [9248/9469] Built OAI.Computability.QuantumFactoring.TrialExpressionResources (9.7s)
✔ [9249/9469] Built OAI.Computability.QuantumFactoring.TensorPreparation (11s)
✔ [9250/9469] Built OAI.Computability.QuantumFactoring.PhysicalTrialLaw (12s)
✔ [9251/9469] Built OAI.Computability.QuantumFactoring.DyadicCompletion (12s)
✔ [9252/9469] Built OAI.Computability.QuantumFactoring.StaticMajorantResources (12s)
✔ [9253/9469] Built OAI.Computability.QuantumFactoring.TensorWiring (17s)
✔ [9254/9469] Built OAI.Computability.QuantumFactoring.OrderCandidateLaw (17s)
✔ [9255/9469] Built OAI.Computability.QuantumFactoring.SortingCircuit (17s)
✔ [9256/9469] Built OAI.Computability.QuantumFactoring.PhysicalCompletionOutput (17s)
✔ [9257/9469] Built OAI.Computability.QuantumFactoring.CompletionFilterCircuit (17s)
✔ [9258/9469] Built OAI.Computability.QuantumFactoring.RetentionExpressionResources (15s)
✔ [9259/9469] Built OAI.Computability.QuantumFactoring.TensorList (17s)
✔ [9260/9469] Built OAI.Computability.QuantumFactoring.CompletionEmission (17s)
✔ [9261/9469] Built OAI.Computability.QuantumFactoring.OrderTransition (18s)
✔ [9262/9469] Built OAI.Computability.QuantumFactoring.LabelValidationCircuit (18s)
✔ [9263/9469] Built OAI.Computability.QuantumFactoring.ListTransition (18s)
✔ [9264/9469] Built OAI.Computability.QuantumFactoring.NetworkPoly (14s)
✔ [9265/9469] Built OAI.Computability.QuantumFactoring.TrialControlCircuit (11s)
✔ [9266/9469] Built OAI.Computability.QuantumFactoring.CanonicalTransition (11s)
✔ [9267/9469] Built OAI.Computability.QuantumFactoring.TransitionEqualization (12s)
✔ [9268/9469] Built OAI.Computability.QuantumFactoring.RetrospectiveStatistics (12s)
✔ [9269/9469] Built OAI.Computability.QuantumFactoring.CompletedOrderSlots (12s)
✔ [9270/9469] Built OAI.Computability.QuantumFactoring.TransitionWords (12s)
✔ [9271/9469] Built OAI.Computability.QuantumFactoring.QuarterPreparation (12s)
✔ [9272/9469] Built OAI.Computability.QuantumFactoring.TransitionNetworks (17s)
✔ [9273/9469] Built OAI.Computability.QuantumFactoring.QuarterConstantResources (17s)
✔ [9274/9469] Built OAI.Computability.QuantumFactoring.RationalEmission (17s)
✔ [9275/9469] Built OAI.Computability.QuantumFactoring.PhysicalOrderSlots (17s)
✔ [9276/9469] Built OAI.Computability.QuantumFactoring.CompletedSplit (17s)
✔ [9277/9469] Built OAI.Computability.QuantumFactoring.PhysicalListSlots (18s)
✔ [9278/9469] Built OAI.Computability.QuantumFactoring.FixedSplit (11s)
✔ [9279/9469] Built OAI.Computability.QuantumFactoring.PhysicalOrderNetworks (11s)
✔ [9280/9469] Built OAI.Computability.QuantumFactoring.PhysicalListNetworks (11s)
✔ [9281/9469] Built OAI.Computability.QuantumFactoring.PhysicalSplit (10s)
✔ [9282/9469] Built OAI.Computability.QuantumFactoring.SamplerDecodeCircuit (10s)
✔ [9283/9469] Built OAI.Computability.QuantumFactoring.UniversalSplit (10s)
✔ [9284/9469] Built OAI.Computability.QuantumFactoring.PhysicalSplitLaunch (14s)
✔ [9285/9469] Built OAI.Computability.QuantumFactoring.HardFilterCircuit (14s)
✔ [9286/9469] Built OAI.Computability.QuantumFactoring.RawTrialFields (14s)
✔ [9287/9469] Built OAI.Computability.QuantumFactoring.RetrospectiveResidues (14s)
✔ [9288/9469] Built OAI.Computability.QuantumFactoring.MinimumCandidateCircuit (15s)
✔ [9289/9469] Built OAI.Computability.QuantumFactoring.RetrospectiveLists (18s)
✔ [9290/9469] Built OAI.Computability.QuantumFactoring.TableFavorable (17s)
✔ [9291/9469] Built OAI.Computability.QuantumFactoring.NetworkAtArithmetic (18s)
✔ [9292/9469] Built OAI.Computability.QuantumFactoring.PreparationPolynomial (19s)
✔ [9293/9469] Built OAI.Computability.QuantumFactoring.RawTrialLabelCircuit (21s)
✔ [9294/9469] Built OAI.Computability.QuantumFactoring.PhysicalMachine (21s)
✔ [9295/9469] Built OAI.Computability.QuantumFactoring.RetrospectiveSlots (22s)
✔ [9296/9469] Built OAI.Computability.QuantumFactoring.CompletionPredicateCircuit (22s)
✔ [9297/9469] Built OAI.Computability.QuantumFactoring.SplitDecoderPolynomial (22s)
✔ [9298/9469] Built OAI.Computability.QuantumFactoring.RecoveryPolynomial (23s)
✔ [9299/9469] Built OAI.Computability.QuantumFactoring.TrialNetworkPolynomial (22s)
✔ [9300/9469] Built OAI.Computability.QuantumFactoring.RawTrialDecoder (21s)
✔ [9301/9469] Built OAI.Computability.QuantumFactoring.PrimalityPolynomial (22s)
✔ [9302/9469] Built OAI.Computability.QuantumFactoring.PhysicalMachineMass (21s)
✔ [9303/9469] Built OAI.Computability.QuantumFactoring.MachineInitialization (13s)
✔ [9304/9469] Built OAI.Computability.QuantumFactoring.SplitHistoryAccess (13s)
✔ [9305/9469] Built OAI.Computability.QuantumFactoring.PhysicalOrderDecoder (12s)
✔ [9306/9469] Built OAI.Computability.QuantumFactoring.RawDecoderPolynomial (13s)
✔ [9307/9469] Built OAI.Computability.QuantumFactoring.OrderDecoderPolynomial (8.8s)
✔ [9308/9469] Built OAI.Computability.QuantumFactoring.PhysicalSplitDecoder (10s)
✔ [9309/9469] Built OAI.Computability.QuantumFactoring.NodeSplitMachine (8.5s)
✔ [9310/9469] Built OAI.Computability.QuantumFactoring.ActualDivisorPolynomial (9.3s)
✔ [9311/9469] Built OAI.Computability.QuantumFactoring.NodeProgress (8.7s)
✔ [9312/9469] Built OAI.Computability.QuantumFactoring.PhysicalNodeLaunch (8.6s)
✔ [9313/9469] Built OAI.Computability.QuantumFactoring.PhysicalNodeKernel (9.1s)
✔ [9314/9469] Built OAI.Computability.QuantumFactoring.PhysicalNodeCompletion (9.2s)
✔ [9315/9469] Built OAI.Computability.QuantumFactoring.PhysicalNodeSafety (9.2s)
✔ [9316/9469] Built OAI.Computability.QuantumFactoring.PhysicalNodeOutput (10s)
✔ [9317/9469] Built OAI.Computability.QuantumFactoring.PhysicalTreeMachine (11s)
✔ [9318/9469] Built OAI.Computability.QuantumFactoring.NodePreparationPolynomial (11s)
✔ [9319/9469] Built OAI.Computability.QuantumFactoring.PhysicalTreeQueue (10s)
✔ [9320/9469] Built OAI.Computability.QuantumFactoring.PhysicalTreeMass (10s)
✔ [9321/9469] Built OAI.Computability.QuantumFactoring.TreeInitialization (10s)
✔ [9322/9469] Built OAI.Computability.QuantumFactoring.PhysicalTreeCompletion (8.9s)
✔ [9323/9469] Built OAI.Computability.QuantumFactoring.TreeHistoryAccess (8.9s)
✔ [9324/9469] Built OAI.Computability.QuantumFactoring.PhysicalTreeLaunch (8.3s)
✔ [9325/9469] Built OAI.Computability.QuantumFactoring.NodeVerifiedCircuit (8.4s)
✔ [9326/9469] Built OAI.Computability.QuantumFactoring.VerifiedTreeCompletion (9.5s)
✔ [9327/9469] Built OAI.Computability.QuantumFactoring.VerifiedRoot (9.4s)
✔ [9328/9469] Built OAI.Computability.QuantumFactoring.VerifiedTreeBounds (15s)
✔ [9329/9469] Built OAI.Computability.QuantumFactoring.PhysicalDataLog (7.7s)
✔ [9330/9469] Built OAI.Computability.QuantumFactoring.FlatVerifiedData (8.5s)
✔ [9331/9469] Built OAI.Computability.QuantumFactoring.FlatLookupCircuit (8.9s)
✔ [9332/9469] Built OAI.Computability.QuantumFactoring.FlatDataView (8.5s)
✔ [9333/9469] Built OAI.Computability.QuantumFactoring.TableOrder (8.6s)
✔ [9334/9469] Built OAI.Computability.QuantumFactoring.FlatDataPredicates (11s)
✔ [9335/9469] Built OAI.Computability.QuantumFactoring.TablePrimeSupport (10s)
✔ [9336/9469] Built OAI.Computability.QuantumFactoring.TableTotient (10s)
✔ [9337/9469] Built OAI.Computability.QuantumFactoring.TableOrderCircuit (11s)
✔ [9338/9469] Built OAI.Computability.QuantumFactoring.RetrospectiveNode (12s)
✔ [9339/9469] Built OAI.Computability.QuantumFactoring.VerifiedTableOrder (12s)
✔ [9340/9469] Built OAI.Computability.QuantumFactoring.TotientAccumulator (12s)
✔ [9341/9469] Built OAI.Computability.QuantumFactoring.CanonicalResidueCircuit (13s)
✔ [9342/9469] Built OAI.Computability.QuantumFactoring.RetainedTable (12s)
✔ [9343/9469] Built OAI.Computability.QuantumFactoring.RetrospectiveTree (12s)
✔ [9344/9469] Built OAI.Computability.QuantumFactoring.ComponentPhiCircuit (13s)
✔ [9345/9469] Built OAI.Computability.QuantumFactoring.TotientCircuit (14s)
✔ [9346/9469] Built OAI.Computability.QuantumFactoring.RetainedComponentOrder (15s)
✔ [9347/9469] Built OAI.Computability.QuantumFactoring.TableLevelCircuit (14s)
✔ [9348/9469] Built OAI.Computability.QuantumFactoring.RetainedCanonical (15s)
✔ [9349/9469] Built OAI.Computability.QuantumFactoring.TreePadding (15s)
✔ [9350/9469] Built OAI.Computability.QuantumFactoring.TableTotientCircuit (14s)
✔ [9351/9469] Built OAI.Computability.QuantumFactoring.TreeRootOutput (14s)
✔ [9352/9469] Built OAI.Computability.QuantumFactoring.RetainedFavorable (15s)
✔ [9353/9469] Built OAI.Computability.QuantumFactoring.TableDirectPhi (14s)
✔ [9354/9469] Built OAI.Computability.QuantumFactoring.RetainedTotient (14s)
✔ [9355/9469] Built OAI.Computability.QuantumFactoring.TreePhysicalPreparation (15s)
✔ [9356/9469] Built OAI.Computability.QuantumFactoring.TableFavorableCount (11s)
✔ [9357/9469] Built OAI.Computability.QuantumFactoring.TreeQuarterPhysical (10s)
✔ [9358/9469] Built OAI.Computability.QuantumFactoring.RetainedOrderFilter (11s)
✔ [9359/9469] Built OAI.Computability.QuantumFactoring.RetainedFavorableCount (14s)
✔ [9360/9469] Built OAI.Computability.QuantumFactoring.RetainedOrderTest (14s)
✔ [9361/9469] Built OAI.Computability.QuantumFactoring.TreeReadOnly (14s)
✔ [9362/9469] Built OAI.Computability.QuantumFactoring.TreePreparationPolynomial (14s)
✔ [9363/9469] Built OAI.Computability.QuantumFactoring.RetainedNetworkPolynomial (14s)
✔ [9364/9469] Built OAI.Computability.QuantumFactoring.RetainedListFilter (11s)
✔ [9365/9469] Built OAI.Computability.QuantumFactoring.ZeroOutside (11s)
✔ [9366/9469] Built OAI.Computability.QuantumFactoring.RetainedNetworkAt (11s)
✔ [9367/9469] Built OAI.Computability.QuantumFactoring.RetainedListDummy (10s)
✔ [9368/9469] Built OAI.Computability.QuantumFactoring.CompletionFilterPolynomial (10s)
✔ [9369/9469] Built OAI.Computability.QuantumFactoring.RetainedFavorablePolynomial (10s)
✔ [9370/9469] Built OAI.Computability.QuantumFactoring.RetainedSplitFilter (8.7s)
✔ [9371/9469] Built OAI.Computability.QuantumFactoring.RetainedFilterPolynomial (8.6s)
✔ [9372/9469] Built OAI.Computability.QuantumFactoring.RetainedSplitPass (8.4s)
✔ [9373/9469] Built OAI.Computability.QuantumFactoring.RetainedSplitPolynomial (8.5s)
✔ [9374/9469] Built OAI.Computability.QuantumFactoring.RetainedNodeFilter (6.2s)
✔ [9375/9469] Built OAI.Computability.QuantumFactoring.RetainedTreeFilter (5.5s)
✔ [9376/9469] Built OAI.Computability.QuantumFactoring.RetainedPrefixPolynomial (7.4s)
✔ [9377/9469] Built OAI.Computability.QuantumFactoring.RetainedQuarterFilter (8.4s)
✔ [9378/9469] Built OAI.Computability.QuantumFactoring.RetainedQuarterPolynomial (8.4s)
✔ [9379/9469] Built OAI.Computability.QuantumFactoring.TreeAmplified (8.7s)
✔ [9380/9469] Built OAI.Computability.QuantumFactoring.TreeReadout (6.6s)
✔ [9381/9469] Built OAI.Computability.QuantumFactoring.FactoringInputLayout (8.6s)
✔ [9382/9469] Built OAI.Computability.QuantumFactoring.TreeFinalResources (8.7s)
✔ [9383/9469] Built OAI.Computability.QuantumFactoring.CircuitProgramEmission (8.9s)
✔ [9384/9469] Built OAI.Computability.QuantumFactoring.TreeReadoutResources (10s)
✔ [9385/9469] Built OAI.Computability.QuantumFactoring.EmissionDependentLists (9.8s)
✔ [9386/9469] Built OAI.Computability.QuantumFactoring.FactoringRelabel (11s)
✔ [9387/9469] Built OAI.Computability.QuantumFactoring.FactoringCircuit (6.8s)
✔ [9388/9469] Built OAI.Computability.QuantumFactoring.FinalPolynomialResources (7.3s)
✔ [9389/9469] Built OAI.Computability.QuantumFactoring.CircuitFinalEmission (9.2s)
✔ [9390/9469] Built OAI.Computability.QuantumFactoring.CircuitPreparationEmission (7.6s)
✔ [9391/9469] Built OAI.Computability.QuantumFactoring.CircuitCleanEmission (7.6s)
✔ [9392/9469] Built OAI.Computability.QuantumFactoring.MachineWiringEmission (9.5s)
✔ [9393/9469] Built OAI.Computability.QuantumFactoring.CleanPermutationEmission (9.5s)
✔ [9394/9469] Built OAI.Computability.QuantumFactoring.NetworkSequenceEmission (9.5s)
✔ [9395/9469] Built OAI.Computability.QuantumFactoring.CompletionPreparationEmission (16s)
✔ [9396/9469] Built OAI.Computability.QuantumFactoring.WordBlocksEmission (16s)
✔ [9397/9469] Built OAI.Computability.QuantumFactoring.TriangularNetworkEmission (16s)
✔ [9398/9469] Built OAI.Computability.QuantumFactoring.EmissionLengthBounds (16s)
✔ [9399/9469] Built OAI.Computability.QuantumFactoring.ListSamplerEmission (16s)
✔ [9400/9469] Built OAI.Computability.QuantumFactoring.RootCircuitEmission (16s)
✔ [9401/9469] Built OAI.Computability.QuantumFactoring.GcdEmission (12s)
✔ [9402/9469] Built OAI.Computability.QuantumFactoring.EmissionBoundedRecursion (12s)
✔ [9403/9469] Built OAI.Computability.QuantumFactoring.NetworkCanonicalEmission (12s)
✔ [9404/9469] Built OAI.Computability.QuantumFactoring.TriangularProgramEmission (12s)
✔ [9405/9469] Built OAI.Computability.QuantumFactoring.EmissionGeneralStages (10s)
✔ [9406/9469] Built OAI.Computability.QuantumFactoring.NetworkRecursionEmission (10s)
✔ [9407/9469] Built OAI.Computability.QuantumFactoring.OpsEmits (10s)
✔ [9408/9469] Built OAI.Computability.QuantumFactoring.TensorEmission (14s)
✔ [9409/9469] Built OAI.Computability.QuantumFactoring.ContinuedFractionEmission (14s)
✔ [9410/9469] Built OAI.Computability.QuantumFactoring.ModularSumEmission (14s)
✔ [9411/9469] Built OAI.Computability.QuantumFactoring.SplitMachineEmission (14s)
✔ [9412/9469] Built OAI.Computability.QuantumFactoring.NodeMachineEmission (14s)
✔ [9413/9469] Built OAI.Computability.QuantumFactoring.PhysicalListEmission (11s)
✔ [9414/9469] Built OAI.Computability.QuantumFactoring.CyclicEmission (11s)
✔ [9415/9469] Built OAI.Computability.QuantumFactoring.LabelRecoveryEmission (11s)
✔ [9416/9469] Built OAI.Computability.QuantumFactoring.TrialControlEmission (10s)
✔ [9417/9469] Built OAI.Computability.QuantumFactoring.CyclicPowerEmission (10s)
✔ [9418/9469] Built OAI.Computability.QuantumFactoring.OrderSamplerEmission (10s)
✔ [9419/9469] Built OAI.Computability.QuantumFactoring.PhysicalOrderEmission (14s)
✔ [9420/9469] Built OAI.Computability.QuantumFactoring.SamplerDecodeEmission (14s)
✔ [9421/9469] Built OAI.Computability.QuantumFactoring.ProperDivisorEmission (14s)
✔ [9422/9469] Built OAI.Computability.QuantumFactoring.CyclicTestEmission (14s)
✔ [9423/9469] Built OAI.Computability.QuantumFactoring.RawTrialFieldsEmission (14s)
✔ [9424/9469] Built OAI.Computability.QuantumFactoring.PrimalityEmission (12s)
✔ [9425/9469] Built OAI.Computability.QuantumFactoring.RawTrialLabelEmission (12s)
✔ [9426/9469] Built OAI.Computability.QuantumFactoring.CompletionPredicateEmission (13s)
✔ [9427/9469] Built OAI.Computability.QuantumFactoring.NetworkFoldChoiceEmission (13s)
✔ [9428/9469] Built OAI.Computability.QuantumFactoring.StackEmission (9.5s)
✔ [9429/9469] Built OAI.Computability.QuantumFactoring.RawTrialDecoderEmission (9.5s)
✔ [9430/9469] Built OAI.Computability.QuantumFactoring.PhysicalOrderOutputEmission (9.7s)
✔ [9431/9469] Built OAI.Computability.QuantumFactoring.NodeControlEmission (9.7s)
✔ [9432/9469] Built OAI.Computability.QuantumFactoring.FactorVerifierEmission (9.8s)
✔ [9433/9469] Built OAI.Computability.QuantumFactoring.NetworkListEmission (9.9s)
✔ [9434/9469] Built OAI.Computability.QuantumFactoring.NodeStateEmission (9.0s)
✔ [9435/9469] Built OAI.Computability.QuantumFactoring.SortingEmission (9.0s)
✔ [9436/9469] Built OAI.Computability.QuantumFactoring.NetworkListOperationsEmission (6.8s)
✔ [9437/9469] Built OAI.Computability.QuantumFactoring.TableScanEmission (7.3s)
✔ [9438/9469] Built OAI.Computability.QuantumFactoring.DescendingFilterEmission (8.6s)
✔ [9439/9469] Built OAI.Computability.QuantumFactoring.TableArithmeticEmission (8.7s)
✔ [9440/9469] Built OAI.Computability.QuantumFactoring.TransitionEncodingEmission (10s)
✔ [9441/9469] Built OAI.Computability.QuantumFactoring.FirstProperEmission (10s)
✔ [9442/9469] Built OAI.Computability.QuantumFactoring.DescendingStepEmission (11s)
✔ [9443/9469] Built OAI.Computability.QuantumFactoring.CanonicalTableEmission (12s)
✔ [9444/9469] Built OAI.Computability.QuantumFactoring.PhysicalListOutputEmission (17s)
✔ [9445/9469] Built OAI.Computability.QuantumFactoring.SuppliedDivisorEmission (17s)
✔ [9446/9469] Built OAI.Computability.QuantumFactoring.DescendingPrefixAutomatic (17s)
✔ [9447/9469] Built OAI.Computability.QuantumFactoring.DistinctProductEmission (18s)
✔ [9448/9469] Built OAI.Computability.QuantumFactoring.ComponentLevelEmission (12s)
✔ [9449/9469] Built OAI.Computability.QuantumFactoring.PhysicalSplitEmission (10s)
✔ [9450/9469] Built OAI.Computability.QuantumFactoring.ChildQueueEmission (28s)
✔ [9451/9469] Built OAI.Computability.QuantumFactoring.TableFavorableEmission (9.5s)
✔ [9452/9469] Built OAI.Computability.QuantumFactoring.PhysicalSplitDecoderEmission (8.0s)
✔ [9453/9469] Built OAI.Computability.QuantumFactoring.PhysicalNodeEmission (6.1s)
✔ [9454/9469] Built OAI.Computability.QuantumFactoring.PhysicalTreeEmission (5.5s)
✔ [9455/9469] Built OAI.Computability.QuantumFactoring.TreePreparationEmission (6.0s)
✔ [9456/9469] Built OAI.Computability.QuantumFactoring.TreeHistoryEmission (7.0s)
✔ [9457/9469] Built OAI.Computability.QuantumFactoring.QuarterRetentionEmission (7.2s)
✔ [9458/9469] Built OAI.Computability.QuantumFactoring.TreeVerificationEmission (7.3s)
✔ [9459/9469] Built OAI.Computability.QuantumFactoring.TreeTableEmission (6.4s)
✔ [9460/9469] Built OAI.Computability.QuantumFactoring.TableNetsEmission (5.5s)
✔ [9461/9469] Built OAI.Computability.QuantumFactoring.RetainedArithmeticEmission (5.5s)
✔ [9462/9469] Built OAI.Computability.QuantumFactoring.RetainedFavorableEmission (5.3s)
✔ [9463/9469] Built OAI.Computability.QuantumFactoring.RetainedListFilterEmission (5.2s)
✔ [9464/9469] Built OAI.Computability.QuantumFactoring.RetainedOrderFilterEmission (5.3s)
✔ [9465/9469] Built OAI.Computability.QuantumFactoring.RetainedSplitFilterEmission (5.3s)
✔ [9466/9469] Built OAI.Computability.QuantumFactoring.RetainedNodeEmission (5.4s)
✔ [9467/9469] Built OAI.Computability.QuantumFactoring.RetainedTreeEmission (5.2s)
✔ [9468/9469] Built OAI.Computability.QuantumFactoring.FinalUniformity (5.2s)
✔ [9469/9469] Built OAI.Computability.QuantumFactoring.Main (5.1s)
Build completed successfully (9469 jobs).
== build rc=0 seconds=1351
{"theorems": ["OAI.ExactQuantumFactoring.exact_quantum_factoring"], "defs": ["OAI.ExactQuantumFactoring.Primitive", "OAI.ExactQuantumFactoring.Primitive.arity", "OAI.ExactQuantumFactoring.Primitive.code", "OAI.ExactQuantumFactoring.Gate", "OAI.ExactQuantumFactoring.Gate.arity", "OAI.ExactQuantumFactoring.Primitive.matrix", "OAI.ExactQuantumFactoring.Gate.baseMatrix", "OAI.ExactQuantumFactoring.Gate.matrix", "OAI.ExactQuantumFactoring.Instruction", "OAI.ExactQuantumFactoring.Basis", "OAI.ExactQuantumFactoring.State", "OAI.ExactQuantumFactoring.Instruction.matrix", "OAI.ExactQuantumFactoring.Circuit", "OAI.ExactQuantumFactoring.Circuit.apply", "OAI.ExactQuantumFactoring.inputBasis", "OAI.ExactQuantumFactoring.Circuit.outputState", "OAI.ExactQuantumFactoring.paddedLength", "OAI.ExactQuantumFactoring.readBit", "OAI.ExactQuantumFactoring.outputList", "OAI.ExactQuantumFactoring.CorrectEncoding", "OAI.ExactQuantumFactoring.Circuit.correctProbability", "OAI.ExactQuantumFactoring.natWord", "OAI.ExactQuantumFactoring.Instruction.encode", "OAI.ExactQuantumFactoring.Circuit.encode", "OAI.ExactQuantumFactoring.Uniform", "OAI.ExactQuantumFactoring.PolynomialResources", "OAI.ExactQuantumFactoring.MainTheorem"], "json_theorems": ["OAI.ExactQuantumFactoring.exact_quantum_factoring"], "missing_from_parse": []}
TYPES/DEFS DIFFER ExactQuantumFactoring
1,5d0
< /Users/shannon/cc/math/math/lean/Scratch/Challenge_ExactQuantumFactoring.lean:149:8:
< warning:
< declaration
< uses
< `sorry`
AXIOMS: 'OAI.ExactQuantumFactoring.exact_quantum_factoring' depends on axioms: [propext, Classical.choice, Quot.sound] 
== end=2026-10-09T14:38:23Z
