== FactorGeneration  module=OAI.Analysis.FactorGeneration.Main  start=2026-10-09T03:12:43Z
warning: PrimeNumberTheoremAnd: repository '/Users/shannon/cc/math/math/lean/.lake/packages/PrimeNumberTheoremAnd' has local changes
warning: belyi: repository '/Users/shannon/cc/math/math/lean/.lake/packages/belyi' has local changes
warning: formal-schemes: repository '/Users/shannon/cc/math/math/lean/.lake/packages/formal-schemes' has local changes
warning: elliptic-curves: repository '/Users/shannon/cc/math/math/lean/.lake/packages/elliptic-curves' has local changes
warning: tempered-fundamental-groups: repository '/Users/shannon/cc/math/math/lean/.lake/packages/tempered-fundamental-groups' has local changes
warning: oka: repository '/Users/shannon/cc/math/math/lean/.lake/packages/oka' has local changes
warning: orbicurve-cores: repository '/Users/shannon/cc/math/math/lean/.lake/packages/orbicurve-cores' has local changes
warning: pi1: repository '/Users/shannon/cc/math/math/lean/.lake/packages/pi1' has local changes
warning: heights: repository '/Users/shannon/cc/math/math/lean/.lake/packages/heights' has local changes
warning: genl: repository '/Users/shannon/cc/math/math/lean/.lake/packages/genl' has local changes
warning: tate-curves-theta: repository '/Users/shannon/cc/math/math/lean/.lake/packages/tate-curves-theta' has local changes
warning: iut: repository '/Users/shannon/cc/math/math/lean/.lake/packages/iut' has local changes
warning: gromov: repository '/Users/shannon/cc/math/math/lean/.lake/packages/gromov' has local changes
warning: SphereEversion: repository '/Users/shannon/cc/math/math/lean/.lake/packages/SphereEversion' has local changes
warning: schoenflies-lean: repository '/Users/shannon/cc/math/math/lean/.lake/packages/schoenflies-lean' has local changes
warning: ClassFieldTheory: repository '/Users/shannon/cc/math/math/lean/.lake/packages/ClassFieldTheory' has local changes
warning: AINTLIB: repository '/Users/shannon/cc/math/math/lean/.lake/packages/AINTLIB' has local changes
warning: AbsorptionCutoff: repository '/Users/shannon/cc/math/math/lean/.lake/packages/AbsorptionCutoff' has local changes
warning: StrongPNT: repository '/Users/shannon/cc/math/math/lean/.lake/packages/StrongPNT' has local changes
warning: carleson: repository '/Users/shannon/cc/math/math/lean/.lake/packages/carleson' has local changes
warning: rellich-kondrachov: repository '/Users/shannon/cc/math/math/lean/.lake/packages/rellich-kondrachov' has local changes
warning: Zeta3Irrational: repository '/Users/shannon/cc/math/math/lean/.lake/packages/Zeta3Irrational' has local changes
warning: fixed-point-theorems: repository '/Users/shannon/cc/math/math/lean/.lake/packages/fixed-point-theorems' has local changes
✔ [8922/8996] Built OAI.Analysis.FactorGeneration.MatrixEncoding (5.8s)
✔ [8923/8999] Built OAI.Analysis.FactorGeneration.OperatorLimits (8.1s)
✔ [8927/9000] Built OAI.Analysis.FactorGeneration.Words (8.1s)
✔ [8932/9005] Built OAI.Analysis.FactorGeneration.Coefficients (9.8s)
✔ [8934/9005] Built OAI.Analysis.FactorGeneration.FreeWords (9.8s)
✔ [8935/9005] Built OAI.Analysis.FactorGeneration.Correlation (12s)
✔ [8937/9005] Built OAI.Analysis.FactorGeneration.Exponential (10s)
✔ [8938/9005] Built OAI.Analysis.FactorGeneration.Target (14s)
✔ [8940/9016] Built OAI.Analysis.FactorGeneration.HilbertProjections (11s)
✔ [8941/9016] Built OAI.Analysis.FactorGeneration.LaurentAlgebra (11s)
✔ [8942/9016] Built OAI.Analysis.FactorGeneration.MatrixUnits (20s)
✔ [8943/9016] Built OAI.Analysis.FactorGeneration.FunctionalLimits (18s)
✔ [8944/9016] Built OAI.Analysis.FactorGeneration.Bicommutant (15s)
✔ [8945/9016] Built OAI.Analysis.FactorGeneration.ProjectionEncoding (11s)
✔ [8946/9016] Built OAI.Analysis.FactorGeneration.Convolution (32s)
✔ [8947/9016] Built OAI.Analysis.FactorGeneration.PredualOrder (47s)
✔ [8948/9016] Built OAI.Analysis.FactorGeneration.GroupTrace (50s)
✔ [8949/9016] Built OAI.Analysis.FactorGeneration.LongWords (24s)
✔ [8950/9016] Built OAI.Analysis.FactorGeneration.MonotoneTrace (33s)
✔ [8951/9016] Built OAI.Analysis.FactorGeneration.Ultrapower (53s)
✔ [8952/9016] Built OAI.Analysis.FactorGeneration.TraceTopology (29s)
✔ [8953/9016] Built OAI.Analysis.FactorGeneration.ProjectionLimits (33s)
✔ [8954/9016] Built OAI.Analysis.FactorGeneration.QuotientHilbert (70s)
✔ [8955/9016] Built OAI.Analysis.FactorGeneration.TracialInclusion (78s)
✔ [8956/9016] Built OAI.Analysis.FactorGeneration.Supports (54s)
✔ [8957/9016] Built OAI.Analysis.FactorGeneration.CornerTrace (42s)
✔ [8958/9016] Built OAI.Analysis.FactorGeneration.QuotientCorners (73s)
✔ [8959/9016] Built OAI.Analysis.FactorGeneration.Pinching (55s)
✔ [8960/9016] Built OAI.Analysis.FactorGeneration.OrbitMinima (55s)
✔ [8961/9016] Built OAI.Analysis.FactorGeneration.HilbertLimits (58s)
✔ [8962/9016] Built OAI.Analysis.FactorGeneration.UnitaryMetric (43s)
✔ [8963/9016] Built OAI.Analysis.FactorGeneration.PartialIsometries (45s)
✔ [8964/9016] Built OAI.Analysis.FactorGeneration.PartialUnitaries (49s)
✔ [8965/9016] Built OAI.Analysis.FactorGeneration.SpectralPinching (101s)
✔ [8966/9016] Built OAI.Analysis.FactorGeneration.ResidualEstimates (49s)
✔ [8967/9016] Built OAI.Analysis.FactorGeneration.ProjectionComparison (54s)
✔ [8968/9016] Built OAI.Analysis.FactorGeneration.PatchingWords (80s)
✔ [8969/9016] Built OAI.Analysis.FactorGeneration.SpectralTruncation (129s)
✔ [8970/9016] Built OAI.Analysis.FactorGeneration.SpectralApproximation (76s)
✔ [8971/9016] Built OAI.Analysis.FactorGeneration.FiniteComparison (74s)
✔ [8972/9016] Built OAI.Analysis.FactorGeneration.CyclicPredual (188s)
✔ [8973/9016] Built OAI.Analysis.FactorGeneration.PatchingBounds (60s)
✔ [8974/9016] Built OAI.Analysis.FactorGeneration.UniformPartitions (39s)
✔ [8975/9016] Built OAI.Analysis.FactorGeneration.MatrixAlgebras (61s)
✔ [8976/9016] Built OAI.Analysis.FactorGeneration.Subfactors (61s)
✔ [8977/9016] Built OAI.Analysis.FactorGeneration.DyadicComparison (63s)
✔ [8978/9016] Built OAI.Analysis.FactorGeneration.EnergyDescent (43s)
✔ [8979/9016] Built OAI.Analysis.FactorGeneration.Dimension (52s)
✔ [8980/9016] Built OAI.Analysis.FactorGeneration.Expectations (63s)
✔ [8981/9016] Built OAI.Analysis.FactorGeneration.NormalDimension (24s)
✔ [8982/9016] Built OAI.Analysis.FactorGeneration.MatrixRefinement (25s)
✔ [8983/9016] Built OAI.Analysis.FactorGeneration.MatrixSequence (28s)
✔ [8984/9016] Built OAI.Analysis.FactorGeneration.SpectralDimension (39s)
✔ [8985/9016] Built OAI.Analysis.FactorGeneration.TensorRefinement (33s)
✔ [8986/9016] Built OAI.Analysis.FactorGeneration.MatrixExpectation (39s)
✔ [8987/9016] Built OAI.Analysis.FactorGeneration.RelativeGeneration (43s)
✔ [8988/9016] Built OAI.Analysis.FactorGeneration.AmplificationEncoding (72s)
✔ [8989/9016] Built OAI.Analysis.FactorGeneration.MatrixGenerators (43s)
✔ [8990/9016] Built OAI.Analysis.FactorGeneration.LocalQuantization (46s)
✔ [8991/9016] Built OAI.Analysis.FactorGeneration.SpectralStates (84s)
✔ [8992/9016] Built OAI.Analysis.FactorGeneration.PredualRange (95s)
✔ [8993/9016] Built OAI.Analysis.FactorGeneration.LocalizedStates (58s)
✔ [8994/9016] Built OAI.Analysis.FactorGeneration.QuotientRepresentation (611s)
✔ [8995/9016] Built OAI.Analysis.FactorGeneration.PredualContinuity (26s)
✔ [8996/9016] Built OAI.Analysis.FactorGeneration.RepresentedCorners (84s)
✔ [8997/9016] Built OAI.Analysis.FactorGeneration.NormalTrace (33s)
✔ [8998/9016] Built OAI.Analysis.FactorGeneration.LocalPatches (22s)
✔ [8999/9016] Built OAI.Analysis.FactorGeneration.HaarPatches (29s)
✔ [9000/9016] Built OAI.Analysis.FactorGeneration.CornerIndependence (76s)
✔ [9001/9016] Built OAI.Analysis.FactorGeneration.TraceHilbert (134s)
✔ [9002/9016] Built OAI.Analysis.FactorGeneration.ResidualMoments (93s)
✔ [9003/9016] Built OAI.Analysis.FactorGeneration.ProductWords (66s)
✔ [9004/9016] Built OAI.Analysis.FactorGeneration.ResidualCompletion (97s)
✔ [9005/9016] Built OAI.Analysis.FactorGeneration.HaarIndependence (47s)
✔ [9006/9016] Built OAI.Analysis.FactorGeneration.TraceTransport (146s)
✔ [9007/9016] Built OAI.Analysis.FactorGeneration.LaurentMoments (71s)
✔ [9008/9016] Built OAI.Analysis.FactorGeneration.CoordinateUnitaries (35s)
✔ [9009/9016] Built OAI.Analysis.FactorGeneration.RepresentedFreeness (113s)
✔ [9010/9016] Built OAI.Analysis.FactorGeneration.HaarSequences (219s)
✔ [9011/9016] Built OAI.Analysis.FactorGeneration.FreeGroupMoments (128s)
✔ [9012/9016] Built OAI.Analysis.FactorGeneration.CoordinatePerturbation (184s)
✔ [9013/9016] Built OAI.Analysis.FactorGeneration.WordCorrelation (73s)
✔ [9014/9016] Built OAI.Analysis.FactorGeneration.PerturbationBounds (45s)
✔ [9015/9016] Built OAI.Analysis.FactorGeneration.Generation (9.3s)
✔ [9016/9016] Built OAI.Analysis.FactorGeneration.Main (6.1s)
Build completed successfully (9016 jobs).
== build rc=0 seconds=2004
{"theorems": ["OAI.Generator.single_generation_of_II1_separable_predual"], "defs": ["OAI.Generator.WOTClosed", "OAI.Generator.wstar", "OAI.Generator.IsII1Factor", "OAI.Generator.HasSeparablePredual", "OAI.Generator.SinglyGenerated"], "json_theorems": ["OAI.Generator.single_generation_of_II1_separable_predual"], "missing_from_parse": []}
TYPES/DEFS DIFFER FactorGeneration
1,5d0
< /Users/shannon/cc/math/math/lean/Scratch/Challenge_FactorGeneration.lean:41:8:
< warning:
< declaration
< uses
< `sorry`
AXIOMS: 'OAI.Generator.single_generation_of_II1_separable_predual' depends on axioms: [propext, Classical.choice, Quot.sound] 
== end=2026-10-09T03:46:35Z
