== GeneralizedStarHeight  module=OAI.Computability.StarHeight.Main  start=2026-10-08T13:50:28Z
warning: PrimeNumberTheoremAnd: repository '/Users/shannon/cc/math/math/lean/.lake/packages/PrimeNumberTheoremAnd' has local changes
warning: belyi: repository '/Users/shannon/cc/math/math/lean/.lake/packages/belyi' has local changes
warning: formal-schemes: repository '/Users/shannon/cc/math/math/lean/.lake/packages/formal-schemes' has local changes
warning: elliptic-curves: repository '/Users/shannon/cc/math/math/lean/.lake/packages/elliptic-curves' has local changes
warning: tempered-fundamental-groups: repository '/Users/shannon/cc/math/math/lean/.lake/packages/tempered-fundamental-groups' has local changes
warning: oka: repository '/Users/shannon/cc/math/math/lean/.lake/packages/oka' has local changes
warning: orbicurve-cores: repository '/Users/shannon/cc/math/math/lean/.lake/packages/orbicurve-cores' has local changes
warning: pi1: repository '/Users/shannon/cc/math/math/lean/.lake/packages/pi1' has local changes
warning: heights: repository '/Users/shannon/cc/math/math/lean/.lake/packages/heights' has local changes
warning: genl: repository '/Users/shannon/cc/math/math/lean/.lake/packages/genl' has local changes
warning: tate-curves-theta: repository '/Users/shannon/cc/math/math/lean/.lake/packages/tate-curves-theta' has local changes
warning: iut: repository '/Users/shannon/cc/math/math/lean/.lake/packages/iut' has local changes
warning: gromov: repository '/Users/shannon/cc/math/math/lean/.lake/packages/gromov' has local changes
warning: SphereEversion: repository '/Users/shannon/cc/math/math/lean/.lake/packages/SphereEversion' has local changes
warning: schoenflies-lean: repository '/Users/shannon/cc/math/math/lean/.lake/packages/schoenflies-lean' has local changes
warning: ClassFieldTheory: repository '/Users/shannon/cc/math/math/lean/.lake/packages/ClassFieldTheory' has local changes
warning: AINTLIB: repository '/Users/shannon/cc/math/math/lean/.lake/packages/AINTLIB' has local changes
warning: AbsorptionCutoff: repository '/Users/shannon/cc/math/math/lean/.lake/packages/AbsorptionCutoff' has local changes
warning: StrongPNT: repository '/Users/shannon/cc/math/math/lean/.lake/packages/StrongPNT' has local changes
warning: carleson: repository '/Users/shannon/cc/math/math/lean/.lake/packages/carleson' has local changes
warning: rellich-kondrachov: repository '/Users/shannon/cc/math/math/lean/.lake/packages/rellich-kondrachov' has local changes
warning: Zeta3Irrational: repository '/Users/shannon/cc/math/math/lean/.lake/packages/Zeta3Irrational' has local changes
warning: fixed-point-theorems: repository '/Users/shannon/cc/math/math/lean/.lake/packages/fixed-point-theorems' has local changes
✔ [8924/8960] Built OAI.Computability.StarHeight.Model (8.1s)
✔ [8925/8960] Built OAI.Computability.StarHeight.Height (7.4s)
✔ [8926/8960] Built OAI.Computability.StarHeight.Episodes (7.6s)
✔ [8927/8960] Built OAI.Computability.StarHeight.Actions (7.6s)
✔ [8928/8960] Built OAI.Computability.StarHeight.Avoidance (7.0s)
✔ [8929/8960] Built OAI.Computability.StarHeight.ShiftTable (7.5s)
✔ [8930/8960] Built OAI.Computability.StarHeight.TagPartitions (7.4s)
✔ [8931/8960] Built OAI.Computability.StarHeight.RobustClock (10s)
✔ [8932/8960] Built OAI.Computability.StarHeight.Markers (7.8s)
✔ [8933/8960] Built OAI.Computability.StarHeight.MarkerSearch (7.9s)
✔ [8934/8960] Built OAI.Computability.StarHeight.EndSearch (9.5s)
✔ [8935/8960] Built OAI.Computability.StarHeight.PeriodicLanguages (7.3s)
✔ [8936/8960] Built OAI.Computability.StarHeight.ClockResidues (8.5s)
✔ [8937/8960] Built OAI.Computability.StarHeight.ScheduleClock (8.0s)
✔ [8938/8960] Built OAI.Computability.StarHeight.CanonicalEpisodes (7.5s)
✔ [8939/8960] Built OAI.Computability.StarHeight.SplitMetadata (7.8s)
✔ [8940/8960] Built OAI.Computability.StarHeight.AffineClock (7.1s)
✔ [8941/8960] Built OAI.Computability.StarHeight.ExceptionalOrigins (6.9s)
✔ [8942/8960] Built OAI.Computability.StarHeight.SuffixDecoder (8.1s)
✔ [8943/8960] Built OAI.Computability.StarHeight.BoundarySnapshots (7.3s)
✔ [8944/8960] Built OAI.Computability.StarHeight.ObservedActions (8.2s)
✔ [8945/8960] Built OAI.Computability.StarHeight.ObservedLanguages (8.2s)
✔ [8946/8960] Built OAI.Computability.StarHeight.StreamRecovery (8.9s)
✔ [8947/8960] Built OAI.Computability.StarHeight.LateSchedule (10s)
✔ [8948/8960] Built OAI.Computability.StarHeight.OriginBounds (8.9s)
✔ [8949/8960] Built OAI.Computability.StarHeight.UsableCopies (10s)
✔ [8950/8960] Built OAI.Computability.StarHeight.RegularLanguages (7.4s)
✔ [8951/8960] Built OAI.Computability.StarHeight.PeriodicSplicing (8.0s)
✔ [8952/8960] Built OAI.Computability.StarHeight.OriginSplicing (7.9s)
✔ [8953/8960] Built OAI.Computability.StarHeight.StreamSplicing (8.3s)
✔ [8954/8960] Built OAI.Computability.StarHeight.Translation (7.3s)
✔ [8955/8960] Built OAI.Computability.StarHeight.StreamTranslation (7.3s)
✔ [8956/8960] Built OAI.Computability.StarHeight.WordStreams (6.8s)
✔ [8957/8960] Built OAI.Computability.StarHeight.SplitLanguages (7.6s)
✔ [8958/8960] Built OAI.Computability.StarHeight.EpisodeHeight (7.3s)
✔ [8959/8960] Built OAI.Computability.StarHeight.Recognition (6.7s)
✔ [8960/8960] Built OAI.Computability.StarHeight.Main (6.4s)
Build completed successfully (8960 jobs).
== build rc=0 seconds=306
{"theorems": ["OAI.GeneralizedStarHeight.main"], "defs": ["OAI.GeneralizedStarHeight.Expression", "OAI.GeneralizedStarHeight.Expression.language", "OAI.GeneralizedStarHeight.Expression.height", "OAI.GeneralizedStarHeight.HasHeightAtMost"], "json_theorems": ["OAI.GeneralizedStarHeight.main"], "missing_from_parse": []}
TYPES/DEFS DIFFER GeneralizedStarHeight
1,5d0
< /Users/shannon/cc/math/math/lean/Scratch/Challenge_GeneralizedStarHeight.lean:42:8:
< warning:
< declaration
< uses
< `sorry`
AXIOMS: 'OAI.GeneralizedStarHeight.main' depends on axioms: [propext, Classical.choice, Quot.sound] 
== end=2026-10-08T13:56:01Z
