== GeneralMahler  module=OAI.Geometry.Convex.GeneralMahler.Theorem  start=2026-10-09T15:21:25Z
warning: PrimeNumberTheoremAnd: repository '/Users/shannon/cc/math/math/lean/.lake/packages/PrimeNumberTheoremAnd' has local changes
warning: belyi: repository '/Users/shannon/cc/math/math/lean/.lake/packages/belyi' has local changes
warning: formal-schemes: repository '/Users/shannon/cc/math/math/lean/.lake/packages/formal-schemes' has local changes
warning: elliptic-curves: repository '/Users/shannon/cc/math/math/lean/.lake/packages/elliptic-curves' has local changes
warning: tempered-fundamental-groups: repository '/Users/shannon/cc/math/math/lean/.lake/packages/tempered-fundamental-groups' has local changes
warning: oka: repository '/Users/shannon/cc/math/math/lean/.lake/packages/oka' has local changes
warning: orbicurve-cores: repository '/Users/shannon/cc/math/math/lean/.lake/packages/orbicurve-cores' has local changes
warning: pi1: repository '/Users/shannon/cc/math/math/lean/.lake/packages/pi1' has local changes
warning: heights: repository '/Users/shannon/cc/math/math/lean/.lake/packages/heights' has local changes
warning: genl: repository '/Users/shannon/cc/math/math/lean/.lake/packages/genl' has local changes
warning: tate-curves-theta: repository '/Users/shannon/cc/math/math/lean/.lake/packages/tate-curves-theta' has local changes
warning: iut: repository '/Users/shannon/cc/math/math/lean/.lake/packages/iut' has local changes
warning: gromov: repository '/Users/shannon/cc/math/math/lean/.lake/packages/gromov' has local changes
warning: SphereEversion: repository '/Users/shannon/cc/math/math/lean/.lake/packages/SphereEversion' has local changes
warning: schoenflies-lean: repository '/Users/shannon/cc/math/math/lean/.lake/packages/schoenflies-lean' has local changes
warning: ClassFieldTheory: repository '/Users/shannon/cc/math/math/lean/.lake/packages/ClassFieldTheory' has local changes
warning: AINTLIB: repository '/Users/shannon/cc/math/math/lean/.lake/packages/AINTLIB' has local changes
warning: AbsorptionCutoff: repository '/Users/shannon/cc/math/math/lean/.lake/packages/AbsorptionCutoff' has local changes
warning: StrongPNT: repository '/Users/shannon/cc/math/math/lean/.lake/packages/StrongPNT' has local changes
warning: carleson: repository '/Users/shannon/cc/math/math/lean/.lake/packages/carleson' has local changes
warning: rellich-kondrachov: repository '/Users/shannon/cc/math/math/lean/.lake/packages/rellich-kondrachov' has local changes
warning: Zeta3Irrational: repository '/Users/shannon/cc/math/math/lean/.lake/packages/Zeta3Irrational' has local changes
warning: fixed-point-theorems: repository '/Users/shannon/cc/math/math/lean/.lake/packages/fixed-point-theorems' has local changes
✔ [8924/9225] Built OAI.Geometry.Convex.GeneralMahler.Brouwer.Scarf (26s)
✔ [8925/9225] Built OAI.Geometry.Convex.GeneralMahler.Frame.Selector (27s)
✔ [8926/9225] Built OAI.Geometry.Convex.GeneralMahler.Scalar.HSeries (27s)
✔ [8927/9225] Built OAI.Geometry.Convex.GeneralMahler.Growth (27s)
✔ [8928/9225] Built OAI.Geometry.Convex.GeneralMahler.Budget.Roots (27s)
✔ [8929/9225] Built OAI.Geometry.Convex.GeneralMahler.Intervals.Basic (27s)
✔ [8930/9225] Built OAI.Geometry.Convex.GeneralMahler.Cone (29s)
✔ [8931/9225] Built OAI.Geometry.Convex.GeneralMahler.Brouwer.Ghost (13s)
✔ [8932/9225] Built OAI.Geometry.Convex.GeneralMahler.Intervals.Jet (14s)
✔ [8933/9225] Built OAI.Geometry.Convex.GeneralMahler.Rapid (14s)
✔ [8934/9225] Built OAI.Geometry.Convex.GeneralMahler.Intervals.Elem (14s)
✔ [8935/9225] Built OAI.Geometry.Convex.GeneralMahler.Budget.Major (15s)
✔ [8936/9225] Built OAI.Geometry.Convex.GeneralMahler.Transform (15s)
✔ [8937/9225] Built OAI.Geometry.Convex.GeneralMahler.Proj (16s)
✔ [8938/9225] Built OAI.Geometry.Convex.GeneralMahler.Matrix (20s)
✔ [8939/9225] Built OAI.Geometry.Convex.GeneralMahler.Density (10s)
✔ [8940/9225] Built OAI.Geometry.Convex.GeneralMahler.Brouwer.Color (11s)
✔ [8941/9225] Built OAI.Geometry.Convex.GeneralMahler.Intervals.Log (12s)
✔ [8942/9225] Built OAI.Geometry.Convex.GeneralMahler.Orthant (14s)
✔ [8943/9225] Built OAI.Geometry.Convex.GeneralMahler.Lift (18s)
✔ [8944/9225] Built OAI.Geometry.Convex.GeneralMahler.Spectral (14s)
✔ [8945/9225] Built OAI.Geometry.Convex.GeneralMahler.CDF (16s)
✔ [8946/9225] Built OAI.Geometry.Convex.GeneralMahler.Brouwer.Grid (15s)
✔ [8947/9225] Built OAI.Geometry.Convex.GeneralMahler.Intervals.JCalc (15s)
✔ [8948/9225] Built OAI.Geometry.Convex.GeneralMahler.Smoothing (18s)
✔ [8949/9225] Built OAI.Geometry.Convex.GeneralMahler.Scalar.HBox (16s)
✔ [8950/9225] Built OAI.Geometry.Convex.GeneralMahler.Intervals.Trig (15s)
✔ [8951/9225] Built OAI.Geometry.Convex.GeneralMahler.SimplexCone (16s)
✔ [8952/9225] Built OAI.Geometry.Convex.GeneralMahler.Polar (16s)
✔ [8953/9225] Built OAI.Geometry.Convex.GeneralMahler.GaussianTail (14s)
✔ [8954/9225] Built OAI.Geometry.Convex.GeneralMahler.pRapid (15s)
✔ [8955/9225] Built OAI.Geometry.Convex.GeneralMahler.Brouwer.Simplex (14s)
✔ [8956/9225] Built OAI.Geometry.Convex.GeneralMahler.Intervals.Chord (15s)
✔ [8957/9225] Built OAI.Geometry.Convex.GeneralMahler.IBP (16s)
✔ [8958/9225] Built OAI.Geometry.Convex.GeneralMahler.Reduction (12s)
✔ [8959/9225] Built OAI.Geometry.Convex.GeneralMahler.Mills (11s)
✔ [8960/9225] Built OAI.Geometry.Convex.GeneralMahler.Brouwer.Fixed (10s)
✔ [8961/9225] Built OAI.Geometry.Convex.GeneralMahler.ProjMean (16s)
✔ [8962/9225] Built OAI.Geometry.Convex.GeneralMahler.Santalo (10s)
✔ [8963/9225] Built OAI.Geometry.Convex.GeneralMahler.MillsLog (10s)
✔ [8964/9225] Built OAI.Geometry.Convex.GeneralMahler.SimplexVolume (12s)
✔ [8965/9225] Built OAI.Geometry.Convex.GeneralMahler.TestFun (11s)
✔ [8966/9225] Built OAI.Geometry.Convex.GeneralMahler.Bias (15s)
✔ [8967/9225] Built OAI.Geometry.Convex.GeneralMahler.Profiles (13s)
✔ [8968/9225] Built OAI.Geometry.Convex.GeneralMahler.Hermite.H (12s)
✔ [8969/9225] Built OAI.Geometry.Convex.GeneralMahler.Scalar.Moments (14s)
✔ [8970/9225] Built OAI.Geometry.Convex.GeneralMahler.ProfileGrowth (14s)
✔ [8971/9225] Built OAI.Geometry.Convex.GeneralMahler.Field (15s)
✔ [8972/9225] Built OAI.Geometry.Convex.GeneralMahler.Scalar.LapBox (10s)
✔ [8973/9225] Built OAI.Geometry.Convex.GeneralMahler.HLayer (12s)
✔ [8974/9225] Built OAI.Geometry.Convex.GeneralMahler.MatrixBox (28s)
✔ [8975/9225] Built OAI.Geometry.Convex.GeneralMahler.BoundField (7.4s)
✔ [8976/9225] Built OAI.Geometry.Convex.GeneralMahler.ShiftBound (8.3s)
✔ [8977/9225] Built OAI.Geometry.Convex.GeneralMahler.Parameter (8.7s)
✔ [8978/9225] Built OAI.Geometry.Convex.GeneralMahler.Cutoff (8.0s)
✔ [8979/9225] Built OAI.Geometry.Convex.GeneralMahler.MixedField (7.2s)
✔ [8980/9225] Built OAI.Geometry.Convex.GeneralMahler.Moving (7.0s)
✔ [8981/9225] Built OAI.Geometry.Convex.GeneralMahler.HMatrix (7.5s)
✔ [8982/9225] Built OAI.Geometry.Convex.GeneralMahler.LayerMeasure (7.5s)
✔ [8983/9225] Built OAI.Geometry.Convex.GeneralMahler.Update (9.2s)
✔ [8984/9225] Built OAI.Geometry.Convex.GeneralMahler.Hermite.Multi (9.5s)
✔ [8985/9225] Built OAI.Geometry.Convex.GeneralMahler.ProjParts (10s)
✔ [8986/9225] Built OAI.Geometry.Convex.GeneralMahler.TraceOrder (8.8s)
✔ [8987/9225] Built OAI.Geometry.Convex.GeneralMahler.Hermite.Dense (9.4s)
✔ [8988/9225] Built OAI.Geometry.Convex.GeneralMahler.ParamMoment (10s)
✔ [8989/9225] Built OAI.Geometry.Convex.GeneralMahler.LogDet (10s)
✔ [8990/9225] Built OAI.Geometry.Convex.GeneralMahler.Edge (10s)
✔ [8991/9225] Built OAI.Geometry.Convex.GeneralMahler.Hermite.L2 (9.8s)
✔ [8992/9225] Built OAI.Geometry.Convex.GeneralMahler.ParamA (10s)
✔ [8993/9225] Built OAI.Geometry.Convex.GeneralMahler.Frame.Diagonal (12s)
✔ [8994/9225] Built OAI.Geometry.Convex.GeneralMahler.LogPath (12s)
✔ [8995/9225] Built OAI.Geometry.Convex.GeneralMahler.Hermite.Gradient (16s)
✔ [8996/9225] Built OAI.Geometry.Convex.GeneralMahler.Scatter (19s)
✔ [8997/9225] Built OAI.Geometry.Convex.GeneralMahler.Angle (16s)
✔ [8998/9225] Built OAI.Geometry.Convex.GeneralMahler.GainIndent (10s)
✔ [8999/9225] Built OAI.Geometry.Convex.GeneralMahler.Hermite.Pair (12s)
✔ [9000/9225] Built OAI.Geometry.Convex.GeneralMahler.InPoint (13s)
✔ [9001/9225] Built OAI.Geometry.Convex.GeneralMahler.ScatterField (15s)
✔ [9002/9225] Built OAI.Geometry.Convex.GeneralMahler.EntropyMap (14s)
✔ [9003/9225] Built OAI.Geometry.Convex.GeneralMahler.EdgeBand (15s)
✔ [9004/9225] Built OAI.Geometry.Convex.GeneralMahler.InTail (10s)
✔ [9005/9225] Built OAI.Geometry.Convex.GeneralMahler.DefectLayer (10s)
✔ [9006/9225] Built OAI.Geometry.Convex.GeneralMahler.NtLayer (10s)
✔ [9007/9225] Built OAI.Geometry.Convex.GeneralMahler.AngleIntegral (9.5s)
✔ [9008/9225] Built OAI.Geometry.Convex.GeneralMahler.DefectIBP (9.3s)
✔ [9009/9225] Built OAI.Geometry.Convex.GeneralMahler.GainFinal (8.5s)
✔ [9010/9225] Built OAI.Geometry.Convex.GeneralMahler.EntScalar (8.7s)
✔ [9011/9225] Built OAI.Geometry.Convex.GeneralMahler.Inward (9.2s)
✔ [9012/9225] Built OAI.Geometry.Convex.GeneralMahler.Entropy (7.5s)
✔ [9013/9225] Built OAI.Geometry.Convex.GeneralMahler.Normalize (7.3s)
✔ [9014/9225] Built OAI.Geometry.Convex.GeneralMahler.Kernel (8.2s)
✔ [9015/9225] Built OAI.Geometry.Convex.GeneralMahler.GradientLayer (9.6s)
✔ [9016/9225] Built OAI.Geometry.Convex.GeneralMahler.Indicator (10s)
✔ [9017/9225] Built OAI.Geometry.Convex.GeneralMahler.Qprimitive (10s)
✔ [9018/9225] Built OAI.Geometry.Convex.GeneralMahler.CovHerm (10s)
✔ [9019/9225] Built OAI.Geometry.Convex.GeneralMahler.Variation (8.8s)
✔ [9020/9225] Built OAI.Geometry.Convex.GeneralMahler.Threshold (10s)
✔ [9021/9225] Built OAI.Geometry.Convex.GeneralMahler.Contact (10s)
✔ [9022/9225] Built OAI.Geometry.Convex.GeneralMahler.Frame.Sec (11s)
✔ [9023/9225] Built OAI.Geometry.Convex.GeneralMahler.Eq14 (11s)
✔ [9024/9225] Built OAI.Geometry.Convex.GeneralMahler.EvalGap (12s)
✔ [9025/9225] Built OAI.Geometry.Convex.GeneralMahler.Eq13 (11s)
✔ [9026/9225] Built OAI.Geometry.Convex.GeneralMahler.Prim (9.7s)
✔ [9027/9225] Built OAI.Geometry.Convex.GeneralMahler.MatrixDeriv (11s)
✔ [9028/9225] Built OAI.Geometry.Convex.GeneralMahler.Beta (10s)
✔ [9029/9225] Built OAI.Geometry.Convex.GeneralMahler.Compare (8.8s)
✔ [9030/9225] Built OAI.Geometry.Convex.GeneralMahler.Packet (8.9s)
✔ [9031/9225] Built OAI.Geometry.Convex.GeneralMahler.Scalar.Stable (8.8s)
✔ [9032/9225] Built OAI.Geometry.Convex.GeneralMahler.BiWeight (9.0s)
✔ [9033/9225] Built OAI.Geometry.Convex.GeneralMahler.Forms (9.8s)
✔ [9034/9225] Built OAI.Geometry.Convex.GeneralMahler.Scalar.RealJ (10s)
✔ [9035/9225] Built OAI.Geometry.Convex.GeneralMahler.LFun (11s)
✔ [9036/9225] Built OAI.Geometry.Convex.GeneralMahler.ScalarForm (11s)
✔ [9037/9225] Built OAI.Geometry.Convex.GeneralMahler.Budget.Segment (16s)
✔ [9038/9225] Built OAI.Geometry.Convex.GeneralMahler.Scalar.BoxJ (9.6s)
✔ [9039/9225] Built OAI.Geometry.Convex.GeneralMahler.FormSquare (9.8s)
✔ [9040/9225] Built OAI.Geometry.Convex.GeneralMahler.Budget.Blocks (9.8s)
✔ [9041/9225] Built OAI.Geometry.Convex.GeneralMahler.Scalar.QuantJ (8.8s)
✔ [9042/9225] Built OAI.Geometry.Convex.GeneralMahler.LowDegree (8.6s)
✔ [9043/9225] Built OAI.Geometry.Convex.GeneralMahler.Budget.Extract (7.9s)
✔ [9044/9225] Built OAI.Geometry.Convex.GeneralMahler.FormLin (7.6s)
✔ [9045/9225] Built OAI.Geometry.Convex.GeneralMahler.Budget.Klimit (7.5s)
✔ [9046/9225] Built OAI.Geometry.Convex.GeneralMahler.LinTest (6.6s)
✔ [9047/9225] Built OAI.Geometry.Convex.GeneralMahler.Eq18 (6.3s)
✔ [9048/9225] Built OAI.Geometry.Convex.GeneralMahler.Budget.Parity (5.5s)
✔ [9049/9225] Built OAI.Geometry.Convex.GeneralMahler.Budget.Degree (5.3s)
✔ [9050/9225] Built OAI.Geometry.Convex.GeneralMahler.Budget.Eq19 (5.6s)
✔ [9051/9225] Built OAI.Geometry.Convex.GeneralMahler.Budget.Tbound (6.0s)
✔ [9052/9225] Built OAI.Geometry.Convex.GeneralMahler.Budget.Penalty (6.0s)
✔ [9053/9225] Built OAI.Geometry.Convex.GeneralMahler.Budget.FinalR (5.7s)
✔ [9054/9225] Built OAI.Geometry.Convex.GeneralMahler.Budget.Eq23 (5.3s)
✔ [9055/9225] Built OAI.Geometry.Convex.GeneralMahler.Linear.SpectralIBP (5.8s)
✔ [9056/9225] Built OAI.Geometry.Convex.GeneralMahler.Linear.Powers (7.6s)
✔ [9057/9225] Built OAI.Geometry.Convex.GeneralMahler.Linear.Comm (7.8s)
✔ [9058/9225] Built OAI.Geometry.Convex.GeneralMahler.Linear.Gauss (8.5s)
✔ [9059/9225] Built OAI.Geometry.Convex.GeneralMahler.Linear.Eq25 (10s)
✔ [9060/9225] Built OAI.Geometry.Convex.GeneralMahler.Linear.Segments (10s)
✔ [9061/9225] Built OAI.Geometry.Convex.GeneralMahler.Scalar.Grid (10s)
✔ [9062/9225] Built OAI.Geometry.Convex.GeneralMahler.Rigid.Basis (11s)
✔ [9063/9225] Built OAI.Geometry.Convex.GeneralMahler.Linear.Nu (13s)
✔ [9064/9225] Built OAI.Geometry.Convex.GeneralMahler.Scalar.Regular (13s)
✔ [9065/9225] Built OAI.Geometry.Convex.GeneralMahler.Scalar.Pass (13s)
✔ [9066/9225] Built OAI.Geometry.Convex.GeneralMahler.Scalar.Tail.Base (13s)
✔ [9067/9225] Built OAI.Geometry.Convex.GeneralMahler.Rigid.Axes (19s)
✔ [9068/9225] Built OAI.Geometry.Convex.GeneralMahler.Scalar.Data (17s)
✔ [9069/9225] Built OAI.Geometry.Convex.GeneralMahler.Linear.Gram (18s)
✔ [9070/9225] Built OAI.Geometry.Convex.GeneralMahler.Linear.Eq27 (18s)
✔ [9071/9225] Built OAI.Geometry.Convex.GeneralMahler.Scalar.Tail.Tower (18s)
✔ [9072/9225] Built OAI.Geometry.Convex.GeneralMahler.Scalar.Tail.Limit (18s)
✔ [9073/9225] Built OAI.Geometry.Convex.GeneralMahler.Scalar.Circle (20s)
✔ [9074/9225] Built OAI.Geometry.Convex.GeneralMahler.Linear.Eq26 (13s)
✔ [9075/9225] Built OAI.Geometry.Convex.GeneralMahler.Scalar.Tail.Enclose (13s)
✔ [9076/9225] Built OAI.Geometry.Convex.GeneralMahler.Scalar.NodesTbl (18s)
✔ [9077/9225] Built OAI.Geometry.Convex.GeneralMahler.Segment.Element (15s)
✔ [9078/9225] Built OAI.Geometry.Convex.GeneralMahler.Scalar.LayerAlg (16s)
✔ [9079/9225] Built OAI.Geometry.Convex.GeneralMahler.Scalar.Tail.Coords (16s)
✔ [9080/9225] Built OAI.Geometry.Convex.GeneralMahler.Linear.Final (17s)
✔ [9081/9225] Built OAI.Geometry.Convex.GeneralMahler.Scalar.Run600 (230s)
✔ [9082/9225] Built OAI.Geometry.Convex.GeneralMahler.Scalar.Run620 (231s)
✔ [9083/9225] Built OAI.Geometry.Convex.GeneralMahler.Scalar.Run640 (231s)
✔ [9084/9225] Built OAI.Geometry.Convex.GeneralMahler.Scalar.Run660 (231s)
✔ [9085/9225] Built OAI.Geometry.Convex.GeneralMahler.Scalar.Run680 (231s)
✔ [9086/9225] Built OAI.Geometry.Convex.GeneralMahler.Scalar.Run700 (231s)
✔ [9087/9225] Built OAI.Geometry.Convex.GeneralMahler.Scalar.Run560 (292s)
✔ [9088/9225] Built OAI.Geometry.Convex.GeneralMahler.Scalar.Run580 (293s)
✔ [9089/9225] Built OAI.Geometry.Convex.GeneralMahler.Scalar.Run440 (201s)
✔ [9090/9225] Built OAI.Geometry.Convex.GeneralMahler.Scalar.Run460 (201s)
✔ [9091/9225] Built OAI.Geometry.Convex.GeneralMahler.Scalar.Run480 (201s)
✔ [9092/9225] Built OAI.Geometry.Convex.GeneralMahler.Scalar.Run500 (201s)
✔ [9093/9225] Built OAI.Geometry.Convex.GeneralMahler.Scalar.Run520 (201s)
✔ [9094/9225] Built OAI.Geometry.Convex.GeneralMahler.Scalar.Run540 (201s)
✔ [9095/9225] Built OAI.Geometry.Convex.GeneralMahler.Scalar.Run400 (261s)
✔ [9096/9225] Built OAI.Geometry.Convex.GeneralMahler.Scalar.Run420 (261s)
✔ [9097/9225] Built OAI.Geometry.Convex.GeneralMahler.Scalar.Run280 (162s)
✔ [9098/9225] Built OAI.Geometry.Convex.GeneralMahler.Scalar.Run300 (162s)
✔ [9099/9225] Built OAI.Geometry.Convex.GeneralMahler.Scalar.Run320 (162s)
✔ [9100/9225] Built OAI.Geometry.Convex.GeneralMahler.Scalar.Run340 (162s)
✔ [9101/9225] Built OAI.Geometry.Convex.GeneralMahler.Scalar.Run360 (162s)
✔ [9102/9225] Built OAI.Geometry.Convex.GeneralMahler.Scalar.Run380 (162s)
✔ [9103/9225] Built OAI.Geometry.Convex.GeneralMahler.Scalar.Run200 (237s)
✔ [9104/9225] Built OAI.Geometry.Convex.GeneralMahler.Scalar.Run220 (237s)
✔ [9105/9225] Built OAI.Geometry.Convex.GeneralMahler.Scalar.Run240 (265s)
✔ [9106/9225] Built OAI.Geometry.Convex.GeneralMahler.Scalar.Run260 (265s)
✔ [9107/9225] Built OAI.Geometry.Convex.GeneralMahler.Scalar.Run180 (248s)
✔ [9108/9225] Built OAI.Geometry.Convex.GeneralMahler.Scalar.Run120 (261s)
✔ [9109/9225] Built OAI.Geometry.Convex.GeneralMahler.Scalar.Run160 (262s)
✔ [9110/9225] Built OAI.Geometry.Convex.GeneralMahler.Scalar.Run140 (262s)
✔ [9111/9225] Built OAI.Geometry.Convex.GeneralMahler.Scalar.Run720 (23s)
✔ [9112/9225] Built OAI.Geometry.Convex.GeneralMahler.Scalar.Tail.PassTail (25s)
✔ [9113/9225] Built OAI.Geometry.Convex.GeneralMahler.Scalar.Run0 (127s)
✔ [9114/9225] Built OAI.Geometry.Convex.GeneralMahler.Scalar.Run20 (141s)
✔ [9115/9225] Built OAI.Geometry.Convex.GeneralMahler.Scalar.Run40 (152s)
✔ [9116/9225] Built OAI.Geometry.Convex.GeneralMahler.Scalar.Run60 (153s)
✔ [9117/9225] Built OAI.Geometry.Convex.GeneralMahler.Rigid.Support (116s)
✔ [9118/9225] Built OAI.Geometry.Convex.GeneralMahler.Scalar.Universal (114s)
✔ [9119/9225] Built OAI.Geometry.Convex.GeneralMahler.Scalar.Run80 (165s)
✔ [9120/9225] Built OAI.Geometry.Convex.GeneralMahler.Scalar.Run100 (166s)
✔ [9121/9225] Built OAI.Geometry.Convex.GeneralMahler.Scalar.AllNodes (18s)
✔ [9122/9225] Built OAI.Geometry.Convex.GeneralMahler.Rigid.Rays (21s)
✔ [9123/9225] Built OAI.Geometry.Convex.GeneralMahler.Scalar.Integr (20s)
✔ [9124/9225] Built OAI.Geometry.Convex.GeneralMahler.Scalar.LayerProof (23s)
✔ [9125/9225] Built OAI.Geometry.Convex.GeneralMahler.Segment.Mean (11s)
✔ [9126/9225] Built OAI.Geometry.Convex.GeneralMahler.Segment.Stats (11s)
✔ [9127/9225] Built OAI.Geometry.Convex.GeneralMahler.Laplace (17s)
✔ [9128/9225] Built OAI.Geometry.Convex.GeneralMahler.Segment.Cost (12s)
✔ [9129/9225] Built OAI.Geometry.Convex.GeneralMahler.Middle.Bound2 (12s)
✔ [9130/9225] Built OAI.Geometry.Convex.GeneralMahler.Segment.Chord (12s)
✔ [9131/9225] Built OAI.Geometry.Convex.GeneralMahler.Middle.Traversal (12s)
✔ [9132/9225] Built OAI.Geometry.Convex.GeneralMahler.Segment.Omega (12s)
✔ [9133/9225] Built OAI.Geometry.Convex.GeneralMahler.Segment.Phase (17s)
✔ [9134/9225] Built OAI.Geometry.Convex.GeneralMahler.Middle.Ratio (9.7s)
✔ [9135/9225] Built OAI.Geometry.Convex.GeneralMahler.Middle.Features (10s)
✔ [9136/9225] Built OAI.Geometry.Convex.GeneralMahler.Segment.Small (11s)
✔ [9137/9225] Built OAI.Geometry.Convex.GeneralMahler.Middle.Trap (13s)
✔ [9138/9225] Built OAI.Geometry.Convex.GeneralMahler.Middle.Poly (15s)
✔ [9139/9225] Built OAI.Geometry.Convex.GeneralMahler.Segment.Disp (14s)
✔ [9140/9225] Built OAI.Geometry.Convex.GeneralMahler.Segment.FarArc (19s)
✔ [9141/9225] Built OAI.Geometry.Convex.GeneralMahler.Middle.Identity (11s)
✔ [9142/9225] Built OAI.Geometry.Convex.GeneralMahler.Segment.First (10s)
✔ [9143/9225] Built OAI.Geometry.Convex.GeneralMahler.Middle.Prefix (8.8s)
✔ [9144/9225] Built OAI.Geometry.Convex.GeneralMahler.Middle.Cells (8.3s)
✔ [9145/9225] Built OAI.Geometry.Convex.GeneralMahler.Segment.Short (19s)
✔ [9146/9225] Built OAI.Geometry.Convex.GeneralMahler.Middle.Tiles (7.6s)
✔ [9147/9225] Built OAI.Geometry.Convex.GeneralMahler.Segment.Average (8.5s)
✔ [9148/9225] Built OAI.Geometry.Convex.GeneralMahler.Segment.Distant (14s)
✔ [9149/9225] Built OAI.Geometry.Convex.GeneralMahler.Middle.Tab (19s)
✔ [9150/9225] Built OAI.Geometry.Convex.GeneralMahler.Middle.Verified (22s)
✔ [9151/9225] Built OAI.Geometry.Convex.GeneralMahler.Segment.Positive (29s)
✔ [9152/9225] Built OAI.Geometry.Convex.GeneralMahler.Middle.Rfalse29 (40s)
✔ [9153/9225] Built OAI.Geometry.Convex.GeneralMahler.Middle.Rfalse30 (40s)
✔ [9154/9225] Built OAI.Geometry.Convex.GeneralMahler.Middle.Rfalse31 (40s)
✔ [9155/9225] Built OAI.Geometry.Convex.GeneralMahler.Middle.Rfalse32 (40s)
✔ [9156/9225] Built OAI.Geometry.Convex.GeneralMahler.Middle.Rfalse33 (40s)
✔ [9157/9225] Built OAI.Geometry.Convex.GeneralMahler.Middle.Rfalse34 (40s)
✔ [9158/9225] Built OAI.Geometry.Convex.GeneralMahler.Middle.Rfalse28 (41s)
✔ [9159/9225] Built OAI.Geometry.Convex.GeneralMahler.Middle.Rfalse27 (38s)
✔ [9160/9225] Built OAI.Geometry.Convex.GeneralMahler.Middle.Rfalse19 (48s)
✔ [9161/9225] Built OAI.Geometry.Convex.GeneralMahler.Middle.Rfalse20 (52s)
✔ [9162/9225] Built OAI.Geometry.Convex.GeneralMahler.Middle.Rfalse21 (52s)
✔ [9163/9225] Built OAI.Geometry.Convex.GeneralMahler.Middle.Rfalse22 (52s)
✔ [9164/9225] Built OAI.Geometry.Convex.GeneralMahler.Middle.Rfalse23 (52s)
✔ [9165/9225] Built OAI.Geometry.Convex.GeneralMahler.Middle.Rfalse24 (52s)
✔ [9166/9225] Built OAI.Geometry.Convex.GeneralMahler.Middle.Rfalse25 (52s)
✔ [9167/9225] Built OAI.Geometry.Convex.GeneralMahler.Middle.Rfalse26 (52s)
✔ [9168/9225] Built OAI.Geometry.Convex.GeneralMahler.Middle.Rfalse15 (54s)
✔ [9169/9225] Built OAI.Geometry.Convex.GeneralMahler.Middle.Rfalse16 (54s)
✔ [9170/9225] Built OAI.Geometry.Convex.GeneralMahler.Middle.Rfalse17 (54s)
✔ [9171/9225] Built OAI.Geometry.Convex.GeneralMahler.Middle.Rfalse18 (54s)
✔ [9172/9225] Built OAI.Geometry.Convex.GeneralMahler.Middle.Rfalse14 (55s)
✔ [9173/9225] Built OAI.Geometry.Convex.GeneralMahler.Middle.Rfalse13 (56s)
✔ [9174/9225] Built OAI.Geometry.Convex.GeneralMahler.Middle.Rfalse12 (58s)
✔ [9175/9225] Built OAI.Geometry.Convex.GeneralMahler.Middle.Rfalse11 (60s)
✔ [9176/9225] Built OAI.Geometry.Convex.GeneralMahler.Middle.Rfalse4 (62s)
✔ [9177/9225] Built OAI.Geometry.Convex.GeneralMahler.Middle.Rfalse9 (66s)
✔ [9178/9225] Built OAI.Geometry.Convex.GeneralMahler.Middle.Rfalse10 (66s)
✔ [9179/9225] Built OAI.Geometry.Convex.GeneralMahler.Middle.Rfalse8 (66s)
✔ [9180/9225] Built OAI.Geometry.Convex.GeneralMahler.Middle.Rfalse5 (65s)
✔ [9181/9225] Built OAI.Geometry.Convex.GeneralMahler.Middle.Rfalse7 (68s)
✔ [9182/9225] Built OAI.Geometry.Convex.GeneralMahler.Middle.Rfalse3 (62s)
✔ [9183/9225] Built OAI.Geometry.Convex.GeneralMahler.Middle.Rfalse6 (68s)
✔ [9184/9225] Built OAI.Geometry.Convex.GeneralMahler.Middle.Rtrue30 (48s)
✔ [9185/9225] Built OAI.Geometry.Convex.GeneralMahler.Middle.Rtrue31 (49s)
✔ [9186/9225] Built OAI.Geometry.Convex.GeneralMahler.Middle.Rtrue32 (49s)
✔ [9187/9225] Built OAI.Geometry.Convex.GeneralMahler.Middle.Rtrue33 (49s)
✔ [9188/9225] Built OAI.Geometry.Convex.GeneralMahler.Middle.Rtrue34 (50s)
✔ [9189/9225] Built OAI.Geometry.Convex.GeneralMahler.Middle.Rfalse0 (73s)
✔ [9190/9225] Built OAI.Geometry.Convex.GeneralMahler.Middle.Rfalse2 (74s)
✔ [9191/9225] Built OAI.Geometry.Convex.GeneralMahler.Middle.Rfalse1 (74s)
✔ [9192/9225] Built OAI.Geometry.Convex.GeneralMahler.Middle.Rtrue25 (44s)
✔ [9193/9225] Built OAI.Geometry.Convex.GeneralMahler.Middle.Rtrue26 (44s)
✔ [9194/9225] Built OAI.Geometry.Convex.GeneralMahler.Middle.Rtrue27 (44s)
✔ [9195/9225] Built OAI.Geometry.Convex.GeneralMahler.Middle.Rtrue28 (44s)
✔ [9196/9225] Built OAI.Geometry.Convex.GeneralMahler.Middle.Rtrue29 (44s)
✔ [9197/9225] Built OAI.Geometry.Convex.GeneralMahler.Middle.Rtrue23 (34s)
✔ [9198/9225] Built OAI.Geometry.Convex.GeneralMahler.Middle.Rtrue24 (35s)
✔ [9199/9225] Built OAI.Geometry.Convex.GeneralMahler.Middle.Rtrue22 (34s)
✔ [9200/9225] Built OAI.Geometry.Convex.GeneralMahler.Middle.Rtrue17 (38s)
✔ [9201/9225] Built OAI.Geometry.Convex.GeneralMahler.Middle.Rtrue18 (38s)
✔ [9202/9225] Built OAI.Geometry.Convex.GeneralMahler.Middle.Rtrue19 (38s)
✔ [9203/9225] Built OAI.Geometry.Convex.GeneralMahler.Middle.Rtrue20 (38s)
✔ [9204/9225] Built OAI.Geometry.Convex.GeneralMahler.Middle.Rtrue21 (38s)
✔ [9205/9225] Built OAI.Geometry.Convex.GeneralMahler.Middle.Rtrue16 (37s)
✔ [9206/9225] Built OAI.Geometry.Convex.GeneralMahler.Middle.Rtrue14 (37s)
✔ [9207/9225] Built OAI.Geometry.Convex.GeneralMahler.Middle.Rtrue15 (37s)
✔ [9208/9225] Built OAI.Geometry.Convex.GeneralMahler.Middle.Rtrue13 (40s)
✔ [9209/9225] Built OAI.Geometry.Convex.GeneralMahler.Middle.Rtrue12 (40s)
✔ [9210/9225] Built OAI.Geometry.Convex.GeneralMahler.Middle.Rtrue9 (40s)
✔ [9211/9225] Built OAI.Geometry.Convex.GeneralMahler.Middle.Rtrue10 (40s)
✔ [9212/9225] Built OAI.Geometry.Convex.GeneralMahler.Middle.Rtrue11 (40s)
✔ [9213/9225] Built OAI.Geometry.Convex.GeneralMahler.Middle.Rtrue8 (39s)
✔ [9214/9225] Built OAI.Geometry.Convex.GeneralMahler.Middle.Rtrue7 (38s)
✔ [9215/9225] Built OAI.Geometry.Convex.GeneralMahler.Middle.Rtrue6 (39s)
✔ [9216/9225] Built OAI.Geometry.Convex.GeneralMahler.Segment.All (16s)
✔ [9217/9225] Built OAI.Geometry.Convex.GeneralMahler.Middle.Rtrue5 (38s)
✔ [9218/9225] Built OAI.Geometry.Convex.GeneralMahler.Middle.Rtrue4 (40s)
✔ [9219/9225] Built OAI.Geometry.Convex.GeneralMahler.Middle.Rtrue3 (40s)
✔ [9220/9225] Built OAI.Geometry.Convex.GeneralMahler.Middle.Rtrue2 (40s)
✔ [9221/9225] Built OAI.Geometry.Convex.GeneralMahler.Middle.Rtrue1 (43s)
✔ [9222/9225] Built OAI.Geometry.Convex.GeneralMahler.Middle.Rtrue0 (39s)
✔ [9223/9225] Built OAI.Geometry.Convex.GeneralMahler.Middle.Good (5.9s)
✔ [9224/9225] Built OAI.Geometry.Convex.GeneralMahler.Main (5.6s)
✔ [9225/9225] Built OAI.Geometry.Convex.GeneralMahler.Theorem (5.4s)
Build completed successfully (9225 jobs).
== build rc=0 seconds=2151
{"theorems": ["OAI.GeneralMahler.general_mahler"], "defs": ["OAI.GeneralMahler.Rn", "OAI.GeneralMahler.polarAt", "OAI.GeneralMahler.volumeProduct"], "json_theorems": ["OAI.GeneralMahler.general_mahler"], "missing_from_parse": []}
TYPES/DEFS DIFFER GeneralMahler
1,5d0
< /Users/shannon/cc/math/math/lean/Scratch/Challenge_GeneralMahler.lean:24:8:
< warning:
< declaration
< uses
< `sorry`
AXIOMS: 'OAI.GeneralMahler.general_mahler' depends on axioms: [propext, Classical.choice, Quot.sound] 
== end=2026-10-09T15:57:38Z
