== GroupRingDeterminant  module=OAI.Analysis.GroupDeterminants.Main  start=2026-10-09T02:39:50Z
warning: PrimeNumberTheoremAnd: repository '/Users/shannon/cc/math/math/lean/.lake/packages/PrimeNumberTheoremAnd' has local changes
warning: belyi: repository '/Users/shannon/cc/math/math/lean/.lake/packages/belyi' has local changes
warning: formal-schemes: repository '/Users/shannon/cc/math/math/lean/.lake/packages/formal-schemes' has local changes
warning: elliptic-curves: repository '/Users/shannon/cc/math/math/lean/.lake/packages/elliptic-curves' has local changes
warning: tempered-fundamental-groups: repository '/Users/shannon/cc/math/math/lean/.lake/packages/tempered-fundamental-groups' has local changes
warning: oka: repository '/Users/shannon/cc/math/math/lean/.lake/packages/oka' has local changes
warning: orbicurve-cores: repository '/Users/shannon/cc/math/math/lean/.lake/packages/orbicurve-cores' has local changes
warning: pi1: repository '/Users/shannon/cc/math/math/lean/.lake/packages/pi1' has local changes
warning: heights: repository '/Users/shannon/cc/math/math/lean/.lake/packages/heights' has local changes
warning: genl: repository '/Users/shannon/cc/math/math/lean/.lake/packages/genl' has local changes
warning: tate-curves-theta: repository '/Users/shannon/cc/math/math/lean/.lake/packages/tate-curves-theta' has local changes
warning: iut: repository '/Users/shannon/cc/math/math/lean/.lake/packages/iut' has local changes
warning: gromov: repository '/Users/shannon/cc/math/math/lean/.lake/packages/gromov' has local changes
warning: SphereEversion: repository '/Users/shannon/cc/math/math/lean/.lake/packages/SphereEversion' has local changes
warning: schoenflies-lean: repository '/Users/shannon/cc/math/math/lean/.lake/packages/schoenflies-lean' has local changes
warning: ClassFieldTheory: repository '/Users/shannon/cc/math/math/lean/.lake/packages/ClassFieldTheory' has local changes
warning: AINTLIB: repository '/Users/shannon/cc/math/math/lean/.lake/packages/AINTLIB' has local changes
warning: AbsorptionCutoff: repository '/Users/shannon/cc/math/math/lean/.lake/packages/AbsorptionCutoff' has local changes
warning: StrongPNT: repository '/Users/shannon/cc/math/math/lean/.lake/packages/StrongPNT' has local changes
warning: carleson: repository '/Users/shannon/cc/math/math/lean/.lake/packages/carleson' has local changes
warning: rellich-kondrachov: repository '/Users/shannon/cc/math/math/lean/.lake/packages/rellich-kondrachov' has local changes
warning: Zeta3Irrational: repository '/Users/shannon/cc/math/math/lean/.lake/packages/Zeta3Irrational' has local changes
warning: fixed-point-theorems: repository '/Users/shannon/cc/math/math/lean/.lake/packages/fixed-point-theorems' has local changes
✔ [9045/9078] Built OAI.Analysis.GroupDeterminants.Model (24s)
✔ [9046/9078] Built OAI.Analysis.GroupDeterminants.Defects (7.0s)
✔ [9047/9078] Built OAI.Analysis.GroupDeterminants.ModularLifting (5.2s)
✔ [9048/9078] Built OAI.Analysis.GroupDeterminants.RegularOperators (6.3s)
✔ [9049/9078] Built OAI.Analysis.GroupDeterminants.TransferAlgebra (6.5s)
✔ [9050/9078] Built OAI.Analysis.GroupDeterminants.RegularTrace (5.7s)
✔ [9051/9078] Built OAI.Analysis.GroupDeterminants.IntegralTransfer (6.6s)
✔ [9052/9078] Built OAI.Analysis.GroupDeterminants.ComplexRepresentation (9.7s)
✔ [9053/9078] Built OAI.Analysis.GroupDeterminants.RegularAdjoint (9.3s)
✔ [9054/9078] Built OAI.Analysis.GroupDeterminants.ProjectionLog (6.4s)
✔ [9055/9078] Built OAI.Analysis.GroupDeterminants.ClosedAlgebra (14s)
✔ [9056/9078] Built OAI.Analysis.GroupDeterminants.FiniteFields (7.9s)
✔ [9057/9078] Built OAI.Analysis.GroupDeterminants.LogSeries (8.4s)
✔ [9058/9078] Built OAI.Analysis.GroupDeterminants.TraceLog (8.6s)
✔ [9059/9078] Built OAI.Analysis.GroupDeterminants.ClosedTrace (17s)
✔ [9060/9078] Built OAI.Analysis.GroupDeterminants.WeightedProjections (6.0s)
✔ [9061/9078] Built OAI.Analysis.GroupDeterminants.GroupAlgebraStar (6.2s)
✔ [9062/9078] Built OAI.Analysis.GroupDeterminants.CyclicAverage (6.1s)
✔ [9063/9078] Built OAI.Analysis.GroupDeterminants.ProductSupport (7.2s)
✔ [9064/9078] Built OAI.Analysis.GroupDeterminants.Lamps (7.6s)
✔ [9065/9078] Built OAI.Analysis.GroupDeterminants.LampProjections (10s)
✔ [9066/9078] Built OAI.Analysis.GroupDeterminants.LampCoefficients (10s)
✔ [9067/9078] Built OAI.Analysis.GroupDeterminants.LampDenominators (8.3s)
✔ [9068/9078] Built OAI.Analysis.GroupDeterminants.BinaryMatrices (6.5s)
✔ [9069/9078] Built OAI.Analysis.GroupDeterminants.DefectProjections (6.6s)
✔ [9070/9078] Built OAI.Analysis.GroupDeterminants.ProjectionData (7.5s)
✔ [9071/9078] Built OAI.Analysis.GroupDeterminants.IndexedRepresentation (7.2s)
✔ [9072/9078] Built OAI.Analysis.GroupDeterminants.WeightedTrace (13s)
✔ [9073/9078] Built OAI.Analysis.GroupDeterminants.ShearTrace (6.2s)
✔ [9074/9078] Built OAI.Analysis.GroupDeterminants.TransferTrace (17s)
✔ [9075/9078] Built OAI.Analysis.GroupDeterminants.RationalRepresentation (5.1s)
✔ [9076/9078] Built OAI.Analysis.GroupDeterminants.ProjectionCriterion (5.3s)
✔ [9077/9078] Built OAI.Analysis.GroupDeterminants.CompanionTransfer (4.8s)
✔ [9078/9078] Built OAI.Analysis.GroupDeterminants.Main (4.9s)
Build completed successfully (9078 jobs).
== build rc=0 seconds=333
{"theorems": ["OAI.GroupRingDeterminant.main"], "defs": ["OAI.GroupRingDeterminant.Hilbert", "OAI.GroupRingDeterminant.identityVector", "OAI.GroupRingDeterminant.groupTrace", "OAI.GroupRingDeterminant.fkDet", "OAI.GroupRingDeterminant.IsRegularOperator", "OAI.GroupRingDeterminant.rationalMatrix", "OAI.GroupRingDeterminant.MainStatement"], "json_theorems": ["OAI.GroupRingDeterminant.main"], "missing_from_parse": []}
TYPES/DEFS DIFFER GroupRingDeterminant
1,5d0
< /Users/shannon/cc/math/math/lean/Scratch/Challenge_GroupRingDeterminant.lean:52:8:
< warning:
< declaration
< uses
< `sorry`
AXIOMS: 'OAI.GroupRingDeterminant.main' depends on axioms: [propext, Classical.choice, Quot.sound] 
== end=2026-10-09T02:46:12Z
