== HardSphere  module=OAI.Analysis.HardSphere.Main  start=2026-10-09T03:47:07Z
warning: PrimeNumberTheoremAnd: repository '/Users/shannon/cc/math/math/lean/.lake/packages/PrimeNumberTheoremAnd' has local changes
warning: belyi: repository '/Users/shannon/cc/math/math/lean/.lake/packages/belyi' has local changes
warning: formal-schemes: repository '/Users/shannon/cc/math/math/lean/.lake/packages/formal-schemes' has local changes
warning: elliptic-curves: repository '/Users/shannon/cc/math/math/lean/.lake/packages/elliptic-curves' has local changes
warning: tempered-fundamental-groups: repository '/Users/shannon/cc/math/math/lean/.lake/packages/tempered-fundamental-groups' has local changes
warning: oka: repository '/Users/shannon/cc/math/math/lean/.lake/packages/oka' has local changes
warning: orbicurve-cores: repository '/Users/shannon/cc/math/math/lean/.lake/packages/orbicurve-cores' has local changes
warning: pi1: repository '/Users/shannon/cc/math/math/lean/.lake/packages/pi1' has local changes
warning: heights: repository '/Users/shannon/cc/math/math/lean/.lake/packages/heights' has local changes
warning: genl: repository '/Users/shannon/cc/math/math/lean/.lake/packages/genl' has local changes
warning: tate-curves-theta: repository '/Users/shannon/cc/math/math/lean/.lake/packages/tate-curves-theta' has local changes
warning: iut: repository '/Users/shannon/cc/math/math/lean/.lake/packages/iut' has local changes
warning: gromov: repository '/Users/shannon/cc/math/math/lean/.lake/packages/gromov' has local changes
warning: SphereEversion: repository '/Users/shannon/cc/math/math/lean/.lake/packages/SphereEversion' has local changes
warning: schoenflies-lean: repository '/Users/shannon/cc/math/math/lean/.lake/packages/schoenflies-lean' has local changes
warning: ClassFieldTheory: repository '/Users/shannon/cc/math/math/lean/.lake/packages/ClassFieldTheory' has local changes
warning: AINTLIB: repository '/Users/shannon/cc/math/math/lean/.lake/packages/AINTLIB' has local changes
warning: AbsorptionCutoff: repository '/Users/shannon/cc/math/math/lean/.lake/packages/AbsorptionCutoff' has local changes
warning: StrongPNT: repository '/Users/shannon/cc/math/math/lean/.lake/packages/StrongPNT' has local changes
warning: carleson: repository '/Users/shannon/cc/math/math/lean/.lake/packages/carleson' has local changes
warning: rellich-kondrachov: repository '/Users/shannon/cc/math/math/lean/.lake/packages/rellich-kondrachov' has local changes
warning: Zeta3Irrational: repository '/Users/shannon/cc/math/math/lean/.lake/packages/Zeta3Irrational' has local changes
warning: fixed-point-theorems: repository '/Users/shannon/cc/math/math/lean/.lake/packages/fixed-point-theorems' has local changes
✔ [8923/9068] Built OAI.Analysis.HardSphere.Orbitals.StrongContractionLimitDense (38s)
✔ [8924/9068] Built OAI.Analysis.HardSphere.Geometry.FinsetEraseRecursion (38s)
✔ [8925/9068] Built OAI.Analysis.HardSphere.Kernels.FiniteKernelPi (38s)
✔ [8926/9068] Built OAI.Analysis.HardSphere.Kernels.ParameterSuccess (38s)
✔ [8927/9068] Built OAI.Analysis.HardSphere.Capacity.IntegralMulSq (39s)
✔ [8928/9068] Built OAI.Analysis.HardSphere.Geometry.LocalCheck (39s)
✔ [8929/9068] Built OAI.Analysis.HardSphere.Geometry.Point (39s)
✔ [8930/9068] Built OAI.Analysis.HardSphere.Comparison.LaplaceIntegrand (40s)
✔ [8931/9068] Built OAI.Analysis.HardSphere.Operators.TransitionDerivative (28s)
✔ [8932/9068] Built OAI.Analysis.HardSphere.Cutoffs.Failure (29s)
✔ [8933/9068] Built OAI.Analysis.HardSphere.Allocation.NormalizedNearestSeparated (29s)
✔ [8934/9068] Built OAI.Analysis.HardSphere.Cutoffs.ChordLift (29s)
✔ [8935/9068] Built OAI.Analysis.HardSphere.Bridges.Index (30s)
✔ [8936/9068] Built OAI.Analysis.HardSphere.Geometry.NormSqLpIntegral (32s)
✔ [8937/9068] Built OAI.Analysis.HardSphere.Operators.Regularize (32s)
✔ [8938/9068] Built OAI.Analysis.HardSphere.Comparison.FDerivIntegral (32s)
✔ [8939/9082] Built OAI.Analysis.HardSphere.Kernels.ParameterPair (36s)
✔ [8940/9110] Built OAI.Analysis.HardSphere.Bridges.Moment8 (32s)
✔ [8941/9119] Built OAI.Analysis.HardSphere.Geometry.RadialIndicator (36s)
✔ [8942/9119] Built OAI.Analysis.HardSphere.Geometry.AuxiliaryChecks (38s)
✔ [8943/9122] Built OAI.Analysis.HardSphere.Bridges.PartialIndex (35s)
✔ [8944/9122] Built OAI.Analysis.HardSphere.Cutoffs.ThreeTorus (35s)
✔ [8945/9122] Built OAI.Analysis.HardSphere.Operators.SemigroupLaplaceDerivWithin (37s)
✔ [8946/9122] Built OAI.Analysis.HardSphere.CondensationDefinitions (49s)
✔ [8947/9122] Built OAI.Analysis.HardSphere.Bridges.ReverseTime (40s)
✔ [8948/9122] Built OAI.Analysis.HardSphere.Geometry.ParticleGradSq (42s)
✔ [8949/9125] Built OAI.Analysis.HardSphere.Kernels.TrialKernel (40s)
✔ [8950/9135] Built OAI.Analysis.HardSphere.Bridges.PrefixMap (40s)
✔ [8951/9135] Built OAI.Analysis.HardSphere.Bridges.WienerGaussian (30s)
✔ [8952/9135] Built OAI.Analysis.HardSphere.Geometry.Vertex (43s)
✔ [8953/9135] Built OAI.Analysis.HardSphere.Geometry.BadGraph (43s)
✔ [8954/9135] Built OAI.Analysis.HardSphere.Comparison.ConditionalLikelihood (41s)
✔ [8955/9135] Built OAI.Analysis.HardSphere.Model (38s)
✔ [8956/9135] Built OAI.Analysis.HardSphere.Conditioning.LintegralReferenceMeasure (37s)
✔ [8957/9135] Built OAI.Analysis.HardSphere.Comparison.ActiveLabels (38s)
✔ [8958/9135] Built OAI.Analysis.HardSphere.Conditioning.RouteObservation (38s)
✔ [8959/9137] Built OAI.Analysis.HardSphere.Kernels.KernelDensity (37s)
✔ [8960/9155] Built OAI.Analysis.HardSphere.Geometry.DiscreteTorus (38s)
✔ [8961/9156] Built OAI.Analysis.HardSphere.Geometry.StarOffsets (39s)
✔ [8962/9156] Built OAI.Analysis.HardSphere.Conditioning.Sampling (42s)
✔ [8963/9156] Built OAI.Analysis.HardSphere.Collisions.InsertionProducer (41s)
✔ [8964/9158] Built OAI.Analysis.HardSphere.FormDomain.Energy (43s)
✔ [8965/9159] Built OAI.Analysis.HardSphere.Thermodynamics.CutoffAsymptotics (43s)
✔ [8966/9159] Built OAI.Analysis.HardSphere.Geometry.RoundBox (40s)
✔ [8967/9165] Built OAI.Analysis.HardSphere.Geometry.SubcubeBase (45s)
✔ [8968/9173] Built OAI.Analysis.HardSphere.FormDomain.Basic (45s)
✔ [8969/9173] Built OAI.Analysis.HardSphere.Cutoffs.Near (45s)
✔ [8970/9173] Built OAI.Analysis.HardSphere.Geometry.CoordinateLine (47s)
✔ [8971/9173] Built OAI.Analysis.HardSphere.Kernels.KernelPi (41s)
✔ [8972/9173] Built OAI.Analysis.HardSphere.Comparison.PiAC (39s)
✔ [8973/9181] Built OAI.Analysis.HardSphere.FormDomain.EnergyParallelogram (40s)
✔ [8974/9181] Built OAI.Analysis.HardSphere.Geometry.LiftedBadComponent (40s)
✔ [8975/9181] Built OAI.Analysis.HardSphere.Comparison.FiberNormalize (40s)
✔ [8976/9181] Built OAI.Analysis.HardSphere.Geometry.LocalAE (39s)
✔ [8977/9181] Built OAI.Analysis.HardSphere.Geometry.FirstVariation (37s)
✔ [8978/9181] Built OAI.Analysis.HardSphere.Density.DensityOperators (46s)
✔ [8979/9181] Built OAI.Analysis.HardSphere.Thermodynamics.FiniteScaledBox (58s)
✔ [8980/9195] Built OAI.Analysis.HardSphere.Density.DensityBounds (51s)
✔ [8981/9195] Built OAI.Analysis.HardSphere.Comparison.PermutationPullbackComp (58s)
✔ [8982/9203] Built OAI.Analysis.HardSphere.Thermodynamics.ThermodynamicCalibration (60s)
✔ [8983/9205] Built OAI.Analysis.HardSphere.Geometry.PointFin (61s)
✔ [8984/9232] Built OAI.Analysis.HardSphere.Conditioning.PhaseTransfer (62s)
✔ [8985/9232] Built OAI.Analysis.HardSphere.Geometry.TestVector (63s)
✔ [8986/9232] Built OAI.Analysis.HardSphere.Orbitals.FieldApply (65s)
✔ [8987/9236] Built OAI.Analysis.HardSphere.Conditioning.RestrictedMeasure (39s)
✔ [8988/9236] Built OAI.Analysis.HardSphere.FormDomain.RmsPermuteFunBosonic (39s)
✔ [8989/9245] Built OAI.Analysis.HardSphere.Comparison.LabelMoment (43s)
✔ [8990/9245] Built OAI.Analysis.HardSphere.Collisions.Insertion (41s)
✔ [8991/9247] Built OAI.Analysis.HardSphere.Paths.Index (46s)
✔ [8992/9247] Built OAI.Analysis.HardSphere.Geometry.BinaryValue (48s)
✔ [8993/9247] Built OAI.Analysis.HardSphere.Density.DensityLinearity (53s)
✔ [8994/9247] Built OAI.Analysis.HardSphere.FormDomain.HilbertJet (59s)
✔ [8995/9247] Built OAI.Analysis.HardSphere.Conditioning.FiberDisintegrate (40s)
✔ [8996/9247] Built OAI.Analysis.HardSphere.Allocation.TargetSupply (38s)
✔ [8997/9247] Built OAI.Analysis.HardSphere.Comparison.PartialLabelMoment (41s)
✔ [8998/9247] Built OAI.Analysis.HardSphere.Paths.TimeGaps (39s)
✔ [8999/9247] Built OAI.Analysis.HardSphere.Cutoffs.Regularize (44s)
✔ [9000/9248] Built OAI.Analysis.HardSphere.Geometry.Sigma (30s)
✔ [9001/9248] Built OAI.Analysis.HardSphere.Cutoffs.Mesh (36s)
✔ [9002/9248] Built OAI.Analysis.HardSphere.Bridges.NumericalSupply (44s)
✔ [9003/9248] Built OAI.Analysis.HardSphere.Geometry.ScalarNormSqIntegral (32s)
✔ [9004/9257] Built OAI.Analysis.HardSphere.Geometry.MicroCubeCover (36s)
✔ [9005/9257] Built OAI.Analysis.HardSphere.Conditioning.ProductExpose (34s)
✔ [9006/9262] Built OAI.Analysis.HardSphere.Cutoffs.DifferentialFormula (32s)
✔ [9007/9262] Built OAI.Analysis.HardSphere.Paths.NearPotential (35s)
✔ [9008/9262] Built OAI.Analysis.HardSphere.Density.GroundSpace (44s)
✔ [9009/9265] Built OAI.Analysis.HardSphere.Geometry.HeatScalar (47s)
✔ [9010/9265] Built OAI.Analysis.HardSphere.Geometry.ConfigurationPath (48s)
✔ [9011/9265] Built OAI.Analysis.HardSphere.FormDomain.AeGradientPhase (36s)
✔ [9012/9266] Built OAI.Analysis.HardSphere.Geometry.BadComponent (39s)
✔ [9013/9266] Built OAI.Analysis.HardSphere.Conditioning.ProductNormalize (39s)
✔ [9014/9266] Built OAI.Analysis.HardSphere.Conditioning.ConditionedCommon (27s)
✔ [9015/9266] Built OAI.Analysis.HardSphere.Geometry.PairHistory (42s)
✔ [9016/9266] Built OAI.Analysis.HardSphere.Paths.LevelList (36s)
✔ [9017/9266] Built OAI.Analysis.HardSphere.Operators.CompactFormCutoff (41s)
✔ [9018/9266] Built OAI.Analysis.HardSphere.Fourier.ArgumentAdd (51s)
✔ [9019/9266] Built OAI.Analysis.HardSphere.Bridges.BridgeResidual (51s)
✔ [9020/9269] Built OAI.Analysis.HardSphere.Bridges.NormalizedPrefix (51s)
✔ [9021/9269] Built OAI.Analysis.HardSphere.Geometry.SmoothMultiplier (48s)
✔ [9022/9269] Built OAI.Analysis.HardSphere.Bridges.Geometry (91s)
✔ [9023/9269] Built OAI.Analysis.HardSphere.Geometry.NormSqIntegral (50s)
✔ [9024/9269] Built OAI.Analysis.HardSphere.Conditioning.ReverseConfigurationPath (47s)
✔ [9025/9269] Built OAI.Analysis.HardSphere.Cutoffs.RegularizationWeight (63s)
✔ [9026/9269] Built OAI.Analysis.HardSphere.Comparison.IntegratedFiber (67s)
✔ [9027/9269] Built OAI.Analysis.HardSphere.Conditioning.PhaseMeasure (57s)
✔ [9028/9269] Built OAI.Analysis.HardSphere.Collisions.PartialPhysicalLaw (68s)
✔ [9029/9269] Built OAI.Analysis.HardSphere.Comparison.ExactFiberLikelihood (68s)
✔ [9030/9269] Built OAI.Analysis.HardSphere.Paths.SkeletonHitConstant (68s)
✔ [9031/9269] Built OAI.Analysis.HardSphere.Geometry.RadiusPotential (72s)
✔ [9032/9269] Built OAI.Analysis.HardSphere.Operators.FreeTransition (66s)
✔ [9033/9269] Built OAI.Analysis.HardSphere.Geometry.JoinConfiguration (80s)
✔ [9034/9269] Built OAI.Analysis.HardSphere.Geometry.CoordinateLineConsSucc (38s)
✔ [9035/9269] Built OAI.Analysis.HardSphere.FormDomain.Slice (27s)
✔ [9036/9269] Built OAI.Analysis.HardSphere.Cutoffs.SmoothCutoff (31s)
✔ [9037/9269] Built OAI.Analysis.HardSphere.Geometry.FrozenChecks (39s)
✔ [9038/9269] Built OAI.Analysis.HardSphere.Bridges.BridgeSplit (40s)
✔ [9039/9269] Built OAI.Analysis.HardSphere.Geometry.InnerClmRealRight (35s)
✔ [9040/9270] Built OAI.Analysis.HardSphere.Bridges.GaussianPacking (44s)
✔ [9041/9277] Built OAI.Analysis.HardSphere.PathBounds.ConfigurationTailLp (46s)
✔ [9042/9277] Built OAI.Analysis.HardSphere.FormDomain.DirichletScalarInjective (28s)
✔ [9043/9277] Built OAI.Analysis.HardSphere.Comparison.LocalMoment (34s)
✔ [9044/9277] Built OAI.Analysis.HardSphere.Collisions.IntegrableCompInsertNth (38s)
✔ [9045/9277] Built OAI.Analysis.HardSphere.Geometry.KilledObservable (41s)
✔ [9046/9277] Built OAI.Analysis.HardSphere.Geometry.AvoidanceReflectionNorm (41s)
✔ [9047/9280] Built OAI.Analysis.HardSphere.Bridges.PhaseBridge (43s)
✔ [9048/9280] Built OAI.Analysis.HardSphere.Geometry.GeneratorScalar (43s)
✔ [9049/9280] Built OAI.Analysis.HardSphere.Fourier.CharacterDerivativeFactor (44s)
✔ [9050/9280] Built OAI.Analysis.HardSphere.FormDomain.RayleighLarger (25s)
✔ [9051/9280] Built OAI.Analysis.HardSphere.Conditioning.SupportedPair (26s)
✔ [9052/9280] Built OAI.Analysis.HardSphere.Geometry.CoeScalar (33s)
✔ [9053/9280] Built OAI.Analysis.HardSphere.Geometry.IntegralConfigurationCons (29s)
✔ [9054/9280] Built OAI.Analysis.HardSphere.Bridges.BridgeMoment (33s)
✔ [9055/9280] Built OAI.Analysis.HardSphere.Bridges.GaussianDensity (33s)
✔ [9056/9280] Built OAI.Analysis.HardSphere.Geometry.TorusLiftBox (30s)
✔ [9057/9280] Built OAI.Analysis.HardSphere.Conditioning.ReferenceResample (29s)
✔ [9058/9280] Built OAI.Analysis.HardSphere.Operators.KilledTransitionContinuousAe (36s)
✔ [9059/9280] Built OAI.Analysis.HardSphere.Bridges.WienerStart (37s)
✔ [9060/9280] Built OAI.Analysis.HardSphere.Bridges.TorusLocalBridge (37s)
✔ [9061/9280] Built OAI.Analysis.HardSphere.Operators.KilledTransitionAdd (39s)
✔ [9062/9280] Built OAI.Analysis.HardSphere.Fourier.FreeCompactForm (37s)
✔ [9063/9280] Built OAI.Analysis.HardSphere.PathBounds.PathTailConstant (37s)
✔ [9064/9280] Built OAI.Analysis.HardSphere.FormDomain.EnergyInsertionJet (38s)
✔ [9065/9280] Built OAI.Analysis.HardSphere.Bridges.GaussianMixture (38s)
✔ [9066/9280] Built OAI.Analysis.HardSphere.Geometry.RealComp (39s)
✔ [9067/9280] Built OAI.Analysis.HardSphere.Collisions.NormalizedInsertion (35s)
✔ [9068/9280] Built OAI.Analysis.HardSphere.Geometry.FinsetProd (38s)
✔ [9069/9280] Built OAI.Analysis.HardSphere.Geometry.KilledAverage (36s)
✔ [9070/9280] Built OAI.Analysis.HardSphere.Geometry.HeadLift (37s)
✔ [9071/9282] Built OAI.Analysis.HardSphere.Comparison.SafeMass (37s)
✔ [9072/9282] Built OAI.Analysis.HardSphere.Geometry.RawAngleLift (40s)
✔ [9073/9282] Built OAI.Analysis.HardSphere.Kernels.ParametricTrial (36s)
✔ [9074/9282] Built OAI.Analysis.HardSphere.Geometry.NormalizationDerivative (42s)
✔ [9075/9288] Built OAI.Analysis.HardSphere.PathBounds.FiberDerivativeMulTailLocal (42s)
✔ [9076/9288] Built OAI.Analysis.HardSphere.Geometry.LabelLift (44s)
✔ [9077/9291] Built OAI.Analysis.HardSphere.Kernels.TrialObserved (45s)
✔ [9078/9291] Built OAI.Analysis.HardSphere.Bridges.BridgeNoise (46s)
✔ [9079/9291] Built OAI.Analysis.HardSphere.Orbitals.Bump (47s)
✔ [9080/9296] Built OAI.Analysis.HardSphere.Geometry.AllowedProjection (49s)
✔ [9081/9297] Built OAI.Analysis.HardSphere.Bridges.BridgeAssemble (50s)
✔ [9082/9318] Built OAI.Analysis.HardSphere.Comparison.RawAngleLiftSumSquares (42s)
✔ [9083/9318] Built OAI.Analysis.HardSphere.Conditioning.PairedChecks (44s)
✔ [9084/9318] Built OAI.Analysis.HardSphere.Conditioning.ExtraReference (40s)
✔ [9085/9335] Built OAI.Analysis.HardSphere.Geometry.ScalarPartitionIms (42s)
✔ [9086/9335] Built OAI.Analysis.HardSphere.Bridges.IncrementMoment (40s)
✔ [9087/9340] Built OAI.Analysis.HardSphere.Geometry.GraphLiftHeatBound (40s)
✔ [9088/9357] Built OAI.Analysis.HardSphere.Collisions.InsertionMassIntegrable (45s)
✔ [9089/9358] Built OAI.Analysis.HardSphere.Bridges.BridgeReference (41s)
✔ [9091/9389] Built OAI.Analysis.HardSphere.FormDomain.RawCutoffGradientIntegral (37s)
✔ [9092/9389] Built OAI.Analysis.HardSphere.Allocation.GroupJoint (37s)
✔ [9093/9389] Built OAI.Analysis.HardSphere.Comparison.FrozenLikelihood (36s)
✔ [9094/9389] Built OAI.Analysis.HardSphere.Cutoffs.RawAngleLift (37s)
✔ [9095/9389] Built OAI.Analysis.HardSphere.Bridges.AffineVolume (36s)
✔ [9096/9389] Built OAI.Analysis.HardSphere.Bridges.LocalReference (31s)
✔ [9097/9389] Built OAI.Analysis.HardSphere.Comparison.Affinity (34s)
✔ [9098/9389] Built OAI.Analysis.HardSphere.Operators.FreeResolventDenseRange (34s)
✔ [9099/9389] Built OAI.Analysis.HardSphere.Collisions.IteratedInsertion (36s)
✔ [9100/9389] Built OAI.Analysis.HardSphere.Bridges.SegmentMeasurable (36s)
✔ [9101/9389] Built OAI.Analysis.HardSphere.Comparison.ParameterTarget (36s)
✔ [9102/9389] Built OAI.Analysis.HardSphere.Conditioning.ConditionTransport (36s)
✔ [9103/9389] Built OAI.Analysis.HardSphere.Comparison.AffinityNormalization (36s)
✔ [9104/9389] Built OAI.Analysis.HardSphere.PathBounds.CertificateUnion (36s)
✔ [9105/9389] Built OAI.Analysis.HardSphere.Cutoffs.CloseLabels (36s)
✔ [9106/9389] Built OAI.Analysis.HardSphere.Comparison.KilledLaplace (36s)
✔ [9107/9389] Built OAI.Analysis.HardSphere.Comparison.CellAffinity (25s)
✔ [9108/9389] Built OAI.Analysis.HardSphere.Geometry.PartitionErrorIntegral (26s)
✔ [9109/9389] Built OAI.Analysis.HardSphere.Geometry.BufferedAllowed (25s)
✔ [9110/9389] Built OAI.Analysis.HardSphere.Bridges.SegmentSimplify (28s)
✔ [9111/9389] Built OAI.Analysis.HardSphere.Conditioning.PartialAlgebra (29s)
✔ [9112/9389] Built OAI.Analysis.HardSphere.Collisions.LocalInsertion (31s)
✔ [9113/9389] Built OAI.Analysis.HardSphere.Geometry.SelectedEnergyAddCompl (13s)
✔ [9114/9389] Built OAI.Analysis.HardSphere.Geometry.PositiveTimeSeqTendsto (12s)
✔ [9115/9389] Built OAI.Analysis.HardSphere.Collisions.InsertionCount (12s)
✔ [9116/9389] Built OAI.Analysis.HardSphere.Geometry.KilledEigenvector (11s)
✔ [9117/9389] Built OAI.Analysis.HardSphere.Geometry.DeficiencyPenalty (9.3s)
✔ [9118/9389] Built OAI.Analysis.HardSphere.Collisions.BalancedInsertion (8.8s)
✔ [9119/9389] Built OAI.Analysis.HardSphere.Operators.SemigroupLaplaceCommute (10s)
✔ [9120/9389] Built OAI.Analysis.HardSphere.Orbitals.Chi (8.3s)
✔ [9121/9389] Built OAI.Analysis.HardSphere.Operators.KilledTransitionFormHeat (8.0s)
✔ [9122/9389] Built OAI.Analysis.HardSphere.Orbitals.Chi2 (11s)
✔ [9123/9389] Built OAI.Analysis.HardSphere.Geometry.FilledRegion (12s)
✔ [9124/9389] Built OAI.Analysis.HardSphere.Operators.FormResolventNormEnergy (14s)
✔ [9125/9389] Built OAI.Analysis.HardSphere.Orbitals.Profile (12s)
✔ [9126/9389] Built OAI.Analysis.HardSphere.Geometry.StarGraph (13s)
✔ [9127/9389] Built OAI.Analysis.HardSphere.Geometry.SmallComponent (14s)
✔ [9128/9389] Built OAI.Analysis.HardSphere.Orbitals.Joint (11s)
✔ [9129/9389] Built OAI.Analysis.HardSphere.Geometry.EuclideanTorus (11s)
✔ [9130/9389] Built OAI.Analysis.HardSphere.Orbitals.Joint2 (11s)
✔ [9131/9389] Built OAI.Analysis.HardSphere.Geometry.CenteredCircleLift (12s)
✔ [9132/9389] Built OAI.Analysis.HardSphere.Geometry.RadiusLaw (13s)
✔ [9133/9389] Built OAI.Analysis.HardSphere.Orbitals.JointEmptyScalar (14s)
✔ [9134/9389] Built OAI.Analysis.HardSphere.Comparison.FiniteFiberSum (15s)
✔ [9135/9389] Built OAI.Analysis.HardSphere.Geometry.SpatialPartitionEnergy (15s)
✔ [9136/9389] Built OAI.Analysis.HardSphere.Geometry.GridCorner (17s)
✔ [9137/9389] Built OAI.Analysis.HardSphere.Geometry.InjectiveNear (14s)
✔ [9138/9389] Built OAI.Analysis.HardSphere.Geometry.MicroPeriod (14s)
✔ [9139/9389] Built OAI.Analysis.HardSphere.Geometry.SubsetPointLinear (15s)
✔ [9140/9389] Built OAI.Analysis.HardSphere.Thermodynamics.ScaledJointLowCounts (24s)
✔ [9141/9389] Built OAI.Analysis.HardSphere.Geometry.SqTwiceSqAbs (15s)
✔ [9142/9389] Built OAI.Analysis.HardSphere.Cutoffs.PathDiameter (16s)
✔ [9143/9389] Built OAI.Analysis.HardSphere.Capacity.SectorActiveCapacity (16s)
✔ [9144/9389] Built OAI.Analysis.HardSphere.Geometry.CubeCell (19s)
✔ [9145/9389] Built OAI.Analysis.HardSphere.Geometry.GroundPositionLaw (14s)
✔ [9146/9389] Built OAI.Analysis.HardSphere.FormDomain.AeSelfGradientSquare (23s)
✔ [9147/9389] Built OAI.Analysis.HardSphere.Cutoffs.MeshMoment (25s)
✔ [9148/9389] Built OAI.Analysis.HardSphere.Bridges.MeshLegHit (25s)
✔ [9149/9389] Built OAI.Analysis.HardSphere.Orbitals.CenteredCell (25s)
✔ [9150/9389] Built OAI.Analysis.HardSphere.Geometry.SmoothSiteWeight (25s)
✔ [9151/9389] Built OAI.Analysis.HardSphere.Geometry.SelectedUnitCellPenalty (27s)
✔ [9152/9389] Built OAI.Analysis.HardSphere.Geometry.GroundPathWeight (25s)
✔ [9153/9389] Built OAI.Analysis.HardSphere.Geometry.HalfShiftCover (27s)
✔ [9154/9389] Built OAI.Analysis.HardSphere.Bridges.MeshCollision (21s)
✔ [9155/9389] Built OAI.Analysis.HardSphere.Geometry.SliceNormSq (28s)
✔ [9156/9389] Built OAI.Analysis.HardSphere.Orbitals.CellPartition (28s)
✔ [9157/9389] Built OAI.Analysis.HardSphere.Geometry.PathPermutation (28s)
✔ [9158/9389] Built OAI.Analysis.HardSphere.Geometry.GridActivePenalty (28s)
✔ [9159/9389] Built OAI.Analysis.HardSphere.Conditioning.Phase (29s)
✔ [9160/9389] Built OAI.Analysis.HardSphere.Bridges.GroundBridge (31s)
✔ [9161/9389] Built OAI.Analysis.HardSphere.Thermodynamics.LowCountAbove (38s)
✔ [9162/9389] Built OAI.Analysis.HardSphere.Conditioning.BathPhase (15s)
✔ [9163/9389] Built OAI.Analysis.HardSphere.Thermodynamics.NearGridScale (16s)
✔ [9164/9389] Built OAI.Analysis.HardSphere.Orbitals.FreePathLawFiniteDeletion (18s)
✔ [9165/9389] Built OAI.Analysis.HardSphere.Bridges.BridgeBlocks (16s)
✔ [9166/9389] Built OAI.Analysis.HardSphere.Collisions.FirstCoordinate (12s)
✔ [9167/9389] Built OAI.Analysis.HardSphere.Geometry.LocalizedNearLabels (13s)
✔ [9168/9389] Built OAI.Analysis.HardSphere.Geometry.FreePathExpectation (15s)
✔ [9169/9389] Built OAI.Analysis.HardSphere.Geometry.UnitCenter (12s)
✔ [9170/9389] Built OAI.Analysis.HardSphere.Geometry.LocalCloseLabels (13s)
✔ [9171/9389] Built OAI.Analysis.HardSphere.Orbitals.SelectedDeletion (12s)
✔ [9172/9389] Built OAI.Analysis.HardSphere.PathBounds.LatticeExponentialSum (15s)
✔ [9173/9389] Built OAI.Analysis.HardSphere.Conditioning.PairCloseLabels (14s)
✔ [9174/9389] Built OAI.Analysis.HardSphere.Conditioning.UnitPairCount (15s)
✔ [9175/9389] Built OAI.Analysis.HardSphere.Geometry.FlattenLinear (18s)
✔ [9176/9389] Built OAI.Analysis.HardSphere.Allocation.FinsetSeparatedNet (14s)
✔ [9177/9389] Built OAI.Analysis.HardSphere.Geometry.AnimalFamily (15s)
✔ [9178/9389] Built OAI.Analysis.HardSphere.Conditioning.WeightedUnitPairCount (15s)
✔ [9179/9389] Built OAI.Analysis.HardSphere.Geometry.MollifiedCloseCountMultiplier (14s)
✔ [9180/9389] Built OAI.Analysis.HardSphere.Geometry.ParentStep (14s)
✔ [9181/9389] Built OAI.Analysis.HardSphere.Geometry.TorusNear (14s)
✔ [9182/9389] Built OAI.Analysis.HardSphere.Geometry.SpatialScalarSquare (15s)
✔ [9183/9389] Built OAI.Analysis.HardSphere.FormDomain.CoordDerivativeParticleLocality (14s)
✔ [9184/9389] Built OAI.Analysis.HardSphere.Geometry.AddedSites (13s)
✔ [9185/9389] Built OAI.Analysis.HardSphere.Geometry.LargeParentMarked (15s)
✔ [9186/9389] Built OAI.Analysis.HardSphere.Thermodynamics.SpatialCloseScale (14s)
✔ [9187/9389] Built OAI.Analysis.HardSphere.Geometry.MollifiedCloseJoint (14s)
✔ [9188/9389] Built OAI.Analysis.HardSphere.Geometry.EndpointsExterior (14s)
✔ [9189/9389] Built OAI.Analysis.HardSphere.Geometry.BoxWeight (16s)
✔ [9190/9389] Built OAI.Analysis.HardSphere.PathBounds.VisitPacking (16s)
✔ [9191/9389] Built OAI.Analysis.HardSphere.Geometry.FinsetEraseRecursion2 (16s)
✔ [9192/9389] Built OAI.Analysis.HardSphere.Geometry.ExpWeightedMultiplier (17s)
✔ [9193/9389] Built OAI.Analysis.HardSphere.Geometry.TorusBall (15s)
✔ [9194/9389] Built OAI.Analysis.HardSphere.Conditioning.PhysicalPhase (18s)
✔ [9195/9389] Built OAI.Analysis.HardSphere.Rescaling.PhysicalRescaling (19s)
✔ [9196/9389] Built OAI.Analysis.HardSphere.PathBounds.FreeVisitProbability (20s)
✔ [9197/9389] Built OAI.Analysis.HardSphere.Allocation.SpatialSeparatedCloseJoint (19s)
✔ [9198/9389] Built OAI.Analysis.HardSphere.Geometry.SmoothSpatialCountMgf (20s)
✔ [9199/9389] Built OAI.Analysis.HardSphere.Geometry.EnnrealTsumFinset (16s)
✔ [9200/9389] Built OAI.Analysis.HardSphere.Geometry.NominalDrift (17s)
✔ [9201/9389] Built OAI.Analysis.HardSphere.Geometry.LocalCloseLabelsMeasurable (15s)
✔ [9202/9389] Built OAI.Analysis.HardSphere.PathBounds.ExpNatTail (16s)
✔ [9203/9389] Built OAI.Analysis.HardSphere.Thermodynamics.PhysicalRescaleLp (18s)
✔ [9204/9389] Built OAI.Analysis.HardSphere.Geometry.EndpointDanger (17s)
✔ [9205/9389] Built OAI.Analysis.HardSphere.Geometry.CandidateConstant (17s)
✔ [9206/9389] Built OAI.Analysis.HardSphere.Geometry.SpatialGridCloseProbability (13s)
✔ [9207/9389] Built OAI.Analysis.HardSphere.PathBounds.FreeVisitTravel (15s)
✔ [9208/9389] Built OAI.Analysis.HardSphere.Rescaling.PhysicalUnitary (14s)
✔ [9209/9389] Built OAI.Analysis.HardSphere.Geometry.PathEncounter (14s)
✔ [9210/9389] Built OAI.Analysis.HardSphere.Thermodynamics.SpatialCloseScale2 (14s)
✔ [9211/9389] Built OAI.Analysis.HardSphere.Cutoffs.MeshEvents (15s)
✔ [9212/9389] Built OAI.Analysis.HardSphere.PathBounds.SingleVisitDefect (15s)
✔ [9213/9389] Built OAI.Analysis.HardSphere.Thermodynamics.PhysicalRescaleDomain (16s)
✔ [9214/9389] Built OAI.Analysis.HardSphere.Paths.AdmissiblePair (13s)
✔ [9215/9389] Built OAI.Analysis.HardSphere.PathBounds.CloseTailBaseTendsto (13s)
✔ [9216/9389] Built OAI.Analysis.HardSphere.Cutoffs.CubicMoment (12s)
✔ [9217/9389] Built OAI.Analysis.HardSphere.PathBounds.InteractingVisits (13s)
✔ [9218/9389] Built OAI.Analysis.HardSphere.Geometry.SimplePath (12s)
✔ [9219/9389] Built OAI.Analysis.HardSphere.Comparison.DensityForcesTwoParticles (12s)
✔ [9220/9389] Built OAI.Analysis.HardSphere.Cutoffs.DiameterTail (16s)
✔ [9221/9389] Built OAI.Analysis.HardSphere.Geometry.ShiftClose (16s)
✔ [9222/9389] Built OAI.Analysis.HardSphere.PathBounds.ShiftInteracting (16s)
✔ [9223/9389] Built OAI.Analysis.HardSphere.Geometry.SiteCube (15s)
✔ [9224/9389] Built OAI.Analysis.HardSphere.Paths.LiftedSkeleton (23s)
✔ [9225/9389] Built OAI.Analysis.HardSphere.Operators.Stationary (21s)
✔ [9226/9389] Built OAI.Analysis.HardSphere.Bridges.EndpointTail (15s)
✔ [9227/9389] Built OAI.Analysis.HardSphere.Cutoffs.PathLift (16s)
✔ [9228/9389] Built OAI.Analysis.HardSphere.Geometry.GridAlignment (15s)
✔ [9229/9389] Built OAI.Analysis.HardSphere.Orbitals.GridLowStationary (19s)
✔ [9230/9389] Built OAI.Analysis.HardSphere.Thermodynamics.ShiftCloseTail (19s)
✔ [9231/9389] Built OAI.Analysis.HardSphere.Paths.AcceptedIntegrand (22s)
✔ [9232/9389] Built OAI.Analysis.HardSphere.Cutoffs.RegularTail (20s)
✔ [9233/9389] Built OAI.Analysis.HardSphere.Bridges.BridgeHighMoment (22s)
✔ [9234/9389] Built OAI.Analysis.HardSphere.Allocation.Allocation (22s)
✔ [9235/9389] Built OAI.Analysis.HardSphere.Geometry.GridNear (17s)
✔ [9236/9389] Built OAI.Analysis.HardSphere.Geometry.DependentChecks (18s)
✔ [9237/9389] Built OAI.Analysis.HardSphere.Paths.Admissible (17s)
✔ [9238/9389] Built OAI.Analysis.HardSphere.Cutoffs.StandardRegular (17s)
✔ [9239/9389] Built OAI.Analysis.HardSphere.Thermodynamics.BridgeScaleTail (18s)
✔ [9240/9389] Built OAI.Analysis.HardSphere.Geometry.SparseChecks (17s)
✔ [9241/9389] Built OAI.Analysis.HardSphere.Bridges.BridgeWiener (19s)
✔ [9242/9389] Built OAI.Analysis.HardSphere.PathBounds.VisitCounts (18s)
✔ [9243/9389] Built OAI.Analysis.HardSphere.Conditioning.RoutePartition (16s)
✔ [9244/9389] Built OAI.Analysis.HardSphere.Bridges.BridgeWindow (19s)
✔ [9245/9389] Built OAI.Analysis.HardSphere.PathBounds.GridTailTransfer (24s)
✔ [9246/9389] Built OAI.Analysis.HardSphere.Bridges.BridgeAverage (25s)
✔ [9247/9389] Built OAI.Analysis.HardSphere.Allocation.CertificateSix (26s)
✔ [9248/9389] Built OAI.Analysis.HardSphere.PathBounds.PhysicalVisitTails (28s)
✔ [9249/9389] Built OAI.Analysis.HardSphere.PathBounds.RegularVisitors (37s)
✔ [9250/9389] Built OAI.Analysis.HardSphere.PathBounds.UniformVisitMGF (38s)
✔ [9251/9389] Built OAI.Analysis.HardSphere.PathBounds.ShiftUniformMGF (38s)
✔ [9252/9389] Built OAI.Analysis.HardSphere.Geometry.PathSlots (25s)
✔ [9253/9389] Built OAI.Analysis.HardSphere.Allocation.RouteCenters (19s)
✔ [9254/9389] Built OAI.Analysis.HardSphere.Bridges.BridgeStrongRegular (19s)
✔ [9255/9389] Built OAI.Analysis.HardSphere.PathBounds.ShiftTails (18s)
✔ [9256/9389] Built OAI.Analysis.HardSphere.Conditioning.SlotMultiplicity (15s)
✔ [9257/9389] Built OAI.Analysis.HardSphere.Geometry.EndpointLift (14s)
✔ [9258/9389] Built OAI.Analysis.HardSphere.Conditioning.RouteMatches (16s)
✔ [9259/9389] Built OAI.Analysis.HardSphere.Bridges.TrialCutoff (15s)
✔ [9260/9389] Built OAI.Analysis.HardSphere.Allocation.CertificateSupply (16s)
✔ [9261/9389] Built OAI.Analysis.HardSphere.Bridges.CollisionBudget (10s)
✔ [9262/9389] Built OAI.Analysis.HardSphere.Allocation.CertificateWindow (10s)
✔ [9263/9389] Built OAI.Analysis.HardSphere.Bridges.PhysicalLegCollision (8.0s)
✔ [9264/9389] Built OAI.Analysis.HardSphere.Bridges.EarlyTorusHit (8.5s)
✔ [9265/9389] Built OAI.Analysis.HardSphere.Bridges.TrialHitMeasure (8.8s)
✔ [9266/9389] Built OAI.Analysis.HardSphere.Bridges.PhysicalSuccess (7.1s)
✔ [9267/9389] Built OAI.Analysis.HardSphere.Bridges.JointCollision (10s)
✔ [9268/9389] Built OAI.Analysis.HardSphere.Bridges.PairedMarginal (10s)
✔ [9269/9389] Built OAI.Analysis.HardSphere.Bridges.SupplyIntegral (11s)
✔ [9270/9389] Built OAI.Analysis.HardSphere.Bridges.ReferenceHit (11s)
✔ [9271/9389] Built OAI.Analysis.HardSphere.Bridges.PhysicalInsertionBound (14s)
✔ [9272/9389] Built OAI.Analysis.HardSphere.Bridges.PhysicalFactorChecks (15s)
✔ [9273/9389] Built OAI.Analysis.HardSphere.Conditioning.PairFiber (15s)
✔ [9274/9389] Built OAI.Analysis.HardSphere.Bridges.PhysicalInsertion (15s)
✔ [9275/9389] Built OAI.Analysis.HardSphere.Kernels.ExposedTrials (16s)
✔ [9276/9389] Built OAI.Analysis.HardSphere.Bridges.ConfinedLift (15s)
✔ [9277/9389] Built OAI.Analysis.HardSphere.Kernels.ExposedPhysicalPair (15s)
✔ [9278/9389] Built OAI.Analysis.HardSphere.Bridges.PhysicalSparse (17s)
✔ [9279/9389] Built OAI.Analysis.HardSphere.Allocation.WeightedExpose (18s)
✔ [9280/9389] Built OAI.Analysis.HardSphere.Bridges.PairSubtype (22s)
✔ [9281/9389] Built OAI.Analysis.HardSphere.Geometry.GridAllocation (29s)
✔ [9282/9389] Built OAI.Analysis.HardSphere.Allocation.CertificateMeasurable (31s)
✔ [9283/9389] Built OAI.Analysis.HardSphere.Conditioning.PermutationObserved (30s)
✔ [9284/9389] Built OAI.Analysis.HardSphere.Bridges.ExposedReference (31s)
✔ [9285/9389] Built OAI.Analysis.HardSphere.Allocation.SeparatedPhysical (30s)
✔ [9286/9389] Built OAI.Analysis.HardSphere.Bridges.ReversePair (30s)
✔ [9287/9389] Built OAI.Analysis.HardSphere.Comparison.ActualOutside (30s)
✔ [9288/9389] Built OAI.Analysis.HardSphere.Bridges.PeriodShift (27s)
✔ [9289/9389] Built OAI.Analysis.HardSphere.Bridges.AccessibleAuxiliary (35s)
✔ [9290/9389] Built OAI.Analysis.HardSphere.Allocation.AllocationJoint (35s)
✔ [9291/9389] Built OAI.Analysis.HardSphere.Thermodynamics.TrialScale (35s)
✔ [9292/9389] Built OAI.Analysis.HardSphere.Allocation.CertificateTrialGeometry (35s)
✔ [9293/9389] Built OAI.Analysis.HardSphere.Comparison.ActualCommon (35s)
✔ [9294/9389] Built OAI.Analysis.HardSphere.Bridges.RouteAuxiliary (33s)
✔ [9295/9389] Built OAI.Analysis.HardSphere.Comparison.MixtureMoment (35s)
✔ [9296/9389] Built OAI.Analysis.HardSphere.Geometry.UniformBath (35s)
✔ [9297/9389] Built OAI.Analysis.HardSphere.Allocation.PhysicalReference (21s)
✔ [9298/9389] Built OAI.Analysis.HardSphere.Bridges.SelectedReverse (21s)
✔ [9299/9389] Built OAI.Analysis.HardSphere.Comparison.TaggedMoment (21s)
✔ [9300/9389] Built OAI.Analysis.HardSphere.Bridges.TrialScalarBound (24s)
✔ [9301/9389] Built OAI.Analysis.HardSphere.Bridges.PhysicalPair (27s)
✔ [9302/9389] Built OAI.Analysis.HardSphere.Conditioning.TagPushforward (16s)
✔ [9303/9389] Built OAI.Analysis.HardSphere.Comparison.TaggedObserved (16s)
✔ [9304/9389] Built OAI.Analysis.HardSphere.Comparison.SumMoment (16s)
✔ [9305/9389] Built OAI.Analysis.HardSphere.Bridges.RouteFrozen (16s)
✔ [9306/9389] Built OAI.Analysis.HardSphere.Thermodynamics.SupplyCalibration (17s)
✔ [9307/9389] Built OAI.Analysis.HardSphere.Bridges.ActualReverse (13s)
✔ [9308/9389] Built OAI.Analysis.HardSphere.Comparison.ConditionalTagDensity (14s)
✔ [9309/9389] Built OAI.Analysis.HardSphere.Bridges.RouteInsertion (13s)
✔ [9310/9389] Built OAI.Analysis.HardSphere.Bridges.PrimaryObserved (11s)
✔ [9311/9389] Built OAI.Analysis.HardSphere.Bridges.PhysicalSecondMoment (11s)
✔ [9312/9389] Built OAI.Analysis.HardSphere.Bridges.PhysicalTrialTail (25s)
✔ [9313/9389] Built OAI.Analysis.HardSphere.Conditioning.SharedRoute (11s)
✔ [9314/9389] Built OAI.Analysis.HardSphere.Bridges.RouteSecondMoment (11s)
✔ [9315/9389] Built OAI.Analysis.HardSphere.Conditioning.SharedTransport (9.5s)
✔ [9316/9389] Built OAI.Analysis.HardSphere.Allocation.CertificateUseful (22s)
✔ [9317/9389] Built OAI.Analysis.HardSphere.Geometry.SharedFixed (8.5s)
✔ [9318/9389] Built OAI.Analysis.HardSphere.Geometry.SiteGroups (7.8s)
✔ [9319/9389] Built OAI.Analysis.HardSphere.Allocation.TaggedReference (12s)
✔ [9320/9389] Built OAI.Analysis.HardSphere.Allocation.PhysicalAssembly (15s)
✔ [9321/9389] Built OAI.Analysis.HardSphere.Allocation.PhysicalDatum (22s)
✔ [9322/9389] Built OAI.Analysis.HardSphere.Conditioning.SymmetricTag (12s)
✔ [9323/9389] Built OAI.Analysis.HardSphere.Conditioning.GlobalExposure (12s)
✔ [9324/9389] Built OAI.Analysis.HardSphere.Allocation.PhysicalTargets (13s)
✔ [9325/9389] Built OAI.Analysis.HardSphere.Conditioning.RetainedObservation (13s)
✔ [9326/9389] Built OAI.Analysis.HardSphere.Comparison.PhysicalCellReference (15s)
✔ [9327/9389] Built OAI.Analysis.HardSphere.Allocation.NearLift (24s)
✔ [9328/9389] Built OAI.Analysis.HardSphere.Allocation.CoarsePhysical (9.4s)
✔ [9329/9389] Built OAI.Analysis.HardSphere.Allocation.PhysicalSupply (10s)
✔ [9330/9389] Built OAI.Analysis.HardSphere.Geometry.SharedIdentities (16s)
✔ [9331/9389] Built OAI.Analysis.HardSphere.Allocation.PhysicalVertex (18s)
✔ [9332/9389] Built OAI.Analysis.HardSphere.Geometry.PhysicalGeometry (17s)
✔ [9333/9389] Built OAI.Analysis.HardSphere.Allocation.PhysicalDisintegration (21s)
✔ [9334/9389] Built OAI.Analysis.HardSphere.Allocation.PhysicalGroundSupply (20s)
✔ [9335/9389] Built OAI.Analysis.HardSphere.Bridges.RouteMass (14s)
✔ [9336/9389] Built OAI.Analysis.HardSphere.Collisions.PhysicalCollision (14s)
✔ [9337/9389] Built OAI.Analysis.HardSphere.Allocation.PhysicalRouteGeometry (15s)
✔ [9338/9389] Built OAI.Analysis.HardSphere.Bridges.PhysicalEndpoint (17s)
✔ [9339/9389] Built OAI.Analysis.HardSphere.Allocation.PhysicalBranchLaw (16s)
✔ [9340/9389] Built OAI.Analysis.HardSphere.Paths.SimpleRouteGeometry (10s)
✔ [9341/9389] Built OAI.Analysis.HardSphere.Allocation.PhysicalLabelLaw (13s)
✔ [9342/9389] Built OAI.Analysis.HardSphere.Allocation.PhysicalRouteFactors (15s)
✔ [9343/9389] Built OAI.Analysis.HardSphere.Allocation.PhysicalMidpointReference (15s)
✔ [9344/9389] Built OAI.Analysis.HardSphere.Conditioning.PhysicalRoute (8.6s)
✔ [9345/9389] Built OAI.Analysis.HardSphere.Allocation.PhysicalPrimary (6.4s)
✔ [9346/9389] Built OAI.Analysis.HardSphere.Allocation.PhysicalSupported (5.7s)
✔ [9347/9389] Built OAI.Analysis.HardSphere.Allocation.PhysicalLifted (8.4s)
✔ [9348/9389] Built OAI.Analysis.HardSphere.Bridges.RouteMarginals (8.5s)
✔ [9349/9389] Built OAI.Analysis.HardSphere.Thermodynamics.PhysicalNumeric (8.7s)
✔ [9350/9389] Built OAI.Analysis.HardSphere.Collisions.PhysicalCollisionReference (9.9s)
✔ [9351/9389] Built OAI.Analysis.HardSphere.Allocation.PhysicalPairedRoute (10s)
✔ [9352/9389] Built OAI.Analysis.HardSphere.Allocation.PhysicalLikelihood (10s)
✔ [9353/9389] Built OAI.Analysis.HardSphere.Allocation.PhysicalBranchEstimates (12s)
✔ [9354/9389] Built OAI.Analysis.HardSphere.Conditioning.PhysicalObservation (13s)
✔ [9355/9389] Built OAI.Analysis.HardSphere.Allocation.RouteFields (13s)
✔ [9356/9389] Built OAI.Analysis.HardSphere.Allocation.PhysicalRouteMass (14s)
✔ [9357/9389] Built OAI.Analysis.HardSphere.Comparison.PhysicalObservedLaw (15s)
✔ [9358/9389] Built OAI.Analysis.HardSphere.Thermodynamics.PhysicalScaleData (16s)
✔ [9359/9389] Built OAI.Analysis.HardSphere.Allocation.PhysicalFamilyLikelihood (16s)
✔ [9360/9389] Built OAI.Analysis.HardSphere.Conditioning.PhysicalFullReference (17s)
✔ [9361/9389] Built OAI.Analysis.HardSphere.Allocation.PhysicalRouteAuxiliary (18s)
✔ [9362/9389] Built OAI.Analysis.HardSphere.Conditioning.PrimaryProduct (13s)
✔ [9363/9389] Built OAI.Analysis.HardSphere.Allocation.PhysicalProjectedPrimary (13s)
✔ [9364/9389] Built OAI.Analysis.HardSphere.Comparison.RouteRN (12s)
✔ [9365/9389] Built OAI.Analysis.HardSphere.Thermodynamics.PhysicalParameters (22s)
✔ [9366/9389] Built OAI.Analysis.HardSphere.Allocation.PhysicalAmbientRN (9.8s)
✔ [9367/9389] Built OAI.Analysis.HardSphere.Allocation.PhysicalCodedMoment (8.4s)
✔ [9368/9389] Built OAI.Analysis.HardSphere.Allocation.LabelEncounterAverage (9.8s)
✔ [9369/9389] Built OAI.Analysis.HardSphere.Allocation.PhysicalMixedObservation (10s)
✔ [9370/9389] Built OAI.Analysis.HardSphere.Allocation.PhysicalCellUniform (15s)
✔ [9371/9389] Built OAI.Analysis.HardSphere.Allocation.PhysicalObservedMixture (15s)
✔ [9372/9389] Built OAI.Analysis.HardSphere.Allocation.PhysicalReferenceRaw (15s)
✔ [9373/9389] Built OAI.Analysis.HardSphere.Allocation.PhysicalAverageMoment (16s)
✔ [9374/9389] Built OAI.Analysis.HardSphere.Allocation.AllocatedLinearity (11s)
✔ [9375/9389] Built OAI.Analysis.HardSphere.Allocation.PhysicalTaggedDensity (11s)
✔ [9376/9389] Built OAI.Analysis.HardSphere.Comparison.PhysicalAffinity (9.9s)
✔ [9377/9389] Built OAI.Analysis.HardSphere.Allocation.PhysicalTaggedObservation (11s)
✔ [9378/9389] Built OAI.Analysis.HardSphere.Orbitals.PhysicalOrbitalReference (9.1s)
✔ [9379/9389] Built OAI.Analysis.HardSphere.Allocation.PhysicalObservedMass (9.0s)
✔ [9380/9389] Built OAI.Analysis.HardSphere.Allocation.PhysicalGroupComparison (6.6s)
✔ [9381/9389] Built OAI.Analysis.HardSphere.Geometry.PhysicalPathComparison (8.8s)
✔ [9382/9389] Built OAI.Analysis.HardSphere.Allocation.PhysicalAffinitySum (8.0s)
✔ [9383/9389] Built OAI.Analysis.HardSphere.Thermodynamics.PhysicalUniformModulus (8.2s)
✔ [9384/9389] Built OAI.Analysis.HardSphere.Thermodynamics.PhysicalPhaseWindow (9.9s)
✔ [9385/9389] Built OAI.Analysis.HardSphere.Thermodynamics.OccupationBound (6.1s)
✔ [9386/9389] Built OAI.Analysis.HardSphere.Orbitals.OrbitalOperator (6.1s)
✔ [9387/9389] Built OAI.Analysis.HardSphere.Thermodynamics.MixedCondensation (5.5s)
✔ [9388/9389] Built OAI.Analysis.HardSphere.Density.GroundProjection (5.8s)
✔ [9389/9389] Built OAI.Analysis.HardSphere.Main (5.1s)
Build completed successfully (9389 jobs).
== build rc=0 seconds=2138
{"theorems": ["OAI.HardSphere.condensation_with_mixed"], "defs": ["OAI.HardSphere.Length", "OAI.HardSphere.Torus", "OAI.HardSphere.Configuration", "OAI.HardSphere.LiftedConfiguration", "OAI.HardSphere.Direction", "OAI.HardSphere.torusDistance", "OAI.HardSphere.allowed", "OAI.HardSphere.project", "OAI.HardSphere.representative", "OAI.HardSphere.coordDerivative", "OAI.HardSphere.ScalarL2", "OAI.HardSphere.Jet", "OAI.HardSphere.SmoothTest", "OAI.HardSphere.SmoothTest.jet", "OAI.HardSphere.dirichletDomain", "OAI.HardSphere.energy", "OAI.HardSphere.bosonic", "OAI.HardSphere.IsGroundVector", "OAI.HardSphere.insertFirst", "OAI.HardSphere.occupation", "OAI.HardSphere.Density.basisSet", "OAI.HardSphere.Density.basis", "OAI.HardSphere.Density.Operator", "OAI.HardSphere.Density.Operator.compressionTrace", "OAI.HardSphere.Orbital.sliceIntegral", "OAI.HardSphere.Orbital.map", "OAI.HardSphere.Orbital.continuous", "OAI.HardSphere.GroundSupported", "OAI.HardSphere.mixedOccupation"], "json_theorems": ["OAI.HardSphere.condensation_with_mixed"], "missing_from_parse": []}
TYPES/DEFS DIFFER HardSphere
1,5d0
< /Users/shannon/cc/math/math/lean/Scratch/Challenge_HardSphere.lean:372:8:
< warning:
< declaration
< uses
< `sorry`
61c56
< Tendsto
---
> Filter.Tendsto
63,64c58,59
< atTop
< atTop
---
> Filter.atTop
> Filter.atTop
66c61
< Tendsto
---
> Filter.Tendsto
72,73c67,68
< atTop
< atTop
---
> Filter.atTop
> Filter.atTop
75c70
< Tendsto
---
> Filter.Tendsto
86,87c81,82
< atTop
< (𝓝
---
> Filter.atTop
> (nhds
117c112
< liminf
---
> Filter.liminf
125c120
< atTop)
---
> Filter.atTop)
151c146
< liminf
---
> Filter.liminf
159c154
< atTop
---
> Filter.atTop
439c434
< ↥(Lp
---
> ↥(MeasureTheory.Lp
442c437
< volume)
---
> MeasureTheory.volume)
AXIOMS: 'OAI.HardSphere.condensation_with_mixed' depends on axioms: [propext, Classical.choice, Quot.sound] 
== end=2026-10-09T04:23:17Z
