== HarmonicGrowth  module=OAI.Geometry.HarmonicGrowth.Main  start=2026-10-09T17:11:32Z
warning: PrimeNumberTheoremAnd: repository '/Users/shannon/cc/math/math/lean/.lake/packages/PrimeNumberTheoremAnd' has local changes
warning: belyi: repository '/Users/shannon/cc/math/math/lean/.lake/packages/belyi' has local changes
warning: formal-schemes: repository '/Users/shannon/cc/math/math/lean/.lake/packages/formal-schemes' has local changes
warning: elliptic-curves: repository '/Users/shannon/cc/math/math/lean/.lake/packages/elliptic-curves' has local changes
warning: tempered-fundamental-groups: repository '/Users/shannon/cc/math/math/lean/.lake/packages/tempered-fundamental-groups' has local changes
warning: oka: repository '/Users/shannon/cc/math/math/lean/.lake/packages/oka' has local changes
warning: orbicurve-cores: repository '/Users/shannon/cc/math/math/lean/.lake/packages/orbicurve-cores' has local changes
warning: pi1: repository '/Users/shannon/cc/math/math/lean/.lake/packages/pi1' has local changes
warning: heights: repository '/Users/shannon/cc/math/math/lean/.lake/packages/heights' has local changes
warning: genl: repository '/Users/shannon/cc/math/math/lean/.lake/packages/genl' has local changes
warning: tate-curves-theta: repository '/Users/shannon/cc/math/math/lean/.lake/packages/tate-curves-theta' has local changes
warning: iut: repository '/Users/shannon/cc/math/math/lean/.lake/packages/iut' has local changes
warning: gromov: repository '/Users/shannon/cc/math/math/lean/.lake/packages/gromov' has local changes
warning: SphereEversion: repository '/Users/shannon/cc/math/math/lean/.lake/packages/SphereEversion' has local changes
warning: schoenflies-lean: repository '/Users/shannon/cc/math/math/lean/.lake/packages/schoenflies-lean' has local changes
warning: ClassFieldTheory: repository '/Users/shannon/cc/math/math/lean/.lake/packages/ClassFieldTheory' has local changes
warning: AINTLIB: repository '/Users/shannon/cc/math/math/lean/.lake/packages/AINTLIB' has local changes
warning: AbsorptionCutoff: repository '/Users/shannon/cc/math/math/lean/.lake/packages/AbsorptionCutoff' has local changes
warning: StrongPNT: repository '/Users/shannon/cc/math/math/lean/.lake/packages/StrongPNT' has local changes
warning: carleson: repository '/Users/shannon/cc/math/math/lean/.lake/packages/carleson' has local changes
warning: rellich-kondrachov: repository '/Users/shannon/cc/math/math/lean/.lake/packages/rellich-kondrachov' has local changes
warning: Zeta3Irrational: repository '/Users/shannon/cc/math/math/lean/.lake/packages/Zeta3Irrational' has local changes
warning: fixed-point-theorems: repository '/Users/shannon/cc/math/math/lean/.lake/packages/fixed-point-theorems' has local changes
✔ [8924/8959] Built OAI.Geometry.HarmonicGrowth.Basic (11s)
✔ [8925/8959] Built OAI.Geometry.HarmonicGrowth.Taylor (21s)
✔ [8926/8959] Built OAI.Geometry.HarmonicGrowth.Attainment (25s)
✔ [8927/8959] Built OAI.Geometry.HarmonicGrowth.Flow (28s)
✔ [8928/8959] Built OAI.Geometry.HarmonicGrowth.Berger (18s)
✔ [8929/8959] Built OAI.Geometry.HarmonicGrowth.SmoothWord (27s)
✔ [8930/8959] Built OAI.Geometry.HarmonicGrowth.Curvature (27s)
✔ [8931/8959] Built OAI.Geometry.HarmonicGrowth.PolynomialControl (29s)
✔ [8932/8959] Built OAI.Geometry.HarmonicGrowth.Damping (33s)
✔ [8933/8959] Built OAI.Geometry.HarmonicGrowth.Profiles (23s)
✔ [8934/8959] Built OAI.Geometry.HarmonicGrowth.LieGeneration (39s)
✔ [8935/8959] Built OAI.Geometry.HarmonicGrowth.Variation (52s)
✔ [8936/8959] Built OAI.Geometry.HarmonicGrowth.ComplexHarmonics (24s)
✔ [8937/8959] Built OAI.Geometry.HarmonicGrowth.ScalarODE (12s)
✔ [8938/8959] Built OAI.Geometry.HarmonicGrowth.LieSaturation (35s)
✔ [8939/8959] Built OAI.Geometry.HarmonicGrowth.PulseODE (35s)
✔ [8940/8959] Built OAI.Geometry.HarmonicGrowth.RealForms (30s)
✔ [8941/8959] Built OAI.Geometry.HarmonicGrowth.Transmission (46s)
✔ [8942/8959] Built OAI.Geometry.HarmonicGrowth.Angular (21s)
✔ [8943/8959] Built OAI.Geometry.HarmonicGrowth.InsertedWord (20s)
✔ [8944/8959] Built OAI.Geometry.HarmonicGrowth.AngularStream (14s)
✔ [8945/8959] Built OAI.Geometry.HarmonicGrowth.AngularTrace (63s)
✔ [8946/8959] Built OAI.Geometry.HarmonicGrowth.EndpointBounds (50s)
✔ [8947/8959] Built OAI.Geometry.HarmonicGrowth.ControlWords (27s)
✔ [8948/8959] Built OAI.Geometry.HarmonicGrowth.PulseSystem (14s)
✔ [8949/8959] Built OAI.Geometry.HarmonicGrowth.GlobalControl (63s)
✔ [8950/8959] Built OAI.Geometry.HarmonicGrowth.Counting (389s)
✔ [8951/8959] Built OAI.Geometry.HarmonicGrowth.StreamData (24s)
✔ [8952/8959] Built OAI.Geometry.HarmonicGrowth.Cycling (10s)
✔ [8953/8959] Built OAI.Geometry.HarmonicGrowth.HopfSpectrum (14s)
✔ [8954/8959] Built OAI.Geometry.HarmonicGrowth.SpectralSelection (10s)
✔ [8955/8959] Built OAI.Geometry.HarmonicGrowth.PolarGeometry (9.8s)
✔ [8956/8959] Built OAI.Geometry.HarmonicGrowth.Intrinsic (7.2s)
✔ [8957/8959] Built OAI.Geometry.HarmonicGrowth.Realization (10s)
✔ [8958/8959] Built OAI.Geometry.HarmonicGrowth.Growth (9.3s)
✔ [8959/8959] Built OAI.Geometry.HarmonicGrowth.Main (7.0s)
Build completed successfully (8959 jobs).
== build rc=0 seconds=488
{"theorems": ["OAI.HarmonicCounterexample.main"], "defs": ["OAI.HarmonicCounterexample.Space", "OAI.HarmonicCounterexample.Mat", "OAI.HarmonicCounterexample.SmoothMetric", "OAI.HarmonicCounterexample.coordDeriv", "OAI.HarmonicCounterexample.christoffel", "OAI.HarmonicCounterexample.ricci", "OAI.HarmonicCounterexample.RicciNonnegative", "OAI.HarmonicCounterexample.laplaceBeltrami", "OAI.HarmonicCounterexample.pathLength", "OAI.HarmonicCounterexample.distance", "OAI.HarmonicCounterexample.Complete", "OAI.HarmonicCounterexample.EuclideanNearOrigin", "OAI.HarmonicCounterexample.ballVolume", "OAI.HarmonicCounterexample.omega", "OAI.HarmonicCounterexample.PositiveSubunitAVR", "OAI.HarmonicCounterexample.HarmonicGrowth", "OAI.HarmonicCounterexample.euclideanDimension", "OAI.HarmonicCounterexample.MainClaim"], "json_theorems": ["OAI.HarmonicCounterexample.main"], "missing_from_parse": []}
TYPES+DEFS MATCH HarmonicGrowth
AXIOMS: 'OAI.HarmonicCounterexample.main' depends on axioms: [propext, Classical.choice, Quot.sound] 
== end=2026-10-09T17:20:02Z
