== IndependentSets  module=OAI.Combinatorics.IndependentSets.Main  start=2026-10-09T04:23:55Z
warning: PrimeNumberTheoremAnd: repository '/Users/shannon/cc/math/math/lean/.lake/packages/PrimeNumberTheoremAnd' has local changes
warning: belyi: repository '/Users/shannon/cc/math/math/lean/.lake/packages/belyi' has local changes
warning: formal-schemes: repository '/Users/shannon/cc/math/math/lean/.lake/packages/formal-schemes' has local changes
warning: elliptic-curves: repository '/Users/shannon/cc/math/math/lean/.lake/packages/elliptic-curves' has local changes
warning: tempered-fundamental-groups: repository '/Users/shannon/cc/math/math/lean/.lake/packages/tempered-fundamental-groups' has local changes
warning: oka: repository '/Users/shannon/cc/math/math/lean/.lake/packages/oka' has local changes
warning: orbicurve-cores: repository '/Users/shannon/cc/math/math/lean/.lake/packages/orbicurve-cores' has local changes
warning: pi1: repository '/Users/shannon/cc/math/math/lean/.lake/packages/pi1' has local changes
warning: heights: repository '/Users/shannon/cc/math/math/lean/.lake/packages/heights' has local changes
warning: genl: repository '/Users/shannon/cc/math/math/lean/.lake/packages/genl' has local changes
warning: tate-curves-theta: repository '/Users/shannon/cc/math/math/lean/.lake/packages/tate-curves-theta' has local changes
warning: iut: repository '/Users/shannon/cc/math/math/lean/.lake/packages/iut' has local changes
warning: gromov: repository '/Users/shannon/cc/math/math/lean/.lake/packages/gromov' has local changes
warning: SphereEversion: repository '/Users/shannon/cc/math/math/lean/.lake/packages/SphereEversion' has local changes
warning: schoenflies-lean: repository '/Users/shannon/cc/math/math/lean/.lake/packages/schoenflies-lean' has local changes
warning: ClassFieldTheory: repository '/Users/shannon/cc/math/math/lean/.lake/packages/ClassFieldTheory' has local changes
warning: AINTLIB: repository '/Users/shannon/cc/math/math/lean/.lake/packages/AINTLIB' has local changes
warning: AbsorptionCutoff: repository '/Users/shannon/cc/math/math/lean/.lake/packages/AbsorptionCutoff' has local changes
warning: StrongPNT: repository '/Users/shannon/cc/math/math/lean/.lake/packages/StrongPNT' has local changes
warning: carleson: repository '/Users/shannon/cc/math/math/lean/.lake/packages/carleson' has local changes
warning: rellich-kondrachov: repository '/Users/shannon/cc/math/math/lean/.lake/packages/rellich-kondrachov' has local changes
warning: Zeta3Irrational: repository '/Users/shannon/cc/math/math/lean/.lake/packages/Zeta3Irrational' has local changes
warning: fixed-point-theorems: repository '/Users/shannon/cc/math/math/lean/.lake/packages/fixed-point-theorems' has local changes
✔ [8924/9377] Built OAI.Combinatorics.IndependentSets.Geometry.RationalSimplexApproximation (36s)
✔ [8925/9377] Built OAI.Combinatorics.IndependentSets.Encoding.Normalizer (36s)
✔ [8926/9377] Built OAI.Combinatorics.IndependentSets.Machines.MachineEmbedding (36s)
✔ [8927/9377] Built OAI.Combinatorics.IndependentSets.Reduction.IntegerEdgeTest (36s)
✔ [8928/9377] Built OAI.Combinatorics.IndependentSets.Expansion.PreprocessingRegularLoopWords (36s)
✔ [8929/9377] Built OAI.Combinatorics.IndependentSets.Reduction.IndexedBlocks (36s)
✔ [8930/9377] Built OAI.Combinatorics.IndependentSets.Geometry.RationalLaw (36s)
✔ [8931/9377] Built OAI.Combinatorics.IndependentSets.Machines.Placement (36s)
✔ [8932/9377] Built OAI.Combinatorics.IndependentSets.Expansion.PoweringDecoding (31s)
✔ [8933/9377] Built OAI.Combinatorics.IndependentSets.Encoding.BinaryCoordinates (31s)
✔ [8934/9377] Built OAI.Combinatorics.IndependentSets.Reduction.ExtendPartialIso (31s)
✔ [8935/9377] Built OAI.Combinatorics.IndependentSets.Repetition.FiniteGame (31s)
✔ [8936/9377] Built OAI.Combinatorics.IndependentSets.Reduction.WalkLength (32s)
✔ [8937/9377] Built OAI.Combinatorics.IndependentSets.Reduction.ListIndex (33s)
✔ [8938/9377] Built OAI.Combinatorics.IndependentSets.Expansion.CloudRounding (33s)
✔ [8939/9377] Built OAI.Combinatorics.IndependentSets.Expansion.PoweringWalks (33s)
✔ [8940/9377] Built OAI.Combinatorics.IndependentSets.PCP.AmplificationIteration (40s)
✔ [8941/9377] Built OAI.Combinatorics.IndependentSets.Repetition.FiniteTrials (40s)
✔ [8942/9377] Built OAI.Combinatorics.IndependentSets.Repetition.RepetitionUpper (40s)
✔ [8943/9377] Built OAI.Combinatorics.IndependentSets.Repetition.Basic (38s)
✔ [8944/9377] Built OAI.Combinatorics.IndependentSets.Repetition.Finite (39s)
✔ [8945/9377] Built OAI.Combinatorics.IndependentSets.Repetition.Basic2 (40s)
✔ [8946/9377] Built OAI.Combinatorics.IndependentSets.Repetition.Scalar (44s)
✔ [8947/9377] Built OAI.Combinatorics.IndependentSets.Geometry.CoordinateAverage (175s)
✔ [8948/9377] Built OAI.Combinatorics.IndependentSets.Reduction.SliceDifferenceVariation (182s)
✔ [8949/9377] Built OAI.Combinatorics.IndependentSets.Reduction.Cube (178s)
✔ [8950/9377] Built OAI.Combinatorics.IndependentSets.Geometry.SumCoordinateNorm (182s)
✔ [8951/9377] Built OAI.Combinatorics.IndependentSets.PCP.ConstraintGraph (182s)
✔ [8952/9377] Built OAI.Combinatorics.IndependentSets.Fourier.Walsh (182s)
✔ [8953/9377] Built OAI.Combinatorics.IndependentSets.Encoding.Target (183s)
✔ [8954/9377] Built OAI.Combinatorics.IndependentSets.PCP.CloneGap (236s)
✔ [8955/9377] Built OAI.Combinatorics.IndependentSets.Model (45s)
✔ [8956/9377] Built OAI.Combinatorics.IndependentSets.Geometry.Uniform (39s)
✔ [8957/9377] Built OAI.Combinatorics.IndependentSets.Machines.MachineComposition (39s)
✔ [8958/9377] Built OAI.Combinatorics.IndependentSets.Repetition.TraceLaw (25s)
✔ [8959/9377] Built OAI.Combinatorics.IndependentSets.Expansion.PoweringLabels (40s)
✔ [8960/9377] Built OAI.Combinatorics.IndependentSets.PCP.LabelCoverData (40s)
✔ [8961/9377] Built OAI.Combinatorics.IndependentSets.Geometry.PatternInvariant (42s)
✔ [8962/9377] Built OAI.Combinatorics.IndependentSets.Reduction.Full (45s)
✔ [8963/9377] Built OAI.Combinatorics.IndependentSets.Geometry.CoordinateDerivative (29s)
✔ [8964/9377] Built OAI.Combinatorics.IndependentSets.Encoding.LogSum (29s)
✔ [8965/9377] Built OAI.Combinatorics.IndependentSets.Repetition.SelectionSequence (29s)
✔ [8966/9377] Built OAI.Combinatorics.IndependentSets.PCP.QueryIncidence (28s)
✔ [8967/9377] Built OAI.Combinatorics.IndependentSets.Repetition.Value (31s)
✔ [8968/9377] Built OAI.Combinatorics.IndependentSets.Repetition.Conditionals (31s)
✔ [8969/9377] Built OAI.Combinatorics.IndependentSets.Repetition.Pinsker (31s)
✔ [8970/9377] Built OAI.Combinatorics.IndependentSets.PCP.Minimum (25s)
✔ [8971/9377] Built OAI.Combinatorics.IndependentSets.Fourier.Folding (31s)
✔ [8972/9377] Built OAI.Combinatorics.IndependentSets.PCP.CodeComposition (31s)
✔ [8973/9377] Built OAI.Combinatorics.IndependentSets.Reduction.FiniteNoise (31s)
✔ [8974/9377] Built OAI.Combinatorics.IndependentSets.Expansion.DegreeReplacement (31s)
✔ [8975/9377] Built OAI.Combinatorics.IndependentSets.Machines.MachineLookupSpec (31s)
✔ [8976/9377] Built OAI.Combinatorics.IndependentSets.Fourier.Fourier (31s)
✔ [8977/9377] Built OAI.Combinatorics.IndependentSets.Encoding.GameEncoding (31s)
✔ [8978/9377] Built OAI.Combinatorics.IndependentSets.PCP.ClauseVerifier (33s)
✔ [8979/9377] Built OAI.Combinatorics.IndependentSets.Reduction.GraphReduction (30s)
✔ [8980/9377] Built OAI.Combinatorics.IndependentSets.Reduction.Law (30s)
✔ [8981/9377] Built OAI.Combinatorics.IndependentSets.Encoding.TargetFormula (31s)
✔ [8982/9377] Built OAI.Combinatorics.IndependentSets.Machines.MachineDrain (29s)
✔ [8983/9377] Built OAI.Combinatorics.IndependentSets.Encoding.Encoding (31s)
✔ [8984/9377] Built OAI.Combinatorics.IndependentSets.Encoding.BitsValue (31s)
✔ [8985/9377] Built OAI.Combinatorics.IndependentSets.Encoding.FormulaEncoding (31s)
✔ [8986/9377] Built OAI.Combinatorics.IndependentSets.Machines.Machine (31s)
✔ [8987/9377] Built OAI.Combinatorics.IndependentSets.Expansion.PoweringEnumeration (32s)
✔ [8988/9377] Built OAI.Combinatorics.IndependentSets.Geometry.Witness (32s)
✔ [8989/9377] Built OAI.Combinatorics.IndependentSets.PCP.CircleRound (31s)
✔ [8990/9377] Built OAI.Combinatorics.IndependentSets.Reduction.OccurrenceTuple (32s)
✔ [8991/9377] Built OAI.Combinatorics.IndependentSets.Machines.MachineCopy (31s)
✔ [8992/9377] Built OAI.Combinatorics.IndependentSets.Machines.MachineAlphabetTransport (32s)
✔ [8993/9377] Built OAI.Combinatorics.IndependentSets.Repetition.Rectangle (32s)
✔ [8994/9377] Built OAI.Combinatorics.IndependentSets.Reduction.ExtensionLaw (34s)
✔ [8995/9377] Built OAI.Combinatorics.IndependentSets.Repetition.KernelSampling (29s)
✔ [8996/9377] Built OAI.Combinatorics.IndependentSets.Machines.MachineTransfer (32s)
✔ [8997/9377] Built OAI.Combinatorics.IndependentSets.Machines.MachineAppend (32s)
✔ [8998/9377] Built OAI.Combinatorics.IndependentSets.Repetition.Sampling (32s)
✔ [8999/9377] Built OAI.Combinatorics.IndependentSets.Repetition.ProfileCorrection (32s)
✔ [9000/9377] Built OAI.Combinatorics.IndependentSets.Machines.MachineReverse (33s)
✔ [9001/9377] Built OAI.Combinatorics.IndependentSets.Machines.MachineLogCounter (33s)
✔ [9002/9377] Built OAI.Combinatorics.IndependentSets.Machines.MachineRepeat (33s)
✔ [9003/9377] Built OAI.Combinatorics.IndependentSets.Encoding.Occurrences (32s)
✔ [9004/9377] Built OAI.Combinatorics.IndependentSets.Expansion.Supported (32s)
✔ [9005/9377] Built OAI.Combinatorics.IndependentSets.Fourier.HonestTest (33s)
✔ [9006/9377] Built OAI.Combinatorics.IndependentSets.Fourier.FoldedEquation (33s)
✔ [9007/9377] Built OAI.Combinatorics.IndependentSets.Repetition.SideInformation (33s)
✔ [9008/9377] Built OAI.Combinatorics.IndependentSets.Fourier.Decoder (33s)
✔ [9009/9377] Built OAI.Combinatorics.IndependentSets.PCP.GenericGraphTables (33s)
✔ [9010/9377] Built OAI.Combinatorics.IndependentSets.Expansion.GraphRounding (33s)
✔ [9011/9377] Built OAI.Combinatorics.IndependentSets.Reduction.RestrictionLawBad (34s)
✔ [9012/9377] Built OAI.Combinatorics.IndependentSets.Fourier.Contexts (34s)
✔ [9013/9377] Built OAI.Combinatorics.IndependentSets.Repetition.Rectangle2 (34s)
✔ [9014/9377] Built OAI.Combinatorics.IndependentSets.Reduction.Small (33s)
✔ [9015/9377] Built OAI.Combinatorics.IndependentSets.Reduction.SubchainView (34s)
✔ [9016/9377] Built OAI.Combinatorics.IndependentSets.PCP.Cleanup (34s)
✔ [9017/9377] Built OAI.Combinatorics.IndependentSets.PCP.NameCompaction (35s)
✔ [9018/9377] Built OAI.Combinatorics.IndependentSets.PCP.GraphTables (35s)
✔ [9019/9377] Built OAI.Combinatorics.IndependentSets.Fourier.EmptyContext (31s)
✔ [9020/9377] Built OAI.Combinatorics.IndependentSets.Encoding.Completion (32s)
✔ [9021/9377] Built OAI.Combinatorics.IndependentSets.Repetition.TotalVariation (32s)
✔ [9022/9377] Built OAI.Combinatorics.IndependentSets.Machines.GraphCounterModel (32s)
✔ [9023/9377] Built OAI.Combinatorics.IndependentSets.Repetition.Reindexing (32s)
✔ [9024/9377] Built OAI.Combinatorics.IndependentSets.Repetition.ScalarCell (32s)
✔ [9025/9377] Built OAI.Combinatorics.IndependentSets.Reduction.Heavy (32s)
✔ [9026/9377] Built OAI.Combinatorics.IndependentSets.Machines.MachineCompare (33s)
✔ [9027/9377] Built OAI.Combinatorics.IndependentSets.Geometry.NoUniformlyBadFinitePatterns (31s)
✔ [9028/9377] Built OAI.Combinatorics.IndependentSets.Encoding.GraphTableComplexity (31s)
✔ [9029/9377] Built OAI.Combinatorics.IndependentSets.Fourier.FourierResponse (32s)
✔ [9030/9377] Built OAI.Combinatorics.IndependentSets.Machines.MachineTableRows (32s)
✔ [9031/9377] Built OAI.Combinatorics.IndependentSets.Reduction.SwapOccurrence (33s)
✔ [9032/9377] Built OAI.Combinatorics.IndependentSets.PCP.Input (34s)
✔ [9033/9377] Built OAI.Combinatorics.IndependentSets.Expansion.PortTables (34s)
✔ [9034/9377] Built OAI.Combinatorics.IndependentSets.PCP.AssignmentTester (36s)
✔ [9035/9377] Built OAI.Combinatorics.IndependentSets.Reduction.UniformLaw (28s)
✔ [9036/9377] Built OAI.Combinatorics.IndependentSets.Fourier.LocalEquations (31s)
✔ [9037/9377] Built OAI.Combinatorics.IndependentSets.Repetition.QuestionMarginal (32s)
✔ [9038/9377] Built OAI.Combinatorics.IndependentSets.PCP.InitialGraph (34s)
✔ [9039/9377] Built OAI.Combinatorics.IndependentSets.Machines.GraphCounterFinish (31s)
✔ [9040/9377] Built OAI.Combinatorics.IndependentSets.Machines.GraphCounterStart (31s)
✔ [9041/9377] Built OAI.Combinatorics.IndependentSets.Repetition.Reveal (34s)
✔ [9042/9377] Built OAI.Combinatorics.IndependentSets.PCP.VerifierCNF (39s)
✔ [9043/9377] Built OAI.Combinatorics.IndependentSets.Repetition.ScalarSampleInfluence (32s)
✔ [9044/9377] Built OAI.Combinatorics.IndependentSets.Reduction.SimplexLaw (32s)
✔ [9045/9377] Built OAI.Combinatorics.IndependentSets.Reduction.Bits (32s)
✔ [9046/9377] Built OAI.Combinatorics.IndependentSets.Encoding.PortTableEncoding (32s)
✔ [9047/9377] Built OAI.Combinatorics.IndependentSets.PCP.Setup (32s)
✔ [9048/9377] Built OAI.Combinatorics.IndependentSets.Fourier.GameDecoder (32s)
✔ [9049/9377] Built OAI.Combinatorics.IndependentSets.Expansion.PortTableLookup (27s)
✔ [9050/9377] Built OAI.Combinatorics.IndependentSets.Machines.MachineControl (34s)
✔ [9051/9377] Built OAI.Combinatorics.IndependentSets.PCP.AlphabetRetraction (32s)
✔ [9052/9377] Built OAI.Combinatorics.IndependentSets.PCP.AlphabetReduction (31s)
✔ [9053/9377] Built OAI.Combinatorics.IndependentSets.Reduction.Mix (32s)
✔ [9054/9377] Built OAI.Combinatorics.IndependentSets.Geometry.EmbeddingLayerLaw (32s)
✔ [9055/9377] Built OAI.Combinatorics.IndependentSets.Machines.Tape (32s)
✔ [9056/9377] Built OAI.Combinatorics.IndependentSets.Repetition.MaskedVariation (35s)
✔ [9057/9377] Built OAI.Combinatorics.IndependentSets.PCP.FinalCNFTemplate (35s)
✔ [9058/9377] Built OAI.Combinatorics.IndependentSets.Repetition.SelectedInformation (38s)
✔ [9059/9377] Built OAI.Combinatorics.IndependentSets.Repetition.CayleySampling (33s)
✔ [9060/9377] Built OAI.Combinatorics.IndependentSets.PCP.RawInitialTables (30s)
✔ [9061/9377] Built OAI.Combinatorics.IndependentSets.Reduction.CellLaw (27s)
✔ [9062/9377] Built OAI.Combinatorics.IndependentSets.Expansion.CayleyTailCount (33s)
✔ [9063/9377] Built OAI.Combinatorics.IndependentSets.Machines.MachineFieldProfile (31s)
✔ [9064/9377] Built OAI.Combinatorics.IndependentSets.Expansion.SpectralReturn (33s)
✔ [9065/9377] Built OAI.Combinatorics.IndependentSets.PCP.AlphabetGraph (30s)
✔ [9066/9377] Built OAI.Combinatorics.IndependentSets.Expansion.LazySmoothing (34s)
✔ [9067/9377] Built OAI.Combinatorics.IndependentSets.Fourier.Walsh2 (32s)
✔ [9068/9377] Built OAI.Combinatorics.IndependentSets.Reduction.RowBitsEquiv (30s)
✔ [9069/9377] Built OAI.Combinatorics.IndependentSets.Encoding.Concrete (33s)
✔ [9070/9377] Built OAI.Combinatorics.IndependentSets.Repetition.SelectedJoint (32s)
✔ [9071/9377] Built OAI.Combinatorics.IndependentSets.Repetition.PartialReveal (32s)
✔ [9072/9377] Built OAI.Combinatorics.IndependentSets.Machines.ProfileMachine (32s)
✔ [9073/9377] Built OAI.Combinatorics.IndependentSets.Machines.RawInitialMachineBudget (32s)
✔ [9074/9377] Built OAI.Combinatorics.IndependentSets.Fourier.Game (33s)
✔ [9075/9377] Built OAI.Combinatorics.IndependentSets.Repetition.Overlap (33s)
✔ [9076/9377] Built OAI.Combinatorics.IndependentSets.Expansion.CayleySpectral (34s)
✔ [9077/9377] Built OAI.Combinatorics.IndependentSets.Expansion.Indicators (34s)
✔ [9078/9377] Built OAI.Combinatorics.IndependentSets.Expansion.Profiles (34s)
✔ [9079/9377] Built OAI.Combinatorics.IndependentSets.PCP.FinalBooleanVerifier (34s)
✔ [9080/9377] Built OAI.Combinatorics.IndependentSets.Expansion.PoweringReturn (34s)
✔ [9081/9377] Built OAI.Combinatorics.IndependentSets.PCP.Enumeration (41s)
✔ [9082/9377] Built OAI.Combinatorics.IndependentSets.Repetition.SelectedJointGame (43s)
✔ [9083/9377] Built OAI.Combinatorics.IndependentSets.Encoding.Bounds (33s)
✔ [9084/9377] Built OAI.Combinatorics.IndependentSets.Geometry.CoordinateMean (33s)
✔ [9085/9377] Built OAI.Combinatorics.IndependentSets.Machines.MachineUnaryCounter (26s)
✔ [9086/9377] Built OAI.Combinatorics.IndependentSets.Repetition.SelectedMarginal (33s)
✔ [9087/9377] Built OAI.Combinatorics.IndependentSets.Machines.PushWord (33s)
✔ [9088/9377] Built OAI.Combinatorics.IndependentSets.Machines.MachineSequential (24s)
✔ [9089/9377] Built OAI.Combinatorics.IndependentSets.PCP.ReadRelation (34s)
✔ [9090/9377] Built OAI.Combinatorics.IndependentSets.Reduction.DyadicPrecision (35s)
✔ [9091/9377] Built OAI.Combinatorics.IndependentSets.Fourier.Soundness (33s)
✔ [9092/9377] Built OAI.Combinatorics.IndependentSets.Repetition.SharedSampling (32s)
✔ [9093/9377] Built OAI.Combinatorics.IndependentSets.Expansion.Expanders (33s)
✔ [9094/9377] Built OAI.Combinatorics.IndependentSets.Machines.MachineFixedBlockMap (34s)
✔ [9095/9377] Built OAI.Combinatorics.IndependentSets.Machines.MachineStateEquiv (34s)
✔ [9096/9377] Built OAI.Combinatorics.IndependentSets.Machines.PoweringMachineLoop (33s)
✔ [9097/9377] Built OAI.Combinatorics.IndependentSets.PCP.FinalCNFPattern (31s)
✔ [9098/9377] Built OAI.Combinatorics.IndependentSets.Machines.MachineUnaryAdd (33s)
✔ [9099/9377] Built OAI.Combinatorics.IndependentSets.Repetition.Mixture (33s)
✔ [9100/9377] Built OAI.Combinatorics.IndependentSets.Reduction.SwapCoords (34s)
✔ [9101/9377] Built OAI.Combinatorics.IndependentSets.Machines.MachineLookupCore (34s)
✔ [9102/9377] Built OAI.Combinatorics.IndependentSets.Machines.MachineUnaryAffine (34s)
✔ [9103/9377] Built OAI.Combinatorics.IndependentSets.Machines.MachineDummyRows (34s)
✔ [9104/9377] Built OAI.Combinatorics.IndependentSets.Machines.MachineInitialHeaders (34s)
✔ [9105/9377] Built OAI.Combinatorics.IndependentSets.Machines.MachineFixedDivMod (34s)
✔ [9106/9377] Built OAI.Combinatorics.IndependentSets.PCP.Queries (44s)
✔ [9107/9377] Built OAI.Combinatorics.IndependentSets.Reduction.ClampCube (34s)
✔ [9108/9377] Built OAI.Combinatorics.IndependentSets.Repetition.ProfileBounds (33s)
✔ [9109/9377] Built OAI.Combinatorics.IndependentSets.Repetition.DistributionIdentities (24s)
✔ [9110/9377] Built OAI.Combinatorics.IndependentSets.Expansion.Finite (33s)
✔ [9111/9377] Built OAI.Combinatorics.IndependentSets.Machines.FinalCNFMachine (33s)
✔ [9112/9377] Built OAI.Combinatorics.IndependentSets.Fourier.NumberedStorage (34s)
✔ [9113/9377] Built OAI.Combinatorics.IndependentSets.Machines.MachineTransducer (34s)
✔ [9114/9377] Built OAI.Combinatorics.IndependentSets.Machines.PoweringMachineRow (33s)
✔ [9115/9377] Built OAI.Combinatorics.IndependentSets.Machines.MachineLookupDiscard (32s)
✔ [9116/9377] Built OAI.Combinatorics.IndependentSets.PCP.Lookup (32s)
✔ [9117/9377] Built OAI.Combinatorics.IndependentSets.Machines.MachinePaddingRows (32s)
✔ [9118/9377] Built OAI.Combinatorics.IndependentSets.PCP.Semantics (32s)
✔ [9119/9377] Built OAI.Combinatorics.IndependentSets.Machines.MachineUnaryEqualityBit (32s)
✔ [9120/9377] Built OAI.Combinatorics.IndependentSets.Reduction.PairEnergy (33s)
✔ [9121/9377] Built OAI.Combinatorics.IndependentSets.Machines.MachinePortReindex (32s)
✔ [9122/9377] Built OAI.Combinatorics.IndependentSets.Machines.MachineUnaryLess (37s)
✔ [9123/9377] Built OAI.Combinatorics.IndependentSets.Machines.MachinePaddingBounds (30s)
✔ [9124/9377] Built OAI.Combinatorics.IndependentSets.Repetition.CoordinateCompletion (34s)
✔ [9125/9377] Built OAI.Combinatorics.IndependentSets.Expansion.ZigzagSpectral (34s)
✔ [9126/9377] Built OAI.Combinatorics.IndependentSets.Machines.MachineTransducerCopy (34s)
✔ [9127/9377] Built OAI.Combinatorics.IndependentSets.Machines.Block (34s)
✔ [9128/9377] Built OAI.Combinatorics.IndependentSets.Machines.MachineLookup (34s)
✔ [9129/9377] Built OAI.Combinatorics.IndependentSets.Repetition.SelectedProfiles (35s)
✔ [9130/9377] Built OAI.Combinatorics.IndependentSets.PCP.Ambient (42s)
✔ [9131/9377] Built OAI.Combinatorics.IndependentSets.Expansion.ExpanderFamily (31s)
✔ [9132/9377] Built OAI.Combinatorics.IndependentSets.Reduction.Circle (31s)
✔ [9133/9377] Built OAI.Combinatorics.IndependentSets.Machines.GraphCounterPrefix (23s)
✔ [9134/9377] Built OAI.Combinatorics.IndependentSets.Repetition.LocalSimulation (31s)
✔ [9135/9377] Built OAI.Combinatorics.IndependentSets.Expansion.Overlay (31s)
✔ [9136/9377] Built OAI.Combinatorics.IndependentSets.PCP.Semantics2 (32s)
✔ [9137/9377] Built OAI.Combinatorics.IndependentSets.Machines.Enumeration (31s)
✔ [9138/9377] Built OAI.Combinatorics.IndependentSets.PCP.CompareLoop (34s)
✔ [9139/9377] Built OAI.Combinatorics.IndependentSets.Expansion.ExpanderTables (33s)
✔ [9140/9377] Built OAI.Combinatorics.IndependentSets.PCP.VertexPadding (33s)
✔ [9141/9377] Built OAI.Combinatorics.IndependentSets.Reduction.ArbitraryRealJunta (31s)
✔ [9142/9377] Built OAI.Combinatorics.IndependentSets.Repetition.SelectedProfileBudget (33s)
✔ [9143/9377] Built OAI.Combinatorics.IndependentSets.Machines.MachineSubroutine (33s)
✔ [9144/9377] Built OAI.Combinatorics.IndependentSets.Expansion.Finite2 (33s)
✔ [9145/9377] Built OAI.Combinatorics.IndependentSets.PCP.FinalCNFTableAdapter (33s)
✔ [9146/9377] Built OAI.Combinatorics.IndependentSets.PCP.Emitter (46s)
✔ [9147/9377] Built OAI.Combinatorics.IndependentSets.Geometry.DeletedLayerEquiv (25s)
✔ [9148/9377] Built OAI.Combinatorics.IndependentSets.Expansion.Row (26s)
✔ [9149/9377] Built OAI.Combinatorics.IndependentSets.Reduction.SquareNorm (26s)
✔ [9150/9377] Built OAI.Combinatorics.IndependentSets.Expansion.PoweringLazy (26s)
✔ [9151/9377] Built OAI.Combinatorics.IndependentSets.PCP.AlphabetGraphBounds (26s)
✔ [9152/9377] Built OAI.Combinatorics.IndependentSets.Expansion.PreprocessingPaddingTables (27s)
✔ [9153/9377] Built OAI.Combinatorics.IndependentSets.Reduction.InfluenceSqParamMeasurable (28s)
✔ [9154/9377] Built OAI.Combinatorics.IndependentSets.Expansion.ExpanderTableWords (20s)
✔ [9155/9377] Built OAI.Combinatorics.IndependentSets.Expansion.PreprocessingLevels (25s)
✔ [9156/9377] Built OAI.Combinatorics.IndependentSets.Machines.MachineAffineLookup (24s)
✔ [9157/9377] Built OAI.Combinatorics.IndependentSets.Expansion.ExpanderRowControl (25s)
✔ [9158/9377] Built OAI.Combinatorics.IndependentSets.Machines.MachinePreservingLookupClean (24s)
✔ [9159/9377] Built OAI.Combinatorics.IndependentSets.Repetition.RevealFactorization (25s)
✔ [9160/9377] Built OAI.Combinatorics.IndependentSets.Machines.MachineStateFrame (24s)
✔ [9161/9377] Built OAI.Combinatorics.IndependentSets.Expansion.Regularization (24s)
✔ [9162/9377] Built OAI.Combinatorics.IndependentSets.Machines.MachineCloudCount (25s)
✔ [9163/9377] Built OAI.Combinatorics.IndependentSets.Expansion.PreprocessingRegularTables (27s)
✔ [9164/9377] Built OAI.Combinatorics.IndependentSets.Expansion.PreprocessingOverlayTables (34s)
✔ [9165/9377] Built OAI.Combinatorics.IndependentSets.Expansion.PoweringOpinions (33s)
✔ [9166/9377] Built OAI.Combinatorics.IndependentSets.Expansion.PoweringWitness (34s)
✔ [9167/9377] Built OAI.Combinatorics.IndependentSets.Expansion.PreprocessingPaddingWords (32s)
✔ [9168/9377] Built OAI.Combinatorics.IndependentSets.Reduction.AuxiliaryJointMeasurable (33s)
✔ [9169/9377] Built OAI.Combinatorics.IndependentSets.Machines.AmbientRelation (39s)
✔ [9170/9377] Built OAI.Combinatorics.IndependentSets.PCP.Addresses (42s)
✔ [9171/9377] Built OAI.Combinatorics.IndependentSets.Expansion.PoweringTest (24s)
✔ [9172/9377] Built OAI.Combinatorics.IndependentSets.Machines.PoweringMachineRotor (32s)
✔ [9173/9377] Built OAI.Combinatorics.IndependentSets.Expansion.ExpanderTableEnumeration (32s)
✔ [9174/9377] Built OAI.Combinatorics.IndependentSets.Expansion.LazySpectral (31s)
✔ [9175/9377] Built OAI.Combinatorics.IndependentSets.Machines.MachineCloudRank (28s)
✔ [9176/9377] Built OAI.Combinatorics.IndependentSets.Machines.MachineExpanderRowProgram (35s)
✔ [9177/9377] Built OAI.Combinatorics.IndependentSets.Machines.MachineCeilingPower (36s)
✔ [9178/9377] Built OAI.Combinatorics.IndependentSets.Repetition.SelectedCompletionGame (42s)
✔ [9179/9377] Built OAI.Combinatorics.IndependentSets.Machines.MachinePaddingCertificate (30s)
✔ [9180/9377] Built OAI.Combinatorics.IndependentSets.Machines.FinalCNFRowTrace (22s)
✔ [9181/9377] Built OAI.Combinatorics.IndependentSets.Reduction.SubchainBase (31s)
✔ [9182/9377] Built OAI.Combinatorics.IndependentSets.Expansion.PreprocessingPaddingOffsets (34s)
✔ [9183/9377] Built OAI.Combinatorics.IndependentSets.Expansion.PreprocessingFamilyBridge (33s)
✔ [9184/9377] Built OAI.Combinatorics.IndependentSets.Reduction.FullAbsorptionSquare (30s)
✔ [9185/9377] Built OAI.Combinatorics.IndependentSets.Expansion.PreprocessingLazyWords (35s)
✔ [9186/9377] Built OAI.Combinatorics.IndependentSets.Machines.MachineRegularOriginalRow (38s)
✔ [9187/9377] Built OAI.Combinatorics.IndependentSets.Expansion.PreprocessingTables (28s)
✔ [9188/9377] Built OAI.Combinatorics.IndependentSets.Expansion.PoweringNumeric (29s)
✔ [9189/9377] Built OAI.Combinatorics.IndependentSets.Machines.PoweringMachineWord (29s)
✔ [9190/9377] Built OAI.Combinatorics.IndependentSets.Machines.FinalCNFHeader (32s)
✔ [9191/9377] Built OAI.Combinatorics.IndependentSets.Machines.FinalCNFRowPlan (31s)
✔ [9192/9377] Built OAI.Combinatorics.IndependentSets.Expansion.PoweringOpinionTables (30s)
✔ [9193/9377] Built OAI.Combinatorics.IndependentSets.PCP.EmitRows (30s)
✔ [9194/9377] Built OAI.Combinatorics.IndependentSets.Machines.MachineCloudSelect (29s)
✔ [9195/9377] Built OAI.Combinatorics.IndependentSets.Repetition.ActualGame (30s)
✔ [9196/9377] Built OAI.Combinatorics.IndependentSets.Machines.MachineExpanderRowLookup (31s)
✔ [9197/9377] Built OAI.Combinatorics.IndependentSets.Machines.Machine2 (30s)
✔ [9198/9377] Built OAI.Combinatorics.IndependentSets.Machines.MachineExpanderRowDivision (32s)
✔ [9199/9377] Built OAI.Combinatorics.IndependentSets.Machines.MachineExpanderRowEmit (32s)
✔ [9200/9377] Built OAI.Combinatorics.IndependentSets.Expansion.PreprocessingInternalRows (27s)
✔ [9201/9377] Built OAI.Combinatorics.IndependentSets.Machines.MachineCloudPadding (32s)
✔ [9202/9377] Built OAI.Combinatorics.IndependentSets.Machines.FinalCNFRow (45s)
✔ [9203/9377] Built OAI.Combinatorics.IndependentSets.Expansion.PreprocessingStageMaps (28s)
✔ [9204/9377] Built OAI.Combinatorics.IndependentSets.Expansion.PreprocessingTableSpectral (29s)
✔ [9205/9377] Built OAI.Combinatorics.IndependentSets.Expansion.PreprocessingOverlayWords (31s)
✔ [9206/9377] Built OAI.Combinatorics.IndependentSets.Machines.Execution (33s)
✔ [9207/9377] Built OAI.Combinatorics.IndependentSets.Reduction.DiscreteBoundAuxiliary (34s)
✔ [9208/9377] Built OAI.Combinatorics.IndependentSets.Machines.Label (34s)
✔ [9209/9377] Built OAI.Combinatorics.IndependentSets.Machines.PoweringMachineTapes (20s)
✔ [9210/9377] Built OAI.Combinatorics.IndependentSets.Reduction.FiniteParameterSelection (39s)
✔ [9211/9377] Built OAI.Combinatorics.IndependentSets.Reduction.Parameters (29s)
✔ [9212/9377] Built OAI.Combinatorics.IndependentSets.Machines.MachineExpanderTableProgram (26s)
✔ [9213/9377] Built OAI.Combinatorics.IndependentSets.Machines.Reverse (27s)
✔ [9214/9377] Built OAI.Combinatorics.IndependentSets.Expansion.PoweringTables (31s)
✔ [9215/9377] Built OAI.Combinatorics.IndependentSets.Expansion.PreprocessingRegularWords (26s)
✔ [9216/9377] Built OAI.Combinatorics.IndependentSets.PCP.Driver (32s)
✔ [9217/9377] Built OAI.Combinatorics.IndependentSets.Machines.MachineRegularDummyRow (23s)
✔ [9218/9377] Built OAI.Combinatorics.IndependentSets.Machines.Alphabet (28s)
✔ [9219/9377] Built OAI.Combinatorics.IndependentSets.Machines.MachineRegularLift (30s)
✔ [9220/9377] Built OAI.Combinatorics.IndependentSets.Machines.FinalCNFStream (30s)
✔ [9221/9377] Built OAI.Combinatorics.IndependentSets.Machines.PoweringMachineInitialize (29s)
✔ [9222/9377] Built OAI.Combinatorics.IndependentSets.Machines.VertexLabel (29s)
✔ [9223/9377] Built OAI.Combinatorics.IndependentSets.Machines.MachineCloudPrefix (33s)
✔ [9224/9377] Built OAI.Combinatorics.IndependentSets.Machines.MachineOverlayRows (31s)
✔ [9225/9377] Built OAI.Combinatorics.IndependentSets.Reduction.DeletedProjection (32s)
✔ [9226/9377] Built OAI.Combinatorics.IndependentSets.Machines.MachineRegularOriginalClean (32s)
✔ [9227/9377] Built OAI.Combinatorics.IndependentSets.Fourier.Gap (32s)
✔ [9228/9377] Built OAI.Combinatorics.IndependentSets.Expansion.PoweringTableSemantics (29s)
✔ [9229/9377] Built OAI.Combinatorics.IndependentSets.Expansion.PreprocessingRegularBounds (30s)
✔ [9230/9377] Built OAI.Combinatorics.IndependentSets.Machines.PoweringMachineEqualityField (33s)
✔ [9231/9377] Built OAI.Combinatorics.IndependentSets.Machines.MachineExpanderFamilyProgram (32s)
✔ [9232/9377] Built OAI.Combinatorics.IndependentSets.Expansion.PoweringRowData (30s)
✔ [9233/9377] Built OAI.Combinatorics.IndependentSets.Machines.MachineExpanderRowFrames (30s)
✔ [9234/9377] Built OAI.Combinatorics.IndependentSets.Machines.MachineExpanderTableBoundary (32s)
✔ [9235/9377] Built OAI.Combinatorics.IndependentSets.Machines.Initialization (33s)
✔ [9236/9377] Built OAI.Combinatorics.IndependentSets.PCP.Finish (33s)
✔ [9237/9377] Built OAI.Combinatorics.IndependentSets.Machines.PoweringGlobalEnumeration (33s)
✔ [9238/9377] Built OAI.Combinatorics.IndependentSets.Expansion.PoweringTableLayout (33s)
✔ [9239/9377] Built OAI.Combinatorics.IndependentSets.Machines.FinalCNFLoop (33s)
✔ [9240/9377] Built OAI.Combinatorics.IndependentSets.Machines.SelectAlphabet (35s)
✔ [9241/9377] Built OAI.Combinatorics.IndependentSets.Machines.Basic (36s)
✔ [9242/9377] Built OAI.Combinatorics.IndependentSets.PCP.Body (43s)
✔ [9243/9377] Built OAI.Combinatorics.IndependentSets.Machines.MachineExpanderFamilyTapes (24s)
✔ [9244/9377] Built OAI.Combinatorics.IndependentSets.Expansion.PoweringFieldPlan (22s)
✔ [9245/9377] Built OAI.Combinatorics.IndependentSets.PCP.Gap (25s)
✔ [9246/9377] Built OAI.Combinatorics.IndependentSets.Expansion.Supported2 (26s)
✔ [9247/9377] Built OAI.Combinatorics.IndependentSets.Reduction.FrameNonempty (26s)
✔ [9248/9377] Built OAI.Combinatorics.IndependentSets.Machines.MachineExpanderRow (23s)
✔ [9249/9377] Built OAI.Combinatorics.IndependentSets.Machines.PoweringMachineRelationField (19s)
✔ [9250/9377] Built OAI.Combinatorics.IndependentSets.PCP.LoopInitialization (27s)
✔ [9251/9377] Built OAI.Combinatorics.IndependentSets.PCP.AmplificationRound (26s)
✔ [9252/9377] Built OAI.Combinatorics.IndependentSets.Expansion.PoweringGap (26s)
✔ [9253/9377] Built OAI.Combinatorics.IndependentSets.Machines.MachineExpanderTableRows (28s)
✔ [9254/9377] Built OAI.Combinatorics.IndependentSets.Machines.OldSelectSteps (30s)
✔ [9255/9377] Built OAI.Combinatorics.IndependentSets.Machines.MachineExpanderFamilyTransfer (30s)
✔ [9256/9377] Built OAI.Combinatorics.IndependentSets.Machines.MachineRegularMetadata (57s)
✔ [9257/9377] Built OAI.Combinatorics.IndependentSets.Reduction.SamplerParameters (30s)
✔ [9258/9377] Built OAI.Combinatorics.IndependentSets.Machines.PoweringMachineField (22s)
✔ [9259/9377] Built OAI.Combinatorics.IndependentSets.Machines.Runtime (22s)
✔ [9260/9377] Built OAI.Combinatorics.IndependentSets.Machines.MachineExpanderTableLoop (24s)
✔ [9261/9377] Built OAI.Combinatorics.IndependentSets.PCP.RoundGap (24s)
✔ [9262/9377] Built OAI.Combinatorics.IndependentSets.Expansion.PoweringPortReindex (26s)
✔ [9263/9377] Built OAI.Combinatorics.IndependentSets.Machines.MachineExpanderFamilyAffine (23s)
✔ [9264/9377] Built OAI.Combinatorics.IndependentSets.Reduction.Simple (22s)
✔ [9265/9377] Built OAI.Combinatorics.IndependentSets.Machines.CoreInputTapes (27s)
✔ [9266/9377] Built OAI.Combinatorics.IndependentSets.Machines.MachineFiniteAlphabet (15s)
✔ [9267/9377] Built OAI.Combinatorics.IndependentSets.Machines.MachineFiniteSequence (17s)
✔ [9268/9377] Built OAI.Combinatorics.IndependentSets.PCP.PCPIteration (15s)
✔ [9269/9377] Built OAI.Combinatorics.IndependentSets.Machines.MachineExpanderTable (22s)
✔ [9270/9377] Built OAI.Combinatorics.IndependentSets.Machines.MachineRegularVertexBlock (25s)
✔ [9271/9377] Built OAI.Combinatorics.IndependentSets.Machines.MachineDrainMany (19s)
✔ [9272/9377] Built OAI.Combinatorics.IndependentSets.PCP.BoundedIteration (20s)
✔ [9273/9377] Built OAI.Combinatorics.IndependentSets.Expansion.PoweringPlanBudget (22s)
✔ [9274/9377] Built OAI.Combinatorics.IndependentSets.Encoding.FinalTableFormula (19s)
✔ [9275/9377] Built OAI.Combinatorics.IndependentSets.PCP.FinalCNF (23s)
✔ [9276/9377] Built OAI.Combinatorics.IndependentSets.Machines.MachineExpanderFamilyBounds (20s)
✔ [9277/9377] Built OAI.Combinatorics.IndependentSets.Machines.PoweringMachineFinish (17s)
✔ [9278/9377] Built OAI.Combinatorics.IndependentSets.PCP.Redirect (18s)
✔ [9279/9377] Built OAI.Combinatorics.IndependentSets.PCP.TableIteration (16s)
✔ [9280/9377] Built OAI.Combinatorics.IndependentSets.Machines.FinalCNFOutput (16s)
✔ [9281/9377] Built OAI.Combinatorics.IndependentSets.Machines.PoweringMachineRowHeaders (17s)
✔ [9282/9377] Built OAI.Combinatorics.IndependentSets.Machines.MachineExpanderFamilyCycle (14s)
✔ [9283/9377] Built OAI.Combinatorics.IndependentSets.PCP.RoundTableGap (13s)
✔ [9284/9377] Built OAI.Combinatorics.IndependentSets.PCP.GraphIterationBounds (15s)
✔ [9285/9377] Built OAI.Combinatorics.IndependentSets.Machines.PoweringMachineRowBody (15s)
✔ [9286/9377] Built OAI.Combinatorics.IndependentSets.Machines.MachineExpanderFamilyLoop (13s)
✔ [9287/9377] Built OAI.Combinatorics.IndependentSets.Encoding.GapFormula (13s)
✔ [9288/9377] Built OAI.Combinatorics.IndependentSets.Machines.PoweringMachineVertex (14s)
✔ [9289/9377] Built OAI.Combinatorics.IndependentSets.Machines.MachinePaddedExpanderFamilyProgram (12s)
✔ [9290/9377] Built OAI.Combinatorics.IndependentSets.Machines.MachineFiniteTable (17s)
✔ [9291/9377] Built OAI.Combinatorics.IndependentSets.PCP.ClausePolynomial (13s)
✔ [9292/9377] Built OAI.Combinatorics.IndependentSets.Machines.MachinePaddedExpanderFamilyFrames (15s)
✔ [9293/9377] Built OAI.Combinatorics.IndependentSets.Expansion.PoweringPolynomialBudget (15s)
✔ [9294/9377] Built OAI.Combinatorics.IndependentSets.Machines.PoweringMachineOuterLoop (15s)
✔ [9295/9377] Built OAI.Combinatorics.IndependentSets.Machines.RawInitialMachineStart (15s)
✔ [9296/9377] Built OAI.Combinatorics.IndependentSets.Reduction.Total (13s)
✔ [9297/9377] Built OAI.Combinatorics.IndependentSets.Machines.MachinePaddedExpanderFamilyBounds (14s)
✔ [9298/9377] Built OAI.Combinatorics.IndependentSets.Machines.PoweringMachineGlobal (14s)
✔ [9299/9377] Built OAI.Combinatorics.IndependentSets.Machines.RawInitialMachineLoopData (14s)
✔ [9300/9377] Built OAI.Combinatorics.IndependentSets.Reduction.CircleCost (18s)
✔ [9301/9377] Built OAI.Combinatorics.IndependentSets.Expansion.Capped (19s)
✔ [9302/9377] Built OAI.Combinatorics.IndependentSets.Machines.PoweringRuntimeBudget (24s)
✔ [9303/9377] Built OAI.Combinatorics.IndependentSets.Expansion.PoweringGlobalConfiguration (24s)
✔ [9304/9377] Built OAI.Combinatorics.IndependentSets.Expansion.PoweringInitializeFrame (24s)
✔ [9305/9377] Built OAI.Combinatorics.IndependentSets.Machines.MachineRegularFamily (25s)
✔ [9306/9377] Built OAI.Combinatorics.IndependentSets.Machines.RawInitialMachineRows (24s)
✔ [9307/9377] Built OAI.Combinatorics.IndependentSets.Machines.RawInitialMachineReadClause (27s)
✔ [9308/9377] Built OAI.Combinatorics.IndependentSets.Reduction.ThresholdDecidable (19s)
✔ [9309/9377] Built OAI.Combinatorics.IndependentSets.Machines.RawInitialMachineFinish (20s)
✔ [9310/9377] Built OAI.Combinatorics.IndependentSets.Machines.PoweringMachineRuntime (15s)
✔ [9311/9377] Built OAI.Combinatorics.IndependentSets.Geometry.GeometryNaming (15s)
✔ [9312/9377] Built OAI.Combinatorics.IndependentSets.Machines.MachineRegularOriginalBody (19s)
✔ [9313/9377] Built OAI.Combinatorics.IndependentSets.Machines.RawInitialMachineCleanup (15s)
✔ [9314/9377] Built OAI.Combinatorics.IndependentSets.Reduction.Mixed (13s)
✔ [9315/9377] Built OAI.Combinatorics.IndependentSets.Expansion.RoundComputation (12s)
✔ [9316/9377] Built OAI.Combinatorics.IndependentSets.Machines.RawInitialMachineLoop (13s)
✔ [9317/9377] Built OAI.Combinatorics.IndependentSets.Machines.MachineRegularOwnerCleanup (13s)
✔ [9318/9377] Built OAI.Combinatorics.IndependentSets.Machines.MachineRegularExecutionBounds (14s)
✔ [9319/9377] Built OAI.Combinatorics.IndependentSets.Reduction.EnumerationSimple (13s)
✔ [9320/9377] Built OAI.Combinatorics.IndependentSets.Machines.FinalCNFComputation (10s)
✔ [9321/9377] Built OAI.Combinatorics.IndependentSets.Machines.MachineRegularOwnerProgram (10s)
✔ [9322/9377] Built OAI.Combinatorics.IndependentSets.Reduction.MapEquiv (9.0s)
✔ [9323/9377] Built OAI.Combinatorics.IndependentSets.Machines.TableIterationFiniteAlphabet (11s)
✔ [9324/9377] Built OAI.Combinatorics.IndependentSets.Machines.ComputeTime (12s)
✔ [9325/9377] Built OAI.Combinatorics.IndependentSets.Machines.MachineRegularOwnerBody (13s)
✔ [9326/9377] Built OAI.Combinatorics.IndependentSets.Machines.HeaderStates (10s)
✔ [9327/9377] Built OAI.Combinatorics.IndependentSets.Machines.Command (11s)
✔ [9328/9377] Built OAI.Combinatorics.IndependentSets.Machines.MachineRegularOwnerBodyBounds (10s)
✔ [9329/9377] Built OAI.Combinatorics.IndependentSets.Machines.FinalLabel (9.3s)
✔ [9330/9377] Built OAI.Combinatorics.IndependentSets.Machines.OwnerData (10s)
✔ [9331/9377] Built OAI.Combinatorics.IndependentSets.Machines.MachineRegularTableTrace (6.0s)
✔ [9332/9377] Built OAI.Combinatorics.IndependentSets.Machines.Copy (8.5s)
✔ [9333/9377] Built OAI.Combinatorics.IndependentSets.Machines.MachineRegularTableBounds (6.9s)
✔ [9334/9377] Built OAI.Combinatorics.IndependentSets.Machines.LengthLoop (7.0s)
✔ [9335/9377] Built OAI.Combinatorics.IndependentSets.Machines.Structural (6.7s)
✔ [9336/9377] Built OAI.Combinatorics.IndependentSets.Machines.Correct (6.8s)
✔ [9337/9377] Built OAI.Combinatorics.IndependentSets.Machines.MachineRegularTableRuntime (7.3s)
✔ [9338/9377] Built OAI.Combinatorics.IndependentSets.Machines.ValuePolynomial (9.5s)
✔ [9339/9377] Built OAI.Combinatorics.IndependentSets.Machines.Restrict (12s)
✔ [9340/9377] Built OAI.Combinatorics.IndependentSets.Machines.Tape2 (15s)
✔ [9341/9377] Built OAI.Combinatorics.IndependentSets.Machines.MachineVertexPadding (16s)
✔ [9342/9377] Built OAI.Combinatorics.IndependentSets.Machines.Tape3 (17s)
✔ [9343/9377] Built OAI.Combinatorics.IndependentSets.Machines.Printer (9.5s)
✔ [9344/9377] Built OAI.Combinatorics.IndependentSets.Machines.Remaining (9.6s)
✔ [9345/9377] Built OAI.Combinatorics.IndependentSets.Machines.PhasePolynomial (7.3s)
✔ [9346/9377] Built OAI.Combinatorics.IndependentSets.Machines.BitValue (9.2s)
✔ [9347/9377] Built OAI.Combinatorics.IndependentSets.Machines.MachinePaddedOverlay (7.6s)
✔ [9348/9377] Built OAI.Combinatorics.IndependentSets.Machines.FramedLen (6.7s)
✔ [9349/9377] Built OAI.Combinatorics.IndependentSets.Machines.MachinePaddedOverlayRuntime (7.2s)
✔ [9350/9377] Built OAI.Combinatorics.IndependentSets.Machines.Represented (7.1s)
✔ [9351/9377] Built OAI.Combinatorics.IndependentSets.Machines.ExprDrop (8.7s)
✔ [9352/9377] Built OAI.Combinatorics.IndependentSets.Reduction.StoredFloyd (9.9s)
✔ [9353/9377] Built OAI.Combinatorics.IndependentSets.Machines.Remaining2 (11s)
✔ [9354/9377] Built OAI.Combinatorics.IndependentSets.Machines.MachineLazyTableRuntime (12s)
✔ [9355/9377] Built OAI.Combinatorics.IndependentSets.PCP.LCTable (12s)
✔ [9356/9377] Built OAI.Combinatorics.IndependentSets.Reduction.FiniteScan (13s)
✔ [9357/9377] Built OAI.Combinatorics.IndependentSets.Reduction.FloydLoop (15s)
✔ [9358/9377] Built OAI.Combinatorics.IndependentSets.PCP.TargetLC (14s)
✔ [9359/9377] Built OAI.Combinatorics.IndependentSets.Encoding.BinarySyntax (14s)
✔ [9360/9377] Built OAI.Combinatorics.IndependentSets.Encoding.GeometryExpr (15s)
✔ [9361/9377] Built OAI.Combinatorics.IndependentSets.Encoding.BinaryNameTables (14s)
✔ [9362/9377] Built OAI.Combinatorics.IndependentSets.Machines.ExprTables (15s)
✔ [9363/9377] Built OAI.Combinatorics.IndependentSets.PCP.GeometryPointTable (14s)
✔ [9364/9377] Built OAI.Combinatorics.IndependentSets.Encoding.GraphPrinter (14s)
✔ [9365/9377] Built OAI.Combinatorics.IndependentSets.Encoding.BinaryEvents (15s)
✔ [9366/9377] Built OAI.Combinatorics.IndependentSets.Reduction.TargetRead (15s)
✔ [9367/9377] Built OAI.Combinatorics.IndependentSets.Geometry.GeometryLink (15s)
✔ [9368/9377] Built OAI.Combinatorics.IndependentSets.Encoding.TargetLCExpr (12s)
✔ [9369/9377] Built OAI.Combinatorics.IndependentSets.Encoding.BinaryNormalize (12s)
✔ [9370/9377] Built OAI.Combinatorics.IndependentSets.Geometry.GeometryLocations (13s)
✔ [9371/9377] Built OAI.Combinatorics.IndependentSets.Geometry.GeometryInitialize (15s)
✔ [9372/9377] Built OAI.Combinatorics.IndependentSets.Machines.TargetLCMachine (10s)
✔ [9373/9377] Built OAI.Combinatorics.IndependentSets.Machines.PCPGapMachine (11s)
✔ [9374/9377] Built OAI.Combinatorics.IndependentSets.Geometry.GeometryDistance (9.1s)
✔ [9375/9377] Built OAI.Combinatorics.IndependentSets.Geometry.GeometryAntipodes (6.6s)
✔ [9376/9377] Built OAI.Combinatorics.IndependentSets.Geometry.GeometryOutput (5.9s)
✔ [9377/9377] Built OAI.Combinatorics.IndependentSets.Main (5.6s)
Build completed successfully (9377 jobs).
== build rc=0 seconds=1950
{"theorems": ["OAI.LargeIndependentSets.mainTheoremReal"], "defs": ["OAI.LargeIndependentSets.Literal", "OAI.LargeIndependentSets.Formula", "OAI.LargeIndependentSets.Formula.Satisfiable", "OAI.LargeIndependentSets.frame", "OAI.LargeIndependentSets.nameBits", "OAI.LargeIndependentSets.literalBits", "OAI.LargeIndependentSets.clauseBits", "OAI.LargeIndependentSets.formulaBits", "OAI.LargeIndependentSets.Graph", "OAI.LargeIndependentSets.Graph.Independent", "OAI.LargeIndependentSets.Graph.independenceNumber", "OAI.LargeIndependentSets.Graph.ThreeColorable", "OAI.LargeIndependentSets.graphBits", "OAI.LargeIndependentSets.RealGraphReduction"], "json_theorems": ["OAI.LargeIndependentSets.mainTheoremReal"], "missing_from_parse": []}
TYPES/DEFS DIFFER IndependentSets
1,5d0
< /Users/shannon/cc/math/math/lean/Scratch/Challenge_IndependentSets.lean:77:8:
< warning:
< declaration
< uses
< `sorry`
AXIOMS: 'OAI.LargeIndependentSets.mainTheoremReal' depends on axioms: [propext, Classical.choice, Quot.sound] 
== end=2026-10-09T04:56:47Z
