== InterpolatedFactors  module=OAI.Analysis.InterpolatedFactors.Interpolation  start=2026-10-07T14:32:35Z
warning: belyi: repository '/Users/shannon/cc/math/math/lean/.lake/packages/belyi' has local changes
warning: formal-schemes: repository '/Users/shannon/cc/math/math/lean/.lake/packages/formal-schemes' has local changes
warning: elliptic-curves: repository '/Users/shannon/cc/math/math/lean/.lake/packages/elliptic-curves' has local changes
warning: tempered-fundamental-groups: repository '/Users/shannon/cc/math/math/lean/.lake/packages/tempered-fundamental-groups' has local changes
warning: oka: repository '/Users/shannon/cc/math/math/lean/.lake/packages/oka' has local changes
warning: orbicurve-cores: repository '/Users/shannon/cc/math/math/lean/.lake/packages/orbicurve-cores' has local changes
warning: pi1: repository '/Users/shannon/cc/math/math/lean/.lake/packages/pi1' has local changes
warning: heights: repository '/Users/shannon/cc/math/math/lean/.lake/packages/heights' has local changes
warning: genl: repository '/Users/shannon/cc/math/math/lean/.lake/packages/genl' has local changes
warning: tate-curves-theta: repository '/Users/shannon/cc/math/math/lean/.lake/packages/tate-curves-theta' has local changes
warning: iut: repository '/Users/shannon/cc/math/math/lean/.lake/packages/iut' has local changes
✔ [8924/9000] Built OAI.Analysis.FreeGroupFactor.Model (11s)
✔ [8925/9000] Built OAI.Analysis.FreeGroupFactor.GlobalODE (5.7s)
✔ [8926/9000] Built OAI.Analysis.FreeGroupFactor.PolynomialFlow (6.5s)
✔ [8927/9000] Built OAI.Analysis.FreeGroupFactor.NCPolynomial (5.6s)
✔ [8928/9000] Built OAI.Analysis.FreeGroupFactor.TraceCocycle (5.8s)
✔ [8929/9000] Built OAI.Analysis.FreeGroupFactor.UnitaryEvaluation (5.8s)
✔ [8930/9000] Built OAI.Analysis.FreeGroupFactor.Taylor (5.7s)
✔ [8931/9000] Built OAI.Analysis.FreeGroupFactor.Operators (17s)
✔ [8932/9000] Built OAI.Analysis.FreeGroupFactor.MomentFlow (18s)
✔ [8933/9000] Built OAI.Analysis.FreeGroupFactor.NormalExtension (18s)
✔ [8934/9000] Built OAI.Analysis.FreeGroupFactor.Reducing (15s)
✔ [8935/9000] Built OAI.Analysis.FreeGroupFactor.FreeSum (13s)
✔ [8936/9000] Built OAI.Analysis.FreeGroupFactor.Cocycles (31s)
✔ [8937/9000] Built OAI.Analysis.FreeGroupFactor.RadialCoefficients (6.5s)
✔ [8938/9000] Built OAI.Analysis.FreeGroupFactor.SmallCocycle (5.7s)
✔ [8939/9000] Built OAI.Analysis.FreeGroupFactor.LaurentApproximation (19s)
✔ [8940/9000] Built OAI.Analysis.FreeGroupFactor.Nielsen (10s)
✔ [8941/9000] Built OAI.Analysis.FreeGroupFactor.LocalAutomorphism (17s)
✔ [8942/9000] Built OAI.Analysis.FreeGroupFactor.Generation (19s)
✔ [8943/9000] Built OAI.Analysis.FreeGroupFactor.RankTwoWords (6.5s)
✔ [8944/9000] Built OAI.Analysis.FreeGroupFactor.RankTwoCounting (6.5s)
✔ [8945/9000] Built OAI.Analysis.FreeGroupFactor.RankTwoCoefficients (6.4s)
✔ [8946/9000] Built OAI.Analysis.FreeGroupFactor.FiniteRank (13s)
✔ [8947/9000] Built OAI.Analysis.FreeGroupFactor.FiniteMoments (20s)
✔ [8948/9000] Built OAI.Analysis.FreeGroupFactor.FiniteActive (38s)
✔ [8949/9000] Built OAI.Analysis.FreeGroupFactor.InfiniteGeneration (19s)
✔ [8950/9000] Built OAI.Analysis.FreeGroupFactor.Main (7.2s)
✔ [8951/9000] Built OAI.Analysis.InterpolatedFactors.Basic (14s)
✔ [8952/9000] Built OAI.Analysis.InterpolatedFactors.CornerRepresentation (5.0s)
✔ [8953/9000] Built OAI.Analysis.InterpolatedFactors.Fock (25s)
✔ [8954/9000] Built OAI.Analysis.InterpolatedFactors.Polar (13s)
✔ [8955/9000] Built OAI.Analysis.InterpolatedFactors.Rerouting (16s)
✔ [8956/9000] Built OAI.Analysis.InterpolatedFactors.Jacobi (11s)
✔ [8957/9000] Built OAI.Analysis.InterpolatedFactors.Spectral (9.8s)
✔ [8958/9000] Built OAI.Analysis.InterpolatedFactors.Diffuse (11s)
✔ [8959/9000] Built OAI.Analysis.InterpolatedFactors.Gaussian (18s)
✔ [8960/9000] Built OAI.Analysis.InterpolatedFactors.Fresh (12s)
✔ [8961/9000] Built OAI.Analysis.InterpolatedFactors.Diagonal (15s)
✔ [8962/9000] Built OAI.Analysis.InterpolatedFactors.Splitting (14s)
✔ [8963/9000] Built OAI.Analysis.InterpolatedFactors.Mixed (10s)
✔ [8964/9000] Built OAI.Analysis.InterpolatedFactors.Absorption (7.0s)
✔ [8965/9000] Built OAI.Analysis.InterpolatedFactors.CornerGaussian (14s)
✔ [8966/9000] Built OAI.Analysis.InterpolatedFactors.Rotations (7.3s)
✔ [8967/9000] Built OAI.Analysis.InterpolatedFactors.CornerIndex (5.4s)
✔ [8968/9000] Built OAI.Analysis.InterpolatedFactors.PairedAbsorption (15s)
✔ [8969/9000] Built OAI.Analysis.InterpolatedFactors.CornerRange (13s)
✔ [8970/9000] Built OAI.Analysis.InterpolatedFactors.Haar (14s)
✔ [8971/9000] Built OAI.Analysis.InterpolatedFactors.UniformSpectral (21s)
✔ [8972/9000] Built OAI.Analysis.InterpolatedFactors.Recognition (15s)
✔ [8973/9000] Built OAI.Analysis.InterpolatedFactors.CornerGeneration (16s)
✔ [8974/9000] Built OAI.Analysis.InterpolatedFactors.RelativeClosure (13s)
✔ [8975/9000] Built OAI.Analysis.InterpolatedFactors.ScalarSystem (16s)
✔ [8976/9000] Built OAI.Analysis.InterpolatedFactors.GaussianAlgebra (9.0s)
✔ [8977/9000] Built OAI.Analysis.InterpolatedFactors.ScalarGeneration (22s)
✔ [8978/9000] Built OAI.Analysis.InterpolatedFactors.Cyclic (13s)
✔ [8979/9000] Built OAI.Analysis.InterpolatedFactors.Ambient (30s)
✔ [8980/9000] Built OAI.Analysis.InterpolatedFactors.AmbientSystem (11s)
✔ [8981/9000] Built OAI.Analysis.InterpolatedFactors.GroupBridge (29s)
✔ [8982/9000] Built OAI.Analysis.InterpolatedFactors.Ultraweak (9.1s)
✔ [8983/9000] Built OAI.Analysis.InterpolatedFactors.Restriction (12s)
✔ [8984/9000] Built OAI.Analysis.InterpolatedFactors.Subalgebras (13s)
✔ [8985/9000] Built OAI.Analysis.InterpolatedFactors.Stabilization (12s)
✔ [8986/9000] Built OAI.Analysis.InterpolatedFactors.OperatorSums (10s)
✔ [8987/9000] Built OAI.Analysis.InterpolatedFactors.FiniteCorners (16s)
✔ [8988/9000] Built OAI.Analysis.InterpolatedFactors.Spatial (15s)
✔ [8989/9000] Built OAI.Analysis.InterpolatedFactors.StabilizationIso (12s)
✔ [8990/9000] Built OAI.Analysis.InterpolatedFactors.Matrices (22s)
✔ [8991/9000] Built OAI.Analysis.InterpolatedFactors.MatrixNormal (12s)
✔ [8992/9000] Built OAI.Analysis.InterpolatedFactors.DoubleTrace (20s)
✔ [8993/9000] Built OAI.Analysis.InterpolatedFactors.InverseRecognition (8.1s)
✔ [8994/9000] Built OAI.Analysis.InterpolatedFactors.WeightedCorner (21s)
✔ [8995/9000] Built OAI.Analysis.InterpolatedFactors.Scaling (9.2s)
✔ [8996/9000] Built OAI.Analysis.InterpolatedFactors.NormalEquiv (13s)
✔ [8997/9000] Built OAI.Analysis.InterpolatedFactors.Positive (7.9s)
✔ [8998/9000] Built OAI.Analysis.InterpolatedFactors.CornerStabilization (13s)
✔ [8999/9000] Built OAI.Analysis.InterpolatedFactors.NormalTransport (6.2s)
✔ [9000/9000] Built OAI.Analysis.InterpolatedFactors.Interpolation (9.7s)
Build completed successfully (9000 jobs).
== build rc=0 seconds=1073
{"theorems": ["OAI.FreeGroupFactorMain.Interpolation.allInterpolatedIsomorphic"], "defs": ["OAI.FreeGroupFactorMain.GroupHilbert", "OAI.FreeGroupFactorMain.GroupOperator", "OAI.FreeGroupFactorMain.leftTranslations", "OAI.FreeGroupFactorMain.groupVonNeumann", "OAI.FreeGroupFactorMain.canonicalTrace", "OAI.FreeGroupFactorMain.ultraweakOperatorTopology", "OAI.FreeGroupFactorMain.groupUltraweakTopology", "OAI.FreeGroupFactorMain.FreeGroupRank", "OAI.FreeGroupFactorMain.Amplification.cornerSubalgebra", "OAI.FreeGroupFactorMain.Amplification.Corner", "OAI.FreeGroupFactorMain.Amplification.cornerTopology", "OAI.FreeGroupFactorMain.Amplification.normalizedCornerTrace", "OAI.FreeGroupFactorMain.Amplification.stabilizedRightTranslations", "OAI.FreeGroupFactorMain.Amplification.stabilization", "OAI.FreeGroupFactorMain.Amplification.stabilizedProjectionTrace", "OAI.FreeGroupFactorMain.Amplification.stabilizedTrace", "OAI.FreeGroupFactorMain.Amplification.stabilizationTopology", "OAI.FreeGroupFactorMain.Amplification.NormalTracialEquiv", "OAI.FreeGroupFactorMain.Interpolation.RankTwoProjection", "OAI.FreeGroupFactorMain.Interpolation.selectedProjection", "OAI.FreeGroupFactorMain.Interpolation.interpolationScale", "OAI.FreeGroupFactorMain.Interpolation.Model", "OAI.FreeGroupFactorMain.Interpolation.Model.Algebra", "OAI.FreeGroupFactorMain.Interpolation.Model.trace", "OAI.FreeGroupFactorMain.Interpolation.Model.topology", "OAI.FreeGroupFactorMain.Interpolation.parameterModel", "OAI.FreeGroupFactorMain.Interpolation.InterpolatedFactor", "OAI.FreeGroupFactorMain.Interpolation.interpolatedTrace", "OAI.FreeGroupFactorMain.Interpolation.interpolatedTopology"], "json_theorems": ["OAI.FreeGroupFactorMain.Interpolation.allInterpolatedIsomorphic"], "missing_from_parse": []}
TYPES/DEFS DIFFER InterpolatedFactors
1,5d0
< /Users/shannon/cc/math/math/lean/Scratch/Challenge_InterpolatedFactors.lean:216:8:
< warning:
< declaration
< uses
< `sorry`
30a26,27
> Classical.choice,
> Quot.sound]
AXIOMS: 'OAI.FreeGroupFactorMain.Interpolation.allInterpolatedIsomorphic' depends on axioms: [propext, 
== end=2026-10-07T14:50:51Z
