== KaplanskyFinitelyPresented  module=OAI.RingTheory.DirectFiniteness.FinitelyPresented  start=2026-10-09T02:13:42Z
warning: PrimeNumberTheoremAnd: repository '/Users/shannon/cc/math/math/lean/.lake/packages/PrimeNumberTheoremAnd' has local changes
warning: belyi: repository '/Users/shannon/cc/math/math/lean/.lake/packages/belyi' has local changes
warning: formal-schemes: repository '/Users/shannon/cc/math/math/lean/.lake/packages/formal-schemes' has local changes
warning: elliptic-curves: repository '/Users/shannon/cc/math/math/lean/.lake/packages/elliptic-curves' has local changes
warning: tempered-fundamental-groups: repository '/Users/shannon/cc/math/math/lean/.lake/packages/tempered-fundamental-groups' has local changes
warning: oka: repository '/Users/shannon/cc/math/math/lean/.lake/packages/oka' has local changes
warning: orbicurve-cores: repository '/Users/shannon/cc/math/math/lean/.lake/packages/orbicurve-cores' has local changes
warning: pi1: repository '/Users/shannon/cc/math/math/lean/.lake/packages/pi1' has local changes
warning: heights: repository '/Users/shannon/cc/math/math/lean/.lake/packages/heights' has local changes
warning: genl: repository '/Users/shannon/cc/math/math/lean/.lake/packages/genl' has local changes
warning: tate-curves-theta: repository '/Users/shannon/cc/math/math/lean/.lake/packages/tate-curves-theta' has local changes
warning: iut: repository '/Users/shannon/cc/math/math/lean/.lake/packages/iut' has local changes
warning: gromov: repository '/Users/shannon/cc/math/math/lean/.lake/packages/gromov' has local changes
warning: SphereEversion: repository '/Users/shannon/cc/math/math/lean/.lake/packages/SphereEversion' has local changes
warning: schoenflies-lean: repository '/Users/shannon/cc/math/math/lean/.lake/packages/schoenflies-lean' has local changes
warning: ClassFieldTheory: repository '/Users/shannon/cc/math/math/lean/.lake/packages/ClassFieldTheory' has local changes
warning: AINTLIB: repository '/Users/shannon/cc/math/math/lean/.lake/packages/AINTLIB' has local changes
warning: AbsorptionCutoff: repository '/Users/shannon/cc/math/math/lean/.lake/packages/AbsorptionCutoff' has local changes
warning: StrongPNT: repository '/Users/shannon/cc/math/math/lean/.lake/packages/StrongPNT' has local changes
warning: carleson: repository '/Users/shannon/cc/math/math/lean/.lake/packages/carleson' has local changes
warning: rellich-kondrachov: repository '/Users/shannon/cc/math/math/lean/.lake/packages/rellich-kondrachov' has local changes
warning: Zeta3Irrational: repository '/Users/shannon/cc/math/math/lean/.lake/packages/Zeta3Irrational' has local changes
warning: fixed-point-theorems: repository '/Users/shannon/cc/math/math/lean/.lake/packages/fixed-point-theorems' has local changes
✔ [8924/9049] Built OAI.RingTheory.DirectFiniteness.Model (15s)
✔ [8925/9049] Built OAI.RingTheory.DirectFiniteness.FinitePresentation (17s)
✔ [8926/9049] Built OAI.RingTheory.DirectFiniteness.PrimeCertificate (7.9s)
✔ [8927/9049] Built OAI.RingTheory.DirectFiniteness.FiniteParameters (4.0s)
✔ [8928/9049] Built OAI.RingTheory.DirectFiniteness.PrescribedParameters (5.1s)
✔ [8929/9049] Built OAI.RingTheory.DirectFiniteness.LexicographicOrder (5.1s)
✔ [8930/9049] Built OAI.RingTheory.DirectFiniteness.QuotientField (5.1s)
✔ [8931/9049] Built OAI.RingTheory.DirectFiniteness.PrescribedSubfield (5.0s)
✔ [8932/9049] Built OAI.RingTheory.DirectFiniteness.PrescribedFields (5.1s)
✔ [8933/9049] Built OAI.RingTheory.DirectFiniteness.DirectionSpaces (5.2s)
✔ [8934/9049] Built OAI.RingTheory.DirectFiniteness.ShortIndependence (4.9s)
✔ [8935/9049] Built OAI.RingTheory.DirectFiniteness.DirectionFrame (5.8s)
✔ [8936/9049] Built OAI.RingTheory.DirectFiniteness.FrameExistence (5.6s)
✔ [8937/9049] Built OAI.RingTheory.DirectFiniteness.FieldExtensions (5.0s)
✔ [8938/9049] Built OAI.RingTheory.DirectFiniteness.FrameTransport (5.3s)
✔ [8939/9049] Built OAI.RingTheory.DirectFiniteness.ParameterBounds (4.0s)
✔ [8940/9049] Built OAI.RingTheory.DirectFiniteness.FiniteAffine (5.3s)
✔ [8941/9049] Built OAI.RingTheory.DirectFiniteness.Alteration (6.0s)
✔ [8942/9049] Built OAI.RingTheory.DirectFiniteness.HoleEvents (5.4s)
✔ [8943/9049] Built OAI.RingTheory.DirectFiniteness.HoleSelection (5.3s)
✔ [8944/9049] Built OAI.RingTheory.DirectFiniteness.HoleNumerics (5.7s)
✔ [8945/9049] Built OAI.RingTheory.DirectFiniteness.HoleExistence (5.5s)
✔ [8946/9049] Built OAI.RingTheory.DirectFiniteness.CyclicLabels (4.0s)
✔ [8947/9049] Built OAI.RingTheory.DirectFiniteness.CandidateRelations (5.4s)
✔ [8948/9049] Built OAI.RingTheory.DirectFiniteness.CandidateClassification (5.3s)
✔ [8949/9049] Built OAI.RingTheory.DirectFiniteness.LabelSupport (5.1s)
✔ [8950/9049] Built OAI.RingTheory.DirectFiniteness.CandidateGeometry (5.2s)
✔ [8951/9049] Built OAI.RingTheory.DirectFiniteness.CandidateModel (5.3s)
✔ [8952/9049] Built OAI.RingTheory.DirectFiniteness.CandidateCounting (5.6s)
✔ [8953/9049] Built OAI.RingTheory.DirectFiniteness.ReplacementGeometry (10s)
✔ [8954/9049] Built OAI.RingTheory.DirectFiniteness.OneCandidateCounting (7.1s)
✔ [8955/9049] Built OAI.RingTheory.DirectFiniteness.CandidateDependencies (11s)
✔ [8956/9049] Built OAI.RingTheory.DirectFiniteness.CandidateBounds (13s)
✔ [8957/9049] Built OAI.RingTheory.DirectFiniteness.SlabAvoidance (6.0s)
✔ [8958/9049] Built OAI.RingTheory.DirectFiniteness.EventLoad (5.3s)
✔ [8959/9049] Built OAI.RingTheory.DirectFiniteness.SlabHoleEvents (4.9s)
✔ [8960/9049] Built OAI.RingTheory.DirectFiniteness.SlabEvents (5.3s)
✔ [8961/9049] Built OAI.RingTheory.DirectFiniteness.SlabNumerics (5.2s)
✔ [8962/9049] Built OAI.RingTheory.DirectFiniteness.SlabLoad (5.3s)
✔ [8963/9049] Built OAI.RingTheory.DirectFiniteness.AffineLines (5.2s)
✔ [8964/9049] Built OAI.RingTheory.DirectFiniteness.PartialPartition (5.4s)
✔ [8965/9049] Built OAI.RingTheory.DirectFiniteness.SlabKeys (5.5s)
✔ [8966/9049] Built OAI.RingTheory.DirectFiniteness.SlabPartition (5.3s)
✔ [8967/9049] Built OAI.RingTheory.DirectFiniteness.ModelPartition (5.3s)
✔ [8968/9049] Built OAI.RingTheory.DirectFiniteness.SlabPatch (5.8s)
✔ [8969/9049] Built OAI.RingTheory.DirectFiniteness.PlaneOperators (5.1s)
✔ [8970/9049] Built OAI.RingTheory.DirectFiniteness.SlabAssembly (5.1s)
✔ [8971/9049] Built OAI.RingTheory.DirectFiniteness.TradeLines (5.1s)
✔ [8972/9049] Built OAI.RingTheory.DirectFiniteness.TradeFamily (5.2s)
✔ [8973/9049] Built OAI.RingTheory.DirectFiniteness.TradeDegree (5.4s)
✔ [8974/9049] Built OAI.RingTheory.DirectFiniteness.TradePolygon (5.1s)
✔ [8975/9049] Built OAI.RingTheory.DirectFiniteness.ReplacementPolygon (7.5s)
✔ [8976/9049] Built OAI.RingTheory.DirectFiniteness.ReducedWalks (5.1s)
✔ [8977/9049] Built OAI.RingTheory.DirectFiniteness.RibbonGeometry (5.3s)
✔ [8978/9049] Built OAI.RingTheory.DirectFiniteness.CycleFactorization (5.0s)
✔ [8979/9049] Built OAI.RingTheory.DirectFiniteness.PartitionMerging (5.0s)
✔ [8980/9049] Built OAI.RingTheory.DirectFiniteness.EulerBound (4.8s)
✔ [8981/9049] Built OAI.RingTheory.DirectFiniteness.RibbonRestriction (5.1s)
✔ [8982/9049] Built OAI.RingTheory.DirectFiniteness.RibbonDetachment (5.1s)
✔ [8983/9049] Built OAI.RingTheory.DirectFiniteness.DetachmentGenus (5.2s)
✔ [8984/9049] Built OAI.RingTheory.DirectFiniteness.PlanarBalance (5.4s)
✔ [8985/9049] Built OAI.RingTheory.DirectFiniteness.BalanceCoarsening (5.2s)
✔ [8986/9049] Built OAI.RingTheory.DirectFiniteness.BalanceDetachment (5.2s)
✔ [8987/9049] Built OAI.RingTheory.DirectFiniteness.BalanceRestriction (5.1s)
✔ [8988/9049] Built OAI.RingTheory.DirectFiniteness.WeightTransfer (5.1s)
✔ [8989/9049] Built OAI.RingTheory.DirectFiniteness.VertexMerging (5.0s)
✔ [8990/9049] Built OAI.RingTheory.DirectFiniteness.PlanarDiagrams (4.0s)
✔ [8991/9049] Built OAI.RingTheory.DirectFiniteness.BalanceObstruction (4.9s)
✔ [8992/9049] Built OAI.RingTheory.DirectFiniteness.CycleSplitting (5.1s)
✔ [8993/9049] Built OAI.RingTheory.DirectFiniteness.RibbonSplitting (5.3s)
✔ [8994/9049] Built OAI.RingTheory.DirectFiniteness.RibbonSums (5.1s)
✔ [8995/9049] Built OAI.RingTheory.DirectFiniteness.RibbonWheels (5.2s)
✔ [8996/9049] Built OAI.RingTheory.DirectFiniteness.BoundaryCycles (5.1s)
✔ [8997/9049] Built OAI.RingTheory.DirectFiniteness.CycleSums (4.0s)
✔ [8998/9049] Built OAI.RingTheory.DirectFiniteness.OpenDiagrams (5.2s)
✔ [8999/9049] Built OAI.RingTheory.DirectFiniteness.DiagramObstruction (5.1s)
✔ [9000/9049] Built OAI.RingTheory.DirectFiniteness.BoundaryFilling (4.9s)
✔ [9001/9049] Built OAI.RingTheory.DirectFiniteness.BoundarySplitting (4.0s)
✔ [9002/9049] Built OAI.RingTheory.DirectFiniteness.DiagramDeletion (5.1s)
✔ [9003/9049] Built OAI.RingTheory.DirectFiniteness.WordWheels (5.0s)
✔ [9004/9049] Built OAI.RingTheory.DirectFiniteness.DiagramJoining (4.9s)
✔ [9005/9049] Built OAI.RingTheory.DirectFiniteness.WordCycles (4.9s)
✔ [9006/9049] Built OAI.RingTheory.DirectFiniteness.DiagramInsertion (5.3s)
✔ [9007/9049] Built OAI.RingTheory.DirectFiniteness.WordDiagrams (5.0s)
✔ [9008/9049] Built OAI.RingTheory.DirectFiniteness.WordReduction (4.0s)
✔ [9009/9049] Built OAI.RingTheory.DirectFiniteness.GluedGroup (5.1s)
✔ [9010/9049] Built OAI.RingTheory.DirectFiniteness.DiagramReduction (4.9s)
✔ [9011/9049] Built OAI.RingTheory.DirectFiniteness.GluedWords (5.1s)
✔ [9012/9049] Built OAI.RingTheory.DirectFiniteness.GroupEmbedding (5.2s)
✔ [9013/9049] Built OAI.RingTheory.DirectFiniteness.IncidenceCycles (5.4s)
✔ [9014/9049] Built OAI.RingTheory.DirectFiniteness.TradeGirth (5.0s)
✔ [9015/9049] Built OAI.RingTheory.DirectFiniteness.Pairing (5.6s)
✔ [9016/9049] Built OAI.RingTheory.DirectFiniteness.SimplexBound (5.5s)
✔ [9017/9049] Built OAI.RingTheory.DirectFiniteness.PrescribedIncidence (5.1s)
✔ [9018/9049] Built OAI.RingTheory.DirectFiniteness.PrescribedSearch (4.8s)
✔ [9019/9049] Built OAI.RingTheory.DirectFiniteness.IncidenceDirections (5.3s)
✔ [9020/9049] Built OAI.RingTheory.DirectFiniteness.AssignedDevelopment (5.1s)
✔ [9021/9049] Built OAI.RingTheory.DirectFiniteness.PrescribedDirections (5.0s)
✔ [9022/9049] Built OAI.RingTheory.DirectFiniteness.CoordinateCharacters (5.2s)
✔ [9023/9049] Built OAI.RingTheory.DirectFiniteness.PrescribedSlots (5.2s)
✔ [9024/9049] Built OAI.RingTheory.DirectFiniteness.PrescribedPairing (6.0s)
✔ [9025/9049] Built OAI.RingTheory.DirectFiniteness.PrescribedData (5.1s)
✔ [9026/9049] Built OAI.RingTheory.DirectFiniteness.MultiHNN (5.5s)
✔ [9027/9049] Built OAI.RingTheory.DirectFiniteness.CharacterIdempotents (5.5s)
✔ [9028/9049] Built OAI.RingTheory.DirectFiniteness.CharacterTwist (7.1s)
✔ [9029/9049] Built OAI.RingTheory.DirectFiniteness.HNNPresentation (6.4s)
✔ [9030/9049] Built OAI.RingTheory.DirectFiniteness.AlgebraicPacking (7.2s)
✔ [9031/9049] Built OAI.RingTheory.DirectFiniteness.Rectangular (5.7s)
✔ [9032/9049] Built OAI.RingTheory.DirectFiniteness.AlgebraicCriterion (5.8s)
✔ [9033/9049] Built OAI.RingTheory.DirectFiniteness.PackingFormulas (5.3s)
✔ [9034/9049] Built OAI.RingTheory.DirectFiniteness.CharacterFormulas (5.2s)
✔ [9035/9049] Built OAI.RingTheory.DirectFiniteness.FiniteBlock (5.2s)
✔ [9036/9049] Built OAI.RingTheory.DirectFiniteness.TranslatedUnits (4.9s)
✔ [9037/9049] Built OAI.RingTheory.DirectFiniteness.MatrixBlock (5.4s)
✔ [9038/9049] Built OAI.RingTheory.DirectFiniteness.ProductAlgebras (5.7s)
✔ [9039/9049] Built OAI.RingTheory.DirectFiniteness.ScalarWitnesses (5.5s)
✔ [9040/9049] Built OAI.RingTheory.DirectFiniteness.ScalarFormulas (5.5s)
✔ [9041/9049] Built OAI.RingTheory.DirectFiniteness.FiniteGeneration (5.4s)
✔ [9042/9049] Built OAI.RingTheory.DirectFiniteness.ChosenCriterion (5.0s)
✔ [9043/9049] Built OAI.RingTheory.DirectFiniteness.DirectionCompleteness (5.4s)
✔ [9044/9049] Built OAI.RingTheory.DirectFiniteness.ShortRelators (5.6s)
✔ [9045/9049] Built OAI.RingTheory.DirectFiniteness.PrescribedOutputs (5.4s)
✔ [9046/9049] Built OAI.RingTheory.DirectFiniteness.PrescribedPresentation (8.9s)
✔ [9047/9049] Built OAI.RingTheory.DirectFiniteness.OddTorsion (9.0s)
✔ [9048/9049] Built OAI.RingTheory.DirectFiniteness.Main (8.9s)
✔ [9049/9049] Built OAI.RingTheory.DirectFiniteness.FinitelyPresented (7.3s)
Build completed successfully (9049 jobs).
== build rc=0 seconds=730
{"theorems": ["OAI.KaplanskyCounterexample.finitelyPresented_counterexample"], "defs": [], "json_theorems": ["OAI.KaplanskyCounterexample.finitelyPresented_counterexample"], "missing_from_parse": []}
TYPES/DEFS DIFFER KaplanskyFinitelyPresented
1,5d0
< /Users/shannon/cc/math/math/lean/Scratch/Challenge_KaplanskyFinitelyPresented.lean:7:8:
< warning:
< declaration
< uses
< `sorry`
57a53,54
> Classical.choice,
> Quot.sound]
AXIOMS: 'OAI.KaplanskyCounterexample.finitelyPresented_counterexample' depends on axioms: [propext, 
== end=2026-10-09T02:26:26Z
