== KMedianThreshold  module=OAI.Combinatorics.KMedian.Threshold  start=2026-10-09T13:01:36Z
warning: PrimeNumberTheoremAnd: repository '/Users/shannon/cc/math/math/lean/.lake/packages/PrimeNumberTheoremAnd' has local changes
warning: belyi: repository '/Users/shannon/cc/math/math/lean/.lake/packages/belyi' has local changes
warning: formal-schemes: repository '/Users/shannon/cc/math/math/lean/.lake/packages/formal-schemes' has local changes
warning: elliptic-curves: repository '/Users/shannon/cc/math/math/lean/.lake/packages/elliptic-curves' has local changes
warning: tempered-fundamental-groups: repository '/Users/shannon/cc/math/math/lean/.lake/packages/tempered-fundamental-groups' has local changes
warning: oka: repository '/Users/shannon/cc/math/math/lean/.lake/packages/oka' has local changes
warning: orbicurve-cores: repository '/Users/shannon/cc/math/math/lean/.lake/packages/orbicurve-cores' has local changes
warning: pi1: repository '/Users/shannon/cc/math/math/lean/.lake/packages/pi1' has local changes
warning: heights: repository '/Users/shannon/cc/math/math/lean/.lake/packages/heights' has local changes
warning: genl: repository '/Users/shannon/cc/math/math/lean/.lake/packages/genl' has local changes
warning: tate-curves-theta: repository '/Users/shannon/cc/math/math/lean/.lake/packages/tate-curves-theta' has local changes
warning: iut: repository '/Users/shannon/cc/math/math/lean/.lake/packages/iut' has local changes
warning: gromov: repository '/Users/shannon/cc/math/math/lean/.lake/packages/gromov' has local changes
warning: SphereEversion: repository '/Users/shannon/cc/math/math/lean/.lake/packages/SphereEversion' has local changes
warning: schoenflies-lean: repository '/Users/shannon/cc/math/math/lean/.lake/packages/schoenflies-lean' has local changes
warning: ClassFieldTheory: repository '/Users/shannon/cc/math/math/lean/.lake/packages/ClassFieldTheory' has local changes
warning: AINTLIB: repository '/Users/shannon/cc/math/math/lean/.lake/packages/AINTLIB' has local changes
warning: AbsorptionCutoff: repository '/Users/shannon/cc/math/math/lean/.lake/packages/AbsorptionCutoff' has local changes
warning: StrongPNT: repository '/Users/shannon/cc/math/math/lean/.lake/packages/StrongPNT' has local changes
warning: carleson: repository '/Users/shannon/cc/math/math/lean/.lake/packages/carleson' has local changes
warning: rellich-kondrachov: repository '/Users/shannon/cc/math/math/lean/.lake/packages/rellich-kondrachov' has local changes
warning: Zeta3Irrational: repository '/Users/shannon/cc/math/math/lean/.lake/packages/Zeta3Irrational' has local changes
warning: fixed-point-theorems: repository '/Users/shannon/cc/math/math/lean/.lake/packages/fixed-point-theorems' has local changes
✔ [8923/9345] Built OAI.Combinatorics.KMedian.Rounding.RationalRetain (34s)
✔ [8924/9345] Built OAI.Combinatorics.KMedian.Optimization.RationalArgmin (34s)
✔ [8925/9345] Built OAI.Combinatorics.KMedian.Geometry.RationalNearestCopies (34s)
✔ [8926/9345] Built OAI.Combinatorics.KMedian.Reduction.RationalThreshold (34s)
✔ [8927/9345] Built OAI.Combinatorics.KMedian.Reduction.RadiusPacking (34s)
✔ [8928/9345] Built OAI.Combinatorics.KMedian.Optimization.ApproximationSlack (34s)
✔ [8929/9345] Built OAI.Combinatorics.KMedian.Optimization.SimplexProjection (34s)
✔ [8930/9345] Built OAI.Combinatorics.KMedian.Binary.BooleanMachine (35s)
✔ [8931/9345] Built OAI.Combinatorics.KMedian.Process.FiniteGraph (31s)
✔ [8932/9345] Built OAI.Combinatorics.KMedian.Geometry.NearestFractional (31s)
✔ [8933/9345] Built OAI.Combinatorics.KMedian.Geometry.RationalBrackets (31s)
✔ [8934/9345] Built OAI.Combinatorics.KMedian.Geometry.SortedListEncoding (31s)
✔ [8935/9345] Built OAI.Combinatorics.KMedian.Process.SourceBalance (31s)
✔ [8936/9345] Built OAI.Combinatorics.KMedian.Geometry.RationalIntervals (32s)
✔ [8937/9345] Built OAI.Combinatorics.KMedian.Sparse.SparseBernoulliFeatures (32s)
✔ [8938/9345] Built OAI.Combinatorics.KMedian.Process.Taper (31s)
✔ [8939/9345] Built OAI.Combinatorics.KMedian.Preparation.RetainedActivations (31s)
✔ [8940/9345] Built OAI.Combinatorics.KMedian.Preparation.AssignmentRepair (31s)
✔ [8941/9345] Built OAI.Combinatorics.KMedian.Preparation.RepresentativeGeometry (30s)
✔ [8942/9345] Built OAI.Combinatorics.KMedian.Preparation.PreparationCostGeometry (30s)
✔ [8943/9345] Built OAI.Combinatorics.KMedian.Preparation.SupplierAllocation (31s)
✔ [8944/9345] Built OAI.Combinatorics.KMedian.Preparation.PreparationStars (31s)
✔ [8945/9345] Built OAI.Combinatorics.KMedian.Analysis.ScalarTransfer (31s)
✔ [8946/9345] Built OAI.Combinatorics.KMedian.Preparation.PreparationParameters (32s)
✔ [8947/9345] Built OAI.Combinatorics.KMedian.Analysis.CertificatePolynomials (32s)
✔ [8948/9345] Built OAI.Combinatorics.KMedian.Compression.GramDependence (33s)
✔ [8949/9345] Built OAI.Combinatorics.KMedian.Compression.GramBounds (33s)
✔ [8950/9345] Built OAI.Combinatorics.KMedian.Compression.IntegerCoefficientBounds (33s)
✔ [8951/9345] Built OAI.Combinatorics.KMedian.Compression.RationalScaling (34s)
✔ [8952/9345] Built OAI.Combinatorics.KMedian.Compression.FinsetVectorExtension (34s)
✔ [8953/9345] Built OAI.Combinatorics.KMedian.Compression.GaussianKernel (34s)
✔ [8954/9345] Built OAI.Combinatorics.KMedian.Analysis.ChargeTransfer (42s)
✔ [8955/9345] Built OAI.Combinatorics.KMedian.Model (23s)
✔ [8956/9345] Built OAI.Combinatorics.KMedian.Compression.RationalCompression (25s)
✔ [8957/9345] Built OAI.Combinatorics.KMedian.Optimization.FractionalDual (24s)
✔ [8958/9345] Built OAI.Combinatorics.KMedian.Binary.BooleanEmbedding (24s)
✔ [8959/9345] Built OAI.Combinatorics.KMedian.Expanders.PortWalk (24s)
✔ [8960/9345] Built OAI.Combinatorics.KMedian.Probability.FiniteLaws (25s)
✔ [8961/9345] Built OAI.Combinatorics.KMedian.Optimization.ProjectedSubgradient (25s)
✔ [8962/9345] Built OAI.Combinatorics.KMedian.Geometry.RationalSplitting (20s)
✔ [8963/9345] Built OAI.Combinatorics.KMedian.Binary.BooleanMonomials (25s)
✔ [8964/9345] Built OAI.Combinatorics.KMedian.Preparation.SupplierMap (24s)
✔ [8965/9345] Built OAI.Combinatorics.KMedian.Rounding.RationalTaperZero (25s)
✔ [8966/9345] Built OAI.Combinatorics.KMedian.Rounding.RationalTaperAffine (25s)
✔ [8967/9345] Built OAI.Combinatorics.KMedian.Preparation.SupplierCharges (25s)
✔ [8968/9345] Built OAI.Combinatorics.KMedian.Process.TaperData (26s)
✔ [8969/9345] Built OAI.Combinatorics.KMedian.Preparation.RepresentativeBundles (26s)
✔ [8970/9345] Built OAI.Combinatorics.KMedian.Analysis.NormalizedTransfer (39s)
✔ [8971/9345] Built OAI.Combinatorics.KMedian.Compression.BoundedDependence (28s)
✔ [8972/9345] Built OAI.Combinatorics.KMedian.Analysis.PolynomialBounds (32s)
✔ [8973/9345] Built OAI.Combinatorics.KMedian.Compression.DependentIntegerKernel (32s)
✔ [8974/9345] Built OAI.Combinatorics.KMedian.Analysis.TaylorBounds (47s)
✔ [8975/9345] Built OAI.Combinatorics.KMedian.Analysis.ScalarCertificates (52s)
✔ [8976/9345] Built OAI.Combinatorics.KMedian.Compression.GaussianCircuit (41s)
✔ [8977/9345] Built OAI.Combinatorics.KMedian.Hardness.Model (36s)
✔ [8978/9345] Built OAI.Combinatorics.KMedian.Compression.GaussianTabulated (45s)
✔ [8979/9345] Built OAI.Combinatorics.KMedian.Compression.GaussianListOperations (42s)
✔ [8980/9345] Built OAI.Combinatorics.KMedian.Compression.AffineElimination (33s)
✔ [8981/9345] Built OAI.Combinatorics.KMedian.Instance (45s)
✔ [8982/9345] Built OAI.Combinatorics.KMedian.Analysis.Coefficients (40s)
✔ [8983/9345] Built OAI.Combinatorics.KMedian.Analysis.BernsteinFalse (97s)
✔ [8984/9345] Built OAI.Combinatorics.KMedian.Optimization.TruncatedObjective (32s)
✔ [8985/9345] Built OAI.Combinatorics.KMedian.Optimization.ComputedNearest (37s)
✔ [8986/9345] Built OAI.Combinatorics.KMedian.Binary.BooleanComposition (32s)
✔ [8987/9345] Built OAI.Combinatorics.KMedian.Expanders.WalkSegments (28s)
✔ [8988/9345] Built OAI.Combinatorics.KMedian.Probability.Conditioning (28s)
✔ [8989/9345] Built OAI.Combinatorics.KMedian.Probability.FiniteLawConstructions (28s)
✔ [8990/9345] Built OAI.Combinatorics.KMedian.Geometry.GraphMoments (24s)
✔ [8991/9350] Built OAI.Combinatorics.KMedian.Probability.BernoulliBatches (31s)
✔ [8992/9350] Built OAI.Combinatorics.KMedian.Probability.SumLaws (31s)
✔ [8993/9350] Built OAI.Combinatorics.KMedian.Probability.FiniteJoint (31s)
✔ [8994/9350] Built OAI.Combinatorics.KMedian.Process.BackupGeometry (37s)
✔ [8995/9350] Built OAI.Combinatorics.KMedian.Optimization.SimplexDiameter (37s)
✔ [8996/9350] Built OAI.Combinatorics.KMedian.Rounding.RationalTaperCandidates (37s)
✔ [8997/9350] Built OAI.Combinatorics.KMedian.Geometry.RationalSplitEnumeration (37s)
✔ [8998/9350] Built OAI.Combinatorics.KMedian.Compression.FullIntegerKernel (38s)
✔ [8999/9350] Built OAI.Combinatorics.KMedian.Preparation.SupplierGeometry (38s)
✔ [9000/9350] Built OAI.Combinatorics.KMedian.Preparation.NearestAssignmentGeometry (38s)
✔ [9001/9350] Built OAI.Combinatorics.KMedian.Analysis.BernsteinTrue (183s)
✔ [9002/9350] Built OAI.Combinatorics.KMedian.Compression.GaussianListPivot (30s)
✔ [9003/9350] Built OAI.Combinatorics.KMedian.Compression.CircuitBitBound (31s)
✔ [9004/9350] Built OAI.Combinatorics.KMedian.Geometry.MomentAnalysis (32s)
✔ [9005/9350] Built OAI.Combinatorics.KMedian.Hardness.Coverage (33s)
✔ [9006/9350] Built OAI.Combinatorics.KMedian.Reduction.DeletionGeometry (19s)
✔ [9007/9350] Built OAI.Combinatorics.KMedian.Process.PhysicalPotential (21s)
✔ [9008/9350] Built OAI.Combinatorics.KMedian.Analysis.FiniteAverages (24s)
✔ [9009/9350] Built OAI.Combinatorics.KMedian.Analysis.TaylorExpansion (20s)
✔ [9010/9350] Built OAI.Combinatorics.KMedian.Geometry.RationalInstanceCost (21s)
✔ [9011/9350] Built OAI.Combinatorics.KMedian.Reduction.CompletionGeometry (22s)
✔ [9012/9350] Built OAI.Combinatorics.KMedian.Geometry.IntegerBranching (22s)
✔ [9013/9350] Built OAI.Combinatorics.KMedian.Compression.ComputedPivot (21s)
✔ [9014/9350] Built OAI.Combinatorics.KMedian.Optimization.TruncatedRepair (21s)
✔ [9015/9350] Built OAI.Combinatorics.KMedian.Geometry.RationalBundleGeometry (22s)
✔ [9016/9350] Built OAI.Combinatorics.KMedian.Preparation.RationalRepresentatives (20s)
✔ [9017/9350] Built OAI.Combinatorics.KMedian.Binary.BooleanPolynomial (19s)
✔ [9018/9350] Built OAI.Combinatorics.KMedian.Probability.FiniteKernels (20s)
✔ [9019/9350] Built OAI.Combinatorics.KMedian.Probability.ProbabilitySupport (20s)
✔ [9020/9350] Built OAI.Combinatorics.KMedian.Amplification.PoweringObjects (20s)
✔ [9021/9350] Built OAI.Combinatorics.KMedian.Rounding.MarginalRounding (22s)
✔ [9022/9350] Built OAI.Combinatorics.KMedian.Probability.FiniteVariance (20s)
✔ [9023/9350] Built OAI.Combinatorics.KMedian.Probability.SupportedLaw (21s)
✔ [9024/9350] Built OAI.Combinatorics.KMedian.Process.QuadraticCount (21s)
✔ [9025/9350] Built OAI.Combinatorics.KMedian.Optimization.TruncatedOptimization (21s)
✔ [9026/9350] Built OAI.Combinatorics.KMedian.Compression.AffineKernel (21s)
✔ [9027/9350] Built OAI.Combinatorics.KMedian.Rounding.RationalTaper (23s)
✔ [9028/9350] Built OAI.Combinatorics.KMedian.Compression.ComputedIntegerKernel (21s)
✔ [9029/9350] Built OAI.Combinatorics.KMedian.Analysis.QuadraticEnvelopes (25s)
✔ [9030/9350] Built OAI.Combinatorics.KMedian.Compression.RationalOperationHeight (22s)
✔ [9031/9350] Built OAI.Combinatorics.KMedian.Sparse.SparseDeletion (23s)
✔ [9032/9350] Built OAI.Combinatorics.KMedian.Geometry.TimeAdvance (22s)
✔ [9033/9350] Built OAI.Combinatorics.KMedian.Geometry.FixedBatchTransition (22s)
✔ [9034/9352] Built OAI.Combinatorics.KMedian.Process.CopyState (20s)
✔ [9035/9352] Built OAI.Combinatorics.KMedian.Geometry.PotentialBounds (20s)
✔ [9036/9352] Built OAI.Combinatorics.KMedian.Geometry.GreedyPacking (20s)
✔ [9037/9352] Built OAI.Combinatorics.KMedian.Analysis.RowComparison (25s)
✔ [9038/9352] Built OAI.Combinatorics.KMedian.Analysis.AnalyticEnvelopes (25s)
✔ [9039/9352] Built OAI.Combinatorics.KMedian.Reduction.RationalLocalChoice (22s)
✔ [9040/9352] Built OAI.Combinatorics.KMedian.Reduction.NormalizationGuesses (22s)
✔ [9041/9352] Built OAI.Combinatorics.KMedian.Reduction.DeletionHistory (22s)
✔ [9042/9352] Built OAI.Combinatorics.KMedian.Reduction.LocalCompletion (21s)
✔ [9043/9352] Built OAI.Combinatorics.KMedian.Geometry.RationalUnitInput (21s)
✔ [9044/9352] Built OAI.Combinatorics.KMedian.Binary.BooleanTransducer (22s)
✔ [9045/9352] Built OAI.Combinatorics.KMedian.Binary.BooleanRecode (20s)
✔ [9046/9352] Built OAI.Combinatorics.KMedian.Probability.PushforwardLaw (20s)
✔ [9047/9352] Built OAI.Combinatorics.KMedian.Binary.BooleanLoop (22s)
✔ [9048/9352] Built OAI.Combinatorics.KMedian.Binary.BooleanParallelTransducer (23s)
✔ [9049/9352] Built OAI.Combinatorics.KMedian.Process.PhysicalBatchLaw (22s)
✔ [9050/9352] Built OAI.Combinatorics.KMedian.Preparation.SupportRepair (19s)
✔ [9051/9352] Built OAI.Combinatorics.KMedian.Probability.FiniteProcess (20s)
✔ [9052/9352] Built OAI.Combinatorics.KMedian.Geometry.GraphLaw (19s)
✔ [9053/9352] Built OAI.Combinatorics.KMedian.Probability.BernoulliVariance (21s)
✔ [9054/9352] Built OAI.Combinatorics.KMedian.Preparation.PreparationMoments (21s)
✔ [9055/9352] Built OAI.Combinatorics.KMedian.Process.CountGeometry (21s)
✔ [9056/9352] Built OAI.Combinatorics.KMedian.Compression.ComputedElimination (21s)
✔ [9057/9352] Built OAI.Combinatorics.KMedian.Compression.RationalIntegerLaw (21s)
✔ [9058/9352] Built OAI.Combinatorics.KMedian.Geometry.TrimIntegerLaw (20s)
✔ [9059/9352] Built OAI.Combinatorics.KMedian.Rounding.RationalTaperData (20s)
✔ [9060/9352] Built OAI.Combinatorics.KMedian.Optimization.ApproximateFractional (32s)
✔ [9061/9352] Built OAI.Combinatorics.KMedian.Compression.ComputedAffineKernel (19s)
✔ [9062/9352] Built OAI.Combinatorics.KMedian.Geometry.ChunkCharges (19s)
✔ [9063/9352] Built OAI.Combinatorics.KMedian.Reduction.Sparsification (20s)
✔ [9064/9352] Built OAI.Combinatorics.KMedian.Process.ActionDegrees (19s)
✔ [9065/9352] Built OAI.Combinatorics.KMedian.Process.CopyTransport (19s)
✔ [9066/9352] Built OAI.Combinatorics.KMedian.Geometry.GreedyCompletion (19s)
✔ [9067/9352] Built OAI.Combinatorics.KMedian.Process.ForceBatchBound (24s)
✔ [9068/9352] Built OAI.Combinatorics.KMedian.Analysis.ComparisonCertificates (21s)
✔ [9069/9352] Built OAI.Combinatorics.KMedian.Optimization.MatrixNormalization (20s)
✔ [9070/9352] Built OAI.Combinatorics.KMedian.Reduction.RationalDeletion (19s)
✔ [9071/9352] Built OAI.Combinatorics.KMedian.Reduction.DeletionEndpoint (20s)
✔ [9072/9352] Built OAI.Combinatorics.KMedian.Geometry.RationalSplitInput (19s)
✔ [9073/9352] Built OAI.Combinatorics.KMedian.Reduction.CloseFromServing (19s)
✔ [9074/9352] Built OAI.Combinatorics.KMedian.Reduction.CompletionSelection (20s)
✔ [9075/9352] Built OAI.Combinatorics.KMedian.Binary.BooleanEncoding (19s)
✔ [9076/9352] Built OAI.Combinatorics.KMedian.Binary.BooleanLoopFrom (18s)
✔ [9077/9352] Built OAI.Combinatorics.KMedian.Process.PhaseBatchBound (20s)
✔ [9078/9352] Built OAI.Combinatorics.KMedian.Process.AdaptiveCount (19s)
✔ [9079/9352] Built OAI.Combinatorics.KMedian.Process.BatchEstimate (21s)
✔ [9080/9352] Built OAI.Combinatorics.KMedian.Process.SurvivalProbability (22s)
✔ [9081/9352] Built OAI.Combinatorics.KMedian.Probability.BernoulliReindex (19s)
✔ [9082/9352] Built OAI.Combinatorics.KMedian.Geometry.FilteredMoments (20s)
✔ [9083/9352] Built OAI.Combinatorics.KMedian.Preparation.PreparationNoise (19s)
✔ [9084/9352] Built OAI.Combinatorics.KMedian.Rounding.WeightedRounding (25s)
✔ [9085/9352] Built OAI.Combinatorics.KMedian.Probability.FiniteClipping (20s)
✔ [9086/9352] Built OAI.Combinatorics.KMedian.Process.TaperReindex (20s)
✔ [9087/9352] Built OAI.Combinatorics.KMedian.Compression.ComputedCompressionStep (19s)
✔ [9088/9352] Built OAI.Combinatorics.KMedian.Optimization.IntegralFractionalComparison (24s)
✔ [9089/9352] Built OAI.Combinatorics.KMedian.Reduction.SparsifyEnumeration (19s)
✔ [9090/9352] Built OAI.Combinatorics.KMedian.Reduction.BadCenterBound (20s)
✔ [9091/9352] Built OAI.Combinatorics.KMedian.Reduction.RationalCompletion (20s)
✔ [9092/9352] Built OAI.Combinatorics.KMedian.Analysis.FiniteComparison (25s)
✔ [9093/9352] Built OAI.Combinatorics.KMedian.Binary.BooleanThread (21s)
✔ [9094/9352] Built OAI.Combinatorics.KMedian.Process.FrozenBatchBound (20s)
✔ [9095/9352] Built OAI.Combinatorics.KMedian.Process.CountVariance (20s)
✔ [9096/9352] Built OAI.Combinatorics.KMedian.Rounding.WeightedPartial (21s)
✔ [9097/9352] Built OAI.Combinatorics.KMedian.Rounding.TargetSubset (20s)
✔ [9098/9352] Built OAI.Combinatorics.KMedian.Rounding.RationalWeightedStep (20s)
✔ [9099/9352] Built OAI.Combinatorics.KMedian.Preparation.PreparationRescaling (20s)
✔ [9100/9352] Built OAI.Combinatorics.KMedian.Probability.SignedPartial (31s)
✔ [9101/9352] Built OAI.Combinatorics.KMedian.Compression.ComputedCompression (20s)
✔ [9102/9352] Built OAI.Combinatorics.KMedian.Reduction.CompletionEnumeration (19s)
✔ [9103/9352] Built OAI.Combinatorics.KMedian.Optimization.ApproximateLPSelection (21s)
✔ [9104/9352] Built OAI.Combinatorics.KMedian.Geometry.GraphComparison (21s)
✔ [9105/9352] Built OAI.Combinatorics.KMedian.Binary.BooleanProducts (19s)
✔ [9106/9352] Built OAI.Combinatorics.KMedian.Process.LocalForceScale (20s)
✔ [9107/9352] Built OAI.Combinatorics.KMedian.Process.FullBatchBound (21s)
✔ [9108/9352] Built OAI.Combinatorics.KMedian.Process.CountTail (21s)
✔ [9109/9352] Built OAI.Combinatorics.KMedian.Rounding.ExactRounding (20s)
✔ [9110/9353] Built OAI.Combinatorics.KMedian.Rounding.ExceptionalStar (20s)
✔ [9111/9353] Built OAI.Combinatorics.KMedian.Rounding.RationalWeightedInvariants (19s)
✔ [9112/9353] Built OAI.Combinatorics.KMedian.Preparation.PreparationSubsetNoise (20s)
✔ [9113/9353] Built OAI.Combinatorics.KMedian.Geometry.ComputedRationalCompression (19s)
✔ [9114/9356] Built OAI.Combinatorics.KMedian.Sparse.SparseReduction (19s)
✔ [9115/9356] Built OAI.Combinatorics.KMedian.Optimization.IndexedInstanceLP (20s)
✔ [9116/9356] Built OAI.Combinatorics.KMedian.Geometry.RationalFractionalInput (21s)
✔ [9117/9356] Built OAI.Combinatorics.KMedian.Process.AveragedDrift (21s)
✔ [9118/9356] Built OAI.Combinatorics.KMedian.Binary.BooleanListPrimitives (20s)
✔ [9119/9356] Built OAI.Combinatorics.KMedian.Process.ForcedLocal (21s)
✔ [9120/9356] Built OAI.Combinatorics.KMedian.Preparation.AssignmentCopies (20s)
✔ [9121/9356] Built OAI.Combinatorics.KMedian.Process.ForcedTransition (21s)
✔ [9122/9357] Built OAI.Combinatorics.KMedian.Compression.GaussianResidualCertificate (20s)
✔ [9123/9362] Built OAI.Combinatorics.KMedian.Probability.NegativeStars (20s)
✔ [9124/9362] Built OAI.Combinatorics.KMedian.Rounding.RationalLastFraction (20s)
✔ [9125/9362] Built OAI.Combinatorics.KMedian.Rounding.RationalSignedStep (21s)
✔ [9126/9362] Built OAI.Combinatorics.KMedian.Preparation.ShortfallByDeviation (20s)
✔ [9127/9362] Built OAI.Combinatorics.KMedian.Compression.IntegerRationalCompression (19s)
✔ [9128/9367] Built OAI.Combinatorics.KMedian.Compression.RationalKernelHeightSupport (18s)
✔ [9129/9367] Built OAI.Combinatorics.KMedian.Reduction.BudgetReduction (19s)
✔ [9130/9367] Built OAI.Combinatorics.KMedian.Optimization.ZeroCostBranch (18s)
✔ [9131/9367] Built OAI.Combinatorics.KMedian.Process.GeneratorAverage (20s)
✔ [9132/9369] Built OAI.Combinatorics.KMedian.Geometry.UniformDrift (20s)
✔ [9133/9369] Built OAI.Combinatorics.KMedian.Binary.BooleanReverse (20s)
✔ [9134/9371] Built OAI.Combinatorics.KMedian.Binary.BinaryLists (20s)
✔ [9135/9371] Built OAI.Combinatorics.KMedian.Binary.BooleanFinite (19s)
✔ [9136/9371] Built OAI.Combinatorics.KMedian.Rounding.GridRounding (19s)
✔ [9137/9371] Built OAI.Combinatorics.KMedian.Preparation.PreparationDeficits (19s)
✔ [9138/9371] Built OAI.Combinatorics.KMedian.Binary.BooleanSum (18s)
✔ [9139/9381] Built OAI.Combinatorics.KMedian.Geometry.BoundFreeCompression (20s)
✔ [9140/9381] Built OAI.Combinatorics.KMedian.Reduction.ReductionClosure (21s)
✔ [9141/9381] Built OAI.Combinatorics.KMedian.Compression.GaussianResidualHeight (21s)
✔ [9142/9381] Built OAI.Combinatorics.KMedian.Sparse.SparseIntegerLaw (23s)
✔ [9143/9381] Built OAI.Combinatorics.KMedian.Process.SourceGenerator (20s)
✔ [9144/9381] Built OAI.Combinatorics.KMedian.Probability.SignedStars (40s)
✔ [9145/9381] Built OAI.Combinatorics.KMedian.Process.GeneratorBound (20s)
✔ [9146/9381] Built OAI.Combinatorics.KMedian.Binary.BinaryWords (18s)
✔ [9147/9381] Built OAI.Combinatorics.KMedian.Binary.BinaryGuard (18s)
✔ [9148/9381] Built OAI.Combinatorics.KMedian.Geometry.BundleRounding (20s)
✔ [9149/9381] Built OAI.Combinatorics.KMedian.Binary.BinaryListFold (21s)
✔ [9150/9381] Built OAI.Combinatorics.KMedian.Rounding.GridClipping (20s)
✔ [9151/9381] Built OAI.Combinatorics.KMedian.Compression.GaussianStates (20s)
✔ [9152/9381] Built OAI.Combinatorics.KMedian.Sparse.SparseAlgorithm (23s)
✔ [9153/9381] Built OAI.Combinatorics.KMedian.Sparse.SparseRealLaw (20s)
✔ [9154/9381] Built OAI.Combinatorics.KMedian.Sparse.SparseMarginalTools (19s)
✔ [9155/9381] Built OAI.Combinatorics.KMedian.Sparse.SparseMap (18s)
✔ [9156/9385] Built OAI.Combinatorics.KMedian.Sparse.SparseMomentAlgebra (19s)
✔ [9157/9385] Built OAI.Combinatorics.KMedian.Sparse.SparseNonnegativeSupport (19s)
✔ [9158/9385] Built OAI.Combinatorics.KMedian.Process.HeavyActions (21s)
✔ [9159/9385] Built OAI.Combinatorics.KMedian.Process.AveragedGenerator (20s)
✔ [9160/9385] Built OAI.Combinatorics.KMedian.Binary.BinaryNatural (19s)
✔ [9161/9385] Built OAI.Combinatorics.KMedian.Binary.BinaryAddition (21s)
✔ [9162/9385] Built OAI.Combinatorics.KMedian.Preparation.PreparationInner (20s)
✔ [9163/9385] Built OAI.Combinatorics.KMedian.Preparation.PreparationOuter (21s)
✔ [9164/9385] Built OAI.Combinatorics.KMedian.Sparse.SparseSupport (21s)
✔ [9165/9385] Built OAI.Combinatorics.KMedian.Sparse.SparseProduct (21s)
✔ [9166/9385] Built OAI.Combinatorics.KMedian.Sparse.SparseBind (21s)
✔ [9167/9385] Built OAI.Combinatorics.KMedian.Sparse.SparseWeightedPartial (20s)
✔ [9168/9385] Built OAI.Combinatorics.KMedian.Sparse.SparseAffineMoments (19s)
✔ [9169/9385] Built OAI.Combinatorics.KMedian.Sparse.SparseBernoulliRun (20s)
✔ [9170/9385] Built OAI.Combinatorics.KMedian.Process.ActualActions (19s)
✔ [9171/9385] Built OAI.Combinatorics.KMedian.Rounding.RationalBatchEnumeration (19s)
✔ [9172/9385] Built OAI.Combinatorics.KMedian.Process.SourceAverage (20s)
✔ [9173/9385] Built OAI.Combinatorics.KMedian.Process.SourceDriftLaw (20s)
✔ [9174/9385] Built OAI.Combinatorics.KMedian.Binary.BinaryListMap (21s)
✔ [9175/9385] Built OAI.Combinatorics.KMedian.Binary.BinaryListSelection (20s)
✔ [9176/9385] Built OAI.Combinatorics.KMedian.Preparation.PreparationOldCost (19s)
✔ [9177/9385] Built OAI.Combinatorics.KMedian.Binary.BinaryMultiplication (21s)
✔ [9178/9385] Built OAI.Combinatorics.KMedian.Binary.BinarySubtraction (26s)
✔ [9179/9385] Built OAI.Combinatorics.KMedian.Preparation.CoupledPreparation (21s)
✔ [9180/9385] Built OAI.Combinatorics.KMedian.Sparse.SparseCountFeatures (19s)
✔ [9181/9385] Built OAI.Combinatorics.KMedian.Sparse.SparseGraphFeatures (19s)
✔ [9182/9385] Built OAI.Combinatorics.KMedian.Sparse.SparseMapBind (18s)
✔ [9183/9385] Built OAI.Combinatorics.KMedian.Sparse.SparseRealExpectation (20s)
✔ [9184/9386] Built OAI.Combinatorics.KMedian.Sparse.SparseSignedPartial (19s)
✔ [9185/9386] Built OAI.Combinatorics.KMedian.Sparse.SparseCardinalRounding (20s)
✔ [9186/9386] Built OAI.Combinatorics.KMedian.Sparse.SparseBernoulliSubsets (18s)
✔ [9187/9386] Built OAI.Combinatorics.KMedian.Sparse.SparseWeightedRounding (21s)
✔ [9188/9386] Built OAI.Combinatorics.KMedian.Process.UnbalancedActions (20s)
✔ [9189/9386] Built OAI.Combinatorics.KMedian.Process.CopyRound (19s)
✔ [9190/9386] Built OAI.Combinatorics.KMedian.Process.TaperGraph (19s)
✔ [9191/9386] Built OAI.Combinatorics.KMedian.Process.BatchUniform (23s)
✔ [9192/9386] Built OAI.Combinatorics.KMedian.Binary.BinaryListZip (20s)
✔ [9193/9386] Built OAI.Combinatorics.KMedian.Binary.BinaryListContext (21s)
✔ [9194/9386] Built OAI.Combinatorics.KMedian.Binary.BinaryListIndex (19s)
✔ [9195/9386] Built OAI.Combinatorics.KMedian.Binary.BinaryDivision (22s)
✔ [9196/9386] Built OAI.Combinatorics.KMedian.Binary.BinaryInteger (19s)
✔ [9197/9386] Built OAI.Combinatorics.KMedian.Preparation.PreparationAssignments (20s)
✔ [9198/9386] Built OAI.Combinatorics.KMedian.Preparation.CoupledGeometry (19s)
✔ [9199/9386] Built OAI.Combinatorics.KMedian.Preparation.CoupledNoise (19s)
✔ [9200/9386] Built OAI.Combinatorics.KMedian.Sparse.SparseCountRun (20s)
✔ [9201/9386] Built OAI.Combinatorics.KMedian.Sparse.SparseGraphRun (20s)
✔ [9202/9386] Built OAI.Combinatorics.KMedian.Sparse.SparseSelect (20s)
✔ [9203/9386] Built OAI.Combinatorics.KMedian.Sparse.SparseHistories (20s)
✔ [9204/9386] Built OAI.Combinatorics.KMedian.Sparse.SparseCardinalFixed (18s)
✔ [9205/9386] Built OAI.Combinatorics.KMedian.Sparse.SparseMixture (20s)
✔ [9206/9386] Built OAI.Combinatorics.KMedian.Sparse.SparseBernoulliSupport (19s)
✔ [9207/9386] Built OAI.Combinatorics.KMedian.Probability.BernoulliPolynomial (18s)
✔ [9208/9386] Built OAI.Combinatorics.KMedian.Process.CountSource (19s)
✔ [9209/9386] Built OAI.Combinatorics.KMedian.Sparse.SparseTargetSubset (22s)
✔ [9210/9387] Built OAI.Combinatorics.KMedian.Process.GroupCap (19s)
✔ [9211/9387] Built OAI.Combinatorics.KMedian.Process.CountSize (19s)
✔ [9212/9387] Built OAI.Combinatorics.KMedian.Process.BackupInvariant (19s)
✔ [9213/9387] Built OAI.Combinatorics.KMedian.Process.PhysicalCountGeometry (20s)
✔ [9214/9387] Built OAI.Combinatorics.KMedian.Process.LocalBatchUniform (22s)
✔ [9215/9387] Built OAI.Combinatorics.KMedian.Process.RoundParameters (23s)
✔ [9216/9387] Built OAI.Combinatorics.KMedian.Binary.BinaryListExtras (19s)
✔ [9217/9387] Built OAI.Combinatorics.KMedian.Binary.BinaryGCD (20s)
✔ [9218/9387] Built OAI.Combinatorics.KMedian.Preparation.DistantAssignments (20s)
✔ [9219/9387] Built OAI.Combinatorics.KMedian.Preparation.NearbyBall (21s)
✔ [9220/9387] Built OAI.Combinatorics.KMedian.Process.PhysicalOldMass (19s)
✔ [9221/9387] Built OAI.Combinatorics.KMedian.Sparse.SparseGraphLaw (20s)
✔ [9222/9387] Built OAI.Combinatorics.KMedian.PCP.Linearity (21s)
✔ [9223/9387] Built OAI.Combinatorics.KMedian.Sparse.SparseHistoryBounds (21s)
✔ [9224/9389] Built OAI.Combinatorics.KMedian.Sparse.SparseBoundedCount (21s)
✔ [9225/9389] Built OAI.Combinatorics.KMedian.Sparse.SparseBoundedDrift (20s)
✔ [9226/9391] Built OAI.Combinatorics.KMedian.Sparse.SparseBoundedSurvival (20s)
✔ [9227/9391] Built OAI.Combinatorics.KMedian.Sparse.SparseGridRounding (21s)
✔ [9228/9391] Built OAI.Combinatorics.KMedian.Probability.BernoulliSquare (19s)
✔ [9229/9391] Built OAI.Combinatorics.KMedian.Rounding.RationalSignedTerminal (21s)
✔ [9230/9391] Built OAI.Combinatorics.KMedian.Rounding.RationalBatchData (19s)
✔ [9231/9391] Built OAI.Combinatorics.KMedian.Sparse.SparseStarActivation (21s)
✔ [9232/9391] Built OAI.Combinatorics.KMedian.Process.CountInstantiation (21s)
✔ [9233/9391] Built OAI.Combinatorics.KMedian.Process.PhysicalRound (20s)
✔ [9234/9391] Built OAI.Combinatorics.KMedian.Preparation.NearbyAssignments (20s)
✔ [9235/9391] Built OAI.Combinatorics.KMedian.Binary.BinaryRational (21s)
✔ [9236/9391] Built OAI.Combinatorics.KMedian.Sparse.SparseGraphReal (19s)
✔ [9237/9391] Built OAI.Combinatorics.KMedian.Rounding.RationalRoundParameters (28s)
✔ [9238/9391] Built OAI.Combinatorics.KMedian.Sparse.SparseEnumeratedGraph (19s)
✔ [9239/9391] Built OAI.Combinatorics.KMedian.PCP.FiniteTest (19s)
✔ [9240/9391] Built OAI.Combinatorics.KMedian.Probability.BernoulliRealTransfer (19s)
✔ [9241/9391] Built OAI.Combinatorics.KMedian.Sparse.SparseBundleLaw (21s)
✔ [9242/9391] Built OAI.Combinatorics.KMedian.Rounding.RationalCopyTransition (19s)
✔ [9243/9391] Built OAI.Combinatorics.KMedian.Sparse.SparseSignedRounding (21s)
✔ [9244/9399] Built OAI.Combinatorics.KMedian.Process.ConditionalRoundDrift (19s)
✔ [9245/9399] Built OAI.Combinatorics.KMedian.Process.PhysicalCountLaw (26s)
✔ [9246/9399] Built OAI.Combinatorics.KMedian.Process.ErasureDecay (20s)
✔ [9247/9399] Built OAI.Combinatorics.KMedian.Binary.BinaryRationalHeight (19s)
✔ [9248/9399] Built OAI.Combinatorics.KMedian.Binary.BinaryPredicates (18s)
✔ [9249/9399] Built OAI.Combinatorics.KMedian.Preparation.PreparationClientAssignments (20s)
✔ [9250/9399] Built OAI.Combinatorics.KMedian.Geometry.RationalSparseTaper (20s)
✔ [9251/9399] Built OAI.Combinatorics.KMedian.Geometry.RationalAllParameters (18s)
✔ [9252/9399] Built OAI.Combinatorics.KMedian.Sparse.SparseEnumeratedGraphReal (19s)
✔ [9253/9399] Built OAI.Combinatorics.KMedian.Sparse.SparseCountStatistic (21s)
✔ [9254/9399] Built OAI.Combinatorics.KMedian.Expanders.SpectralWalk (22s)
✔ [9255/9403] Built OAI.Combinatorics.KMedian.Sparse.SparseFiltered (21s)
✔ [9256/9403] Built OAI.Combinatorics.KMedian.Sparse.SparseGridZero (20s)
✔ [9257/9403] Built OAI.Combinatorics.KMedian.Sparse.SparseSignedPreparation (21s)
✔ [9258/9403] Built OAI.Combinatorics.KMedian.Sparse.SparseSignedFixed (19s)
✔ [9259/9403] Built OAI.Combinatorics.KMedian.Rounding.IntegerSimplexProjection (19s)
✔ [9260/9403] Built OAI.Combinatorics.KMedian.Process.PhysicalState (21s)
✔ [9261/9403] Built OAI.Combinatorics.KMedian.Optimization.GradientDenominator (19s)
✔ [9262/9403] Built OAI.Combinatorics.KMedian.Binary.BinaryIterations (19s)
✔ [9263/9403] Built OAI.Combinatorics.KMedian.Binary.BinaryRationalFold (19s)
✔ [9264/9403] Built OAI.Combinatorics.KMedian.Binary.BinaryListIndices (22s)
✔ [9265/9403] Built OAI.Combinatorics.KMedian.Binary.BinaryIntegerHeight (19s)
✔ [9266/9403] Built OAI.Combinatorics.KMedian.Optimization.LPListFacts (19s)
✔ [9267/9403] Built OAI.Combinatorics.KMedian.Binary.BinaryRepeat (19s)
✔ [9268/9406] Built OAI.Combinatorics.KMedian.Preparation.SelectedPreparationOutcome (19s)
✔ [9269/9406] Built OAI.Combinatorics.KMedian.Rounding.RationalPhysicalGraph (20s)
✔ [9270/9406] Built OAI.Combinatorics.KMedian.Preparation.PreparationOutcome (21s)
✔ [9271/9406] Built OAI.Combinatorics.KMedian.Sparse.SparseConditionalCount (21s)
✔ [9272/9406] Built OAI.Combinatorics.KMedian.Expanders.GraphRelabel (19s)
✔ [9273/9406] Built OAI.Combinatorics.KMedian.Expanders.WalkMoments (22s)
✔ [9274/9406] Built OAI.Combinatorics.KMedian.Sparse.SparseRescaledInner (20s)
✔ [9275/9406] Built OAI.Combinatorics.KMedian.Sparse.SparsePhysicalBatch (21s)
✔ [9276/9406] Built OAI.Combinatorics.KMedian.Sparse.SparseSignedBudget (21s)
✔ [9277/9406] Built OAI.Combinatorics.KMedian.Process.StateInvariants (21s)
✔ [9278/9406] Built OAI.Combinatorics.KMedian.Process.AveragedCount (20s)
✔ [9279/9406] Built OAI.Combinatorics.KMedian.Optimization.SubgradientDenominator (21s)
✔ [9280/9406] Built OAI.Combinatorics.KMedian.Compression.GaussianListCompiler (20s)
✔ [9281/9406] Built OAI.Combinatorics.KMedian.Compression.IntegerListProgram (20s)
✔ [9282/9406] Built OAI.Combinatorics.KMedian.Binary.BinaryMatrix (19s)
✔ [9283/9406] Built OAI.Combinatorics.KMedian.Binary.BinaryAutomatic (21s)
✔ [9284/9406] Built OAI.Combinatorics.KMedian.Optimization.SimplexListProgram (19s)
✔ [9285/9406] Built OAI.Combinatorics.KMedian.Optimization.DualListOperations (19s)
✔ [9286/9408] Built OAI.Combinatorics.KMedian.Optimization.LPMinimumSelection (19s)
✔ [9287/9408] Built OAI.Combinatorics.KMedian.Binary.BinaryDyadicPowers (20s)
✔ [9288/9408] Built OAI.Combinatorics.KMedian.Sparse.SparseEnumeratedCount (20s)
✔ [9289/9408] Built OAI.Combinatorics.KMedian.Expanders.Stopped (21s)
✔ [9290/9408] Built OAI.Combinatorics.KMedian.Expanders.PathCount (20s)
✔ [9291/9408] Built OAI.Combinatorics.KMedian.Sparse.SparseBundleEncoding (20s)
✔ [9292/9408] Built OAI.Combinatorics.KMedian.Sparse.SparseSurvival (22s)
✔ [9293/9408] Built OAI.Combinatorics.KMedian.Sparse.SparseMarginal (20s)
✔ [9294/9408] Built OAI.Combinatorics.KMedian.Sparse.SparseOuterLaw (20s)
✔ [9295/9408] Built OAI.Combinatorics.KMedian.Reduction.CompletionEndpoint (20s)
✔ [9296/9408] Built OAI.Combinatorics.KMedian.Process.RoundWithCount (20s)
✔ [9297/9408] Built OAI.Combinatorics.KMedian.Compression.GaussianListMachine (18s)
✔ [9298/9410] Built OAI.Combinatorics.KMedian.Optimization.OptimizationBitBound (21s)
✔ [9299/9410] Built OAI.Combinatorics.KMedian.Binary.BinaryAutoExtras (19s)
✔ [9300/9410] Built OAI.Combinatorics.KMedian.Binary.BinaryAutoFiniteLists (19s)
✔ [9301/9410] Built OAI.Combinatorics.KMedian.Optimization.TruncatedListOperations (19s)
✔ [9302/9410] Built OAI.Combinatorics.KMedian.Process.RoundingListOperations (22s)
✔ [9303/9410] Built OAI.Combinatorics.KMedian.Programs.PivotListProgram (20s)
✔ [9304/9410] Built OAI.Combinatorics.KMedian.Optimization.DualListCompiler (22s)
✔ [9305/9412] Built OAI.Combinatorics.KMedian.Geometry.NearestFillingFormula (20s)
✔ [9306/9412] Built OAI.Combinatorics.KMedian.Sparse.SparseCountInstantiation (21s)
✔ [9307/9412] Built OAI.Combinatorics.KMedian.Amplification.Majority (20s)
✔ [9308/9412] Built OAI.Combinatorics.KMedian.Sparse.SparseEnumeratedBatch (19s)
✔ [9309/9413] Built OAI.Combinatorics.KMedian.Sparse.SparseOuterMoments (22s)
✔ [9310/9413] Built OAI.Combinatorics.KMedian.Process.PhysicalProcess (22s)
✔ [9311/9413] Built OAI.Combinatorics.KMedian.Sparse.SparseOuterCounts (28s)
✔ [9312/9413] Built OAI.Combinatorics.KMedian.Compression.GaussianListSize (21s)
✔ [9313/9413] Built OAI.Combinatorics.KMedian.Optimization.SubgradientTrajectoryHeight (21s)
✔ [9314/9414] Built OAI.Combinatorics.KMedian.Sparse.SparseListTrim (20s)
✔ [9315/9419] Built OAI.Combinatorics.KMedian.Rounding.SignedListOperations (23s)
✔ [9316/9419] Built OAI.Combinatorics.KMedian.Optimization.TruncatedListCompiler (19s)
✔ [9317/9419] Built OAI.Combinatorics.KMedian.Amplification.PoweringMean (21s)
✔ [9318/9419] Built OAI.Combinatorics.KMedian.Sparse.SparseEnumeratedMixture (20s)
✔ [9319/9419] Built OAI.Combinatorics.KMedian.Sparse.SparseEnumeratedEstimate (22s)
✔ [9320/9419] Built OAI.Combinatorics.KMedian.Rounding.RationalBatchFacts (21s)
✔ [9321/9420] Built OAI.Combinatorics.KMedian.Sparse.SparseEnumeratedSurvival (23s)
✔ [9322/9420] Built OAI.Combinatorics.KMedian.Geometry.ListSigma (21s)
✔ [9323/9420] Built OAI.Combinatorics.KMedian.Process.ProcessCompletion (21s)
✔ [9324/9420] Built OAI.Combinatorics.KMedian.Sparse.SparseOuterReal (22s)
✔ [9325/9420] Built OAI.Combinatorics.KMedian.Sparse.SparsePreparedLaw (20s)
✔ [9326/9423] Built OAI.Combinatorics.KMedian.Compression.GaussianInputBounds (21s)
✔ [9327/9423] Built OAI.Combinatorics.KMedian.Compression.GaussianListSemantics (21s)
✔ [9328/9425] Built OAI.Combinatorics.KMedian.Optimization.LPBinaryInput (21s)
✔ [9329/9425] Built OAI.Combinatorics.KMedian.Amplification.PoweringMoment (21s)
✔ [9330/9426] Built OAI.Combinatorics.KMedian.Sparse.SparseEnumeratedFrozen (20s)
✔ [9331/9426] Built OAI.Combinatorics.KMedian.Rounding.RationalRoundEvents (22s)
✔ [9332/9426] Built OAI.Combinatorics.KMedian.Sparse.SparsePhysicalSurvival (20s)
✔ [9333/9426] Built OAI.Combinatorics.KMedian.Sparse.SparsePhysicalCount (34s)
✔ [9334/9426] Built OAI.Combinatorics.KMedian.Sparse.SparsePreparedBudget (21s)
✔ [9335/9426] Built OAI.Combinatorics.KMedian.Optimization.LPBinaryStart (20s)
✔ [9336/9426] Built OAI.Combinatorics.KMedian.Rounding.GridEndpoint (24s)
✔ [9337/9426] Built OAI.Combinatorics.KMedian.Compression.GaussianListRun (22s)
✔ [9338/9426] Built OAI.Combinatorics.KMedian.Sparse.SparseEnumeratedFull (21s)
✔ [9339/9426] Built OAI.Combinatorics.KMedian.Binary.BinaryGuardTotal (18s)
✔ [9340/9426] Built OAI.Combinatorics.KMedian.Rounding.RationalPhysicalKernel (20s)
✔ [9341/9426] Built OAI.Combinatorics.KMedian.Rounding.RationalProposalSurvival (19s)
✔ [9342/9426] Built OAI.Combinatorics.KMedian.Rounding.RationalProposalCount (22s)
✔ [9343/9426] Built OAI.Combinatorics.KMedian.Optimization.LPBinaryTrajectory (21s)
✔ [9344/9426] Built OAI.Combinatorics.KMedian.Programs.NearestListProgram (20s)
✔ [9345/9427] Built OAI.Combinatorics.KMedian.Preparation.PreparationGrid (21s)
✔ [9346/9427] Built OAI.Combinatorics.KMedian.Sparse.SparsePreparedProbability (25s)
✔ [9347/9429] Built OAI.Combinatorics.KMedian.Compression.GaussianBinaryProgram (20s)
✔ [9348/9429] Built OAI.Combinatorics.KMedian.Rounding.RationalPhysicalReplay (19s)
✔ [9349/9429] Built OAI.Combinatorics.KMedian.Sparse.SparseLocalBatch (21s)
✔ [9350/9431] Built OAI.Combinatorics.KMedian.Optimization.ApproximationListProgram (20s)
✔ [9351/9433] Built OAI.Combinatorics.KMedian.Rounding.RationalPhysicalInvariant (21s)
✔ [9352/9433] Built OAI.Combinatorics.KMedian.Reduction.RationalGreedyCompletion (21s)
✔ [9353/9433] Built OAI.Combinatorics.KMedian.Rounding.UniformSplitRounding (21s)
✔ [9354/9433] Built OAI.Combinatorics.KMedian.Sparse.SparseIterationHeight (23s)
✔ [9355/9433] Built OAI.Combinatorics.KMedian.Sparse.SparseCoupledPreparation (23s)
✔ [9356/9433] Built OAI.Combinatorics.KMedian.Compression.IntegerKernelProgram (18s)
✔ [9357/9433] Built OAI.Combinatorics.KMedian.Sparse.SparsePreparedMoments (20s)
✔ [9358/9433] Built OAI.Combinatorics.KMedian.Programs.ScaleListProgram (19s)
✔ [9359/9433] Built OAI.Combinatorics.KMedian.Optimization.FractionalListChecks (20s)
✔ [9360/9433] Built OAI.Combinatorics.KMedian.Rounding.RationalProposalBound (21s)
✔ [9361/9433] Built OAI.Combinatorics.KMedian.Sparse.SparseProductProgram (19s)
✔ [9362/9433] Built OAI.Combinatorics.KMedian.Rounding.RationalPhysicalGraphInstance (20s)
✔ [9363/9435] Built OAI.Combinatorics.KMedian.Geometry.RationalCompletedCost (19s)
✔ [9364/9435] Built OAI.Combinatorics.KMedian.Geometry.GraphRunHeight (21s)
✔ [9365/9435] Built OAI.Combinatorics.KMedian.Preparation.CoupledReindex (18s)
✔ [9366/9435] Built OAI.Combinatorics.KMedian.Preparation.CoupledWeights (18s)
✔ [9367/9435] Built OAI.Combinatorics.KMedian.Rounding.RationalRounding (20s)
✔ [9368/9435] Built OAI.Combinatorics.KMedian.Geometry.RationalHistoryValid (37s)
✔ [9369/9435] Built OAI.Combinatorics.KMedian.Compression.AffineListOperations (19s)
✔ [9370/9435] Built OAI.Combinatorics.KMedian.Optimization.FractionalSelectProgram (20s)
✔ [9371/9444] Built OAI.Combinatorics.KMedian.Rounding.RationalPhysicalCount (19s)
✔ [9372/9444] Built OAI.Combinatorics.KMedian.Sparse.SparseConditionalRoundDrift (20s)
✔ [9373/9444] Built OAI.Combinatorics.KMedian.Geometry.RationalImageCost (19s)
✔ [9374/9444] Built OAI.Combinatorics.KMedian.Rounding.RationalPhysicalSurvival (19s)
✔ [9375/9446] Built OAI.Combinatorics.KMedian.Probability.BernoulliListOperations (20s)
✔ [9376/9446] Built OAI.Combinatorics.KMedian.Probability.NonnegativeRounding (19s)
✔ [9377/9446] Built OAI.Combinatorics.KMedian.Preparation.RationalSupplierPreparation (22s)
✔ [9378/9447] Built OAI.Combinatorics.KMedian.Compression.AffineListCompiler (19s)
✔ [9379/9451] Built OAI.Combinatorics.KMedian.Rounding.RationalPhysicalHistoryCount (19s)
✔ [9380/9451] Built OAI.Combinatorics.KMedian.Rounding.WeightedGridInvariant (20s)
✔ [9381/9454] Built OAI.Combinatorics.KMedian.Geometry.RationalIndexedCost (18s)
✔ [9382/9454] Built OAI.Combinatorics.KMedian.Rounding.RationalPhysicalDrift (20s)
✔ [9383/9454] Built OAI.Combinatorics.KMedian.Rounding.RationalPhysicalHistorySurvival (22s)
✔ [9384/9454] Built OAI.Combinatorics.KMedian.Sparse.SparseBindProgram (19s)
✔ [9385/9459] Built OAI.Combinatorics.KMedian.Programs.InstanceRounding (20s)
✔ [9386/9459] Built OAI.Combinatorics.KMedian.Probability.BernoulliRunHeight (18s)
✔ [9387/9473] Built OAI.Combinatorics.KMedian.Compression.CompressionListStep (20s)
✔ [9388/9473] Built OAI.Combinatorics.KMedian.Sparse.SparseSupplierSupport (24s)
✔ [9389/9478] Built OAI.Combinatorics.KMedian.Rounding.SignedGridInvariant (20s)
✔ [9390/9478] Built OAI.Combinatorics.KMedian.Binary.BinaryFloor (18s)
✔ [9391/9480] Built OAI.Combinatorics.KMedian.Sparse.SparseTable (19s)
✔ [9392/9483] Built OAI.Combinatorics.KMedian.Programs.RationalFeatureProgram (19s)
✔ [9393/9501] Built OAI.Combinatorics.KMedian.Process.CountRunHeight (23s)
✔ [9394/9508] Built OAI.Combinatorics.KMedian.Rounding.RationalPhysicalHistoryDrift (26s)
✔ [9395/9508] Built OAI.Combinatorics.KMedian.Process.BatchActionCodes (20s)
✔ [9396/9508] Built OAI.Combinatorics.KMedian.Compression.CompressionBounds (20s)
✔ [9397/9509] Built OAI.Combinatorics.KMedian.Process.RoundingCoordinateHeight (20s)
✔ [9398/9510] Built OAI.Combinatorics.KMedian.Process.TaperListProgram (22s)
✔ [9399/9510] Built OAI.Combinatorics.KMedian.Binary.BinaryNatSum (19s)
✔ [9400/9513] Built OAI.Combinatorics.KMedian.Binary.BinaryListMapTotal (19s)
✔ [9401/9519] Built OAI.Combinatorics.KMedian.Sparse.SparseMixProgram (20s)
✔ [9402/9519] Built OAI.Combinatorics.KMedian.Binary.BinaryBooleanLists (20s)
✔ [9403/9519] Built OAI.Combinatorics.KMedian.Geometry.RationalHistoryCompletion (22s)
✔ [9404/9519] Built OAI.Combinatorics.KMedian.Compression.CompressionBinaryProgram (19s)
✔ [9405/9521] Built OAI.Combinatorics.KMedian.Process.RoundingRunHeight (19s)
✔ [9406/9522] Built OAI.Combinatorics.KMedian.Hardness.Constants (21s)
✔ [9407/9526] Built OAI.Combinatorics.KMedian.Process.TaperAllProgram (23s)
✔ [9408/9535] Built OAI.Combinatorics.KMedian.Hardness.TwoChoices (19s)
✔ [9409/9535] Built OAI.Combinatorics.KMedian.Hardness.Partition (22s)
✔ [9410/9539] Built OAI.Combinatorics.KMedian.Hardness.SamplingCounts (22s)
✔ [9411/9539] Built OAI.Combinatorics.KMedian.Binary.NumericParserProgram (20s)
✔ [9412/9547] Built OAI.Combinatorics.KMedian.Binary.SequentialParserProgram (23s)
✔ [9413/9547] Built OAI.Combinatorics.KMedian.Geometry.RationalParameterizedHistory (22s)
✔ [9414/9547] Built OAI.Combinatorics.KMedian.Machines.AdviceInstances (17s)
✔ [9415/9547] Built OAI.Combinatorics.KMedian.Sparse.SparseCompressProgram (19s)
✔ [9416/9550] Built OAI.Combinatorics.KMedian.PCP.Hadamard (22s)
✔ [9417/9550] Built OAI.Combinatorics.KMedian.Machines.FiniteCompiler (19s)
✔ [9418/9551] Built OAI.Combinatorics.KMedian.Hardness.PartitionAverage (21s)
✔ [9419/9551] Built OAI.Combinatorics.KMedian.Amplification.TestSum (19s)
✔ [9420/9551] Built OAI.Combinatorics.KMedian.Expanders.GraphExtend (20s)
✔ [9421/9551] Built OAI.Combinatorics.KMedian.Sparse.SparseBranchProgram (20s)
✔ [9422/9551] Built OAI.Combinatorics.KMedian.Geometry.RationalHistorySelection (22s)
✔ [9423/9553] Built OAI.Combinatorics.KMedian.Expanders.L2 (20s)
✔ [9424/9555] Built OAI.Combinatorics.KMedian.Machines.Hardcoded (19s)
✔ [9425/9564] Built OAI.Combinatorics.KMedian.Hardness.Encoding (38s)
✔ [9426/9564] Built OAI.Combinatorics.KMedian.PCP.Quadratic (21s)
✔ [9427/9564] Built OAI.Combinatorics.KMedian.Expanders.EqualityExpansion (20s)
✔ [9428/9564] Built OAI.Combinatorics.KMedian.Hardness.Projection (20s)
✔ [9429/9566] Built OAI.Combinatorics.KMedian.Amplification.PaddingSound (20s)
✔ [9430/9566] Built OAI.Combinatorics.KMedian.Process.RoundingUniformStep (20s)
✔ [9431/9566] Built OAI.Combinatorics.KMedian.Expanders.GraphMix (22s)
✔ [9432/9566] Built OAI.Combinatorics.KMedian.PCP.Tester (22s)
✔ [9433/9571] Built OAI.Combinatorics.KMedian.Geometry.RationalGridRound (24s)
✔ [9434/9576] Built OAI.Combinatorics.KMedian.Expanders.Rademacher (24s)
✔ [9435/9576] Built OAI.Combinatorics.KMedian.PCP.QuadraticEncoding (22s)
✔ [9436/9580] Built OAI.Combinatorics.KMedian.Expanders.GraphProducts (20s)
✔ [9437/9580] Built OAI.Combinatorics.KMedian.Process.CountListOperations (20s)
✔ [9438/9580] Built OAI.Combinatorics.KMedian.Hardness.Lists (23s)
✔ [9439/9581] Built OAI.Combinatorics.KMedian.Geometry.GraphListOperations (21s)
✔ [9440/9581] Built OAI.Combinatorics.KMedian.Process.RoundingStateCompiler (22s)
✔ [9441/9581] Built OAI.Combinatorics.KMedian.Preparation.RationalPreparedScan (21s)
✔ [9442/9581] Built OAI.Combinatorics.KMedian.Machines.FiniteCases (21s)
✔ [9443/9581] Built OAI.Combinatorics.KMedian.Machines.FiniteCoordinates (21s)
✔ [9444/9584] Built OAI.Combinatorics.KMedian.PCP.Boundary (22s)
✔ [9445/9584] Built OAI.Combinatorics.KMedian.Expanders.Cloud (21s)
✔ [9446/9584] Built OAI.Combinatorics.KMedian.Hardness.Sampling (20s)
✔ [9447/9584] Built OAI.Combinatorics.KMedian.Process.BatchActionList (22s)
✔ [9448/9584] Built OAI.Combinatorics.KMedian.Process.PhysicalBatchList (22s)
✔ [9449/9584] Built OAI.Combinatorics.KMedian.Process.CopyListEncoding (21s)
✔ [9450/9584] Built OAI.Combinatorics.KMedian.Programs.FinsetMaskProgram (22s)
✔ [9451/9584] Built OAI.Combinatorics.KMedian.Programs.TaggedBestProgram (22s)
✔ [9452/9584] Built OAI.Combinatorics.KMedian.Process.RoundingRunProgram (24s)
✔ [9453/9584] Built OAI.Combinatorics.KMedian.Programs.DependentSparseProgram (23s)
✔ [9454/9584] Built OAI.Combinatorics.KMedian.Preparation.RationalSupplierScan (26s)
✔ [9455/9584] Built OAI.Combinatorics.KMedian.Machines.Ordered (21s)
✔ [9456/9584] Built OAI.Combinatorics.KMedian.Expanders.Walsh (21s)
✔ [9457/9584] Built OAI.Combinatorics.KMedian.Machines.RawWalk (21s)
✔ [9458/9584] Built OAI.Combinatorics.KMedian.Expanders.Zigzag (21s)
✔ [9459/9584] Built OAI.Combinatorics.KMedian.PCP.LocalReduction (22s)
✔ [9460/9584] Built OAI.Combinatorics.KMedian.Hardness.ProjectionInput (25s)
✔ [9461/9584] Built OAI.Combinatorics.KMedian.Process.BatchActionArrays (24s)
✔ [9462/9584] Built OAI.Combinatorics.KMedian.Process.BatchOrdinalCodes (21s)
✔ [9463/9584] Built OAI.Combinatorics.KMedian.Geometry.NearestReindex (20s)
✔ [9464/9584] Built OAI.Combinatorics.KMedian.Process.CountsMaskProgram (20s)
✔ [9465/9584] Built OAI.Combinatorics.KMedian.Programs.GreedyPackingProgram (21s)
✔ [9466/9584] Built OAI.Combinatorics.KMedian.Programs.MaximumProgram (20s)
✔ [9467/9584] Built OAI.Combinatorics.KMedian.Programs.OriginalMaskProgram (20s)
✔ [9468/9584] Built OAI.Combinatorics.KMedian.Programs.ScoreProgram (19s)
✔ [9469/9584] Built OAI.Combinatorics.KMedian.Programs.LastFractionProgram (20s)
✔ [9470/9584] Built OAI.Combinatorics.KMedian.Probability.BernoulliStepProgram (22s)
✔ [9471/9584] Built OAI.Combinatorics.KMedian.Machines.OrderedLists (20s)
✔ [9472/9585] Built OAI.Combinatorics.KMedian.Preparation.SupplierListOperations (23s)
✔ [9473/9585] Built OAI.Combinatorics.KMedian.Process.CountStepProgram (33s)
✔ [9474/9585] Built OAI.Combinatorics.KMedian.Geometry.RationalGeometryScan (25s)
✔ [9475/9585] Built OAI.Combinatorics.KMedian.Expanders.Cayley (20s)
✔ [9476/9588] Built OAI.Combinatorics.KMedian.Programs.GraphStepProgram (35s)
✔ [9477/9588] Built OAI.Combinatorics.KMedian.PCP.Queries (23s)
✔ [9478/9588] Built OAI.Combinatorics.KMedian.Process.BatchGraphData (19s)
✔ [9479/9588] Built OAI.Combinatorics.KMedian.Hardness.ProjectionEncoding (21s)
✔ [9480/9588] Built OAI.Combinatorics.KMedian.Programs.BundleGeometryProgram (20s)
✔ [9481/9589] Built OAI.Combinatorics.KMedian.Programs.NearestMaskProgram (19s)
✔ [9482/9589] Built OAI.Combinatorics.KMedian.Preparation.RepresentativeProgram (20s)
✔ [9483/9589] Built OAI.Combinatorics.KMedian.Programs.MaskBestProgram (19s)
✔ [9484/9589] Built OAI.Combinatorics.KMedian.Probability.BernoulliRunProgram (21s)
✔ [9485/9596] Built OAI.Combinatorics.KMedian.Programs.RationalSortProgram (21s)
✔ [9486/9596] Built OAI.Combinatorics.KMedian.Machines.ListCompiler (19s)
✔ [9487/9596] Built OAI.Combinatorics.KMedian.Geometry.RationalUnitScan (20s)
✔ [9488/9596] Built OAI.Combinatorics.KMedian.Programs.CardinalRoundProgram (19s)
✔ [9489/9596] Built OAI.Combinatorics.KMedian.Process.CountRunProgram (24s)
✔ [9490/9598] Built OAI.Combinatorics.KMedian.Expanders.SmallBias (21s)
✔ [9491/9598] Built OAI.Combinatorics.KMedian.Programs.GraphRunProgram (22s)
✔ [9492/9598] Built OAI.Combinatorics.KMedian.Machines.RawRotation (19s)
✔ [9493/9598] Built OAI.Combinatorics.KMedian.PCP.AlphabetReduction (20s)
✔ [9494/9598] Built OAI.Combinatorics.KMedian.Process.BatchOrdinalArrays (20s)
✔ [9495/9598] Built OAI.Combinatorics.KMedian.Programs.UnitRepresentativeProgram (20s)
✔ [9496/9598] Built OAI.Combinatorics.KMedian.Rounding.SignedTerminalProgram (20s)
✔ [9497/9598] Built OAI.Combinatorics.KMedian.Process.PhysicalBatchProgram (20s)
✔ [9498/9598] Built OAI.Combinatorics.KMedian.Programs.SplitListProgram (21s)
✔ [9499/9598] Built OAI.Combinatorics.KMedian.Geometry.RationalFractionalScan (21s)
✔ [9500/9598] Built OAI.Combinatorics.KMedian.Rounding.GridRoundingProgram (20s)
✔ [9501/9598] Built OAI.Combinatorics.KMedian.Rounding.TargetSubsetProgram (19s)
✔ [9502/9598] Built OAI.Combinatorics.KMedian.Machines.BlendSpec (18s)
✔ [9503/9598] Built OAI.Combinatorics.KMedian.Expanders.ExpanderFamily (20s)
✔ [9504/9598] Built OAI.Combinatorics.KMedian.Programs.GraphLawProgram (19s)
✔ [9505/9598] Built OAI.Combinatorics.KMedian.Machines.BlockRotation (19s)
✔ [9506/9598] Built OAI.Combinatorics.KMedian.Machines.RotationBounds (20s)
✔ [9507/9598] Built OAI.Combinatorics.KMedian.Machines.VertexMap (19s)
✔ [9508/9599] Built OAI.Combinatorics.KMedian.PCP.BinaryReduction (19s)
✔ [9509/9601] Built OAI.Combinatorics.KMedian.Amplification.CSPMix (21s)
✔ [9510/9601] Built OAI.Combinatorics.KMedian.Amplification.PoweringConstruction (20s)
✔ [9511/9601] Built OAI.Combinatorics.KMedian.Amplification.LabelTransport (20s)
✔ [9512/9601] Built OAI.Combinatorics.KMedian.Machines.BinaryReindex (20s)
✔ [9513/9601] Built OAI.Combinatorics.KMedian.Process.ActionTransitionList (20s)
✔ [9514/9601] Built OAI.Combinatorics.KMedian.Programs.UnitGeometryProgram (21s)
✔ [9515/9601] Built OAI.Combinatorics.KMedian.Programs.BoundedEnumerationProgram (20s)
✔ [9516/9601] Built OAI.Combinatorics.KMedian.Rounding.SignedRoundProgram (19s)
✔ [9517/9601] Built OAI.Combinatorics.KMedian.Process.BatchProposalProgram (20s)
✔ [9518/9601] Built OAI.Combinatorics.KMedian.Optimization.FractionalInputProgram (19s)
✔ [9519/9602] Built OAI.Combinatorics.KMedian.Programs.InstanceFractionalRound (20s)
✔ [9520/9602] Built OAI.Combinatorics.KMedian.Programs.BundlesProgram (19s)
✔ [9521/9602] Built OAI.Combinatorics.KMedian.Programs.StarActivationProgram (19s)
✔ [9522/9602] Built OAI.Combinatorics.KMedian.Expanders.ExpanderIndex (19s)
✔ [9523/9606] Built OAI.Combinatorics.KMedian.Expanders.CloudCopies (20s)
✔ [9524/9606] Built OAI.Combinatorics.KMedian.Machines.RotationExt (19s)
✔ [9525/9606] Built OAI.Combinatorics.KMedian.Process.TaperGraphProgram (19s)
✔ [9526/9606] Built OAI.Combinatorics.KMedian.Machines.BlendCompiler (19s)
✔ [9527/9606] Built OAI.Combinatorics.KMedian.Amplification.PaddedAlphabet (19s)
✔ [9528/9606] Built OAI.Combinatorics.KMedian.Machines.CutLaws (19s)
✔ [9529/9606] Built OAI.Combinatorics.KMedian.Machines.RawSquare (19s)
✔ [9530/9609] Built OAI.Combinatorics.KMedian.Amplification.PoweredAlphabet (20s)
✔ [9531/9609] Built OAI.Combinatorics.KMedian.Amplification.PowerCompleteness (20s)
✔ [9532/9609] Built OAI.Combinatorics.KMedian.Machines.RawCSP (20s)
✔ [9533/9610] Built OAI.Combinatorics.KMedian.Amplification.PoweringBound (28s)
✔ [9534/9610] Built OAI.Combinatorics.KMedian.Programs.InstanceComputedPseudo (19s)
✔ [9535/9613] Built OAI.Combinatorics.KMedian.Expanders.ExpanderStep (20s)
✔ [9536/9613] Built OAI.Combinatorics.KMedian.Rounding.SignedPreparationProgram (21s)
✔ [9537/9615] Built OAI.Combinatorics.KMedian.Amplification.RegularizationObjects (22s)
✔ [9538/9615] Built OAI.Combinatorics.KMedian.PCP.PathTable (20s)
✔ [9539/9617] Built OAI.Combinatorics.KMedian.Process.CopyGraphProgram (21s)
✔ [9540/9617] Built OAI.Combinatorics.KMedian.Amplification.PaddedPowered (20s)
✔ [9541/9617] Built OAI.Combinatorics.KMedian.Machines.TableBuilders (20s)
✔ [9542/9617] Built OAI.Combinatorics.KMedian.Machines.TablePromises (19s)
✔ [9543/9619] Built OAI.Combinatorics.KMedian.Geometry.ComputedInstanceAlgorithm (18s)
✔ [9544/9619] Built OAI.Combinatorics.KMedian.Machines.AlphabetIndex (21s)
✔ [9545/9619] Built OAI.Combinatorics.KMedian.Programs.InstanceDataProgram (20s)
✔ [9546/9619] Built OAI.Combinatorics.KMedian.Expanders.ExpanderTables (20s)
✔ [9547/9619] Built OAI.Combinatorics.KMedian.Preparation.PreparedDataOperations (20s)
✔ [9548/9619] Built OAI.Combinatorics.KMedian.Programs.OuterLawProgram (20s)
✔ [9549/9619] Built OAI.Combinatorics.KMedian.Machines.RelabelTables (20s)
✔ [9550/9619] Built OAI.Combinatorics.KMedian.Amplification.RegularizationSound (21s)
✔ [9551/9619] Built OAI.Combinatorics.KMedian.Process.CopyNearestProgram (19s)
✔ [9552/9619] Built OAI.Combinatorics.KMedian.Process.CopyNextProgram (20s)
✔ [9553/9619] Built OAI.Combinatorics.KMedian.Amplification.PowerPrograms (21s)
✔ [9554/9619] Built OAI.Combinatorics.KMedian.Machines.GridTables (20s)
✔ [9555/9619] Built OAI.Combinatorics.KMedian.Machines.CSPTableBounds (20s)
✔ [9556/9619] Built OAI.Combinatorics.KMedian.Programs.InstanceZeroProgram (20s)
✔ [9557/9619] Built OAI.Combinatorics.KMedian.Programs.RestrictionProgram (21s)
✔ [9558/9621] Built OAI.Combinatorics.KMedian.Binary.InstanceParserProgram (21s)
✔ [9559/9626] Built OAI.Combinatorics.KMedian.Expanders.ExpanderGuard (19s)
✔ [9560/9626] Built OAI.Combinatorics.KMedian.Reduction.ReductionCostProgram (20s)
✔ [9561/9626] Built OAI.Combinatorics.KMedian.Preparation.PreparedKernelProgram (18s)
✔ [9562/9626] Built OAI.Combinatorics.KMedian.Amplification.FlexibleCloud (22s)
✔ [9563/9626] Built OAI.Combinatorics.KMedian.PCP.GlobalRegularization (22s)
✔ [9564/9626] Built OAI.Combinatorics.KMedian.Reduction.CompletionMaskProgram (21s)
✔ [9565/9626] Built OAI.Combinatorics.KMedian.Amplification.PowerSpec (21s)
✔ [9566/9626] Built OAI.Combinatorics.KMedian.Process.PhysicalBatchUpdateProgram (26s)
✔ [9567/9626] Built OAI.Combinatorics.KMedian.Machines.CardBounds (20s)
✔ [9568/9626] Built OAI.Combinatorics.KMedian.Machines.RectTables (20s)
✔ [9569/9626] Built OAI.Combinatorics.KMedian.Expanders.ExpanderCompiler (20s)
✔ [9570/9626] Built OAI.Combinatorics.KMedian.Reduction.LocalCompletionProgram (21s)
✔ [9571/9626] Built OAI.Combinatorics.KMedian.Reduction.DeletionProgram (21s)
✔ [9572/9626] Built OAI.Combinatorics.KMedian.Machines.MatchingLaws (20s)
✔ [9573/9626] Built OAI.Combinatorics.KMedian.Preparation.PreparedLawProgram (25s)
✔ [9574/9626] Built OAI.Combinatorics.KMedian.Expanders.CloudOrder (20s)
✔ [9575/9627] Built OAI.Combinatorics.KMedian.Amplification.FlexibleRegularization (23s)
✔ [9576/9627] Built OAI.Combinatorics.KMedian.Reduction.CompletionProgram (21s)
✔ [9577/9627] Built OAI.Combinatorics.KMedian.Amplification.Amplifier (22s)
✔ [9578/9627] Built OAI.Combinatorics.KMedian.Machines.AlphabetTable (20s)
✔ [9579/9627] Built OAI.Combinatorics.KMedian.Expanders.CloudPrograms (19s)
✔ [9580/9629] Built OAI.Combinatorics.KMedian.Process.PhysicalRoundProgram (23s)
✔ [9581/9629] Built OAI.Combinatorics.KMedian.Reduction.ReductionOutcomesProgram (21s)
✔ [9582/9633] Built OAI.Combinatorics.KMedian.Machines.Box (19s)
✔ [9583/9633] Built OAI.Combinatorics.KMedian.CookLevin.FiniteConstraints (20s)
✔ [9584/9633] Built OAI.Combinatorics.KMedian.Preparation.SupplierPreparationProgram (23s)
✔ [9585/9634] Built OAI.Combinatorics.KMedian.Amplification.RegularGraphLaws (29s)
✔ [9586/9637] Built OAI.Combinatorics.KMedian.Amplification.AmplifierSize (21s)
✔ [9587/9639] Built OAI.Combinatorics.KMedian.Amplification.FlexibleAmplifier (22s)
✔ [9588/9639] Built OAI.Combinatorics.KMedian.Expanders.CloudSpec (22s)
✔ [9589/9639] Built OAI.Combinatorics.KMedian.Machines.AlphabetSpec (27s)
✔ [9590/9639] Built OAI.Combinatorics.KMedian.Process.PhysicalHistoriesProgram (21s)
✔ [9591/9639] Built OAI.Combinatorics.KMedian.CookLevin.TM2Locality (21s)
✔ [9592/9639] Built OAI.Combinatorics.KMedian.Amplification.RegularPrograms (24s)
✔ [9593/9639] Built OAI.Combinatorics.KMedian.CookLevin.TableauRows (19s)
✔ [9594/9644] Built OAI.Combinatorics.KMedian.Amplification.FlexibleComplete (18s)
✔ [9595/9646] Built OAI.Combinatorics.KMedian.Machines.Iteration (22s)
✔ [9596/9646] Built OAI.Combinatorics.KMedian.Machines.UnaryPolynomial (19s)
✔ [9597/9657] Built OAI.Combinatorics.KMedian.Amplification.FlexibleBound (21s)
✔ [9598/9662] Built OAI.Combinatorics.KMedian.Amplification.PaddingSpec (20s)
✔ [9599/9669] Built OAI.Combinatorics.KMedian.Expanders.CloudEmbedding (23s)
✔ [9600/9669] Built OAI.Combinatorics.KMedian.Programs.HistorySelectionProgram (21s)
✔ [9601/9669] Built OAI.Combinatorics.KMedian.CookLevin.TM2Response (20s)
✔ [9602/9669] Built OAI.Combinatorics.KMedian.CookLevin.InitialAlphabet (19s)
✔ [9603/9669] Built OAI.Combinatorics.KMedian.Machines.LocalCompiler (21s)
✔ [9604/9669] Built OAI.Combinatorics.KMedian.Machines.IterationPolynomial (20s)
✔ [9605/9670] Built OAI.Combinatorics.KMedian.Projection.Norm (19s)
✔ [9606/9674] Built OAI.Combinatorics.KMedian.Projection.MassNormalize (20s)
✔ [9607/9676] Built OAI.Combinatorics.KMedian.Machines.MatchingSpec (20s)
✔ [9608/9678] Built OAI.Combinatorics.KMedian.Rounding.GridDataProgram (20s)
✔ [9609/9678] Built OAI.Combinatorics.KMedian.CookLevin.TableauRun (20s)
✔ [9610/9684] Built OAI.Combinatorics.KMedian.CookLevin.TableauLocal (19s)
✔ [9612/9688] Built OAI.Combinatorics.KMedian.CookLevin.InitialTable (20s)
✔ [9613/9688] Built OAI.Combinatorics.KMedian.CookLevin.InitialSize (19s)
✔ [9614/9688] Built OAI.Combinatorics.KMedian.Projection.Operator (20s)
✔ [9615/9688] Built OAI.Combinatorics.KMedian.Projection.SeedCombinators (19s)
✔ [9616/9688] Built OAI.Combinatorics.KMedian.Machines.ListAllProgram (18s)
✔ [9617/9688] Built OAI.Combinatorics.KMedian.Process.RoundCountsProgram (19s)
✔ [9618/9688] Built OAI.Combinatorics.KMedian.Machines.LocalSpec (22s)
✔ [9619/9688] Built OAI.Combinatorics.KMedian.CookLevin.TableauSystem (19s)
✔ [9620/9688] Built OAI.Combinatorics.KMedian.Projection.Expansion (20s)
✔ [9621/9688] Built OAI.Combinatorics.KMedian.Projection.Rounding (21s)
✔ [9622/9688] Built OAI.Combinatorics.KMedian.Projection.IncidenceOperator (21s)
✔ [9623/9688] Built OAI.Combinatorics.KMedian.Projection.Product (21s)
✔ [9624/9688] Built OAI.Combinatorics.KMedian.Preparation.PreparedScanProgram (20s)
✔ [9625/9688] Built OAI.Combinatorics.KMedian.Amplification.RegularSpec (21s)
✔ [9626/9688] Built OAI.Combinatorics.KMedian.CookLevin.TableauCorrect (18s)
✔ [9627/9688] Built OAI.Combinatorics.KMedian.CookLevin.TableauBoundary (18s)
✔ [9628/9688] Built OAI.Combinatorics.KMedian.Projection.IncidenceExpansion (16s)
✔ [9629/9688] Built OAI.Combinatorics.KMedian.Projection.Contraction (19s)
✔ [9630/9688] Built OAI.Combinatorics.KMedian.Preparation.SupplierScanProgram (16s)
✔ [9631/9688] Built OAI.Combinatorics.KMedian.Amplification.PowerTable (15s)
✔ [9632/9688] Built OAI.Combinatorics.KMedian.CookLevin.TableauEndpoints (15s)
✔ [9633/9688] Built OAI.Combinatorics.KMedian.Machines.FiniteFilterProgram (15s)
✔ [9634/9688] Built OAI.Combinatorics.KMedian.Projection.Bound (14s)
✔ [9635/9688] Built OAI.Combinatorics.KMedian.Programs.UnitScanProgram (15s)
✔ [9636/9688] Built OAI.Combinatorics.KMedian.Machines.TableCounts (15s)
✔ [9637/9688] Built OAI.Combinatorics.KMedian.Machines.FiniteBoundaryPrograms (14s)
✔ [9638/9688] Built OAI.Combinatorics.KMedian.Amplification.AmplifierProgram (16s)
✔ [9639/9688] Built OAI.Combinatorics.KMedian.Projection.Tensor (11s)
✔ [9640/9688] Built OAI.Combinatorics.KMedian.Optimization.FractionalScanProgram (11s)
✔ [9641/9688] Built OAI.Combinatorics.KMedian.Amplification.AmplifierTableSize (11s)
✔ [9642/9688] Built OAI.Combinatorics.KMedian.Projection.Repeat (9.6s)
✔ [9643/9688] Built OAI.Combinatorics.KMedian.Programs.InstanceRoundProgram (12s)
✔ [9644/9688] Built OAI.Combinatorics.KMedian.Amplification.AmplifierIteration (15s)
✔ [9645/9688] Built OAI.Combinatorics.KMedian.Projection.Promises (20s)
✔ [9646/9688] Built OAI.Combinatorics.KMedian.Projection.Reindex (21s)
✔ [9647/9688] Built OAI.Combinatorics.KMedian.Projection.Input (21s)
✔ [9648/9688] Built OAI.Combinatorics.KMedian.Projection.CSPProjection (21s)
✔ [9649/9688] Built OAI.Combinatorics.KMedian.Machines.FixedImpossible (22s)
✔ [9650/9688] Built OAI.Combinatorics.KMedian.Programs.FinalSelectionProgram (22s)
✔ [9651/9688] Built OAI.Combinatorics.KMedian.Programs.BranchProgram (23s)
✔ [9652/9688] Built OAI.Combinatorics.KMedian.Amplification.AmplifierGuard (19s)
✔ [9653/9688] Built OAI.Combinatorics.KMedian.Projection.ToInput (20s)
✔ [9654/9688] Built OAI.Combinatorics.KMedian.Projection.Tables (20s)
✔ [9655/9688] Built OAI.Combinatorics.KMedian.Projection.CodingLaws (20s)
✔ [9656/9688] Built OAI.Combinatorics.KMedian.Projection.RepairProgram (20s)
✔ [9657/9688] Built OAI.Combinatorics.KMedian.Projection.Seed (21s)
✔ [9658/9688] Built OAI.Combinatorics.KMedian.Reduction.OrdinaryListProgram (17s)
✔ [9659/9688] Built OAI.Combinatorics.KMedian.Amplification.AmplifierCompiler (17s)
✔ [9660/9688] Built OAI.Combinatorics.KMedian.Projection.RowsBuild (12s)
✔ [9661/9688] Built OAI.Combinatorics.KMedian.Projection.ProductTable (12s)
✔ [9662/9688] Built OAI.Combinatorics.KMedian.Main (10s)
✔ [9663/9688] Built OAI.Combinatorics.KMedian.Projection.PowerTable (11s)
✔ [9664/9688] Built OAI.Combinatorics.KMedian.Projection.RegularTable (12s)
✔ [9665/9688] Built OAI.Combinatorics.KMedian.Hardness.Analysis (12s)
✔ [9666/9688] Built OAI.Combinatorics.KMedian.Hardness.Composition (14s)
✔ [9667/9688] Built OAI.Combinatorics.KMedian.Projection.SeedSound (12s)
✔ [9668/9688] Built OAI.Combinatorics.KMedian.Hardness.Verdict (13s)
✔ [9669/9688] Built OAI.Combinatorics.KMedian.Hardness.Threads (14s)
✔ [9670/9688] Built OAI.Combinatorics.KMedian.Hardness.Classes (16s)
✔ [9671/9688] Built OAI.Combinatorics.KMedian.Projection.SeedTables (10s)
✔ [9672/9688] Built OAI.Combinatorics.KMedian.Hardness.Reduction (10s)
✔ [9673/9688] Built OAI.Combinatorics.KMedian.CookLevin.CookLevin (11s)
✔ [9674/9688] Built OAI.Combinatorics.KMedian.CookLevin.SeedInput (9.0s)
✔ [9675/9688] Built OAI.Combinatorics.KMedian.Hardness.ProjectionReduction (10s)
✔ [9676/9688] Built OAI.Combinatorics.KMedian.CookLevin.CookClockProgram (11s)
✔ [9677/9688] Built OAI.Combinatorics.KMedian.CookLevin.CookBox (12s)
✔ [9678/9688] Built OAI.Combinatorics.KMedian.CookLevin.SemanticProjection (8.7s)
✔ [9679/9688] Built OAI.Combinatorics.KMedian.CookLevin.CookSize (8.9s)
✔ [9680/9688] Built OAI.Combinatorics.KMedian.CookLevin.TableauDirectories (6.8s)
✔ [9681/9688] Built OAI.Combinatorics.KMedian.CookLevin.TableauDirectoryProgram (9.9s)
✔ [9682/9688] Built OAI.Combinatorics.KMedian.CookLevin.TableauQueryProgram (10s)
✔ [9683/9688] Built OAI.Combinatorics.KMedian.CookLevin.TableauRelationProgram (14s)
✔ [9684/9688] Built OAI.Combinatorics.KMedian.CookLevin.CookBoundaryProgram (7.8s)
✔ [9685/9688] Built OAI.Combinatorics.KMedian.CookLevin.CookTable (6.3s)
✔ [9686/9688] Built OAI.Combinatorics.KMedian.CookLevin.CookAmplify (6.6s)
✔ [9687/9688] Built OAI.Combinatorics.KMedian.PCP.UniformProjection (5.8s)
✔ [9688/9688] Built OAI.Combinatorics.KMedian.Threshold (5.5s)
Build completed successfully (9688 jobs).
== build rc=0 seconds=2242
{"theorems": ["OAI.MetricKMedian.threshold"], "defs": ["OAI.MetricKMedian.Instance", "OAI.MetricKMedian.encodeNat", "OAI.MetricKMedian.encodeRat", "OAI.MetricKMedian.encodeInstance", "OAI.MetricKMedian.nearest", "OAI.MetricKMedian.cost", "OAI.MetricKMedian.feasibleSets", "OAI.MetricKMedian.optimum", "OAI.MetricKMedian.Correct", "OAI.MetricKMedian.Complexity.FinitePolyTime", "OAI.MetricKMedian.Complexity.Word", "OAI.MetricKMedian.Complexity.Language", "OAI.MetricKMedian.Complexity.encodeBit", "OAI.MetricKMedian.Complexity.encodePair", "OAI.MetricKMedian.Complexity.P", "OAI.MetricKMedian.Complexity.NP", "OAI.MetricKMedian.Complexity.PNeNP", "OAI.MetricKMedian.FactorCorrect", "OAI.MetricKMedian.approximationFactors"], "json_theorems": ["OAI.MetricKMedian.threshold"], "missing_from_parse": []}
TYPES/DEFS DIFFER KMedianThreshold
1,5d0
< /Users/shannon/cc/math/math/lean/Scratch/Challenge_KMedianThreshold.lean:102:8:
< warning:
< declaration
< uses
< `sorry`
AXIOMS: 'OAI.MetricKMedian.threshold' depends on axioms: [propext, Classical.choice, Quot.sound] 
== end=2026-10-09T13:39:20Z
