== KServer  module=OAI.Combinatorics.KServer.Main  start=2026-10-08T10:27:32Z
warning: PrimeNumberTheoremAnd: repository '/Users/shannon/cc/math/math/lean/.lake/packages/PrimeNumberTheoremAnd' has local changes
warning: belyi: repository '/Users/shannon/cc/math/math/lean/.lake/packages/belyi' has local changes
warning: formal-schemes: repository '/Users/shannon/cc/math/math/lean/.lake/packages/formal-schemes' has local changes
warning: elliptic-curves: repository '/Users/shannon/cc/math/math/lean/.lake/packages/elliptic-curves' has local changes
warning: tempered-fundamental-groups: repository '/Users/shannon/cc/math/math/lean/.lake/packages/tempered-fundamental-groups' has local changes
warning: oka: repository '/Users/shannon/cc/math/math/lean/.lake/packages/oka' has local changes
warning: orbicurve-cores: repository '/Users/shannon/cc/math/math/lean/.lake/packages/orbicurve-cores' has local changes
warning: pi1: repository '/Users/shannon/cc/math/math/lean/.lake/packages/pi1' has local changes
warning: heights: repository '/Users/shannon/cc/math/math/lean/.lake/packages/heights' has local changes
warning: genl: repository '/Users/shannon/cc/math/math/lean/.lake/packages/genl' has local changes
warning: tate-curves-theta: repository '/Users/shannon/cc/math/math/lean/.lake/packages/tate-curves-theta' has local changes
warning: iut: repository '/Users/shannon/cc/math/math/lean/.lake/packages/iut' has local changes
warning: gromov: repository '/Users/shannon/cc/math/math/lean/.lake/packages/gromov' has local changes
warning: SphereEversion: repository '/Users/shannon/cc/math/math/lean/.lake/packages/SphereEversion' has local changes
warning: schoenflies-lean: repository '/Users/shannon/cc/math/math/lean/.lake/packages/schoenflies-lean' has local changes
warning: ClassFieldTheory: repository '/Users/shannon/cc/math/math/lean/.lake/packages/ClassFieldTheory' has local changes
warning: AINTLIB: repository '/Users/shannon/cc/math/math/lean/.lake/packages/AINTLIB' has local changes
warning: AbsorptionCutoff: repository '/Users/shannon/cc/math/math/lean/.lake/packages/AbsorptionCutoff' has local changes
warning: StrongPNT: repository '/Users/shannon/cc/math/math/lean/.lake/packages/StrongPNT' has local changes
warning: carleson: repository '/Users/shannon/cc/math/math/lean/.lake/packages/carleson' has local changes
warning: rellich-kondrachov: repository '/Users/shannon/cc/math/math/lean/.lake/packages/rellich-kondrachov' has local changes
warning: Zeta3Irrational: repository '/Users/shannon/cc/math/math/lean/.lake/packages/Zeta3Irrational' has local changes
warning: fixed-point-theorems: repository '/Users/shannon/cc/math/math/lean/.lake/packages/fixed-point-theorems' has local changes
✔ [8924/8960] Built OAI.Combinatorics.KServer.Basic (22s)
✔ [8925/8960] Built OAI.Combinatorics.KServer.Ranks (23s)
✔ [8926/8960] Built OAI.Combinatorics.KServer.Simplex (36s)
✔ [8927/8960] Built OAI.Combinatorics.KServer.Rounding (38s)
✔ [8928/8960] Built OAI.Combinatorics.KServer.Minimization (26s)
✔ [8929/8960] Built OAI.Combinatorics.KServer.Potential (53s)
✔ [8930/8960] Built OAI.Combinatorics.KServer.Behavior (31s)
✔ [8931/8960] Built OAI.Combinatorics.KServer.RankProportions (39s)
✔ [8932/8960] Built OAI.Combinatorics.KServer.Amplification (18s)
✔ [8933/8960] Built OAI.Combinatorics.KServer.Trees (19s)
✔ [8934/8960] Built OAI.Combinatorics.KServer.Experiments (18s)
✔ [8935/8960] Built OAI.Combinatorics.KServer.Coarse (30s)
✔ [8936/8960] Built OAI.Combinatorics.KServer.Allocation (56s)
✔ [8937/8960] Built OAI.Combinatorics.KServer.Partitions (18s)
✔ [8938/8960] Built OAI.Combinatorics.KServer.OutputDynamics (13s)
✔ [8939/8960] Built OAI.Combinatorics.KServer.Rosters (13s)
✔ [8940/8960] Built OAI.Combinatorics.KServer.AllocationSchedule (16s)
✔ [8941/8960] Built OAI.Combinatorics.KServer.Tiers (18s)
✔ [8942/8960] Built OAI.Combinatorics.KServer.Caps (16s)
✔ [8943/8960] Built OAI.Combinatorics.KServer.RosterEdits (18s)
✔ [8944/8960] Built OAI.Combinatorics.KServer.OutputRules (12s)
✔ [8945/8960] Built OAI.Combinatorics.KServer.PartitionBudget (18s)
✔ [8946/8960] Built OAI.Combinatorics.KServer.Hierarchy (14s)
✔ [8947/8960] Built OAI.Combinatorics.KServer.AllocationMovement (16s)
✔ [8948/8960] Built OAI.Combinatorics.KServer.JointExperiment (12s)
✔ [8949/8960] Built OAI.Combinatorics.KServer.AllocationCausality (12s)
✔ [8950/8960] Built OAI.Combinatorics.KServer.ScheduleBudget (17s)
✔ [8951/8960] Built OAI.Combinatorics.KServer.AllocationBudget (11s)
✔ [8952/8960] Built OAI.Combinatorics.KServer.PrefixAllocation (12s)
✔ [8953/8960] Built OAI.Combinatorics.KServer.MetricMatching (15s)
✔ [8954/8960] Built OAI.Combinatorics.KServer.JointBudget (16s)
✔ [8955/8960] Built OAI.Combinatorics.KServer.AnchorTravel (17s)
✔ [8956/8960] Built OAI.Combinatorics.KServer.JointTravel (10s)
✔ [8957/8960] Built OAI.Combinatorics.KServer.MetricService (7.0s)
✔ [8958/8960] Built OAI.Combinatorics.KServer.CausalRounding (8.8s)
✔ [8959/8960] Built OAI.Combinatorics.KServer.FiniteLaw (9.5s)
✔ [8960/8960] Built OAI.Combinatorics.KServer.Main (7.1s)
Build completed successfully (8960 jobs).
== build rc=0 seconds=308
{"theorems": ["OAI.KServer.main_theorem"], "defs": ["OAI.KServer.Configuration", "OAI.KServer.LabelDistribution", "OAI.KServer.Policy", "OAI.KServer.serve", "OAI.KServer.serviceCost", "OAI.KServer.pathProbability", "OAI.KServer.expectedCost", "OAI.KServer.optimalCost", "OAI.KServer.MainStatement"], "json_theorems": ["OAI.KServer.main_theorem"], "missing_from_parse": []}
TYPES/DEFS DIFFER KServer
1,5d0
< /Users/shannon/cc/math/math/lean/Scratch/Challenge_KServer.lean:62:8:
< warning:
< declaration
< uses
< `sorry`
40c35
< probability
---
> p
43c38
< (label
---
> (i
49,50c44,45
< probability
< label)
---
> p
> i)
53,55c48,50
< label,
< probability
< label
---
> i,
> p
> i
114,115c109,110
< label
< request
---
> i
> r
119,120c114,115
< label
< request
---
> i
> r
140c135
< (requests
---
> (σ
146c141
< requests.length
---
> σ.length
205c200
< (requests
---
> (σ
211c206
< requests.length
---
> σ.length
222c217
< history
---
> h
AXIOMS: 'OAI.KServer.main_theorem' depends on axioms: [propext, Classical.choice, Quot.sound] 
== end=2026-10-08T10:33:03Z
