== LaughlinGap  module=OAI.Analysis.LaughlinGap.Main  start=2026-10-09T07:51:20Z
warning: PrimeNumberTheoremAnd: repository '/Users/shannon/cc/math/math/lean/.lake/packages/PrimeNumberTheoremAnd' has local changes
warning: belyi: repository '/Users/shannon/cc/math/math/lean/.lake/packages/belyi' has local changes
warning: formal-schemes: repository '/Users/shannon/cc/math/math/lean/.lake/packages/formal-schemes' has local changes
warning: elliptic-curves: repository '/Users/shannon/cc/math/math/lean/.lake/packages/elliptic-curves' has local changes
warning: tempered-fundamental-groups: repository '/Users/shannon/cc/math/math/lean/.lake/packages/tempered-fundamental-groups' has local changes
warning: oka: repository '/Users/shannon/cc/math/math/lean/.lake/packages/oka' has local changes
warning: orbicurve-cores: repository '/Users/shannon/cc/math/math/lean/.lake/packages/orbicurve-cores' has local changes
warning: pi1: repository '/Users/shannon/cc/math/math/lean/.lake/packages/pi1' has local changes
warning: heights: repository '/Users/shannon/cc/math/math/lean/.lake/packages/heights' has local changes
warning: genl: repository '/Users/shannon/cc/math/math/lean/.lake/packages/genl' has local changes
warning: tate-curves-theta: repository '/Users/shannon/cc/math/math/lean/.lake/packages/tate-curves-theta' has local changes
warning: iut: repository '/Users/shannon/cc/math/math/lean/.lake/packages/iut' has local changes
warning: gromov: repository '/Users/shannon/cc/math/math/lean/.lake/packages/gromov' has local changes
warning: SphereEversion: repository '/Users/shannon/cc/math/math/lean/.lake/packages/SphereEversion' has local changes
warning: schoenflies-lean: repository '/Users/shannon/cc/math/math/lean/.lake/packages/schoenflies-lean' has local changes
warning: ClassFieldTheory: repository '/Users/shannon/cc/math/math/lean/.lake/packages/ClassFieldTheory' has local changes
warning: AINTLIB: repository '/Users/shannon/cc/math/math/lean/.lake/packages/AINTLIB' has local changes
warning: AbsorptionCutoff: repository '/Users/shannon/cc/math/math/lean/.lake/packages/AbsorptionCutoff' has local changes
warning: StrongPNT: repository '/Users/shannon/cc/math/math/lean/.lake/packages/StrongPNT' has local changes
warning: carleson: repository '/Users/shannon/cc/math/math/lean/.lake/packages/carleson' has local changes
warning: rellich-kondrachov: repository '/Users/shannon/cc/math/math/lean/.lake/packages/rellich-kondrachov' has local changes
warning: Zeta3Irrational: repository '/Users/shannon/cc/math/math/lean/.lake/packages/Zeta3Irrational' has local changes
warning: fixed-point-theorems: repository '/Users/shannon/cc/math/math/lean/.lake/packages/fixed-point-theorems' has local changes
✔ [8926/9029] Built OAI.Analysis.LaughlinGap.CheckedTables (16s)
✔ [8927/9029] Built OAI.Analysis.LaughlinGap.Averaging (23s)
✔ [8928/9029] Built OAI.Analysis.LaughlinGap.SpinWork (23s)
✔ [8929/9029] Built OAI.Analysis.LaughlinGap.Basic (35s)
✔ [8930/9029] Built OAI.Analysis.LaughlinGap.Occupation (36s)
✔ [8931/9029] Built OAI.Analysis.LaughlinGap.HighestRatios (17s)
✔ [8932/9029] Built OAI.Analysis.LaughlinGap.TensorSpin (20s)
✔ [8933/9029] Built OAI.Analysis.LaughlinGap.SpectralBound (14s)
✔ [8934/9029] Built OAI.Analysis.LaughlinGap.IntertwiningSpin (16s)
✔ [8935/9029] Built OAI.Analysis.LaughlinGap.PairSpin (16s)
✔ [8936/9029] Built OAI.Analysis.LaughlinGap.PairEndpoints (14s)
✔ [8937/9029] Built OAI.Analysis.LaughlinGap.PairEnergy (22s)
✔ [8938/9029] Built OAI.Analysis.LaughlinGap.ThreeSpin (13s)
✔ [8939/9029] Built OAI.Analysis.LaughlinGap.SpinAveraging (14s)
✔ [8940/9029] Built OAI.Analysis.LaughlinGap.ThreeSpectrum (14s)
✔ [8941/9029] Built OAI.Analysis.LaughlinGap.IrrepAveraging (15s)
✔ [8942/9029] Built OAI.Analysis.LaughlinGap.NestedSpin (15s)
✔ [8943/9029] Built OAI.Analysis.LaughlinGap.IntertwinerAveraging (14s)
✔ [8944/9029] Built OAI.Analysis.LaughlinGap.ThreeGram (16s)
✔ [8945/9029] Built OAI.Analysis.LaughlinGap.Contraction (36s)
✔ [8946/9029] Built OAI.Analysis.LaughlinGap.ExtendedPair (14s)
✔ [8947/9029] Built OAI.Analysis.LaughlinGap.NormalOrder (15s)
✔ [8948/9029] Built OAI.Analysis.LaughlinGap.PairDecomposition (9.3s)
✔ [8949/9029] Built OAI.Analysis.LaughlinGap.Creation (12s)
✔ [8950/9029] Built OAI.Analysis.LaughlinGap.FourSpin (10s)
✔ [8951/9029] Built OAI.Analysis.LaughlinGap.WedgeIdentification (12s)
✔ [8952/9029] Built OAI.Analysis.LaughlinGap.RealOccupation (13s)
✔ [8953/9029] Built OAI.Analysis.LaughlinGap.PhysicalSpinSpectrum (9.3s)
✔ [8954/9029] Built OAI.Analysis.LaughlinGap.CovariantLift (9.9s)
✔ [8955/9029] Built OAI.Analysis.LaughlinGap.CovariantFamily (6.8s)
✔ [8956/9029] Built OAI.Analysis.LaughlinGap.PhysicalAveraging (6.9s)
✔ [8957/9029] Built OAI.Analysis.LaughlinGap.NestedAveraging (7.8s)
✔ [8958/9029] Built OAI.Analysis.LaughlinGap.RealPositivity (8.1s)
✔ [8959/9029] Built OAI.Analysis.LaughlinGap.LowNested (8.8s)
✔ [8960/9029] Built OAI.Analysis.LaughlinGap.ThreeBounds (8.5s)
✔ [8961/9029] Built OAI.Analysis.LaughlinGap.FourAveraging (9.1s)
✔ [8962/9029] Built OAI.Analysis.LaughlinGap.RealSpinSquare (9.8s)
✔ [8963/9029] Built OAI.Analysis.LaughlinGap.FourHighest (11s)
✔ [8964/9029] Built OAI.Analysis.LaughlinGap.Four (10s)
✔ [8965/9029] Built OAI.Analysis.LaughlinGap.ThreeAveraging (11s)
✔ [8966/9029] Built OAI.Analysis.LaughlinGap.FourAllowance (12s)
✔ [8967/9029] Built OAI.Analysis.LaughlinGap.AuxiliaryComparison (13s)
✔ [8968/9029] Built OAI.Analysis.LaughlinGap.GlobalBoundCore (10s)
✔ [8969/9029] Built OAI.Analysis.LaughlinGap.ThreeComparison (10s)
✔ [8970/9029] Built OAI.Analysis.LaughlinGap.FourComparison (10s)
✔ [8971/9029] Built OAI.Analysis.LaughlinGap.RationalCoupling (9.6s)
✔ [8972/9029] Built OAI.Analysis.LaughlinGap.FourTransfer (10s)
✔ [8973/9029] Built OAI.Analysis.LaughlinGap.RationalRows (11s)
✔ [8974/9029] Built OAI.Analysis.LaughlinGap.RationalFourCoefficients (11s)
✔ [8975/9029] Built OAI.Analysis.LaughlinGap.FourBoundCore (11s)
✔ [8976/9029] Built OAI.Analysis.LaughlinGap.RationalRowComputable (12s)
✔ [8977/9029] Built OAI.Analysis.LaughlinGap.FourBound (12s)
✔ [8978/9029] Built OAI.Analysis.LaughlinGap.RationalExterior (13s)
✔ [8979/9029] Built OAI.Analysis.LaughlinGap.RationalFourRows (14s)
✔ [8980/9029] Built OAI.Analysis.LaughlinGap.RationalFourComputable (12s)
✔ [8981/9029] Built OAI.Analysis.LaughlinGap.GlobalBound (13s)
✔ [8982/9029] Built OAI.Analysis.LaughlinGap.ExteriorTermExpansion (13s)
✔ [8983/9029] Built OAI.Analysis.LaughlinGap.RationalCreatedGram (9.6s)
✔ [8984/9029] Built OAI.Analysis.LaughlinGap.FastCoupling (11s)
✔ [8985/9029] Built OAI.Analysis.LaughlinGap.FastFourKeys (11s)
✔ [8986/9029] Built OAI.Analysis.LaughlinGap.RationalFourCertificate (11s)
✔ [8987/9029] Built OAI.Analysis.LaughlinGap.ExactRows (43s)
✔ [8988/9029] Built OAI.Analysis.LaughlinGap.FourTables (8.4s)
✔ [8989/9029] Built OAI.Analysis.LaughlinGap.ZeroCertificates (8.6s)
✔ [8990/9029] Built OAI.Analysis.LaughlinGap.IntegerFourRows (9.6s)
✔ [8991/9029] Built OAI.Analysis.LaughlinGap.SumTable19 (88s)
✔ [8992/9029] Built OAI.Analysis.LaughlinGap.SumTable21 (89s)
✔ [8993/9029] Built OAI.Analysis.LaughlinGap.SumTable23 (89s)
✔ [8994/9029] Built OAI.Analysis.LaughlinGap.SumTable17 (99s)
✔ [8995/9029] Built OAI.Analysis.LaughlinGap.SumTable15 (118s)
✔ [8996/9029] Built OAI.Analysis.LaughlinGap.SumTable13 (141s)
✔ [8997/9029] Built OAI.Analysis.LaughlinGap.CachedIntegerRows (52s)
✔ [8998/9029] Built OAI.Analysis.LaughlinGap.SumTable9 (157s)
✔ [8999/9029] Built OAI.Analysis.LaughlinGap.SumTable11 (157s)
✔ [9000/9029] Built OAI.Analysis.LaughlinGap.SumTable20 (123s)
✔ [9001/9029] Built OAI.Analysis.LaughlinGap.SumTable22 (114s)
✔ [9002/9029] Built OAI.Analysis.LaughlinGap.SumTable18 (100s)
✔ [9003/9029] Built OAI.Analysis.LaughlinGap.SumTable5 (164s)
✔ [9004/9029] Built OAI.Analysis.LaughlinGap.SumTable16 (128s)
✔ [9005/9029] Built OAI.Analysis.LaughlinGap.SumTable14 (147s)
✔ [9006/9029] Built OAI.Analysis.LaughlinGap.Certificate9 (348s)
✔ [9007/9029] Built OAI.Analysis.LaughlinGap.SumTable10 (429s)
✔ [9008/9029] Built OAI.Analysis.LaughlinGap.Certificate13 (695s)
✔ [9009/9029] Built OAI.Analysis.LaughlinGap.Certificate11 (554s)
✔ [9010/9029] Built OAI.Analysis.LaughlinGap.SumTable12 (540s)
✔ [9011/9029] Built OAI.Analysis.LaughlinGap.Certificate15 (1070s)
✔ [9012/9029] Built OAI.Analysis.LaughlinGap.Certificate5 (402s)
✔ [9013/9029] Built OAI.Analysis.LaughlinGap.Certificate17 (1149s)
✔ [9014/9029] Built OAI.Analysis.LaughlinGap.Certificate19 (1161s)
✔ [9015/9029] Built OAI.Analysis.LaughlinGap.Certificate6 (33s)
✔ [9016/9029] Built OAI.Analysis.LaughlinGap.Certificate21 (1284s)
✔ [9017/9029] Built OAI.Analysis.LaughlinGap.Certificate10 (208s)
✔ [9018/9029] Built OAI.Analysis.LaughlinGap.SumTable7 (327s)
✔ [9019/9029] Built OAI.Analysis.LaughlinGap.Certificate12 (175s)
✔ [9020/9029] Built OAI.Analysis.LaughlinGap.Certificate23 (1374s)
✔ [9021/9029] Built OAI.Analysis.LaughlinGap.Certificate14 (270s)
✔ [9022/9029] Built OAI.Analysis.LaughlinGap.Certificate7 (98s)
✔ [9023/9029] Built OAI.Analysis.LaughlinGap.Certificate16 (252s)
✔ [9024/9029] Built OAI.Analysis.LaughlinGap.SumTable8 (140s)
✔ [9025/9029] Built OAI.Analysis.LaughlinGap.Certificate8 (61s)
✔ [9026/9029] Built OAI.Analysis.LaughlinGap.Certificate18 (322s)
✔ [9027/9029] Built OAI.Analysis.LaughlinGap.Certificate20 (328s)
✔ [9028/9029] Built OAI.Analysis.LaughlinGap.Certificate22 (349s)
✔ [9029/9029] Built OAI.Analysis.LaughlinGap.Main (17s)
Build completed successfully (9029 jobs).
== build rc=0 seconds=2174
{"theorems": ["OAI.LaughlinGap.thm_main"], "defs": ["OAI.Laughlin.Configuration", "OAI.Laughlin.State", "OAI.Laughlin.Antisymmetric", "OAI.Laughlin.pairCoefficient", "OAI.Laughlin.pairAmplitude", "OAI.Laughlin.energy", "OAI.Laughlin.SpinorVariables", "OAI.Laughlin.bracket", "OAI.Laughlin.laughlinPolynomial", "OAI.Laughlin.monomialExponent", "OAI.Laughlin.laughlinVector", "OAI.Laughlin.distanceToLaughlinSq", "OAI.LaughlinGap.MainTarget"], "json_theorems": ["OAI.LaughlinGap.thm_main"], "missing_from_parse": []}
TYPES/DEFS DIFFER LaughlinGap
1,5d0
< /Users/shannon/cc/math/math/lean/Scratch/Challenge_LaughlinGap.lean:78:8:
< warning:
< declaration
< uses
< `sorry`
AXIOMS: 'OAI.LaughlinGap.thm_main' depends on axioms: [propext, Classical.choice, Quot.sound] 
== end=2026-10-09T08:27:56Z
