== Laughlin  module=OAI.Analysis.Laughlin.Main  start=2026-10-09T08:28:29Z
warning: PrimeNumberTheoremAnd: repository '/Users/shannon/cc/math/math/lean/.lake/packages/PrimeNumberTheoremAnd' has local changes
warning: belyi: repository '/Users/shannon/cc/math/math/lean/.lake/packages/belyi' has local changes
warning: formal-schemes: repository '/Users/shannon/cc/math/math/lean/.lake/packages/formal-schemes' has local changes
warning: elliptic-curves: repository '/Users/shannon/cc/math/math/lean/.lake/packages/elliptic-curves' has local changes
warning: tempered-fundamental-groups: repository '/Users/shannon/cc/math/math/lean/.lake/packages/tempered-fundamental-groups' has local changes
warning: oka: repository '/Users/shannon/cc/math/math/lean/.lake/packages/oka' has local changes
warning: orbicurve-cores: repository '/Users/shannon/cc/math/math/lean/.lake/packages/orbicurve-cores' has local changes
warning: pi1: repository '/Users/shannon/cc/math/math/lean/.lake/packages/pi1' has local changes
warning: heights: repository '/Users/shannon/cc/math/math/lean/.lake/packages/heights' has local changes
warning: genl: repository '/Users/shannon/cc/math/math/lean/.lake/packages/genl' has local changes
warning: tate-curves-theta: repository '/Users/shannon/cc/math/math/lean/.lake/packages/tate-curves-theta' has local changes
warning: iut: repository '/Users/shannon/cc/math/math/lean/.lake/packages/iut' has local changes
warning: gromov: repository '/Users/shannon/cc/math/math/lean/.lake/packages/gromov' has local changes
warning: SphereEversion: repository '/Users/shannon/cc/math/math/lean/.lake/packages/SphereEversion' has local changes
warning: schoenflies-lean: repository '/Users/shannon/cc/math/math/lean/.lake/packages/schoenflies-lean' has local changes
warning: ClassFieldTheory: repository '/Users/shannon/cc/math/math/lean/.lake/packages/ClassFieldTheory' has local changes
warning: AINTLIB: repository '/Users/shannon/cc/math/math/lean/.lake/packages/AINTLIB' has local changes
warning: AbsorptionCutoff: repository '/Users/shannon/cc/math/math/lean/.lake/packages/AbsorptionCutoff' has local changes
warning: StrongPNT: repository '/Users/shannon/cc/math/math/lean/.lake/packages/StrongPNT' has local changes
warning: carleson: repository '/Users/shannon/cc/math/math/lean/.lake/packages/carleson' has local changes
warning: rellich-kondrachov: repository '/Users/shannon/cc/math/math/lean/.lake/packages/rellich-kondrachov' has local changes
warning: Zeta3Irrational: repository '/Users/shannon/cc/math/math/lean/.lake/packages/Zeta3Irrational' has local changes
warning: fixed-point-theorems: repository '/Users/shannon/cc/math/math/lean/.lake/packages/fixed-point-theorems' has local changes
✔ [7111/7347] Built OAI.Analysis.Laughlin.Operators.Certificate (3.9s)
✔ [7923/8126] Built OAI.Analysis.Laughlin.Asymptotics.Basic (4.9s)
✔ [7924/8126] Built OAI.Analysis.Laughlin.Asymptotics.Bound (4.8s)
✔ [8944/9059] Built OAI.Analysis.Laughlin.Asymptotics.Limit (7.1s)
✔ [8950/9063] Built OAI.Analysis.Laughlin.Pair.LoweringAlgebra (8.6s)
✔ [8952/9063] Built OAI.Analysis.Laughlin.Polynomial.SourceIntegerPolynomial (8.5s)
✔ [8961/9067] Built OAI.Analysis.Laughlin.ThreeBody.Basic (13s)
✔ [8972/9074] Built OAI.Analysis.Laughlin.FourBody.Basic (10s)
✔ [8974/9074] Built OAI.Analysis.Laughlin.Polynomial.PolynomialMatrixODE (11s)
✔ [8976/9076] Built OAI.Analysis.Laughlin.Tensor.PolynomialRealization (12s)
✔ [8978/9078] Built OAI.Analysis.Laughlin.Spin.Highest2 (13s)
✔ [8980/9078] Built OAI.Analysis.Laughlin.Asymptotics.Convergence (9.5s)
✔ [8981/9078] Built OAI.Analysis.Laughlin.Operators.RationalPSD (9.9s)
✔ [8982/9078] Built OAI.Analysis.Laughlin.Operators.MatrixCongruence (10s)
✔ [8984/9078] Built OAI.Analysis.Laughlin.Spin.HighestSpace (8.0s)
✔ [8985/9078] Built OAI.Analysis.Laughlin.Spin.ScaleLimit (10s)
✔ [8986/9084] Built OAI.Analysis.Laughlin.Spin.GeneralSpinAction (12s)
✔ [8987/9084] Built OAI.Analysis.Laughlin.Spin.LadderMatrix (7.1s)
✔ [8989/9084] Built OAI.Analysis.Laughlin.Pair.PolynomialBridge (22s)
✔ [8990/9084] Built OAI.Analysis.Laughlin.ThreeBody.Contraction (23s)
✔ [8991/9084] Built OAI.Analysis.Laughlin.Asymptotics.ScalarBudget (8.9s)
✔ [8992/9084] Built OAI.Analysis.Laughlin.FourBody.LimitCARReadout (22s)
✔ [8993/9084] Built OAI.Analysis.Laughlin.FourBody.Matrix (9.5s)
✔ [8994/9084] Built OAI.Analysis.Laughlin.Spin.LoweringLimit (8.8s)
✔ [8995/9084] Built OAI.Analysis.Laughlin.Spin.Highest (7.9s)
✔ [8996/9084] Built OAI.Analysis.Laughlin.Spin.RelativeHighest (7.9s)
✔ [8998/9084] Built OAI.Analysis.Laughlin.Fock.FourLabels (20s)
✔ [8999/9084] Built OAI.Analysis.Laughlin.FourBody.Quadruples (8.9s)
✔ [9000/9084] Built OAI.Analysis.Laughlin.Spin.WeightSlice (8.4s)
✔ [9001/9084] Built OAI.Analysis.Laughlin.Fock.MatrixQuadratic (20s)
✔ [9002/9084] Built OAI.Analysis.Laughlin.Spin.BinomialWeights (11s)
✔ [9003/9084] Built OAI.Analysis.Laughlin.Spin.Sl2DescendantNorm (7.8s)
✔ [9004/9084] Built OAI.Analysis.Laughlin.Spin.Sl2Matrix (7.8s)
✔ [9005/9084] Built OAI.Analysis.Laughlin.FourBody.Scaled (10s)
✔ [9006/9085] Built OAI.Analysis.Laughlin.Spin.OscillatorHighest (10s)
✔ [9007/9088] Built OAI.Analysis.Laughlin.Operators.GramReadout (11s)
✔ [9008/9088] Built OAI.Analysis.Laughlin.Spin.Sl2Orthogonal (7.4s)
✔ [9009/9088] Built OAI.Analysis.Laughlin.Pair.PolynomialLadder (21s)
✔ [9010/9088] Built OAI.Analysis.Laughlin.FourBody.WeightedReadout (20s)
✔ [9011/9088] Built OAI.Analysis.Laughlin.ThreeBody.PairAction (23s)
✔ [9012/9088] Built OAI.Analysis.Laughlin.Asymptotics.UpperSpinCurve (10s)
✔ [9013/9088] Built OAI.Analysis.Laughlin.Fock.SpinContinuity (21s)
✔ [9014/9089] Built OAI.Analysis.Laughlin.Fock.Quadruple (20s)
✔ [9015/9089] Built OAI.Analysis.Laughlin.Polynomial.OscillatorPolynomial (8.2s)
✔ [9016/9091] Built OAI.Analysis.Laughlin.Spin.OscillatorHighestNormalization (9.1s)
✔ [9017/9091] Built OAI.Analysis.Laughlin.Pair.NormalizedLadder (21s)
✔ [9018/9091] Built OAI.Analysis.Laughlin.ThreeBody.Gram (20s)
✔ [9019/9092] Built OAI.Analysis.Laughlin.Operators.SymmetricPairSum (20s)
✔ [9020/9092] Built OAI.Analysis.Laughlin.Fock.SpinRepresentation (21s)
✔ [9021/9093] Built OAI.Analysis.Laughlin.Operators.FourOccupationEquiv (19s)
✔ [9022/9093] Built OAI.Analysis.Laughlin.Polynomial.SourceEqualSpinPolynomial (7.6s)
✔ [9023/9093] Built OAI.Analysis.Laughlin.Asymptotics.HighestCouplingLimit (7.9s)
✔ [9024/9094] Built OAI.Analysis.Laughlin.Polynomial.OscillatorPolynomialLadder (8.3s)
✔ [9025/9094] Built OAI.Analysis.Laughlin.FourBody.Symmetry (8.4s)
✔ [9026/9096] Built OAI.Analysis.Laughlin.ThreeBody.GramSlice (17s)
✔ [9027/9108] Built OAI.Analysis.Laughlin.Exterior.FamilyCovariance (17s)
✔ [9028/9108] Built OAI.Analysis.Laughlin.Pair.TensorLower (18s)
✔ [9029/9109] Built OAI.Analysis.Laughlin.Pair.PolynomialRaising (18s)
✔ [9030/9139] Built OAI.Analysis.Laughlin.Fock.UnitaryFamilies (18s)
✔ [9031/9139] Built OAI.Analysis.Laughlin.FourBody.Fast (8.3s)
✔ [9032/9139] Built OAI.Analysis.Laughlin.ThreeBody.HighestRow (17s)
✔ [9033/9139] Built OAI.Analysis.Laughlin.FiniteFlux.Gram072 (10s)
✔ [9034/9139] Built OAI.Analysis.Laughlin.Pair.TensorRaise (18s)
✔ [9035/9141] Built OAI.Analysis.Laughlin.Fock.HaarQuadratic (18s)
✔ [9036/9141] Built OAI.Analysis.Laughlin.FiniteFlux.Gram07 (7.3s)
✔ [9037/9149] Built OAI.Analysis.Laughlin.ThreeBody.HighestReadout (16s)
✔ [9038/9149] Built OAI.Analysis.Laughlin.FourBody.Integral (9.3s)
✔ [9039/9149] Built OAI.Analysis.Laughlin.Pair.TensorBoundary (16s)
✔ [9040/9149] Built OAI.Analysis.Laughlin.FiniteFlux.Quadruples08 (6.6s)
✔ [9041/9151] Built OAI.Analysis.Laughlin.FourBody.FastChoose (7.0s)
✔ [9042/9151] Built OAI.Analysis.Laughlin.FiniteFlux.LDLData08 (7.1s)
✔ [9043/9151] Built OAI.Analysis.Laughlin.FiniteFlux.Row073 (36s)
✔ [9044/9151] Built OAI.Analysis.Laughlin.FiniteFlux.Gram082 (7.0s)
✔ [9045/9152] Built OAI.Analysis.Laughlin.Pair.LadderIntertwining (16s)
✔ [9046/9152] Built OAI.Analysis.Laughlin.FourBody.RowCompute (4.6s)
✔ [9047/9156] Built OAI.Analysis.Laughlin.FiniteFlux.Row0705607 (6.1s)
✔ [9048/9156] Built OAI.Analysis.Laughlin.FiniteFlux.Row052 (120s)
✔ [9049/9156] Built OAI.Analysis.Laughlin.FiniteFlux.Row0705507 (6.5s)
✔ [9050/9156] Built OAI.Analysis.Laughlin.FiniteFlux.Row0705407 (6.6s)
✔ [9051/9156] Built OAI.Analysis.Laughlin.FiniteFlux.Gram08 (6.6s)
✔ [9052/9156] Built OAI.Analysis.Laughlin.FourBody.MatrixCompute (5.8s)
✔ [9053/9156] Built OAI.Analysis.Laughlin.FiniteFlux.Row07 (133s)
✔ [9054/9156] Built OAI.Analysis.Laughlin.FourBody.GramCompute (4.7s)
✔ [9055/9156] Built OAI.Analysis.Laughlin.FourBody.RowBridge (6.4s)
✔ [9056/9156] Built OAI.Analysis.Laughlin.Spin.TripleLadderIntertwining (19s)
✔ [9057/9156] Built OAI.Analysis.Laughlin.FiniteFlux.Row0701307 (6.5s)
✔ [9058/9156] Built OAI.Analysis.Laughlin.FiniteFlux.Row0701207 (6.0s)
✔ [9059/9156] Built OAI.Analysis.Laughlin.FiniteFlux.Row0701107 (6.7s)
✔ [9060/9156] Built OAI.Analysis.Laughlin.FiniteFlux.Row0701007 (6.5s)
✔ [9061/9156] Built OAI.Analysis.Laughlin.FiniteFlux.Row083 (64s)
✔ [9062/9156] Built OAI.Analysis.Laughlin.FiniteFlux.Row0501607 (7.0s)
✔ [9063/9156] Built OAI.Analysis.Laughlin.FiniteFlux.Row0501507 (6.9s)
✔ [9064/9156] Built OAI.Analysis.Laughlin.FiniteFlux.Row0501407 (6.6s)
✔ [9065/9156] Built OAI.Analysis.Laughlin.FiniteFlux.Row0501307 (6.6s)
✔ [9066/9156] Built OAI.Analysis.Laughlin.FiniteFlux.Row0501107 (7.0s)
✔ [9067/9156] Built OAI.Analysis.Laughlin.FiniteFlux.Row0501207 (7.3s)
✔ [9068/9156] Built OAI.Analysis.Laughlin.FiniteFlux.Row0501007 (6.9s)
✔ [9069/9156] Built OAI.Analysis.Laughlin.FiniteFlux.Row0301607 (6.7s)
✔ [9070/9156] Built OAI.Analysis.Laughlin.FiniteFlux.Row0301407 (7.1s)
✔ [9071/9156] Built OAI.Analysis.Laughlin.FiniteFlux.Row0301507 (7.1s)
✔ [9072/9156] Built OAI.Analysis.Laughlin.FiniteFlux.Row0301307 (7.1s)
✔ [9073/9156] Built OAI.Analysis.Laughlin.FiniteFlux.Row0301207 (6.6s)
✔ [9074/9156] Built OAI.Analysis.Laughlin.FiniteFlux.Row05 (185s)
✔ [9075/9159] Built OAI.Analysis.Laughlin.FiniteFlux.Row0301007 (7.2s)
✔ [9076/9159] Built OAI.Analysis.Laughlin.FiniteFlux.Row0301107 (7.2s)
✔ [9077/9160] Built OAI.Analysis.Laughlin.FourBody.NumericBridge (7.5s)
✔ [9078/9161] Built OAI.Analysis.Laughlin.FiniteFlux.Row08 (98s)
✔ [9079/9163] Built OAI.Analysis.Laughlin.FiniteFlux.ComputeQuadruples09 (6.6s)
✔ [9080/9163] Built OAI.Analysis.Laughlin.FiniteFlux.Error05 (8.5s)
✔ [9081/9163] Built OAI.Analysis.Laughlin.FiniteFlux.Row072 (130s)
✔ [9082/9166] Built OAI.Analysis.Laughlin.Spin.TotalSl2Matrix (18s)
✔ [9083/9166] Built OAI.Analysis.Laughlin.FiniteFlux.ComputeGram09 (6.7s)
✔ [9084/9166] Built OAI.Analysis.Laughlin.ThreeBody.SpinCovariance (19s)
✔ [9085/9166] Built OAI.Analysis.Laughlin.FiniteFlux.Data09 (5.0s)
✔ [9086/9166] Built OAI.Analysis.Laughlin.FiniteFlux.Positive05 (7.9s)
✔ [9087/9166] Built OAI.Analysis.Laughlin.FiniteFlux.Row0705307 (7.4s)
✔ [9088/9166] Built OAI.Analysis.Laughlin.FiniteFlux.Row0705207 (7.5s)
✔ [9089/9166] Built OAI.Analysis.Laughlin.FiniteFlux.Row0705107 (7.2s)
✔ [9090/9166] Built OAI.Analysis.Laughlin.FiniteFlux.Row0705007 (7.3s)
✔ [9091/9166] Built OAI.Analysis.Laughlin.FiniteFlux.Row0703607 (7.5s)
✔ [9092/9166] Built OAI.Analysis.Laughlin.FiniteFlux.Row0703507 (7.6s)
✔ [9093/9166] Built OAI.Analysis.Laughlin.FiniteFlux.Row0703407 (7.2s)
✔ [9094/9166] Built OAI.Analysis.Laughlin.FiniteFlux.Row082 (117s)
✔ [9095/9166] Built OAI.Analysis.Laughlin.FiniteFlux.Row0703307 (7.2s)
✔ [9096/9166] Built OAI.Analysis.Laughlin.FiniteFlux.Row0703207 (7.6s)
✔ [9097/9166] Built OAI.Analysis.Laughlin.FiniteFlux.Row0703107 (7.6s)
✔ [9098/9166] Built OAI.Analysis.Laughlin.FiniteFlux.Row0703007 (7.5s)
✔ [9099/9166] Built OAI.Analysis.Laughlin.FiniteFlux.Row0701607 (7.1s)
✔ [9100/9166] Built OAI.Analysis.Laughlin.FiniteFlux.Row0701507 (7.6s)
✔ [9101/9166] Built OAI.Analysis.Laughlin.FiniteFlux.Row0701407 (7.7s)
✔ [9102/9166] Built OAI.Analysis.Laughlin.FiniteFlux.Row0503507 (7.6s)
✔ [9103/9166] Built OAI.Analysis.Laughlin.FiniteFlux.Row0503607 (7.8s)
✔ [9104/9166] Built OAI.Analysis.Laughlin.FiniteFlux.Row0503407 (6.8s)
✔ [9105/9166] Built OAI.Analysis.Laughlin.FiniteFlux.Row0503307 (7.3s)
✔ [9106/9166] Built OAI.Analysis.Laughlin.FiniteFlux.Row0503207 (7.6s)
✔ [9107/9166] Built OAI.Analysis.Laughlin.FiniteFlux.Row0503007 (7.6s)
✔ [9108/9166] Built OAI.Analysis.Laughlin.FiniteFlux.Row0503107 (7.6s)
✔ [9109/9168] Built OAI.Analysis.Laughlin.FiniteFlux.Error08 (8.8s)
✔ [9110/9168] Built OAI.Analysis.Laughlin.FiniteFlux.ComputeLDL09 (9.6s)
✔ [9111/9169] Built OAI.Analysis.Laughlin.Asymptotics.UpperSpinDynamics (19s)
✔ [9112/9170] Built OAI.Analysis.Laughlin.FiniteFlux.Error07 (8.3s)
✔ [9113/9170] Built OAI.Analysis.Laughlin.Spin.Basic (19s)
✔ [9114/9170] Built OAI.Analysis.Laughlin.ThreeBody.HighestEigen (19s)
✔ [9115/9171] Built OAI.Analysis.Laughlin.FiniteFlux.LDL08 (9.6s)
✔ [9116/9171] Built OAI.Analysis.Laughlin.FiniteFlux.ComputeQuadruples10 (5.7s)
✔ [9117/9171] Built OAI.Analysis.Laughlin.FiniteFlux.LDLData09 (6.3s)
✔ [9118/9171] Built OAI.Analysis.Laughlin.FiniteFlux.Positive07 (8.5s)
✔ [9119/9171] Built OAI.Analysis.Laughlin.Spin.LadderGroupIntertwining (18s)
✔ [9120/9173] Built OAI.Analysis.Laughlin.Spin.Support (16s)
✔ [9121/9173] Built OAI.Analysis.Laughlin.Spin.GenericOrthogonality (15s)
✔ [9122/9173] Built OAI.Analysis.Laughlin.FiniteFlux.Positive08 (7.3s)
✔ [9123/9173] Built OAI.Analysis.Laughlin.Spin.GenericNormalizedLadder (16s)
✔ [9124/9173] Built OAI.Analysis.Laughlin.ThreeBody.Descendants (17s)
✔ [9125/9173] Built OAI.Analysis.Laughlin.FiniteFlux.ComputeGram10 (7.3s)
✔ [9126/9176] Built OAI.Analysis.Laughlin.FiniteFlux.ComputeRow093 (108s)
✔ [9127/9176] Built OAI.Analysis.Laughlin.FiniteFlux.Data10 (5.7s)
✔ [9128/9176] Built OAI.Analysis.Laughlin.Operators.PhysicalPairRotation (18s)
✔ [9129/9176] Built OAI.Analysis.Laughlin.Spin.Array (17s)
✔ [9130/9176] Built OAI.Analysis.Laughlin.Pair.CoupledParity (17s)
✔ [9131/9176] Built OAI.Analysis.Laughlin.FiniteFlux.ComputeLDL10 (8.6s)
✔ [9132/9176] Built OAI.Analysis.Laughlin.FiniteFlux.ComputeRow092 (138s)
✔ [9133/9178] Built OAI.Analysis.Laughlin.Spin.DescendantNorm (17s)
✔ [9134/9179] Built OAI.Analysis.Laughlin.FiniteFlux.ComputeRow09 (144s)
✔ [9135/9180] Built OAI.Analysis.Laughlin.FiniteFlux.LDLData10 (6.5s)
✔ [9136/9180] Built OAI.Analysis.Laughlin.FiniteFlux.ComputeQuadruples11 (6.1s)
✔ [9137/9180] Built OAI.Analysis.Laughlin.Pair.ExteriorRotation (18s)
✔ [9138/9181] Built OAI.Analysis.Laughlin.Spin.ArrayLimit (18s)
✔ [9139/9181] Built OAI.Analysis.Laughlin.FiniteFlux.GramData09 (9.5s)
✔ [9140/9181] Built OAI.Analysis.Laughlin.Polynomial.AntisymmetricCoordinates (19s)
✔ [9141/9182] Built OAI.Analysis.Laughlin.FiniteFlux.ComputeGram11 (9.6s)
✔ [9142/9182] Built OAI.Analysis.Laughlin.Pair.FockCovariance (18s)
✔ [9143/9182] Built OAI.Analysis.Laughlin.Spin.Polynomial (18s)
✔ [9144/9183] Built OAI.Analysis.Laughlin.FiniteFlux.Positive09 (8.1s)
✔ [9145/9183] Built OAI.Analysis.Laughlin.Pair.CoupledIsometry (17s)
✔ [9146/9185] Built OAI.Analysis.Laughlin.FiniteFlux.ComputeRow10 (143s)
✔ [9147/9185] Built OAI.Analysis.Laughlin.FiniteFlux.ComputeRow102 (140s)
✔ [9148/9185] Built OAI.Analysis.Laughlin.Fock.EnergyRotation (16s)
✔ [9149/9185] Built OAI.Analysis.Laughlin.FiniteFlux.ComputeRow103 (116s)
✔ [9150/9185] Built OAI.Analysis.Laughlin.FiniteFlux.Data11 (5.6s)
✔ [9151/9186] Built OAI.Analysis.Laughlin.FiniteFlux.ComputeRow115 (14s)
✔ [9152/9189] Built OAI.Analysis.Laughlin.Operators.PhysicalCoupling (17s)
✔ [9153/9189] Built OAI.Analysis.Laughlin.FourBody.Copies (16s)
✔ [9154/9189] Built OAI.Analysis.Laughlin.FiniteFlux.ComputeLDL050511 (6.1s)
✔ [9155/9189] Built OAI.Analysis.Laughlin.FiniteFlux.GramData10 (9.1s)
✔ [9156/9189] Built OAI.Analysis.Laughlin.Pair.FockHaar (17s)
✔ [9157/9189] Built OAI.Analysis.Laughlin.FiniteFlux.ComputeLDL11 (11s)
✔ [9158/9191] Built OAI.Analysis.Laughlin.Spin.Specializations (18s)
✔ [9159/9192] Built OAI.Analysis.Laughlin.FiniteFlux.Positive10 (7.5s)
✔ [9160/9193] Built OAI.Analysis.Laughlin.FourBody.Coefficients (19s)
✔ [9161/9198] Built OAI.Analysis.Laughlin.FiniteFlux.LDLData11 (6.8s)
✔ [9162/9199] Built OAI.Analysis.Laughlin.FiniteFlux.ComputeQuadruples12 (6.4s)
✔ [9163/9200] Built OAI.Analysis.Laughlin.Fock.OrbitIntegration (18s)
✔ [9164/9201] Built OAI.Analysis.Laughlin.FourBody.CoefficientLimit (16s)
✔ [9165/9201] Built OAI.Analysis.Laughlin.FiniteFlux.ComputeGram111112 (4.5s)
✔ [9166/9201] Built OAI.Analysis.Laughlin.FiniteFlux.ComputeRow0101Batch12 (24s)
✔ [9167/9201] Built OAI.Analysis.Laughlin.FiniteFlux.ComputeGram09Batch12 (4.8s)
✔ [9168/9201] Built OAI.Analysis.Laughlin.FiniteFlux.ComputeRow114 (95s)
✔ [9169/9201] Built OAI.Analysis.Laughlin.FiniteFlux.ComputeRow11 (134s)
✔ [9170/9201] Built OAI.Analysis.Laughlin.FiniteFlux.ComputeGram07Batch12 (5.3s)
✔ [9171/9202] Built OAI.Analysis.Laughlin.FiniteFlux.ComputeRow0103Batch12 (29s)
✔ [9172/9202] Built OAI.Analysis.Laughlin.FiniteFlux.ComputeRow113 (123s)
✔ [9173/9202] Built OAI.Analysis.Laughlin.FiniteFlux.ComputeRow112 (129s)
✔ [9174/9203] Built OAI.Analysis.Laughlin.FiniteFlux.ComputeGram05Batch12 (6.2s)
✔ [9175/9203] Built OAI.Analysis.Laughlin.FiniteFlux.ComputeGram03Batch12 (6.9s)
✔ [9176/9203] Built OAI.Analysis.Laughlin.FiniteFlux.ComputeGram01Batch12 (7.0s)
✔ [9177/9204] Built OAI.Analysis.Laughlin.FiniteFlux.ComputeRow0105Batch12 (29s)
✔ [9178/9204] Built OAI.Analysis.Laughlin.FiniteFlux.GramData11 (10s)
✔ [9179/9205] Built OAI.Analysis.Laughlin.FourBody.ErrorLimit (19s)
✔ [9180/9205] Built OAI.Analysis.Laughlin.FourBody.TransferConjugation (19s)
✔ [9181/9206] Built OAI.Analysis.Laughlin.FourBody.Parity (19s)
✔ [9182/9206] Built OAI.Analysis.Laughlin.FourBody.FactorialCoefficient (21s)
✔ [9183/9207] Built OAI.Analysis.Laughlin.FiniteFlux.ComputeRow0109Batch12 (28s)
✔ [9184/9207] Built OAI.Analysis.Laughlin.FiniteFlux.Positive11 (8.4s)
✔ [9185/9208] Built OAI.Analysis.Laughlin.FiniteFlux.ComputeRow0107Batch12 (31s)
✔ [9186/9209] Built OAI.Analysis.Laughlin.FiniteFlux.ComputeRow0111Batch12 (24s)
✔ [9187/9210] Built OAI.Analysis.Laughlin.Operators.LocalFourIndexEquiv (17s)
✔ [9188/9211] Built OAI.Analysis.Laughlin.FiniteFlux.ComputeRow0303Batch12 (25s)
✔ [9189/9212] Built OAI.Analysis.Laughlin.FourBody.RadicalCoefficient (17s)
✔ [9190/9212] Built OAI.Analysis.Laughlin.FiniteFlux.ComputeRow0305Batch12 (31s)
✔ [9191/9213] Built OAI.Analysis.Laughlin.FiniteFlux.ComputeRow0307Batch12 (30s)
✔ [9192/9213] Built OAI.Analysis.Laughlin.FiniteFlux.ComputeRow0311Batch12 (23s)
✔ [9193/9214] Built OAI.Analysis.Laughlin.FiniteFlux.ComputeRow0309Batch12 (27s)
✔ [9194/9216] Built OAI.Analysis.Laughlin.FiniteFlux.ComputeRow0505Batch12 (26s)
✔ [9195/9217] Built OAI.Analysis.Laughlin.FiniteFlux.ComputeRow0511Batch12 (23s)
✔ [9196/9219] Built OAI.Analysis.Laughlin.FiniteFlux.ComputeRow0507Batch12 (29s)
✔ [9197/9219] Built OAI.Analysis.Laughlin.FourBody.RadicalCancellation (19s)
✔ [9198/9219] Built OAI.Analysis.Laughlin.FiniteFlux.ComputeRow0509Batch12 (27s)
✔ [9199/9219] Built OAI.Analysis.Laughlin.FiniteFlux.Data12 (6.1s)
✔ [9200/9222] Built OAI.Analysis.Laughlin.FiniteFlux.ComputeRow0707Batch12 (24s)
✔ [9201/9222] Built OAI.Analysis.Laughlin.FiniteFlux.ComputeRow0909Batch12 (18s)
✔ [9202/9223] Built OAI.Analysis.Laughlin.FiniteFlux.ComputeRow0711Batch12 (22s)
✔ [9203/9224] Built OAI.Analysis.Laughlin.FiniteFlux.ComputeRow0709Batch12 (26s)
✔ [9204/9227] Built OAI.Analysis.Laughlin.FiniteFlux.ComputeLDL00Batch12 (7.3s)
✔ [9205/9227] Built OAI.Analysis.Laughlin.FiniteFlux.ComputeLDL01Batch12 (7.2s)
✔ [9206/9229] Built OAI.Analysis.Laughlin.FiniteFlux.ComputeRow1111Batch12 (15s)
✔ [9207/9237] Built OAI.Analysis.Laughlin.FiniteFlux.ComputeLDL02Batch12 (7.3s)
✔ [9208/9238] Built OAI.Analysis.Laughlin.FiniteFlux.ComputeLDL03Batch12 (7.1s)
✔ [9209/9239] Built OAI.Analysis.Laughlin.FourBody.ErrorCertificate (18s)
✔ [9210/9240] Built OAI.Analysis.Laughlin.FiniteFlux.ComputeRow0911Batch12 (21s)
✔ [9211/9241] Built OAI.Analysis.Laughlin.FiniteFlux.ComputeLDL04Batch12 (8.0s)
✔ [9212/9241] Built OAI.Analysis.Laughlin.FiniteFlux.ComputeLDL05Batch12 (7.0s)
✔ [9213/9241] Built OAI.Analysis.Laughlin.FiniteFlux.ComputeQuadruples13 (7.3s)
✔ [9214/9241] Built OAI.Analysis.Laughlin.FourBody.SlaterRadical (21s)
✔ [9215/9241] Built OAI.Analysis.Laughlin.FiniteFlux.GramData12 (10s)
✔ [9216/9241] Built OAI.Analysis.Laughlin.FiniteFlux.LDLData12 (6.4s)
✔ [9217/9241] Built OAI.Analysis.Laughlin.FiniteFlux.ComputeGram131313 (4.8s)
✔ [9218/9241] Built OAI.Analysis.Laughlin.FourBody.ErrorMatrix (18s)
✔ [9219/9241] Built OAI.Analysis.Laughlin.FiniteFlux.ComputeGram11Batch13 (5.2s)
✔ [9220/9241] Built OAI.Analysis.Laughlin.FiniteFlux.ComputeRow0101Batch13 (23s)
✔ [9221/9241] Built OAI.Analysis.Laughlin.FiniteFlux.ComputeGram09Batch13 (5.7s)
✔ [9222/9242] Built OAI.Analysis.Laughlin.FiniteFlux.ComputeGram07Batch13 (6.5s)
✔ [9223/9242] Built OAI.Analysis.Laughlin.FiniteFlux.ComputeRow0103Batch13 (28s)
✔ [9224/9242] Built OAI.Analysis.Laughlin.FiniteFlux.ComputeGram05Batch13 (7.2s)
✔ [9225/9243] Built OAI.Analysis.Laughlin.FiniteFlux.ComputeRow0105Batch13 (28s)
✔ [9226/9245] Built OAI.Analysis.Laughlin.FiniteFlux.ComputeGram03Batch13 (7.9s)
✔ [9227/9245] Built OAI.Analysis.Laughlin.FiniteFlux.ComputeRow0109Batch13 (26s)
✔ [9228/9246] Built OAI.Analysis.Laughlin.FiniteFlux.ComputeRow0107Batch13 (28s)
✔ [9229/9247] Built OAI.Analysis.Laughlin.FiniteFlux.ComputeGram01Batch13 (8.2s)
✔ [9230/9248] Built OAI.Analysis.Laughlin.FiniteFlux.Positive12 (8.6s)
✔ [9231/9249] Built OAI.Analysis.Laughlin.FourBody.SlaterCoefficient (19s)
✔ [9232/9250] Built OAI.Analysis.Laughlin.FiniteFlux.ComputeRow0111Batch13 (20s)
✔ [9233/9250] Built OAI.Analysis.Laughlin.FiniteFlux.ComputeRow0113Batch13 (19s)
✔ [9234/9251] Built OAI.Analysis.Laughlin.FiniteFlux.ComputeRow0303Batch13 (23s)
✔ [9235/9252] Built OAI.Analysis.Laughlin.FiniteFlux.ComputeRow0311Batch13 (21s)
✔ [9236/9253] Built OAI.Analysis.Laughlin.FiniteFlux.ComputeRow0309Batch13 (25s)
✔ [9237/9254] Built OAI.Analysis.Laughlin.FiniteFlux.ComputeRow0305Batch13 (29s)
✔ [9238/9255] Built OAI.Analysis.Laughlin.FiniteFlux.ComputeRow0307Batch13 (28s)
✔ [9239/9256] Built OAI.Analysis.Laughlin.FourBody.SliceCoefficient (16s)
✔ [9240/9257] Built OAI.Analysis.Laughlin.FiniteFlux.ComputeRow0313Batch13 (19s)
✔ [9241/9257] Built OAI.Analysis.Laughlin.FiniteFlux.ComputeRow0505Batch13 (23s)
✔ [9242/9258] Built OAI.Analysis.Laughlin.FiniteFlux.ComputeRow0513Batch13 (20s)
✔ [9243/9259] Built OAI.Analysis.Laughlin.FiniteFlux.ComputeRow0511Batch13 (22s)
✔ [9244/9260] Built OAI.Analysis.Laughlin.FiniteFlux.ComputeRow0507Batch13 (27s)
✔ [9245/9261] Built OAI.Analysis.Laughlin.FiniteFlux.ComputeRow0707Batch13 (22s)
✔ [9246/9262] Built OAI.Analysis.Laughlin.FiniteFlux.ComputeRow0509Batch13 (26s)
✔ [9247/9263] Built OAI.Analysis.Laughlin.FourBody.PhysicalSlaterReadout (16s)
✔ [9248/9263] Built OAI.Analysis.Laughlin.FiniteFlux.ComputeRow0711Batch13 (21s)
✔ [9249/9265] Built OAI.Analysis.Laughlin.FiniteFlux.ComputeRow0709Batch13 (24s)
✔ [9250/9265] Built OAI.Analysis.Laughlin.FiniteFlux.ComputeRow0713Batch13 (19s)
✔ [9251/9265] Built OAI.Analysis.Laughlin.FiniteFlux.ComputeRow1111Batch13 (14s)
✔ [9252/9277] Built OAI.Analysis.Laughlin.FiniteFlux.ComputeRow0913Batch13 (17s)
✔ [9253/9284] Built OAI.Analysis.Laughlin.FiniteFlux.ComputeRow0909Batch13 (19s)
✔ [9254/9285] Built OAI.Analysis.Laughlin.FiniteFlux.ComputeRow1113Batch13 (13s)
✔ [9255/9286] Built OAI.Analysis.Laughlin.FiniteFlux.ComputeRow0911Batch13 (19s)
✔ [9256/9287] Built OAI.Analysis.Laughlin.FiniteFlux.Data13 (6.7s)
✔ [9257/9288] Built OAI.Analysis.Laughlin.FourBody.PhysicalColumn (19s)
✔ [9258/9289] Built OAI.Analysis.Laughlin.Asymptotics.LimitFourLocalSum (17s)
✔ [9259/9289] Built OAI.Analysis.Laughlin.FiniteFlux.ComputeQuadruples14 (8.0s)
✔ [9260/9289] Built OAI.Analysis.Laughlin.FiniteFlux.ComputeRow1313Batch13 (12s)
✔ [9261/9289] Built OAI.Analysis.Laughlin.FiniteFlux.ComputeLDL06Batch13 (7.7s)
✔ [9262/9289] Built OAI.Analysis.Laughlin.FiniteFlux.ComputeLDL05Batch13 (7.5s)
✔ [9263/9289] Built OAI.Analysis.Laughlin.FiniteFlux.ComputeLDL04Batch13 (6.7s)
✔ [9264/9289] Built OAI.Analysis.Laughlin.FiniteFlux.ComputeRow0101Batch14 (20s)
✔ [9265/9290] Built OAI.Analysis.Laughlin.FiniteFlux.ComputeLDL02Batch13 (7.2s)
✔ [9266/9290] Built OAI.Analysis.Laughlin.FiniteFlux.ComputeLDL03Batch13 (7.5s)
✔ [9267/9290] Built OAI.Analysis.Laughlin.FiniteFlux.ComputeLDL01Batch13 (7.4s)
✔ [9268/9291] Built OAI.Analysis.Laughlin.FiniteFlux.ComputeRow0103Batch14 (24s)
✔ [9269/9291] Built OAI.Analysis.Laughlin.FiniteFlux.ComputeRow0105Batch14 (24s)
✔ [9270/9291] Built OAI.Analysis.Laughlin.FiniteFlux.ComputeLDL00Batch13 (7.3s)
✔ [9271/9291] Built OAI.Analysis.Laughlin.FiniteFlux.ComputeRow0107Batch14 (23s)
✔ [9272/9291] Built OAI.Analysis.Laughlin.FiniteFlux.ComputeRow0109Batch14 (22s)
✔ [9273/9291] Built OAI.Analysis.Laughlin.FiniteFlux.ComputeGram131314 (6.6s)
✔ [9274/9291] Built OAI.Analysis.Laughlin.FiniteFlux.ComputeGram11Batch14 (6.9s)
✔ [9275/9291] Built OAI.Analysis.Laughlin.FiniteFlux.ComputeGram09Batch14 (7.2s)
✔ [9276/9291] Built OAI.Analysis.Laughlin.FiniteFlux.ComputeGram07Batch14 (7.8s)
✔ [9277/9292] Built OAI.Analysis.Laughlin.FiniteFlux.ComputeGram05Batch14 (8.5s)
✔ [9278/9292] Built OAI.Analysis.Laughlin.FiniteFlux.ComputeGram03Batch14 (9.0s)
✔ [9279/9293] Built OAI.Analysis.Laughlin.FiniteFlux.ComputeGram01Batch14 (9.2s)
✔ [9280/9294] Built OAI.Analysis.Laughlin.FiniteFlux.ComputeRow0111Batch14 (20s)
✔ [9281/9295] Built OAI.Analysis.Laughlin.FiniteFlux.ComputeRow0113Batch14 (19s)
✔ [9282/9296] Built OAI.Analysis.Laughlin.FourBody.OccupationCoefficient (21s)
✔ [9283/9297] Built OAI.Analysis.Laughlin.FiniteFlux.GramData13 (11s)
✔ [9284/9298] Built OAI.Analysis.Laughlin.FiniteFlux.LDLData13 (7.7s)
✔ [9285/9298] Built OAI.Analysis.Laughlin.FiniteFlux.ComputeRow0303Batch14 (21s)
✔ [9286/9299] Built OAI.Analysis.Laughlin.FiniteFlux.ComputeRow0313Batch14 (18s)
✔ [9287/9299] Built OAI.Analysis.Laughlin.FiniteFlux.ComputeRow0311Batch14 (20s)
✔ [9288/9300] Built OAI.Analysis.Laughlin.FiniteFlux.ComputeRow0305Batch14 (25s)
✔ [9289/9301] Built OAI.Analysis.Laughlin.FiniteFlux.ComputeRow0309Batch14 (23s)
✔ [9290/9302] Built OAI.Analysis.Laughlin.FiniteFlux.ComputeRow0505Batch14 (20s)
✔ [9291/9303] Built OAI.Analysis.Laughlin.FiniteFlux.ComputeRow0307Batch14 (25s)
✔ [9292/9304] Built OAI.Analysis.Laughlin.FiniteFlux.Positive13 (8.3s)
✔ [9293/9305] Built OAI.Analysis.Laughlin.FourBody.PhysicalGram (27s)
✔ [9294/9305] Built OAI.Analysis.Laughlin.FiniteFlux.ComputeRow0507Batch14 (24s)
✔ [9295/9306] Built OAI.Analysis.Laughlin.FiniteFlux.ComputeRow0513Batch14 (18s)
✔ [9296/9307] Built OAI.Analysis.Laughlin.FiniteFlux.ComputeRow0511Batch14 (20s)
✔ [9297/9308] Built OAI.Analysis.Laughlin.FiniteFlux.ComputeRow0509Batch14 (22s)
✔ [9298/9309] Built OAI.Analysis.Laughlin.FiniteFlux.ComputeRow0707Batch14 (19s)
✔ [9299/9310] Built OAI.Analysis.Laughlin.FiniteFlux.ComputeRow0709Batch14 (21s)
✔ [9300/9312] Built OAI.Analysis.Laughlin.FiniteFlux.ComputeRow0711Batch14 (19s)
✔ [9301/9312] Built OAI.Analysis.Laughlin.FiniteFlux.ComputeRow0713Batch14 (17s)
✔ [9302/9314] Built OAI.Analysis.Laughlin.FiniteFlux.Data14 (5.5s)
✔ [9303/9315] Built OAI.Analysis.Laughlin.FiniteFlux.ComputeRow1111Batch14 (14s)
✔ [9304/9316] Built OAI.Analysis.Laughlin.FiniteFlux.ComputeRow1313Batch14 (10s)
✔ [9305/9317] Built OAI.Analysis.Laughlin.FiniteFlux.ComputeRow0909Batch14 (18s)
✔ [9306/9318] Built OAI.Analysis.Laughlin.FiniteFlux.ComputeRow0913Batch14 (17s)
✔ [9307/9321] Built OAI.Analysis.Laughlin.FourBody.ColumnExpansion (21s)
✔ [9308/9321] Built OAI.Analysis.Laughlin.FiniteFlux.ComputeRow1113Batch14 (14s)
✔ [9309/9321] Built OAI.Analysis.Laughlin.FiniteFlux.ComputeRow0911Batch14 (19s)
✔ [9310/9321] Built OAI.Analysis.Laughlin.FiniteFlux.ComputeLDL00Batch14 (6.0s)
✔ [9311/9324] Built OAI.Analysis.Laughlin.FiniteFlux.ComputeLDL01Batch14 (7.4s)
✔ [9312/9332] Built OAI.Analysis.Laughlin.FiniteFlux.ComputeLDL02Batch14 (8.8s)
✔ [9313/9334] Built OAI.Analysis.Laughlin.FiniteFlux.ComputeLDL03Batch14 (9.0s)
✔ [9314/9334] Built OAI.Analysis.Laughlin.FiniteFlux.ComputeLDL04Batch14 (9.1s)
✔ [9315/9335] Built OAI.Analysis.Laughlin.FiniteFlux.ComputeLDL05Batch14 (9.4s)
✔ [9316/9336] Built OAI.Analysis.Laughlin.FiniteFlux.ComputeLDL06Batch14 (9.4s)
✔ [9317/9337] Built OAI.Analysis.Laughlin.FiniteFlux.ComputeQuadruples15 (8.2s)
✔ [9318/9337] Built OAI.Analysis.Laughlin.FiniteFlux.GramData14 (12s)
✔ [9319/9338] Built OAI.Analysis.Laughlin.FiniteFlux.LDLData14 (5.7s)
✔ [9320/9339] Built OAI.Analysis.Laughlin.FourBody.EndExpansion (20s)
✔ [9321/9339] Built OAI.Analysis.Laughlin.FiniteFlux.ComputeRow0101Batch15 (16s)
✔ [9322/9339] Built OAI.Analysis.Laughlin.FiniteFlux.ComputeGram151515 (4.0s)
✔ [9323/9339] Built OAI.Analysis.Laughlin.FiniteFlux.ComputeRow0103Batch15 (20s)
✔ [9324/9339] Built OAI.Analysis.Laughlin.FiniteFlux.ComputeRow0111Batch15 (16s)
✔ [9325/9339] Built OAI.Analysis.Laughlin.FiniteFlux.ComputeRow0105Batch15 (20s)
✔ [9326/9339] Built OAI.Analysis.Laughlin.FiniteFlux.ComputeRow0109Batch15 (19s)
✔ [9327/9339] Built OAI.Analysis.Laughlin.FiniteFlux.ComputeGram13Batch15 (5.4s)
✔ [9328/9339] Built OAI.Analysis.Laughlin.FiniteFlux.ComputeRow0107Batch15 (20s)
✔ [9329/9340] Built OAI.Analysis.Laughlin.FiniteFlux.ComputeGram11Batch15 (5.0s)
✔ [9330/9340] Built OAI.Analysis.Laughlin.FiniteFlux.ComputeRow0113Batch15 (14s)
✔ [9331/9341] Built OAI.Analysis.Laughlin.FiniteFlux.ComputeGram09Batch15 (8.1s)
✔ [9332/9342] Built OAI.Analysis.Laughlin.FiniteFlux.ComputeGram07Batch15 (9.4s)
✔ [9333/9343] Built OAI.Analysis.Laughlin.FiniteFlux.ComputeGram05Batch15 (10s)
✔ [9334/9344] Built OAI.Analysis.Laughlin.FiniteFlux.Positive14 (8.0s)
✔ [9335/9345] Built OAI.Analysis.Laughlin.FiniteFlux.ComputeGram03Batch15 (11s)
✔ [9336/9346] Built OAI.Analysis.Laughlin.FiniteFlux.ComputeGram01Batch15 (12s)
✔ [9337/9347] Built OAI.Analysis.Laughlin.FiniteFlux.ComputeRow0115Batch15 (15s)
✔ [9338/9348] Built OAI.Analysis.Laughlin.FiniteFlux.ComputeRow0303Batch15 (16s)
✔ [9339/9349] Built OAI.Analysis.Laughlin.FiniteFlux.ComputeRow0305Batch15 (19s)
✔ [9340/9350] Built OAI.Analysis.Laughlin.FiniteFlux.ComputeRow0315Batch15 (13s)
✔ [9341/9351] Built OAI.Analysis.Laughlin.FiniteFlux.ComputeRow0313Batch15 (15s)
✔ [9342/9352] Built OAI.Analysis.Laughlin.FiniteFlux.ComputeRow0307Batch15 (19s)
✔ [9343/9353] Built OAI.Analysis.Laughlin.FiniteFlux.ComputeRow0311Batch15 (17s)
✔ [9344/9354] Built OAI.Analysis.Laughlin.FiniteFlux.ComputeRow0309Batch15 (18s)
✔ [9345/9355] Built OAI.Analysis.Laughlin.FiniteFlux.ComputeRow0505Batch15 (15s)
✔ [9346/9356] Built OAI.Analysis.Laughlin.FiniteFlux.ComputeRow0507Batch15 (19s)
✔ [9347/9357] Built OAI.Analysis.Laughlin.FiniteFlux.ComputeRow0515Batch15 (15s)
✔ [9348/9358] Built OAI.Analysis.Laughlin.FiniteFlux.ComputeRow0513Batch15 (16s)
✔ [9349/9359] Built OAI.Analysis.Laughlin.FiniteFlux.ComputeRow0511Batch15 (18s)
✔ [9350/9360] Built OAI.Analysis.Laughlin.FiniteFlux.ComputeRow0509Batch15 (19s)
✔ [9351/9360] Built OAI.Analysis.Laughlin.FiniteFlux.ComputeRow0707Batch15 (17s)
✔ [9352/9362] Built OAI.Analysis.Laughlin.FiniteFlux.ComputeRow0711Batch15 (16s)
✔ [9353/9363] Built OAI.Analysis.Laughlin.FiniteFlux.ComputeRow0709Batch15 (20s)
✔ [9354/9364] Built OAI.Analysis.Laughlin.FiniteFlux.ComputeRow0713Batch15 (15s)
✔ [9355/9365] Built OAI.Analysis.Laughlin.FiniteFlux.ComputeRow0715Batch15 (14s)
✔ [9356/9366] Built OAI.Analysis.Laughlin.FiniteFlux.ComputeRow0909Batch15 (15s)
✔ [9357/9368] Built OAI.Analysis.Laughlin.FiniteFlux.ComputeRow0915Batch15 (14s)
✔ [9358/9368] Built OAI.Analysis.Laughlin.FiniteFlux.ComputeRow1111Batch15 (12s)
✔ [9359/9388] Built OAI.Analysis.Laughlin.FiniteFlux.ComputeRow0913Batch15 (16s)
✔ [9360/9388] Built OAI.Analysis.Laughlin.FiniteFlux.ComputeRow1113Batch15 (12s)
✔ [9361/9390] Built OAI.Analysis.Laughlin.FiniteFlux.ComputeRow0911Batch15 (17s)
✔ [9362/9391] Built OAI.Analysis.Laughlin.FiniteFlux.ComputeRow1115Batch15 (11s)
✔ [9363/9393] Built OAI.Analysis.Laughlin.FiniteFlux.ComputeRow1313Batch15 (10s)
✔ [9364/9393] Built OAI.Analysis.Laughlin.FiniteFlux.Data15 (7.4s)
✔ [9365/9394] Built OAI.Analysis.Laughlin.FiniteFlux.ComputeRow1515Batch15 (9.1s)
✔ [9366/9394] Built OAI.Analysis.Laughlin.FiniteFlux.ComputeQuadruples16 (8.2s)
✔ [9367/9394] Built OAI.Analysis.Laughlin.FiniteFlux.ComputeRow1315Batch15 (10s)
✔ [9368/9394] Built OAI.Analysis.Laughlin.FiniteFlux.ComputeRow0101Batch16 (13s)
✔ [9369/9394] Built OAI.Analysis.Laughlin.FiniteFlux.ComputeLDL07Batch15 (9.3s)
✔ [9370/9394] Built OAI.Analysis.Laughlin.FiniteFlux.ComputeRow0103Batch16 (15s)
✔ [9371/9394] Built OAI.Analysis.Laughlin.FiniteFlux.ComputeLDL06Batch15 (9.3s)
✔ [9372/9394] Built OAI.Analysis.Laughlin.FiniteFlux.ComputeLDL05Batch15 (8.9s)
✔ [9373/9394] Built OAI.Analysis.Laughlin.FiniteFlux.ComputeRow0105Batch16 (15s)
✔ [9374/9395] Built OAI.Analysis.Laughlin.FiniteFlux.ComputeLDL04Batch15 (8.1s)
✔ [9375/9395] Built OAI.Analysis.Laughlin.FiniteFlux.ComputeRow0109Batch16 (15s)
✔ [9376/9396] Built OAI.Analysis.Laughlin.FiniteFlux.ComputeRow0107Batch16 (16s)
✔ [9377/9396] Built OAI.Analysis.Laughlin.FiniteFlux.ComputeLDL02Batch15 (9.1s)
✔ [9378/9396] Built OAI.Analysis.Laughlin.FiniteFlux.ComputeLDL03Batch15 (9.1s)
✔ [9379/9396] Built OAI.Analysis.Laughlin.FiniteFlux.ComputeLDL00Batch15 (9.2s)
✔ [9380/9396] Built OAI.Analysis.Laughlin.FiniteFlux.ComputeLDL01Batch15 (9.5s)
✔ [9381/9396] Built OAI.Analysis.Laughlin.FiniteFlux.ComputeGram151516 (6.0s)
✔ [9382/9396] Built OAI.Analysis.Laughlin.FiniteFlux.ComputeGram13Batch16 (6.3s)
✔ [9383/9396] Built OAI.Analysis.Laughlin.FiniteFlux.ComputeGram11Batch16 (7.4s)
✔ [9384/9396] Built OAI.Analysis.Laughlin.FiniteFlux.ComputeGram09Batch16 (8.3s)
✔ [9385/9397] Built OAI.Analysis.Laughlin.FiniteFlux.ComputeRow0111Batch16 (14s)
✔ [9386/9397] Built OAI.Analysis.Laughlin.FiniteFlux.ComputeRow0113Batch16 (13s)
✔ [9387/9398] Built OAI.Analysis.Laughlin.FiniteFlux.ComputeGram07Batch16 (10s)
✔ [9388/9399] Built OAI.Analysis.Laughlin.FiniteFlux.ComputeGram05Batch16 (12s)
✔ [9389/9400] Built OAI.Analysis.Laughlin.FiniteFlux.ComputeGram03Batch16 (13s)
✔ [9390/9401] Built OAI.Analysis.Laughlin.FiniteFlux.LDLData15 (7.9s)
✔ [9391/9402] Built OAI.Analysis.Laughlin.FiniteFlux.ComputeGram01Batch16 (14s)
✔ [9392/9403] Built OAI.Analysis.Laughlin.FiniteFlux.GramData15 (12s)
✔ [9393/9404] Built OAI.Analysis.Laughlin.FiniteFlux.ComputeRow0115Batch16 (13s)
✔ [9394/9404] Built OAI.Analysis.Laughlin.FiniteFlux.ComputeRow0303Batch16 (15s)
✔ [9395/9405] Built OAI.Analysis.Laughlin.FiniteFlux.ComputeRow0305Batch16 (17s)
✔ [9396/9406] Built OAI.Analysis.Laughlin.FiniteFlux.ComputeRow0307Batch16 (17s)
✔ [9397/9407] Built OAI.Analysis.Laughlin.FiniteFlux.ComputeRow0313Batch16 (13s)
✔ [9398/9408] Built OAI.Analysis.Laughlin.FiniteFlux.Positive15 (7.2s)
✔ [9399/9409] Built OAI.Analysis.Laughlin.FiniteFlux.ComputeRow0315Batch16 (11s)
✔ [9400/9410] Built OAI.Analysis.Laughlin.FiniteFlux.ComputeRow0311Batch16 (15s)
✔ [9401/9411] Built OAI.Analysis.Laughlin.FiniteFlux.ComputeRow0309Batch16 (16s)
✔ [9402/9412] Built OAI.Analysis.Laughlin.FiniteFlux.ComputeRow0505Batch16 (13s)
✔ [9403/9414] Built OAI.Analysis.Laughlin.FiniteFlux.ComputeRow0507Batch16 (16s)
✔ [9404/9414] Built OAI.Analysis.Laughlin.FiniteFlux.ComputeRow0515Batch16 (13s)
✔ [9405/9415] Built OAI.Analysis.Laughlin.FiniteFlux.ComputeRow0513Batch16 (14s)
✔ [9406/9416] Built OAI.Analysis.Laughlin.FiniteFlux.ComputeRow0511Batch16 (15s)
✔ [9407/9417] Built OAI.Analysis.Laughlin.FiniteFlux.ComputeRow0707Batch16 (14s)
✔ [9408/9418] Built OAI.Analysis.Laughlin.FiniteFlux.ComputeRow0509Batch16 (16s)
✔ [9409/9419] Built OAI.Analysis.Laughlin.FiniteFlux.ComputeRow0711Batch16 (15s)
✔ [9410/9420] Built OAI.Analysis.Laughlin.FiniteFlux.ComputeRow0709Batch16 (18s)
✔ [9411/9421] Built OAI.Analysis.Laughlin.FiniteFlux.ComputeRow0715Batch16 (14s)
✔ [9412/9422] Built OAI.Analysis.Laughlin.FiniteFlux.ComputeRow0915Batch16 (12s)
✔ [9413/9423] Built OAI.Analysis.Laughlin.FiniteFlux.ComputeRow0713Batch16 (15s)
✔ [9414/9423] Built OAI.Analysis.Laughlin.FiniteFlux.ComputeRow0909Batch16 (15s)
✔ [9415/9425] Built OAI.Analysis.Laughlin.FiniteFlux.ComputeRow0913Batch16 (14s)
✔ [9416/9438] Built OAI.Analysis.Laughlin.FiniteFlux.ComputeRow1111Batch16 (11s)
✔ [9417/9443] Built OAI.Analysis.Laughlin.FiniteFlux.ComputeRow1113Batch16 (11s)
✔ [9418/9448] Built OAI.Analysis.Laughlin.FiniteFlux.ComputeRow0911Batch16 (16s)
✔ [9419/9449] Built OAI.Analysis.Laughlin.FiniteFlux.Data16 (8.0s)
✔ [9420/9450] Built OAI.Analysis.Laughlin.FiniteFlux.ComputeRow1515Batch16 (9.8s)
✔ [9421/9450] Built OAI.Analysis.Laughlin.FiniteFlux.ComputeRow1115Batch16 (11s)
✔ [9422/9450] Built OAI.Analysis.Laughlin.FiniteFlux.ComputeRow1313Batch16 (11s)
✔ [9423/9450] Built OAI.Analysis.Laughlin.FiniteFlux.ComputeQuadruples17 (9.1s)
✔ [9424/9450] Built OAI.Analysis.Laughlin.FiniteFlux.ComputeRow1315Batch16 (11s)
✔ [9425/9450] Built OAI.Analysis.Laughlin.FiniteFlux.ComputeRow0101Batch17 (11s)
✔ [9426/9450] Built OAI.Analysis.Laughlin.FiniteFlux.ComputeRow0103Batch17 (12s)
✔ [9427/9450] Built OAI.Analysis.Laughlin.FiniteFlux.ComputeLDL07Batch16 (9.8s)
✔ [9428/9451] Built OAI.Analysis.Laughlin.FiniteFlux.ComputeLDL06Batch16 (9.8s)
✔ [9429/9451] Built OAI.Analysis.Laughlin.FiniteFlux.ComputeRow0105Batch17 (11s)
✔ [9430/9452] Built OAI.Analysis.Laughlin.FiniteFlux.ComputeLDL04Batch16 (9.7s)
✔ [9431/9452] Built OAI.Analysis.Laughlin.FiniteFlux.ComputeLDL05Batch16 (9.8s)
✔ [9432/9452] Built OAI.Analysis.Laughlin.FiniteFlux.ComputeLDL03Batch16 (9.1s)
✔ [9433/9452] Built OAI.Analysis.Laughlin.FiniteFlux.ComputeRow0107Batch17 (12s)
✔ [9434/9452] Built OAI.Analysis.Laughlin.FiniteFlux.ComputeLDL02Batch16 (8.4s)
✔ [9435/9452] Built OAI.Analysis.Laughlin.FiniteFlux.ComputeGram171717 (7.6s)
✔ [9436/9452] Built OAI.Analysis.Laughlin.FiniteFlux.ComputeGram15Batch17 (8.2s)
✔ [9437/9452] Built OAI.Analysis.Laughlin.FiniteFlux.ComputeLDL01Batch16 (9.7s)
✔ [9438/9452] Built OAI.Analysis.Laughlin.FiniteFlux.ComputeLDL00Batch16 (10s)
✔ [9439/9452] Built OAI.Analysis.Laughlin.FiniteFlux.ComputeGram13Batch17 (8.6s)
✔ [9440/9452] Built OAI.Analysis.Laughlin.FiniteFlux.ComputeGram11Batch17 (9.4s)
✔ [9441/9453] Built OAI.Analysis.Laughlin.FiniteFlux.ComputeGram09Batch17 (10s)
✔ [9442/9454] Built OAI.Analysis.Laughlin.FiniteFlux.ComputeRow0109Batch17 (13s)
✔ [9443/9454] Built OAI.Analysis.Laughlin.FiniteFlux.ComputeGram07Batch17 (10s)
✔ [9444/9455] Built OAI.Analysis.Laughlin.FiniteFlux.LDLData16 (7.2s)
✔ [9445/9456] Built OAI.Analysis.Laughlin.FiniteFlux.ComputeGram05Batch17 (13s)
✔ [9446/9457] Built OAI.Analysis.Laughlin.FiniteFlux.GramData16 (13s)
✔ [9447/9458] Built OAI.Analysis.Laughlin.FiniteFlux.ComputeGram03Batch17 (15s)
✔ [9448/9459] Built OAI.Analysis.Laughlin.FiniteFlux.ComputeRow0111Batch17 (13s)
✔ [9449/9459] Built OAI.Analysis.Laughlin.FiniteFlux.ComputeRow0113Batch17 (12s)
✔ [9450/9460] Built OAI.Analysis.Laughlin.FiniteFlux.ComputeGram01Batch17 (17s)
✔ [9451/9461] Built OAI.Analysis.Laughlin.FiniteFlux.ComputeRow0115Batch17 (10s)
✔ [9452/9462] Built OAI.Analysis.Laughlin.FiniteFlux.ComputeRow0117Batch17 (9.6s)
✔ [9453/9463] Built OAI.Analysis.Laughlin.FiniteFlux.ComputeRow0303Batch17 (10s)
✔ [9454/9464] Built OAI.Analysis.Laughlin.FiniteFlux.Positive16 (8.8s)
✔ [9455/9465] Built OAI.Analysis.Laughlin.FiniteFlux.ComputeRow0305Batch17 (13s)
✔ [9456/9466] Built OAI.Analysis.Laughlin.FiniteFlux.ComputeRow0307Batch17 (13s)
✔ [9457/9467] Built OAI.Analysis.Laughlin.FiniteFlux.ComputeRow0309Batch17 (13s)
✔ [9458/9468] Built OAI.Analysis.Laughlin.FiniteFlux.ComputeRow0313Batch17 (10s)
✔ [9459/9469] Built OAI.Analysis.Laughlin.FiniteFlux.ComputeRow0311Batch17 (12s)
✔ [9460/9470] Built OAI.Analysis.Laughlin.FiniteFlux.ComputeRow0315Batch17 (9.7s)
✔ [9461/9471] Built OAI.Analysis.Laughlin.FiniteFlux.ComputeRow0317Batch17 (9.4s)
✔ [9462/9472] Built OAI.Analysis.Laughlin.FiniteFlux.ComputeRow0505Batch17 (10s)
✔ [9463/9473] Built OAI.Analysis.Laughlin.FiniteFlux.ComputeRow0507Batch17 (12s)
✔ [9464/9474] Built OAI.Analysis.Laughlin.FiniteFlux.ComputeRow0515Batch17 (10s)
✔ [9465/9476] Built OAI.Analysis.Laughlin.FiniteFlux.ComputeRow0511Batch17 (12s)
✔ [9466/9476] Built OAI.Analysis.Laughlin.FiniteFlux.ComputeRow0517Batch17 (10s)
✔ [9467/9477] Built OAI.Analysis.Laughlin.FiniteFlux.ComputeRow0513Batch17 (11s)
✔ [9468/9478] Built OAI.Analysis.Laughlin.FiniteFlux.ComputeRow0509Batch17 (13s)
✔ [9469/9479] Built OAI.Analysis.Laughlin.FiniteFlux.ComputeRow0707Batch17 (10s)
✔ [9470/9480] Built OAI.Analysis.Laughlin.FiniteFlux.ComputeRow0709Batch17 (11s)
✔ [9471/9481] Built OAI.Analysis.Laughlin.FiniteFlux.ComputeRow0717Batch17 (11s)
✔ [9472/9483] Built OAI.Analysis.Laughlin.FiniteFlux.ComputeRow0711Batch17 (12s)
✔ [9473/9483] Built OAI.Analysis.Laughlin.FiniteFlux.ComputeRow0715Batch17 (11s)
✔ [9474/9485] Built OAI.Analysis.Laughlin.FiniteFlux.ComputeRow0713Batch17 (12s)
✔ [9475/9485] Built OAI.Analysis.Laughlin.FiniteFlux.ComputeRow0909Batch17 (12s)
✔ [9476/9486] Built OAI.Analysis.Laughlin.FiniteFlux.ComputeRow0911Batch17 (13s)
✔ [9477/9487] Built OAI.Analysis.Laughlin.FiniteFlux.ComputeRow0913Batch17 (11s)
✔ [9478/9488] Built OAI.Analysis.Laughlin.FiniteFlux.ComputeRow0915Batch17 (9.6s)
✔ [9479/9489] Built OAI.Analysis.Laughlin.FiniteFlux.ComputeRow0917Batch17 (10s)
✔ [9480/9492] Built OAI.Analysis.Laughlin.FiniteFlux.ComputeRow1111Batch17 (11s)
✔ [9481/9492] Built OAI.Analysis.Laughlin.FiniteFlux.ComputeRow1117Batch17 (10s)
✔ [9482/9506] Built OAI.Analysis.Laughlin.FiniteFlux.ComputeRow1113Batch17 (11s)
✔ [9483/9506] Built OAI.Analysis.Laughlin.FiniteFlux.ComputeRow1115Batch17 (11s)
✔ [9484/9515] Built OAI.Analysis.Laughlin.FiniteFlux.ComputeRow1317Batch17 (9.2s)
✔ [9485/9516] Built OAI.Analysis.Laughlin.FiniteFlux.ComputeRow1315Batch17 (10s)
✔ [9486/9517] Built OAI.Analysis.Laughlin.FiniteFlux.ComputeRow1313Batch17 (10s)
✔ [9487/9518] Built OAI.Analysis.Laughlin.FiniteFlux.ComputeRow1515Batch17 (8.6s)
✔ [9488/9519] Built OAI.Analysis.Laughlin.FiniteFlux.Data17 (8.9s)
✔ [9489/9520] Built OAI.Analysis.Laughlin.FiniteFlux.ComputeRow1717Batch17 (9.4s)
✔ [9490/9520] Built OAI.Analysis.Laughlin.FiniteFlux.ComputeRow1517Batch17 (9.8s)
✔ [9491/9520] Built OAI.Analysis.Laughlin.FiniteFlux.ComputeQuadruples18 (10s)
✔ [9492/9520] Built OAI.Analysis.Laughlin.FiniteFlux.ComputeRow0101Batch18 (10s)
✔ [9493/9520] Built OAI.Analysis.Laughlin.FiniteFlux.ComputeRow0103Batch18 (11s)
✔ [9494/9520] Built OAI.Analysis.Laughlin.FiniteFlux.ComputeRow0105Batch18 (11s)
✔ [9495/9520] Built OAI.Analysis.Laughlin.FiniteFlux.ComputeRow0107Batch18 (9.2s)
✔ [9496/9520] Built OAI.Analysis.Laughlin.FiniteFlux.ComputeRow0109Batch18 (10s)
✔ [9497/9520] Built OAI.Analysis.Laughlin.FiniteFlux.ComputeLDL08Batch17 (10s)
✔ [9498/9520] Built OAI.Analysis.Laughlin.FiniteFlux.ComputeLDL07Batch17 (10s)
✔ [9499/9521] Built OAI.Analysis.Laughlin.FiniteFlux.ComputeLDL06Batch17 (11s)
✔ [9500/9521] Built OAI.Analysis.Laughlin.FiniteFlux.ComputeLDL05Batch17 (11s)
✔ [9501/9521] Built OAI.Analysis.Laughlin.FiniteFlux.ComputeRow0111Batch18 (10s)
✔ [9502/9521] Built OAI.Analysis.Laughlin.FiniteFlux.ComputeLDL04Batch17 (10s)
✔ [9503/9521] Built OAI.Analysis.Laughlin.FiniteFlux.ComputeLDL03Batch17 (9.5s)
✔ [9504/9521] Built OAI.Analysis.Laughlin.FiniteFlux.ComputeLDL02Batch17 (9.9s)
✔ [9505/9521] Built OAI.Analysis.Laughlin.FiniteFlux.ComputeGram171718 (6.7s)
✔ [9506/9521] Built OAI.Analysis.Laughlin.FiniteFlux.ComputeLDL01Batch17 (10s)
✔ [9507/9521] Built OAI.Analysis.Laughlin.FiniteFlux.ComputeGram15Batch18 (7.3s)
✔ [9508/9521] Built OAI.Analysis.Laughlin.FiniteFlux.ComputeLDL00Batch17 (10s)
✔ [9509/9521] Built OAI.Analysis.Laughlin.FiniteFlux.ComputeRow0113Batch18 (10s)
✔ [9510/9522] Built OAI.Analysis.Laughlin.FiniteFlux.ComputeGram13Batch18 (8.8s)
✔ [9511/9522] Built OAI.Analysis.Laughlin.FiniteFlux.GramData17 (14s)
✔ [9512/9523] Built OAI.Analysis.Laughlin.FiniteFlux.ComputeGram11Batch18 (10s)
✔ [9513/9524] Built OAI.Analysis.Laughlin.FiniteFlux.ComputeGram09Batch18 (11s)
✔ [9514/9526] Built OAI.Analysis.Laughlin.FiniteFlux.LDLData17 (6.2s)
✔ [9515/9526] Built OAI.Analysis.Laughlin.FiniteFlux.ComputeRow0115Batch18 (7.9s)
✔ [9516/9527] Built OAI.Analysis.Laughlin.FiniteFlux.ComputeGram07Batch18 (13s)
✔ [9517/9527] Built OAI.Analysis.Laughlin.FiniteFlux.ComputeGram05Batch18 (15s)
✔ [9518/9528] Built OAI.Analysis.Laughlin.FiniteFlux.ComputeRow0117Batch18 (7.5s)
✔ [9519/9529] Built OAI.Analysis.Laughlin.FiniteFlux.ComputeGram03Batch18 (16s)
✔ [9520/9530] Built OAI.Analysis.Laughlin.FiniteFlux.ComputeGram01Batch18 (17s)
✔ [9521/9531] Built OAI.Analysis.Laughlin.FiniteFlux.ComputeRow0303Batch18 (8.5s)
✔ [9522/9532] Built OAI.Analysis.Laughlin.FiniteFlux.Positive17 (8.7s)
✔ [9523/9533] Built OAI.Analysis.Laughlin.FiniteFlux.ComputeRow0305Batch18 (10s)
✔ [9524/9534] Built OAI.Analysis.Laughlin.FiniteFlux.ComputeRow0307Batch18 (10s)
✔ [9525/9535] Built OAI.Analysis.Laughlin.FiniteFlux.ComputeRow0309Batch18 (9.9s)
✔ [9526/9536] Built OAI.Analysis.Laughlin.FiniteFlux.ComputeRow0313Batch18 (9.3s)
✔ [9527/9537] Built OAI.Analysis.Laughlin.FiniteFlux.ComputeRow0311Batch18 (9.7s)
✔ [9528/9538] Built OAI.Analysis.Laughlin.FiniteFlux.ComputeRow0317Batch18 (8.4s)
✔ [9529/9539] Built OAI.Analysis.Laughlin.FiniteFlux.ComputeRow0315Batch18 (8.9s)
✔ [9530/9540] Built OAI.Analysis.Laughlin.FiniteFlux.ComputeRow0505Batch18 (9.2s)
✔ [9531/9541] Built OAI.Analysis.Laughlin.FiniteFlux.ComputeRow0509Batch18 (10s)
✔ [9532/9542] Built OAI.Analysis.Laughlin.FiniteFlux.ComputeRow0507Batch18 (10s)
✔ [9533/9543] Built OAI.Analysis.Laughlin.FiniteFlux.ComputeRow0511Batch18 (9.8s)
✔ [9534/9544] Built OAI.Analysis.Laughlin.FiniteFlux.ComputeRow0515Batch18 (9.3s)
✔ [9535/9545] Built OAI.Analysis.Laughlin.FiniteFlux.ComputeRow0517Batch18 (8.8s)
✔ [9536/9546] Built OAI.Analysis.Laughlin.FiniteFlux.ComputeRow0513Batch18 (10s)
✔ [9537/9547] Built OAI.Analysis.Laughlin.FiniteFlux.ComputeRow0707Batch18 (9.5s)
✔ [9538/9548] Built OAI.Analysis.Laughlin.FiniteFlux.ComputeRow0709Batch18 (9.3s)
✔ [9539/9549] Built OAI.Analysis.Laughlin.FiniteFlux.ComputeRow0713Batch18 (9.2s)
✔ [9540/9550] Built OAI.Analysis.Laughlin.FiniteFlux.ComputeRow0711Batch18 (9.8s)
✔ [9541/9551] Built OAI.Analysis.Laughlin.FiniteFlux.ComputeRow0715Batch18 (8.8s)
✔ [9542/9552] Built OAI.Analysis.Laughlin.FiniteFlux.ComputeRow0717Batch18 (9.4s)
✔ [9543/9553] Built OAI.Analysis.Laughlin.FiniteFlux.ComputeRow0909Batch18 (9.6s)
✔ [9544/9554] Built OAI.Analysis.Laughlin.FiniteFlux.ComputeRow0913Batch18 (9.9s)
✔ [9545/9555] Built OAI.Analysis.Laughlin.FiniteFlux.ComputeRow0911Batch18 (10s)
✔ [9546/9556] Built OAI.Analysis.Laughlin.FiniteFlux.ComputeRow0915Batch18 (7.0s)
✔ [9547/9557] Built OAI.Analysis.Laughlin.FiniteFlux.ComputeRow0917Batch18 (8.8s)
✔ [9548/9558] Built OAI.Analysis.Laughlin.FiniteFlux.ComputeRow1111Batch18 (9.1s)
✔ [9549/9560] Built OAI.Analysis.Laughlin.FiniteFlux.ComputeRow1113Batch18 (9.5s)
✔ [9550/9561] Built OAI.Analysis.Laughlin.FiniteFlux.ComputeRow1115Batch18 (9.2s)
✔ [9551/9561] Built OAI.Analysis.Laughlin.FiniteFlux.ComputeRow1117Batch18 (8.8s)
✔ [9552/9585] Built OAI.Analysis.Laughlin.FiniteFlux.ComputeRow1313Batch18 (8.9s)
✔ [9553/9585] Built OAI.Analysis.Laughlin.FiniteFlux.ComputeRow1315Batch18 (8.8s)
✔ [9554/9586] Built OAI.Analysis.Laughlin.FiniteFlux.ComputeRow1317Batch18 (8.2s)
✔ [9555/9587] Built OAI.Analysis.Laughlin.FiniteFlux.ComputeRow1515Batch18 (7.4s)
✔ [9556/9588] Built OAI.Analysis.Laughlin.FiniteFlux.ComputeRow1517Batch18 (7.3s)
✔ [9557/9589] Built OAI.Analysis.Laughlin.FiniteFlux.ComputeRow1717Batch18 (6.9s)
✔ [9558/9590] Built OAI.Analysis.Laughlin.FiniteFlux.Data18 (7.4s)
✔ [9559/9591] Built OAI.Analysis.Laughlin.FiniteFlux.ComputeQuadruples19 (9.3s)
✔ [9560/9591] Built OAI.Analysis.Laughlin.FiniteFlux.ComputeRow0101Batch19 (8.7s)
✔ [9561/9591] Built OAI.Analysis.Laughlin.FiniteFlux.ComputeRow0103Batch19 (9.1s)
✔ [9562/9591] Built OAI.Analysis.Laughlin.FiniteFlux.ComputeRow0105Batch19 (9.5s)
✔ [9563/9591] Built OAI.Analysis.Laughlin.FiniteFlux.ComputeRow0107Batch19 (8.9s)
✔ [9564/9591] Built OAI.Analysis.Laughlin.FiniteFlux.ComputeRow0109Batch19 (8.9s)
✔ [9565/9591] Built OAI.Analysis.Laughlin.FiniteFlux.ComputeRow0111Batch19 (8.5s)
✔ [9566/9591] Built OAI.Analysis.Laughlin.FiniteFlux.ComputeRow0113Batch19 (7.5s)
✔ [9567/9591] Built OAI.Analysis.Laughlin.FiniteFlux.ComputeLDL08Batch18 (11s)
✔ [9568/9591] Built OAI.Analysis.Laughlin.FiniteFlux.ComputeLDL07Batch18 (11s)
✔ [9569/9591] Built OAI.Analysis.Laughlin.FiniteFlux.GramData18 (13s)
✔ [9570/9592] Built OAI.Analysis.Laughlin.FiniteFlux.ComputeLDL06Batch18 (11s)
✔ [9571/9592] Built OAI.Analysis.Laughlin.FiniteFlux.ComputeLDL05Batch18 (12s)
✔ [9572/9592] Built OAI.Analysis.Laughlin.FiniteFlux.ComputeLDL04Batch18 (12s)
✔ [9573/9592] Built OAI.Analysis.Laughlin.FiniteFlux.ComputeLDL03Batch18 (12s)
✔ [9574/9592] Built OAI.Analysis.Laughlin.FiniteFlux.ComputeLDL02Batch18 (11s)
✔ [9575/9592] Built OAI.Analysis.Laughlin.FiniteFlux.ComputeGram191919 (6.8s)
✔ [9576/9592] Built OAI.Analysis.Laughlin.FiniteFlux.ComputeRow0115Batch19 (8.4s)
✔ [9577/9592] Built OAI.Analysis.Laughlin.FiniteFlux.ComputeLDL01Batch18 (10s)
✔ [9578/9592] Built OAI.Analysis.Laughlin.FiniteFlux.ComputeLDL00Batch18 (10s)
✔ [9579/9592] Built OAI.Analysis.Laughlin.FiniteFlux.ComputeGram17Batch19 (7.3s)
✔ [9580/9592] Built OAI.Analysis.Laughlin.FiniteFlux.ComputeGram15Batch19 (8.5s)
✔ [9581/9592] Built OAI.Analysis.Laughlin.FiniteFlux.ComputeGram13Batch19 (9.2s)
✔ [9582/9593] Built OAI.Analysis.Laughlin.FiniteFlux.ComputeGram11Batch19 (10s)
✔ [9583/9594] Built OAI.Analysis.Laughlin.FiniteFlux.ComputeGram09Batch19 (11s)
✔ [9584/9595] Built OAI.Analysis.Laughlin.FiniteFlux.ComputeRow0117Batch19 (7.7s)
✔ [9585/9596] Built OAI.Analysis.Laughlin.FiniteFlux.ComputeRow0119Batch19 (7.1s)
✔ [9586/9597] Built OAI.Analysis.Laughlin.FiniteFlux.LDLData18 (6.3s)
✔ [9587/9598] Built OAI.Analysis.Laughlin.FiniteFlux.ComputeGram07Batch19 (14s)
✔ [9588/9598] Built OAI.Analysis.Laughlin.FiniteFlux.ComputeGram05Batch19 (16s)
✔ [9589/9599] Built OAI.Analysis.Laughlin.FiniteFlux.ComputeRow0303Batch19 (7.3s)
✔ [9590/9600] Built OAI.Analysis.Laughlin.FiniteFlux.ComputeRow0305Batch19 (8.2s)
✔ [9591/9601] Built OAI.Analysis.Laughlin.FiniteFlux.ComputeRow0307Batch19 (8.1s)
✔ [9592/9602] Built OAI.Analysis.Laughlin.FiniteFlux.ComputeGram03Batch19 (18s)
✔ [9593/9603] Built OAI.Analysis.Laughlin.FiniteFlux.ComputeRow0309Batch19 (8.1s)
✔ [9594/9604] Built OAI.Analysis.Laughlin.FiniteFlux.ComputeGram01Batch19 (20s)
✔ [9595/9605] Built OAI.Analysis.Laughlin.FiniteFlux.Positive18 (7.7s)
✔ [9596/9606] Built OAI.Analysis.Laughlin.FiniteFlux.ComputeRow0311Batch19 (7.8s)
✔ [9597/9607] Built OAI.Analysis.Laughlin.FiniteFlux.ComputeRow0313Batch19 (7.8s)
✔ [9598/9608] Built OAI.Analysis.Laughlin.FiniteFlux.ComputeRow0315Batch19 (8.4s)
✔ [9599/9609] Built OAI.Analysis.Laughlin.FiniteFlux.ComputeRow0317Batch19 (8.6s)
✔ [9600/9610] Built OAI.Analysis.Laughlin.FiniteFlux.ComputeRow0319Batch19 (8.8s)
✔ [9601/9611] Built OAI.Analysis.Laughlin.FiniteFlux.ComputeRow0505Batch19 (8.0s)
✔ [9602/9612] Built OAI.Analysis.Laughlin.FiniteFlux.ComputeRow0507Batch19 (9.2s)
✔ [9603/9613] Built OAI.Analysis.Laughlin.FiniteFlux.ComputeRow0509Batch19 (9.3s)
✔ [9604/9615] Built OAI.Analysis.Laughlin.FiniteFlux.ComputeRow0511Batch19 (8.4s)
✔ [9605/9615] Built OAI.Analysis.Laughlin.FiniteFlux.ComputeRow0513Batch19 (8.1s)
✔ [9606/9616] Built OAI.Analysis.Laughlin.FiniteFlux.ComputeRow0515Batch19 (8.2s)
✔ [9607/9617] Built OAI.Analysis.Laughlin.FiniteFlux.ComputeRow0517Batch19 (8.1s)
✔ [9608/9618] Built OAI.Analysis.Laughlin.FiniteFlux.ComputeRow0519Batch19 (8.5s)
✔ [9609/9619] Built OAI.Analysis.Laughlin.FiniteFlux.ComputeRow0707Batch19 (8.6s)
✔ [9610/9621] Built OAI.Analysis.Laughlin.FiniteFlux.ComputeRow0709Batch19 (9.2s)
✔ [9611/9621] Built OAI.Analysis.Laughlin.FiniteFlux.ComputeRow0711Batch19 (8.8s)
✔ [9612/9622] Built OAI.Analysis.Laughlin.FiniteFlux.ComputeRow0715Batch19 (8.1s)
✔ [9613/9623] Built OAI.Analysis.Laughlin.FiniteFlux.ComputeRow0713Batch19 (8.4s)
✔ [9614/9624] Built OAI.Analysis.Laughlin.FiniteFlux.ComputeRow0717Batch19 (7.0s)
✔ [9615/9625] Built OAI.Analysis.Laughlin.FiniteFlux.ComputeRow0719Batch19 (7.8s)
✔ [9616/9626] Built OAI.Analysis.Laughlin.FiniteFlux.ComputeRow0909Batch19 (8.0s)
✔ [9617/9627] Built OAI.Analysis.Laughlin.FiniteFlux.ComputeRow0911Batch19 (8.5s)
✔ [9618/9628] Built OAI.Analysis.Laughlin.FiniteFlux.ComputeRow0915Batch19 (8.4s)
✔ [9619/9629] Built OAI.Analysis.Laughlin.FiniteFlux.ComputeRow0913Batch19 (8.7s)
✔ [9620/9630] Built OAI.Analysis.Laughlin.FiniteFlux.ComputeRow0917Batch19 (8.3s)
✔ [9621/9631] Built OAI.Analysis.Laughlin.FiniteFlux.ComputeRow0919Batch19 (8.2s)
✔ [9622/9632] Built OAI.Analysis.Laughlin.FiniteFlux.ComputeRow1111Batch19 (8.2s)
✔ [9623/9633] Built OAI.Analysis.Laughlin.FiniteFlux.ComputeRow1113Batch19 (8.6s)
✔ [9624/9634] Built OAI.Analysis.Laughlin.FiniteFlux.ComputeRow1115Batch19 (8.1s)
✔ [9625/9635] Built OAI.Analysis.Laughlin.FiniteFlux.ComputeRow1117Batch19 (7.5s)
✔ [9626/9636] Built OAI.Analysis.Laughlin.FiniteFlux.ComputeRow1119Batch19 (8.2s)
✔ [9627/9637] Built OAI.Analysis.Laughlin.FiniteFlux.ComputeRow1313Batch19 (8.4s)
✔ [9628/9639] Built OAI.Analysis.Laughlin.FiniteFlux.ComputeRow1315Batch19 (8.3s)
✔ [9629/9639] Built OAI.Analysis.Laughlin.FiniteFlux.ComputeRow1317Batch19 (8.1s)
✔ [9630/9643] Built OAI.Analysis.Laughlin.FiniteFlux.ComputeRow1319Batch19 (8.2s)
✔ [9631/9664] Built OAI.Analysis.Laughlin.FiniteFlux.ComputeRow1515Batch19 (8.0s)
✔ [9632/9665] Built OAI.Analysis.Laughlin.FiniteFlux.ComputeRow1517Batch19 (7.8s)
✔ [9633/9666] Built OAI.Analysis.Laughlin.FiniteFlux.ComputeRow1519Batch19 (7.5s)
✔ [9634/9667] Built OAI.Analysis.Laughlin.FiniteFlux.ComputeRow1717Batch19 (7.3s)
✔ [9635/9668] Built OAI.Analysis.Laughlin.FiniteFlux.ComputeRow1719Batch19 (7.6s)
✔ [9636/9669] Built OAI.Analysis.Laughlin.FiniteFlux.ComputeRow1919Batch19 (7.7s)
✔ [9637/9670] Built OAI.Analysis.Laughlin.FiniteFlux.Data19 (7.8s)
✔ [9638/9671] Built OAI.Analysis.Laughlin.FiniteFlux.ComputeRow0101Batch20 (8.0s)
✔ [9639/9671] Built OAI.Analysis.Laughlin.FiniteFlux.ComputeRow0103Batch20 (8.1s)
✔ [9640/9671] Built OAI.Analysis.Laughlin.FiniteFlux.ComputeRow0105Batch20 (7.9s)
✔ [9641/9671] Built OAI.Analysis.Laughlin.FiniteFlux.ComputeQuadruples20 (10s)
✔ [9642/9671] Built OAI.Analysis.Laughlin.FiniteFlux.ComputeRow0107Batch20 (7.8s)
✔ [9643/9671] Built OAI.Analysis.Laughlin.FiniteFlux.ComputeRow0109Batch20 (8.0s)
✔ [9644/9671] Built OAI.Analysis.Laughlin.FiniteFlux.ComputeRow0113Batch20 (7.6s)
✔ [9645/9671] Built OAI.Analysis.Laughlin.FiniteFlux.ComputeRow0111Batch20 (7.9s)
✔ [9646/9671] Built OAI.Analysis.Laughlin.FiniteFlux.ComputeLDL09Batch19 (12s)
✔ [9647/9671] Built OAI.Analysis.Laughlin.FiniteFlux.ComputeLDL08Batch19 (12s)
✔ [9648/9671] Built OAI.Analysis.Laughlin.FiniteFlux.GramData19 (14s)
✔ [9649/9671] Built OAI.Analysis.Laughlin.FiniteFlux.ComputeLDL07Batch19 (13s)
✔ [9650/9672] Built OAI.Analysis.Laughlin.FiniteFlux.ComputeLDL06Batch19 (13s)
✔ [9651/9672] Built OAI.Analysis.Laughlin.FiniteFlux.ComputeLDL05Batch19 (13s)
✔ [9652/9673] Built OAI.Analysis.Laughlin.FiniteFlux.ComputeLDL03Batch19 (13s)
✔ [9653/9673] Built OAI.Analysis.Laughlin.FiniteFlux.ComputeLDL04Batch19 (13s)
✔ [9654/9673] Built OAI.Analysis.Laughlin.FiniteFlux.ComputeRow0115Batch20 (7.9s)
✔ [9655/9673] Built OAI.Analysis.Laughlin.FiniteFlux.ComputeLDL02Batch19 (11s)
✔ [9656/9673] Built OAI.Analysis.Laughlin.FiniteFlux.ComputeGram191920 (6.7s)
✔ [9657/9673] Built OAI.Analysis.Laughlin.FiniteFlux.ComputeRow0117Batch20 (7.6s)
✔ [9658/9673] Built OAI.Analysis.Laughlin.FiniteFlux.ComputeLDL01Batch19 (11s)
✔ [9659/9673] Built OAI.Analysis.Laughlin.FiniteFlux.ComputeLDL00Batch19 (11s)
✔ [9660/9673] Built OAI.Analysis.Laughlin.FiniteFlux.ComputeGram17Batch20 (7.5s)
✔ [9661/9673] Built OAI.Analysis.Laughlin.FiniteFlux.ComputeGram15Batch20 (8.4s)
✔ [9662/9674] Built OAI.Analysis.Laughlin.FiniteFlux.ComputeGram13Batch20 (8.9s)
✔ [9663/9674] Built OAI.Analysis.Laughlin.FiniteFlux.ComputeRow0119Batch20 (7.7s)
✔ [9664/9675] Built OAI.Analysis.Laughlin.FiniteFlux.ComputeGram11Batch20 (12s)
✔ [9665/9676] Built OAI.Analysis.Laughlin.FiniteFlux.ComputeRow0303Batch20 (5.9s)
✔ [9666/9677] Built OAI.Analysis.Laughlin.FiniteFlux.ComputeGram09Batch20 (13s)
✔ [9667/9679] Built OAI.Analysis.Laughlin.FiniteFlux.LDLData19 (6.2s)
✔ [9668/9679] Built OAI.Analysis.Laughlin.FiniteFlux.ComputeGram07Batch20 (16s)
✔ [9669/9680] Built OAI.Analysis.Laughlin.FiniteFlux.ComputeRow0305Batch20 (6.5s)
✔ [9670/9681] Built OAI.Analysis.Laughlin.FiniteFlux.ComputeGram05Batch20 (18s)
✔ [9671/9681] Built OAI.Analysis.Laughlin.FiniteFlux.ComputeRow0307Batch20 (7.2s)
✔ [9672/9682] Built OAI.Analysis.Laughlin.FiniteFlux.ComputeRow0309Batch20 (6.9s)
✔ [9673/9683] Built OAI.Analysis.Laughlin.FiniteFlux.ComputeGram03Batch20 (20s)
✔ [9674/9685] Built OAI.Analysis.Laughlin.FiniteFlux.ComputeRow0311Batch20 (7.2s)
✔ [9675/9685] Built OAI.Analysis.Laughlin.FiniteFlux.ComputeRow0313Batch20 (7.1s)
✔ [9676/9685] Built OAI.Analysis.Laughlin.FiniteFlux.ComputeGram01Batch20 (22s)
✔ [9677/9687] Built OAI.Analysis.Laughlin.FiniteFlux.ComputeRow0315Batch20 (6.0s)
✔ [9678/9688] Built OAI.Analysis.Laughlin.FiniteFlux.ComputeRow0317Batch20 (7.5s)
✔ [9679/9689] Built OAI.Analysis.Laughlin.FiniteFlux.ComputeRow0319Batch20 (7.7s)
✔ [9680/9690] Built OAI.Analysis.Laughlin.FiniteFlux.Positive19 (8.0s)
✔ [9681/9691] Built OAI.Analysis.Laughlin.FiniteFlux.ComputeRow0505Batch20 (7.0s)
✔ [9682/9692] Built OAI.Analysis.Laughlin.FiniteFlux.ComputeRow0509Batch20 (8.3s)
✔ [9683/9693] Built OAI.Analysis.Laughlin.FiniteFlux.ComputeRow0507Batch20 (8.4s)
✔ [9684/9694] Built OAI.Analysis.Laughlin.FiniteFlux.ComputeRow0511Batch20 (8.1s)
✔ [9685/9695] Built OAI.Analysis.Laughlin.FiniteFlux.ComputeRow0513Batch20 (7.6s)
✔ [9686/9696] Built OAI.Analysis.Laughlin.FiniteFlux.ComputeRow0515Batch20 (7.4s)
✔ [9687/9697] Built OAI.Analysis.Laughlin.FiniteFlux.ComputeRow0517Batch20 (7.4s)
✔ [9688/9698] Built OAI.Analysis.Laughlin.FiniteFlux.ComputeRow0519Batch20 (7.4s)
✔ [9689/9699] Built OAI.Analysis.Laughlin.FiniteFlux.ComputeRow0707Batch20 (7.6s)
✔ [9690/9701] Built OAI.Analysis.Laughlin.FiniteFlux.ComputeRow0709Batch20 (8.4s)
✔ [9691/9701] Built OAI.Analysis.Laughlin.FiniteFlux.ComputeRow0711Batch20 (8.4s)
✔ [9692/9702] Built OAI.Analysis.Laughlin.FiniteFlux.ComputeRow0713Batch20 (8.2s)
✔ [9693/9703] Built OAI.Analysis.Laughlin.FiniteFlux.ComputeRow0715Batch20 (8.1s)
✔ [9694/9704] Built OAI.Analysis.Laughlin.FiniteFlux.ComputeRow0717Batch20 (7.6s)
✔ [9695/9705] Built OAI.Analysis.Laughlin.FiniteFlux.ComputeRow0719Batch20 (7.6s)
✔ [9696/9706] Built OAI.Analysis.Laughlin.FiniteFlux.ComputeRow0909Batch20 (7.8s)
✔ [9697/9707] Built OAI.Analysis.Laughlin.FiniteFlux.ComputeRow0911Batch20 (7.6s)
✔ [9698/9709] Built OAI.Analysis.Laughlin.FiniteFlux.ComputeRow0913Batch20 (7.9s)
✔ [9699/9709] Built OAI.Analysis.Laughlin.FiniteFlux.ComputeRow0915Batch20 (7.8s)
✔ [9700/9710] Built OAI.Analysis.Laughlin.FiniteFlux.ComputeRow0917Batch20 (7.9s)
✔ [9701/9711] Built OAI.Analysis.Laughlin.FiniteFlux.ComputeRow0919Batch20 (8.1s)
✔ [9702/9712] Built OAI.Analysis.Laughlin.FiniteFlux.ComputeRow1111Batch20 (8.0s)
✔ [9703/9713] Built OAI.Analysis.Laughlin.FiniteFlux.ComputeRow1113Batch20 (8.3s)
✔ [9704/9714] Built OAI.Analysis.Laughlin.FiniteFlux.ComputeRow1115Batch20 (7.0s)
✔ [9705/9715] Built OAI.Analysis.Laughlin.FiniteFlux.ComputeRow1117Batch20 (7.1s)
✔ [9706/9717] Built OAI.Analysis.Laughlin.FiniteFlux.ComputeRow1119Batch20 (7.8s)
✔ [9707/9717] Built OAI.Analysis.Laughlin.FiniteFlux.ComputeRow1313Batch20 (7.8s)
✔ [9708/9719] Built OAI.Analysis.Laughlin.FiniteFlux.ComputeRow1315Batch20 (7.7s)
✔ [9709/9719] Built OAI.Analysis.Laughlin.FiniteFlux.ComputeRow1317Batch20 (7.8s)
✔ [9710/9726] Built OAI.Analysis.Laughlin.FiniteFlux.ComputeRow1319Batch20 (8.2s)
✔ [9711/9745] Built OAI.Analysis.Laughlin.FiniteFlux.ComputeRow1515Batch20 (7.9s)
✔ [9712/9746] Built OAI.Analysis.Laughlin.FiniteFlux.ComputeRow1517Batch20 (7.7s)
✔ [9713/9747] Built OAI.Analysis.Laughlin.FiniteFlux.ComputeRow1519Batch20 (7.6s)
✔ [9714/9749] Built OAI.Analysis.Laughlin.FiniteFlux.ComputeRow1717Batch20 (7.4s)
✔ [9715/9749] Built OAI.Analysis.Laughlin.FiniteFlux.ComputeRow1719Batch20 (7.4s)
✔ [9716/9750] Built OAI.Analysis.Laughlin.FiniteFlux.ComputeRow1919Batch20 (7.4s)
✔ [9717/9751] Built OAI.Analysis.Laughlin.FiniteFlux.Data20 (7.9s)
✔ [9718/9752] Built OAI.Analysis.Laughlin.FiniteFlux.ComputeRow0101Batch21 (7.8s)
✔ [9719/9752] Built OAI.Analysis.Laughlin.FiniteFlux.ComputeRow0103Batch21 (7.8s)
✔ [9720/9752] Built OAI.Analysis.Laughlin.FiniteFlux.ComputeRow0105Batch21 (7.9s)
✔ [9721/9752] Built OAI.Analysis.Laughlin.FiniteFlux.ComputeQuadruples21 (10s)
✔ [9722/9752] Built OAI.Analysis.Laughlin.FiniteFlux.ComputeRow0107Batch21 (7.7s)
✔ [9723/9752] Built OAI.Analysis.Laughlin.FiniteFlux.ComputeRow0109Batch21 (7.7s)
✔ [9724/9752] Built OAI.Analysis.Laughlin.FiniteFlux.ComputeRow0111Batch21 (7.7s)
✔ [9725/9752] Built OAI.Analysis.Laughlin.FiniteFlux.ComputeRow0113Batch21 (7.2s)
✔ [9726/9752] Built OAI.Analysis.Laughlin.FiniteFlux.ComputeLDL09Batch20 (12s)
✔ [9727/9752] Built OAI.Analysis.Laughlin.FiniteFlux.ComputeLDL08Batch20 (12s)
✔ [9728/9752] Built OAI.Analysis.Laughlin.FiniteFlux.GramData20 (13s)
✔ [9729/9752] Built OAI.Analysis.Laughlin.FiniteFlux.ComputeLDL07Batch20 (13s)
✔ [9730/9753] Built OAI.Analysis.Laughlin.FiniteFlux.ComputeLDL04Batch20 (13s)
✔ [9731/9754] Built OAI.Analysis.Laughlin.FiniteFlux.ComputeLDL05Batch20 (13s)
✔ [9732/9754] Built OAI.Analysis.Laughlin.FiniteFlux.ComputeLDL06Batch20 (13s)
✔ [9733/9754] Built OAI.Analysis.Laughlin.FiniteFlux.ComputeLDL03Batch20 (12s)
✔ [9734/9754] Built OAI.Analysis.Laughlin.FiniteFlux.ComputeRow0115Batch21 (7.2s)
✔ [9735/9754] Built OAI.Analysis.Laughlin.FiniteFlux.ComputeLDL02Batch20 (10s)
✔ [9736/9754] Built OAI.Analysis.Laughlin.FiniteFlux.ComputeGram212121 (6.0s)
✔ [9737/9754] Built OAI.Analysis.Laughlin.FiniteFlux.ComputeLDL01Batch20 (11s)
✔ [9738/9754] Built OAI.Analysis.Laughlin.FiniteFlux.ComputeLDL00Batch20 (10s)
✔ [9739/9754] Built OAI.Analysis.Laughlin.FiniteFlux.ComputeRow0117Batch21 (7.9s)
✔ [9740/9754] Built OAI.Analysis.Laughlin.FiniteFlux.ComputeGram19Batch21 (8.1s)
✔ [9741/9754] Built OAI.Analysis.Laughlin.FiniteFlux.ComputeGram17Batch21 (8.5s)
✔ [9742/9754] Built OAI.Analysis.Laughlin.FiniteFlux.ComputeGram15Batch21 (9.5s)
✔ [9743/9755] Built OAI.Analysis.Laughlin.FiniteFlux.ComputeGram13Batch21 (11s)
✔ [9744/9755] Built OAI.Analysis.Laughlin.FiniteFlux.ComputeRow0119Batch21 (5.6s)
✔ [9745/9756] Built OAI.Analysis.Laughlin.FiniteFlux.ComputeGram11Batch21 (14s)
✔ [9746/9757] Built OAI.Analysis.Laughlin.FiniteFlux.ComputeRow0121Batch21 (5.7s)
✔ [9747/9758] Built OAI.Analysis.Laughlin.FiniteFlux.ComputeGram09Batch21 (16s)
✔ [9748/9759] Built OAI.Analysis.Laughlin.FiniteFlux.ComputeGram07Batch21 (18s)
✔ [9749/9760] Built OAI.Analysis.Laughlin.FiniteFlux.LDLData20 (6.6s)
✔ [9750/9761] Built OAI.Analysis.Laughlin.FiniteFlux.ComputeRow0303Batch21 (6.4s)
✔ [9751/9761] Built OAI.Analysis.Laughlin.FiniteFlux.ComputeGram05Batch21 (21s)
✔ [9752/9762] Built OAI.Analysis.Laughlin.FiniteFlux.ComputeRow0305Batch21 (6.8s)
✔ [9753/9763] Built OAI.Analysis.Laughlin.FiniteFlux.ComputeRow0307Batch21 (6.8s)
✔ [9754/9764] Built OAI.Analysis.Laughlin.FiniteFlux.ComputeGram03Batch21 (24s)
✔ [9755/9765] Built OAI.Analysis.Laughlin.FiniteFlux.ComputeRow0309Batch21 (7.1s)
✔ [9756/9766] Built OAI.Analysis.Laughlin.FiniteFlux.ComputeRow0311Batch21 (7.1s)
✔ [9757/9767] Built OAI.Analysis.Laughlin.FiniteFlux.ComputeGram01Batch21 (26s)
✔ [9758/9768] Built OAI.Analysis.Laughlin.FiniteFlux.Positive20 (8.0s)
✔ [9759/9769] Built OAI.Analysis.Laughlin.FiniteFlux.ComputeRow0313Batch21 (7.9s)
✔ [9760/9770] Built OAI.Analysis.Laughlin.FiniteFlux.ComputeRow0315Batch21 (7.8s)
✔ [9761/9771] Built OAI.Analysis.Laughlin.FiniteFlux.ComputeRow0317Batch21 (7.4s)
✔ [9762/9772] Built OAI.Analysis.Laughlin.FiniteFlux.ComputeRow0319Batch21 (7.5s)
✔ [9763/9773] Built OAI.Analysis.Laughlin.FiniteFlux.ComputeRow0321Batch21 (7.4s)
✔ [9764/9774] Built OAI.Analysis.Laughlin.FiniteFlux.ComputeRow0505Batch21 (7.7s)
✔ [9765/9775] Built OAI.Analysis.Laughlin.FiniteFlux.ComputeRow0507Batch21 (8.1s)
✔ [9766/9776] Built OAI.Analysis.Laughlin.FiniteFlux.ComputeRow0509Batch21 (7.9s)
✔ [9767/9778] Built OAI.Analysis.Laughlin.FiniteFlux.ComputeRow0511Batch21 (8.3s)
✔ [9768/9778] Built OAI.Analysis.Laughlin.FiniteFlux.ComputeRow0513Batch21 (8.2s)
✔ [9769/9779] Built OAI.Analysis.Laughlin.FiniteFlux.ComputeRow0515Batch21 (7.8s)
✔ [9770/9780] Built OAI.Analysis.Laughlin.FiniteFlux.ComputeRow0517Batch21 (7.5s)
✔ [9771/9781] Built OAI.Analysis.Laughlin.FiniteFlux.ComputeRow0519Batch21 (7.4s)
✔ [9772/9782] Built OAI.Analysis.Laughlin.FiniteFlux.ComputeRow0521Batch21 (7.6s)
✔ [9773/9783] Built OAI.Analysis.Laughlin.FiniteFlux.ComputeRow0707Batch21 (7.6s)
✔ [9774/9784] Built OAI.Analysis.Laughlin.FiniteFlux.ComputeRow0709Batch21 (8.1s)
✔ [9775/9785] Built OAI.Analysis.Laughlin.FiniteFlux.ComputeRow0713Batch21 (8.1s)
✔ [9776/9786] Built OAI.Analysis.Laughlin.FiniteFlux.ComputeRow0711Batch21 (8.3s)
✔ [9777/9787] Built OAI.Analysis.Laughlin.FiniteFlux.ComputeRow0715Batch21 (8.1s)
✔ [9778/9788] Built OAI.Analysis.Laughlin.FiniteFlux.ComputeRow0717Batch21 (7.9s)
✔ [9779/9789] Built OAI.Analysis.Laughlin.FiniteFlux.ComputeRow0719Batch21 (7.7s)
✔ [9780/9790] Built OAI.Analysis.Laughlin.FiniteFlux.ComputeRow0721Batch21 (7.5s)
✔ [9781/9791] Built OAI.Analysis.Laughlin.FiniteFlux.ComputeRow0909Batch21 (7.2s)
✔ [9782/9792] Built OAI.Analysis.Laughlin.FiniteFlux.ComputeRow0911Batch21 (7.3s)
✔ [9783/9793] Built OAI.Analysis.Laughlin.FiniteFlux.ComputeRow0913Batch21 (8.1s)
✔ [9784/9795] Built OAI.Analysis.Laughlin.FiniteFlux.ComputeRow0915Batch21 (8.1s)
✔ [9785/9795] Built OAI.Analysis.Laughlin.FiniteFlux.ComputeRow0917Batch21 (7.9s)
✔ [9786/9796] Built OAI.Analysis.Laughlin.FiniteFlux.ComputeRow0919Batch21 (8.1s)
✔ [9787/9797] Built OAI.Analysis.Laughlin.FiniteFlux.ComputeRow0921Batch21 (8.2s)
✔ [9788/9798] Built OAI.Analysis.Laughlin.FiniteFlux.ComputeRow1111Batch21 (7.9s)
✔ [9789/9799] Built OAI.Analysis.Laughlin.FiniteFlux.ComputeRow1113Batch21 (7.7s)
✔ [9790/9800] Built OAI.Analysis.Laughlin.FiniteFlux.ComputeRow1115Batch21 (7.1s)
✔ [9791/9801] Built OAI.Analysis.Laughlin.FiniteFlux.ComputeRow1117Batch21 (7.7s)
✔ [9792/9802] Built OAI.Analysis.Laughlin.FiniteFlux.ComputeRow1119Batch21 (7.9s)
✔ [9793/9803] Built OAI.Analysis.Laughlin.FiniteFlux.ComputeRow1121Batch21 (7.0s)
✔ [9794/9803] Built OAI.Analysis.Laughlin.FiniteFlux.ComputeRow1313Batch21 (8.2s)
✔ [9795/9805] Built OAI.Analysis.Laughlin.FiniteFlux.ComputeRow1315Batch21 (8.3s)
✔ [9796/9806] Built OAI.Analysis.Laughlin.FiniteFlux.ComputeRow1317Batch21 (8.1s)
✔ [9797/9807] Built OAI.Analysis.Laughlin.FiniteFlux.ComputeRow1319Batch21 (7.8s)
✔ [9798/9808] Built OAI.Analysis.Laughlin.FiniteFlux.ComputeRow1321Batch21 (7.3s)
✔ [9799/9809] Built OAI.Analysis.Laughlin.FiniteFlux.ComputeRow1515Batch21 (7.6s)
✔ [9800/9811] Built OAI.Analysis.Laughlin.FiniteFlux.ComputeRow1517Batch21 (7.6s)
✔ [9801/9811] Built OAI.Analysis.Laughlin.FiniteFlux.ComputeRow1519Batch21 (7.6s)
✔ [9802/9827] Built OAI.Analysis.Laughlin.FiniteFlux.ComputeRow1521Batch21 (8.0s)
✔ [9803/9838] Built OAI.Analysis.Laughlin.FiniteFlux.ComputeRow1717Batch21 (7.7s)
✔ [9804/9839] Built OAI.Analysis.Laughlin.FiniteFlux.ComputeRow1719Batch21 (8.1s)
✔ [9805/9840] Built OAI.Analysis.Laughlin.FiniteFlux.ComputeRow1721Batch21 (7.8s)
✔ [9806/9841] Built OAI.Analysis.Laughlin.FiniteFlux.ComputeRow1919Batch21 (7.5s)
✔ [9807/9842] Built OAI.Analysis.Laughlin.FiniteFlux.ComputeRow1921Batch21 (7.3s)
✔ [9808/9843] Built OAI.Analysis.Laughlin.FiniteFlux.ComputeRow2121Batch21 (7.3s)
✔ [9809/9844] Built OAI.Analysis.Laughlin.FiniteFlux.Data21 (7.7s)
✔ [9810/9845] Built OAI.Analysis.Laughlin.FiniteFlux.ComputeRow0101Batch22 (7.7s)
✔ [9811/9845] Built OAI.Analysis.Laughlin.FiniteFlux.ComputeRow0103Batch22 (7.6s)
✔ [9812/9845] Built OAI.Analysis.Laughlin.FiniteFlux.ComputeRow0105Batch22 (7.6s)
✔ [9813/9845] Built OAI.Analysis.Laughlin.FiniteFlux.ComputeRow0107Batch22 (7.6s)
✔ [9814/9845] Built OAI.Analysis.Laughlin.FiniteFlux.ComputeQuadruples22 (11s)
✔ [9815/9845] Built OAI.Analysis.Laughlin.FiniteFlux.ComputeRow0109Batch22 (7.3s)
✔ [9816/9845] Built OAI.Analysis.Laughlin.FiniteFlux.ComputeRow0111Batch22 (7.3s)
✔ [9817/9845] Built OAI.Analysis.Laughlin.FiniteFlux.ComputeRow0113Batch22 (6.0s)
✔ [9818/9845] Built OAI.Analysis.Laughlin.FiniteFlux.GramData21 (14s)
✔ [9819/9845] Built OAI.Analysis.Laughlin.FiniteFlux.ComputeLDL10Batch21 (14s)
✔ [9820/9845] Built OAI.Analysis.Laughlin.FiniteFlux.ComputeLDL09Batch21 (15s)
✔ [9821/9845] Built OAI.Analysis.Laughlin.FiniteFlux.ComputeLDL08Batch21 (15s)
✔ [9822/9845] Built OAI.Analysis.Laughlin.FiniteFlux.ComputeLDL07Batch21 (15s)
✔ [9823/9847] Built OAI.Analysis.Laughlin.FiniteFlux.ComputeLDL04Batch21 (15s)
✔ [9824/9847] Built OAI.Analysis.Laughlin.FiniteFlux.ComputeLDL06Batch21 (15s)
✔ [9825/9847] Built OAI.Analysis.Laughlin.FiniteFlux.ComputeLDL05Batch21 (15s)
✔ [9826/9847] Built OAI.Analysis.Laughlin.FiniteFlux.ComputeRow0115Batch22 (7.1s)
✔ [9827/9847] Built OAI.Analysis.Laughlin.FiniteFlux.ComputeGram212122 (6.9s)
✔ [9828/9847] Built OAI.Analysis.Laughlin.FiniteFlux.ComputeLDL03Batch21 (12s)
✔ [9829/9847] Built OAI.Analysis.Laughlin.FiniteFlux.ComputeRow0117Batch22 (7.4s)
✔ [9830/9847] Built OAI.Analysis.Laughlin.FiniteFlux.ComputeGram19Batch22 (7.9s)
✔ [9831/9847] Built OAI.Analysis.Laughlin.FiniteFlux.ComputeLDL02Batch21 (12s)
✔ [9832/9847] Built OAI.Analysis.Laughlin.FiniteFlux.ComputeLDL01Batch21 (12s)
✔ [9833/9847] Built OAI.Analysis.Laughlin.FiniteFlux.ComputeLDL00Batch21 (12s)
✔ [9834/9847] Built OAI.Analysis.Laughlin.FiniteFlux.ComputeGram17Batch22 (9.1s)
✔ [9835/9847] Built OAI.Analysis.Laughlin.FiniteFlux.ComputeGram15Batch22 (11s)
✔ [9836/9848] Built OAI.Analysis.Laughlin.FiniteFlux.ComputeGram13Batch22 (13s)
✔ [9837/9848] Built OAI.Analysis.Laughlin.FiniteFlux.ComputeGram11Batch22 (15s)
✔ [9838/9849] Built OAI.Analysis.Laughlin.FiniteFlux.ComputeRow0119Batch22 (5.4s)
✔ [9839/9850] Built OAI.Analysis.Laughlin.FiniteFlux.ComputeGram09Batch22 (17s)
✔ [9840/9851] Built OAI.Analysis.Laughlin.FiniteFlux.ComputeRow0121Batch22 (5.6s)
✔ [9841/9853] Built OAI.Analysis.Laughlin.FiniteFlux.ComputeGram07Batch22 (20s)
✔ [9842/9853] Built OAI.Analysis.Laughlin.FiniteFlux.ComputeRow0303Batch22 (6.1s)
✔ [9843/9854] Built OAI.Analysis.Laughlin.FiniteFlux.LDLData21 (7.1s)
✔ [9844/9855] Built OAI.Analysis.Laughlin.FiniteFlux.ComputeRow0305Batch22 (6.3s)
✔ [9845/9856] Built OAI.Analysis.Laughlin.FiniteFlux.ComputeGram05Batch22 (23s)
✔ [9846/9856] Built OAI.Analysis.Laughlin.FiniteFlux.ComputeRow0307Batch22 (6.2s)
✔ [9847/9857] Built OAI.Analysis.Laughlin.FiniteFlux.ComputeGram03Batch22 (25s)
✔ [9848/9859] Built OAI.Analysis.Laughlin.FiniteFlux.ComputeRow0309Batch22 (6.8s)
✔ [9849/9859] Built OAI.Analysis.Laughlin.FiniteFlux.ComputeRow0311Batch22 (6.8s)
✔ [9850/9860] Built OAI.Analysis.Laughlin.FiniteFlux.ComputeRow0313Batch22 (6.9s)
✔ [9851/9861] Built OAI.Analysis.Laughlin.FiniteFlux.ComputeRow0315Batch22 (7.1s)
✔ [9852/9862] Built OAI.Analysis.Laughlin.FiniteFlux.ComputeRow0317Batch22 (7.2s)
✔ [9853/9863] Built OAI.Analysis.Laughlin.FiniteFlux.Positive21 (8.9s)
✔ [9854/9864] Built OAI.Analysis.Laughlin.FiniteFlux.ComputeGram01Batch22 (26s)
✔ [9855/9865] Built OAI.Analysis.Laughlin.FiniteFlux.ComputeRow0319Batch22 (7.1s)
✔ [9856/9866] Built OAI.Analysis.Laughlin.FiniteFlux.ComputeRow0321Batch22 (7.2s)
✔ [9857/9867] Built OAI.Analysis.Laughlin.FiniteFlux.ComputeRow0505Batch22 (7.3s)
✔ [9858/9868] Built OAI.Analysis.Laughlin.FiniteFlux.ComputeRow0507Batch22 (7.5s)
✔ [9859/9870] Built OAI.Analysis.Laughlin.FiniteFlux.ComputeRow0509Batch22 (7.0s)
✔ [9860/9870] Built OAI.Analysis.Laughlin.FiniteFlux.ComputeRow0511Batch22 (6.0s)
✔ [9861/9871] Built OAI.Analysis.Laughlin.FiniteFlux.ComputeRow0513Batch22 (7.5s)
✔ [9862/9872] Built OAI.Analysis.Laughlin.FiniteFlux.ComputeRow0515Batch22 (7.7s)
✔ [9863/9873] Built OAI.Analysis.Laughlin.FiniteFlux.ComputeRow0517Batch22 (7.7s)
✔ [9864/9874] Built OAI.Analysis.Laughlin.FiniteFlux.ComputeRow0519Batch22 (8.3s)
✔ [9865/9874] Built OAI.Analysis.Laughlin.FiniteFlux.ComputeRow0521Batch22 (8.1s)
✔ [9866/9876] Built OAI.Analysis.Laughlin.FiniteFlux.ComputeRow0707Batch22 (7.8s)
✔ [9867/9878] Built OAI.Analysis.Laughlin.FiniteFlux.ComputeRow0709Batch22 (7.6s)
✔ [9868/9878] Built OAI.Analysis.Laughlin.FiniteFlux.ComputeRow0711Batch22 (7.5s)
✔ [9869/9879] Built OAI.Analysis.Laughlin.FiniteFlux.ComputeRow0713Batch22 (7.0s)
✔ [9870/9880] Built OAI.Analysis.Laughlin.FiniteFlux.ComputeRow0715Batch22 (7.4s)
✔ [9871/9881] Built OAI.Analysis.Laughlin.FiniteFlux.ComputeRow0717Batch22 (7.6s)
✔ [9872/9882] Built OAI.Analysis.Laughlin.FiniteFlux.ComputeRow0719Batch22 (7.8s)
✔ [9873/9883] Built OAI.Analysis.Laughlin.FiniteFlux.ComputeRow0721Batch22 (7.8s)
✔ [9874/9884] Built OAI.Analysis.Laughlin.FiniteFlux.ComputeRow0909Batch22 (7.8s)
✔ [9875/9886] Built OAI.Analysis.Laughlin.FiniteFlux.ComputeRow0911Batch22 (7.7s)
✔ [9876/9886] Built OAI.Analysis.Laughlin.FiniteFlux.ComputeRow0913Batch22 (7.6s)
✔ [9877/9887] Built OAI.Analysis.Laughlin.FiniteFlux.ComputeRow0915Batch22 (7.2s)
✔ [9878/9888] Built OAI.Analysis.Laughlin.FiniteFlux.ComputeRow0917Batch22 (7.1s)
✔ [9879/9889] Built OAI.Analysis.Laughlin.FiniteFlux.ComputeRow0919Batch22 (7.2s)
✔ [9880/9889] Built OAI.Analysis.Laughlin.FiniteFlux.ComputeRow0921Batch22 (7.6s)
✔ [9881/9889] Built OAI.Analysis.Laughlin.FiniteFlux.ComputeRow1111Batch22 (7.6s)
✔ [9882/9892] Built OAI.Analysis.Laughlin.FiniteFlux.ComputeRow1113Batch22 (7.8s)
✔ [9883/9894] Built OAI.Analysis.Laughlin.FiniteFlux.ComputeRow1115Batch22 (7.6s)
✔ [9884/9894] Built OAI.Analysis.Laughlin.FiniteFlux.ComputeRow1117Batch22 (7.6s)
✔ [9885/9895] Built OAI.Analysis.Laughlin.FiniteFlux.ComputeRow1119Batch22 (7.6s)
✔ [9886/9896] Built OAI.Analysis.Laughlin.FiniteFlux.ComputeRow1121Batch22 (7.2s)
✔ [9887/9897] Built OAI.Analysis.Laughlin.FiniteFlux.ComputeRow1313Batch22 (7.2s)
✔ [9888/9899] Built OAI.Analysis.Laughlin.FiniteFlux.ComputeRow1315Batch22 (7.7s)
✔ [9889/9899] Built OAI.Analysis.Laughlin.FiniteFlux.ComputeRow1317Batch22 (7.7s)
✔ [9890/9900] Built OAI.Analysis.Laughlin.FiniteFlux.ComputeRow1319Batch22 (7.8s)
✔ [9891/9902] Built OAI.Analysis.Laughlin.FiniteFlux.ComputeRow1321Batch22 (7.8s)
✔ [9892/9902] Built OAI.Analysis.Laughlin.FiniteFlux.ComputeRow1515Batch22 (7.8s)
✔ [9893/9904] Built OAI.Analysis.Laughlin.FiniteFlux.ComputeRow1517Batch22 (7.5s)
✔ [9894/9904] Built OAI.Analysis.Laughlin.FiniteFlux.ComputeRow1519Batch22 (7.4s)
✔ [9895/9920] Built OAI.Analysis.Laughlin.FiniteFlux.ComputeRow1521Batch22 (7.2s)
✔ [9896/9933] Built OAI.Analysis.Laughlin.FiniteFlux.ComputeRow1717Batch22 (7.2s)
✔ [9897/9933] Built OAI.Analysis.Laughlin.FiniteFlux.ComputeRow1719Batch22 (7.2s)
✔ [9898/9934] Built OAI.Analysis.Laughlin.FiniteFlux.ComputeRow1721Batch22 (7.5s)
✔ [9899/9936] Built OAI.Analysis.Laughlin.FiniteFlux.ComputeRow1919Batch22 (7.9s)
✔ [9900/9936] Built OAI.Analysis.Laughlin.FiniteFlux.ComputeRow1921Batch22 (7.8s)
✔ [9901/9937] Built OAI.Analysis.Laughlin.FiniteFlux.ComputeRow2121Batch22 (7.9s)
✔ [9902/9938] Built OAI.Analysis.Laughlin.FiniteFlux.Data22 (7.6s)
✔ [9903/9939] Built OAI.Analysis.Laughlin.FiniteFlux.ComputeRow0101Batch23 (7.2s)
✔ [9904/9939] Built OAI.Analysis.Laughlin.FiniteFlux.ComputeRow0103Batch23 (7.4s)
✔ [9905/9939] Built OAI.Analysis.Laughlin.FiniteFlux.ComputeRow0105Batch23 (7.2s)
✔ [9906/9939] Built OAI.Analysis.Laughlin.FiniteFlux.ComputeQuadruples23 (11s)
✔ [9907/9939] Built OAI.Analysis.Laughlin.FiniteFlux.ComputeRow0107Batch23 (7.6s)
✔ [9908/9939] Built OAI.Analysis.Laughlin.FiniteFlux.ComputeRow0109Batch23 (7.6s)
✔ [9909/9939] Built OAI.Analysis.Laughlin.FiniteFlux.ComputeRow0111Batch23 (7.4s)
✔ [9910/9939] Built OAI.Analysis.Laughlin.FiniteFlux.ComputeRow0113Batch23 (7.2s)
✔ [9911/9939] Built OAI.Analysis.Laughlin.FiniteFlux.ComputeLDL10Batch22 (11s)
✔ [9912/9939] Built OAI.Analysis.Laughlin.FiniteFlux.ComputeLDL09Batch22 (12s)
✔ [9913/9939] Built OAI.Analysis.Laughlin.FiniteFlux.GramData22 (14s)
✔ [9914/9939] Built OAI.Analysis.Laughlin.FiniteFlux.ComputeLDL08Batch22 (12s)
✔ [9915/9940] Built OAI.Analysis.Laughlin.FiniteFlux.ComputeLDL06Batch22 (13s)
✔ [9916/9940] Built OAI.Analysis.Laughlin.FiniteFlux.ComputeLDL07Batch22 (13s)
✔ [9917/9940] Built OAI.Analysis.Laughlin.FiniteFlux.ComputeLDL05Batch22 (13s)
✔ [9918/9940] Built OAI.Analysis.Laughlin.FiniteFlux.ComputeLDL04Batch22 (13s)
✔ [9919/9940] Built OAI.Analysis.Laughlin.FiniteFlux.ComputeLDL03Batch22 (10s)
✔ [9920/9940] Built OAI.Analysis.Laughlin.FiniteFlux.ComputeLDL02Batch22 (10s)
✔ [9921/9940] Built OAI.Analysis.Laughlin.FiniteFlux.ComputeGram232323 (7.4s)
✔ [9922/9940] Built OAI.Analysis.Laughlin.FiniteFlux.ComputeRow0117Batch23 (7.6s)
✔ [9923/9940] Built OAI.Analysis.Laughlin.FiniteFlux.ComputeLDL01Batch22 (10s)
✔ [9924/9940] Built OAI.Analysis.Laughlin.FiniteFlux.ComputeRow0115Batch23 (7.8s)
✔ [9925/9940] Built OAI.Analysis.Laughlin.FiniteFlux.ComputeGram21Batch23 (8.2s)
✔ [9926/9940] Built OAI.Analysis.Laughlin.FiniteFlux.ComputeLDL00Batch22 (11s)
✔ [9927/9940] Built OAI.Analysis.Laughlin.FiniteFlux.ComputeGram19Batch23 (7.8s)
✔ [9928/9940] Built OAI.Analysis.Laughlin.FiniteFlux.ComputeGram17Batch23 (11s)
✔ [9929/9941] Built OAI.Analysis.Laughlin.FiniteFlux.ComputeGram15Batch23 (13s)
✔ [9930/9941] Built OAI.Analysis.Laughlin.FiniteFlux.ComputeGram13Batch23 (15s)
✔ [9931/9942] Built OAI.Analysis.Laughlin.FiniteFlux.ComputeGram11Batch23 (18s)
✔ [9932/9943] Built OAI.Analysis.Laughlin.FiniteFlux.ComputeRow0119Batch23 (5.3s)
✔ [9933/9944] Built OAI.Analysis.Laughlin.FiniteFlux.ComputeGram09Batch23 (21s)
✔ [9934/9945] Built OAI.Analysis.Laughlin.FiniteFlux.LDLData22 (6.3s)
✔ [9935/9946] Built OAI.Analysis.Laughlin.FiniteFlux.ComputeRow0121Batch23 (6.2s)
✔ [9936/9946] Built OAI.Analysis.Laughlin.FiniteFlux.ComputeRow0123Batch23 (6.1s)
✔ [9937/9947] Built OAI.Analysis.Laughlin.FiniteFlux.ComputeGram07Batch23 (24s)
✔ [9938/9948] Built OAI.Analysis.Laughlin.FiniteFlux.ComputeRow0303Batch23 (6.2s)
✔ [9939/9949] Built OAI.Analysis.Laughlin.FiniteFlux.ComputeRow0305Batch23 (5.0s)
✔ [9940/9950] Built OAI.Analysis.Laughlin.FiniteFlux.ComputeGram05Batch23 (28s)
✔ [9941/9951] Built OAI.Analysis.Laughlin.FiniteFlux.ComputeRow0307Batch23 (6.5s)
✔ [9942/9952] Built OAI.Analysis.Laughlin.FiniteFlux.ComputeRow0309Batch23 (6.6s)
✔ [9943/9953] Built OAI.Analysis.Laughlin.FiniteFlux.Positive22 (8.3s)
✔ [9944/9955] Built OAI.Analysis.Laughlin.FiniteFlux.ComputeGram03Batch23 (29s)
✔ [9945/9955] Built OAI.Analysis.Laughlin.FiniteFlux.ComputeRow0311Batch23 (6.8s)
✔ [9946/9956] Built OAI.Analysis.Laughlin.FiniteFlux.ComputeRow0313Batch23 (6.7s)
✔ [9947/9957] Built OAI.Analysis.Laughlin.FiniteFlux.ComputeRow0315Batch23 (6.4s)
✔ [9948/9958] Built OAI.Analysis.Laughlin.FiniteFlux.ComputeRow0317Batch23 (6.6s)
✔ [9949/9959] Built OAI.Analysis.Laughlin.FiniteFlux.ComputeRow0319Batch23 (6.9s)
✔ [9950/9960] Built OAI.Analysis.Laughlin.FiniteFlux.ComputeRow0321Batch23 (7.2s)
✔ [9951/9962] Built OAI.Analysis.Laughlin.FiniteFlux.ComputeRow0323Batch23 (7.6s)
✔ [9952/9962] Built OAI.Analysis.Laughlin.FiniteFlux.ComputeRow0505Batch23 (7.6s)
✔ [9953/9963] Built OAI.Analysis.Laughlin.FiniteFlux.ComputeRow0507Batch23 (7.6s)
✔ [9954/9964] Built OAI.Analysis.Laughlin.FiniteFlux.ComputeRow0509Batch23 (7.4s)
✔ [9955/9965] Built OAI.Analysis.Laughlin.FiniteFlux.ComputeGram01Batch23 (32s)
✔ [9956/9966] Built OAI.Analysis.Laughlin.FiniteFlux.ComputeRow0511Batch23 (7.1s)
✔ [9957/9967] Built OAI.Analysis.Laughlin.FiniteFlux.ComputeRow0513Batch23 (6.8s)
✔ [9958/9968] Built OAI.Analysis.Laughlin.FiniteFlux.ComputeRow0515Batch23 (6.9s)
✔ [9959/9970] Built OAI.Analysis.Laughlin.FiniteFlux.ComputeRow0517Batch23 (7.9s)
✔ [9960/9970] Built OAI.Analysis.Laughlin.FiniteFlux.ComputeRow0519Batch23 (7.8s)
✔ [9961/9971] Built OAI.Analysis.Laughlin.FiniteFlux.ComputeRow0521Batch23 (7.9s)
✔ [9962/9972] Built OAI.Analysis.Laughlin.FiniteFlux.ComputeRow0523Batch23 (7.9s)
✔ [9963/9973] Built OAI.Analysis.Laughlin.FiniteFlux.ComputeRow0707Batch23 (8.1s)
✔ [9964/9974] Built OAI.Analysis.Laughlin.FiniteFlux.ComputeRow0709Batch23 (7.9s)
✔ [9965/9975] Built OAI.Analysis.Laughlin.FiniteFlux.ComputeRow0711Batch23 (7.4s)
✔ [9966/9976] Built OAI.Analysis.Laughlin.FiniteFlux.ComputeRow0713Batch23 (6.8s)
✔ [9967/9979] Built OAI.Analysis.Laughlin.FiniteFlux.ComputeRow0715Batch23 (7.6s)
✔ [9968/9979] Built OAI.Analysis.Laughlin.FiniteFlux.ComputeRow0717Batch23 (7.6s)
✔ [9969/9979] Built OAI.Analysis.Laughlin.FiniteFlux.ComputeRow0719Batch23 (7.3s)
✔ [9970/9980] Built OAI.Analysis.Laughlin.FiniteFlux.ComputeRow0721Batch23 (7.8s)
✔ [9971/9981] Built OAI.Analysis.Laughlin.FiniteFlux.ComputeRow0723Batch23 (8.2s)
✔ [9972/9982] Built OAI.Analysis.Laughlin.FiniteFlux.ComputeRow0909Batch23 (7.8s)
✔ [9973/9983] Built OAI.Analysis.Laughlin.FiniteFlux.ComputeRow0911Batch23 (7.8s)
✔ [9974/9984] Built OAI.Analysis.Laughlin.FiniteFlux.ComputeRow0913Batch23 (7.5s)
✔ [9975/9987] Built OAI.Analysis.Laughlin.FiniteFlux.ComputeRow0915Batch23 (7.4s)
✔ [9976/9987] Built OAI.Analysis.Laughlin.FiniteFlux.ComputeRow0917Batch23 (7.4s)
✔ [9977/9987] Built OAI.Analysis.Laughlin.FiniteFlux.ComputeRow0919Batch23 (7.4s)
✔ [9978/9988] Built OAI.Analysis.Laughlin.FiniteFlux.ComputeRow0921Batch23 (7.9s)
✔ [9979/9989] Built OAI.Analysis.Laughlin.FiniteFlux.ComputeRow0923Batch23 (7.8s)
✔ [9980/9990] Built OAI.Analysis.Laughlin.FiniteFlux.ComputeRow1111Batch23 (7.9s)
✔ [9981/9991] Built OAI.Analysis.Laughlin.FiniteFlux.ComputeRow1113Batch23 (7.5s)
✔ [9982/9992] Built OAI.Analysis.Laughlin.FiniteFlux.ComputeRow1115Batch23 (7.6s)
✔ [9983/9994] Built OAI.Analysis.Laughlin.FiniteFlux.ComputeRow1117Batch23 (7.3s)
✔ [9984/9994] Built OAI.Analysis.Laughlin.FiniteFlux.ComputeRow1119Batch23 (7.3s)
✔ [9985/9994] Built OAI.Analysis.Laughlin.FiniteFlux.ComputeRow1121Batch23 (7.2s)
✔ [9986/9996] Built OAI.Analysis.Laughlin.FiniteFlux.ComputeRow1123Batch23 (7.7s)
✔ [9987/9997] Built OAI.Analysis.Laughlin.FiniteFlux.ComputeRow1313Batch23 (7.9s)
✔ [9988/9998] Built OAI.Analysis.Laughlin.FiniteFlux.ComputeRow1315Batch23 (7.6s)
✔ [9989/9999] Built OAI.Analysis.Laughlin.FiniteFlux.ComputeRow1317Batch23 (7.8s)
✔ [9990/10000] Built OAI.Analysis.Laughlin.FiniteFlux.ComputeRow1319Batch23 (7.7s)
✔ [9991/10003] Built OAI.Analysis.Laughlin.FiniteFlux.ComputeRow1321Batch23 (7.4s)
✔ [9992/10003] Built OAI.Analysis.Laughlin.FiniteFlux.ComputeRow1323Batch23 (7.3s)
✔ [9993/10003] Built OAI.Analysis.Laughlin.FiniteFlux.ComputeRow1515Batch23 (7.3s)
✔ [9994/10004] Built OAI.Analysis.Laughlin.FiniteFlux.ComputeRow1517Batch23 (7.4s)
✔ [9995/10005] Built OAI.Analysis.Laughlin.FiniteFlux.ComputeRow1519Batch23 (7.4s)
✔ [9996/10006] Built OAI.Analysis.Laughlin.FiniteFlux.ComputeRow1521Batch23 (7.7s)
✔ [9997/10007] Built OAI.Analysis.Laughlin.FiniteFlux.ComputeRow1523Batch23 (7.6s)
✔ [9998/10008] Built OAI.Analysis.Laughlin.FiniteFlux.ComputeRow1717Batch23 (7.8s)
✔ [9999/10032] Built OAI.Analysis.Laughlin.FiniteFlux.ComputeRow1719Batch23 (7.5s)
✔ [10000/10032] Built OAI.Analysis.Laughlin.FiniteFlux.ComputeRow1721Batch23 (7.5s)
✔ [10001/10032] Built OAI.Analysis.Laughlin.FiniteFlux.ComputeRow1723Batch23 (7.4s)
✔ [10002/10032] Built OAI.Analysis.Laughlin.FiniteFlux.ComputeRow1919Batch23 (7.4s)
✔ [10003/10032] Built OAI.Analysis.Laughlin.FiniteFlux.ComputeRow1921Batch23 (7.1s)
✔ [10004/10035] Built OAI.Analysis.Laughlin.FiniteFlux.ComputeRow1923Batch23 (7.6s)
✔ [10005/10048] Built OAI.Analysis.Laughlin.FiniteFlux.ComputeRow2121Batch23 (7.7s)
✔ [10008/10054] Built OAI.Analysis.Laughlin.FiniteFlux.ComputeRow2123Batch23 (7.7s)
✔ [10009/10058] Built OAI.Analysis.Laughlin.FiniteFlux.ComputeRow2323Batch23 (7.5s)
✔ [10010/10061] Built OAI.Analysis.Laughlin.FiniteFlux.Data23 (7.8s)
✔ [10011/10065] Built OAI.Analysis.Laughlin.Operators.ComplexCompression (10s)
✔ [10012/10065] Built OAI.Analysis.Laughlin.Operators.RealComplexMatrixPositive (9.0s)
✔ [10013/10065] Built OAI.Analysis.Laughlin.Asymptotics.Perturbation (9.3s)
✔ [10014/10065] Built OAI.Analysis.Laughlin.Spin.RectangularAverage (10s)
✔ [10015/10065] Built OAI.Analysis.Laughlin.FiniteFlux.GramData23 (15s)
✔ [10016/10065] Built OAI.Analysis.Laughlin.FiniteFlux.ComputeLDL11Batch23 (14s)
✔ [10017/10065] Built OAI.Analysis.Laughlin.Asymptotics.LocalMetricLimit (22s)
✔ [10018/10065] Built OAI.Analysis.Laughlin.Spin.Orthogonal (21s)
✔ [10019/10065] Built OAI.Analysis.Laughlin.FiniteFlux.ComputeLDL10Batch23 (14s)
✔ [10020/10065] Built OAI.Analysis.Laughlin.FiniteFlux.ComputeLDL09Batch23 (14s)
✔ [10021/10065] Built OAI.Analysis.Laughlin.FiniteFlux.ComputeLDL08Batch23 (13s)
✔ [10022/10065] Built OAI.Analysis.Laughlin.Spin.Endpoint (21s)
✔ [10023/10065] Built OAI.Analysis.Laughlin.FiniteFlux.ComputeLDL07Batch23 (11s)
✔ [10024/10066] Built OAI.Analysis.Laughlin.FiniteFlux.ComputeLDL06Batch23 (11s)
✔ [10025/10066] Built OAI.Analysis.Laughlin.FiniteFlux.ComputeLDL04Batch23 (12s)
✔ [10026/10066] Built OAI.Analysis.Laughlin.FiniteFlux.ComputeLDL05Batch23 (13s)
✔ [10027/10066] Built OAI.Analysis.Laughlin.FiniteFlux.ComputeLDL03Batch23 (12s)
✔ [10028/10069] Built OAI.Analysis.Laughlin.FiniteFlux.ComputeLDL02Batch23 (13s)
✔ [10029/10074] Built OAI.Analysis.Laughlin.FiniteFlux.ComputeLDL01Batch23 (12s)
✔ [10030/10074] Built OAI.Analysis.Laughlin.FiniteFlux.ComputeLDL00Batch23 (12s)
✔ [10031/10075] Built OAI.Analysis.Laughlin.Spin.Sandwich (8.5s)
✔ [10032/10081] Built OAI.Analysis.Laughlin.Operators.MatrixPhysicalCompression (12s)
✔ [10033/10081] Built OAI.Analysis.Laughlin.FiniteFlux.LDLData23 (9.6s)
✔ [10034/10081] Built OAI.Analysis.Laughlin.Spin.CopySchur (11s)
✔ [10035/10081] Built OAI.Analysis.Laughlin.Spin.EmbeddedSpinHaar (10s)
✔ [10036/10081] Built OAI.Analysis.Laughlin.Asymptotics.TruncatedScaling (20s)
✔ [10037/10081] Built OAI.Analysis.Laughlin.Spin.Basis (20s)
✔ [10038/10081] Built OAI.Analysis.Laughlin.FiniteFlux.Positive23 (9.5s)
✔ [10039/10081] Built OAI.Analysis.Laughlin.Spin.Intertwining (21s)
✔ [10040/10081] Built OAI.Analysis.Laughlin.FourBody.CoefficientNorm (21s)
✔ [10041/10081] Built OAI.Analysis.Laughlin.Spin.HaarOrthogonality (9.8s)
✔ [10042/10081] Built OAI.Analysis.Laughlin.Operators.WeightedOccupationNorm (21s)
✔ [10043/10081] Built OAI.Analysis.Laughlin.FourBody.All (10s)
✔ [10044/10081] Built OAI.Analysis.Laughlin.Fock.Perturbation (20s)
✔ [10045/10081] Built OAI.Analysis.Laughlin.Fock.RankOneHaar (21s)
✔ [10046/10081] Built OAI.Analysis.Laughlin.Operators.TruncatedConjugation (21s)
✔ [10047/10081] Built OAI.Analysis.Laughlin.Pair.CoupledBasis (22s)
✔ [10048/10081] Built OAI.Analysis.Laughlin.Spin.Basis2 (20s)
✔ [10049/10081] Built OAI.Analysis.Laughlin.FourBody.TensorIntertwining (20s)
✔ [10050/10089] Built OAI.Analysis.Laughlin.FourBody.ScaledAll (9.1s)
✔ [10051/10089] Built OAI.Analysis.Laughlin.Operators.LocalFourCardinality (39s)
✔ [10052/10089] Built OAI.Analysis.Laughlin.FourBody.LocalNormalization (18s)
✔ [10053/10094] Built OAI.Analysis.Laughlin.FourBody.WeightSlice (19s)
✔ [10054/10095] Built OAI.Analysis.Laughlin.Asymptotics.TruncatedMetricPerturbation (19s)
✔ [10055/10095] Built OAI.Analysis.Laughlin.Operators.TruncatedPairReturn (19s)
✔ [10056/10103] Built OAI.Analysis.Laughlin.Operators.TruncatedFourCopy (19s)
✔ [10057/10103] Built OAI.Analysis.Laughlin.Operators.WedgePairRotation (20s)
✔ [10058/10103] Built OAI.Analysis.Laughlin.ThreeBody.SpinProjectors (19s)
✔ [10059/10103] Built OAI.Analysis.Laughlin.FourBody.CopyOrthogonality (20s)
✔ [10060/10103] Built OAI.Analysis.Laughlin.FourBody.PhysicalCertificate (19s)
✔ [10061/10103] Built OAI.Analysis.Laughlin.FourBody.PhysicalAllowance (18s)
✔ [10062/10107] Built OAI.Analysis.Laughlin.Operators.CopyQuadraticMatrix (18s)
✔ [10063/10107] Built OAI.Analysis.Laughlin.Operators.MatrixMetricError (19s)
✔ [10064/10107] Built OAI.Analysis.Laughlin.Operators.GenericPhysicalResolution (19s)
✔ [10065/10107] Built OAI.Analysis.Laughlin.ThreeBody.RankTrace (19s)
✔ [10066/10109] Built OAI.Analysis.Laughlin.Pair.CoupledOne (20s)
✔ [10067/10113] Built OAI.Analysis.Laughlin.FourBody.CoupledBasis (19s)
✔ [10068/10113] Built OAI.Analysis.Laughlin.Operators.WedgePairRepresentation (20s)
✔ [10069/10125] Built OAI.Analysis.Laughlin.FourBody.WedgeCompression (18s)
✔ [10070/10125] Built OAI.Analysis.Laughlin.FourBody.HaarAllowance (20s)
✔ [10071/10125] Built OAI.Analysis.Laughlin.Pair.NormalOrder (21s)
✔ [10072/10130] Built OAI.Analysis.Laughlin.ThreeBody.IntegerPolynomial (7.3s)
✔ [10073/10132] Built OAI.Analysis.Laughlin.ThreeBody.PhysicalKernel (19s)
✔ [10074/10132] Built OAI.Analysis.Laughlin.ThreeBody.TraceLimit (19s)
✔ [10075/10132] Built OAI.Analysis.Laughlin.ThreeBody.GroupIntertwining (19s)
✔ [10076/10132] Built OAI.Analysis.Laughlin.FourBody.SignedCoordinates (22s)
✔ [10077/10132] Built OAI.Analysis.Laughlin.FourBody.GroupIntertwining (21s)
✔ [10078/10132] Built OAI.Analysis.Laughlin.ThreeBody.PolynomialCoefficient (9.5s)
✔ [10079/10132] Built OAI.Analysis.Laughlin.FourBody.MiddleLimit (19s)
✔ [10080/10132] Built OAI.Analysis.Laughlin.FourBody.LimitPositive (20s)
✔ [10081/10132] Built OAI.Analysis.Laughlin.FourBody.TotalAllowance (19s)
✔ [10082/10135] Built OAI.Analysis.Laughlin.Spin.TwoBodyCertificateHaar (20s)
✔ [10083/10135] Built OAI.Analysis.Laughlin.ThreeBody.PhysicalMatrix (18s)
✔ [10084/10135] Built OAI.Analysis.Laughlin.ThreeBody.HaarBlocks (19s)
✔ [10085/10136] Built OAI.Analysis.Laughlin.Operators.PairNormalOrder (24s)
✔ [10086/10146] Built OAI.Analysis.Laughlin.FourBody.PhysicalMatrix (18s)
✔ [10087/10146] Built OAI.Analysis.Laughlin.ThreeBody.NullFormula (9.3s)
✔ [10088/10146] Built OAI.Analysis.Laughlin.FourBody.RetainedInclusions (19s)
✔ [10089/10146] Built OAI.Analysis.Laughlin.Asymptotics.FiniteReindex (7.8s)
✔ [10090/10146] Built OAI.Analysis.Laughlin.FourBody.TransferCoefficients (20s)
✔ [10091/10146] Built OAI.Analysis.Laughlin.ThreeBody.Radical (20s)
✔ [10092/10146] Built OAI.Analysis.Laughlin.Operators.SpectralKernelDistance (10s)
✔ [10093/10146] Built OAI.Analysis.Laughlin.FourBody.FockCovariance (25s)
✔ [10094/10147] Built OAI.Analysis.Laughlin.ThreeBody.TraceReadout (19s)
✔ [10095/10147] Built OAI.Analysis.Laughlin.ThreeBody.NullSectors (18s)
✔ [10096/10152] Built OAI.Analysis.Laughlin.FourBody.TraceReadout (20s)
✔ [10097/10152] Built OAI.Analysis.Laughlin.FourBody.TargetResolution (20s)
✔ [10098/10154] Built OAI.Analysis.Laughlin.FourBody.RetainedIndex (20s)
✔ [10099/10157] Built OAI.Analysis.Laughlin.FourBody.MultiplicityHaar (21s)
✔ [10100/10157] Built OAI.Analysis.Laughlin.Pair.DiagonalCube (8.4s)
✔ [10101/10157] Built OAI.Analysis.Laughlin.ThreeBody.TraceCertificate (20s)
✔ [10102/10157] Built OAI.Analysis.Laughlin.FourBody.UniformTransfer (20s)
✔ [10103/10157] Built OAI.Analysis.Laughlin.ThreeBody.LevelTrace (19s)
✔ [10104/10165] Built OAI.Analysis.Laughlin.Polynomial.Polynomial (19s)
✔ [10105/10168] Built OAI.Analysis.Laughlin.Pair.Moment (19s)
✔ [10107/10181] Built OAI.Analysis.Laughlin.FourBody.RetainedSum (20s)
✔ [10115/10181] Built OAI.Analysis.Laughlin.Operators.Energy (22s)
✔ [10116/10181] Built OAI.Analysis.Laughlin.FourBody.HighestFock (21s)
✔ [10117/10181] Built OAI.Analysis.Laughlin.ThreeBody.PhysicalTrace (18s)
✔ [10118/10181] Built OAI.Analysis.Laughlin.FourBody.HaarTransfer (21s)
✔ [10119/10181] Built OAI.Analysis.Laughlin.FourBody.PhysicalTrace (22s)
✔ [10120/10181] Built OAI.Analysis.Laughlin.Pair.MomentKernel (18s)
✔ [10121/10181] Built OAI.Analysis.Laughlin.Polynomial.BracketIrreducible (19s)
✔ [10122/10181] Built OAI.Analysis.Laughlin.Tensor.KernelReadout (19s)
✔ [10123/10181] Built OAI.Analysis.Laughlin.ThreeBody.HaarNormalization (21s)
✔ [10124/10181] Built OAI.Analysis.Laughlin.ThreeBody.SourceExpansion (20s)
✔ [10125/10181] Built OAI.Analysis.Laughlin.ThreeBody.TraceComparison (21s)
✔ [10126/10181] Built OAI.Analysis.Laughlin.FourBody.TotalTransfer (21s)
✔ [10127/10181] Built OAI.Analysis.Laughlin.FourBody.CopyOperatorHaar (22s)
✔ [10128/10181] Built OAI.Analysis.Laughlin.FourBody.Support (18s)
✔ [10129/10181] Built OAI.Analysis.Laughlin.FourBody.NormalForm (19s)
✔ [10130/10181] Built OAI.Analysis.Laughlin.Pair.AffinePolynomial (17s)
✔ [10131/10181] Built OAI.Analysis.Laughlin.ThreeBody.FockHaar (16s)
✔ [10132/10181] Built OAI.Analysis.Laughlin.Polynomial.BracketCoprime (16s)
✔ [10133/10181] Built OAI.Analysis.Laughlin.FourBody.CopyAlgebra (17s)
✔ [10134/10181] Built OAI.Analysis.Laughlin.FourBody.Hermitian (17s)
✔ [10135/10181] Built OAI.Analysis.Laughlin.FourBody.RetainedReconstruction (17s)
✔ [10136/10181] Built OAI.Analysis.Laughlin.Pair.Homogenize (17s)
✔ [10137/10181] Built OAI.Analysis.Laughlin.Pair.AffineKernel (18s)
✔ [10138/10181] Built OAI.Analysis.Laughlin.Polynomial.BracketProductDivisibility (19s)
✔ [10139/10181] Built OAI.Analysis.Laughlin.ThreeBody.HighestFock (19s)
✔ [10140/10181] Built OAI.Analysis.Laughlin.Fock.NormalSquare (21s)
✔ [10141/10181] Built OAI.Analysis.Laughlin.ThreeBody.FockNull (19s)
✔ [10142/10181] Built OAI.Analysis.Laughlin.FourBody.MiddleForm (20s)
✔ [10143/10181] Built OAI.Analysis.Laughlin.Pair.HomogeneousCube (18s)
✔ [10144/10181] Built OAI.Analysis.Laughlin.FourBody.GlobalHaar (20s)
✔ [10145/10181] Built OAI.Analysis.Laughlin.Operators.PhysicalPairKernel (17s)
✔ [10146/10181] Built OAI.Analysis.Laughlin.Polynomial.LaughlinDegree (17s)
✔ [10147/10181] Built OAI.Analysis.Laughlin.ThreeBody.ProjectorBound (17s)
✔ [10148/10181] Built OAI.Analysis.Laughlin.Operators.RowNormalSquare (17s)
✔ [10149/10181] Built OAI.Analysis.Laughlin.FourBody.GlobalFock (15s)
✔ [10150/10181] Built OAI.Analysis.Laughlin.Pair.SpinorCube (17s)
✔ [10151/10181] Built OAI.Analysis.Laughlin.Spin.Polynomial2 (15s)
✔ [10152/10181] Built OAI.Analysis.Laughlin.ThreeBody.FockTail (15s)
✔ [10153/10181] Built OAI.Analysis.Laughlin.FourBody.Levels (14s)
✔ [10154/10181] Built OAI.Analysis.Laughlin.FourBody.CopyFormAllowance (47s)
✔ [10155/10181] Built OAI.Analysis.Laughlin.Pair.Spectators (14s)
✔ [10156/10181] Built OAI.Analysis.Laughlin.Spin.PolynomialDegree (14s)
✔ [10157/10181] Built OAI.Analysis.Laughlin.FourBody.Square (14s)
✔ [10158/10181] Built OAI.Analysis.Laughlin.ThreeBody.FockComparison (15s)
✔ [10159/10181] Built OAI.Analysis.Laughlin.FourBody.RetainedComparison (15s)
✔ [10160/10181] Built OAI.Analysis.Laughlin.Spin.Multidegree (14s)
✔ [10161/10181] Built OAI.Analysis.Laughlin.FourBody.Assembly (15s)
✔ [10162/10181] Built OAI.Analysis.Laughlin.ThreeBody.FockBudget (14s)
✔ [10163/10181] Built OAI.Analysis.Laughlin.FourBody.TargetBound (14s)
✔ [10164/10181] Built OAI.Analysis.Laughlin.Spin.OrbitalExpansion (20s)
✔ [10165/10181] Built OAI.Analysis.Laughlin.Polynomial.LaughlinMultidegree (13s)
✔ [10166/10181] Built OAI.Analysis.Laughlin.FourBody.PairTarget (14s)
✔ [10167/10181] Built OAI.Analysis.Laughlin.FourBody.Expansion (15s)
✔ [10168/10181] Built OAI.Analysis.Laughlin.Spin.PairDecomposition (14s)
✔ [10169/10181] Built OAI.Analysis.Laughlin.Pair.AffineChart (15s)
✔ [10170/10181] Built OAI.Analysis.Laughlin.Polynomial.LaughlinAntisymmetry (12s)
✔ [10171/10181] Built OAI.Analysis.Laughlin.FourBody.Estimate (12s)
✔ [10172/10181] Built OAI.Analysis.Laughlin.FourBody.Ungroup (14s)
✔ [10173/10181] Built OAI.Analysis.Laughlin.Operators.GlobalPairCube (11s)
✔ [10174/10181] Built OAI.Analysis.Laughlin.Polynomial.PhysicalLaughlinKernel (10s)
✔ [10175/10181] Built OAI.Analysis.Laughlin.Operators.NormalCertificate (10s)
✔ [10176/10181] Built OAI.Analysis.Laughlin.FourBody.Formula (10s)
✔ [10177/10181] Built OAI.Analysis.Laughlin.Operators.SevenSquareAverage (7.5s)
✔ [10178/10181] Built OAI.Analysis.Laughlin.Operators.PhysicalFockGap (6.1s)
✔ [10179/10181] Built OAI.Analysis.Laughlin.Fock.EigenvalueGap (6.1s)
✔ [10180/10181] Built OAI.Analysis.Laughlin.Fock.SpectralDistance (5.0s)
✔ [10181/10181] Built OAI.Analysis.Laughlin.Main (5.4s)
Build completed successfully (10181 jobs).
== build rc=0 seconds=2135
{"theorems": ["OAI.Laughlin.mainTarget_proved"], "defs": ["OAI.Laughlin.Configuration", "OAI.Laughlin.State", "OAI.Laughlin.Antisymmetric", "OAI.Laughlin.pairCoefficient", "OAI.Laughlin.pairAmplitude", "OAI.Laughlin.energy", "OAI.Laughlin.SpinorVariables", "OAI.Laughlin.bracket", "OAI.Laughlin.laughlinPolynomial", "OAI.Laughlin.monomialExponent", "OAI.Laughlin.laughlinVector", "OAI.Laughlin.distanceToLaughlinSq", "OAI.Laughlin.MainTarget"], "json_theorems": ["OAI.Laughlin.mainTarget_proved"], "missing_from_parse": []}
TYPES/DEFS DIFFER Laughlin
1,5d0
< /Users/shannon/cc/math/math/lean/Scratch/Challenge_Laughlin.lean:61:8:
< warning:
< declaration
< uses
< `sorry`
AXIOMS: 'OAI.Laughlin.mainTarget_proved' depends on axioms: [propext, Classical.choice, Quot.sound] 
== end=2026-10-09T09:04:26Z
