== LiebThirring  module=OAI.Analysis.LiebThirring.Main  start=2026-10-09T02:55:16Z
warning: PrimeNumberTheoremAnd: repository '/Users/shannon/cc/math/math/lean/.lake/packages/PrimeNumberTheoremAnd' has local changes
warning: belyi: repository '/Users/shannon/cc/math/math/lean/.lake/packages/belyi' has local changes
warning: formal-schemes: repository '/Users/shannon/cc/math/math/lean/.lake/packages/formal-schemes' has local changes
warning: elliptic-curves: repository '/Users/shannon/cc/math/math/lean/.lake/packages/elliptic-curves' has local changes
warning: tempered-fundamental-groups: repository '/Users/shannon/cc/math/math/lean/.lake/packages/tempered-fundamental-groups' has local changes
warning: oka: repository '/Users/shannon/cc/math/math/lean/.lake/packages/oka' has local changes
warning: orbicurve-cores: repository '/Users/shannon/cc/math/math/lean/.lake/packages/orbicurve-cores' has local changes
warning: pi1: repository '/Users/shannon/cc/math/math/lean/.lake/packages/pi1' has local changes
warning: heights: repository '/Users/shannon/cc/math/math/lean/.lake/packages/heights' has local changes
warning: genl: repository '/Users/shannon/cc/math/math/lean/.lake/packages/genl' has local changes
warning: tate-curves-theta: repository '/Users/shannon/cc/math/math/lean/.lake/packages/tate-curves-theta' has local changes
warning: iut: repository '/Users/shannon/cc/math/math/lean/.lake/packages/iut' has local changes
warning: gromov: repository '/Users/shannon/cc/math/math/lean/.lake/packages/gromov' has local changes
warning: SphereEversion: repository '/Users/shannon/cc/math/math/lean/.lake/packages/SphereEversion' has local changes
warning: schoenflies-lean: repository '/Users/shannon/cc/math/math/lean/.lake/packages/schoenflies-lean' has local changes
warning: ClassFieldTheory: repository '/Users/shannon/cc/math/math/lean/.lake/packages/ClassFieldTheory' has local changes
warning: AINTLIB: repository '/Users/shannon/cc/math/math/lean/.lake/packages/AINTLIB' has local changes
warning: AbsorptionCutoff: repository '/Users/shannon/cc/math/math/lean/.lake/packages/AbsorptionCutoff' has local changes
warning: StrongPNT: repository '/Users/shannon/cc/math/math/lean/.lake/packages/StrongPNT' has local changes
warning: carleson: repository '/Users/shannon/cc/math/math/lean/.lake/packages/carleson' has local changes
warning: rellich-kondrachov: repository '/Users/shannon/cc/math/math/lean/.lake/packages/rellich-kondrachov' has local changes
warning: Zeta3Irrational: repository '/Users/shannon/cc/math/math/lean/.lake/packages/Zeta3Irrational' has local changes
warning: fixed-point-theorems: repository '/Users/shannon/cc/math/math/lean/.lake/packages/fixed-point-theorems' has local changes
✔ [8924/8961] Built OAI.Analysis.LiebThirring.Model (5.0s)
✔ [8925/8961] Built OAI.Analysis.LiebThirring.MatrixOrder (8.8s)
✔ [8926/8961] Built OAI.Analysis.LiebThirring.ResolventCalculus (7.1s)
✔ [8927/8961] Built OAI.Analysis.LiebThirring.MatrixTangent (5.9s)
✔ [8928/8961] Built OAI.Analysis.LiebThirring.FieldLimit (8.7s)
✔ [8929/8961] Built OAI.Analysis.LiebThirring.RankOne (8.2s)
✔ [8930/8961] Built OAI.Analysis.LiebThirring.FieldRegularity (8.0s)
✔ [8931/8961] Built OAI.Analysis.LiebThirring.FieldPrimitive (9.7s)
✔ [8932/8961] Built OAI.Analysis.LiebThirring.ActionPenalty (5.3s)
✔ [8933/8961] Built OAI.Analysis.LiebThirring.BoundaryValues (6.2s)
✔ [8934/8961] Built OAI.Analysis.LiebThirring.ActionBounds (6.1s)
✔ [8935/8961] Built OAI.Analysis.LiebThirring.BoundState (6.4s)
✔ [8936/8961] Built OAI.Analysis.LiebThirring.CubeFlags (7.1s)
✔ [8937/8961] Built OAI.Analysis.LiebThirring.FlagGeometry (7.0s)
✔ [8938/8961] Built OAI.Analysis.LiebThirring.FiniteParity (10s)
✔ [8939/8961] Built OAI.Analysis.LiebThirring.GenericPosition (6.8s)
✔ [8940/8961] Built OAI.Analysis.LiebThirring.EquivariantFlags (7.3s)
✔ [8941/8961] Built OAI.Analysis.LiebThirring.InitialOrbit (8.7s)
✔ [8942/8961] Built OAI.Analysis.LiebThirring.FreeLocus (6.8s)
✔ [8943/8961] Built OAI.Analysis.LiebThirring.BoundaryParity (10s)
✔ [8944/8961] Built OAI.Analysis.LiebThirring.Continuation (9.0s)
✔ [8945/8961] Built OAI.Analysis.LiebThirring.RowSigns (8.6s)
✔ [8946/8961] Built OAI.Analysis.LiebThirring.MatrixFlow (10s)
✔ [8947/8961] Built OAI.Analysis.LiebThirring.FlowContinuation (7.6s)
✔ [8948/8961] Built OAI.Analysis.LiebThirring.FieldFlow (6.7s)
✔ [8949/8961] Built OAI.Analysis.LiebThirring.ConnectingPath (7.3s)
✔ [8950/8961] Built OAI.Analysis.LiebThirring.IntervalAction (7.5s)
✔ [8951/8961] Built OAI.Analysis.LiebThirring.Gamma (5.7s)
✔ [8952/8961] Built OAI.Analysis.LiebThirring.QuadraticForms (5.8s)
✔ [8953/8961] Built OAI.Analysis.LiebThirring.CutoffEnergy (7.7s)
✔ [8954/8961] Built OAI.Analysis.LiebThirring.SobolevProjection (17s)
✔ [8955/8961] Built OAI.Analysis.LiebThirring.EnergyAlgebra (6.3s)
✔ [8956/8961] Built OAI.Analysis.LiebThirring.FlagApproximation (5.9s)
✔ [8957/8961] Built OAI.Analysis.LiebThirring.SpectralTrials (5.8s)
✔ [8958/8961] Built OAI.Analysis.LiebThirring.ComplexFamilies (5.9s)
✔ [8959/8961] Built OAI.Analysis.LiebThirring.MomentBound (5.8s)
✔ [8960/8961] Built OAI.Analysis.LiebThirring.ExtremizerMass (6.0s)
✔ [8961/8961] Built OAI.Analysis.LiebThirring.Main (5.8s)
Build completed successfully (8961 jobs).
== build rc=0 seconds=299
{"theorems": ["OAI.SharpLiebThirring.sharp_lieb_thirring"], "defs": ["OAI.SharpLiebThirring.H1", "OAI.SharpLiebThirring.l2Pairing", "OAI.SharpLiebThirring.schrodingerForm", "OAI.SharpLiebThirring.IsNegativeEigenfunction", "OAI.SharpLiebThirring.IsOrthonormalFamily", "OAI.SharpLiebThirring.negativeMoment", "OAI.SharpLiebThirring.oneStateMoment", "OAI.SharpLiebThirring.Admissible", "OAI.SharpLiebThirring.potentialMass", "OAI.SharpLiebThirring.semiclassicalConstant", "OAI.SharpLiebThirring.sharpConstant", "OAI.SharpLiebThirring.optimalConstant", "OAI.SharpLiebThirring.oneStateConstant", "OAI.SharpLiebThirring.equalityPotential", "OAI.SharpLiebThirring.MainClaim"], "json_theorems": ["OAI.SharpLiebThirring.sharp_lieb_thirring"], "missing_from_parse": []}
TYPES/DEFS DIFFER LiebThirring
1,5d0
< /Users/shannon/cc/math/math/lean/Scratch/Challenge_LiebThirring.lean:94:8:
< warning:
< declaration
< uses
< `sorry`
AXIOMS: 'OAI.SharpLiebThirring.sharp_lieb_thirring' depends on axioms: [propext, Classical.choice, Quot.sound] 
== end=2026-10-09T03:00:46Z
