== ListHadwiger  module=OAI.Combinatorics.ListHadwiger.Main  start=2026-10-08T09:40:13Z
warning: PrimeNumberTheoremAnd: repository '/Users/shannon/cc/math/math/lean/.lake/packages/PrimeNumberTheoremAnd' has local changes
warning: belyi: repository '/Users/shannon/cc/math/math/lean/.lake/packages/belyi' has local changes
warning: formal-schemes: repository '/Users/shannon/cc/math/math/lean/.lake/packages/formal-schemes' has local changes
warning: elliptic-curves: repository '/Users/shannon/cc/math/math/lean/.lake/packages/elliptic-curves' has local changes
warning: tempered-fundamental-groups: repository '/Users/shannon/cc/math/math/lean/.lake/packages/tempered-fundamental-groups' has local changes
warning: oka: repository '/Users/shannon/cc/math/math/lean/.lake/packages/oka' has local changes
warning: orbicurve-cores: repository '/Users/shannon/cc/math/math/lean/.lake/packages/orbicurve-cores' has local changes
warning: pi1: repository '/Users/shannon/cc/math/math/lean/.lake/packages/pi1' has local changes
warning: heights: repository '/Users/shannon/cc/math/math/lean/.lake/packages/heights' has local changes
warning: genl: repository '/Users/shannon/cc/math/math/lean/.lake/packages/genl' has local changes
warning: tate-curves-theta: repository '/Users/shannon/cc/math/math/lean/.lake/packages/tate-curves-theta' has local changes
warning: iut: repository '/Users/shannon/cc/math/math/lean/.lake/packages/iut' has local changes
warning: gromov: repository '/Users/shannon/cc/math/math/lean/.lake/packages/gromov' has local changes
warning: SphereEversion: repository '/Users/shannon/cc/math/math/lean/.lake/packages/SphereEversion' has local changes
warning: schoenflies-lean: repository '/Users/shannon/cc/math/math/lean/.lake/packages/schoenflies-lean' has local changes
warning: ClassFieldTheory: repository '/Users/shannon/cc/math/math/lean/.lake/packages/ClassFieldTheory' has local changes
warning: AINTLIB: repository '/Users/shannon/cc/math/math/lean/.lake/packages/AINTLIB' has local changes
warning: AbsorptionCutoff: repository '/Users/shannon/cc/math/math/lean/.lake/packages/AbsorptionCutoff' has local changes
warning: StrongPNT: repository '/Users/shannon/cc/math/math/lean/.lake/packages/StrongPNT' has local changes
warning: carleson: repository '/Users/shannon/cc/math/math/lean/.lake/packages/carleson' has local changes
warning: rellich-kondrachov: repository '/Users/shannon/cc/math/math/lean/.lake/packages/rellich-kondrachov' has local changes
warning: Zeta3Irrational: repository '/Users/shannon/cc/math/math/lean/.lake/packages/Zeta3Irrational' has local changes
warning: fixed-point-theorems: repository '/Users/shannon/cc/math/math/lean/.lake/packages/fixed-point-theorems' has local changes
✔ [8924/8976] Built OAI.Combinatorics.ListHadwiger.Model (5.4s)
✔ [8925/8976] Built OAI.Combinatorics.ListHadwiger.Basic (6.4s)
✔ [8926/8976] Built OAI.Combinatorics.ListHadwiger.Separators (5.9s)
✔ [8927/8976] Built OAI.Combinatorics.ListHadwiger.Connectivity (5.5s)
✔ [8928/8976] Built OAI.Combinatorics.ListHadwiger.Palette (6.4s)
✔ [8929/8976] Built OAI.Combinatorics.ListHadwiger.PathPacking (5.8s)
✔ [8930/8976] Built OAI.Combinatorics.ListHadwiger.Routing (6.1s)
✔ [8931/8976] Built OAI.Combinatorics.ListHadwiger.MinorModels (5.7s)
✔ [8932/8976] Built OAI.Combinatorics.ListHadwiger.BagContraction (6.0s)
✔ [8933/8976] Built OAI.Combinatorics.ListHadwiger.Exchanges (6.1s)
✔ [8934/8976] Built OAI.Combinatorics.ListHadwiger.Concentration (5.7s)
✔ [8935/8976] Built OAI.Combinatorics.ListHadwiger.ConnectivityTests (7.1s)
✔ [8936/8976] Built OAI.Combinatorics.ListHadwiger.DistrictPaths (6.8s)
✔ [8937/8976] Built OAI.Combinatorics.ListHadwiger.Density (8.4s)
✔ [8938/8976] Built OAI.Combinatorics.ListHadwiger.Fractional (6.3s)
✔ [8939/8976] Built OAI.Combinatorics.ListHadwiger.FractionalSampling (6.3s)
✔ [8940/8976] Built OAI.Combinatorics.ListHadwiger.SamplingBounds (5.7s)
✔ [8941/8976] Built OAI.Combinatorics.ListHadwiger.Separability (7.0s)
✔ [8942/8976] Built OAI.Combinatorics.ListHadwiger.PairedSources (7.1s)
✔ [8943/8976] Built OAI.Combinatorics.ListHadwiger.Assembly (5.5s)
✔ [8944/8976] Built OAI.Combinatorics.ListHadwiger.Knitting (8.9s)
✔ [8945/8976] Built OAI.Combinatorics.ListHadwiger.TerminalGrouping (9.7s)
✔ [8946/8976] Built OAI.Combinatorics.ListHadwiger.CoarseDensity (6.9s)
✔ [8947/8976] Built OAI.Combinatorics.ListHadwiger.Incidence (7.7s)
✔ [8948/8976] Built OAI.Combinatorics.ListHadwiger.District (12s)
✔ [8949/8976] Built OAI.Combinatorics.ListHadwiger.DistrictAssembly (6.2s)
✔ [8950/8976] Built OAI.Combinatorics.ListHadwiger.ColorBins (6.3s)
✔ [8951/8976] Built OAI.Combinatorics.ListHadwiger.Eligibility (10s)
✔ [8952/8976] Built OAI.Combinatorics.ListHadwiger.Thinning (12s)
✔ [8953/8976] Built OAI.Combinatorics.ListHadwiger.SamplingConnectivity (7.0s)
✔ [8954/8976] Built OAI.Combinatorics.ListHadwiger.StageSampling (7.9s)
✔ [8955/8976] Built OAI.Combinatorics.ListHadwiger.SmallList (7.4s)
✔ [8956/8976] Built OAI.Combinatorics.ListHadwiger.Footprint (7.7s)
✔ [8957/8976] Built OAI.Combinatorics.ListHadwiger.History (6.5s)
✔ [8958/8976] Built OAI.Combinatorics.ListHadwiger.HistoryBounds (7.5s)
✔ [8959/8976] Built OAI.Combinatorics.ListHadwiger.Stage (6.2s)
✔ [8960/8976] Built OAI.Combinatorics.ListHadwiger.StageExtension (5.7s)
✔ [8961/8976] Built OAI.Combinatorics.ListHadwiger.StageDeletion (5.7s)
✔ [8962/8976] Built OAI.Combinatorics.ListHadwiger.RoleRouting (5.8s)
✔ [8963/8976] Built OAI.Combinatorics.ListHadwiger.StagePacking (11s)
✔ [8964/8976] Built OAI.Combinatorics.ListHadwiger.PaletteSampling (6.6s)
✔ [8965/8976] Built OAI.Combinatorics.ListHadwiger.BagAssembly (7.0s)
✔ [8966/8976] Built OAI.Combinatorics.ListHadwiger.StageAdvance (6.0s)
✔ [8967/8976] Built OAI.Combinatorics.ListHadwiger.StageSeparation (14s)
✔ [8968/8976] Built OAI.Combinatorics.ListHadwiger.Recursion (5.8s)
✔ [8969/8976] Built OAI.Combinatorics.ListHadwiger.RecursiveGeometry (5.3s)
✔ [8970/8976] Built OAI.Combinatorics.ListHadwiger.RecursiveDistricts (9.4s)
✔ [8971/8976] Built OAI.Combinatorics.ListHadwiger.RecursiveJunction (8.3s)
✔ [8972/8976] Built OAI.Combinatorics.ListHadwiger.RecursiveInduction (7.3s)
✔ [8973/8976] Built OAI.Combinatorics.ListHadwiger.Reduction (6.1s)
✔ [8974/8976] Built OAI.Combinatorics.ListHadwiger.EggCover (5.8s)
✔ [8975/8976] Built OAI.Combinatorics.ListHadwiger.WeightedBound (5.9s)
✔ [8976/8976] Built OAI.Combinatorics.ListHadwiger.Main (5.1s)
Build completed successfully (8976 jobs).
== build rc=0 seconds=389
{"theorems": ["OAI.LinearListHadwiger.main_theorem"], "defs": ["OAI.LinearListHadwiger.ListColorable", "OAI.LinearListHadwiger.Choosable", "OAI.LinearListHadwiger.listChromaticNumber", "OAI.LinearListHadwiger.HasCliqueMinor", "OAI.LinearListHadwiger.hadwigerNumber", "OAI.LinearListHadwiger.MainStatement"], "json_theorems": ["OAI.LinearListHadwiger.main_theorem"], "missing_from_parse": []}
TYPES/DEFS DIFFER ListHadwiger
1,5d0
< /Users/shannon/cc/math/math/lean/Scratch/Challenge_ListHadwiger.lean:30:8:
< warning:
< declaration
< uses
< `sorry`
AXIOMS: 'OAI.LinearListHadwiger.main_theorem' depends on axioms: [propext, Classical.choice, Quot.sound] 
== end=2026-10-08T09:47:01Z
