== LogConcaveQuery  module=OAI.Probability.LogConcave.Main  start=2026-10-09T10:14:33Z
warning: PrimeNumberTheoremAnd: repository '/Users/shannon/cc/math/math/lean/.lake/packages/PrimeNumberTheoremAnd' has local changes
warning: belyi: repository '/Users/shannon/cc/math/math/lean/.lake/packages/belyi' has local changes
warning: formal-schemes: repository '/Users/shannon/cc/math/math/lean/.lake/packages/formal-schemes' has local changes
warning: elliptic-curves: repository '/Users/shannon/cc/math/math/lean/.lake/packages/elliptic-curves' has local changes
warning: tempered-fundamental-groups: repository '/Users/shannon/cc/math/math/lean/.lake/packages/tempered-fundamental-groups' has local changes
warning: oka: repository '/Users/shannon/cc/math/math/lean/.lake/packages/oka' has local changes
warning: orbicurve-cores: repository '/Users/shannon/cc/math/math/lean/.lake/packages/orbicurve-cores' has local changes
warning: pi1: repository '/Users/shannon/cc/math/math/lean/.lake/packages/pi1' has local changes
warning: heights: repository '/Users/shannon/cc/math/math/lean/.lake/packages/heights' has local changes
warning: genl: repository '/Users/shannon/cc/math/math/lean/.lake/packages/genl' has local changes
warning: tate-curves-theta: repository '/Users/shannon/cc/math/math/lean/.lake/packages/tate-curves-theta' has local changes
warning: iut: repository '/Users/shannon/cc/math/math/lean/.lake/packages/iut' has local changes
warning: gromov: repository '/Users/shannon/cc/math/math/lean/.lake/packages/gromov' has local changes
warning: SphereEversion: repository '/Users/shannon/cc/math/math/lean/.lake/packages/SphereEversion' has local changes
warning: schoenflies-lean: repository '/Users/shannon/cc/math/math/lean/.lake/packages/schoenflies-lean' has local changes
warning: ClassFieldTheory: repository '/Users/shannon/cc/math/math/lean/.lake/packages/ClassFieldTheory' has local changes
warning: AINTLIB: repository '/Users/shannon/cc/math/math/lean/.lake/packages/AINTLIB' has local changes
warning: AbsorptionCutoff: repository '/Users/shannon/cc/math/math/lean/.lake/packages/AbsorptionCutoff' has local changes
warning: StrongPNT: repository '/Users/shannon/cc/math/math/lean/.lake/packages/StrongPNT' has local changes
warning: carleson: repository '/Users/shannon/cc/math/math/lean/.lake/packages/carleson' has local changes
warning: rellich-kondrachov: repository '/Users/shannon/cc/math/math/lean/.lake/packages/rellich-kondrachov' has local changes
warning: Zeta3Irrational: repository '/Users/shannon/cc/math/math/lean/.lake/packages/Zeta3Irrational' has local changes
warning: fixed-point-theorems: repository '/Users/shannon/cc/math/math/lean/.lake/packages/fixed-point-theorems' has local changes
✔ [8924/9249] Built OAI.Probability.LogConcave.TensorGraphs.Live (34s)
✔ [8925/9249] Built OAI.Probability.LogConcave.Numerics.DerivSetIntegral (34s)
✔ [8926/9249] Built OAI.Probability.LogConcave.OraclePrograms.RoutineKind (34s)
✔ [8927/9249] Built OAI.Probability.LogConcave.Numerics.Correction (34s)
✔ [8928/9249] Built OAI.Probability.LogConcave.Numerics.LogMeshLength (34s)
✔ [8929/9249] Built OAI.Probability.LogConcave.Numerics.GradientBound (35s)
✔ [8930/9249] Built OAI.Probability.LogConcave.Sampling.SpatialJacobianTimeDeriv (40s)
✔ [8931/9249] Built OAI.Probability.LogConcave.OraclePrograms.DampingCoefficient (48s)
✔ [8932/9249] Built OAI.Probability.LogConcave.Complexity.PolynomialBudget (24s)
✔ [8933/9249] Built OAI.Probability.LogConcave.Sampling.NaturalMomentNorm (24s)
✔ [8934/9249] Built OAI.Probability.LogConcave.Numerics.NormSubSqTwo (19s)
✔ [8935/9249] Built OAI.Probability.LogConcave.Sampling.SmoothTimeLocalization (26s)
✔ [8936/9249] Built OAI.Probability.LogConcave.Numerics.ParametricFDeriv (28s)
✔ [8937/9249] Built OAI.Probability.LogConcave.Sampling.FDerivTimePartial (30s)
✔ [8938/9249] Built OAI.Probability.LogConcave.Sampling.StateLaw (20s)
✔ [8939/9249] Built OAI.Probability.LogConcave.Dynamics.Curve (41s)
✔ [8940/9249] Built OAI.Probability.LogConcave.Sampling.MapProdSecondFiber (20s)
✔ [8941/9249] Built OAI.Probability.LogConcave.Sampling.MapProdFiberLaw (20s)
✔ [8942/9249] Built OAI.Probability.LogConcave.Sampling.NormalizedDirection (23s)
✔ [8943/9249] Built OAI.Probability.LogConcave.Sampling.LintegralFinNatProd (21s)
✔ [8944/9249] Built OAI.Probability.LogConcave.Model (20s)
✔ [8945/9249] Built OAI.Probability.LogConcave.TensorGraphs.Vertex (27s)
✔ [8946/9249] Built OAI.Probability.LogConcave.Numerics.NodeLp (21s)
✔ [8947/9249] Built OAI.Probability.LogConcave.Numerics.Basis (23s)
✔ [8948/9249] Built OAI.Probability.LogConcave.Dynamics.SpaceTimeForward (20s)
✔ [8949/9249] Built OAI.Probability.LogConcave.Sampling.PiAppendLaw (22s)
✔ [8950/9249] Built OAI.Probability.LogConcave.Sampling.UnitUniform (23s)
✔ [8951/9249] Built OAI.Probability.LogConcave.Analysis.GibbsProportional (22s)
✔ [8952/9249] Built OAI.Probability.LogConcave.Sampling.Map (21s)
✔ [8953/9249] Built OAI.Probability.LogConcave.Sampling.ContinuousFirstOrderReply (28s)
✔ [8954/9249] Built OAI.Probability.LogConcave.Analysis.GaussianCoefficient (31s)
✔ [8955/9249] Built OAI.Probability.LogConcave.Sampling.Directional (25s)
✔ [8956/9249] Built OAI.Probability.LogConcave.OraclePrograms.Program (27s)
✔ [8957/9249] Built OAI.Probability.LogConcave.Sampling.TapeSnocEquiv (21s)
✔ [8958/9249] Built OAI.Probability.LogConcave.Numerics.ChainTaylor (26s)
✔ [8959/9249] Built OAI.Probability.LogConcave.Sampling.Primitive (27s)
✔ [8960/9249] Built OAI.Probability.LogConcave.Analysis.SymmetricGradientDerivative (29s)
✔ [8961/9249] Built OAI.Probability.LogConcave.Dynamics.TriangularEquiv (34s)
✔ [8962/9249] Built OAI.Probability.LogConcave.OraclePrograms.IndependentSeq (19s)
✔ [8963/9249] Built OAI.Probability.LogConcave.OraclePrograms.SeedProgram (22s)
✔ [8964/9249] Built OAI.Probability.LogConcave.OraclePrograms.Fresh (18s)
✔ [8965/9249] Built OAI.Probability.LogConcave.Numerics.TaylorRemainderRms (17s)
✔ [8966/9249] Built OAI.Probability.LogConcave.OraclePrograms.TerminalMean (29s)
✔ [8967/9249] Built OAI.Probability.LogConcave.Numerics.CompositeAngle (18s)
✔ [8968/9249] Built OAI.Probability.LogConcave.Numerics.Remainder (18s)
✔ [8969/9249] Built OAI.Probability.LogConcave.Analysis.PrimitivePotentialModeBounds (21s)
✔ [8970/9249] Built OAI.Probability.LogConcave.Numerics.NodePolynomial (18s)
✔ [8971/9249] Built OAI.Probability.LogConcave.OraclePrograms.NoisyCenterSquaredError (22s)
✔ [8972/9249] Built OAI.Probability.LogConcave.Dynamics.Squared (26s)
✔ [8973/9249] Built OAI.Probability.LogConcave.Analysis.GaussianProposalPotential (23s)
✔ [8974/9249] Built OAI.Probability.LogConcave.Sampling.PolynomialGrowth (29s)
✔ [8975/9249] Built OAI.Probability.LogConcave.Analysis.ProposalLog (36s)
✔ [8976/9249] Built OAI.Probability.LogConcave.Dynamics.NormSubSqThree (24s)
✔ [8977/9249] Built OAI.Probability.LogConcave.Dynamics.DistanceCoupled (24s)
✔ [8978/9249] Built OAI.Probability.LogConcave.Dynamics.SharedLipschitz (27s)
✔ [8979/9249] Built OAI.Probability.LogConcave.Numerics.BasisDerivative (33s)
✔ [8980/9249] Built OAI.Probability.LogConcave.LowerBounds.TranscriptRejection (23s)
✔ [8981/9249] Built OAI.Probability.LogConcave.Dynamics.AbsorbFixed (37s)
✔ [8982/9249] Built OAI.Probability.LogConcave.Sampling.TiltedExpectation (23s)
✔ [8983/9249] Built OAI.Probability.LogConcave.Analysis.EulerDrift (28s)
✔ [8984/9249] Built OAI.Probability.LogConcave.Dynamics.SameLaw (16s)
✔ [8985/9249] Built OAI.Probability.LogConcave.LowerBounds.RotationIsometry (21s)
✔ [8986/9249] Built OAI.Probability.LogConcave.OraclePrograms.NoisyCircuit (15s)
✔ [8987/9249] Built OAI.Probability.LogConcave.Analysis.Operator (18s)
✔ [8988/9249] Built OAI.Probability.LogConcave.Analysis.Poincare (12s)
✔ [8989/9249] Built OAI.Probability.LogConcave.Sampling.MeasureSmoothLipschitz (12s)
✔ [8990/9249] Built OAI.Probability.LogConcave.LowerBounds.RevealRotation (21s)
✔ [8991/9249] Built OAI.Probability.LogConcave.Dynamics.StationaryIntegral (15s)
✔ [8992/9249] Built OAI.Probability.LogConcave.JetEstimates.Growth (17s)
✔ [8993/9249] Built OAI.Probability.LogConcave.Dynamics.Truncated (17s)
✔ [8994/9249] Built OAI.Probability.LogConcave.LowerBounds.PrefixSpace (26s)
✔ [8995/9249] Built OAI.Probability.LogConcave.JetEstimates.CrossMoment (13s)
✔ [8996/9249] Built OAI.Probability.LogConcave.Dynamics.VariationalField (15s)
✔ [8997/9249] Built OAI.Probability.LogConcave.LowerBounds.FrameTransport (12s)
✔ [8998/9249] Built OAI.Probability.LogConcave.JetEstimates.Bound (19s)
✔ [8999/9249] Built OAI.Probability.LogConcave.Dynamics.SmoothFlowJoint (16s)
✔ [9000/9249] Built OAI.Probability.LogConcave.Analysis.AffinePotential (19s)
✔ [9001/9249] Built OAI.Probability.LogConcave.LowerBounds.RoundFrames (21s)
✔ [9002/9249] Built OAI.Probability.LogConcave.JetEstimates.AllSplitBound (19s)
✔ [9003/9249] Built OAI.Probability.LogConcave.JetEstimates.JetCongrList (20s)
✔ [9004/9249] Built OAI.Probability.LogConcave.JetEstimates.JetMapPositions (20s)
✔ [9005/9249] Built OAI.Probability.LogConcave.JetEstimates.WireStep (23s)
✔ [9006/9249] Built OAI.Probability.LogConcave.Analysis.ConditionalPotential (26s)
✔ [9007/9249] Built OAI.Probability.LogConcave.JetEstimates.NormalizedLaplace (27s)
✔ [9008/9249] Built OAI.Probability.LogConcave.JetEstimates.Reindex (23s)
✔ [9009/9249] Built OAI.Probability.LogConcave.JetEstimates.Extend (22s)
✔ [9010/9249] Built OAI.Probability.LogConcave.JetEstimates.ProperSplit (25s)
✔ [9011/9249] Built OAI.Probability.LogConcave.OraclePrograms.CircuitBoundUpto (22s)
✔ [9012/9249] Built OAI.Probability.LogConcave.JetEstimates.ClosedWireLintegralBound (22s)
✔ [9013/9249] Built OAI.Probability.LogConcave.LowerBounds.LinearHistory (33s)
✔ [9014/9249] Built OAI.Probability.LogConcave.JetEstimates.DirLogLaplace (22s)
✔ [9015/9249] Built OAI.Probability.LogConcave.Sampling.PrimitiveField (26s)
✔ [9016/9249] Built OAI.Probability.LogConcave.JetEstimates.MixedJetAdd (20s)
✔ [9017/9249] Built OAI.Probability.LogConcave.JetEstimates.AssignmentsFinset (21s)
✔ [9018/9249] Built OAI.Probability.LogConcave.JetEstimates.JetNormalizedLaplaceMoments (20s)
✔ [9019/9249] Built OAI.Probability.LogConcave.JetEstimates.ProperSplitCard (21s)
✔ [9020/9249] Built OAI.Probability.LogConcave.JetEstimates.ContractLeftSplit (22s)
✔ [9021/9249] Built OAI.Probability.LogConcave.LowerBounds.CouplingNoise (23s)
✔ [9022/9249] Built OAI.Probability.LogConcave.Sampling.ConditionalMeanScalar (20s)
✔ [9023/9249] Built OAI.Probability.LogConcave.Sampling.JointPosition (20s)
✔ [9024/9249] Built OAI.Probability.LogConcave.JetEstimates.Extension (14s)
✔ [9025/9249] Built OAI.Probability.LogConcave.JetEstimates.Mdir (15s)
✔ [9026/9249] Built OAI.Probability.LogConcave.LowerBounds.Theta (15s)
✔ [9027/9249] Built OAI.Probability.LogConcave.Sampling.ConditionalFieldMean (17s)
✔ [9028/9249] Built OAI.Probability.LogConcave.LowerBounds.WeightedEvaluation (13s)
✔ [9029/9249] Built OAI.Probability.LogConcave.Sampling.QuadraticExpectation (12s)
✔ [9030/9249] Built OAI.Probability.LogConcave.Sampling.ConditionalSlotEmbedding (12s)
✔ [9031/9249] Built OAI.Probability.LogConcave.LowerBounds.SpectrumOperator (15s)
✔ [9032/9249] Built OAI.Probability.LogConcave.Sampling.ConditionalPositionMoment (14s)
✔ [9033/9249] Built OAI.Probability.LogConcave.Sampling.NormalizedTensor (17s)
✔ [9034/9249] Built OAI.Probability.LogConcave.Analysis.GrowthInnerGradient (18s)
✔ [9035/9249] Built OAI.Probability.LogConcave.Sampling.TranslationIntegrationByParts (21s)
✔ [9036/9249] Built OAI.Probability.LogConcave.LowerBounds.DensityCoefficient (12s)
✔ [9037/9249] Built OAI.Probability.LogConcave.JetEstimates.PolyC1 (10s)
✔ [9038/9249] Built OAI.Probability.LogConcave.Analysis.InterpolationPotential (15s)
✔ [9039/9249] Built OAI.Probability.LogConcave.LowerBounds.HardEigenOutput (17s)
✔ [9040/9249] Built OAI.Probability.LogConcave.Sampling.DirectionalAdjointCoordinate (16s)
✔ [9041/9249] Built OAI.Probability.LogConcave.JetEstimates.Lipschitz (16s)
✔ [9042/9249] Built OAI.Probability.LogConcave.Analysis.CompactGibbsIbp (19s)
✔ [9043/9249] Built OAI.Probability.LogConcave.Sampling.JointInterpolationLaw (21s)
✔ [9044/9249] Built OAI.Probability.LogConcave.Analysis.GaussianMarginalLowerTail (21s)
✔ [9045/9249] Built OAI.Probability.LogConcave.Sampling.MaterialScalar (23s)
✔ [9046/9249] Built OAI.Probability.LogConcave.Sampling.AdjointCoordinateContinuous (19s)
✔ [9047/9249] Built OAI.Probability.LogConcave.Sampling.SkewCenteringField (23s)
✔ [9048/9249] Built OAI.Probability.LogConcave.Sampling.JointConditionalLawProperties (14s)
✔ [9049/9249] Built OAI.Probability.LogConcave.Sampling.InterpolationResidual (17s)
✔ [9050/9249] Built OAI.Probability.LogConcave.JetEstimates.PolySmooth (13s)
✔ [9051/9249] Built OAI.Probability.LogConcave.JetEstimates.MultisetProd (14s)
✔ [9052/9249] Built OAI.Probability.LogConcave.Sampling.SkewCenteringFieldSmooth (15s)
✔ [9053/9249] Built OAI.Probability.LogConcave.JetEstimates.MultisetProd2 (15s)
✔ [9054/9249] Built OAI.Probability.LogConcave.Sampling.DirectionalBasisSum (17s)
✔ [9055/9249] Built OAI.Probability.LogConcave.TensorGraphs.Inside (17s)
✔ [9056/9249] Built OAI.Probability.LogConcave.Sampling.ProbabilityVelocity (24s)
✔ [9057/9249] Built OAI.Probability.LogConcave.Dynamics.FlowRestrict (28s)
✔ [9058/9249] Built OAI.Probability.LogConcave.TensorGraphs.AdjointMatrix (19s)
✔ [9059/9249] Built OAI.Probability.LogConcave.Sampling.ScoreAugmented (24s)
✔ [9060/9249] Built OAI.Probability.LogConcave.Sampling.TimeBump (24s)
✔ [9061/9249] Built OAI.Probability.LogConcave.JetEstimates.SpaceBasis (30s)
✔ [9062/9249] Built OAI.Probability.LogConcave.Sampling.ClosedFieldMean (28s)
✔ [9063/9249] Built OAI.Probability.LogConcave.Dynamics.ProbabilityFlowIntegral (29s)
✔ [9064/9249] Built OAI.Probability.LogConcave.TensorGraphs.History (22s)
✔ [9065/9249] Built OAI.Probability.LogConcave.TensorGraphs.ColoringSplit (20s)
✔ [9066/9249] Built OAI.Probability.LogConcave.Dynamics.HarmonicFlow (26s)
✔ [9067/9249] Built OAI.Probability.LogConcave.Sampling.CenteringOutputLaw (29s)
✔ [9068/9249] Built OAI.Probability.LogConcave.Dynamics.ProbabilityFlowPushforward (17s)
✔ [9069/9249] Built OAI.Probability.LogConcave.Sampling.JointSpace (22s)
✔ [9070/9249] Built OAI.Probability.LogConcave.Analysis.PoincareVectorVariance (25s)
✔ [9071/9249] Built OAI.Probability.LogConcave.TensorGraphs.RankEquiv (18s)
✔ [9072/9249] Built OAI.Probability.LogConcave.Dynamics.FullProbabilityFlow (29s)
✔ [9073/9249] Built OAI.Probability.LogConcave.JetEstimates.GadjScalar (15s)
✔ [9074/9249] Built OAI.Probability.LogConcave.Sampling.TerminalBackward (18s)
✔ [9075/9249] Built OAI.Probability.LogConcave.JetEstimates.JetRightSlice (17s)
✔ [9076/9249] Built OAI.Probability.LogConcave.TensorGraphs.HessianIncidentEquiv (14s)
✔ [9077/9249] Built OAI.Probability.LogConcave.TensorGraphs.IncidentMatrix (15s)
✔ [9078/9249] Built OAI.Probability.LogConcave.Sampling.ProbabilityTransportTrajectory (13s)
✔ [9079/9249] Built OAI.Probability.LogConcave.Sampling.ScaledMeanJet (13s)
✔ [9080/9249] Built OAI.Probability.LogConcave.Sampling.SpatialTransport (16s)
✔ [9081/9249] Built OAI.Probability.LogConcave.TensorGraphs.HessianIncidenceTensor (12s)
✔ [9082/9249] Built OAI.Probability.LogConcave.Sampling.JointU (9.6s)
✔ [9083/9249] Built OAI.Probability.LogConcave.TensorGraphs.PrimaryPositionTensor (9.0s)
✔ [9084/9249] Built OAI.Probability.LogConcave.TensorGraphs.Chain (10s)
✔ [9085/9249] Built OAI.Probability.LogConcave.Sampling.CoordinateRank (15s)
✔ [9086/9249] Built OAI.Probability.LogConcave.TensorGraphs.FieldPosition (8.6s)
✔ [9087/9249] Built OAI.Probability.LogConcave.JetEstimates.TensorExpression (8.9s)
✔ [9088/9249] Built OAI.Probability.LogConcave.Sampling.SpatialTensor (6.9s)
✔ [9089/9249] Built OAI.Probability.LogConcave.Sampling.ScoreSlots (10s)
✔ [9090/9249] Built OAI.Probability.LogConcave.JetEstimates.ForestTensor (11s)
✔ [9091/9249] Built OAI.Probability.LogConcave.JetEstimates.SplitIndex (11s)
✔ [9092/9249] Built OAI.Probability.LogConcave.JetEstimates.ReindexedMatrix (16s)
✔ [9093/9249] Built OAI.Probability.LogConcave.Sampling.NormalizedTensorMajorantScale (15s)
✔ [9094/9249] Built OAI.Probability.LogConcave.JetEstimates.TensorTerm (16s)
✔ [9095/9249] Built OAI.Probability.LogConcave.JetEstimates.Squared (16s)
✔ [9096/9249] Built OAI.Probability.LogConcave.JetEstimates.SplitBundle (20s)
✔ [9097/9249] Built OAI.Probability.LogConcave.Sampling.SpatialTensorArrayBound (15s)
✔ [9098/9249] Built OAI.Probability.LogConcave.JetEstimates.Material (15s)
✔ [9099/9249] Built OAI.Probability.LogConcave.Sampling.CoordinateProjection (16s)
✔ [9100/9249] Built OAI.Probability.LogConcave.JetEstimates.JetCompactIntegral (16s)
✔ [9101/9249] Built OAI.Probability.LogConcave.Sampling.SpatialTensorContinuous (18s)
✔ [9102/9249] Built OAI.Probability.LogConcave.Sampling.AnalyticBase (26s)
✔ [9103/9249] Built OAI.Probability.LogConcave.JetEstimates.CompLinear (15s)
✔ [9104/9249] Built OAI.Probability.LogConcave.Analysis.ProductPotentialMeasurable (15s)
✔ [9105/9249] Built OAI.Probability.LogConcave.JetEstimates.JetMaterial (17s)
✔ [9106/9249] Built OAI.Probability.LogConcave.JetEstimates.SmoothTensorCurve (15s)
✔ [9107/9249] Built OAI.Probability.LogConcave.Sampling.Reindex (13s)
✔ [9108/9249] Built OAI.Probability.LogConcave.Sampling.FinsetSumSum (13s)
✔ [9109/9249] Built OAI.Probability.LogConcave.Sampling.JointMeanMaterial (10s)
✔ [9110/9249] Built OAI.Probability.LogConcave.JetEstimates.FlowJetMajorant (10s)
✔ [9111/9249] Built OAI.Probability.LogConcave.Sampling.TensorGrad (10s)
✔ [9112/9249] Built OAI.Probability.LogConcave.Sampling.NormalizedScoreMajorant (10s)
✔ [9113/9249] Built OAI.Probability.LogConcave.Complexity.ProductEnergyBudgetScaled (7.0s)
✔ [9114/9249] Built OAI.Probability.LogConcave.Sampling.FinSnocSlots (8.9s)
✔ [9115/9249] Built OAI.Probability.LogConcave.JetEstimates.Slice (6.4s)
✔ [9116/9249] Built OAI.Probability.LogConcave.JetEstimates.LogDegree (9.8s)
✔ [9117/9249] Built OAI.Probability.LogConcave.Sampling.MatrixColor (9.0s)
✔ [9118/9249] Built OAI.Probability.LogConcave.JetEstimates.MatrixArray (12s)
✔ [9119/9249] Built OAI.Probability.LogConcave.Sampling.IterTensorLie (13s)
✔ [9120/9249] Built OAI.Probability.LogConcave.Analysis.InterpolationHessianBudget (9.0s)
✔ [9121/9249] Built OAI.Probability.LogConcave.Sampling.TransportMajorant (10s)
✔ [9122/9249] Built OAI.Probability.LogConcave.JetEstimates.ArrayRelabel (11s)
✔ [9123/9249] Built OAI.Probability.LogConcave.Sampling.MeanMaterialL2 (9.4s)
✔ [9124/9249] Built OAI.Probability.LogConcave.Sampling.ComposedJetMajorant (8.0s)
✔ [9125/9249] Built OAI.Probability.LogConcave.Sampling.TerminalMean (15s)
✔ [9126/9249] Built OAI.Probability.LogConcave.Sampling.MeanMaterialVector (15s)
✔ [9127/9249] Built OAI.Probability.LogConcave.Sampling.TerminalTransportConstant (15s)
✔ [9128/9249] Built OAI.Probability.LogConcave.Sampling.MatrixArrayAdjoint (14s)
✔ [9129/9249] Built OAI.Probability.LogConcave.JetEstimates.ArrayComponentPolySmooth (11s)
✔ [9130/9249] Built OAI.Probability.LogConcave.Sampling.PrimitiveExpectedField (16s)
✔ [9131/9249] Built OAI.Probability.LogConcave.OraclePrograms.Expression (18s)
✔ [9132/9249] Built OAI.Probability.LogConcave.Sampling.TerminalJacobianInverse (32s)
✔ [9133/9249] Built OAI.Probability.LogConcave.OraclePrograms.TerminalMeanEquivariant (21s)
✔ [9134/9249] Built OAI.Probability.LogConcave.Analysis.GibbsOpenPos (24s)
✔ [9135/9249] Built OAI.Probability.LogConcave.OraclePrograms.SlotTransformAddShift (24s)
✔ [9136/9249] Built OAI.Probability.LogConcave.Numerics.MeanTree (28s)
✔ [9137/9249] Built OAI.Probability.LogConcave.Sampling.TensorVector (32s)
✔ [9138/9249] Built OAI.Probability.LogConcave.OraclePrograms.ReservedProgram (29s)
✔ [9139/9249] Built OAI.Probability.LogConcave.Analysis.GaussianAffineNormMoment (33s)
✔ [9140/9249] Built OAI.Probability.LogConcave.Sampling.AdjointCoordinateProductLeft (20s)
✔ [9141/9249] Built OAI.Probability.LogConcave.Sampling.StationaryTensorVectorRms (23s)
✔ [9142/9249] Built OAI.Probability.LogConcave.Numerics.ChildNoise (24s)
✔ [9143/9249] Built OAI.Probability.LogConcave.Sampling.ConditionalMeanArray (24s)
✔ [9144/9249] Built OAI.Probability.LogConcave.Sampling.PrimitiveExpectedFieldLipschitz (25s)
✔ [9145/9249] Built OAI.Probability.LogConcave.JetEstimates.ArrayMatrix (38s)
✔ [9146/9249] Built OAI.Probability.LogConcave.OraclePrograms.TerminalMeanProgram (29s)
✔ [9147/9249] Built OAI.Probability.LogConcave.Sampling.InnerBasisCoordinate (16s)
✔ [9148/9249] Built OAI.Probability.LogConcave.Numerics.RowTape (18s)
✔ [9149/9249] Built OAI.Probability.LogConcave.Sampling.Jet (20s)
✔ [9150/9249] Built OAI.Probability.LogConcave.Sampling.HarmonicKernel (17s)
✔ [9151/9249] Built OAI.Probability.LogConcave.OraclePrograms.SampleParentEquivariant (21s)
✔ [9152/9249] Built OAI.Probability.LogConcave.Analysis.GaussianPairSumLaw (34s)
✔ [9153/9249] Built OAI.Probability.LogConcave.Dynamics.ActualJointCenteringFlow (22s)
✔ [9154/9249] Built OAI.Probability.LogConcave.Complexity.TerminalDerivativeBudget (16s)
✔ [9155/9249] Built OAI.Probability.LogConcave.Sampling.TerminalActionChainQuotient (16s)
✔ [9156/9249] Built OAI.Probability.LogConcave.Dynamics.JointHarmonicFlow (14s)
✔ [9157/9249] Built OAI.Probability.LogConcave.Analysis.CenteringPotential (11s)
✔ [9158/9249] Built OAI.Probability.LogConcave.Sampling.CenteringJointLaw (12s)
✔ [9159/9249] Built OAI.Probability.LogConcave.Dynamics.ConditionalHarmonicFlow (13s)
✔ [9160/9249] Built OAI.Probability.LogConcave.Sampling.HarmonicMeanTaylorRms (14s)
✔ [9161/9249] Built OAI.Probability.LogConcave.Sampling.TransportCorrectionMajorant (16s)
✔ [9162/9249] Built OAI.Probability.LogConcave.Complexity.HarmonicCorrectionBudget (11s)
✔ [9163/9249] Built OAI.Probability.LogConcave.Complexity.CenteringStateBudget (11s)
✔ [9164/9249] Built OAI.Probability.LogConcave.Sampling.AngleNodes (9.7s)
✔ [9165/9249] Built OAI.Probability.LogConcave.Complexity.CenteringStateBudgetNonneg (9.7s)
✔ [9166/9249] Built OAI.Probability.LogConcave.Sampling.ProbabilityNodes (9.5s)
✔ [9167/9249] Built OAI.Probability.LogConcave.Complexity.SingleCellBasisBudget (15s)
✔ [9168/9249] Built OAI.Probability.LogConcave.Sampling.IdentityOutputEmbedding (17s)
✔ [9169/9249] Built OAI.Probability.LogConcave.Sampling.HarmonicMeanDefect (22s)
✔ [9170/9249] Built OAI.Probability.LogConcave.Numerics.OrdinaryDerivativeWeight (23s)
✔ [9171/9249] Built OAI.Probability.LogConcave.Sampling.HarmonicPositionDeriv (30s)
✔ [9172/9249] Built OAI.Probability.LogConcave.Sampling.CenteringVelocityInterpolationRms (19s)
✔ [9173/9249] Built OAI.Probability.LogConcave.Numerics.TwoendsContinuous (14s)
✔ [9174/9249] Built OAI.Probability.LogConcave.Complexity.KernelAnalyticBudget (14s)
✔ [9175/9249] Built OAI.Probability.LogConcave.Sampling.HarmonicStationaryMoment (17s)
✔ [9176/9249] Built OAI.Probability.LogConcave.Sampling.ProbabilityInitialRms (7.3s)
✔ [9177/9249] Built OAI.Probability.LogConcave.Numerics.ReanchorWeight (6.5s)
✔ [9178/9249] Built OAI.Probability.LogConcave.Numerics.NodesContinuous (8.7s)
✔ [9179/9249] Built OAI.Probability.LogConcave.Sampling.KernelTransportAction (11s)
✔ [9180/9249] Built OAI.Probability.LogConcave.Complexity.ProbabilityRmsBudget (6.9s)
✔ [9181/9249] Built OAI.Probability.LogConcave.Sampling.ProbabilityEndpoint (6.9s)
✔ [9182/9249] Built OAI.Probability.LogConcave.Numerics.KernelCorrectionPicard (9.3s)
✔ [9183/9249] Built OAI.Probability.LogConcave.Complexity.KernelValueRmsBudget (6.9s)
✔ [9184/9249] Built OAI.Probability.LogConcave.Numerics.KernelActionPicardRms (5.9s)
✔ [9185/9249] Built OAI.Probability.LogConcave.Complexity.KernelActionRmsBudget (5.9s)
✔ [9186/9249] Built OAI.Probability.LogConcave.Numerics.CenteringVelocityPicard (6.2s)
✔ [9187/9249] Built OAI.Probability.LogConcave.Sampling.CenteringVelocityJoint (6.0s)
✔ [9188/9249] Built OAI.Probability.LogConcave.Sampling.VelocityJointLip (6.9s)
✔ [9189/9249] Built OAI.Probability.LogConcave.Dynamics.StationaryPath (7.0s)
✔ [9190/9249] Built OAI.Probability.LogConcave.Dynamics.ObservableIntegralMeasurable (9.2s)
✔ [9191/9249] Built OAI.Probability.LogConcave.Numerics.CenteringStateQuadratureBudget (9.9s)
✔ [9192/9249] Built OAI.Probability.LogConcave.Sampling.StationaryMeanTarget (12s)
✔ [9193/9249] Built OAI.Probability.LogConcave.OraclePrograms.CenteringMeanCircuit (7.8s)
✔ [9194/9249] Built OAI.Probability.LogConcave.Numerics.Picard (7.5s)
✔ [9195/9249] Built OAI.Probability.LogConcave.Numerics.EvalLipschitz (8.3s)
✔ [9196/9249] Built OAI.Probability.LogConcave.Numerics.CentersBoundPicard (9.8s)
✔ [9197/9249] Built OAI.Probability.LogConcave.OraclePrograms.CircuitD (14s)
✔ [9198/9249] Built OAI.Probability.LogConcave.Sampling.AnchorGauge (8.5s)
✔ [9199/9249] Built OAI.Probability.LogConcave.Sampling.ProbabilityNormalizedTerm (19s)
✔ [9200/9249] Built OAI.Probability.LogConcave.Complexity.KernelActionNormalizedBudget (6.9s)
✔ [9201/9249] Built OAI.Probability.LogConcave.Complexity.KernelAnalyticNormalizedBudget (7.6s)
✔ [9202/9249] Built OAI.Probability.LogConcave.Complexity.EventuallySequences (17s)
✔ [9203/9249] Built OAI.Probability.LogConcave.Sampling.TopScale (19s)
✔ [9204/9249] Built OAI.Probability.LogConcave.OraclePrograms.CenteringMeanCircuitFull (23s)
✔ [9205/9249] Built OAI.Probability.LogConcave.Analysis.Law (25s)
✔ [9206/9249] Built OAI.Probability.LogConcave.Sampling.ProdMapEventReal (26s)
✔ [9207/9249] Built OAI.Probability.LogConcave.Numerics.Forward (31s)
✔ [9208/9249] Built OAI.Probability.LogConcave.Sampling.NumericalLayerCount (32s)
✔ [9209/9249] Built OAI.Probability.LogConcave.Dynamics.IntegralLipschitz (13s)
✔ [9210/9249] Built OAI.Probability.LogConcave.Sampling.PosteriorJointIntegral (13s)
✔ [9211/9249] Built OAI.Probability.LogConcave.Numerics.RowGaussian (19s)
✔ [9212/9249] Built OAI.Probability.LogConcave.Complexity.VelocityNormalizedBudgetCalibrated (19s)
✔ [9213/9249] Built OAI.Probability.LogConcave.Numerics.CenterValuesMono (10s)
✔ [9214/9249] Built OAI.Probability.LogConcave.Numerics.Cost (13s)
✔ [9215/9249] Built OAI.Probability.LogConcave.Sampling.Correlation (15s)
✔ [9216/9249] Built OAI.Probability.LogConcave.Numerics.CompileDeclaredRootShift (9.9s)
✔ [9217/9249] Built OAI.Probability.LogConcave.Sampling.NumericalScalars (10s)
✔ [9218/9249] Built OAI.Probability.LogConcave.Sampling.SampleCorrelation (15s)
✔ [9219/9249] Built OAI.Probability.LogConcave.Numerics.BaseVariation (13s)
✔ [9220/9249] Built OAI.Probability.LogConcave.Numerics.CompileDeclaredRootNormalized (15s)
✔ [9221/9249] Built OAI.Probability.LogConcave.OraclePrograms.CircuitParameters (13s)
✔ [9222/9249] Built OAI.Probability.LogConcave.Numerics.BaseVariationCenters (13s)
✔ [9223/9249] Built OAI.Probability.LogConcave.OraclePrograms.CalibratedMeanCircuit (25s)
✔ [9224/9249] Built OAI.Probability.LogConcave.Sampling.PrependTape (21s)
✔ [9225/9249] Built OAI.Probability.LogConcave.OraclePrograms.MeanSize (15s)
✔ [9226/9249] Built OAI.Probability.LogConcave.Numerics.ScalarPicard (21s)
✔ [9227/9249] Built OAI.Probability.LogConcave.OraclePrograms.MeanTreeBase (8.8s)
✔ [9228/9249] Built OAI.Probability.LogConcave.OraclePrograms.RoutineBudget (10s)
✔ [9229/9249] Built OAI.Probability.LogConcave.Numerics.VelocityWorkCoefficient (12s)
✔ [9230/9249] Built OAI.Probability.LogConcave.OraclePrograms.PairDistBounds (11s)
✔ [9231/9249] Built OAI.Probability.LogConcave.Sampling.LogMeshCountRate (8.3s)
✔ [9232/9249] Built OAI.Probability.LogConcave.Complexity.OccurrenceBudget (8.0s)
✔ [9233/9249] Built OAI.Probability.LogConcave.OraclePrograms.MeanCorrect (11s)
✔ [9234/9249] Built OAI.Probability.LogConcave.Sampling.PairGauge (6.8s)
✔ [9235/9249] Built OAI.Probability.LogConcave.Dynamics.ProbabilityFlowGrowth (10s)
✔ [9236/9249] Built OAI.Probability.LogConcave.OraclePrograms.ShiftInvariant (12s)
✔ [9237/9249] Built OAI.Probability.LogConcave.OraclePrograms.FullTape (14s)
✔ [9238/9249] Built OAI.Probability.LogConcave.OraclePrograms.SampleCorrect (12s)
✔ [9239/9249] Built OAI.Probability.LogConcave.OraclePrograms.Shape (12s)
✔ [9240/9249] Built OAI.Probability.LogConcave.OraclePrograms.TvPre (12s)
✔ [9241/9249] Built OAI.Probability.LogConcave.OraclePrograms.StandaloneCorrect (21s)
✔ [9242/9249] Built OAI.Probability.LogConcave.Sampling.NoiseKernel (24s)
✔ [9243/9249] Built OAI.Probability.LogConcave.Complexity.Envelope (9.5s)
✔ [9244/9249] Built OAI.Probability.LogConcave.Sampling.ChangingChain (14s)
✔ [9245/9249] Built OAI.Probability.LogConcave.OraclePrograms.PrimitiveProducer (9.4s)
✔ [9246/9249] Built OAI.Probability.LogConcave.Sampling.AverageLipschitz (6.9s)
✔ [9247/9249] Built OAI.Probability.LogConcave.OraclePrograms.TopProgram (6.4s)
✔ [9248/9249] Built OAI.Probability.LogConcave.Sampling.MixingEnvelope (6.9s)
✔ [9249/9249] Built OAI.Probability.LogConcave.Main (5.8s)
Build completed successfully (9249 jobs).
== build rc=0 seconds=1387
{"theorems": ["OAI.LogConcaveSampling.exact_source_main"], "defs": ["OAI.LogConcaveSampling.Point", "OAI.LogConcaveSampling.Reply", "OAI.LogConcaveSampling.Transcript", "OAI.LogConcaveSampling.Admissible", "OAI.LogConcaveSampling.gibbsDensity", "OAI.LogConcaveSampling.partition", "OAI.LogConcaveSampling.gibbs", "OAI.LogConcaveSampling.TVAtMost", "OAI.LogConcaveSampling.firstOrderReply", "OAI.LogConcaveSampling.OracleAlgorithm", "OAI.LogConcaveSampling.OracleAlgorithm.history", "OAI.LogConcaveSampling.OracleAlgorithm.run", "OAI.LogConcaveSampling.CanSample", "OAI.LogConcaveSampling.queryComplexity", "OAI.LogConcaveSampling.ExponentBound", "OAI.LogConcaveSampling.gammaStar"], "json_theorems": ["OAI.LogConcaveSampling.exact_source_main"], "missing_from_parse": []}
TYPES/DEFS DIFFER LogConcaveQuery
1,5d0
< /Users/shannon/cc/math/math/lean/Scratch/Challenge_LogConcaveQuery.lean:81:8:
< warning:
< declaration
< uses
< `sorry`
AXIOMS: 'OAI.LogConcaveSampling.exact_source_main' depends on axioms: [propext, Classical.choice, Quot.sound] 
== end=2026-10-09T10:38:02Z
