== MahlerConjecture  module=OAI.Analysis.Mahler.MainTheorem  start=2026-10-07T01:31:48Z
note: using toolchain 'leanprover/lean4:v4.34.1' from override set on '/Users/shannon/cc/math/math/lean'
note: to remove: elan override unset --path '/Users/shannon/cc/math/math/lean' | to suppress: ELAN_NO_OVERRIDE_NOTICE=1
warning: belyi: repository '/Users/shannon/cc/math/math/lean/.lake/packages/belyi' has local changes
warning: formal-schemes: repository '/Users/shannon/cc/math/math/lean/.lake/packages/formal-schemes' has local changes
warning: elliptic-curves: repository '/Users/shannon/cc/math/math/lean/.lake/packages/elliptic-curves' has local changes
warning: tempered-fundamental-groups: repository '/Users/shannon/cc/math/math/lean/.lake/packages/tempered-fundamental-groups' has local changes
warning: oka: repository '/Users/shannon/cc/math/math/lean/.lake/packages/oka' has local changes
warning: orbicurve-cores: repository '/Users/shannon/cc/math/math/lean/.lake/packages/orbicurve-cores' has local changes
warning: pi1: repository '/Users/shannon/cc/math/math/lean/.lake/packages/pi1' has local changes
warning: heights: repository '/Users/shannon/cc/math/math/lean/.lake/packages/heights' has local changes
warning: genl: repository '/Users/shannon/cc/math/math/lean/.lake/packages/genl' has local changes
warning: tate-curves-theta: repository '/Users/shannon/cc/math/math/lean/.lake/packages/tate-curves-theta' has local changes
warning: iut: repository '/Users/shannon/cc/math/math/lean/.lake/packages/iut' has local changes
✔ [3692/3800] Built OAI.Analysis.Mahler.LogUniform (5.9s)
✔ [3693/3800] Built OAI.Analysis.Mahler.CoordinateBall (6.9s)
✔ [3694/3800] Built OAI.Analysis.Mahler.RegularLevelCharts (6.8s)
✔ [3695/3800] Built OAI.Analysis.Mahler.CompactFluxDifferentiation (6.8s)
✔ [3696/3800] Built OAI.Analysis.Mahler.HorizontalForms (7.6s)
✔ [3697/3807] Built OAI.Analysis.Mahler.DCForms (7.6s)
✔ [3698/3807] Built OAI.Analysis.Mahler.HolomorphicRegularity (9.1s)
✔ [3699/3807] Built OAI.Analysis.Mahler.Hessian (11s)
✔ [3700/3807] Built OAI.Analysis.Mahler.RegularSublevel (5.3s)
✔ [3701/3807] Built OAI.Analysis.Mahler.LogJet (7.1s)
✔ [3702/3807] Built OAI.Analysis.Mahler.CoordinateAnnulus (6.4s)
✔ [3703/3810] Built OAI.Analysis.Mahler.WedgeAlgebra (6.7s)
✔ [3704/3810] Built OAI.Analysis.Mahler.PullbackRegularity (6.8s)
✔ [3705/3810] Built OAI.Analysis.Mahler.RescalingEstimates (5.9s)
✔ [3706/3810] Built OAI.Analysis.Mahler.LogScalarJet (8.7s)
✔ [3707/3817] Built OAI.Analysis.Mahler.RegularBoundaryAtlas (4.0s)
✔ [3708/3817] Built OAI.Analysis.Mahler.Positivity (6.6s)
✔ [3709/3817] Built OAI.Analysis.Mahler.ShellRegularity (5.3s)
✔ [3710/3817] Built OAI.Analysis.Mahler.WedgeCalculus (6.6s)
✔ [3711/3817] Built OAI.Analysis.Mahler.CovectorVolume (6.4s)
✔ [3712/3818] Built OAI.Analysis.Mahler.ConformalSeries (6.2s)
✔ [3713/3818] Built OAI.Analysis.Mahler.NormSquareJet (9.5s)
✔ [3714/3818] Built OAI.Analysis.Mahler.RegularPartition (5.5s)
✔ [3715/3818] Built OAI.Analysis.Mahler.RescaledHolomorphic (7.4s)
✔ [3716/3818] Built OAI.Analysis.Mahler.FormStokes (5.5s)
✔ [3717/3818] Built OAI.Analysis.Mahler.MatrixHessian (6.0s)
✔ [3718/3818] Built OAI.Analysis.Mahler.CoordinateSphere (5.1s)
✔ [3719/3818] Built OAI.Analysis.Mahler.FiniteStrips (3.7s)
✔ [3720/3818] Built OAI.Analysis.Mahler.ExteriorPower (5.9s)
✔ [3721/3818] Built OAI.Analysis.Mahler.WedgeDecomposition (5.0s)
✔ [3722/3818] Built OAI.Analysis.Mahler.AngularGeometry (5.8s)
✔ [3723/3818] Built OAI.Analysis.Mahler.UniformJet (5.7s)
✔ [3724/3818] Built OAI.Analysis.Mahler.ChartStokes (6.5s)
✔ [3725/3818] Built OAI.Analysis.Mahler.MassTarget (6.2s)
✔ [3726/3818] Built OAI.Analysis.Mahler.LogNormSquare (9.1s)
✔ [3727/3818] Built OAI.Analysis.Mahler.CoordinateEuclidean (5.2s)
✔ [3728/3818] Built OAI.Analysis.Mahler.PuncturedBallStokes (6.0s)
✔ [3729/3818] Built OAI.Analysis.Mahler.HomogeneousFlux (8.1s)
✔ [3730/3818] Built OAI.Analysis.Mahler.WedgeAssociativity (6.6s)
✔ [3731/3818] Built OAI.Analysis.Mahler.ConformalInjectivity (5.7s)
✔ [3732/3818] Built OAI.Analysis.Mahler.AngularIntegrals (7.1s)
✔ [3733/3818] Built OAI.Analysis.Mahler.OrientedChartIntegral (5.7s)
✔ [3734/3818] Built OAI.Analysis.Mahler.FormLocalization (6.7s)
✔ [3735/3818] Built OAI.Analysis.Mahler.RescaledMassMap (6.5s)
✔ [3736/3818] Built OAI.Analysis.Mahler.OpenHessian (7.5s)
✔ [3737/3818] Built OAI.Analysis.Mahler.HolomorphicLogC2 (5.8s)
✔ [3738/3824] Built OAI.Analysis.Mahler.HemisphereChart (7.3s)
✔ [3739/3824] Built OAI.Analysis.Mahler.ComplexCoordinates (6.0s)
✔ [3741/3824] Built OAI.Analysis.Mahler.WedgeEven (6.6s)
✔ [3742/3824] Built OAI.Analysis.Mahler.AngularEndpoint (5.9s)
✔ [3743/3869] Built OAI.Analysis.Mahler.WedgeOne (6.3s)
✔ [3752/3869] Built OAI.Analysis.Mahler.ExteriorFlux (9.5s)
✔ [3753/3870] Built OAI.Analysis.Mahler.HalfspaceStokes (6.6s)
✔ [3754/3870] Built OAI.Analysis.Mahler.SourceRescaling (7.9s)
✔ [3755/3870] Built OAI.Analysis.Mahler.ExteriorAlternatization (5.2s)
✔ [3756/3870] Built OAI.Analysis.Mahler.SphereTransport (6.5s)
✔ [3757/3870] Built OAI.Analysis.Mahler.AngularStrip (5.8s)
✔ [3758/3870] Built OAI.Analysis.Mahler.PlanarEstimates (6.1s)
✔ [3759/3870] Built OAI.Analysis.Mahler.HemisphereJacobian (9.3s)
✔ [3760/3872] Built OAI.Analysis.Mahler.DilationTransport (7.3s)
✔ [3761/3872] Built OAI.Analysis.Mahler.ExteriorCoefficient (7.8s)
✔ [3762/3872] Built OAI.Analysis.Mahler.ExteriorHessian (7.9s)
✔ [3763/3872] Built OAI.Analysis.Mahler.SourceHomogeneous (6.6s)
✔ [3764/3878] Built OAI.Analysis.Mahler.InteriorStokes (6.5s)
✔ [3765/3878] Built OAI.Analysis.Mahler.SourceLogC2 (7.3s)
✔ [3766/3878] Built OAI.Analysis.Mahler.RawExteriorPower (6.4s)
✔ [3767/3878] Built OAI.Analysis.Mahler.ConformalInverse (5.5s)
✔ [3768/3881] Built OAI.Analysis.Mahler.TailIntegral (6.6s)
✔ [3769/3882] Built OAI.Analysis.Mahler.HemisphereMeasure (6.2s)
✔ [3770/3882] Built OAI.Analysis.Mahler.DCRegularity (6.1s)
✔ [3771/3882] Built OAI.Analysis.Mahler.ContinuousWedge (14s)
✔ [3772/3882] Built OAI.Analysis.Mahler.HomogeneousDeformation (7.9s)
✔ [3773/3885] Built OAI.Analysis.Mahler.BasisContinuousWedge (8.0s)
✔ [3774/3885] Built OAI.Analysis.Mahler.BoundaryJet (10s)
✔ [3775/3885] Built OAI.Analysis.Mahler.RegularStokesAssembly (6.1s)
✔ [3776/3885] Built OAI.Analysis.Mahler.ChartExtension (7.3s)
✔ [3777/3889] Built OAI.Analysis.Mahler.RawAlternatingCalculus (6.1s)
✔ [3778/3889] Built OAI.Analysis.Mahler.VerticalRadius (6.3s)
✔ [3779/3889] Built OAI.Analysis.Mahler.SineBound (6.1s)
✔ [3780/3889] Built OAI.Analysis.Mahler.HemisphereArea (6.1s)
✔ [3781/3889] Built OAI.Analysis.Mahler.ErrorBound (7.9s)
✔ [3782/3889] Built OAI.Analysis.Mahler.SphereForms (7.8s)
✔ [3783/3889] Built OAI.Analysis.Mahler.RegularChartStokes (6.8s)
✔ [3784/3889] Built OAI.Analysis.Mahler.SourceCoordinateMeasure (5.8s)
✔ [3785/3892] Built OAI.Analysis.Mahler.ExteriorCoordinates (9.8s)
✔ [3786/3892] Built OAI.Analysis.Mahler.ContinuousWedgeDerivative (11s)
✔ [3787/3892] Built OAI.Analysis.Mahler.ConformalRadialRegularity (6.3s)
✔ [3788/3893] Built OAI.Analysis.Mahler.RawClosedProduct (7.4s)
✔ [3789/3893] Built OAI.Analysis.Mahler.HemisphereFlux (7.4s)
✔ [3790/3897] Built OAI.Analysis.Mahler.UniformError (7.0s)
✔ [3791/3899] Built OAI.Analysis.Mahler.SphereNormalization (7.2s)
✔ [3792/3899] Built OAI.Analysis.Mahler.NormSquareForm (7.6s)
✔ [3793/3899] Built OAI.Analysis.Mahler.LevelFace (6.6s)
✔ [3794/3899] Built OAI.Analysis.Mahler.InverseRadialRegularity (5.9s)
✔ [3795/3913] Built OAI.Analysis.Mahler.PunctureCutoff (7.7s)
✔ [3796/3913] Built OAI.Analysis.Mahler.ExteriorDirectional (7.8s)
✔ [3797/3913] Built OAI.Analysis.Mahler.RawClosedPower (6.1s)
✔ [3798/3913] Built OAI.Analysis.Mahler.RadialBridge (5.6s)
✔ [3800/3913] Built OAI.Analysis.Mahler.MassLimit (6.2s)
✔ [3801/3913] Built OAI.Analysis.Mahler.NormExteriorPower (7.4s)
✔ [3802/3913] Built OAI.Analysis.Mahler.LevelForms (7.3s)
✔ [3803/3913] Built OAI.Analysis.Mahler.CompactIntegral (6.3s)
✔ [3805/3913] Built OAI.Analysis.Mahler.SphereRadius (5.0s)
✔ [3806/3913] Built OAI.Analysis.Mahler.PuncturedSublevelStokes (6.8s)
✔ [3807/3914] Built OAI.Analysis.Mahler.RawCoefficientDerivative (6.9s)
✔ [3808/3914] Built OAI.Analysis.Mahler.ClosedBoundaryStokes (7.9s)
✔ [3809/3914] Built OAI.Analysis.Mahler.PrimitiveBound (7.1s)
✔ [3810/3918] Built OAI.Analysis.Mahler.VerticalSpeed (6.2s)
✔ [3811/3919] Built OAI.Analysis.Mahler.ReferenceSphere (7.9s)
✔ [3812/3919] Built OAI.Analysis.Mahler.SphereFlux (7.8s)
✔ [3813/3919] Built OAI.Analysis.Mahler.Jacobian (5.8s)
✔ [3814/3919] Built OAI.Analysis.Mahler.OrientedSphereDensity (7.6s)
✔ [3815/3919] Built OAI.Analysis.Mahler.MatrixExteriorPower (8.5s)
✔ [3816/3919] Built OAI.Analysis.Mahler.SphereCoordinateIntegral (6.3s)
✔ [3817/3919] Built OAI.Analysis.Mahler.RawAlternationDerivative (7.2s)
✔ [3818/3919] Built OAI.Analysis.Mahler.ImplicitAngle (6.6s)
✔ [3820/3932] Built OAI.Analysis.Mahler.ComplexVolume (6.8s)
✔ [3821/3932] Built OAI.Analysis.Mahler.SphereAreaTransport (6.9s)
✔ [3822/3932] Built OAI.Analysis.Mahler.SphereFluxIntegral (6.8s)
✔ [3823/3932] Built OAI.Analysis.Mahler.SphereFluxLimit (9.3s)
✔ [3824/3932] Built OAI.Analysis.Mahler.OpenExteriorNormalization (7.6s)
✔ [3825/3932] Built OAI.Analysis.Mahler.AngularFibers (5.8s)
✔ [3826/3932] Built OAI.Analysis.Mahler.FluxVariation (9.6s)
✔ [3827/3932] Built OAI.Analysis.Mahler.RawReindexedDerivative (7.2s)
✔ [3828/3932] Built OAI.Analysis.Mahler.WedgeUnit (7.1s)
✔ [3829/3932] Built OAI.Analysis.Mahler.SphereVolumeOrientation (7.1s)
✔ [3830/3932] Built OAI.Analysis.Mahler.SphereFluxDifferentiation (8.0s)
✔ [3831/3932] Built OAI.Analysis.Mahler.FiberPrimitive (6.1s)
✔ [3832/3932] Built OAI.Analysis.Mahler.UnitaryReference (8.5s)
✔ [3833/3932] Built OAI.Analysis.Mahler.FiberHeight (6.5s)
✔ [3834/3932] Built OAI.Analysis.Mahler.LogDilation (9.2s)
✔ [3835/3932] Built OAI.Analysis.Mahler.SourceLevelFlux (9.3s)
✔ [3836/3932] Built OAI.Analysis.Mahler.WedgeTwoDifferentialAlgebra (7.0s)
✔ [3837/3932] Built OAI.Analysis.Mahler.PlanarErrorRate (6.3s)
✔ [3838/3932] Built OAI.Analysis.Mahler.FiberEndpoint (6.3s)
✔ [3839/3932] Built OAI.Analysis.Mahler.RadialPrimitiveDeriv (6.5s)
✔ [3840/3932] Built OAI.Analysis.Mahler.ReferencePole (8.3s)
✔ [3841/3932] Built OAI.Analysis.Mahler.ExactFormCoordinates (11s)
✔ [3842/3932] Built OAI.Analysis.Mahler.SphereOrientation (8.6s)
✔ [3843/3932] Built OAI.Analysis.Mahler.SourceSphereLimit (8.2s)
✔ [3844/3932] Built OAI.Analysis.Mahler.FiberPreimageEndpoint (5.6s)
✔ [3845/3932] Built OAI.Analysis.Mahler.GlobalVerticalGeometry (5.9s)
✔ [3846/3932] Built OAI.Analysis.Mahler.ActualVerticalPrimitive (5.4s)
✔ [3847/3932] Built OAI.Analysis.Mahler.SourceFluxRegularity (10s)
✔ [3848/3932] Built OAI.Analysis.Mahler.ExactSphereFluxBridge (7.5s)
✔ [3849/3932] Built OAI.Analysis.Mahler.ReferencePoleFrame (7.8s)
✔ [3850/3932] Built OAI.Analysis.Mahler.GlobalFiberParametrization (5.6s)
✔ [3851/3932] Built OAI.Analysis.Mahler.PlanarDensity (5.8s)
✔ [3852/3932] Built OAI.Analysis.Mahler.RealLogBridge (9.6s)
✔ [3853/3932] Built OAI.Analysis.Mahler.ExteriorLeibnizTwo (16s)
✔ [3854/3932] Built OAI.Analysis.Mahler.SourceCoordinateForms (8.9s)
✔ [3855/3932] Built OAI.Analysis.Mahler.ReferenceSphereIntegral (6.7s)
✔ [3856/3932] Built OAI.Analysis.Mahler.ExactSphereStokes (7.8s)
✔ [3857/3932] Built OAI.Analysis.Mahler.PlanarSymmetry (5.7s)
✔ [3858/3932] Built OAI.Analysis.Mahler.PlanarIntegralRegularity (5.7s)
✔ [3859/3932] Built OAI.Analysis.Mahler.PrimitiveEquality (5.4s)
✔ [3860/3932] Built OAI.Analysis.Mahler.SphereDensityRestriction (5.0s)
✔ [3861/3932] Built OAI.Analysis.Mahler.GlobalPlanarBound (4.2s)
✔ [3862/3932] Built OAI.Analysis.Mahler.PlanarRegularity (4.4s)
✔ [3863/3932] Built OAI.Analysis.Mahler.SourceStokes (5.9s)
✔ [3864/3932] Built OAI.Analysis.Mahler.SourceExteriorDerivative (16s)
✔ [3865/3932] Built OAI.Analysis.Mahler.GlobalPlanarMonotonicity (3.7s)
✔ [3866/3932] Built OAI.Analysis.Mahler.HomogeneousSphereIntegral (5.1s)
✔ [3867/3932] Built OAI.Analysis.Mahler.SourceBoundaryIntegral (4.0s)
✔ [3868/3932] Built OAI.Analysis.Mahler.ActualFiniteStrips (3.4s)
✔ [3869/3932] Built OAI.Analysis.Mahler.SourceRawJets (5.6s)
✔ [3870/3932] Built OAI.Analysis.Mahler.HomogeneousDensityVariation (4.5s)
✔ [3871/3932] Built OAI.Analysis.Mahler.StripRankGeometry (6.5s)
✔ [3872/3932] Built OAI.Analysis.Mahler.StripDifferential (6.7s)
✔ [3873/3932] Built OAI.Analysis.Mahler.ConvexApproximation (7.2s)
✔ [3874/3932] Built OAI.Analysis.Mahler.HomogeneousVariationCoefficient (8.1s)
✔ [3875/3932] Built OAI.Analysis.Mahler.HomogeneousSmoothForms (8.4s)
✔ [3876/3932] Built OAI.Analysis.Mahler.SourceRawCoefficient (10s)
✔ [3877/3932] Built OAI.Analysis.Mahler.StripCompactSublevels (6.9s)
✔ [3878/3932] Built OAI.Analysis.Mahler.HomogeneousFluxDifferentiation (12s)
✔ [3879/3932] Built OAI.Analysis.Mahler.HomogeneousCircleIntegral (7.0s)
✔ [3880/3932] Built OAI.Analysis.Mahler.StripJacobian (7.3s)
✔ [3881/3932] Built OAI.Analysis.Mahler.ConvexGeometry (7.7s)
✔ [3882/3932] Built OAI.Analysis.Mahler.PrimitiveRegularity (7.8s)
✔ [3883/3932] Built OAI.Analysis.Mahler.ClosedWedgePowers (10s)
✔ [3884/3932] Built OAI.Analysis.Mahler.StripSublevelTopology (6.1s)
✔ [3885/3932] Built OAI.Analysis.Mahler.SourceRawOrientation (7.4s)
✔ [3886/3932] Built OAI.Analysis.Mahler.StripVolume (6.5s)
✔ [3887/3932] Built OAI.Analysis.Mahler.PairTransgression (19s)
✔ [3888/3932] Built OAI.Analysis.Mahler.HomogeneousFluxFTC (7.6s)
✔ [3889/3932] Built OAI.Analysis.Mahler.ConvexPolarBody (7.1s)
✔ [3890/3932] Built OAI.Analysis.Mahler.ConvexTransfer (6.7s)
✔ [3891/3932] Built OAI.Analysis.Mahler.StripGeometry (5.7s)
✔ [3892/3932] Built OAI.Analysis.Mahler.FiniteStripReduction (6.2s)
✔ [3893/3932] Built OAI.Analysis.Mahler.SourceTopCoordinates (7.1s)
✔ [3894/3932] Built OAI.Analysis.Mahler.ComplexStripMap (7.3s)
✔ [3895/3932] Built OAI.Analysis.Mahler.HomogeneousPrimitiveRegularity (9.5s)
✔ [3896/3932] Built OAI.Analysis.Mahler.SourceFullExterior (9.5s)
✔ [3897/3932] Built OAI.Analysis.Mahler.PairExteriorBridge (6.6s)
✔ [3898/3932] Built OAI.Analysis.Mahler.ConvexCompletion (6.9s)
✔ [3899/3932] Built OAI.Analysis.Mahler.StripRegularValues (6.6s)
✔ [3900/3932] Built OAI.Analysis.Mahler.SourceCanonicalMeasure (6.0s)
✔ [3901/3932] Built OAI.Analysis.Mahler.SpecialLeadingTerm (6.3s)
✔ [3902/3932] Built OAI.Analysis.Mahler.SourceFluxCoordinates (7.0s)
✔ [3903/3932] Built OAI.Analysis.Mahler.SourcePrimitiveStokes (7.0s)
✔ [3904/3932] Built OAI.Analysis.Mahler.SourceRealExterior (7.4s)
✔ [3905/3932] Built OAI.Analysis.Mahler.StripMassExhaustion (5.5s)
✔ [3906/3932] Built OAI.Analysis.Mahler.PowerTransgression (7.3s)
✔ [3907/3932] Built OAI.Analysis.Mahler.SpecialMassHypotheses (4.2s)
✔ [3908/3932] Built OAI.Analysis.Mahler.StripLevelGeometry (4.5s)
✔ [3909/3932] Built OAI.Analysis.Mahler.ConvexSequence (10s)
✔ [3910/3932] Built OAI.Analysis.Mahler.SourceCoordinateExterior (5.9s)
✔ [3911/3932] Built OAI.Analysis.Mahler.SpecialJacobian (4.0s)
✔ [3912/3932] Built OAI.Analysis.Mahler.EuclideanSpecialMap (5.8s)
✔ [3913/3932] Built OAI.Analysis.Mahler.HomogeneousTransgression (7.7s)
✔ [3914/3932] Built OAI.Analysis.Mahler.StripRegularLevels (4.5s)
✔ [3915/3932] Built OAI.Analysis.Mahler.ConvexMain (5.3s)
✔ [3916/3932] Built OAI.Analysis.Mahler.SpecialMassBridge (4.7s)
✔ [3917/3932] Built OAI.Analysis.Mahler.SourceRegularFlux (6.5s)
✔ [3918/3932] Built OAI.Analysis.Mahler.SmallSphereLimits (6.7s)
✔ [3919/3932] Built OAI.Analysis.Mahler.EuclideanRegularLevels (7.1s)
✔ [3920/3932] Built OAI.Analysis.Mahler.ConvexENNRealTransfer (7.0s)
✔ [3921/3932] Built OAI.Analysis.Mahler.EuclideanMassDensity (7.5s)
✔ [3922/3932] Built OAI.Analysis.Mahler.SourceRegularLimit (7.0s)
✔ [3923/3932] Built OAI.Analysis.Mahler.SphereDensityBridge (8.0s)
✔ [3924/3932] Built OAI.Analysis.Mahler.ConvexMassReduction (6.7s)
✔ [3925/3932] Built OAI.Analysis.Mahler.SourceRegularMass (7.4s)
✔ [3926/3932] Built OAI.Analysis.Mahler.RegularMassReduction (6.3s)
✔ [3927/3932] Built OAI.Analysis.Mahler.HomogeneousTransgressionFTC (6.9s)
✔ [3928/3932] Built OAI.Analysis.Mahler.SourceRadiusFlux (7.5s)
✔ [3929/3932] Built OAI.Analysis.Mahler.SpecialSourceMass (4.0s)
✔ [3930/3932] Built OAI.Analysis.Mahler.HomogeneousEndpoint (3.8s)
✔ [3931/3932] Built OAI.Analysis.Mahler.HomogeneousMassAssembly (3.0s)
✔ [3932/3932] Built OAI.Analysis.Mahler.MainTheorem (2.8s)
Build completed successfully (3932 jobs).
== build rc=0 seconds=237
== challenge-side print:
note: using toolchain 'leanprover/lean4:v4.34.1' from override set on '/Users/shannon/cc/math/math/lean'
note: to remove: elan override unset --path '/Users/shannon/cc/math/math/lean' | to suppress: ELAN_NO_OVERRIDE_NOTICE=1
warning: belyi: repository '/Users/shannon/cc/math/math/lean/.lake/packages/belyi' has local changes
warning: formal-schemes: repository '/Users/shannon/cc/math/math/lean/.lake/packages/formal-schemes' has local changes
warning: elliptic-curves: repository '/Users/shannon/cc/math/math/lean/.lake/packages/elliptic-curves' has local changes
warning: tempered-fundamental-groups: repository '/Users/shannon/cc/math/math/lean/.lake/packages/tempered-fundamental-groups' has local changes
warning: oka: repository '/Users/shannon/cc/math/math/lean/.lake/packages/oka' has local changes
warning: orbicurve-cores: repository '/Users/shannon/cc/math/math/lean/.lake/packages/orbicurve-cores' has local changes
warning: pi1: repository '/Users/shannon/cc/math/math/lean/.lake/packages/pi1' has local changes
warning: heights: repository '/Users/shannon/cc/math/math/lean/.lake/packages/heights' has local changes
warning: genl: repository '/Users/shannon/cc/math/math/lean/.lake/packages/genl' has local changes
warning: tate-curves-theta: repository '/Users/shannon/cc/math/math/lean/.lake/packages/tate-curves-theta' has local changes
warning: iut: repository '/Users/shannon/cc/math/math/lean/.lake/packages/iut' has local changes
theorem OAI.SymmetricMahler.symmetric_mahler : ∀ {n : ℕ},
  1 ≤ n →
    ∀ {K : Set (Fin n → ℝ)},
      IsCompact K →
        Convex ℝ K →
          (∀ x ∈ K, -x ∈ K) →
            (interior K).Nonempty →
              4 ^ n / ↑n.factorial ≤
                (MeasureTheory.volume K).toReal *
                  (MeasureTheory.volume (OAI.SymmetricMahler.coordinatePolar K)).toReal :=
fun {n} hn {K} hK hconv hsym hint => sorry
== solution-side print + axioms:
note: using toolchain 'leanprover/lean4:v4.34.1' from override set on '/Users/shannon/cc/math/math/lean'
note: to remove: elan override unset --path '/Users/shannon/cc/math/math/lean' | to suppress: ELAN_NO_OVERRIDE_NOTICE=1
warning: belyi: repository '/Users/shannon/cc/math/math/lean/.lake/packages/belyi' has local changes
warning: formal-schemes: repository '/Users/shannon/cc/math/math/lean/.lake/packages/formal-schemes' has local changes
warning: elliptic-curves: repository '/Users/shannon/cc/math/math/lean/.lake/packages/elliptic-curves' has local changes
warning: tempered-fundamental-groups: repository '/Users/shannon/cc/math/math/lean/.lake/packages/tempered-fundamental-groups' has local changes
warning: oka: repository '/Users/shannon/cc/math/math/lean/.lake/packages/oka' has local changes
warning: orbicurve-cores: repository '/Users/shannon/cc/math/math/lean/.lake/packages/orbicurve-cores' has local changes
warning: pi1: repository '/Users/shannon/cc/math/math/lean/.lake/packages/pi1' has local changes
warning: heights: repository '/Users/shannon/cc/math/math/lean/.lake/packages/heights' has local changes
warning: genl: repository '/Users/shannon/cc/math/math/lean/.lake/packages/genl' has local changes
warning: tate-curves-theta: repository '/Users/shannon/cc/math/math/lean/.lake/packages/tate-curves-theta' has local changes
warning: iut: repository '/Users/shannon/cc/math/math/lean/.lake/packages/iut' has local changes
theorem OAI.SymmetricMahler.symmetric_mahler : ∀ {n : ℕ},
  1 ≤ n →
    ∀ {K : Set (Fin n → ℝ)},
      IsCompact K →
        Convex ℝ K →
          (∀ x ∈ K, -x ∈ K) →
            (interior K).Nonempty →
              4 ^ n / ↑n.factorial ≤
                (MeasureTheory.volume K).toReal *
                  (MeasureTheory.volume (OAI.SymmetricMahler.coordinatePolar K)).toReal :=
fun {n} hn {K} hK hconv hsym hint =>
  Nat.casesAuxOn (motive := fun a =>
    n = a →
      4 ^ n / ↑n.factorial ≤
        (MeasureTheory.volume K).toReal * (MeasureTheory.volume (OAI.SymmetricMahler.coordinatePolar K)).toReal)
    n
    (fun h =>
      Eq.ndrec (motive := fun {n} =>
        1 ≤ n →
          ∀ {K : Set (Fin n → ℝ)},
            IsCompact K →
              Convex ℝ K →
                (∀ x ∈ K, -x ∈ K) →
                  (interior K).Nonempty →
                    4 ^ n / ↑n.factorial ≤
                      (MeasureTheory.volume K).toReal *
                        (MeasureTheory.volume (OAI.SymmetricMahler.coordinatePolar K)).toReal)
        (fun hn {K} hK hconv hsym hint =>
          Decidable.byContradiction fun a => OAI.SymmetricMahler.symmetric_mahler._proof_1_1 hn)
        (Eq.symm h) hn hK hconv hsym hint)
    (fun k h =>
      Eq.ndrec (motive := fun {n} =>
        1 ≤ n →
          ∀ {K : Set (Fin n → ℝ)},
            IsCompact K →
              Convex ℝ K →
                (∀ x ∈ K, -x ∈ K) →
                  (interior K).Nonempty →
                    4 ^ n / ↑n.factorial ≤
                      (MeasureTheory.volume K).toReal *
                        (MeasureTheory.volume (OAI.SymmetricMahler.coordinatePolar K)).toReal)
        (fun hn {K} hK hconv hsym hint =>
          OAI.SymmetricMahler.symmetric_mahler_from_special_homogeneous_values k
            (fun N A hA m hm =>
              OAI.Mahler.MassHypotheses.homogeneousSphereFlux_value
                (OAI.SymmetricMahler.euclideanSpecial_massHypotheses A hn hA hm))
            hK hconv hsym hint)
        (Eq.symm h) hn hK hconv hsym hint)
    (Eq.refl n)
'OAI.SymmetricMahler.symmetric_mahler' depends on axioms: [propext, Classical.choice, Quot.sound]
TYPES DIFFER MahlerConjecture (see /Users/shannon/cc/math/verification/lean_checks/MahlerConjecture.*.norm)
24c24,62
< fun {n} hn {K} hK hconv hsym hint => sorry
---
> fun {n} hn {K} hK hconv hsym hint =>
>   Nat.casesAuxOn (motive := fun a =>
>     n = a →
>       4 ^ n / ↑n.factorial ≤
>         (MeasureTheory.volume K).toReal * (MeasureTheory.volume (OAI.SymmetricMahler.coordinatePolar K)).toReal)
>     n
>     (fun h =>
>       Eq.ndrec (motive := fun {n} =>
>         1 ≤ n →
>           ∀ {K : Set (Fin n → ℝ)},
>             IsCompact K →
>               Convex ℝ K →
>                 (∀ x ∈ K, -x ∈ K) →
>                   (interior K).Nonempty →
>                     4 ^ n / ↑n.factorial ≤
>                       (MeasureTheory.volume K).toReal *
>                         (MeasureTheory.volume (OAI.SymmetricMahler.coordinatePolar K)).toReal)
>         (fun hn {K} hK hconv hsym hint =>
>           Decidable.byContradiction fun a => OAI.SymmetricMahler.symmetric_mahler._proof_1_1 hn)
>         (Eq.symm h) hn hK hconv hsym hint)
>     (fun k h =>
>       Eq.ndrec (motive := fun {n} =>
>         1 ≤ n →
>           ∀ {K : Set (Fin n → ℝ)},
>             IsCompact K →
>               Convex ℝ K →
>                 (∀ x ∈ K, -x ∈ K) →
>                   (interior K).Nonempty →
>                     4 ^ n / ↑n.factorial ≤
>                       (MeasureTheory.volume K).toReal *
>                         (MeasureTheory.volume (OAI.SymmetricMahler.coordinatePolar K)).toReal)
>         (fun hn {K} hK hconv hsym hint =>
>           OAI.SymmetricMahler.symmetric_mahler_from_special_homogeneous_values k
>             (fun N A hA m hm =>
>               OAI.Mahler.MassHypotheses.homogeneousSphereFlux_value
>                 (OAI.SymmetricMahler.euclideanSpecial_massHypotheses A hn hA hm))
>             hK hconv hsym hint)
AXIOMS: 'OAI.SymmetricMahler.symmetric_mahler' depends on axioms: [propext, Classical.choice, Quot.sound] 
== end=2026-10-07T01:36:21Z
== MahlerConjecture recheck (no build) 2026-10-07T01:47:27Z
{"theorems": ["OAI.SymmetricMahler.symmetric_mahler"], "defs": ["OAI.SymmetricMahler.coordinatePolar"], "json_theorems": ["OAI.SymmetricMahler.symmetric_mahler"], "missing_from_parse": []}
TYPES/DEFS DIFFER MahlerConjecture
1,5d0
< /Users/shannon/cc/math/math/lean/Scratch/Challenge_MahlerConjecture.lean:15:8:
< warning:
< declaration
< uses
< `sorry`
AXIOMS: 'OAI.SymmetricMahler.symmetric_mahler' depends on axioms: [propext, Classical.choice, Quot.sound] 
== end=2026-10-07T01:48:43Z
