== MassAction  module=OAI.Analysis.MassAction.Main  start=2026-10-07T01:44:49Z
note: using toolchain 'leanprover/lean4:v4.34.1' from override set on '/Users/shannon/cc/math/math/lean'
note: to remove: elan override unset --path '/Users/shannon/cc/math/math/lean' | to suppress: ELAN_NO_OVERRIDE_NOTICE=1
warning: belyi: repository '/Users/shannon/cc/math/math/lean/.lake/packages/belyi' has local changes
warning: formal-schemes: repository '/Users/shannon/cc/math/math/lean/.lake/packages/formal-schemes' has local changes
warning: elliptic-curves: repository '/Users/shannon/cc/math/math/lean/.lake/packages/elliptic-curves' has local changes
warning: tempered-fundamental-groups: repository '/Users/shannon/cc/math/math/lean/.lake/packages/tempered-fundamental-groups' has local changes
warning: oka: repository '/Users/shannon/cc/math/math/lean/.lake/packages/oka' has local changes
warning: orbicurve-cores: repository '/Users/shannon/cc/math/math/lean/.lake/packages/orbicurve-cores' has local changes
warning: pi1: repository '/Users/shannon/cc/math/math/lean/.lake/packages/pi1' has local changes
warning: heights: repository '/Users/shannon/cc/math/math/lean/.lake/packages/heights' has local changes
warning: genl: repository '/Users/shannon/cc/math/math/lean/.lake/packages/genl' has local changes
warning: tate-curves-theta: repository '/Users/shannon/cc/math/math/lean/.lake/packages/tate-curves-theta' has local changes
warning: iut: repository '/Users/shannon/cc/math/math/lean/.lake/packages/iut' has local changes
✔ [8924/8994] Built OAI.Analysis.MassAction.ExponentAsymptotics (7.7s)
✔ [8925/8994] Built OAI.Analysis.MassAction.PowerAsymptotics (8.0s)
✔ [8926/8994] Built OAI.Analysis.MassAction.LocalExistence (35s)
✔ [8927/8994] Built OAI.Analysis.MassAction.ClampExtension (43s)
✔ [8928/8994] Built OAI.Analysis.MassAction.CompactBounds (43s)
✔ [8929/8994] Built OAI.Analysis.MassAction.FirstExit (43s)
✔ [8930/8994] Built OAI.Analysis.MassAction.GlueCurves (43s)
✔ [8931/8994] Built OAI.Analysis.MassAction.UniformActivity (43s)
✔ [8932/8994] Built OAI.Analysis.MassAction.AffineLocalization (44s)
✔ [8933/8994] Built OAI.Analysis.MassAction.IntervalChain (36s)
✔ [8934/8994] Built OAI.Analysis.MassAction.PlateauGeometry (40s)
✔ [8935/8994] Built OAI.Analysis.MassAction.AffineSignGap (40s)
✔ [8936/8994] Built OAI.Analysis.MassAction.SmallParameter (40s)
✔ [8937/8994] Built OAI.Analysis.MassAction.CutDecomposition (40s)
✔ [8938/8994] Built OAI.Analysis.MassAction.AffineLimitSet (39s)
✔ [8939/8994] Built OAI.Analysis.MassAction.Model (39s)
✔ [8940/8994] Built OAI.Analysis.MassAction.FiniteMinimum (40s)
✔ [8941/8994] Built OAI.Analysis.MassAction.SignTolerance (40s)
✔ [8942/8994] Built OAI.Analysis.MassAction.ActivityLimits (68s)
✔ [8943/8994] Built OAI.Analysis.MassAction.UniformOffsetDecay (68s)
✔ [8944/8994] Built OAI.Analysis.MassAction.ActiveBranchMinimum (68s)
✔ [8945/8994] Built OAI.Analysis.MassAction.AffineApproximation (68s)
✔ [8946/8994] Built OAI.Analysis.MassAction.FixedMinimum (68s)
✔ [8947/8994] Built OAI.Analysis.MassAction.FixedMinimumEstimates (68s)
✔ [8948/8994] Built OAI.Analysis.MassAction.AffineGluing (68s)
✔ [8949/8994] Built OAI.Analysis.MassAction.IntervalGluing (68s)
✔ [8950/8994] Built OAI.Analysis.MassAction.PlateauCertificate (50s)
✔ [8951/8994] Built OAI.Analysis.MassAction.ReciprocalBox (50s)
✔ [8952/8994] Built OAI.Analysis.MassAction.MassActionDot (50s)
✔ [8953/8994] Built OAI.Analysis.MassAction.ODEUniqueness (50s)
✔ [8954/8994] Built OAI.Analysis.MassAction.MassActionRegularity (50s)
✔ [8955/8994] Built OAI.Analysis.MassAction.CutFlux (50s)
✔ [8956/8994] Built OAI.Analysis.MassAction.ODEConcatenation (51s)
✔ [8957/8994] Built OAI.Analysis.MassAction.MonomialOrder (50s)
✔ [8958/8994] Built OAI.Analysis.MassAction.AffineCertificates (53s)
✔ [8959/8994] Built OAI.Analysis.MassAction.LayerSequence (53s)
✔ [8960/8994] Built OAI.Analysis.MassAction.AffineLocalBand (53s)
✔ [8961/8994] Built OAI.Analysis.MassAction.AffineNeighborhood (53s)
✔ [8962/8994] Built OAI.Analysis.MassAction.PolyhedronGeometry (53s)
✔ [8963/8994] Built OAI.Analysis.MassAction.AffineTrajectory (53s)
✔ [8964/8994] Built OAI.Analysis.MassAction.CoordinateEmbedding (53s)
✔ [8965/8994] Built OAI.Analysis.MassAction.AffineGlobalGluing (53s)
✔ [8966/8994] Built OAI.Analysis.MassAction.MassActionFlux (79s)
✔ [8967/8994] Built OAI.Analysis.MassAction.SolutionUniqueness (79s)
✔ [8968/8994] Built OAI.Analysis.MassAction.AffineUniformCertificate (78s)
✔ [8969/8994] Built OAI.Analysis.MassAction.BarrierTrapping (79s)
✔ [8970/8994] Built OAI.Analysis.MassAction.FixedMinimumCertificate (80s)
✔ [8971/8994] Built OAI.Analysis.MassAction.AffineLayers (79s)
✔ [8972/8994] Built OAI.Analysis.MassAction.ODEGlobal (79s)
✔ [8973/8994] Built OAI.Analysis.MassAction.AffineFamilyGluing (79s)
✔ [8974/8994] Built OAI.Analysis.MassAction.AffineCertificateBridge (83s)
✔ [8975/8994] Built OAI.Analysis.MassAction.LocalCertificateRadius (84s)
✔ [8976/8994] Built OAI.Analysis.MassAction.AffinePolytope (84s)
✔ [8977/8994] Built OAI.Analysis.MassAction.CompactContinuation (83s)
✔ [8978/8994] Built OAI.Analysis.MassAction.LabelTrajectory (84s)
✔ [8979/8994] Built OAI.Analysis.MassAction.UniformAffineData (83s)
✔ [8980/8994] Built OAI.Analysis.MassAction.TypeFamily (84s)
✔ [8981/8994] Built OAI.Analysis.MassAction.NetworkBarrier (83s)
✔ [8982/8994] Built OAI.Analysis.MassAction.AffineLocalConstructor (48s)
✔ [8983/8994] Built OAI.Analysis.MassAction.GlueLocalCertificates (48s)
✔ [8984/8994] Built OAI.Analysis.MassAction.CompactInvariance (48s)
✔ [8985/8994] Built OAI.Analysis.MassAction.NetworkApproximation (48s)
✔ [8986/8994] Built OAI.Analysis.MassAction.TypeFamilyCertificate (48s)
✔ [8987/8994] Built OAI.Analysis.MassAction.BarrierGeometry (48s)
✔ [8988/8994] Built OAI.Analysis.MassAction.AffineGlobalAssembly (48s)
✔ [8989/8994] Built OAI.Analysis.MassAction.AffineExistence (29s)
✔ [8990/8994] Built OAI.Analysis.MassAction.CanonicalLocalConstructor (29s)
✔ [8991/8994] Built OAI.Analysis.MassAction.AffineCertificateGluing (28s)
✔ [8992/8994] Built OAI.Analysis.MassAction.BarrierInvariance (29s)
✔ [8993/8994] Built OAI.Analysis.MassAction.CompleteAffine (12s)
✔ [8994/8994] Built OAI.Analysis.MassAction.Main (14s)
Build completed successfully (8994 jobs).
