== MatchingPSD  module=OAI.Combinatorics.MatchingPSD.Main  start=2026-10-08T10:58:37Z
warning: PrimeNumberTheoremAnd: repository '/Users/shannon/cc/math/math/lean/.lake/packages/PrimeNumberTheoremAnd' has local changes
warning: belyi: repository '/Users/shannon/cc/math/math/lean/.lake/packages/belyi' has local changes
warning: formal-schemes: repository '/Users/shannon/cc/math/math/lean/.lake/packages/formal-schemes' has local changes
warning: elliptic-curves: repository '/Users/shannon/cc/math/math/lean/.lake/packages/elliptic-curves' has local changes
warning: tempered-fundamental-groups: repository '/Users/shannon/cc/math/math/lean/.lake/packages/tempered-fundamental-groups' has local changes
warning: oka: repository '/Users/shannon/cc/math/math/lean/.lake/packages/oka' has local changes
warning: orbicurve-cores: repository '/Users/shannon/cc/math/math/lean/.lake/packages/orbicurve-cores' has local changes
warning: pi1: repository '/Users/shannon/cc/math/math/lean/.lake/packages/pi1' has local changes
warning: heights: repository '/Users/shannon/cc/math/math/lean/.lake/packages/heights' has local changes
warning: genl: repository '/Users/shannon/cc/math/math/lean/.lake/packages/genl' has local changes
warning: tate-curves-theta: repository '/Users/shannon/cc/math/math/lean/.lake/packages/tate-curves-theta' has local changes
warning: iut: repository '/Users/shannon/cc/math/math/lean/.lake/packages/iut' has local changes
warning: gromov: repository '/Users/shannon/cc/math/math/lean/.lake/packages/gromov' has local changes
warning: SphereEversion: repository '/Users/shannon/cc/math/math/lean/.lake/packages/SphereEversion' has local changes
warning: schoenflies-lean: repository '/Users/shannon/cc/math/math/lean/.lake/packages/schoenflies-lean' has local changes
warning: ClassFieldTheory: repository '/Users/shannon/cc/math/math/lean/.lake/packages/ClassFieldTheory' has local changes
warning: AINTLIB: repository '/Users/shannon/cc/math/math/lean/.lake/packages/AINTLIB' has local changes
warning: AbsorptionCutoff: repository '/Users/shannon/cc/math/math/lean/.lake/packages/AbsorptionCutoff' has local changes
warning: StrongPNT: repository '/Users/shannon/cc/math/math/lean/.lake/packages/StrongPNT' has local changes
warning: carleson: repository '/Users/shannon/cc/math/math/lean/.lake/packages/carleson' has local changes
warning: rellich-kondrachov: repository '/Users/shannon/cc/math/math/lean/.lake/packages/rellich-kondrachov' has local changes
warning: Zeta3Irrational: repository '/Users/shannon/cc/math/math/lean/.lake/packages/Zeta3Irrational' has local changes
warning: fixed-point-theorems: repository '/Users/shannon/cc/math/math/lean/.lake/packages/fixed-point-theorems' has local changes
✔ [8924/8976] Built OAI.Combinatorics.MatchingPSD.Model (5.4s)
✔ [8925/8976] Built OAI.Combinatorics.MatchingPSD.Involutions (6.3s)
✔ [8926/8976] Built OAI.Combinatorics.MatchingPSD.EdgeProducts (5.3s)
✔ [8927/8976] Built OAI.Combinatorics.MatchingPSD.Pairings (6.6s)
✔ [8928/8976] Built OAI.Combinatorics.MatchingPSD.RepresentationDimension (5.8s)
✔ [8929/8976] Built OAI.Combinatorics.MatchingPSD.ColoringCounts (5.7s)
✔ [8930/8976] Built OAI.Combinatorics.MatchingPSD.TransitionMatrices (5.4s)
✔ [8931/8976] Built OAI.Combinatorics.MatchingPSD.TensorBounds (5.3s)
✔ [8932/8976] Built OAI.Combinatorics.MatchingPSD.TypeProbabilities (5.5s)
✔ [8933/8976] Built OAI.Combinatorics.MatchingPSD.TableMoments (7.3s)
✔ [8934/8976] Built OAI.Combinatorics.MatchingPSD.IncidenceKernels (5.7s)
✔ [8935/8976] Built OAI.Combinatorics.MatchingPSD.SpectralMultiplicity (5.5s)
✔ [8936/8976] Built OAI.Combinatorics.MatchingPSD.MatchingIncidence (5.4s)
✔ [8937/8976] Built OAI.Combinatorics.MatchingPSD.SpectralContraction (5.5s)
✔ [8938/8976] Built OAI.Combinatorics.MatchingPSD.EquivariantCompression (6.2s)
✔ [8939/8976] Built OAI.Combinatorics.MatchingPSD.PolynomialSpaces (7.6s)
✔ [8940/8976] Built OAI.Combinatorics.MatchingPSD.FiberAverages (8.5s)
✔ [8941/8976] Built OAI.Combinatorics.MatchingPSD.ScalarSmoothing (12s)
✔ [8942/8976] Built OAI.Combinatorics.MatchingPSD.EdgeMonomials (11s)
✔ [8943/8976] Built OAI.Combinatorics.MatchingPSD.PartialColorings (9.8s)
✔ [8944/8976] Built OAI.Combinatorics.MatchingPSD.ColorPolynomials (12s)
✔ [8945/8976] Built OAI.Combinatorics.MatchingPSD.TableCoordinates (13s)
✔ [8946/8976] Built OAI.Combinatorics.MatchingPSD.TablePolynomials (9.3s)
✔ [8947/8976] Built OAI.Combinatorics.MatchingPSD.PermutationSmoothing (10s)
✔ [8948/8976] Built OAI.Combinatorics.MatchingPSD.CommonSelection (8.7s)
✔ [8949/8976] Built OAI.Combinatorics.MatchingPSD.SimultaneousSmoothing (8.9s)
✔ [8950/8976] Built OAI.Combinatorics.MatchingPSD.MatchingFibers (10s)
✔ [8951/8976] Built OAI.Combinatorics.MatchingPSD.GlobalGeometry (10s)
✔ [8952/8976] Built OAI.Combinatorics.MatchingPSD.AdmissibleTables (10s)
✔ [8953/8976] Built OAI.Combinatorics.MatchingPSD.TableGeometry (8.2s)
✔ [8954/8976] Built OAI.Combinatorics.MatchingPSD.CrossSelection (7.5s)
✔ [8955/8976] Built OAI.Combinatorics.MatchingPSD.AdmissiblePoints (9.3s)
✔ [8956/8976] Built OAI.Combinatorics.MatchingPSD.CutGeometry (7.9s)
✔ [8957/8976] Built OAI.Combinatorics.MatchingPSD.CellAverages (7.9s)
✔ [8958/8976] Built OAI.Combinatorics.MatchingPSD.DeterminantNormalization (8.3s)
✔ [8959/8976] Built OAI.Combinatorics.MatchingPSD.SquareRootDisturbance (8.4s)
✔ [8960/8976] Built OAI.Combinatorics.MatchingPSD.SequentialTests (8.1s)
✔ [8961/8976] Built OAI.Combinatorics.MatchingPSD.BitTests (7.7s)
✔ [8962/8976] Built OAI.Combinatorics.MatchingPSD.MatrixBounds (7.4s)
✔ [8963/8976] Built OAI.Combinatorics.MatchingPSD.MatrixAverages (9.6s)
✔ [8964/8976] Built OAI.Combinatorics.MatchingPSD.PolynomialInterpolation (9.3s)
✔ [8965/8976] Built OAI.Combinatorics.MatchingPSD.MatrixInterpolation (8.3s)
✔ [8966/8976] Built OAI.Combinatorics.MatchingPSD.GoodCells (8.1s)
✔ [8967/8976] Built OAI.Combinatorics.MatchingPSD.DominationDecoder (9.0s)
✔ [8968/8976] Built OAI.Combinatorics.MatchingPSD.CellDecoder (9.4s)
✔ [8969/8976] Built OAI.Combinatorics.MatchingPSD.CellLowerBound (10s)
✔ [8970/8976] Built OAI.Combinatorics.MatchingPSD.FiniteFactorization (9.1s)
✔ [8971/8976] Built OAI.Combinatorics.MatchingPSD.MatchingConversion (7.4s)
✔ [8972/8976] Built OAI.Combinatorics.MatchingPSD.NormalizedFactors (7.4s)
✔ [8973/8976] Built OAI.Combinatorics.MatchingPSD.Padding (7.3s)
✔ [8974/8976] Built OAI.Combinatorics.MatchingPSD.Parameters (7.5s)
✔ [8975/8976] Built OAI.Combinatorics.MatchingPSD.NumericalBounds (7.9s)
✔ [8976/8976] Built OAI.Combinatorics.MatchingPSD.Main (7.2s)
Build completed successfully (8976 jobs).
== build rc=0 seconds=435
{"theorems": ["OAI.PerfectMatchingPSD.main"], "defs": ["OAI.PerfectMatchingPSD.Edge", "OAI.PerfectMatchingPSD.IsPerfectMatching", "OAI.PerfectMatchingPSD.PerfectMatching", "OAI.PerfectMatchingPSD.OddCut", "OAI.PerfectMatchingPSD.Row", "OAI.PerfectMatchingPSD.Crosses", "OAI.PerfectMatchingPSD.crossingCount", "OAI.PerfectMatchingPSD.slack", "OAI.PerfectMatchingPSD.HasFactorization", "OAI.PerfectMatchingPSD.psdRank", "OAI.PerfectMatchingPSD.MainClaim"], "json_theorems": ["OAI.PerfectMatchingPSD.main"], "missing_from_parse": []}
TYPES/DEFS DIFFER MatchingPSD
1,5d0
< /Users/shannon/cc/math/math/lean/Scratch/Challenge_MatchingPSD.lean:50:8:
< warning:
< declaration
< uses
< `sorry`
AXIOMS: 'OAI.PerfectMatchingPSD.main' depends on axioms: [propext, Classical.choice, Quot.sound] 
== end=2026-10-08T11:06:19Z
