== MatchingAffineLift  module=OAI.Combinatorics.MatchingPSD.AffineLift  start=2026-10-08T11:07:06Z
warning: PrimeNumberTheoremAnd: repository '/Users/shannon/cc/math/math/lean/.lake/packages/PrimeNumberTheoremAnd' has local changes
warning: belyi: repository '/Users/shannon/cc/math/math/lean/.lake/packages/belyi' has local changes
warning: formal-schemes: repository '/Users/shannon/cc/math/math/lean/.lake/packages/formal-schemes' has local changes
warning: elliptic-curves: repository '/Users/shannon/cc/math/math/lean/.lake/packages/elliptic-curves' has local changes
warning: tempered-fundamental-groups: repository '/Users/shannon/cc/math/math/lean/.lake/packages/tempered-fundamental-groups' has local changes
warning: oka: repository '/Users/shannon/cc/math/math/lean/.lake/packages/oka' has local changes
warning: orbicurve-cores: repository '/Users/shannon/cc/math/math/lean/.lake/packages/orbicurve-cores' has local changes
warning: pi1: repository '/Users/shannon/cc/math/math/lean/.lake/packages/pi1' has local changes
warning: heights: repository '/Users/shannon/cc/math/math/lean/.lake/packages/heights' has local changes
warning: genl: repository '/Users/shannon/cc/math/math/lean/.lake/packages/genl' has local changes
warning: tate-curves-theta: repository '/Users/shannon/cc/math/math/lean/.lake/packages/tate-curves-theta' has local changes
warning: iut: repository '/Users/shannon/cc/math/math/lean/.lake/packages/iut' has local changes
warning: gromov: repository '/Users/shannon/cc/math/math/lean/.lake/packages/gromov' has local changes
warning: SphereEversion: repository '/Users/shannon/cc/math/math/lean/.lake/packages/SphereEversion' has local changes
warning: schoenflies-lean: repository '/Users/shannon/cc/math/math/lean/.lake/packages/schoenflies-lean' has local changes
warning: ClassFieldTheory: repository '/Users/shannon/cc/math/math/lean/.lake/packages/ClassFieldTheory' has local changes
warning: AINTLIB: repository '/Users/shannon/cc/math/math/lean/.lake/packages/AINTLIB' has local changes
warning: AbsorptionCutoff: repository '/Users/shannon/cc/math/math/lean/.lake/packages/AbsorptionCutoff' has local changes
warning: StrongPNT: repository '/Users/shannon/cc/math/math/lean/.lake/packages/StrongPNT' has local changes
warning: carleson: repository '/Users/shannon/cc/math/math/lean/.lake/packages/carleson' has local changes
warning: rellich-kondrachov: repository '/Users/shannon/cc/math/math/lean/.lake/packages/rellich-kondrachov' has local changes
warning: Zeta3Irrational: repository '/Users/shannon/cc/math/math/lean/.lake/packages/Zeta3Irrational' has local changes
warning: fixed-point-theorems: repository '/Users/shannon/cc/math/math/lean/.lake/packages/fixed-point-theorems' has local changes
✔ [8977/8989] Built OAI.Combinatorics.MatchingPSD.AffineModel (14s)
✔ [8978/8989] Built OAI.Combinatorics.MatchingPSD.PSDEvaluation (16s)
✔ [8979/8989] Built OAI.Combinatorics.MatchingPSD.AffineSums (16s)
✔ [8980/8989] Built OAI.Combinatorics.MatchingPSD.TightMatchings (16s)
✔ [8981/8989] Built OAI.Combinatorics.MatchingPSD.PSDTopology (13s)
✔ [8982/8989] Built OAI.Combinatorics.MatchingPSD.PSDCompression (14s)
✔ [8983/8989] Built OAI.Combinatorics.MatchingPSD.AffineSlacks (15s)
✔ [8984/8989] Built OAI.Combinatorics.MatchingPSD.DiagonalCone (10s)
✔ [8985/8989] Built OAI.Combinatorics.MatchingPSD.OrthogonalCone (9.7s)
✔ [8986/8989] Built OAI.Combinatorics.MatchingPSD.PSDDuality (11s)
✔ [8987/8989] Built OAI.Combinatorics.MatchingPSD.AffineCertificate (9.1s)
✔ [8988/8989] Built OAI.Combinatorics.MatchingPSD.AffineFactorization (9.3s)
✔ [8989/8989] Built OAI.Combinatorics.MatchingPSD.AffineLift (8.4s)
Build completed successfully (8989 jobs).
== build rc=0 seconds=100
{"theorems": ["OAI.PerfectMatchingPSD.affine_lift_lower_bound"], "defs": ["OAI.PerfectMatchingPSD.Edge", "OAI.PerfectMatchingPSD.IsPerfectMatching", "OAI.PerfectMatchingPSD.PerfectMatching", "OAI.PerfectMatchingPSD.matchingPoint", "OAI.PerfectMatchingPSD.matchingPolytope", "OAI.PerfectMatchingPSD.HasAffineLift"], "json_theorems": ["OAI.PerfectMatchingPSD.affine_lift_lower_bound"], "missing_from_parse": []}
TYPES/DEFS DIFFER MatchingAffineLift
1,5d0
< /Users/shannon/cc/math/math/lean/Scratch/Challenge_MatchingAffineLift.lean:27:8:
< warning:
< declaration
< uses
< `sorry`
AXIOMS: 'OAI.PerfectMatchingPSD.affine_lift_lower_bound' depends on axioms: [propext, Classical.choice, Quot.sound] 
== end=2026-10-08T11:09:24Z
