== MatchingFPRAS  module=OAI.Combinatorics.MatchingCount.Main  start=2026-10-08T07:32:20Z
warning: PrimeNumberTheoremAnd: repository '/Users/shannon/cc/math/math/lean/.lake/packages/PrimeNumberTheoremAnd' has local changes
warning: belyi: repository '/Users/shannon/cc/math/math/lean/.lake/packages/belyi' has local changes
warning: formal-schemes: repository '/Users/shannon/cc/math/math/lean/.lake/packages/formal-schemes' has local changes
warning: elliptic-curves: repository '/Users/shannon/cc/math/math/lean/.lake/packages/elliptic-curves' has local changes
warning: tempered-fundamental-groups: repository '/Users/shannon/cc/math/math/lean/.lake/packages/tempered-fundamental-groups' has local changes
warning: oka: repository '/Users/shannon/cc/math/math/lean/.lake/packages/oka' has local changes
warning: orbicurve-cores: repository '/Users/shannon/cc/math/math/lean/.lake/packages/orbicurve-cores' has local changes
warning: pi1: repository '/Users/shannon/cc/math/math/lean/.lake/packages/pi1' has local changes
warning: heights: repository '/Users/shannon/cc/math/math/lean/.lake/packages/heights' has local changes
warning: genl: repository '/Users/shannon/cc/math/math/lean/.lake/packages/genl' has local changes
warning: tate-curves-theta: repository '/Users/shannon/cc/math/math/lean/.lake/packages/tate-curves-theta' has local changes
warning: iut: repository '/Users/shannon/cc/math/math/lean/.lake/packages/iut' has local changes
warning: gromov: repository '/Users/shannon/cc/math/math/lean/.lake/packages/gromov' has local changes
warning: SphereEversion: repository '/Users/shannon/cc/math/math/lean/.lake/packages/SphereEversion' has local changes
warning: schoenflies-lean: repository '/Users/shannon/cc/math/math/lean/.lake/packages/schoenflies-lean' has local changes
warning: ClassFieldTheory: repository '/Users/shannon/cc/math/math/lean/.lake/packages/ClassFieldTheory' has local changes
warning: AINTLIB: repository '/Users/shannon/cc/math/math/lean/.lake/packages/AINTLIB' has local changes
warning: AbsorptionCutoff: repository '/Users/shannon/cc/math/math/lean/.lake/packages/AbsorptionCutoff' has local changes
warning: StrongPNT: repository '/Users/shannon/cc/math/math/lean/.lake/packages/StrongPNT' has local changes
warning: carleson: repository '/Users/shannon/cc/math/math/lean/.lake/packages/carleson' has local changes
warning: rellich-kondrachov: repository '/Users/shannon/cc/math/math/lean/.lake/packages/rellich-kondrachov' has local changes
warning: Zeta3Irrational: repository '/Users/shannon/cc/math/math/lean/.lake/packages/Zeta3Irrational' has local changes
warning: fixed-point-theorems: repository '/Users/shannon/cc/math/math/lean/.lake/packages/fixed-point-theorems' has local changes
✔ [8975/9338] Built OAI.Combinatorics.MatchingCount.Sampling.FiniteSampler (51s)
✔ [8978/9338] Built OAI.Combinatorics.MatchingCount.Sampling.FiniteSampler3 (52s)
✔ [9028/9338] Built OAI.Combinatorics.MatchingCount.Machines.ProgramComposition (54s)
✔ [9029/9338] Built OAI.Combinatorics.MatchingCount.Graphs.Output (54s)
✔ [9031/9338] Built OAI.Combinatorics.MatchingCount.Arithmetic.BinaryIncrement (54s)
✔ [9037/9338] Built OAI.Combinatorics.MatchingCount.Arithmetic.BinaryCopy (55s)
✔ [9038/9338] Built OAI.Combinatorics.MatchingCount.Graphs.CompleteGraph (58s)
✔ [9049/9338] Built OAI.Combinatorics.MatchingCount.Sampling.FiniteSampler4 (60s)
✔ [9053/9338] Built OAI.Combinatorics.MatchingCount.Sampling.FiniteSampler2 (70s)
✔ [9054/9338] Built OAI.Combinatorics.MatchingCount.Tapes.TreeAddBits (65s)
✔ [9058/9338] Built OAI.Combinatorics.MatchingCount.Machines.TreeLanguage (69s)
✔ [9076/9338] Built OAI.Combinatorics.MatchingCount.Arithmetic.BinaryDivision (71s)
✔ [9079/9338] Built OAI.Combinatorics.MatchingCount.Tapes.ProductBits (69s)
✔ [9080/9338] Built OAI.Combinatorics.MatchingCount.Tapes.RandomWord (69s)
✔ [9086/9338] Built OAI.Combinatorics.MatchingCount.Graphs.Related2 (64s)
✔ [9089/9338] Built OAI.Combinatorics.MatchingCount.Graphs.RatWeight (71s)
✔ [9091/9338] Built OAI.Combinatorics.MatchingCount.Tapes.RandomWordLaw (51s)
✔ [9094/9338] Built OAI.Combinatorics.MatchingCount.Machines.TreeClosureReindex (54s)
✔ [9095/9338] Built OAI.Combinatorics.MatchingCount.Sampling.TreeCategoricalValues (51s)
✔ [9097/9338] Built OAI.Combinatorics.MatchingCount.Arithmetic.TreeMultiply (52s)
✔ [9098/9338] Built OAI.Combinatorics.MatchingCount.Sampling.TreeDPProgram (51s)
✔ [9104/9338] Built OAI.Combinatorics.MatchingCount.Machines.TreeReach (50s)
✔ [9107/9338] Built OAI.Combinatorics.MatchingCount.Graphs.LabelOrder (50s)
✔ [9108/9338] Built OAI.Combinatorics.MatchingCount.Sampling.TableMarking (70s)
✔ [9109/9338] Built OAI.Combinatorics.MatchingCount.Tapes.RandomReservoir (36s)
✔ [9111/9338] Built OAI.Combinatorics.MatchingCount.Machines.TreeFastChoose (36s)
✔ [9112/9338] Built OAI.Combinatorics.MatchingCount.Tapes.TreeNumberedCodec (35s)
✔ [9123/9338] Built OAI.Combinatorics.MatchingCount.Sampling.TreeDPCount (36s)
✔ [9124/9338] Built OAI.Combinatorics.MatchingCount.Machines.TreeQuad (37s)
✔ [9125/9338] Built OAI.Combinatorics.MatchingCount.Graphs.TreeMatchingCheck (37s)
✔ [9126/9338] Built OAI.Combinatorics.MatchingCount.Graphs.RowPeak (43s)
✔ [9127/9338] Built OAI.Combinatorics.MatchingCount.Machines.TreeReachCorrect (40s)
✔ [9129/9338] Built OAI.Combinatorics.MatchingCount.Machines.TreeNumberedSets (37s)
✔ [9130/9338] Built OAI.Combinatorics.MatchingCount.Algorithm.RationalStart (43s)
✔ [9132/9338] Built OAI.Combinatorics.MatchingCount.Machines.OnlineCase (44s)
✔ [9133/9338] Built OAI.Combinatorics.MatchingCount.Sampling.Relabel (44s)
✔ [9134/9338] Built OAI.Combinatorics.MatchingCount.Graphs.TreeHierarchyReindex (43s)
✔ [9136/9338] Built OAI.Combinatorics.MatchingCount.Sampling.Endpoints2 (44s)
✔ [9139/9338] Built OAI.Combinatorics.MatchingCount.Arithmetic.TreeDivision (47s)
✔ [9140/9338] Built OAI.Combinatorics.MatchingCount.Machines.TreeSlotIndex (45s)
✔ [9141/9338] Built OAI.Combinatorics.MatchingCount.Sampling.TreeDPRepresentation (56s)
✔ [9142/9338] Built OAI.Combinatorics.MatchingCount.Machines.TreeQuadDistinct (32s)
✔ [9143/9338] Built OAI.Combinatorics.MatchingCount.Machines.OnlineTraverse (56s)
✔ [9144/9338] Built OAI.Combinatorics.MatchingCount.Arithmetic.TreeFractionExtra (56s)
✔ [9146/9338] Built OAI.Combinatorics.MatchingCount.Graphs.TreeRankPlan (56s)
✔ [9147/9338] Built OAI.Combinatorics.MatchingCount.Tapes.Input (56s)
✔ [9149/9338] Built OAI.Combinatorics.MatchingCount.Graphs.TreeGeometry (55s)
✔ [9150/9338] Built OAI.Combinatorics.MatchingCount.Sampling.TreeFastDPEntry (60s)
✔ [9151/9338] Built OAI.Combinatorics.MatchingCount.Graphs.RelabelMore (54s)
✔ [9152/9338] Built OAI.Combinatorics.MatchingCount.Sampling.RelabelMarking (53s)
✔ [9153/9338] Built OAI.Combinatorics.MatchingCount.Arithmetic.TreeDyadic (54s)
✔ [9154/9338] Built OAI.Combinatorics.MatchingCount.Machines.TreeCertify (54s)
✔ [9156/9338] Built OAI.Combinatorics.MatchingCount.Machines.TreeBottleneck (55s)
✔ [9157/9338] Built OAI.Combinatorics.MatchingCount.Tapes.TreeSparseComponents (56s)
✔ [9158/9338] Built OAI.Combinatorics.MatchingCount.Probability.FinitePMF (58s)
✔ [9159/9338] Built OAI.Combinatorics.MatchingCount.Graphs.TreeSwitchValid (54s)
✔ [9160/9338] Built OAI.Combinatorics.MatchingCount.Algorithm.RelabelWeights (54s)
✔ [9161/9338] Built OAI.Combinatorics.MatchingCount.Machines.OnlineUniform (56s)
✔ [9162/9338] Built OAI.Combinatorics.MatchingCount.Complexity.OnlineTraverseCost (56s)
✔ [9163/9338] Built OAI.Combinatorics.MatchingCount.Machines.TreeBottleneckCorrect (52s)
✔ [9164/9338] Built OAI.Combinatorics.MatchingCount.Sampling.TreeUnitBranch (56s)
✔ [9165/9338] Built OAI.Combinatorics.MatchingCount.Sampling.TreeOptions (56s)
✔ [9166/9338] Built OAI.Combinatorics.MatchingCount.Sampling.TreeClippedDP (55s)
✔ [9167/9338] Built OAI.Combinatorics.MatchingCount.Machines.TreeColorRaw (53s)
✔ [9168/9338] Built OAI.Combinatorics.MatchingCount.Sampling.TreeUnitDraw (59s)
✔ [9169/9338] Built OAI.Combinatorics.MatchingCount.Tapes.TreeErasure (58s)
✔ [9170/9338] Built OAI.Combinatorics.MatchingCount.Probability.OnlineLawBridge (59s)
✔ [9171/9338] Built OAI.Combinatorics.MatchingCount.Sampling.TreeUnitAssemble (59s)
✔ [9172/9338] Built OAI.Combinatorics.MatchingCount.Graphs.TreeHierarchyRoot (59s)
✔ [9173/9338] Built OAI.Combinatorics.MatchingCount.Sampling.TreeOptionsFinite (59s)
✔ [9174/9338] Built OAI.Combinatorics.MatchingCount.Sampling.TreeOptionsAccept (59s)
✔ [9175/9338] Built OAI.Combinatorics.MatchingCount.Sampling.Endpoints (62s)
✔ [9176/9338] Built OAI.Combinatorics.MatchingCount.Sampling.TreeOptionsMaps (62s)
✔ [9177/9338] Built OAI.Combinatorics.MatchingCount.Tapes.TreeErasurePrimitives (63s)
✔ [9178/9338] Built OAI.Combinatorics.MatchingCount.Algorithm.RationalScale (60s)
✔ [9179/9338] Built OAI.Combinatorics.MatchingCount.Sampling.TreeUnitSampler (63s)
✔ [9180/9338] Built OAI.Combinatorics.MatchingCount.Machines.TreeLabelTable (63s)
✔ [9181/9338] Built OAI.Combinatorics.MatchingCount.Machines.TreeClippedRun (64s)
✔ [9182/9338] Built OAI.Combinatorics.MatchingCount.Graphs.TreeCycleTable (64s)
✔ [9183/9338] Built OAI.Combinatorics.MatchingCount.Probability.AdaptiveLaw (62s)
✔ [9184/9338] Built OAI.Combinatorics.MatchingCount.Sampling.TreeUnitCorrect (61s)
✔ [9185/9338] Built OAI.Combinatorics.MatchingCount.Machines.TreeLabelCorrect (61s)
✔ [9186/9338] Built OAI.Combinatorics.MatchingCount.Arithmetic.OnlineFractionParam (61s)
✔ [9187/9338] Built OAI.Combinatorics.MatchingCount.Machines.TreeRationalWeight (59s)
✔ [9188/9338] Built OAI.Combinatorics.MatchingCount.Machines.TreeStateTable (62s)
✔ [9189/9338] Built OAI.Combinatorics.MatchingCount.Sampling.TreeScanChoice (62s)
✔ [9190/9338] Built OAI.Combinatorics.MatchingCount.Graphs.TreeSwitchRaw (62s)
✔ [9191/9338] Built OAI.Combinatorics.MatchingCount.Sampling.TreeFastUnit (62s)
✔ [9192/9338] Built OAI.Combinatorics.MatchingCount.Sampling.DPEnvelope (60s)
✔ [9193/9338] Built OAI.Combinatorics.MatchingCount.Probability.Marking (60s)
✔ [9194/9338] Built OAI.Combinatorics.MatchingCount.Machines.TreeEnumeration (60s)
✔ [9195/9338] Built OAI.Combinatorics.MatchingCount.Arithmetic.TreeStateNormalize (59s)
✔ [9196/9338] Built OAI.Combinatorics.MatchingCount.Sampling.TreeMarking (59s)
✔ [9197/9338] Built OAI.Combinatorics.MatchingCount.Machines.TreeSlotWeight (60s)
✔ [9198/9338] Built OAI.Combinatorics.MatchingCount.Machines.TreeParentTable (60s)
✔ [9199/9338] Built OAI.Combinatorics.MatchingCount.Algorithm.TreeScaling (60s)
✔ [9200/9338] Built OAI.Combinatorics.MatchingCount.Sampling.ClippedEnvelope (55s)
✔ [9201/9338] Built OAI.Combinatorics.MatchingCount.Algorithm.OnlinePowerSearch (54s)
✔ [9202/9338] Built OAI.Combinatorics.MatchingCount.Sampling.TreeLocalSampler (56s)
✔ [9203/9338] Built OAI.Combinatorics.MatchingCount.Algorithm.TreeObservables (55s)
✔ [9204/9338] Built OAI.Combinatorics.MatchingCount.Tapes.TreeSparseNeighbors (57s)
✔ [9205/9338] Built OAI.Combinatorics.MatchingCount.Machines.TreeCappedAssembly (58s)
✔ [9206/9338] Built OAI.Combinatorics.MatchingCount.Sampling.TreeFastDescent (60s)
✔ [9207/9338] Built OAI.Combinatorics.MatchingCount.Sampling.MarkBridge (64s)
✔ [9208/9338] Built OAI.Combinatorics.MatchingCount.Algorithm.TreeScalingCorrect (59s)
✔ [9209/9338] Built OAI.Combinatorics.MatchingCount.Machines.TreeClippedCorrect (58s)
✔ [9210/9338] Built OAI.Combinatorics.MatchingCount.Machines.TreeOrderedTransport (60s)
✔ [9211/9338] Built OAI.Combinatorics.MatchingCount.Algorithm.TreeObservablesCorrect (51s)
✔ [9212/9338] Built OAI.Combinatorics.MatchingCount.Graphs.TreeBagTable (61s)
✔ [9213/9338] Built OAI.Combinatorics.MatchingCount.Algorithm.TreeTierWeights (65s)
✔ [9214/9338] Built OAI.Combinatorics.MatchingCount.Sampling.TreeScan (61s)
✔ [9215/9338] Built OAI.Combinatorics.MatchingCount.Algorithm.TreeEstimator (100s)
✔ [9216/9338] Built OAI.Combinatorics.MatchingCount.Sampling.TreeFastUnitCorrect (69s)
✔ [9217/9338] Built OAI.Combinatorics.MatchingCount.Graphs.TreeBagCorrect (67s)
✔ [9218/9338] Built OAI.Combinatorics.MatchingCount.Algorithm.FiniteStage (70s)
✔ [9219/9338] Built OAI.Combinatorics.MatchingCount.Algorithm.RationalObservables (70s)
✔ [9220/9338] Built OAI.Combinatorics.MatchingCount.Sampling.TreePairTable (71s)
✔ [9221/9338] Built OAI.Combinatorics.MatchingCount.Machines.TreeGuideTables (66s)
✔ [9222/9338] Built OAI.Combinatorics.MatchingCount.Graphs.TreeProfile (72s)
✔ [9223/9338] Built OAI.Combinatorics.MatchingCount.Sampling.TreeScanRun (34s)
✔ [9224/9338] Built OAI.Combinatorics.MatchingCount.Algorithm.FiniteTrialLaw (62s)
✔ [9225/9338] Built OAI.Combinatorics.MatchingCount.Algorithm.RationalEstimator (62s)
✔ [9226/9338] Built OAI.Combinatorics.MatchingCount.Sampling.TreeFastSample (63s)
✔ [9227/9338] Built OAI.Combinatorics.MatchingCount.Graphs.TreeBags (63s)
✔ [9228/9338] Built OAI.Combinatorics.MatchingCount.Sampling.TreePairStep (61s)
✔ [9229/9338] Built OAI.Combinatorics.MatchingCount.Algorithm.TreeReweight (62s)
✔ [9230/9338] Built OAI.Combinatorics.MatchingCount.Algorithm.TreeStageStatistics (64s)
✔ [9231/9338] Built OAI.Combinatorics.MatchingCount.Algorithm.TreeWeights (61s)
✔ [9232/9338] Built OAI.Combinatorics.MatchingCount.Algorithm.RationalCounts (61s)
✔ [9233/9338] Built OAI.Combinatorics.MatchingCount.Algorithm.TreeStageStatisticsCorrect (60s)
✔ [9234/9338] Built OAI.Combinatorics.MatchingCount.Algorithm.RationalUpdate (61s)
✔ [9235/9338] Built OAI.Combinatorics.MatchingCount.Algorithm.TreeWeightsCorrect (59s)
✔ [9236/9338] Built OAI.Combinatorics.MatchingCount.Sampling.TreeSamplerRows (61s)
✔ [9237/9338] Built OAI.Combinatorics.MatchingCount.Sampling.TreeNumericMarking (61s)
✔ [9238/9338] Built OAI.Combinatorics.MatchingCount.Arithmetic.TreeAdaptiveArithmetic (62s)
✔ [9239/9338] Built OAI.Combinatorics.MatchingCount.Algorithm.FiniteTrial (36s)
✔ [9240/9338] Built OAI.Combinatorics.MatchingCount.Machines.TreeMatrix (36s)
✔ [9241/9338] Built OAI.Combinatorics.MatchingCount.Algorithm.TreeNumericStatistics (37s)
✔ [9242/9338] Built OAI.Combinatorics.MatchingCount.Algorithm.TreeStageActivity (38s)
✔ [9243/9338] Built OAI.Combinatorics.MatchingCount.Machines.TreeRefreshIndexed (40s)
✔ [9244/9338] Built OAI.Combinatorics.MatchingCount.Machines.TreeBuild (21s)
✔ [9245/9338] Built OAI.Combinatorics.MatchingCount.Algorithm.TreeNumericStatisticsCorrect (20s)
✔ [9246/9338] Built OAI.Combinatorics.MatchingCount.Machines.TreeRefreshCatalog (19s)
✔ [9247/9338] Built OAI.Combinatorics.MatchingCount.Algorithm.SortedList (24s)
✔ [9248/9338] Built OAI.Combinatorics.MatchingCount.Graphs.TreeBagBuild (29s)
✔ [9249/9338] Built OAI.Combinatorics.MatchingCount.Algorithm.OnlineMedian (26s)
✔ [9250/9338] Built OAI.Combinatorics.MatchingCount.Algorithm.TreeNumericSummaries (30s)
✔ [9251/9338] Built OAI.Combinatorics.MatchingCount.Machines.TreeRefreshNumbered (29s)
✔ [9252/9338] Built OAI.Combinatorics.MatchingCount.Algorithm.OnlineSampleCount (27s)
✔ [9253/9338] Built OAI.Combinatorics.MatchingCount.Algorithm.EmpiricalDenom (29s)
✔ [9254/9338] Built OAI.Combinatorics.MatchingCount.Sampling.TreeIndexedPair (161s)
✔ [9255/9338] Built OAI.Combinatorics.MatchingCount.Machines.TreeRefresh (68s)
✔ [9256/9338] Built OAI.Combinatorics.MatchingCount.Sampling.TreeIndexedPairCorrect (56s)
✔ [9257/9338] Built OAI.Combinatorics.MatchingCount.Algorithm.TreeStatistics (69s)
✔ [9258/9338] Built OAI.Combinatorics.MatchingCount.Machines.TreeHistorySize (67s)
✔ [9259/9338] Built OAI.Combinatorics.MatchingCount.Graphs.TreeHeight (70s)
✔ [9260/9338] Built OAI.Combinatorics.MatchingCount.Algorithm.OnlineCoolingSchedule (67s)
✔ [9261/9338] Built OAI.Combinatorics.MatchingCount.Algorithm.OutputLengthBound (72s)
✔ [9262/9338] Built OAI.Combinatorics.MatchingCount.Sampling.TreeNumericLadder (81s)
✔ [9263/9338] Built OAI.Combinatorics.MatchingCount.Graphs.TreeInitialMatching (35s)
✔ [9264/9338] Built OAI.Combinatorics.MatchingCount.Probability.OnlineLayerLaw (29s)
✔ [9265/9338] Built OAI.Combinatorics.MatchingCount.Algorithm.OnlineLadderSchedule (35s)
✔ [9266/9338] Built OAI.Combinatorics.MatchingCount.Sampling.TreeIndexedPairUniform (36s)
✔ [9267/9338] Built OAI.Combinatorics.MatchingCount.Algorithm.Guard (32s)
✔ [9268/9338] Built OAI.Combinatorics.MatchingCount.Sampling.TreeLadderIndexed (22s)
✔ [9269/9338] Built OAI.Combinatorics.MatchingCount.Sampling.TreePrepareLadder (23s)
✔ [9270/9338] Built OAI.Combinatorics.MatchingCount.Sampling.TreeIndexedPairPost (14s)
✔ [9271/9338] Built OAI.Combinatorics.MatchingCount.Machines.TreeRefreshTables (16s)
✔ [9272/9338] Built OAI.Combinatorics.MatchingCount.Algorithm.GuardProbability (16s)
✔ [9273/9338] Built OAI.Combinatorics.MatchingCount.Sampling.TreeLadderPost (13s)
✔ [9274/9338] Built OAI.Combinatorics.MatchingCount.Machines.TreeColoredIndex (15s)
✔ [9275/9338] Built OAI.Combinatorics.MatchingCount.Machines.TreeInitial (15s)
✔ [9276/9338] Built OAI.Combinatorics.MatchingCount.Sampling.TreeIndexedPairResult (17s)
✔ [9277/9338] Built OAI.Combinatorics.MatchingCount.Tapes.GuardBits (14s)
✔ [9278/9338] Built OAI.Combinatorics.MatchingCount.Machines.TreeColor (13s)
✔ [9279/9338] Built OAI.Combinatorics.MatchingCount.Algorithm.GuardBudget (11s)
✔ [9280/9338] Built OAI.Combinatorics.MatchingCount.Sampling.TreeLadderContext (12s)
✔ [9281/9338] Built OAI.Combinatorics.MatchingCount.Machines.TreeStart (14s)
✔ [9282/9338] Built OAI.Combinatorics.MatchingCount.Sampling.TreeLadder (15s)
✔ [9283/9338] Built OAI.Combinatorics.MatchingCount.Machines.TreePortion (15s)
✔ [9284/9338] Built OAI.Combinatorics.MatchingCount.Sampling.TreePrepared (10s)
✔ [9285/9338] Built OAI.Combinatorics.MatchingCount.Machines.TreePhantom (13s)
✔ [9286/9338] Built OAI.Combinatorics.MatchingCount.Sampling.TreePreparedTop (10s)
✔ [9287/9338] Built OAI.Combinatorics.MatchingCount.Machines.TreeWeightTable (12s)
✔ [9288/9338] Built OAI.Combinatorics.MatchingCount.Sampling.TreePreparedMarked (12s)
✔ [9289/9338] Built OAI.Combinatorics.MatchingCount.Machines.TreeMetadata (26s)
✔ [9290/9338] Built OAI.Combinatorics.MatchingCount.Sampling.TreeProbe (15s)
✔ [9291/9338] Built OAI.Combinatorics.MatchingCount.Sampling.OnlineSample (15s)
✔ [9292/9338] Built OAI.Combinatorics.MatchingCount.Algorithm.TreeNumericStage (15s)
✔ [9293/9338] Built OAI.Combinatorics.MatchingCount.Machines.TreeMarkTable (19s)
✔ [9294/9338] Built OAI.Combinatorics.MatchingCount.Algorithm.TreeReweightTable (37s)
✔ [9295/9338] Built OAI.Combinatorics.MatchingCount.Probability.OnlineSampleLaw (16s)
✔ [9296/9338] Built OAI.Combinatorics.MatchingCount.Algorithm.TreeStageUpdateCorrect (16s)
✔ [9297/9338] Built OAI.Combinatorics.MatchingCount.Complexity.OnlineSampleCost (17s)
✔ [9298/9338] Built OAI.Combinatorics.MatchingCount.Algorithm.TreeGeneratedPrepared (37s)
✔ [9299/9338] Built OAI.Combinatorics.MatchingCount.Machines.TreeScaleStateUpdate (10s)
✔ [9300/9338] Built OAI.Combinatorics.MatchingCount.Algorithm.TreeGeneratedTop (8.5s)
✔ [9301/9338] Built OAI.Combinatorics.MatchingCount.Algorithm.TreeGeneratedMarked (16s)
✔ [9302/9338] Built OAI.Combinatorics.MatchingCount.Algorithm.TreeGeneratedStage (36s)
✔ [9303/9338] Built OAI.Combinatorics.MatchingCount.Machines.TreeBindings (12s)
✔ [9304/9338] Built OAI.Combinatorics.MatchingCount.Algorithm.TreeGeneratedUpdate (7.8s)
✔ [9305/9338] Built OAI.Combinatorics.MatchingCount.Algorithm.TreeCertificate (15s)
✔ [9306/9338] Built OAI.Combinatorics.MatchingCount.Algorithm.TreeGeneratedCertificate (15s)
✔ [9307/9338] Built OAI.Combinatorics.MatchingCount.Tapes.TreeSparseStage (16s)
✔ [9308/9338] Built OAI.Combinatorics.MatchingCount.Algorithm.OnlineLaw (16s)
✔ [9309/9338] Built OAI.Combinatorics.MatchingCount.Tapes.TreeSparseCertificate (11s)
✔ [9310/9338] Built OAI.Combinatorics.MatchingCount.Algorithm.OnlineStage (10s)
✔ [9311/9338] Built OAI.Combinatorics.MatchingCount.Algorithm.OnlineTransitionLaw (11s)
✔ [9312/9338] Built OAI.Combinatorics.MatchingCount.Algorithm.OnlineRequest (14s)
✔ [9313/9338] Built OAI.Combinatorics.MatchingCount.Algorithm.OnlineTrial (13s)
✔ [9314/9338] Built OAI.Combinatorics.MatchingCount.Complexity.OnlineRequestCost (23s)
✔ [9315/9338] Built OAI.Combinatorics.MatchingCount.Algorithm.OnlineGuard (11s)
✔ [9316/9338] Built OAI.Combinatorics.MatchingCount.Algorithm.OnlineRequestLaw (26s)
✔ [9317/9338] Built OAI.Combinatorics.MatchingCount.Complexity.OnlineScheduleCost (12s)
✔ [9318/9338] Built OAI.Combinatorics.MatchingCount.Complexity.OnlineStageCost (12s)
✔ [9319/9338] Built OAI.Combinatorics.MatchingCount.Algorithm.OnlineTrialLaw (12s)
✔ [9320/9338] Built OAI.Combinatorics.MatchingCount.Algorithm.OnlineGuardLaw (8.8s)
✔ [9321/9338] Built OAI.Combinatorics.MatchingCount.Algorithm.OnlineAmplification (7.3s)
✔ [9322/9338] Built OAI.Combinatorics.MatchingCount.Algorithm.OnlineInitial (8.6s)
✔ [9323/9338] Built OAI.Combinatorics.MatchingCount.Algorithm.OnlineInitialLaw (12s)
✔ [9324/9338] Built OAI.Combinatorics.MatchingCount.Complexity.OnlineInitialCost (12s)
✔ [9325/9338] Built OAI.Combinatorics.MatchingCount.Graphs.OnlineGraphInvariant (16s)
✔ [9326/9338] Built OAI.Combinatorics.MatchingCount.Complexity.OnlineInitialDataCost (11s)
✔ [9327/9338] Built OAI.Combinatorics.MatchingCount.Algorithm.OnlineHistorySize (12s)
✔ [9328/9338] Built OAI.Combinatorics.MatchingCount.Algorithm.Algorithm (12s)
✔ [9329/9338] Built OAI.Combinatorics.MatchingCount.Machines.Wrapper (16s)
✔ [9330/9338] Built OAI.Combinatorics.MatchingCount.Complexity.OnlineHistoryCost (16s)
✔ [9331/9338] Built OAI.Combinatorics.MatchingCount.Machines.OnlineBounds (16s)
✔ [9332/9338] Built OAI.Combinatorics.MatchingCount.Complexity.OnlineRunCost (20s)
✔ [9333/9338] Built OAI.Combinatorics.MatchingCount.Algorithm.AlgorithmLaw (20s)
✔ [9334/9338] Built OAI.Combinatorics.MatchingCount.Complexity.ComputeCost (9.8s)
✔ [9335/9338] Built OAI.Combinatorics.MatchingCount.Probability.MainLaw (12s)
✔ [9336/9338] Built OAI.Combinatorics.MatchingCount.Complexity.OriginalCost (14s)
✔ [9337/9338] Built OAI.Combinatorics.MatchingCount.Complexity.PhysicalCost (9.4s)
✔ [9338/9338] Built OAI.Combinatorics.MatchingCount.Main (7.4s)
Build completed successfully (9338 jobs).
== build rc=0 seconds=1617
{"theorems": ["OAI.MatchingFPRAS.thm_main"], "defs": ["OAI.MatchingFPRAS.GraphInput", "OAI.MatchingFPRAS.Perfect", "OAI.MatchingFPRAS.perfectMatchings", "OAI.MatchingFPRAS.Z", "OAI.MatchingFPRAS.Symbol", "OAI.MatchingFPRAS.encodeNat", "OAI.MatchingFPRAS.encodeInt", "OAI.MatchingFPRAS.encodeRat", "OAI.MatchingFPRAS.encodeInput", "OAI.MatchingFPRAS.RandomMachine", "OAI.MatchingFPRAS.Configuration", "OAI.MatchingFPRAS.tick", "OAI.MatchingFPRAS.initial", "OAI.MatchingFPRAS.run", "OAI.MatchingFPRAS.Outputs", "OAI.MatchingFPRAS.timeBound", "OAI.MatchingFPRAS.goodTapes", "OAI.MatchingFPRAS.MainStatement"], "json_theorems": ["OAI.MatchingFPRAS.thm_main"], "missing_from_parse": []}
TYPES/DEFS DIFFER MatchingFPRAS
1,5d0
< /Users/shannon/cc/math/math/lean/Scratch/Challenge_MatchingFPRAS.lean:105:8:
< warning:
< declaration
< uses
< `sorry`
AXIOMS: 'OAI.MatchingFPRAS.thm_main' depends on axioms: [propext, Classical.choice, Quot.sound] 
== end=2026-10-08T07:59:54Z
