== MatrixMultiplication  module=OAI.LinearAlgebra.MatrixMultiplication.Main  start=2026-10-08T09:22:18Z
warning: PrimeNumberTheoremAnd: repository '/Users/shannon/cc/math/math/lean/.lake/packages/PrimeNumberTheoremAnd' has local changes
warning: belyi: repository '/Users/shannon/cc/math/math/lean/.lake/packages/belyi' has local changes
warning: formal-schemes: repository '/Users/shannon/cc/math/math/lean/.lake/packages/formal-schemes' has local changes
warning: elliptic-curves: repository '/Users/shannon/cc/math/math/lean/.lake/packages/elliptic-curves' has local changes
warning: tempered-fundamental-groups: repository '/Users/shannon/cc/math/math/lean/.lake/packages/tempered-fundamental-groups' has local changes
warning: oka: repository '/Users/shannon/cc/math/math/lean/.lake/packages/oka' has local changes
warning: orbicurve-cores: repository '/Users/shannon/cc/math/math/lean/.lake/packages/orbicurve-cores' has local changes
warning: pi1: repository '/Users/shannon/cc/math/math/lean/.lake/packages/pi1' has local changes
warning: heights: repository '/Users/shannon/cc/math/math/lean/.lake/packages/heights' has local changes
warning: genl: repository '/Users/shannon/cc/math/math/lean/.lake/packages/genl' has local changes
warning: tate-curves-theta: repository '/Users/shannon/cc/math/math/lean/.lake/packages/tate-curves-theta' has local changes
warning: iut: repository '/Users/shannon/cc/math/math/lean/.lake/packages/iut' has local changes
warning: gromov: repository '/Users/shannon/cc/math/math/lean/.lake/packages/gromov' has local changes
warning: SphereEversion: repository '/Users/shannon/cc/math/math/lean/.lake/packages/SphereEversion' has local changes
warning: schoenflies-lean: repository '/Users/shannon/cc/math/math/lean/.lake/packages/schoenflies-lean' has local changes
warning: ClassFieldTheory: repository '/Users/shannon/cc/math/math/lean/.lake/packages/ClassFieldTheory' has local changes
warning: AINTLIB: repository '/Users/shannon/cc/math/math/lean/.lake/packages/AINTLIB' has local changes
warning: AbsorptionCutoff: repository '/Users/shannon/cc/math/math/lean/.lake/packages/AbsorptionCutoff' has local changes
warning: StrongPNT: repository '/Users/shannon/cc/math/math/lean/.lake/packages/StrongPNT' has local changes
warning: carleson: repository '/Users/shannon/cc/math/math/lean/.lake/packages/carleson' has local changes
warning: rellich-kondrachov: repository '/Users/shannon/cc/math/math/lean/.lake/packages/rellich-kondrachov' has local changes
warning: Zeta3Irrational: repository '/Users/shannon/cc/math/math/lean/.lake/packages/Zeta3Irrational' has local changes
warning: fixed-point-theorems: repository '/Users/shannon/cc/math/math/lean/.lake/packages/fixed-point-theorems' has local changes
✔ [8762/8959] Built OAI.LinearAlgebra.MatrixMultiplication.Tensor.ComplexTensor (5.6s)
✔ [8924/8967] Built OAI.LinearAlgebra.MatrixMultiplication.AuxiliarySeparation.Spectrum.NormalizedStates (9.8s)
✔ [8925/8967] Built OAI.LinearAlgebra.MatrixMultiplication.AuxiliarySeparation.Convex.RationalSpan (9.8s)
✔ [8926/8967] Built OAI.LinearAlgebra.MatrixMultiplication.AuxiliarySeparation.Spectrum.Coordinates (8.6s)
✔ [8928/8968] Built OAI.LinearAlgebra.MatrixMultiplication.ComplexArithmetic.Complexity (10s)
✔ [8929/8969] Built OAI.LinearAlgebra.MatrixMultiplication.Tensor.ComplexTensorBatching (11s)
✔ [8930/8969] Built OAI.LinearAlgebra.MatrixMultiplication.AuxiliarySeparation.Convex.RationalDenominators (13s)
✔ [8931/8969] Built OAI.LinearAlgebra.MatrixMultiplication.AuxiliarySeparation.Convex.ConeSupport (14s)
✔ [8932/8969] Built OAI.LinearAlgebra.MatrixMultiplication.AuxiliarySeparation.Spectrum.Catalyst (14s)
✔ [8933/8969] Built OAI.LinearAlgebra.MatrixMultiplication.ComplexArithmetic.LowerBound (9.8s)
✔ [8934/8969] Built OAI.LinearAlgebra.MatrixMultiplication.AuxiliarySeparation.Growth.PolynomialOverhead (12s)
✔ [8935/8972] Built OAI.LinearAlgebra.MatrixMultiplication.ComplexArithmetic.Programs (10s)
✔ [8936/8972] Built OAI.LinearAlgebra.MatrixMultiplication.Tensor.ComplexMatrixTensor (9.9s)
✔ [8937/8975] Built OAI.LinearAlgebra.MatrixMultiplication.AuxiliarySeparation.Growth.SpectralLimit (11s)
✔ [8938/8975] Built OAI.LinearAlgebra.MatrixMultiplication.AuxiliarySeparation.Convex.RationalCone (9.0s)
✔ [8939/8975] Built OAI.LinearAlgebra.MatrixMultiplication.AuxiliarySeparation.Convex.FiniteConeClosed (10s)
✔ [8940/8975] Built OAI.LinearAlgebra.MatrixMultiplication.Polynomial.ComplexExpressionFamily (8.5s)
✔ [8941/8975] Built OAI.LinearAlgebra.MatrixMultiplication.Tensor.ComplexTensorRestrictionComposition (9.3s)
✔ [8942/8975] Built OAI.LinearAlgebra.MatrixMultiplication.ComplexArithmetic.ProgramComposition (8.6s)
✔ [8943/8975] Built OAI.LinearAlgebra.MatrixMultiplication.Tensor.ComplexTensorFlattening (7.7s)
✔ [8944/8975] Built OAI.LinearAlgebra.MatrixMultiplication.AuxiliarySeparation.Character.Basic (8.5s)
✔ [8945/8976] Built OAI.LinearAlgebra.MatrixMultiplication.ComplexArithmetic.NaiveAlgorithm (8.7s)
✔ [8946/8976] Built OAI.LinearAlgebra.MatrixMultiplication.AuxiliarySeparation.Convex.Farkas (10s)
✔ [8947/8976] Built OAI.LinearAlgebra.MatrixMultiplication.ComplexArithmetic.RecursiveBlockPrograms (9.2s)
✔ [8948/8976] Built OAI.LinearAlgebra.MatrixMultiplication.ComplexArithmetic.MatrixPadding (9.4s)
✔ [8949/8980] Built OAI.LinearAlgebra.MatrixMultiplication.Model (41s)
✔ [8950/8980] Built OAI.LinearAlgebra.MatrixMultiplication.ComplexArithmetic.Exponent (9.6s)
✔ [8951/8980] Built FixedPointTheorems.convex_homeos (43s)
✔ [8952/8984] Built OAI.LinearAlgebra.MatrixMultiplication.AuxiliarySeparation.Arithmetic.RankExponent (12s)
✔ [8953/8987] Built FixedPointTheorems.cubical_sperner_prep (44s)
✔ [8954/8987] Built OAI.LinearAlgebra.MatrixMultiplication.Tensor.ComplexGroupTensor (10s)
✔ [8955/8989] Built OAI.LinearAlgebra.MatrixMultiplication.ComplexArithmetic.Growth (9.8s)
✔ [8956/8990] Built OAI.LinearAlgebra.MatrixMultiplication.Separation.ComplexSeparation (7.9s)
✔ [8957/8994] Built OAI.LinearAlgebra.MatrixMultiplication.Separation.ComplexSeparationCounting (7.8s)
✔ [8958/8994] Built OAI.LinearAlgebra.MatrixMultiplication.Tensor.ComplexDotPairing (9.4s)
✔ [8959/8997] Built OAI.LinearAlgebra.MatrixMultiplication.AuxiliarySeparation.Spectrum.StateObstruction (16s)
✔ [8960/9004] Built OAI.LinearAlgebra.MatrixMultiplication.AuxiliarySeparation.Growth.PermutationProduct (7.4s)
✔ [8961/9005] Built OAI.LinearAlgebra.MatrixMultiplication.AuxiliarySeparation.Tensor.DirectSum (37s)
✔ [8962/9005] Built OAI.LinearAlgebra.MatrixMultiplication.Separation.ComplexModularSeparation (7.5s)
✔ [8963/9006] Built OAI.LinearAlgebra.MatrixMultiplication.Tensor.ComplexTensorSymmetrization (10s)
✔ [8964/9006] Built OAI.LinearAlgebra.MatrixMultiplication.AuxiliarySeparation.Arithmetic.ExponentComparison (12s)
✔ [8965/9006] Built OAI.LinearAlgebra.MatrixMultiplication.Arithmetic.Complexity (20s)
✔ [8966/9009] Built OAI.LinearAlgebra.MatrixMultiplication.Entropy.ComplexFiniteEntropy (8.7s)
✔ [8967/9009] Built OAI.LinearAlgebra.MatrixMultiplication.AuxiliarySeparation.Growth.MultiplicativePower (13s)
✔ [8968/9009] Built FixedPointTheorems.cubical_sperner (21s)
✔ [8969/9009] Built OAI.LinearAlgebra.MatrixMultiplication.Separation.ComplexFiniteSeparation (11s)
✔ [8970/9009] Built OAI.LinearAlgebra.MatrixMultiplication.AuxiliarySeparation.Tensor.Semiring (11s)
✔ [8971/9009] Built OAI.LinearAlgebra.MatrixMultiplication.Tensor.ComplexPairingMatrixTensor (9.6s)
✔ [8972/9009] Built OAI.LinearAlgebra.MatrixMultiplication.AuxiliarySeparation.Convolution.Basic (12s)
✔ [8973/9009] Built OAI.LinearAlgebra.MatrixMultiplication.AuxiliarySeparation.Arithmetic.CharacterRounding (10s)
✔ [8974/9009] Built OAI.LinearAlgebra.MatrixMultiplication.AuxiliarySeparation.Determinant.Kernel (16s)
✔ [8975/9011] Built OAI.LinearAlgebra.MatrixMultiplication.Entropy.ComplexEntropyContinuity (10s)
✔ [8976/9011] Built OAI.LinearAlgebra.MatrixMultiplication.Polynomial.ComplexPolynomialApproximation (10s)
✔ [8977/9012] Built OAI.LinearAlgebra.MatrixMultiplication.AuxiliarySeparation.Tensor.DirectSumClass (9.2s)
✔ [8978/9012] Built OAI.LinearAlgebra.MatrixMultiplication.Tensor.ComplexSeparatedTensorDecomposition (11s)
✔ [8979/9012] Built OAI.LinearAlgebra.MatrixMultiplication.Arithmetic.LowerBound (23s)
✔ [8980/9012] Built OAI.LinearAlgebra.MatrixMultiplication.Arithmetic.Programs (22s)
✔ [8981/9012] Built OAI.LinearAlgebra.MatrixMultiplication.AuxiliarySeparation.Tensor.Scalar (10s)
✔ [8982/9012] Built OAI.LinearAlgebra.MatrixMultiplication.AuxiliarySeparation.Character.Dot (12s)
✔ [8983/9012] Built OAI.LinearAlgebra.MatrixMultiplication.Arithmetic.Compatibility (22s)
✔ [8984/9012] Built OAI.LinearAlgebra.MatrixMultiplication.AuxiliarySeparation.Character.Symmetrization (10s)
✔ [8985/9012] Built FixedPointTheorems.apply_cubical_sperner (22s)
✔ [8986/9012] Built OAI.LinearAlgebra.MatrixMultiplication.AuxiliarySeparation.Convolution.Rank (10s)
✔ [8987/9012] Built OAI.LinearAlgebra.MatrixMultiplication.AuxiliarySeparation.Polynomial.Laws (9.9s)
✔ [8988/9012] Built OAI.LinearAlgebra.MatrixMultiplication.Polynomial.ComplexPolynomialDegenerationComposition (10s)
✔ [8989/9013] Built OAI.LinearAlgebra.MatrixMultiplication.AuxiliarySeparation.Determinant.Basis (11s)
✔ [8990/9013] Built OAI.LinearAlgebra.MatrixMultiplication.AuxiliarySeparation.Tensor.CharacterBounds (13s)
✔ [8991/9013] Built OAI.LinearAlgebra.MatrixMultiplication.AuxiliarySeparation.Spectrum.Obstruction (12s)
✔ [8992/9013] Built OAI.LinearAlgebra.MatrixMultiplication.AuxiliarySeparation.Character.Permutation (11s)
✔ [8993/9015] Built OAI.LinearAlgebra.MatrixMultiplication.AuxiliarySeparation.Polynomial.Interpolation (9.0s)
✔ [8994/9017] Built OAI.LinearAlgebra.MatrixMultiplication.AuxiliarySeparation.Tensor.SixfoldProductBounds (12s)
✔ [8995/9017] Built OAI.LinearAlgebra.MatrixMultiplication.Arithmetic.ProgramComposition (21s)
✔ [8996/9017] Built OAI.LinearAlgebra.MatrixMultiplication.Polynomial.ExpressionFamily (20s)
✔ [8997/9017] Built OAI.LinearAlgebra.MatrixMultiplication.Tensor.ComplexFactorialLogBounds (10s)
✔ [8998/9017] Built OAI.LinearAlgebra.MatrixMultiplication.AuxiliarySeparation.Tensor.SupportExtension (10s)
✔ [8999/9017] Built OAI.LinearAlgebra.MatrixMultiplication.AuxiliarySeparation.Determinant.Filtration (14s)
✔ [9000/9017] Built OAI.LinearAlgebra.MatrixMultiplication.AuxiliarySeparation.Tensor.BinaryCharacter (10s)
✔ [9001/9019] Built FixedPointTheorems.brouwer (21s)
✔ [9002/9019] Built OAI.LinearAlgebra.MatrixMultiplication.Separation.ComplexFiniteControl (10s)
✔ [9003/9019] Built OAI.LinearAlgebra.MatrixMultiplication.AuxiliarySeparation.Character.Degeneration (12s)
✔ [9004/9020] Built OAI.LinearAlgebra.MatrixMultiplication.AuxiliarySeparation.Growth.NormalizedProfile (10s)
✔ [9005/9022] Built OAI.LinearAlgebra.MatrixMultiplication.Separation.ComplexTypeCounting (7.9s)
✔ [9006/9022] Built OAI.LinearAlgebra.MatrixMultiplication.Entropy.ComplexSeparationAsymptotics (10s)
✔ [9007/9022] Built OAI.LinearAlgebra.MatrixMultiplication.AuxiliarySeparation.Tensor.Characters (11s)
✔ [9008/9031] Built OAI.LinearAlgebra.MatrixMultiplication.Entropy.ComplexHierarchyEntropy (9.7s)
✔ [9009/9031] Built OAI.LinearAlgebra.MatrixMultiplication.Separation.ComplexRationalTypes (12s)
✔ [9010/9033] Built OAI.LinearAlgebra.MatrixMultiplication.AuxiliarySeparation.Convolution.Symmetry (11s)
✔ [9011/9036] Built OAI.LinearAlgebra.MatrixMultiplication.Entropy.ComplexConditionalTypeCounting (7.3s)
✔ [9012/9037] Built OAI.LinearAlgebra.MatrixMultiplication.Arithmetic.NaiveAlgorithm (21s)
✔ [9013/9037] Built OAI.LinearAlgebra.MatrixMultiplication.Arithmetic.Padding (21s)
✔ [9014/9039] Built OAI.LinearAlgebra.MatrixMultiplication.Separation.ComplexAuxiliarySeparation (9.7s)
✔ [9015/9045] Built OAI.LinearAlgebra.MatrixMultiplication.AuxiliarySeparation.Separation.NoWrap (5.4s)
✔ [9016/9047] Built OAI.LinearAlgebra.MatrixMultiplication.AuxiliarySeparation.Convex.FixedPoint (23s)
✔ [9017/9047] Built OAI.LinearAlgebra.MatrixMultiplication.AuxiliarySeparation.Separation.Fourier (9.5s)
✔ [9018/9049] Built OAI.LinearAlgebra.MatrixMultiplication.Entropy.ComplexTypeEntropy (12s)
✔ [9019/9049] Built OAI.LinearAlgebra.MatrixMultiplication.Tensor.ComplexLocalMaps (12s)
✔ [9020/9055] Built OAI.LinearAlgebra.MatrixMultiplication.Separation.ComplexHierarchyTypeCounting (9.9s)
✔ [9021/9056] Built OAI.LinearAlgebra.MatrixMultiplication.AuxiliarySeparation.Separation.SquareWeights (11s)
✔ [9022/9058] Built OAI.LinearAlgebra.MatrixMultiplication.AuxiliarySeparation.Entropy.Optimization (10s)
✔ [9023/9058] Built OAI.LinearAlgebra.MatrixMultiplication.AuxiliarySeparation.Sector.Weights (13s)
✔ [9024/9058] Built OAI.LinearAlgebra.MatrixMultiplication.Tensor.ComplexSharedAuxiliaryBank (9.3s)
✔ [9025/9058] Built OAI.LinearAlgebra.MatrixMultiplication.AuxiliarySeparation.Growth.ConcaveSlopes (11s)
✔ [9026/9058] Built OAI.LinearAlgebra.MatrixMultiplication.AuxiliarySeparation.Growth.Product (12s)
✔ [9027/9058] Built OAI.LinearAlgebra.MatrixMultiplication.AuxiliarySeparation.Convolution.RankLowerBound (11s)
✔ [9028/9058] Built OAI.LinearAlgebra.MatrixMultiplication.Arithmetic.Exponent (21s)
✔ [9029/9058] Built OAI.LinearAlgebra.MatrixMultiplication.AuxiliarySeparation.Growth.Floor (9.1s)
✔ [9030/9058] Built OAI.LinearAlgebra.MatrixMultiplication.AuxiliarySeparation.Determinant.Bounds (10s)
✔ [9031/9060] Built OAI.LinearAlgebra.MatrixMultiplication.AuxiliarySeparation.Spectrum.MultiplicativeStates (21s)
✔ [9032/9060] Built OAI.LinearAlgebra.MatrixMultiplication.AuxiliarySeparation.Separation.FiniteProjection (11s)
✔ [9033/9060] Built OAI.LinearAlgebra.MatrixMultiplication.AuxiliarySeparation.Polynomial.ProductBounds (9.9s)
✔ [9034/9060] Built OAI.LinearAlgebra.MatrixMultiplication.Separation.ComplexLabelHierarchySeparation (12s)
✔ [9035/9066] Built OAI.LinearAlgebra.MatrixMultiplication.AuxiliarySeparation.Sector.Degeneration (12s)
✔ [9036/9066] Built OAI.LinearAlgebra.MatrixMultiplication.AuxiliarySeparation.Growth.ProfileSlopes (12s)
✔ [9037/9066] Built OAI.LinearAlgebra.MatrixMultiplication.Polynomial.ComplexPolynomialRestriction (9.9s)
✔ [9038/9066] Built OAI.LinearAlgebra.MatrixMultiplication.AuxiliarySeparation.Growth.Recurrence (12s)
✔ [9039/9066] Built OAI.LinearAlgebra.MatrixMultiplication.AuxiliarySeparation.Separation.Basic (13s)
✔ [9040/9066] Built OAI.LinearAlgebra.MatrixMultiplication.Entropy.ComplexOrientationRates (9.9s)
✔ [9041/9066] Built OAI.LinearAlgebra.MatrixMultiplication.Entropy.ComplexHierarchySeparationRates (13s)
✔ [9042/9069] Built OAI.LinearAlgebra.MatrixMultiplication.AuxiliarySeparation.Character.Existence (21s)
✔ [9043/9070] Built OAI.LinearAlgebra.MatrixMultiplication.AuxiliarySeparation.Arithmetic.Exponent (22s)
✔ [9044/9073] Built OAI.LinearAlgebra.MatrixMultiplication.Polynomial.ComplexPolynomialWitnessProduct (10s)
✔ [9045/9073] Built OAI.LinearAlgebra.MatrixMultiplication.AuxiliarySeparation.Sector.Branches (13s)
✔ [9046/9076] Built OAI.LinearAlgebra.MatrixMultiplication.AuxiliarySeparation.Growth.Profile (11s)
✔ [9047/9076] Built OAI.LinearAlgebra.MatrixMultiplication.AuxiliarySeparation.Separation.BranchTagging (10s)
✔ [9048/9084] Built OAI.LinearAlgebra.MatrixMultiplication.Tensor.ComplexElementary (4.7s)
✔ [9049/9084] Built OAI.LinearAlgebra.MatrixMultiplication.AuxiliarySeparation.Tensor.SharedPadding (12s)
✔ [9050/9096] Built OAI.LinearAlgebra.MatrixMultiplication.Separation.ComplexStageHierarchyResources (12s)
✔ [9051/9096] Built OAI.LinearAlgebra.MatrixMultiplication.AuxiliarySeparation.Character.FiniteSeparation (12s)
✔ [9052/9096] Built OAI.LinearAlgebra.MatrixMultiplication.Entropy.ComplexAsymptoticRecurrence (7.6s)
✔ [9053/9097] Built OAI.LinearAlgebra.MatrixMultiplication.Polynomial.ComplexPolynomialLocalConstruction (12s)
✔ [9054/9099] Built OAI.LinearAlgebra.MatrixMultiplication.Entropy.ComplexAnalyticValue (11s)
✔ [9055/9102] Built OAI.LinearAlgebra.MatrixMultiplication.Tensor.ComplexBatchCeiling (9.4s)
✔ [9056/9108] Built OAI.LinearAlgebra.MatrixMultiplication.Polynomial.ComplexPolynomialPowerGrowth (8.1s)
✔ [9057/9109] Built OAI.LinearAlgebra.MatrixMultiplication.Polynomial.ComplexConstantPolynomialKernel (10s)
✔ [9058/9110] Built OAI.LinearAlgebra.MatrixMultiplication.CoppersmithWinograd.ComplexCoppersmithWinograd (23s)
✔ [9059/9111] Built OAI.LinearAlgebra.MatrixMultiplication.Separation.AuxiliarySeparation (12s)
✔ [9060/9111] Built OAI.LinearAlgebra.MatrixMultiplication.Separation.ComplexBalancedSeparation (13s)
✔ [9061/9111] Built OAI.LinearAlgebra.MatrixMultiplication.Numerical.ComplexLogThreeCertificate (9.1s)
✔ [9062/9113] Built OAI.LinearAlgebra.MatrixMultiplication.Entropy.ComplexConditionalPrefixWords (14s)
✔ [9063/9116] Built OAI.LinearAlgebra.MatrixMultiplication.Polynomial.ComplexPolynomialControlledKernel (12s)
✔ [9064/9116] Built OAI.LinearAlgebra.MatrixMultiplication.Numerical.ComplexRationalLogCertificate (12s)
✔ [9065/9116] Built OAI.LinearAlgebra.MatrixMultiplication.Tensor.ComplexEqualSummandASI (10s)
✔ [9066/9116] Built OAI.LinearAlgebra.MatrixMultiplication.Polynomial.ComplexSeparationPolynomialKernel (10s)
✔ [9067/9116] Built OAI.LinearAlgebra.MatrixMultiplication.CoppersmithWinograd.ComplexCWOriginalWords (11s)
✔ [9068/9116] Built OAI.LinearAlgebra.MatrixMultiplication.CoppersmithWinograd.ComplexCWBoundary (12s)
✔ [9069/9116] Built OAI.LinearAlgebra.MatrixMultiplication.Tensor.FieldCoefficientExtraction (11s)
✔ [9070/9116] Built OAI.LinearAlgebra.MatrixMultiplication.Entropy.ConditionalLabels (13s)
✔ [9071/9120] Built OAI.LinearAlgebra.MatrixMultiplication.Tensor.ComplexInitialTargetKernel (9.0s)
✔ [9072/9120] Built OAI.LinearAlgebra.MatrixMultiplication.Polynomial.ComplexPolynomialKernelExecution (11s)
✔ [9073/9120] Built OAI.LinearAlgebra.MatrixMultiplication.Rectangular.ComplexASI (11s)
✔ [9074/9120] Built OAI.LinearAlgebra.MatrixMultiplication.Rectangular.Recursion (12s)
✔ [9075/9120] Built OAI.LinearAlgebra.MatrixMultiplication.Rectangular.Growth (24s)
✔ [9076/9120] Built OAI.LinearAlgebra.MatrixMultiplication.Arithmetic.RecursiveBlockPrograms (24s)
✔ [9077/9120] Built OAI.LinearAlgebra.MatrixMultiplication.CoppersmithWinograd.ComplexCWLocalConstruction (9.2s)
✔ [9078/9120] Built OAI.LinearAlgebra.MatrixMultiplication.Polynomial.ComplexPrefixSeparationPolynomialStage (16s)
✔ [9079/9120] Built OAI.LinearAlgebra.MatrixMultiplication.Rectangular.RateLimit (10s)
✔ [9080/9120] Built OAI.LinearAlgebra.MatrixMultiplication.Separation.ComplexInitialTargetExecution (9.7s)
✔ [9081/9120] Built OAI.LinearAlgebra.MatrixMultiplication.Entropy.ConditionalContinuity (11s)
✔ [9082/9120] Built OAI.LinearAlgebra.MatrixMultiplication.Numerical.ComplexCertificatesLog (29s)
✔ [9083/9120] Built OAI.LinearAlgebra.MatrixMultiplication.Separation.ExecutionApproximation (9.5s)
✔ [9084/9120] Built OAI.LinearAlgebra.MatrixMultiplication.Entropy.ConditionalRateBridge (12s)
✔ [9085/9120] Built OAI.LinearAlgebra.MatrixMultiplication.CoppersmithWinograd.ComplexCWPrimitiveDegeneration (17s)
✔ [9086/9123] Built OAI.LinearAlgebra.MatrixMultiplication.Polynomial.ComplexPolynomialExecutionReindex (9.2s)
✔ [9087/9123] Built OAI.LinearAlgebra.MatrixMultiplication.Polynomial.ComplexPolynomialExecutionSymmetry (9.4s)
✔ [9088/9123] Built OAI.LinearAlgebra.MatrixMultiplication.Separation.ComplexFiniteMMRealization (10s)
✔ [9089/9123] Built OAI.LinearAlgebra.MatrixMultiplication.Entropy.ComplexConditionalHierarchyStage (12s)
✔ [9090/9125] Built OAI.LinearAlgebra.MatrixMultiplication.Tensor.ComplexExecutionPairingBudget (13s)
✔ [9091/9125] Built OAI.LinearAlgebra.MatrixMultiplication.AuxiliarySeparation.Entropy.Tag (14s)
✔ [9092/9126] Built OAI.LinearAlgebra.MatrixMultiplication.Separation.ComplexPrefixSeparationOrientations (19s)
✔ [9093/9126] Built OAI.LinearAlgebra.MatrixMultiplication.Numerical.ComplexCertificates (17s)
✔ [9094/9129] Built OAI.LinearAlgebra.MatrixMultiplication.Duality.WitnessArithmetic (11s)
✔ [9095/9134] Built OAI.LinearAlgebra.MatrixMultiplication.Tensor.MatrixBalancing (13s)
✔ [9096/9134] Built OAI.LinearAlgebra.MatrixMultiplication.Tensor.ComplexGeometricStageCoordinates (12s)
✔ [9097/9134] Built OAI.LinearAlgebra.MatrixMultiplication.Completion.RecursiveCompletion (11s)
✔ [9098/9141] Built OAI.LinearAlgebra.MatrixMultiplication.Rectangular.ASI (28s)
✔ [9099/9145] Built OAI.LinearAlgebra.MatrixMultiplication.Entropy.ComplexOrientedConditionalHierarchyStage (11s)
✔ [9100/9145] Built OAI.LinearAlgebra.MatrixMultiplication.AuxiliarySeparation.Tensor.TagInequality (13s)
✔ [9101/9145] Built OAI.LinearAlgebra.MatrixMultiplication.Completion.HierarchyWords (12s)
✔ [9102/9145] Built OAI.LinearAlgebra.MatrixMultiplication.Completion.Scripts (10s)
✔ [9103/9145] Built OAI.LinearAlgebra.MatrixMultiplication.Completion.ProductLaws (11s)
✔ [9104/9155] Built OAI.LinearAlgebra.MatrixMultiplication.Numerical.ComplexCertificatesDual (15s)
✔ [9105/9156] Built OAI.LinearAlgebra.MatrixMultiplication.Tensor.BaseTensors (14s)
✔ [9106/9159] Built OAI.LinearAlgebra.MatrixMultiplication.Completion.Laws (11s)
✔ [9107/9159] Built OAI.LinearAlgebra.MatrixMultiplication.AuxiliarySeparation.Determinant.Character (13s)
✔ [9108/9159] Built OAI.LinearAlgebra.MatrixMultiplication.AuxiliarySeparation.Sector.Character (13s)
✔ [9109/9159] Built OAI.LinearAlgebra.MatrixMultiplication.Completion.GeometricValues (11s)
✔ [9110/9162] Built OAI.LinearAlgebra.MatrixMultiplication.Completion.Partitions (10s)
✔ [9111/9167] Built OAI.LinearAlgebra.MatrixMultiplication.Duality.EntropyHelpers (10s)
✔ [9112/9167] Built OAI.LinearAlgebra.MatrixMultiplication.Completion.Labels (15s)
✔ [9113/9167] Built OAI.LinearAlgebra.MatrixMultiplication.Completion.Conditioning (10s)
✔ [9114/9167] Built OAI.LinearAlgebra.MatrixMultiplication.Tensor.BaseTensorBudgets (17s)
✔ [9115/9167] Built OAI.LinearAlgebra.MatrixMultiplication.AuxiliarySeparation.Polynomial.Inequalities (12s)
✔ [9116/9167] Built OAI.LinearAlgebra.MatrixMultiplication.Completion.EntropyAlgebra (9.9s)
✔ [9117/9167] Built OAI.LinearAlgebra.MatrixMultiplication.Duality.HiddenCounts (9.1s)
✔ [9118/9167] Built OAI.LinearAlgebra.MatrixMultiplication.Completion.Execution (14s)
✔ [9119/9167] Built OAI.LinearAlgebra.MatrixMultiplication.Duality.WitnessRecurrence (10s)
✔ [9120/9169] Built OAI.LinearAlgebra.MatrixMultiplication.Completion.HierarchyPrograms (10s)
✔ [9121/9170] Built OAI.LinearAlgebra.MatrixMultiplication.Completion.Entropy (10s)
✔ [9122/9176] Built OAI.LinearAlgebra.MatrixMultiplication.Completion.Termination (11s)
✔ [9123/9180] Built OAI.LinearAlgebra.MatrixMultiplication.Tensor.UniformCoordinate (10s)
✔ [9124/9180] Built OAI.LinearAlgebra.MatrixMultiplication.Completion.ColorLaws (11s)
✔ [9125/9180] Built OAI.LinearAlgebra.MatrixMultiplication.Entropy.BaseConditionalReaders (11s)
✔ [9126/9180] Built OAI.LinearAlgebra.MatrixMultiplication.Completion.FiniteRealization (11s)
✔ [9127/9180] Built OAI.LinearAlgebra.MatrixMultiplication.Duality.UniformProducts (9.3s)
✔ [9128/9180] Built OAI.LinearAlgebra.MatrixMultiplication.Completion.ProgramPrefixes (11s)
✔ [9129/9180] Built OAI.LinearAlgebra.MatrixMultiplication.Entropy.IndependentConditioning (9.2s)
✔ [9130/9180] Built OAI.LinearAlgebra.MatrixMultiplication.Completion.CenterLaw (10s)
✔ [9131/9180] Built OAI.LinearAlgebra.MatrixMultiplication.Duality.Information (16s)
✔ [9132/9180] Built OAI.LinearAlgebra.MatrixMultiplication.Completion.ColorEntropy (11s)
✔ [9133/9180] Built OAI.LinearAlgebra.MatrixMultiplication.Duality.UniformMixtures (12s)
✔ [9134/9180] Built OAI.LinearAlgebra.MatrixMultiplication.Duality.WitnessProgram (11s)
✔ [9135/9180] Built OAI.LinearAlgebra.MatrixMultiplication.Duality.CompletionLaws (12s)
✔ [9136/9180] Built OAI.LinearAlgebra.MatrixMultiplication.Duality.UniformConditioning (12s)
✔ [9137/9180] Built OAI.LinearAlgebra.MatrixMultiplication.Duality.InformationLabelConditioning (11s)
✔ [9138/9180] Built OAI.LinearAlgebra.MatrixMultiplication.Duality.InformationSchedule (11s)
✔ [9139/9183] Built OAI.LinearAlgebra.MatrixMultiplication.Duality.InformationTransport (11s)
✔ [9140/9184] Built OAI.LinearAlgebra.MatrixMultiplication.Duality.InformationConditioning (11s)
✔ [9141/9184] Built OAI.LinearAlgebra.MatrixMultiplication.Duality.ProgramIndependence (12s)
✔ [9142/9184] Built OAI.LinearAlgebra.MatrixMultiplication.Completion.TerminationLaw (11s)
✔ [9143/9184] Built OAI.LinearAlgebra.MatrixMultiplication.Duality.LawEntropy (12s)
✔ [9144/9188] Built OAI.LinearAlgebra.MatrixMultiplication.Duality.UniformUpdates (10s)
✔ [9145/9188] Built OAI.LinearAlgebra.MatrixMultiplication.JointExtraction.Extraction (12s)
✔ [9146/9188] Built OAI.LinearAlgebra.MatrixMultiplication.CoppersmithWinograd.FieldCW (15s)
✔ [9147/9190] Built OAI.LinearAlgebra.MatrixMultiplication.Duality.CompletionIndependence (15s)
✔ [9148/9190] Built OAI.LinearAlgebra.MatrixMultiplication.Duality.TerminationIndependence (15s)
✔ [9149/9191] Built OAI.LinearAlgebra.MatrixMultiplication.Duality.HiddenRates (12s)
✔ [9150/9193] Built OAI.LinearAlgebra.MatrixMultiplication.Separation.FiniteCover (7.2s)
✔ [9151/9195] Built OAI.LinearAlgebra.MatrixMultiplication.CoppersmithWinograd.ComplexCW75Primitive (124s)
✔ [9152/9195] Built OAI.LinearAlgebra.MatrixMultiplication.Recovery.OrbitCounting (7.5s)
✔ [9153/9195] Built OAI.LinearAlgebra.MatrixMultiplication.Duality.Uniform (12s)
✔ [9154/9195] Built OAI.LinearAlgebra.MatrixMultiplication.AuxiliarySeparation.Arithmetic.RankBound (68s)
✔ [9155/9195] Built OAI.LinearAlgebra.MatrixMultiplication.Arithmetic.CommonDimensions (10s)
✔ [9156/9195] Built OAI.LinearAlgebra.MatrixMultiplication.Duality.RootIndependence (12s)
✔ [9157/9195] Built OAI.LinearAlgebra.MatrixMultiplication.Tensor.Replication (12s)
✔ [9158/9199] Built OAI.LinearAlgebra.MatrixMultiplication.Recovery.RecoveryGrowth (9.9s)
✔ [9159/9199] Built OAI.LinearAlgebra.MatrixMultiplication.FieldConstruction.Witness (35s)
✔ [9160/9202] Built OAI.LinearAlgebra.MatrixMultiplication.Recovery.ExactRecovery (10s)
✔ [9161/9202] Built OAI.LinearAlgebra.MatrixMultiplication.CoppersmithWinograd.ComplexCW75LabelHierarchy (12s)
✔ [9162/9202] Built OAI.LinearAlgebra.MatrixMultiplication.Tensor.TerminalProducts (9.6s)
✔ [9163/9202] Built OAI.LinearAlgebra.MatrixMultiplication.Duality.UniformInstances (11s)
✔ [9164/9202] Built OAI.LinearAlgebra.MatrixMultiplication.JointExtraction.Hashing (9.6s)
✔ [9165/9205] Built OAI.LinearAlgebra.MatrixMultiplication.Tensor.CompleteWordPair (6.3s)
✔ [9166/9205] Built OAI.LinearAlgebra.MatrixMultiplication.JointExtraction.LossCounts (10s)
✔ [9167/9205] Built OAI.LinearAlgebra.MatrixMultiplication.Recovery.InheritedMasks (10s)
✔ [9168/9205] Built OAI.LinearAlgebra.MatrixMultiplication.AuxiliarySeparation.Main (21s)
✔ [9169/9205] Built OAI.LinearAlgebra.MatrixMultiplication.Recovery.OrbitRecovery (11s)
✔ [9170/9205] Built OAI.LinearAlgebra.MatrixMultiplication.Duality.ScriptIndependence (11s)
✔ [9171/9205] Built OAI.LinearAlgebra.MatrixMultiplication.Duality.HiddenInstances (12s)
✔ [9172/9215] Built OAI.LinearAlgebra.MatrixMultiplication.FieldConstruction.Source (22s)
✔ [9173/9217] Built OAI.LinearAlgebra.MatrixMultiplication.CoppersmithWinograd.ComplexCW75InitialExecution (35s)
✔ [9174/9217] Built OAI.LinearAlgebra.MatrixMultiplication.JointExtraction.CoarseHashing (10s)
✔ [9175/9217] Built OAI.LinearAlgebra.MatrixMultiplication.JointExtraction.CoarseAssignment (10s)
✔ [9176/9221] Built OAI.LinearAlgebra.MatrixMultiplication.Duality.Witness (12s)
✔ [9177/9221] Built OAI.LinearAlgebra.MatrixMultiplication.Recovery.InverseLinearRecovery (8.8s)
✔ [9178/9221] Built OAI.LinearAlgebra.MatrixMultiplication.Tensor.ComplexWitness (24s)
✔ [9179/9221] Built OAI.LinearAlgebra.MatrixMultiplication.Tensor.LeafVolumes (9.8s)
✔ [9180/9221] Built OAI.LinearAlgebra.MatrixMultiplication.Recovery.HistorySymmetry (14s)
✔ [9181/9221] Built OAI.LinearAlgebra.MatrixMultiplication.JointExtraction.AssignmentLoss (8.7s)
✔ [9182/9221] Built OAI.LinearAlgebra.MatrixMultiplication.JointExtraction.IdealBranches (8.0s)
✔ [9183/9221] Built OAI.LinearAlgebra.MatrixMultiplication.JointExtraction.Population (10s)
✔ [9184/9221] Built OAI.LinearAlgebra.MatrixMultiplication.JointExtraction.APFree (9.8s)
✔ [9185/9221] Built OAI.LinearAlgebra.MatrixMultiplication.FieldParameters.Basic (15s)
✔ [9186/9221] Built OAI.LinearAlgebra.MatrixMultiplication.Duality.WitnessEntropy (10s)
✔ [9187/9221] Built OAI.LinearAlgebra.MatrixMultiplication.Duality.FiniteRealization (12s)
✔ [9188/9221] Built OAI.LinearAlgebra.MatrixMultiplication.ComplexBounds.CW75ReorderedWords (13s)
✔ [9189/9221] Built OAI.LinearAlgebra.MatrixMultiplication.Entropy.CurveLaws (14s)
✔ [9190/9221] Built OAI.LinearAlgebra.MatrixMultiplication.CoppersmithWinograd.CWLeafRestrictions (9.8s)
✔ [9191/9221] Built OAI.LinearAlgebra.MatrixMultiplication.Duality.ExponentConsumer (22s)
✔ [9192/9221] Built OAI.LinearAlgebra.MatrixMultiplication.JointExtraction.Canonicalization (15s)
✔ [9193/9221] Built OAI.LinearAlgebra.MatrixMultiplication.JointExtraction.ExtractionRates (12s)
✔ [9194/9226] Built OAI.LinearAlgebra.MatrixMultiplication.Rectangular.Witness (22s)
✔ [9195/9226] Built OAI.LinearAlgebra.MatrixMultiplication.Duality.WitnessRates (12s)
✔ [9196/9228] Built OAI.LinearAlgebra.MatrixMultiplication.ComplexBounds.CW75ReorderedGeometricValues (12s)
✔ [9197/9231] Built OAI.LinearAlgebra.MatrixMultiplication.Duality.FiniteRates (13s)
✔ [9198/9231] Built OAI.LinearAlgebra.MatrixMultiplication.FieldConstruction.FiniteFamily (32s)
✔ [9199/9234] Built OAI.LinearAlgebra.MatrixMultiplication.CoppersmithWinograd.CWLeafStatistics (9.2s)
✔ [9200/9234] Built OAI.LinearAlgebra.MatrixMultiplication.Numerical.CurveLawsCertificates (11s)
✔ [9201/9234] Built OAI.LinearAlgebra.MatrixMultiplication.JointExtraction.OrdinarySelection (10s)
✔ [9202/9234] Built OAI.LinearAlgebra.MatrixMultiplication.FieldConstruction.PopulationCounts (7.5s)
✔ [9203/9236] Built OAI.LinearAlgebra.MatrixMultiplication.FieldParameters.Weights (10s)
✔ [9204/9236] Built OAI.LinearAlgebra.MatrixMultiplication.Recovery.Staggering (9.8s)
✔ [9205/9237] Built OAI.LinearAlgebra.MatrixMultiplication.ComplexBounds.CW75ReorderedExecution (13s)
✔ [9206/9239] Built OAI.LinearAlgebra.MatrixMultiplication.CoppersmithWinograd.CWCompatibilityTransfer (10s)
✔ [9207/9239] Built OAI.LinearAlgebra.MatrixMultiplication.Duality.WitnessRealization (12s)
✔ [9208/9246] Built OAI.LinearAlgebra.MatrixMultiplication.Entropy.CurveRationalLaw (12s)
✔ [9209/9247] Built OAI.LinearAlgebra.MatrixMultiplication.Recovery.PhysicalOrders (8.7s)
✔ [9210/9249] Built OAI.LinearAlgebra.MatrixMultiplication.FieldConstruction.InitialSource (20s)
✔ [9211/9254] Built OAI.LinearAlgebra.MatrixMultiplication.Recovery.FiniteSchedule (8.4s)
✔ [9212/9255] Built OAI.LinearAlgebra.MatrixMultiplication.Duality.FamilyConstruction (21s)
✔ [9213/9255] Built OAI.LinearAlgebra.MatrixMultiplication.CoppersmithWinograd.CWStrands (10s)
✔ [9214/9261] Built OAI.LinearAlgebra.MatrixMultiplication.FieldParameters.Laws (19s)
✔ [9215/9261] Built OAI.LinearAlgebra.MatrixMultiplication.Tensor.ExactStatisticWords (9.3s)
✔ [9216/9261] Built OAI.LinearAlgebra.MatrixMultiplication.ComplexBounds.CW75ReorderedFinite (11s)
✔ [9217/9261] Built OAI.LinearAlgebra.MatrixMultiplication.FieldParameters.Entropy (9.8s)
✔ [9218/9261] Built OAI.LinearAlgebra.MatrixMultiplication.JointExtraction.EntropyMax (9.2s)
✔ [9219/9263] Built OAI.LinearAlgebra.MatrixMultiplication.Recovery.InheritedStatisticWindows (8.1s)
✔ [9220/9263] Built OAI.LinearAlgebra.MatrixMultiplication.JointExtraction.TypeCounts (13s)
✔ [9221/9265] Built OAI.LinearAlgebra.MatrixMultiplication.CoppersmithWinograd.CWCoarseIndices (10s)
✔ [9222/9265] Built OAI.LinearAlgebra.MatrixMultiplication.CoppersmithWinograd.CWShapeLeaves (11s)
✔ [9223/9265] Built OAI.LinearAlgebra.MatrixMultiplication.FieldParameters.Distributions (11s)
✔ [9224/9267] Built OAI.LinearAlgebra.MatrixMultiplication.ComplexBounds.CW75ReorderedBalanced (12s)
✔ [9225/9268] Built OAI.LinearAlgebra.MatrixMultiplication.JointExtraction.CapacityAlgebra (10s)
✔ [9226/9268] Built OAI.LinearAlgebra.MatrixMultiplication.ComplexBounds.CW75ReorderedFiniteRates (12s)
✔ [9227/9268] Built OAI.LinearAlgebra.MatrixMultiplication.JointExtraction.GibbsApproximation (9.6s)
✔ [9228/9268] Built OAI.LinearAlgebra.MatrixMultiplication.Duality.ExponentBound (21s)
✔ [9229/9268] Built OAI.LinearAlgebra.MatrixMultiplication.JointExtraction.AmbientDegree (10s)
✔ [9230/9268] Built OAI.LinearAlgebra.MatrixMultiplication.JointExtraction.PopulationRates (10s)
✔ [9231/9268] Built OAI.LinearAlgebra.MatrixMultiplication.CoppersmithWinograd.CWWindowedLeaves (10s)
✔ [9232/9272] Built OAI.LinearAlgebra.MatrixMultiplication.FieldParameters.Compatibility (10s)
✔ [9233/9272] Built OAI.LinearAlgebra.MatrixMultiplication.FieldParameters.StageC (9.3s)
✔ [9234/9275] Built OAI.LinearAlgebra.MatrixMultiplication.JointExtraction.CanonicalCW (19s)
✔ [9235/9275] Built OAI.LinearAlgebra.MatrixMultiplication.FieldConstruction.StageCLaw (14s)
✔ [9236/9275] Built OAI.LinearAlgebra.MatrixMultiplication.JointExtraction.AmbientRateLimit (11s)
✔ [9237/9276] Built OAI.LinearAlgebra.MatrixMultiplication.JointExtraction.AmbientEntropy (11s)
✔ [9238/9276] Built OAI.LinearAlgebra.MatrixMultiplication.CoppersmithWinograd.CWCompleteStatistics (9.4s)
✔ [9239/9280] Built OAI.LinearAlgebra.MatrixMultiplication.FieldParameters.LeafRates (9.4s)
✔ [9240/9280] Built OAI.LinearAlgebra.MatrixMultiplication.Recovery.RecoverySupport (9.1s)
✔ [9241/9280] Built OAI.LinearAlgebra.MatrixMultiplication.ComplexBounds.CW75ReorderedBalancedRates (20s)
✔ [9242/9280] Built OAI.LinearAlgebra.MatrixMultiplication.JointExtraction.OrdinaryPopulationSelection (11s)
✔ [9243/9280] Built OAI.LinearAlgebra.MatrixMultiplication.JointExtraction.CanonicalInitial (12s)
✔ [9244/9284] Built OAI.LinearAlgebra.MatrixMultiplication.FieldConstruction.ZeroLeafRateFormula (8.0s)
✔ [9245/9284] Built OAI.LinearAlgebra.MatrixMultiplication.FieldConstruction.ShapeEncoding (18s)
✔ [9246/9296] Built OAI.LinearAlgebra.MatrixMultiplication.Recovery.HistorySupport (8.4s)
✔ [9247/9296] Built OAI.LinearAlgebra.MatrixMultiplication.Entropy.LeafRates (11s)
✔ [9248/9296] Built OAI.LinearAlgebra.MatrixMultiplication.FieldHistory.Populations (20s)
✔ [9249/9296] Built OAI.LinearAlgebra.MatrixMultiplication.FieldParameters.Traversal (38s)
✔ [9250/9296] Built OAI.LinearAlgebra.MatrixMultiplication.Numerical.AllFieldCertificates (10s)
✔ [9251/9296] Built OAI.LinearAlgebra.MatrixMultiplication.CoppersmithWinograd.CWStageC (10s)
✔ [9252/9298] Built OAI.LinearAlgebra.MatrixMultiplication.Entropy.FloorExponentialRates (10s)
✔ [9253/9298] Built OAI.LinearAlgebra.MatrixMultiplication.CoppersmithWinograd.CWWordDimensions (11s)
✔ [9254/9298] Built OAI.LinearAlgebra.MatrixMultiplication.FieldConstruction.ZeroLeafRates (10s)
✔ [9255/9308] Built OAI.LinearAlgebra.MatrixMultiplication.FieldConstruction.TerminalPopulations (11s)
✔ [9256/9320] Built OAI.LinearAlgebra.MatrixMultiplication.ComplexBounds.CW75ReorderedRectangular (20s)
✔ [9257/9320] Built OAI.LinearAlgebra.MatrixMultiplication.FieldHistory.Schedule (9.8s)
✔ [9258/9323] Built OAI.LinearAlgebra.MatrixMultiplication.FieldConstruction.InitialStep (21s)
✔ [9259/9323] Built OAI.LinearAlgebra.MatrixMultiplication.FieldConstruction.ComplementSums (9.4s)
✔ [9260/9323] Built OAI.LinearAlgebra.MatrixMultiplication.Entropy.FiniteAverage (7.2s)
✔ [9261/9324] Built OAI.LinearAlgebra.MatrixMultiplication.FieldParameters.HalfLaws (12s)
✔ [9262/9324] Built OAI.LinearAlgebra.MatrixMultiplication.CoppersmithWinograd.CWStageCProducts (11s)
✔ [9263/9324] Built OAI.LinearAlgebra.MatrixMultiplication.JointExtraction.CanonicalMixed (10s)
✔ [9264/9324] Built OAI.LinearAlgebra.MatrixMultiplication.Recovery.EquivOrbitTransport (10s)
✔ [9265/9324] Built OAI.LinearAlgebra.MatrixMultiplication.FieldHistory.Counts (10s)
✔ [9266/9326] Built OAI.LinearAlgebra.MatrixMultiplication.FieldHistory.Priority (11s)
✔ [9267/9326] Built OAI.LinearAlgebra.MatrixMultiplication.Recovery.PermutationIndicatorMoments (8.3s)
✔ [9268/9326] Built OAI.LinearAlgebra.MatrixMultiplication.FieldHistory.Sums (14s)
✔ [9269/9326] Built OAI.LinearAlgebra.MatrixMultiplication.FieldConstruction.TerminalStatisticLaws (9.8s)
✔ [9270/9326] Built OAI.LinearAlgebra.MatrixMultiplication.FieldHistory.Bounds (9.9s)
✔ [9271/9328] Built OAI.LinearAlgebra.MatrixMultiplication.FieldConstruction.InitialExact (21s)
✔ [9272/9328] Built OAI.LinearAlgebra.MatrixMultiplication.CoppersmithWinograd.CWStageCProductRates (12s)
✔ [9273/9328] Built OAI.LinearAlgebra.MatrixMultiplication.FieldHistory.ChildLaws (10s)
✔ [9274/9328] Built OAI.LinearAlgebra.MatrixMultiplication.FieldHistory.Transitions (9.8s)
✔ [9275/9328] Built OAI.LinearAlgebra.MatrixMultiplication.FieldConstruction.InitialHistories (9.6s)
✔ [9276/9328] Built OAI.LinearAlgebra.MatrixMultiplication.FieldHistory.GroupAssignment (9.3s)
✔ [9277/9328] Built OAI.LinearAlgebra.MatrixMultiplication.FieldConstruction.ActiveSums (10s)
✔ [9278/9328] Built OAI.LinearAlgebra.MatrixMultiplication.Recovery.PermutationMatchingMoments (11s)
✔ [9279/9331] Built OAI.LinearAlgebra.MatrixMultiplication.FieldConstruction.NativeCapacity (9.9s)
✔ [9280/9331] Built OAI.LinearAlgebra.MatrixMultiplication.FieldConstruction.StageCCapacity (13s)
✔ [9281/9331] Built OAI.LinearAlgebra.MatrixMultiplication.FieldConstruction.ActiveLaws (10s)
✔ [9282/9332] Built OAI.LinearAlgebra.MatrixMultiplication.FieldConstruction.StageCTerminalRates (9.0s)
✔ [9283/9335] Built OAI.LinearAlgebra.MatrixMultiplication.CoppersmithWinograd.CWStageCPlacements (31s)
✔ [9284/9337] Built OAI.LinearAlgebra.MatrixMultiplication.FieldHistory.Geometry (9.2s)
✔ [9285/9337] Built OAI.LinearAlgebra.MatrixMultiplication.JointExtraction.CanonicalSymmetry (10s)
✔ [9286/9337] Built OAI.LinearAlgebra.MatrixMultiplication.Recovery.PermutationMatchingHalves (7.8s)
✔ [9287/9341] Built OAI.LinearAlgebra.MatrixMultiplication.Recovery.OrbitLoss (7.0s)
✔ [9288/9341] Built OAI.LinearAlgebra.MatrixMultiplication.FieldConstruction.InitialEntropy (11s)
✔ [9289/9341] Built OAI.LinearAlgebra.MatrixMultiplication.CoppersmithWinograd.CWStageCChildProducts (10s)
✔ [9290/9341] Built OAI.LinearAlgebra.MatrixMultiplication.JointExtraction.OrbitRecovery (9.0s)
✔ [9291/9341] Built OAI.LinearAlgebra.MatrixMultiplication.FieldHistory.Positions (12s)
✔ [9292/9341] Built OAI.LinearAlgebra.MatrixMultiplication.Recovery.InheritedMaskConcentration (13s)
✔ [9293/9341] Built OAI.LinearAlgebra.MatrixMultiplication.FieldConstruction.ScheduledYield (13s)
✔ [9294/9341] Built OAI.LinearAlgebra.MatrixMultiplication.CoppersmithWinograd.CWStageCShapeProducts (10s)
✔ [9295/9345] Built OAI.LinearAlgebra.MatrixMultiplication.Tensor.Subdivision (21s)
✔ [9296/9348] Built OAI.LinearAlgebra.MatrixMultiplication.FieldConstruction.InitialHash (38s)
✔ [9297/9348] Built OAI.LinearAlgebra.MatrixMultiplication.FieldHistory.Tensors (26s)
✔ [9298/9348] Built OAI.LinearAlgebra.MatrixMultiplication.Recovery.InheritedMaskMargins (8.0s)
✔ [9299/9348] Built OAI.LinearAlgebra.MatrixMultiplication.CoppersmithWinograd.CWStageCStatistics (12s)
✔ [9300/9348] Built OAI.LinearAlgebra.MatrixMultiplication.FieldConstruction.NativeLaws (11s)
✔ [9301/9351] Built OAI.LinearAlgebra.MatrixMultiplication.JointExtraction.CompatibilityIncidence (21s)
✔ [9302/9351] Built OAI.LinearAlgebra.MatrixMultiplication.Recovery.InheritedMaskAction (17s)
✔ [9303/9353] Built OAI.LinearAlgebra.MatrixMultiplication.FieldHistory.Support (20s)
✔ [9304/9354] Built OAI.LinearAlgebra.MatrixMultiplication.FieldConstruction.InitialOrbit (51s)
✔ [9305/9354] Built OAI.LinearAlgebra.MatrixMultiplication.Recovery.InheritedOrbitProfiles (11s)
✔ [9306/9354] Built OAI.LinearAlgebra.MatrixMultiplication.Recovery.InheritedMaskOrbitFilter (6.9s)
✔ [9307/9354] Built OAI.LinearAlgebra.MatrixMultiplication.FieldConstruction.ActiveCapacity (23s)
✔ [9308/9354] Built OAI.LinearAlgebra.MatrixMultiplication.JointExtraction.CompatibilityEntropyBound (13s)
✔ [9309/9354] Built OAI.LinearAlgebra.MatrixMultiplication.Numerical.AllFieldCertificatesReplay (132s)
✔ [9310/9354] Built OAI.LinearAlgebra.MatrixMultiplication.FieldHistory.MaskCore (11s)
✔ [9311/9354] Built OAI.LinearAlgebra.MatrixMultiplication.FieldHistory.BranchWeights (10s)
✔ [9312/9354] Built OAI.LinearAlgebra.MatrixMultiplication.FieldHistory.StageCIncoming (11s)
✔ [9313/9355] Built OAI.LinearAlgebra.MatrixMultiplication.JointExtraction.MaskedSelection (11s)
✔ [9314/9355] Built OAI.LinearAlgebra.MatrixMultiplication.FieldConstruction.InitialState (58s)
✔ [9315/9356] Built OAI.LinearAlgebra.MatrixMultiplication.FieldHistory.ProducedBase (72s)
✔ [9316/9356] Built OAI.LinearAlgebra.MatrixMultiplication.FieldHistory.Regrouping (58s)
✔ [9317/9356] Built OAI.LinearAlgebra.MatrixMultiplication.JointExtraction.CoarseReorder (9.7s)
✔ [9318/9356] Built OAI.LinearAlgebra.MatrixMultiplication.FieldConstruction.InitialGibbs (10s)
✔ [9319/9356] Built OAI.LinearAlgebra.MatrixMultiplication.FieldHistory.OrbitCount (10s)
✔ [9320/9356] Built OAI.LinearAlgebra.MatrixMultiplication.Recovery.GroupOrbitProjection (11s)
✔ [9321/9356] Built OAI.LinearAlgebra.MatrixMultiplication.JointExtraction.CompatibilityScaling (11s)
✔ [9322/9360] Built OAI.LinearAlgebra.MatrixMultiplication.FieldHistory.RecoveryBudget (9.6s)
✔ [9323/9360] Built OAI.LinearAlgebra.MatrixMultiplication.FieldHistory.Masks (10s)
✔ [9324/9360] Built OAI.LinearAlgebra.MatrixMultiplication.FieldParameters.Contractions (12s)
✔ [9325/9360] Built OAI.LinearAlgebra.MatrixMultiplication.FieldHistory.RawMasks (10s)
✔ [9326/9360] Built OAI.LinearAlgebra.MatrixMultiplication.FieldHistory.MaskLaws (10s)
✔ [9327/9360] Built OAI.LinearAlgebra.MatrixMultiplication.JointExtraction.MaskedAssignment (10s)
✔ [9328/9360] Built OAI.LinearAlgebra.MatrixMultiplication.JointExtraction.PopulationCompatibility (12s)
✔ [9329/9360] Built OAI.LinearAlgebra.MatrixMultiplication.JointExtraction.PopulationMixedNonzero (10s)
✔ [9330/9360] Built OAI.LinearAlgebra.MatrixMultiplication.FieldConstruction.ScheduledPositivity (12s)
✔ [9331/9360] Built OAI.LinearAlgebra.MatrixMultiplication.Recovery.RecoveryOrbitDecisions (9.5s)
✔ [9332/9360] Built OAI.LinearAlgebra.MatrixMultiplication.FieldGroups.OrbitCount (11s)
✔ [9333/9362] Built OAI.LinearAlgebra.MatrixMultiplication.FieldHistory.IncomingCore (25s)
✔ [9334/9362] Built OAI.LinearAlgebra.MatrixMultiplication.FieldGroups.TargetRate (11s)
✔ [9335/9362] Built OAI.LinearAlgebra.MatrixMultiplication.FieldHistory.TickCarry (21s)
✔ [9336/9365] Built OAI.LinearAlgebra.MatrixMultiplication.FieldHistory.ProducedMaskCore (22s)
✔ [9337/9365] Built OAI.LinearAlgebra.MatrixMultiplication.FieldConstruction.InitialFamily (22s)
✔ [9338/9365] Built OAI.LinearAlgebra.MatrixMultiplication.CoppersmithWinograd.CWStrandCompatibility (9.9s)
✔ [9339/9365] Built OAI.LinearAlgebra.MatrixMultiplication.FieldConstruction.TerminalRateFormulas (10s)
✔ [9340/9366] Built OAI.LinearAlgebra.MatrixMultiplication.JointExtraction.OrbitFibers (9.2s)
✔ [9341/9366] Built OAI.LinearAlgebra.MatrixMultiplication.CoppersmithWinograd.CWWordDimensionParameters (11s)
✔ [9342/9371] Built OAI.LinearAlgebra.MatrixMultiplication.FieldGroups.SelectionParameters (10s)
✔ [9343/9371] Built OAI.LinearAlgebra.MatrixMultiplication.JointExtraction.ScalarOrbitAdmissibility (9.3s)
✔ [9344/9376] Built OAI.LinearAlgebra.MatrixMultiplication.FieldConstruction.ZeroHistorySums (11s)
✔ [9345/9376] Built OAI.LinearAlgebra.MatrixMultiplication.FieldConstruction.InitialLeafRates (10s)
✔ [9346/9377] Built OAI.LinearAlgebra.MatrixMultiplication.JointExtraction.PopulationMixedCompatibility (12s)
✔ [9347/9379] Built OAI.LinearAlgebra.MatrixMultiplication.FieldHistory.RecoveryCore (20s)
✔ [9348/9384] Built OAI.LinearAlgebra.MatrixMultiplication.FieldConstruction.PairMarginals (9.8s)
✔ [9349/9384] Built OAI.LinearAlgebra.MatrixMultiplication.FieldHistory.IncomingMasks (22s)
✔ [9350/9385] Built OAI.LinearAlgebra.MatrixMultiplication.FieldParameters.HalfComplement (9.7s)
✔ [9351/9386] Built OAI.LinearAlgebra.MatrixMultiplication.FieldHistory.ProducedMasks (21s)
✔ [9352/9386] Built OAI.LinearAlgebra.MatrixMultiplication.JointExtraction.MaskedRates (10s)
✔ [9353/9386] Built OAI.LinearAlgebra.MatrixMultiplication.JointExtraction.PopulationCWNonzero (10s)
✔ [9354/9386] Built OAI.LinearAlgebra.MatrixMultiplication.FieldConstruction.TerminalRates (12s)
✔ [9355/9388] Built OAI.LinearAlgebra.MatrixMultiplication.FieldConstruction.PairConditionalEntropy (9.3s)
✔ [9356/9388] Built OAI.LinearAlgebra.MatrixMultiplication.FieldHistory.GroupMasks (21s)
✔ [9357/9388] Built OAI.LinearAlgebra.MatrixMultiplication.JointExtraction.MaskedGoodSelection (11s)
✔ [9358/9388] Built OAI.LinearAlgebra.MatrixMultiplication.Tensor.TensorSidePermutation (23s)
✔ [9359/9391] Built OAI.LinearAlgebra.MatrixMultiplication.FieldConstruction.ConstructionLabels (14s)
✔ [9360/9391] Built OAI.LinearAlgebra.MatrixMultiplication.Arithmetic.MatrixMapDecidable (22s)
✔ [9361/9391] Built OAI.LinearAlgebra.MatrixMultiplication.FieldHistory.Produced (22s)
✔ [9362/9393] Built OAI.LinearAlgebra.MatrixMultiplication.FieldConstruction.FinalState (23s)
✔ [9363/9396] Built OAI.LinearAlgebra.MatrixMultiplication.FieldHistory.Recovery (31s)
✔ [9364/9399] Built OAI.LinearAlgebra.MatrixMultiplication.Tensor.TerminalRelabel (9.1s)
✔ [9365/9399] Built OAI.LinearAlgebra.MatrixMultiplication.FieldHistory.Source (21s)
✔ [9366/9400] Built OAI.LinearAlgebra.MatrixMultiplication.CoppersmithWinograd.CWOrientedZero (23s)
✔ [9367/9406] Built OAI.LinearAlgebra.MatrixMultiplication.FieldConstruction.ZeroWords (12s)
✔ [9368/9406] Built OAI.LinearAlgebra.MatrixMultiplication.FieldConstruction.StageCRegroup (10s)
✔ [9369/9407] Built OAI.LinearAlgebra.MatrixMultiplication.FieldHistory.GroupCore (21s)
✔ [9370/9407] Built OAI.LinearAlgebra.MatrixMultiplication.CoppersmithWinograd.CWShapePhysicalPermutation (22s)
✔ [9371/9407] Built OAI.LinearAlgebra.MatrixMultiplication.FieldConstruction.InitialChoice (21s)
✔ [9372/9411] Built OAI.LinearAlgebra.MatrixMultiplication.FieldConstruction.ActiveGibbs (10s)
✔ [9373/9413] Built OAI.LinearAlgebra.MatrixMultiplication.JointExtraction.MarginalSupport (10s)
✔ [9374/9413] Built OAI.LinearAlgebra.MatrixMultiplication.FieldConstruction.SourceRates (19s)
✔ [9375/9413] Built OAI.LinearAlgebra.MatrixMultiplication.JointExtraction.PairClassWindows (10s)
✔ [9376/9415] Built OAI.LinearAlgebra.MatrixMultiplication.CoppersmithWinograd.CWZeroGeometry (21s)
✔ [9377/9415] Built OAI.LinearAlgebra.MatrixMultiplication.FieldConstruction.Terminal (22s)
✔ [9378/9415] Built OAI.LinearAlgebra.MatrixMultiplication.FieldConstruction.StageCGibbs (10s)
✔ [9379/9415] Built OAI.LinearAlgebra.MatrixMultiplication.JointExtraction.CompatibilityControls (13s)
✔ [9380/9415] Built OAI.LinearAlgebra.MatrixMultiplication.JointExtraction.CompatibilityRateLimit (13s)
✔ [9381/9415] Built OAI.LinearAlgebra.MatrixMultiplication.FieldHistory.GroupedRecovery (23s)
✔ [9382/9415] Built OAI.LinearAlgebra.MatrixMultiplication.JointExtraction.ConditionalCountEntropy (12s)
✔ [9383/9419] Built OAI.LinearAlgebra.MatrixMultiplication.FieldGroups.OrbitData (33s)
✔ [9384/9419] Built OAI.LinearAlgebra.MatrixMultiplication.FieldGroups.AmbientDegree (12s)
✔ [9385/9419] Built OAI.LinearAlgebra.MatrixMultiplication.FieldConstruction.ConstructionRates (21s)
✔ [9386/9420] Built OAI.LinearAlgebra.MatrixMultiplication.JointExtraction.PairMixtureControls (11s)
✔ [9387/9420] Built OAI.LinearAlgebra.MatrixMultiplication.FieldConstruction.ZeroFinish (24s)
✔ [9388/9420] Built OAI.LinearAlgebra.MatrixMultiplication.FieldConstruction.InitialZeroFinish (23s)
✔ [9389/9420] Built OAI.LinearAlgebra.MatrixMultiplication.JointExtraction.NativeGroupedEntropy (12s)
✔ [9390/9420] Built OAI.LinearAlgebra.MatrixMultiplication.FieldConstruction.StageCFinish (30s)
✔ [9391/9420] Built OAI.LinearAlgebra.MatrixMultiplication.JointExtraction.CompatibilityCountProducer (19s)
✔ [9392/9420] Built OAI.LinearAlgebra.MatrixMultiplication.FieldHistory.SourceAssignment (19s)
✔ [9393/9420] Built OAI.LinearAlgebra.MatrixMultiplication.FieldGroups.DegreeEnvelope (21s)
✔ [9394/9425] Built OAI.LinearAlgebra.MatrixMultiplication.FieldGroups.StatisticComplement (22s)
✔ [9395/9425] Built OAI.LinearAlgebra.MatrixMultiplication.FieldGroups.SourceSupport (28s)
✔ [9396/9425] Built OAI.LinearAlgebra.MatrixMultiplication.FieldGroups.Degrees (36s)
✔ [9397/9429] Built OAI.LinearAlgebra.MatrixMultiplication.FieldGroups.SelectionCore (27s)
✔ [9399/9433] Built OAI.LinearAlgebra.MatrixMultiplication.JointExtraction.GroupedEntropyPartition (14s)
✔ [9400/9433] Built OAI.LinearAlgebra.MatrixMultiplication.FieldGroups.AssignmentCore (29s)
✔ [9401/9433] Built OAI.LinearAlgebra.MatrixMultiplication.FieldGroups.AdmissibilityCore (29s)
✔ [9402/9433] Built OAI.LinearAlgebra.MatrixMultiplication.FieldGroups.NativeLaws (32s)
✔ [9403/9433] Built OAI.LinearAlgebra.MatrixMultiplication.Numerical.AllFieldCertificatesReplaySemantics (9.7s)
✔ [9404/9433] Built OAI.LinearAlgebra.MatrixMultiplication.JointExtraction.ProjectedGroupEntropy (11s)
✔ [9405/9433] Built OAI.LinearAlgebra.MatrixMultiplication.JointExtraction.GroupedEntropyEmbedding (11s)
✔ [9406/9433] Built OAI.LinearAlgebra.MatrixMultiplication.FieldGroups.OrbitTransport (37s)
✔ [9407/9433] Built OAI.LinearAlgebra.MatrixMultiplication.FieldGroups.CompatibilityTransfer (25s)
✔ [9408/9433] Built OAI.LinearAlgebra.MatrixMultiplication.Numerical.AllFieldCertificatesReplayStatic (9.3s)
✔ [9409/9433] Built OAI.LinearAlgebra.MatrixMultiplication.FieldConstruction.FinishedWitness (26s)
✔ [9410/9433] Built OAI.LinearAlgebra.MatrixMultiplication.FieldConstruction.RateLimit (25s)
✔ [9411/9433] Built OAI.LinearAlgebra.MatrixMultiplication.FieldConstruction.NativeGroupedRates (21s)
✔ [9412/9433] Built OAI.LinearAlgebra.MatrixMultiplication.Numerical.AllFieldCertificatesReplayIntegration (11s)
✔ [9413/9433] Built OAI.LinearAlgebra.MatrixMultiplication.FieldGroups.Admissible (22s)
✔ [9414/9433] Built OAI.LinearAlgebra.MatrixMultiplication.FieldGroups.PairWindows (28s)
✔ [9415/9433] Built OAI.LinearAlgebra.MatrixMultiplication.FieldGroups.Compatibility (24s)
✔ [9416/9433] Built OAI.LinearAlgebra.MatrixMultiplication.FieldGroups.BranchLaws (25s)
✔ [9417/9433] Built OAI.LinearAlgebra.MatrixMultiplication.FieldGroups.BranchDesignation (25s)
✔ [9418/9433] Built OAI.LinearAlgebra.MatrixMultiplication.FieldGroups.Assignments (30s)
✔ [9419/9433] Built OAI.LinearAlgebra.MatrixMultiplication.FieldGroups.DegreeLaws (34s)
✔ [9420/9433] Built OAI.LinearAlgebra.MatrixMultiplication.FieldGroups.PairEntropy (16s)
✔ [9421/9433] Built OAI.LinearAlgebra.MatrixMultiplication.FieldGroups.AssignmentLoss (20s)
✔ [9422/9433] Built OAI.LinearAlgebra.MatrixMultiplication.FieldGroups.CountRate (13s)
✔ [9423/9433] Built OAI.LinearAlgebra.MatrixMultiplication.FieldGroups.ProjectedEntropy (12s)
✔ [9424/9433] Built OAI.LinearAlgebra.MatrixMultiplication.FieldGroups.AssignmentRetention (10s)
✔ [9425/9433] Built OAI.LinearAlgebra.MatrixMultiplication.FieldGroups.NativeDegreeBound (10s)
✔ [9426/9433] Built OAI.LinearAlgebra.MatrixMultiplication.FieldHistory.Tick (9.9s)
✔ [9427/9433] Built OAI.LinearAlgebra.MatrixMultiplication.FieldGroups.Selection (9.9s)
✔ [9428/9433] Built OAI.LinearAlgebra.MatrixMultiplication.FieldHistory.Iteration (10s)
✔ [9429/9433] Built OAI.LinearAlgebra.MatrixMultiplication.FieldConstruction.ConstructionData (8.1s)
✔ [9430/9433] Built OAI.LinearAlgebra.MatrixMultiplication.FieldConstruction.ConstructionFamily (6.6s)
✔ [9431/9433] Built OAI.LinearAlgebra.MatrixMultiplication.FieldConstruction.OrderedLimits (5.9s)
✔ [9432/9433] Built OAI.LinearAlgebra.MatrixMultiplication.FieldConstruction.Conditional (5.4s)
✔ [9433/9433] Built OAI.LinearAlgebra.MatrixMultiplication.Main (5.5s)
Build completed successfully (9433 jobs).
== build rc=0 seconds=1021
{"theorems": ["OAI.MatrixMultiplication.complex_omega_le_nine_quarters", "OAI.MatrixMultiplication.complex_alpha_gt_93_div_200", "OAI.MatrixMultiplication.complex_rectangular_omega_lt_523_div_250"], "defs": ["OAI.MatrixMultiplication.Arithmetic.Gate", "OAI.MatrixMultiplication.Arithmetic.Gate.eval", "OAI.MatrixMultiplication.Arithmetic.Gate.cost", "OAI.MatrixMultiplication.Arithmetic.Program", "OAI.MatrixMultiplication.Arithmetic.Program.eval", "OAI.MatrixMultiplication.Arithmetic.Program.cost", "OAI.MatrixMultiplication.Arithmetic.MatrixInput", "OAI.MatrixMultiplication.Arithmetic.matrixInputs", "OAI.MatrixMultiplication.Arithmetic.MatrixAlgorithm", "OAI.MatrixMultiplication.Arithmetic.MatrixAlgorithm.eval", "OAI.MatrixMultiplication.Arithmetic.MatrixAlgorithm.Correct", "OAI.MatrixMultiplication.Arithmetic.MatrixAlgorithm.cost", "OAI.MatrixMultiplication.Arithmetic.AdmissibleExponent", "OAI.MatrixMultiplication.Arithmetic.omega", "OAI.MatrixMultiplication.Arithmetic.innerSize", "OAI.MatrixMultiplication.Arithmetic.RectangularAdmissibleExponent", "OAI.MatrixMultiplication.Arithmetic.rectangularOmega", "OAI.MatrixMultiplication.Arithmetic.complexAlpha"], "json_theorems": ["OAI.MatrixMultiplication.complex_omega_le_nine_quarters", "OAI.MatrixMultiplication.complex_alpha_gt_93_div_200", "OAI.MatrixMultiplication.complex_rectangular_omega_lt_523_div_250"], "missing_from_parse": []}
TYPES/DEFS DIFFER MatrixMultiplication
1,15d0
< /Users/shannon/cc/math/math/lean/Scratch/Challenge_MatrixMultiplication.lean:118:8:
< warning:
< declaration
< uses
< `sorry`
< /Users/shannon/cc/math/math/lean/Scratch/Challenge_MatrixMultiplication.lean:122:8:
< warning:
< declaration
< uses
< `sorry`
< /Users/shannon/cc/math/math/lean/Scratch/Challenge_MatrixMultiplication.lean:126:8:
< warning:
< declaration
< uses
< `sorry`
41a27,28
> Classical.choice,
> Quot.sound]
AXIOMS: 'OAI.MatrixMultiplication.complex_omega_le_nine_quarters' depends on axioms: [propext, Classical.choice, Quot.sound] 'OAI.MatrixMultiplication.complex_alpha_gt_93_div_200' depends on axioms: [propext, Classical.choice, Quot.sound] 'OAI.MatrixMultiplication.complex_rectangular_omega_lt_523_div_250' depends on axioms: [propext, 
== end=2026-10-08T09:39:41Z
