== MatrixFields  module=OAI.LinearAlgebra.MatrixFields.Main  start=2026-10-09T13:40:54Z
warning: PrimeNumberTheoremAnd: repository '/Users/shannon/cc/math/math/lean/.lake/packages/PrimeNumberTheoremAnd' has local changes
warning: belyi: repository '/Users/shannon/cc/math/math/lean/.lake/packages/belyi' has local changes
warning: formal-schemes: repository '/Users/shannon/cc/math/math/lean/.lake/packages/formal-schemes' has local changes
warning: elliptic-curves: repository '/Users/shannon/cc/math/math/lean/.lake/packages/elliptic-curves' has local changes
warning: tempered-fundamental-groups: repository '/Users/shannon/cc/math/math/lean/.lake/packages/tempered-fundamental-groups' has local changes
warning: oka: repository '/Users/shannon/cc/math/math/lean/.lake/packages/oka' has local changes
warning: orbicurve-cores: repository '/Users/shannon/cc/math/math/lean/.lake/packages/orbicurve-cores' has local changes
warning: pi1: repository '/Users/shannon/cc/math/math/lean/.lake/packages/pi1' has local changes
warning: heights: repository '/Users/shannon/cc/math/math/lean/.lake/packages/heights' has local changes
warning: genl: repository '/Users/shannon/cc/math/math/lean/.lake/packages/genl' has local changes
warning: tate-curves-theta: repository '/Users/shannon/cc/math/math/lean/.lake/packages/tate-curves-theta' has local changes
warning: iut: repository '/Users/shannon/cc/math/math/lean/.lake/packages/iut' has local changes
warning: gromov: repository '/Users/shannon/cc/math/math/lean/.lake/packages/gromov' has local changes
warning: SphereEversion: repository '/Users/shannon/cc/math/math/lean/.lake/packages/SphereEversion' has local changes
warning: schoenflies-lean: repository '/Users/shannon/cc/math/math/lean/.lake/packages/schoenflies-lean' has local changes
warning: ClassFieldTheory: repository '/Users/shannon/cc/math/math/lean/.lake/packages/ClassFieldTheory' has local changes
warning: AINTLIB: repository '/Users/shannon/cc/math/math/lean/.lake/packages/AINTLIB' has local changes
warning: AbsorptionCutoff: repository '/Users/shannon/cc/math/math/lean/.lake/packages/AbsorptionCutoff' has local changes
warning: StrongPNT: repository '/Users/shannon/cc/math/math/lean/.lake/packages/StrongPNT' has local changes
warning: carleson: repository '/Users/shannon/cc/math/math/lean/.lake/packages/carleson' has local changes
warning: rellich-kondrachov: repository '/Users/shannon/cc/math/math/lean/.lake/packages/rellich-kondrachov' has local changes
warning: Zeta3Irrational: repository '/Users/shannon/cc/math/math/lean/.lake/packages/Zeta3Irrational' has local changes
warning: fixed-point-theorems: repository '/Users/shannon/cc/math/math/lean/.lake/packages/fixed-point-theorems' has local changes
✔ [8924/9277] Built OAI.LinearAlgebra.MatrixFields.Entropy.ComplexPolynomialPowerGrowth (35s)
✔ [8925/9277] Built OAI.LinearAlgebra.MatrixFields.Parameters.PopulationCounts (35s)
✔ [8926/9277] Built OAI.LinearAlgebra.MatrixFields.Construction.CompleteWordPair (35s)
✔ [8927/9277] Built OAI.LinearAlgebra.MatrixFields.Entropy.FiniteAverage (35s)
✔ [8928/9277] Built OAI.LinearAlgebra.MatrixFields.Entropy.FloorExponentialRates (35s)
✔ [8929/9277] Built OAI.LinearAlgebra.MatrixFields.Construction.FiniteCover (36s)
✔ [8930/9277] Built OAI.LinearAlgebra.MatrixFields.Parameters.ParametersWeights (43s)
✔ [8931/9277] Built OAI.LinearAlgebra.MatrixFields.Model (30s)
✔ [8932/9277] Built OAI.LinearAlgebra.MatrixFields.Entropy.ComplexAsymptoticRecurrence (30s)
✔ [8933/9277] Built OAI.LinearAlgebra.MatrixFields.Construction.JointLossCounts (30s)
✔ [8934/9277] Built OAI.LinearAlgebra.MatrixFields.Construction.JointAPFree (30s)
✔ [8935/9277] Built OAI.LinearAlgebra.MatrixFields.Tensors.ComplexDotPairing (35s)
✔ [8936/9277] Built OAI.LinearAlgebra.MatrixFields.Entropy.StageCLaw (31s)
✔ [8937/9277] Built OAI.LinearAlgebra.MatrixFields.Extraction.JointExtraction (39s)
✔ [8938/9277] Built OAI.LinearAlgebra.MatrixFields.Construction.ComplexSharedAuxiliaryBank (36s)
✔ [8939/9277] Built OAI.LinearAlgebra.MatrixFields.Arithmetic.ArithmeticComplexity (44s)
✔ [8940/9277] Built OAI.LinearAlgebra.MatrixFields.Extraction.ComplexFiniteSeparation (40s)
✔ [8941/9277] Built OAI.LinearAlgebra.MatrixFields.Arithmetic.ComplexArithmeticLowerBound (41s)
✔ [8942/9277] Built OAI.LinearAlgebra.MatrixFields.Histories.InverseLinearRecovery (43s)
✔ [8943/9277] Built OAI.LinearAlgebra.MatrixFields.Construction.ComplexLocalMaps (44s)
✔ [8944/9277] Built OAI.LinearAlgebra.MatrixFields.Certificates.CertificatesReplay (137s)
✔ [8945/9277] Built OAI.LinearAlgebra.MatrixFields.Construction.ComplexExpressionFamily (36s)
✔ [8946/9277] Built OAI.LinearAlgebra.MatrixFields.Arithmetic.ArithmeticPrograms (42s)
✔ [8947/9277] Built OAI.LinearAlgebra.MatrixFields.Tensors.ComplexSeparatedTensorDecomposition (41s)
✔ [8948/9277] Built OAI.LinearAlgebra.MatrixFields.Parameters.ParametersCompatibility (43s)
✔ [8949/9277] Built OAI.LinearAlgebra.MatrixFields.Tensors.TerminalRelabel (41s)
✔ [8950/9277] Built OAI.LinearAlgebra.MatrixFields.Entropy.ZeroLeafRateFormula (18s)
✔ [8951/9277] Built OAI.LinearAlgebra.MatrixFields.Entropy.JointExtractionRates (46s)
✔ [8952/9277] Built OAI.LinearAlgebra.MatrixFields.Parameters.ComplementSums (65s)
✔ [8953/9277] Built OAI.LinearAlgebra.MatrixFields.Construction.ExpressionFamily (32s)
✔ [8954/9277] Built OAI.LinearAlgebra.MatrixFields.Arithmetic.ComplexArithmeticExponent (32s)
✔ [8955/9277] Built OAI.LinearAlgebra.MatrixFields.Extraction.JointPairClassWindows (32s)
✔ [8956/9277] Built OAI.LinearAlgebra.MatrixFields.Arithmetic.CommonDimensions (33s)
✔ [8957/9277] Built OAI.LinearAlgebra.MatrixFields.Arithmetic.ComplexArithmeticGrowth (34s)
✔ [8958/9277] Built OAI.LinearAlgebra.MatrixFields.Parameters.ParametersContractions (38s)
✔ [8959/9277] Built OAI.LinearAlgebra.MatrixFields.Extraction.ComplexRationalTypes (36s)
✔ [8960/9277] Built OAI.LinearAlgebra.MatrixFields.Construction.JointGibbsApproximation (20s)
✔ [8961/9277] Built OAI.LinearAlgebra.MatrixFields.Extraction.ComplexLabelHierarchySeparation (21s)
✔ [8962/9277] Built OAI.LinearAlgebra.MatrixFields.Extraction.JointMaskedSelection (26s)
✔ [8963/9277] Built OAI.LinearAlgebra.MatrixFields.Entropy.ParametersHalfLaws (23s)
✔ [8964/9277] Built OAI.LinearAlgebra.MatrixFields.Arithmetic.RecursiveBlockPrograms (25s)
✔ [8965/9277] Built OAI.LinearAlgebra.MatrixFields.Construction.ComplexRectangularASI (31s)
✔ [8966/9277] Built OAI.LinearAlgebra.MatrixFields.Histories.InheritedMaskMargins (37s)
✔ [8967/9277] Built OAI.LinearAlgebra.MatrixFields.Construction.JointCoarseReorder (26s)
✔ [8968/9277] Built OAI.LinearAlgebra.MatrixFields.Parameters.ParametersHalfComplement (26s)
✔ [8969/9277] Built OAI.LinearAlgebra.MatrixFields.Entropy.JointMaskedRates (26s)
✔ [8970/9277] Built OAI.LinearAlgebra.MatrixFields.Arithmetic.ArithmeticExponent (25s)
✔ [8971/9277] Built OAI.LinearAlgebra.MatrixFields.Parameters.JointPopulation (27s)
✔ [8972/9277] Built OAI.LinearAlgebra.MatrixFields.Entropy.RectangularGrowth (25s)
✔ [8973/9277] Built OAI.LinearAlgebra.MatrixFields.Construction.ComplexPolynomialWitnessProduct (21s)
✔ [8974/9277] Built OAI.LinearAlgebra.MatrixFields.Construction.ExactStatisticWords (19s)
✔ [8975/9277] Built OAI.LinearAlgebra.MatrixFields.Construction.ShapeEncoding (18s)
✔ [8976/9277] Built OAI.LinearAlgebra.MatrixFields.Construction.JointMaskedAssignment (18s)
✔ [8977/9277] Built OAI.LinearAlgebra.MatrixFields.Construction.Subdivision (20s)
✔ [8978/9277] Built OAI.LinearAlgebra.MatrixFields.Extraction.JointMaskedGoodSelection (9.4s)
✔ [8979/9277] Built OAI.LinearAlgebra.MatrixFields.Tensors.CWCompleteStatistics (16s)
✔ [8980/9277] Built OAI.LinearAlgebra.MatrixFields.Tensors.CWStrandCompatibility (13s)
✔ [8981/9277] Built OAI.LinearAlgebra.MatrixFields.Tensors.JointPopulationCWNonzero (14s)
✔ [8982/9277] Built OAI.LinearAlgebra.MatrixFields.Construction.JointCanonicalMixed (14s)
✔ [8983/9277] Built OAI.LinearAlgebra.MatrixFields.Tensors.CWWordDimensionParameters (15s)
✔ [8984/9277] Built OAI.LinearAlgebra.MatrixFields.Histories.HistoryChildLaws (21s)
✔ [8985/9277] Built OAI.LinearAlgebra.MatrixFields.Parameters.ParametersStageC (17s)
✔ [8986/9277] Built OAI.LinearAlgebra.MatrixFields.Construction.InitialHistories (17s)
✔ [8987/9277] Built OAI.LinearAlgebra.MatrixFields.Entropy.TerminalStatisticLaws (18s)
✔ [8988/9277] Built OAI.LinearAlgebra.MatrixFields.Histories.HistoryPositions (20s)
✔ [8989/9277] Built OAI.LinearAlgebra.MatrixFields.Tensors.CWStageCPlacements (21s)
✔ [8990/9277] Built OAI.LinearAlgebra.MatrixFields.Histories.HistorySums (21s)
✔ [8991/9277] Built OAI.LinearAlgebra.MatrixFields.Entropy.StageCTerminalRates (16s)
✔ [8992/9277] Built OAI.LinearAlgebra.MatrixFields.Construction.ActiveSums (16s)
✔ [8993/9277] Built OAI.LinearAlgebra.MatrixFields.Entropy.InitialLeafRates (17s)
✔ [8994/9277] Built OAI.LinearAlgebra.MatrixFields.Tensors.CWStageCStatistics (19s)
✔ [8995/9277] Built OAI.LinearAlgebra.MatrixFields.Construction.InitialState (31s)
✔ [8996/9277] Built OAI.LinearAlgebra.MatrixFields.Parameters.NativeCapacity (21s)
✔ [8997/9277] Built OAI.LinearAlgebra.MatrixFields.Histories.ZeroHistorySums (21s)
✔ [8998/9277] Built OAI.LinearAlgebra.MatrixFields.Entropy.ZeroLeafRates (27s)
✔ [8999/9277] Built OAI.LinearAlgebra.MatrixFields.Histories.GroupOrbitCount (27s)
✔ [9000/9277] Built OAI.LinearAlgebra.MatrixFields.Parameters.StageCCapacity (29s)
✔ [9001/9277] Built OAI.LinearAlgebra.MatrixFields.Arithmetic.MatrixMapDecidable (22s)
✔ [9002/9277] Built OAI.LinearAlgebra.MatrixFields.Construction.FinalState (24s)
✔ [9003/9277] Built OAI.LinearAlgebra.MatrixFields.Tensors.CWZeroGeometry (25s)
✔ [9004/9277] Built OAI.LinearAlgebra.MatrixFields.Extraction.InitialHash (21s)
✔ [9005/9277] Built OAI.LinearAlgebra.MatrixFields.Entropy.RateLimit (22s)
✔ [9006/9277] Built OAI.LinearAlgebra.MatrixFields.Histories.CWShapePhysicalPermutation (20s)
✔ [9007/9277] Built OAI.LinearAlgebra.MatrixFields.Entropy.NativeLaws (19s)
✔ [9008/9277] Built OAI.LinearAlgebra.MatrixFields.Extraction.JointTypeCounts (23s)
✔ [9009/9277] Built OAI.LinearAlgebra.MatrixFields.Extraction.ConditionalLabels (18s)
✔ [9010/9277] Built OAI.LinearAlgebra.MatrixFields.Extraction.AuxiliarySeparation (16s)
✔ [9011/9277] Built OAI.LinearAlgebra.MatrixFields.Histories.HistoryRecoveryBudget (21s)
✔ [9012/9277] Built OAI.LinearAlgebra.MatrixFields.Construction.PairMarginals (15s)
✔ [9013/9277] Built OAI.LinearAlgebra.MatrixFields.Entropy.ConditionalContinuity (16s)
✔ [9014/9277] Built OAI.LinearAlgebra.MatrixFields.Entropy.ConditionalRateBridge (17s)
✔ [9015/9277] Built OAI.LinearAlgebra.MatrixFields.Construction.JointCompatibilityIncidence (23s)
✔ [9016/9277] Built OAI.LinearAlgebra.MatrixFields.Histories.JointScalarOrbitAdmissibility (16s)
✔ [9017/9277] Built OAI.LinearAlgebra.MatrixFields.Construction.JointCanonicalSymmetry (16s)
✔ [9018/9277] Built OAI.LinearAlgebra.MatrixFields.Histories.HistoryGroupCore (21s)
✔ [9019/9277] Built OAI.LinearAlgebra.MatrixFields.Parameters.TerminalPopulations (13s)
✔ [9020/9277] Built OAI.LinearAlgebra.MatrixFields.Entropy.JointCompatibilityEntropyBound (14s)
✔ [9021/9277] Built OAI.LinearAlgebra.MatrixFields.Parameters.JointPopulationMixedCompatibility (16s)
✔ [9022/9277] Built OAI.LinearAlgebra.MatrixFields.Histories.HistoryRecovery (16s)
✔ [9023/9277] Built OAI.LinearAlgebra.MatrixFields.Entropy.TerminalRates (11s)
✔ [9024/9277] Built OAI.LinearAlgebra.MatrixFields.Histories.HistorySourceAssignment (10s)
✔ [9025/9277] Built OAI.LinearAlgebra.MatrixFields.Construction.ZeroFinish (8.8s)
✔ [9026/9277] Built OAI.LinearAlgebra.MatrixFields.Histories.GroupOrbitTransport (13s)
✔ [9027/9277] Built OAI.LinearAlgebra.MatrixFields.Parameters.GroupStatisticComplement (9.2s)
✔ [9028/9277] Built OAI.LinearAlgebra.MatrixFields.Construction.GroupDegreeEnvelope (9.8s)
✔ [9029/9277] Built OAI.LinearAlgebra.MatrixFields.Construction.JointMarginalSupport (14s)
✔ [9030/9277] Built OAI.LinearAlgebra.MatrixFields.Entropy.JointAmbientEntropy (8.8s)
✔ [9031/9277] Built OAI.LinearAlgebra.MatrixFields.Entropy.JointAmbientRateLimit (8.9s)
✔ [9032/9277] Built OAI.LinearAlgebra.MatrixFields.Construction.JointCompatibilityScaling (6.7s)
✔ [9033/9277] Built OAI.LinearAlgebra.MatrixFields.Entropy.JointCompatibilityRateLimit (8.9s)
✔ [9034/9277] Built OAI.LinearAlgebra.MatrixFields.Entropy.GroupBranchLaws (10s)
✔ [9035/9277] Built OAI.LinearAlgebra.MatrixFields.Construction.GroupBranchDesignation (10s)
✔ [9036/9277] Built OAI.LinearAlgebra.MatrixFields.Parameters.JointOrdinaryPopulationSelection (10s)
✔ [9037/9277] Built OAI.LinearAlgebra.MatrixFields.Construction.GroupAssignmentRetention (14s)
✔ [9038/9277] Built OAI.LinearAlgebra.MatrixFields.Entropy.InitialEntropy (9.9s)
✔ [9039/9277] Built OAI.LinearAlgebra.MatrixFields.Extraction.GroupPairWindows (16s)
✔ [9040/9277] Built OAI.LinearAlgebra.MatrixFields.Construction.GroupAssignments (17s)
✔ [9041/9277] Built OAI.LinearAlgebra.MatrixFields.Construction.JointCompatibilityCountProducer (16s)
✔ [9042/9277] Built OAI.LinearAlgebra.MatrixFields.Histories.InitialOrbit (28s)
✔ [9043/9277] Built OAI.LinearAlgebra.MatrixFields.Construction.InitialFamily (8.5s)
✔ [9044/9277] Built OAI.LinearAlgebra.MatrixFields.Histories.ScheduledPositivity (8.1s)
✔ [9045/9277] Built OAI.LinearAlgebra.MatrixFields.Certificates.SparseContraction (46s)
✔ [9046/9277] Built OAI.LinearAlgebra.MatrixFields.Parameters.GroupSelectionParameters (13s)
✔ [9047/9277] Built OAI.LinearAlgebra.MatrixFields.Extraction.ConstructionLabels (13s)
✔ [9048/9277] Built OAI.LinearAlgebra.MatrixFields.Certificates.Weights2 (20s)
✔ [9049/9277] Built OAI.LinearAlgebra.MatrixFields.Entropy.ConstructionRates (17s)
✔ [9050/9277] Built OAI.LinearAlgebra.MatrixFields.Entropy.GroupPairEntropy (17s)
✔ [9051/9277] Built OAI.LinearAlgebra.MatrixFields.Construction.GroupAmbientDegree (17s)
✔ [9052/9277] Built OAI.LinearAlgebra.MatrixFields.Certificates.InitialProbabilities (35s)
✔ [9053/9277] Built OAI.LinearAlgebra.MatrixFields.Certificates.Zero0_1_7 (40s)
✔ [9054/9277] Built OAI.LinearAlgebra.MatrixFields.Entropy.GroupCountRate (18s)
✔ [9055/9277] Built OAI.LinearAlgebra.MatrixFields.Certificates.SplitA1_1_14 (27s)
✔ [9056/9277] Built OAI.LinearAlgebra.MatrixFields.Certificates.Four0_1_7 (27s)
✔ [9057/9277] Built OAI.LinearAlgebra.MatrixFields.Certificates.Four0_7_1 (43s)
✔ [9058/9277] Built OAI.LinearAlgebra.MatrixFields.Certificates.Four1_0_7 (43s)
✔ [9059/9277] Built OAI.LinearAlgebra.MatrixFields.Certificates.Four1_7_0 (43s)
✔ [9060/9277] Built OAI.LinearAlgebra.MatrixFields.Certificates.Four0_8_0 (43s)
✔ [9061/9277] Built OAI.LinearAlgebra.MatrixFields.Certificates.Four6_0_2 (44s)
✔ [9062/9277] Built OAI.LinearAlgebra.MatrixFields.Certificates.Four6_2_0 (40s)
✔ [9063/9277] Built OAI.LinearAlgebra.MatrixFields.CapacityA.CapA1_1_14I0 (17s)
✔ [9064/9277] Built OAI.LinearAlgebra.MatrixFields.Certificates.Four7_0_1 (42s)
✔ [9065/9277] Built OAI.LinearAlgebra.MatrixFields.Certificates.Four7_1_0 (41s)
✔ [9066/9277] Built OAI.LinearAlgebra.MatrixFields.Certificates.SplitB5_1_2 (29s)
✔ [9067/9277] Built OAI.LinearAlgebra.MatrixFields.Certificates.Four8_0_0 (31s)
✔ [9068/9277] Built OAI.LinearAlgebra.MatrixFields.Entropy.GroupProjectedEntropy (35s)
✔ [9069/9277] Built OAI.LinearAlgebra.MatrixFields.CapacityB.CapB1_5_2I0 (17s)
✔ [9070/9277] Built OAI.LinearAlgebra.MatrixFields.CapacityB.CapB2_5_1I0 (17s)
✔ [9071/9277] Built OAI.LinearAlgebra.MatrixFields.CapacityB.CapB3_2_3I0 (18s)
✔ [9072/9277] Built OAI.LinearAlgebra.MatrixFields.CapacityB.CapB5_1_2I0 (18s)
✔ [9073/9277] Built OAI.LinearAlgebra.MatrixFields.Construction.GroupNativeDegreeBound (15s)
✔ [9074/9277] Built OAI.LinearAlgebra.MatrixFields.Certificates.Four0_3_5 (30s)
✔ [9075/9277] Built OAI.LinearAlgebra.MatrixFields.Extraction.GroupSelection (9.0s)
✔ [9076/9277] Built OAI.LinearAlgebra.MatrixFields.Histories.HistoryIteration (25s)
✔ [9077/9277] Built OAI.LinearAlgebra.MatrixFields.Certificates.Four0_5_3 (35s)
✔ [9078/9277] Built OAI.LinearAlgebra.MatrixFields.Certificates.Four3_0_5 (35s)
✔ [9079/9277] Built OAI.LinearAlgebra.MatrixFields.Certificates.Four3_5_0 (35s)
✔ [9080/9277] Built OAI.LinearAlgebra.MatrixFields.Certificates.Four5_3_0 (35s)
✔ [9081/9277] Built OAI.LinearAlgebra.MatrixFields.Certificates.Four0_4_4 (39s)
✔ [9082/9277] Built OAI.LinearAlgebra.MatrixFields.Construction.OrderedLimits (21s)
✔ [9083/9277] Built OAI.LinearAlgebra.MatrixFields.Certificates.Four4_4_0 (19s)
✔ [9084/9277] Built OAI.LinearAlgebra.MatrixFields.Certificates.SplitB1_1_6 (23s)
✔ [9085/9277] Built OAI.LinearAlgebra.MatrixFields.CapacityB.CapB1_1_6I0 (14s)
✔ [9086/9277] Built OAI.LinearAlgebra.MatrixFields.Certificates.SplitA2_3_11 (18s)
✔ [9087/9277] Built OAI.LinearAlgebra.MatrixFields.Certificates.SplitB2_3_3 (25s)
✔ [9088/9277] Built OAI.LinearAlgebra.MatrixFields.Certificates.Four2_6_0 (28s)
✔ [9089/9277] Built OAI.LinearAlgebra.MatrixFields.CapacityA.CapA2_3_11I0 (13s)
✔ [9090/9277] Built OAI.LinearAlgebra.MatrixFields.Certificates.SplitA1_3_12 (35s)
✔ [9091/9277] Built OAI.LinearAlgebra.MatrixFields.CapacityA.CapA1_2_13I0 (15s)
✔ [9092/9277] Built OAI.LinearAlgebra.MatrixFields.CapacityB.CapB1_4_3I0 (15s)
✔ [9093/9277] Built OAI.LinearAlgebra.MatrixFields.CapacityB.CapB2_3_3I0 (15s)
✔ [9094/9277] Built OAI.LinearAlgebra.MatrixFields.Certificates.SplitA2_2_12 (25s)
✔ [9095/9277] Built OAI.LinearAlgebra.MatrixFields.Certificates.SplitA1_4_11 (26s)
✔ [9096/9277] Built OAI.LinearAlgebra.MatrixFields.CapacityA.CapA1_3_12I0 (21s)
✔ [9097/9277] Built OAI.LinearAlgebra.MatrixFields.Certificates.Four2_0_6 (38s)
✔ [9098/9277] Built OAI.LinearAlgebra.MatrixFields.Certificates.Four5_0_3 (38s)
✔ [9099/9277] Built OAI.LinearAlgebra.MatrixFields.Certificates.SplitB1_3_4 (40s)
✔ [9100/9277] Built OAI.LinearAlgebra.MatrixFields.CapacityA.CapA1_4_11I0 (15s)
✔ [9101/9277] Built OAI.LinearAlgebra.MatrixFields.CapacityA.CapA2_2_12I0 (16s)
✔ [9102/9277] Built OAI.LinearAlgebra.MatrixFields.Certificates.Four4_0_4 (38s)
✔ [9103/9277] Built OAI.LinearAlgebra.MatrixFields.Certificates.SplitA2_4_10 (32s)
✔ [9104/9277] Built OAI.LinearAlgebra.MatrixFields.Certificates.SplitA2_5_9 (32s)
✔ [9105/9277] Built OAI.LinearAlgebra.MatrixFields.Certificates.SplitA2_6_8 (32s)
✔ [9106/9277] Built OAI.LinearAlgebra.MatrixFields.Certificates.SplitA3_3_10 (32s)
✔ [9107/9277] Built OAI.LinearAlgebra.MatrixFields.Certificates.SplitA1_7_8 (32s)
✔ [9108/9277] Built OAI.LinearAlgebra.MatrixFields.Certificates.SplitA2_7_7 (33s)
✔ [9109/9277] Built OAI.LinearAlgebra.MatrixFields.Certificates.SplitA3_4_9 (31s)
✔ [9110/9277] Built OAI.LinearAlgebra.MatrixFields.CapacityA.CapA1_5_10I0 (29s)
✔ [9111/9277] Built OAI.LinearAlgebra.MatrixFields.CapacityA.CapA1_6_9I0 (27s)
✔ [9112/9277] Built OAI.LinearAlgebra.MatrixFields.CapacityB.CapB1_3_4I0 (27s)
✔ [9113/9277] Built OAI.LinearAlgebra.MatrixFields.Certificates.SplitA3_5_8 (38s)
✔ [9114/9277] Built OAI.LinearAlgebra.MatrixFields.Certificates.SplitA3_6_7 (39s)
✔ [9115/9277] Built OAI.LinearAlgebra.MatrixFields.Certificates.SplitA4_5_7 (39s)
✔ [9116/9277] Built OAI.LinearAlgebra.MatrixFields.Certificates.SplitA4_6_6 (40s)
✔ [9117/9277] Built OAI.LinearAlgebra.MatrixFields.Certificates.LittleB1_3_4 (75s)
✔ [9118/9277] Built OAI.LinearAlgebra.MatrixFields.CapacityA.CapA2_4_10I0 (23s)
✔ [9119/9277] Built OAI.LinearAlgebra.MatrixFields.CapacityA.CapA3_3_10I0 (23s)
✔ [9120/9277] Built OAI.LinearAlgebra.MatrixFields.CapacityA.CapA2_6_8I0 (23s)
✔ [9121/9277] Built OAI.LinearAlgebra.MatrixFields.CapacityA.CapA1_7_8I0 (18s)
✔ [9122/9277] Built OAI.LinearAlgebra.MatrixFields.CapacityA.CapA2_5_9I0 (20s)
✔ [9123/9277] Built OAI.LinearAlgebra.MatrixFields.CapacityA.CapA3_4_9I0 (19s)
✔ [9124/9277] Built OAI.LinearAlgebra.MatrixFields.CapacityA.CapA2_7_7I0 (19s)
✔ [9125/9277] Built OAI.LinearAlgebra.MatrixFields.CapacityA.CapA3_5_8I0 (18s)
✔ [9126/9277] Built OAI.LinearAlgebra.MatrixFields.CapacityA.CapA3_6_7I0 (19s)
✔ [9127/9277] Built OAI.LinearAlgebra.MatrixFields.CapacityA.CapA4_5_7I0 (19s)
✔ [9128/9277] Built OAI.LinearAlgebra.MatrixFields.CapacityA.CapA4_6_6I0 (20s)
✔ [9129/9277] Built OAI.LinearAlgebra.MatrixFields.CapacityB.CapB1_2_5I0 (23s)
✔ [9130/9277] Built OAI.LinearAlgebra.MatrixFields.Certificates.LittleB1_5_2 (42s)
✔ [9131/9277] Built OAI.LinearAlgebra.MatrixFields.Certificates.LittleB2_5_1 (41s)
✔ [9132/9277] Built OAI.LinearAlgebra.MatrixFields.CapacityB.CapB1_1_6I1 (30s)
✔ [9133/9277] Built OAI.LinearAlgebra.MatrixFields.CapacityB.CapB1_1_6I2 (30s)
✔ [9134/9277] Built OAI.LinearAlgebra.MatrixFields.Certificates.LittleB1_4_3 (44s)
✔ [9135/9277] Built OAI.LinearAlgebra.MatrixFields.Certificates.LittleB2_3_3 (46s)
✔ [9136/9277] Built OAI.LinearAlgebra.MatrixFields.CapacityB.CapB1_3_4I1 (44s)
✔ [9137/9277] Built OAI.LinearAlgebra.MatrixFields.CapacityB.CapB2_5_1I1 (40s)
✔ [9138/9277] Built OAI.LinearAlgebra.MatrixFields.CapacityB.CapB1_2_5I1 (46s)
✔ [9139/9277] Built OAI.LinearAlgebra.MatrixFields.CapacityB.CapB1_2_5I2 (45s)
✔ [9140/9277] Built OAI.LinearAlgebra.MatrixFields.CapacityB.CapB1_5_2I1 (44s)
✔ [9141/9277] Built OAI.LinearAlgebra.MatrixFields.CapacityB.CapB1_5_2I2 (43s)
✔ [9142/9277] Built OAI.LinearAlgebra.MatrixFields.CapacityB.CapB1_3_4I2 (45s)
✔ [9143/9277] Built OAI.LinearAlgebra.MatrixFields.Certificates.Terminal1_1_6 (119s)
✔ [9144/9277] Built OAI.LinearAlgebra.MatrixFields.CapacityB.CapB1_4_3I1 (49s)
✔ [9145/9277] Built OAI.LinearAlgebra.MatrixFields.CapacityB.CapB1_4_3I2 (49s)
✔ [9146/9277] Built OAI.LinearAlgebra.MatrixFields.CapacityB.CapB2_3_3I1 (49s)
✔ [9147/9277] Built OAI.LinearAlgebra.MatrixFields.CapacityB.CapB2_5_1I2 (49s)
✔ [9148/9277] Built OAI.LinearAlgebra.MatrixFields.CapacityB.CapB2_3_3I2 (49s)
✔ [9149/9277] Built OAI.LinearAlgebra.MatrixFields.Certificates.Terminal4_3_1 (67s)
✔ [9150/9277] Built OAI.LinearAlgebra.MatrixFields.Certificates.Terminal5_2_1 (67s)
✔ [9151/9277] Built OAI.LinearAlgebra.MatrixFields.Certificates.Terminal4_2_2 (72s)
✔ [9152/9277] Built OAI.LinearAlgebra.MatrixFields.Certificates.Terminal3_1_4 (51s)
✔ [9153/9277] Built OAI.LinearAlgebra.MatrixFields.Certificates.Terminal4_1_3 (53s)
✔ [9154/9277] Built OAI.LinearAlgebra.MatrixFields.Certificates.Terminal3_4_1 (53s)
✔ [9155/9277] Built OAI.LinearAlgebra.MatrixFields.Certificates.Terminal2_4_2 (54s)
✔ [9156/9277] Built OAI.LinearAlgebra.MatrixFields.Certificates.Terminal3_3_2 (59s)
✔ [9157/9277] Built OAI.LinearAlgebra.MatrixFields.Certificates.Terminal1_2_5 (22s)
✔ [9158/9277] Built OAI.LinearAlgebra.MatrixFields.Certificates.Terminal1_3_4 (25s)
✔ [9159/9277] Built OAI.LinearAlgebra.MatrixFields.Certificates.Terminal1_4_3 (24s)
✔ [9160/9277] Built OAI.LinearAlgebra.MatrixFields.Certificates.Terminal1_5_2 (24s)
✔ [9161/9277] Built OAI.LinearAlgebra.MatrixFields.Certificates.Terminal2_3_3 (28s)
✔ [9162/9277] Built OAI.LinearAlgebra.MatrixFields.Certificates.Terminal1_6_1 (40s)
✔ [9163/9277] Built OAI.LinearAlgebra.MatrixFields.Certificates.Terminal2_1_5 (50s)
✔ [9164/9277] Built OAI.LinearAlgebra.MatrixFields.CapacityA.CapA4_4_8I0 (21s)
✔ [9165/9277] Built OAI.LinearAlgebra.MatrixFields.Certificates.Terminal2_5_1 (25s)
✔ [9166/9277] Built OAI.LinearAlgebra.MatrixFields.Certificates.Terminal2_2_4 (57s)
✔ [9167/9277] Built OAI.LinearAlgebra.MatrixFields.Certificates.Terminal5_1_2 (26s)
✔ [9168/9277] Built OAI.LinearAlgebra.MatrixFields.Certificates.Terminal3_2_3 (29s)
✔ [9169/9277] Built OAI.LinearAlgebra.MatrixFields.CapacityB.CapB5_2_1I0 (19s)
✔ [9170/9277] Built OAI.LinearAlgebra.MatrixFields.CapacityA.CapA5_5_6I0 (21s)
✔ [9171/9277] Built OAI.LinearAlgebra.MatrixFields.CapacityB.CapB4_3_1I0 (21s)
✔ [9172/9277] Built OAI.LinearAlgebra.MatrixFields.CapacityB.CapB5_2_1I1 (30s)
✔ [9173/9277] Built OAI.LinearAlgebra.MatrixFields.CapacityB.CapB4_2_2I0 (28s)
✔ [9174/9277] Built OAI.LinearAlgebra.MatrixFields.CapacityB.CapB4_3_1I1 (38s)
✔ [9175/9277] Built OAI.LinearAlgebra.MatrixFields.CapacityB.CapB5_2_1I2 (40s)
✔ [9176/9277] Built OAI.LinearAlgebra.MatrixFields.CapacityB.CapB3_1_4I0 (28s)
✔ [9177/9277] Built OAI.LinearAlgebra.MatrixFields.CapacityB.CapB4_3_1I2 (46s)
✔ [9178/9277] Built OAI.LinearAlgebra.MatrixFields.CapacityB.CapB4_2_2I1 (43s)
✔ [9179/9277] Built OAI.LinearAlgebra.MatrixFields.CapacityB.CapB4_2_2I2 (44s)
✔ [9180/9277] Built OAI.LinearAlgebra.MatrixFields.CapacityB.CapB4_1_3I0 (23s)
✔ [9181/9277] Built OAI.LinearAlgebra.MatrixFields.CapacityB.CapB3_1_4I1 (39s)
✔ [9182/9277] Built OAI.LinearAlgebra.MatrixFields.CapacityB.CapB3_1_4I2 (39s)
✔ [9183/9277] Built OAI.LinearAlgebra.MatrixFields.CapacityB.CapB3_4_1I0 (23s)
✔ [9184/9277] Built OAI.LinearAlgebra.MatrixFields.CapacityB.CapB4_1_3I1 (37s)
✔ [9185/9277] Built OAI.LinearAlgebra.MatrixFields.CapacityB.CapB2_4_2I0 (27s)
✔ [9186/9277] Built OAI.LinearAlgebra.MatrixFields.CapacityB.CapB3_4_1I1 (39s)
✔ [9187/9277] Built OAI.LinearAlgebra.MatrixFields.CapacityB.CapB4_1_3I2 (41s)
✔ [9188/9277] Built OAI.LinearAlgebra.MatrixFields.CapacityB.CapB3_4_1I2 (41s)
✔ [9189/9277] Built OAI.LinearAlgebra.MatrixFields.CapacityB.CapB3_3_2I0 (24s)
✔ [9190/9277] Built OAI.LinearAlgebra.MatrixFields.CapacityB.CapB2_4_2I1 (39s)
✔ [9191/9277] Built OAI.LinearAlgebra.MatrixFields.CapacityB.CapB2_4_2I2 (40s)
✔ [9192/9277] Built OAI.LinearAlgebra.MatrixFields.CapacityB.CapB1_6_1I0 (24s)
✔ [9193/9277] Built OAI.LinearAlgebra.MatrixFields.CapacityB.CapB3_3_2I1 (38s)
✔ [9194/9277] Built OAI.LinearAlgebra.MatrixFields.CapacityB.CapB1_6_1I1 (32s)
✔ [9195/9277] Built OAI.LinearAlgebra.MatrixFields.CapacityB.CapB2_1_5I0 (26s)
✔ [9196/9277] Built OAI.LinearAlgebra.MatrixFields.CapacityB.CapB1_6_1I2 (35s)
✔ [9197/9277] Built OAI.LinearAlgebra.MatrixFields.CapacityB.CapB3_3_2I2 (40s)
✔ [9198/9277] Built OAI.LinearAlgebra.MatrixFields.CapacityB.CapB2_1_5I1 (33s)
✔ [9199/9277] Built OAI.LinearAlgebra.MatrixFields.CapacityB.CapB2_2_4I0 (22s)
✔ [9200/9277] Built OAI.LinearAlgebra.MatrixFields.CapacityB.CapB2_1_5I2 (30s)
✔ [9201/9277] Built OAI.LinearAlgebra.MatrixFields.CapacityB.CapB2_2_4I1 (30s)
✔ [9202/9277] Built OAI.LinearAlgebra.MatrixFields.CapacityB.CapB2_2_4I2 (26s)
✔ [9203/9277] Built OAI.LinearAlgebra.MatrixFields.Certificates.NativeInterior (30s)
✔ [9204/9277] Built OAI.LinearAlgebra.MatrixFields.CapacityB.CapB6_1_1I0 (11s)
✔ [9205/9277] Built OAI.LinearAlgebra.MatrixFields.CapacityB.CapB6_1_1I1 (17s)
✔ [9206/9277] Built OAI.LinearAlgebra.MatrixFields.CapacityB.CapB6_1_1I2 (17s)
✔ [9207/9277] Built OAI.LinearAlgebra.MatrixFields.Certificates.SupportedContraction (33s)
✔ [9208/9277] Built OAI.LinearAlgebra.MatrixFields.CapacityA.CapA1_1_14I1 (55s)
✔ [9209/9277] Built OAI.LinearAlgebra.MatrixFields.CapacityA.CapA1_1_14I2 (55s)
✔ [9210/9277] Built OAI.LinearAlgebra.MatrixFields.CapacityA.CapA1_2_13I1 (55s)
✔ [9211/9277] Built OAI.LinearAlgebra.MatrixFields.CapacityA.CapA1_2_13I2 (58s)
✔ [9212/9277] Built OAI.LinearAlgebra.MatrixFields.CapacityA.CapA1_3_12I1 (62s)
✔ [9213/9277] Built OAI.LinearAlgebra.MatrixFields.CapacityA.CapA1_4_11I1 (71s)
✔ [9214/9277] Built OAI.LinearAlgebra.MatrixFields.CapacityA.CapA1_4_11I2 (75s)
✔ [9215/9277] Built OAI.LinearAlgebra.MatrixFields.CapacityA.CapA1_5_10I1 (78s)
✔ [9216/9277] Built OAI.LinearAlgebra.MatrixFields.CapacityA.CapA2_2_12I1 (54s)
✔ [9217/9277] Built OAI.LinearAlgebra.MatrixFields.CapacityA.CapA1_3_12I2 (76s)
✔ [9218/9277] Built OAI.LinearAlgebra.MatrixFields.CapacityA.CapA2_2_12I2 (53s)
✔ [9219/9277] Built OAI.LinearAlgebra.MatrixFields.CapacityA.CapA1_5_10I2Pair (78s)
✔ [9220/9277] Built OAI.LinearAlgebra.MatrixFields.CapacityA.CapA1_6_9I1Pair (78s)
✔ [9221/9277] Built OAI.LinearAlgebra.MatrixFields.CapacityA.CapA1_6_9I2Pair (80s)
✔ [9222/9277] Built OAI.LinearAlgebra.MatrixFields.CapacityA.CapA1_7_8I1Pair (77s)
✔ [9223/9277] Built OAI.LinearAlgebra.MatrixFields.CapacityA.CapA1_7_8I2Pair (71s)
✔ [9224/9277] Built OAI.LinearAlgebra.MatrixFields.CapacityA.CapA2_4_10I2Pair (76s)
✔ [9225/9277] Built OAI.LinearAlgebra.MatrixFields.CapacityA.CapA2_3_11I1 (83s)
✔ [9226/9277] Built OAI.LinearAlgebra.MatrixFields.CapacityA.CapA2_6_8I1Pair (75s)
✔ [9227/9277] Built OAI.LinearAlgebra.MatrixFields.CapacityA.CapA2_5_9I2Pair (78s)
✔ [9228/9277] Built OAI.LinearAlgebra.MatrixFields.CapacityA.CapA2_3_11I2 (86s)
✔ [9229/9277] Built OAI.LinearAlgebra.MatrixFields.CapacityA.CapA2_4_10I1 (85s)
✔ [9230/9277] Built OAI.LinearAlgebra.MatrixFields.CapacityA.CapA2_6_8I2Pair (79s)
✔ [9231/9277] Built OAI.LinearAlgebra.MatrixFields.CapacityA.CapA2_5_9I1 (93s)
✔ [9232/9277] Built OAI.LinearAlgebra.MatrixFields.CapacityA.CapA3_3_10I2Pair (79s)
✔ [9233/9277] Built OAI.LinearAlgebra.MatrixFields.CapacityA.CapA3_3_10I1 (83s)
✔ [9234/9277] Built OAI.LinearAlgebra.MatrixFields.CapacityA.CapA2_7_7I1Pair (88s)
✔ [9235/9277] Built OAI.LinearAlgebra.MatrixFields.CapacityA.CapA3_4_9I2Pair (81s)
✔ [9236/9277] Built OAI.LinearAlgebra.MatrixFields.CapacityA.CapA2_7_7I2Pair (87s)
✔ [9237/9277] Built OAI.LinearAlgebra.MatrixFields.CapacityA.CapA3_4_9I1 (86s)
✔ [9238/9277] Built OAI.LinearAlgebra.MatrixFields.CapacityA.CapA3_5_8I2Pair (77s)
✔ [9239/9277] Built OAI.LinearAlgebra.MatrixFields.CapacityA.CapA3_5_8I1 (94s)
✔ [9240/9277] Built OAI.LinearAlgebra.MatrixFields.CapacityA.CapA3_6_7I1Pair (96s)
✔ [9241/9277] Built OAI.LinearAlgebra.MatrixFields.CapacityA.CapA3_6_7I2Pair (94s)
✔ [9242/9277] Built OAI.LinearAlgebra.MatrixFields.CapacityA.CapA4_4_8I2Pair (94s)
✔ [9243/9277] Built OAI.LinearAlgebra.MatrixFields.CapacityA.CapA4_6_6I1Pair (88s)
✔ [9244/9277] Built OAI.LinearAlgebra.MatrixFields.CapacityA.CapA4_6_6I2Pair (76s)
✔ [9245/9277] Built OAI.LinearAlgebra.MatrixFields.CapacityA.CapA4_5_7I2Pair (89s)
✔ [9246/9277] Built OAI.LinearAlgebra.MatrixFields.CapacityA.CapA4_4_8I1 (100s)
✔ [9247/9277] Built OAI.LinearAlgebra.MatrixFields.CapacityA.CapA4_5_7I1 (110s)
✔ [9248/9277] Built OAI.LinearAlgebra.MatrixFields.CapacityB.CapB5_1_2I1 (59s)
✔ [9249/9277] Built OAI.LinearAlgebra.MatrixFields.CapacityB.CapB5_1_2I2 (60s)
✔ [9250/9277] Built OAI.LinearAlgebra.MatrixFields.CapacityB.CapB3_2_3I1 (62s)
✔ [9251/9277] Built OAI.LinearAlgebra.MatrixFields.CapacityB.CapB3_2_3I2 (63s)
✔ [9252/9277] Built OAI.LinearAlgebra.MatrixFields.CapacityA.CapA1_5_10I2 (63s)
✔ [9253/9277] Built OAI.LinearAlgebra.MatrixFields.CapacityA.CapA1_6_9I1 (55s)
✔ [9254/9277] Built OAI.LinearAlgebra.MatrixFields.CapacityA.CapA5_5_6I2Pair (105s)
✔ [9255/9277] Built OAI.LinearAlgebra.MatrixFields.CapacityA.CapA1_6_9I2 (69s)
✔ [9256/9277] Built OAI.LinearAlgebra.MatrixFields.CapacityA.CapA2_4_10I2 (65s)
✔ [9257/9277] Built OAI.LinearAlgebra.MatrixFields.CapacityA.CapA1_7_8I2 (67s)
✔ [9258/9277] Built OAI.LinearAlgebra.MatrixFields.CapacityA.CapA1_7_8I1 (70s)
✔ [9259/9277] Built OAI.LinearAlgebra.MatrixFields.CapacityA.CapA2_5_9I2 (59s)
✔ [9260/9277] Built OAI.LinearAlgebra.MatrixFields.CapacityA.CapA5_5_6I1 (134s)
✔ [9261/9277] Built OAI.LinearAlgebra.MatrixFields.CapacityA.CapA2_6_8I1 (67s)
✔ [9262/9277] Built OAI.LinearAlgebra.MatrixFields.CapacityA.CapA2_6_8I2 (76s)
✔ [9263/9277] Built OAI.LinearAlgebra.MatrixFields.CapacityA.CapA3_3_10I2 (51s)
✔ [9264/9277] Built OAI.LinearAlgebra.MatrixFields.CapacityA.CapA3_4_9I2 (54s)
✔ [9265/9277] Built OAI.LinearAlgebra.MatrixFields.CapacityA.CapA2_7_7I1 (57s)
✔ [9266/9277] Built OAI.LinearAlgebra.MatrixFields.CapacityA.CapA2_7_7I2 (56s)
✔ [9267/9277] Built OAI.LinearAlgebra.MatrixFields.CapacityA.CapA3_5_8I2 (59s)
✔ [9268/9277] Built OAI.LinearAlgebra.MatrixFields.CapacityA.CapA3_6_7I2 (59s)
✔ [9269/9277] Built OAI.LinearAlgebra.MatrixFields.CapacityA.CapA4_6_6I2 (64s)
✔ [9270/9277] Built OAI.LinearAlgebra.MatrixFields.CapacityA.CapA4_4_8I2 (48s)
✔ [9271/9277] Built OAI.LinearAlgebra.MatrixFields.CapacityA.CapA3_6_7I1 (52s)
✔ [9272/9277] Built OAI.LinearAlgebra.MatrixFields.CapacityA.CapA4_5_7I2 (46s)
✔ [9273/9277] Built OAI.LinearAlgebra.MatrixFields.CapacityA.CapA4_6_6I1 (54s)
✔ [9274/9277] Built OAI.LinearAlgebra.MatrixFields.CapacityA.CapA5_5_6I2 (46s)
✔ [9275/9277] Built OAI.LinearAlgebra.MatrixFields.Certificates.NativeSharp (10s)
✔ [9276/9277] Built OAI.LinearAlgebra.MatrixFields.Conclusions.AllFieldsBound (5.8s)
✔ [9277/9277] Built OAI.LinearAlgebra.MatrixFields.Main (5.3s)
Build completed successfully (9277 jobs).
== build rc=0 seconds=2022
{"theorems": ["OAI.MatrixAllFields.MatrixMultiplication.AllFieldMain.omega_lt_source_constant"], "defs": ["OAI.MatrixAllFields.MatrixMultiplication.Arithmetic.Gate", "OAI.MatrixAllFields.MatrixMultiplication.Arithmetic.Gate.eval", "OAI.MatrixAllFields.MatrixMultiplication.Arithmetic.Gate.cost", "OAI.MatrixAllFields.MatrixMultiplication.Arithmetic.Program", "OAI.MatrixAllFields.MatrixMultiplication.Arithmetic.Program.eval", "OAI.MatrixAllFields.MatrixMultiplication.Arithmetic.Program.cost", "OAI.MatrixAllFields.MatrixMultiplication.Arithmetic.MatrixInput", "OAI.MatrixAllFields.MatrixMultiplication.Arithmetic.matrixInputs", "OAI.MatrixAllFields.MatrixMultiplication.Arithmetic.MatrixAlgorithm", "OAI.MatrixAllFields.MatrixMultiplication.Arithmetic.MatrixAlgorithm.eval", "OAI.MatrixAllFields.MatrixMultiplication.Arithmetic.MatrixAlgorithm.Correct", "OAI.MatrixAllFields.MatrixMultiplication.Arithmetic.MatrixAlgorithm.cost", "OAI.MatrixAllFields.MatrixMultiplication.Arithmetic.AdmissibleExponent", "OAI.MatrixAllFields.MatrixMultiplication.Arithmetic.omega"], "json_theorems": ["OAI.MatrixAllFields.MatrixMultiplication.AllFieldMain.omega_lt_source_constant"], "missing_from_parse": []}
TYPES/DEFS DIFFER MatrixFields
1,5d0
< /Users/shannon/cc/math/math/lean/Scratch/Challenge_MatrixFields.lean:109:8:
< warning:
< declaration
< uses
< `sorry`
36a32,33
> Classical.choice,
> Quot.sound]
AXIOMS: 'OAI.MatrixAllFields.MatrixMultiplication.AllFieldMain.omega_lt_source_constant' depends on axioms: [propext, 
== end=2026-10-09T14:14:58Z
