== NuclearUltrapower  module=OAI.Analysis.NuclearUltrapower.Main  start=2026-10-10T13:43:13Z
warning: PrimeNumberTheoremAnd: repository '/Users/shannon/cc/math/math/lean/.lake/packages/PrimeNumberTheoremAnd' has local changes
warning: belyi: repository '/Users/shannon/cc/math/math/lean/.lake/packages/belyi' has local changes
warning: formal-schemes: repository '/Users/shannon/cc/math/math/lean/.lake/packages/formal-schemes' has local changes
warning: elliptic-curves: repository '/Users/shannon/cc/math/math/lean/.lake/packages/elliptic-curves' has local changes
warning: tempered-fundamental-groups: repository '/Users/shannon/cc/math/math/lean/.lake/packages/tempered-fundamental-groups' has local changes
warning: oka: repository '/Users/shannon/cc/math/math/lean/.lake/packages/oka' has local changes
warning: orbicurve-cores: repository '/Users/shannon/cc/math/math/lean/.lake/packages/orbicurve-cores' has local changes
warning: pi1: repository '/Users/shannon/cc/math/math/lean/.lake/packages/pi1' has local changes
warning: heights: repository '/Users/shannon/cc/math/math/lean/.lake/packages/heights' has local changes
warning: genl: repository '/Users/shannon/cc/math/math/lean/.lake/packages/genl' has local changes
warning: tate-curves-theta: repository '/Users/shannon/cc/math/math/lean/.lake/packages/tate-curves-theta' has local changes
warning: iut: repository '/Users/shannon/cc/math/math/lean/.lake/packages/iut' has local changes
warning: gromov: repository '/Users/shannon/cc/math/math/lean/.lake/packages/gromov' has local changes
warning: SphereEversion: repository '/Users/shannon/cc/math/math/lean/.lake/packages/SphereEversion' has local changes
warning: schoenflies-lean: repository '/Users/shannon/cc/math/math/lean/.lake/packages/schoenflies-lean' has local changes
warning: ClassFieldTheory: repository '/Users/shannon/cc/math/math/lean/.lake/packages/ClassFieldTheory' has local changes
warning: AINTLIB: repository '/Users/shannon/cc/math/math/lean/.lake/packages/AINTLIB' has local changes
warning: AbsorptionCutoff: repository '/Users/shannon/cc/math/math/lean/.lake/packages/AbsorptionCutoff' has local changes
warning: StrongPNT: repository '/Users/shannon/cc/math/math/lean/.lake/packages/StrongPNT' has local changes
warning: carleson: repository '/Users/shannon/cc/math/math/lean/.lake/packages/carleson' has local changes
warning: rellich-kondrachov: repository '/Users/shannon/cc/math/math/lean/.lake/packages/rellich-kondrachov' has local changes
warning: Zeta3Irrational: repository '/Users/shannon/cc/math/math/lean/.lake/packages/Zeta3Irrational' has local changes
warning: fixed-point-theorems: repository '/Users/shannon/cc/math/math/lean/.lake/packages/fixed-point-theorems' has local changes
✔ [8924/8962] Built OAI.Analysis.NuclearUltrapower.Laplacian (28s)
✔ [8925/8962] Built OAI.Analysis.NuclearUltrapower.FiniteRepresentations (29s)
✔ [8926/8962] Built OAI.Analysis.NuclearUltrapower.HilbertInduction (31s)
✔ [8927/8962] Built OAI.Analysis.NuclearUltrapower.FullGroupAlgebra (32s)
✔ [8928/8962] Built OAI.Analysis.NuclearUltrapower.Model (34s)
✔ [8929/8962] Built OAI.Analysis.NuclearUltrapower.HilbertUltraproduct (40s)
✔ [8930/8962] Built OAI.Analysis.NuclearUltrapower.HilbertTensor (40s)
✔ [8931/8962] Built OAI.Analysis.NuclearUltrapower.DyadicGroup (13s)
✔ [8932/8962] Built OAI.Analysis.NuclearUltrapower.CuntzAlgebra (16s)
✔ [8933/8962] Built OAI.Analysis.NuclearUltrapower.VariableUltraproduct (26s)
✔ [8934/8962] Built OAI.Analysis.NuclearUltrapower.ModTwo (11s)
✔ [8935/8962] Built OAI.Analysis.NuclearUltrapower.FaithfulGNS (33s)
✔ [8936/8962] Built OAI.Analysis.NuclearUltrapower.TensorNorms (25s)
✔ [8937/8962] Built OAI.Analysis.NuclearUltrapower.CuntzWords (19s)
✔ [8938/8962] Built OAI.Analysis.NuclearUltrapower.HilbertSchmidt (55s)
✔ [8939/8962] Built OAI.Analysis.NuclearUltrapower.CuntzIntertwining (17s)
✔ [8940/8962] Built OAI.Analysis.NuclearUltrapower.Schur (13s)
✔ [8941/8962] Built OAI.Analysis.NuclearUltrapower.CuntzNuclearity (16s)
✔ [8942/8962] Built OAI.Analysis.NuclearUltrapower.SpatialGap (23s)
✔ [8943/8962] Built OAI.Analysis.NuclearUltrapower.FiniteInduction (13s)
✔ [8944/8962] Built OAI.Analysis.NuclearUltrapower.TensorGap (28s)
✔ [8945/8962] Built OAI.Analysis.NuclearUltrapower.NormUltrapower (9.5s)
✔ [8946/8962] Built OAI.Analysis.NuclearUltrapower.RepresentationUltraproduct (11s)
✔ [8947/8962] Built OAI.Analysis.NuclearUltrapower.NuclearFiniteness (56s)
✔ [8948/8962] Built OAI.Analysis.NuclearUltrapower.TensorMatching (20s)
✔ [8949/8962] Built OAI.Analysis.NuclearUltrapower.InducedApproximation (14s)
✔ [8950/8962] Built OAI.Analysis.NuclearUltrapower.InitialMatching (23s)
✔ [8951/8962] Built OAI.Analysis.NuclearUltrapower.PullbackMatching (11s)
✔ [8952/8962] Built OAI.Analysis.NuclearUltrapower.Predecessors (7.9s)
✔ [8953/8962] Built OAI.Analysis.NuclearUltrapower.GroupObstruction (14s)
✔ [8954/8962] Built OAI.Analysis.NuclearUltrapower.SOSResidual (552s)
