== OddKaplansky  module=OAI.Algebra.OddKaplansky.Main  start=2026-10-09T02:28:47Z
warning: PrimeNumberTheoremAnd: repository '/Users/shannon/cc/math/math/lean/.lake/packages/PrimeNumberTheoremAnd' has local changes
warning: belyi: repository '/Users/shannon/cc/math/math/lean/.lake/packages/belyi' has local changes
warning: formal-schemes: repository '/Users/shannon/cc/math/math/lean/.lake/packages/formal-schemes' has local changes
warning: elliptic-curves: repository '/Users/shannon/cc/math/math/lean/.lake/packages/elliptic-curves' has local changes
warning: tempered-fundamental-groups: repository '/Users/shannon/cc/math/math/lean/.lake/packages/tempered-fundamental-groups' has local changes
warning: oka: repository '/Users/shannon/cc/math/math/lean/.lake/packages/oka' has local changes
warning: orbicurve-cores: repository '/Users/shannon/cc/math/math/lean/.lake/packages/orbicurve-cores' has local changes
warning: pi1: repository '/Users/shannon/cc/math/math/lean/.lake/packages/pi1' has local changes
warning: heights: repository '/Users/shannon/cc/math/math/lean/.lake/packages/heights' has local changes
warning: genl: repository '/Users/shannon/cc/math/math/lean/.lake/packages/genl' has local changes
warning: tate-curves-theta: repository '/Users/shannon/cc/math/math/lean/.lake/packages/tate-curves-theta' has local changes
warning: iut: repository '/Users/shannon/cc/math/math/lean/.lake/packages/iut' has local changes
warning: gromov: repository '/Users/shannon/cc/math/math/lean/.lake/packages/gromov' has local changes
warning: SphereEversion: repository '/Users/shannon/cc/math/math/lean/.lake/packages/SphereEversion' has local changes
warning: schoenflies-lean: repository '/Users/shannon/cc/math/math/lean/.lake/packages/schoenflies-lean' has local changes
warning: ClassFieldTheory: repository '/Users/shannon/cc/math/math/lean/.lake/packages/ClassFieldTheory' has local changes
warning: AINTLIB: repository '/Users/shannon/cc/math/math/lean/.lake/packages/AINTLIB' has local changes
warning: AbsorptionCutoff: repository '/Users/shannon/cc/math/math/lean/.lake/packages/AbsorptionCutoff' has local changes
warning: StrongPNT: repository '/Users/shannon/cc/math/math/lean/.lake/packages/StrongPNT' has local changes
warning: carleson: repository '/Users/shannon/cc/math/math/lean/.lake/packages/carleson' has local changes
warning: rellich-kondrachov: repository '/Users/shannon/cc/math/math/lean/.lake/packages/rellich-kondrachov' has local changes
warning: Zeta3Irrational: repository '/Users/shannon/cc/math/math/lean/.lake/packages/Zeta3Irrational' has local changes
warning: fixed-point-theorems: repository '/Users/shannon/cc/math/math/lean/.lake/packages/fixed-point-theorems' has local changes
✔ [8976/9061] Built OAI.Algebra.OddKaplansky.Parameters (7.3s)
✔ [8977/9061] Built OAI.Algebra.OddKaplansky.QuadraticTower (6.6s)
✔ [8978/9061] Built OAI.Algebra.OddKaplansky.FiniteChoice (5.0s)
✔ [8979/9061] Built OAI.Algebra.OddKaplansky.CoefficientOrder (5.1s)
✔ [8980/9061] Built OAI.Algebra.OddKaplansky.Diagrams (12s)
✔ [8981/9061] Built OAI.Algebra.OddKaplansky.Amalgam (6.3s)
✔ [8982/9061] Built OAI.Algebra.OddKaplansky.Gluing (5.1s)
✔ [8983/9061] Built OAI.Algebra.OddKaplansky.IncidenceCycles (5.4s)
✔ [8984/9061] Built OAI.Algebra.OddKaplansky.GraphEdges (5.2s)
✔ [8985/9061] Built OAI.Algebra.OddKaplansky.LocalGroup (5.5s)
✔ [8986/9061] Built OAI.Algebra.OddKaplansky.SourceGluing (5.0s)
✔ [8987/9061] Built OAI.Algebra.OddKaplansky.BooleanPolynomial (5.1s)
✔ [8988/9061] Built OAI.Algebra.OddKaplansky.GraphNumerics (5.1s)
✔ [8989/9061] Built OAI.Algebra.OddKaplansky.SourceFit (5.1s)
✔ [8990/9061] Built OAI.Algebra.OddKaplansky.Fourier (6.1s)
✔ [8991/9061] Built OAI.Algebra.OddKaplansky.WreathFourier (5.6s)
✔ [8992/9061] Built OAI.Algebra.OddKaplansky.WreathRepresentation (5.4s)
✔ [8993/9061] Built OAI.Algebra.OddKaplansky.WreathBasis (5.5s)
✔ [8994/9061] Built OAI.Algebra.OddKaplansky.WreathLinear (6.1s)
✔ [8995/9061] Built OAI.Algebra.OddKaplansky.WreathMultiply (6.1s)
✔ [8996/9061] Built OAI.Algebra.OddKaplansky.FreeBlocks (5.7s)
✔ [8997/9061] Built OAI.Algebra.OddKaplansky.MatrixUnits (6.1s)
✔ [8998/9061] Built OAI.Algebra.OddKaplansky.MatrixActions (5.8s)
✔ [8999/9061] Built OAI.Algebra.OddKaplansky.WreathActions (6.0s)
✔ [9000/9061] Built OAI.Algebra.OddKaplansky.FreeShiftCount (7.2s)
✔ [9001/9061] Built OAI.Algebra.OddKaplansky.WeightedGram (6.6s)
✔ [9002/9061] Built OAI.Algebra.OddKaplansky.PolynomialGrid (10s)
✔ [9003/9061] Built OAI.Algebra.OddKaplansky.AdmissibleCount (11s)
✔ [9004/9061] Built OAI.Algebra.OddKaplansky.WeightedProjection (7.0s)
✔ [9005/9061] Built OAI.Algebra.OddKaplansky.OrbitSelection (6.5s)
✔ [9006/9061] Built OAI.Algebra.OddKaplansky.ModularGeneric (9.0s)
✔ [9007/9061] Built OAI.Algebra.OddKaplansky.Augmentation (7.6s)
✔ [9008/9061] Built OAI.Algebra.OddKaplansky.AugmentationMatrices (6.9s)
✔ [9009/9061] Built OAI.Algebra.OddKaplansky.SimplexCount (7.3s)
✔ [9010/9061] Built OAI.Algebra.OddKaplansky.HighCount (6.4s)
✔ [9011/9061] Built OAI.Algebra.OddKaplansky.ModularSource (6.7s)
✔ [9012/9061] Built OAI.Algebra.OddKaplansky.OrderedModular (7.8s)
✔ [9013/9061] Built OAI.Algebra.OddKaplansky.CosetCoordinates (5.9s)
✔ [9014/9061] Built OAI.Algebra.OddKaplansky.CosetMatrix (6.8s)
✔ [9015/9061] Built OAI.Algebra.OddKaplansky.OrbitBlock (7.2s)
✔ [9016/9061] Built OAI.Algebra.OddKaplansky.SectorFourier (6.7s)
✔ [9017/9061] Built OAI.Algebra.OddKaplansky.SectorOrbit (6.9s)
✔ [9018/9061] Built OAI.Algebra.OddKaplansky.LocalAlgebra (6.3s)
✔ [9019/9061] Built OAI.Algebra.OddKaplansky.AugmentBound (6.5s)
✔ [9020/9061] Built OAI.Algebra.OddKaplansky.FiniteInverse (5.8s)
✔ [9021/9061] Built OAI.Algebra.OddKaplansky.AugmentInverse (5.9s)
✔ [9022/9061] Built OAI.Algebra.OddKaplansky.IdempotentFree (6.9s)
✔ [9023/9061] Built OAI.Algebra.OddKaplansky.CosetRectangles (6.8s)
✔ [9024/9061] Built OAI.Algebra.OddKaplansky.SectorRectangles (7.2s)
✔ [9025/9061] Built OAI.Algebra.OddKaplansky.SectorStabilizer (6.6s)
✔ [9026/9061] Built OAI.Algebra.OddKaplansky.SourceSector (6.0s)
✔ [9027/9061] Built OAI.Algebra.OddKaplansky.GreedyColumns (5.7s)
✔ [9028/9061] Built OAI.Algebra.OddKaplansky.GreedyLift (5.7s)
✔ [9029/9061] Built OAI.Algebra.OddKaplansky.GreedyRing (6.0s)
✔ [9030/9061] Built OAI.Algebra.OddKaplansky.GreedyInverse (6.3s)
✔ [9031/9061] Built OAI.Algebra.OddKaplansky.GreedyRectangle (6.2s)
✔ [9032/9061] Built OAI.Algebra.OddKaplansky.GreedyFormula (6.6s)
✔ [9033/9061] Built OAI.Algebra.OddKaplansky.OrderedGroup (5.3s)
✔ [9034/9061] Built OAI.Algebra.OddKaplansky.OrderedCoordinates (5.9s)
✔ [9035/9061] Built OAI.Algebra.OddKaplansky.OrderedMatrices (7.3s)
✔ [9036/9061] Built OAI.Algebra.OddKaplansky.OrderedBlocks (7.2s)
✔ [9037/9061] Built OAI.Algebra.OddKaplansky.OrderedOrbits (6.6s)
✔ [9038/9061] Built OAI.Algebra.OddKaplansky.OrderedRectangles (5.0s)
✔ [9039/9061] Built OAI.Algebra.OddKaplansky.PrescribedSector (5.8s)
✔ [9040/9061] Built OAI.Algebra.OddKaplansky.CosetGreedy (7.3s)
✔ [9041/9061] Built OAI.Algebra.OddKaplansky.SectorGreedy (8.1s)
✔ [9042/9061] Built OAI.Algebra.OddKaplansky.PrescribedGreedy (8.1s)
✔ [9043/9061] Built OAI.Algebra.OddKaplansky.PrescribedInverse (11s)
✔ [9044/9061] Built OAI.Algebra.OddKaplansky.AmalgamExtras (7.1s)
✔ [9045/9061] Built OAI.Algebra.OddKaplansky.SectorGroup (7.2s)
✔ [9046/9061] Built OAI.Algebra.OddKaplansky.NilpotentBasis (11s)
✔ [9047/9061] Built OAI.Algebra.OddKaplansky.CyclicCoset (7.1s)
✔ [9048/9061] Built OAI.Algebra.OddKaplansky.OrderedZero (7.1s)
✔ [9049/9061] Built OAI.Algebra.OddKaplansky.Compression (6.9s)
✔ [9050/9061] Built OAI.Algebra.OddKaplansky.SquareCertificate (6.1s)
✔ [9051/9061] Built OAI.Algebra.OddKaplansky.Heisenberg (6.7s)
✔ [9052/9061] Built OAI.Algebra.OddKaplansky.HeisenbergRepresentation (6.7s)
✔ [9053/9061] Built OAI.Algebra.OddKaplansky.HeisenbergSector (6.3s)
✔ [9054/9061] Built OAI.Algebra.OddKaplansky.ScalarAlgebra (7.1s)
✔ [9055/9061] Built OAI.Algebra.OddKaplansky.Transfer (6.4s)
✔ [9056/9061] Built OAI.Algebra.OddKaplansky.Cellular (6.2s)
✔ [9057/9061] Built OAI.Algebra.OddKaplansky.IndexCut (5.5s)
✔ [9058/9061] Built OAI.Algebra.OddKaplansky.Construction (6.3s)
✔ [9059/9061] Built OAI.Algebra.OddKaplansky.SectorConstruction (7.3s)
✔ [9060/9061] Built OAI.Algebra.OddKaplansky.SquareConstruction (6.5s)
✔ [9061/9061] Built OAI.Algebra.OddKaplansky.Main (6.2s)
Build completed successfully (9061 jobs).
== build rc=0 seconds=598
{"theorems": ["OAI.OddKaplansky.main_theorem"], "defs": ["OAI.OddKaplansky.sourceM", "OAI.OddKaplansky.sourcePrime", "OAI.OddKaplansky.cellular", "OAI.OddKaplansky.MainClaim"], "json_theorems": ["OAI.OddKaplansky.main_theorem"], "missing_from_parse": []}
TYPES/DEFS DIFFER OddKaplansky
1,5d0
< /Users/shannon/cc/math/math/lean/Scratch/Challenge_OddKaplansky.lean:26:8:
< warning:
< declaration
< uses
< `sorry`
AXIOMS: 'OAI.OddKaplansky.main_theorem' depends on axioms: [propext, Classical.choice, Quot.sound] 
== end=2026-10-09T02:39:12Z
