== OptimalMaxCut  module=OAI.Computability.MaxCut.Main  start=2026-10-08T08:39:08Z
warning: PrimeNumberTheoremAnd: repository '/Users/shannon/cc/math/math/lean/.lake/packages/PrimeNumberTheoremAnd' has local changes
warning: belyi: repository '/Users/shannon/cc/math/math/lean/.lake/packages/belyi' has local changes
warning: formal-schemes: repository '/Users/shannon/cc/math/math/lean/.lake/packages/formal-schemes' has local changes
warning: elliptic-curves: repository '/Users/shannon/cc/math/math/lean/.lake/packages/elliptic-curves' has local changes
warning: tempered-fundamental-groups: repository '/Users/shannon/cc/math/math/lean/.lake/packages/tempered-fundamental-groups' has local changes
warning: oka: repository '/Users/shannon/cc/math/math/lean/.lake/packages/oka' has local changes
warning: orbicurve-cores: repository '/Users/shannon/cc/math/math/lean/.lake/packages/orbicurve-cores' has local changes
warning: pi1: repository '/Users/shannon/cc/math/math/lean/.lake/packages/pi1' has local changes
warning: heights: repository '/Users/shannon/cc/math/math/lean/.lake/packages/heights' has local changes
warning: genl: repository '/Users/shannon/cc/math/math/lean/.lake/packages/genl' has local changes
warning: tate-curves-theta: repository '/Users/shannon/cc/math/math/lean/.lake/packages/tate-curves-theta' has local changes
warning: iut: repository '/Users/shannon/cc/math/math/lean/.lake/packages/iut' has local changes
warning: gromov: repository '/Users/shannon/cc/math/math/lean/.lake/packages/gromov' has local changes
warning: SphereEversion: repository '/Users/shannon/cc/math/math/lean/.lake/packages/SphereEversion' has local changes
warning: schoenflies-lean: repository '/Users/shannon/cc/math/math/lean/.lake/packages/schoenflies-lean' has local changes
warning: ClassFieldTheory: repository '/Users/shannon/cc/math/math/lean/.lake/packages/ClassFieldTheory' has local changes
warning: AINTLIB: repository '/Users/shannon/cc/math/math/lean/.lake/packages/AINTLIB' has local changes
warning: AbsorptionCutoff: repository '/Users/shannon/cc/math/math/lean/.lake/packages/AbsorptionCutoff' has local changes
warning: StrongPNT: repository '/Users/shannon/cc/math/math/lean/.lake/packages/StrongPNT' has local changes
warning: carleson: repository '/Users/shannon/cc/math/math/lean/.lake/packages/carleson' has local changes
warning: rellich-kondrachov: repository '/Users/shannon/cc/math/math/lean/.lake/packages/rellich-kondrachov' has local changes
warning: Zeta3Irrational: repository '/Users/shannon/cc/math/math/lean/.lake/packages/Zeta3Irrational' has local changes
warning: fixed-point-theorems: repository '/Users/shannon/cc/math/math/lean/.lake/packages/fixed-point-theorems' has local changes
✔ [8924/9295] Built OAI.Computability.MaxCut.Model (8.2s)
✔ [8925/9295] Built OAI.Computability.MaxCut.PCP.Parity (28s)
✔ [8926/9295] Built OAI.Computability.MaxCut.Encoding.BinaryCoordinates (28s)
✔ [8927/9295] Built OAI.Computability.MaxCut.Games.UniformPartition (28s)
✔ [8928/9295] Built OAI.Computability.MaxCut.PCP.RepetitionUpper (28s)
✔ [8929/9295] Built OAI.Computability.MaxCut.Encoding.InputEncoding (29s)
✔ [8930/9295] Built OAI.Computability.MaxCut.Games.Target (30s)
✔ [8931/9295] Built OAI.Computability.MaxCut.Machines.Runtime (30s)
✔ [8932/9295] Built OAI.Computability.MaxCut.Games.WeightRounding (32s)
✔ [8933/9295] Built OAI.Computability.MaxCut.PCP.Parameters (29s)
✔ [8934/9295] Built OAI.Computability.MaxCut.PCP.PreprocessingRegularLoopWords (29s)
✔ [8935/9295] Built OAI.Computability.MaxCut.Model2 (29s)
✔ [8936/9295] Built OAI.Computability.MaxCut.Encoding.KMSKernelOrbits (27s)
✔ [8937/9295] Built OAI.Computability.MaxCut.PCP.ParityIndependence (29s)
✔ [8938/9295] Built OAI.Computability.MaxCut.Games.RowErasureSliceQuotient (27s)
✔ [8939/9295] Built OAI.Computability.MaxCut.Games.Basic (32s)
✔ [8940/9295] Built OAI.Computability.MaxCut.Games.Concatenation (44s)
✔ [8941/9295] Built OAI.Computability.MaxCut.Encoding.Serialization (25s)
✔ [8942/9295] Built OAI.Computability.MaxCut.Games.GapSemantics (26s)
✔ [8943/9295] Built OAI.Computability.MaxCut.Encoding.Encoding (24s)
✔ [8944/9295] Built OAI.Computability.MaxCut.Games.MatrixCharacters (28s)
✔ [8945/9295] Built OAI.Computability.MaxCut.Games.PartnerProjection (30s)
✔ [8946/9295] Built OAI.Computability.MaxCut.Games.Deletion (31s)
✔ [8947/9295] Built OAI.Computability.MaxCut.PCP.ClauseVerifier (29s)
✔ [8948/9295] Built OAI.Computability.MaxCut.Machines.MachineCopy (29s)
✔ [8949/9295] Built OAI.Computability.MaxCut.Machines.MachineUniformRounding (23s)
✔ [8950/9295] Built OAI.Computability.MaxCut.PCP.UniformRestriction (23s)
✔ [8951/9295] Built OAI.Computability.MaxCut.Games.FinishBounds (24s)
✔ [8952/9295] Built OAI.Computability.MaxCut.Games.Subdivision (25s)
✔ [8953/9295] Built OAI.Computability.MaxCut.PCP.Product (24s)
✔ [8954/9295] Built OAI.Computability.MaxCut.Games.SplitMaps (25s)
✔ [8955/9295] Built OAI.Computability.MaxCut.Games.RowErasure (27s)
✔ [8956/9295] Built OAI.Computability.MaxCut.PCP.AnalyticCheeger (21s)
✔ [8957/9295] Built OAI.Computability.MaxCut.Games.Basic2 (28s)
✔ [8958/9295] Built OAI.Computability.MaxCut.Encoding.FormulaEncoding (28s)
✔ [8959/9295] Built OAI.Computability.MaxCut.Machines.MachineUniformCopyOrder (26s)
✔ [8960/9295] Built OAI.Computability.MaxCut.Games.DyadicErrors (25s)
✔ [8961/9295] Built OAI.Computability.MaxCut.Machines.Machine (31s)
✔ [8962/9295] Built OAI.Computability.MaxCut.PCP.MatrixParity (27s)
✔ [8963/9295] Built OAI.Computability.MaxCut.Games.OrientationVectors (38s)
✔ [8964/9295] Built OAI.Computability.MaxCut.Games.MatrixFourier (25s)
✔ [8965/9295] Built OAI.Computability.MaxCut.Encoding.AdviceFibers (31s)
✔ [8966/9295] Built OAI.Computability.MaxCut.Encoding.NameCompaction (27s)
✔ [8967/9295] Built OAI.Computability.MaxCut.Machines.MachineRegisterEmit (25s)
✔ [8968/9295] Built OAI.Computability.MaxCut.Machines.MachineSequential (28s)
✔ [8969/9295] Built OAI.Computability.MaxCut.Machines.MachineFiniteTable (24s)
✔ [8970/9295] Built OAI.Computability.MaxCut.Games.Information (29s)
✔ [8971/9295] Built OAI.Computability.MaxCut.Games.LabelBound (27s)
✔ [8972/9295] Built OAI.Computability.MaxCut.Games.AffineWitness (34s)
✔ [8973/9295] Built OAI.Computability.MaxCut.Encoding.GameEncodingSize (26s)
✔ [8974/9295] Built OAI.Computability.MaxCut.Machines.Machine2 (26s)
✔ [8975/9295] Built OAI.Computability.MaxCut.Machines.MachineInitialHeaders (30s)
✔ [8976/9295] Built OAI.Computability.MaxCut.Games.MatrixNoise (32s)
✔ [8977/9295] Built OAI.Computability.MaxCut.Games.OrientedBlockKernel (34s)
✔ [8978/9295] Built OAI.Computability.MaxCut.PCP.MatrixParityRow (36s)
✔ [8979/9295] Built OAI.Computability.MaxCut.Games.Restriction (39s)
✔ [8980/9295] Built OAI.Computability.MaxCut.Games.KMSBasisInvariant (29s)
✔ [8981/9295] Built OAI.Computability.MaxCut.Machines.MachineBinaryFormula (31s)
✔ [8982/9295] Built OAI.Computability.MaxCut.Games.GamesAdapter (27s)
✔ [8983/9295] Built OAI.Computability.MaxCut.Games.RankAdditivity (49s)
✔ [8984/9295] Built OAI.Computability.MaxCut.Machines.MachineFieldTemplate (32s)
✔ [8985/9295] Built OAI.Computability.MaxCut.PCP.Variation (27s)
✔ [8986/9295] Built OAI.Computability.MaxCut.Games.IncidenceExtraction (37s)
✔ [8987/9295] Built OAI.Computability.MaxCut.Games.Kernels (22s)
✔ [8988/9295] Built OAI.Computability.MaxCut.Games.Reindexing (21s)
✔ [8989/9295] Built OAI.Computability.MaxCut.Games.RowErasureSelection (31s)
✔ [8990/9295] Built OAI.Computability.MaxCut.Games.RealTarget (27s)
✔ [8991/9295] Built OAI.Computability.MaxCut.Games.RowErasureConcentration (33s)
✔ [8992/9295] Built OAI.Computability.MaxCut.Encoding.KMSKernelOrbitsFourier (34s)
✔ [8993/9295] Built OAI.Computability.MaxCut.Games.GenericPolynomial (40s)
✔ [8994/9295] Built OAI.Computability.MaxCut.Machines.MachineFieldProfile (35s)
✔ [8995/9295] Built OAI.Computability.MaxCut.Encoding.PositiveMultiplier (31s)
✔ [8996/9295] Built OAI.Computability.MaxCut.Games.BlockRestriction (47s)
✔ [8997/9295] Built OAI.Computability.MaxCut.Machines.MachineSubdivisionRows (28s)
✔ [8998/9295] Built OAI.Computability.MaxCut.Machines.MachineUnaryAffine (44s)
✔ [8999/9295] Built OAI.Computability.MaxCut.Games.Identities (47s)
✔ [9000/9295] Built OAI.Computability.MaxCut.Games.Pinsker (34s)
✔ [9001/9295] Built OAI.Computability.MaxCut.Encoding.SparseLaw (40s)
✔ [9002/9295] Built OAI.Computability.MaxCut.PCP.ProfileCorrection (36s)
✔ [9003/9295] Built OAI.Computability.MaxCut.PCP.Overlap (37s)
✔ [9004/9295] Built OAI.Computability.MaxCut.Games.RawPartnerTarget (42s)
✔ [9005/9295] Built OAI.Computability.MaxCut.Games.TranslationTarget (39s)
✔ [9006/9295] Built OAI.Computability.MaxCut.Machines.MachineSubdivisionDynamicRows (33s)
✔ [9007/9295] Built OAI.Computability.MaxCut.Games.HarmonicLoss (39s)
✔ [9008/9295] Built OAI.Computability.MaxCut.PCP.Rounding (66s)
✔ [9009/9295] Built OAI.Computability.MaxCut.Encoding.Bit (69s)
✔ [9010/9295] Built OAI.Computability.MaxCut.PCP.SelectedInformation (77s)
✔ [9011/9295] Built OAI.Computability.MaxCut.Games.CoordinateTransport (84s)
✔ [9012/9295] Built OAI.Computability.MaxCut.Games.RawPrivateTable (75s)
✔ [9013/9295] Built OAI.Computability.MaxCut.Encoding.BinaryRowTransport (68s)
✔ [9014/9295] Built OAI.Computability.MaxCut.Machines.RuntimeSpace (65s)
✔ [9015/9295] Built OAI.Computability.MaxCut.Estimates.Density (99s)
✔ [9016/9295] Built OAI.Computability.MaxCut.Machines.MachineSubdivisionEmission (65s)
✔ [9017/9295] Built OAI.Computability.MaxCut.Machines.MachineLookupCore (66s)
✔ [9018/9295] Built OAI.Computability.MaxCut.Games.SeparationCertificate (53s)
✔ [9019/9295] Built OAI.Computability.MaxCut.Games.BaseDetection (64s)
✔ [9020/9295] Built OAI.Computability.MaxCut.Encoding.ActualInputRows (72s)
✔ [9021/9295] Built OAI.Computability.MaxCut.PCP.ProductCollisionBounds (80s)
✔ [9022/9295] Built OAI.Computability.MaxCut.Games.RawMapLaw (90s)
✔ [9023/9295] Built OAI.Computability.MaxCut.Games.Derivatives (93s)
✔ [9024/9295] Built OAI.Computability.MaxCut.Machines.MachineCanonicalOutput (76s)
✔ [9025/9295] Built OAI.Computability.MaxCut.Encoding.TableKeys (84s)
✔ [9026/9295] Built OAI.Computability.MaxCut.Games.AdviceImageLaw (84s)
✔ [9027/9295] Built OAI.Computability.MaxCut.Machines.MachineBinaryParsing (85s)
✔ [9028/9295] Built OAI.Computability.MaxCut.Encoding.BitCube (60s)
✔ [9029/9295] Built OAI.Computability.MaxCut.Machines.MachineSubdivisionTableRead (79s)
✔ [9030/9295] Built OAI.Computability.MaxCut.Machines.MachineSubroutine (80s)
✔ [9031/9295] Built OAI.Computability.MaxCut.PCP.FieldArray (81s)
✔ [9032/9295] Built OAI.Computability.MaxCut.PCP.KernelIteration (84s)
✔ [9033/9295] Built OAI.Computability.MaxCut.Games.StageNoiseRecurrence (89s)
✔ [9034/9295] Built OAI.Computability.MaxCut.Encoding.PaddedLaw (89s)
✔ [9035/9295] Built OAI.Computability.MaxCut.Games.A4IndexCount (99s)
✔ [9036/9295] Built OAI.Computability.MaxCut.Games.KMSAnalyticHybridEnergyImageSplit (96s)
✔ [9037/9295] Built OAI.Computability.MaxCut.Games.AnswerBridge (85s)
✔ [9038/9295] Built OAI.Computability.MaxCut.Machines.MachineUnaryMultiply (88s)
✔ [9039/9295] Built OAI.Computability.MaxCut.Games.ProductTarget (88s)
✔ [9040/9295] Built OAI.Computability.MaxCut.Machines.MachineStateFrame (80s)
✔ [9041/9295] Built OAI.Computability.MaxCut.Machines.PoweringMachineLoop (75s)
✔ [9042/9295] Built OAI.Computability.MaxCut.PCP.ContextLoad (76s)
✔ [9043/9295] Built OAI.Computability.MaxCut.Games.LevelInequality (92s)
✔ [9044/9295] Built OAI.Computability.MaxCut.Games.OperatorNorm (104s)
✔ [9045/9295] Built OAI.Computability.MaxCut.Games.UpperBound (95s)
✔ [9046/9295] Built OAI.Computability.MaxCut.Games.KMSAnalyticSmallInvariant (110s)
✔ [9047/9295] Built OAI.Computability.MaxCut.Encoding.SubdivisionEncoding (143s)
✔ [9048/9295] Built OAI.Computability.MaxCut.Machines.MachineHorner (144s)
✔ [9049/9295] Built OAI.Computability.MaxCut.Machines.MachineTupleOdometer (144s)
✔ [9050/9295] Built OAI.Computability.MaxCut.Games.FiniteFieldChoice (233s)
✔ [9051/9295] Built OAI.Computability.MaxCut.Encoding.ThreeBitTest (145s)
✔ [9052/9295] Built OAI.Computability.MaxCut.Games.Product (151s)
✔ [9053/9295] Built OAI.Computability.MaxCut.PCP.DistributionMaps (57s)
✔ [9054/9295] Built OAI.Computability.MaxCut.Estimates.Degree (137s)
✔ [9055/9295] Built OAI.Computability.MaxCut.Machines.MachineSubdivisionCorrespondence (59s)
✔ [9056/9295] Built OAI.Computability.MaxCut.Games.A5Scalar (126s)
✔ [9057/9295] Built OAI.Computability.MaxCut.Games.KMSFourthMomentMixedRestriction (75s)
✔ [9058/9295] Built OAI.Computability.MaxCut.Games.FiniteNoise (44s)
✔ [9059/9295] Built OAI.Computability.MaxCut.PCP.CompletedSampling (38s)
✔ [9060/9295] Built OAI.Computability.MaxCut.Games.MaskMoment (35s)
✔ [9061/9295] Built OAI.Computability.MaxCut.Machines.MachineSingleOrbitProgram (45s)
✔ [9062/9295] Built OAI.Computability.MaxCut.Machines.MachineProductGatherBounds (47s)
✔ [9063/9295] Built OAI.Computability.MaxCut.PCP.SelectedJointGame (47s)
✔ [9064/9295] Built OAI.Computability.MaxCut.Encoding.PrivateFourier (61s)
✔ [9065/9295] Built OAI.Computability.MaxCut.Games.PartnerFullSampling (55s)
✔ [9066/9295] Built OAI.Computability.MaxCut.Gadgets.Polynomial (66s)
✔ [9067/9295] Built OAI.Computability.MaxCut.Games.SubmoduleInterval (66s)
✔ [9068/9295] Built OAI.Computability.MaxCut.Games.KMSAnalyticHybridEnergyImageTransportCore (73s)
✔ [9069/9295] Built OAI.Computability.MaxCut.PCP.SelectedProfileBudget (200s)
✔ [9070/9295] Built OAI.Computability.MaxCut.Games.ActualAdviceStochasticBridge (153s)
✔ [9071/9295] Built OAI.Computability.MaxCut.Estimates.Clip (145s)
✔ [9072/9295] Built OAI.Computability.MaxCut.Games.UpperMobius (144s)
✔ [9073/9295] Built OAI.Computability.MaxCut.Games.KMSFourthMomentPointShuffle (136s)
✔ [9074/9295] Built OAI.Computability.MaxCut.Games.KMSFourthMomentZoomInvariant (182s)
✔ [9075/9295] Built OAI.Computability.MaxCut.Games.A1Reduction (184s)
✔ [9076/9295] Built OAI.Computability.MaxCut.PCP.Folding (451s)
✔ [9077/9295] Built OAI.Computability.MaxCut.Games.IncidenceGap (196s)
✔ [9078/9295] Built OAI.Computability.MaxCut.Analysis.CubePerm (196s)
✔ [9079/9295] Built OAI.Computability.MaxCut.Encoding.AdviceLaw (204s)
✔ [9080/9295] Built OAI.Computability.MaxCut.Encoding.Encoding2 (41s)
✔ [9081/9295] Built OAI.Computability.MaxCut.Graphs.TestCut (33s)
✔ [9082/9295] Built OAI.Computability.MaxCut.Encoding.Decoder (42s)
✔ [9083/9295] Built OAI.Computability.MaxCut.PCP.HonestTest (44s)
✔ [9084/9295] Built OAI.Computability.MaxCut.Machines.MachineClone100Table (46s)
✔ [9085/9295] Built OAI.Computability.MaxCut.Games.FinalParameters (48s)
✔ [9086/9295] Built OAI.Computability.MaxCut.Games.KMSInjectionCountBounds (64s)
✔ [9087/9295] Built OAI.Computability.MaxCut.Games.A5ReverseIndex (67s)
✔ [9088/9295] Built OAI.Computability.MaxCut.PCP.FourierResponse (41s)
✔ [9089/9295] Built OAI.Computability.MaxCut.Encoding.BitPairWeightQ (42s)
✔ [9090/9295] Built OAI.Computability.MaxCut.Games.StageData (31s)
✔ [9091/9295] Built OAI.Computability.MaxCut.Games.NoiseEnumeration (36s)
✔ [9092/9295] Built OAI.Computability.MaxCut.Games.Incidence (36s)
✔ [9093/9295] Built OAI.Computability.MaxCut.PCP.Occurrences (40s)
✔ [9094/9295] Built OAI.Computability.MaxCut.Games.EquationLookup (44s)
✔ [9095/9295] Built OAI.Computability.MaxCut.Games.KMSAnalyticFrequencyShift (44s)
✔ [9096/9295] Built OAI.Computability.MaxCut.Games.Probability (51s)
✔ [9097/9295] Built OAI.Computability.MaxCut.PCP.Bounds (35s)
✔ [9098/9295] Built OAI.Computability.MaxCut.PCP.LocalEquation (51s)
✔ [9099/9295] Built OAI.Computability.MaxCut.Encoding.GameDecoder (53s)
✔ [9100/9295] Built OAI.Computability.MaxCut.Games.CloneTable (51s)
✔ [9101/9295] Built OAI.Computability.MaxCut.Encoding.TableKeysGame (53s)
✔ [9102/9295] Built OAI.Computability.MaxCut.Games.ActualCompleteness (55s)
✔ [9103/9295] Built OAI.Computability.MaxCut.Games.A5Induction (60s)
✔ [9104/9295] Built OAI.Computability.MaxCut.PCP.EquationEmit (34s)
✔ [9105/9295] Built OAI.Computability.MaxCut.Encoding.TableKeysCompleteness (31s)
✔ [9106/9295] Built OAI.Computability.MaxCut.PCP.ProfileBridge (36s)
✔ [9107/9295] Built OAI.Computability.MaxCut.Machines.MachineTuple (40s)
✔ [9108/9295] Built OAI.Computability.MaxCut.Encoding.TransferredDecoding (42s)
✔ [9109/9295] Built OAI.Computability.MaxCut.PCP.Game (44s)
✔ [9110/9295] Built OAI.Computability.MaxCut.Games.KMSAnalyticRestrictionTransport (47s)
✔ [9111/9295] Built OAI.Computability.MaxCut.Machines.AlphabetBudget (22s)
✔ [9112/9295] Built OAI.Computability.MaxCut.Games.CanonicalWordTemplate (32s)
✔ [9113/9295] Built OAI.Computability.MaxCut.Games.CanonicalAddress (33s)
✔ [9114/9295] Built OAI.Computability.MaxCut.Encoding.ActualAdviceUpper (24s)
✔ [9115/9295] Built OAI.Computability.MaxCut.PCP.DescriptorEmission (34s)
✔ [9116/9295] Built OAI.Computability.MaxCut.PCP.ContextPrepare (35s)
✔ [9117/9295] Built OAI.Computability.MaxCut.Games.KMSMomentConstants (27s)
✔ [9118/9295] Built OAI.Computability.MaxCut.PCP.SelectionSequence (27s)
✔ [9119/9295] Built OAI.Computability.MaxCut.Encoding.TableKeysAddressGame (27s)
✔ [9120/9295] Built OAI.Computability.MaxCut.PCP.LoopOrder (28s)
✔ [9121/9295] Built OAI.Computability.MaxCut.Games.Weighted (31s)
✔ [9122/9295] Built OAI.Computability.MaxCut.Machines.RuntimeModel (29s)
✔ [9123/9295] Built OAI.Computability.MaxCut.Machines.MachineTemplateAddress (33s)
✔ [9124/9295] Built OAI.Computability.MaxCut.Games.KMSBasisComparisonPseudorandomTupleMap (35s)
✔ [9125/9295] Built OAI.Computability.MaxCut.Games.Parameters (20s)
✔ [9126/9295] Built OAI.Computability.MaxCut.Machines.MachineRhsLoad (19s)
✔ [9127/9295] Built OAI.Computability.MaxCut.Machines.MachineProductProgram (25s)
✔ [9128/9295] Built OAI.Computability.MaxCut.PCP.ContextClear (21s)
✔ [9129/9295] Built OAI.Computability.MaxCut.Games.KMSMomentTheorem (20s)
✔ [9130/9295] Built OAI.Computability.MaxCut.Machines.MachineProductLoop (14s)
✔ [9131/9295] Built OAI.Computability.MaxCut.PCP.HeaderCounts (41s)
✔ [9132/9295] Built OAI.Computability.MaxCut.Estimates.Vec (20s)
✔ [9133/9295] Built OAI.Computability.MaxCut.Games.ProductSoundness (16s)
✔ [9134/9295] Built OAI.Computability.MaxCut.Games.MatrixChartDegreeNeighbors (22s)
✔ [9135/9295] Built OAI.Computability.MaxCut.PCP.HeaderAccumulate (21s)
✔ [9136/9295] Built OAI.Computability.MaxCut.Machines.CloneMachineModel (23s)
✔ [9137/9295] Built OAI.Computability.MaxCut.Estimates.Dictator (19s)
✔ [9138/9295] Built OAI.Computability.MaxCut.Games.KMSBasisComparisonNeighborsFiberFunctional (19s)
✔ [9139/9295] Built OAI.Computability.MaxCut.Machines.CanonicalBodyMachine (16s)
✔ [9140/9295] Built OAI.Computability.MaxCut.PCP.TupleBody (20s)
✔ [9141/9295] Built OAI.Computability.MaxCut.Analysis.CubeEquiv (16s)
✔ [9142/9295] Built OAI.Computability.MaxCut.Arithmetic.GridWeight (18s)
✔ [9143/9295] Built OAI.Computability.MaxCut.Games.MatrixChartKMSNeighbors (21s)
✔ [9144/9295] Built OAI.Computability.MaxCut.Games.AddressTupleLoaded (20s)
✔ [9145/9295] Built OAI.Computability.MaxCut.Games.AddressOdometerSchedule (20s)
✔ [9146/9295] Built OAI.Computability.MaxCut.PCP.Gap (21s)
✔ [9147/9295] Built OAI.Computability.MaxCut.Games.MatrixChartShortcode (18s)
✔ [9148/9295] Built OAI.Computability.MaxCut.Estimates.Sample (26s)
✔ [9149/9295] Built OAI.Computability.MaxCut.Games.AddressGame (20s)
✔ [9150/9295] Built OAI.Computability.MaxCut.PCP.Generator (20s)
✔ [9151/9295] Built OAI.Computability.MaxCut.Games.ShortcodeFiberSampling (17s)
✔ [9152/9295] Built OAI.Computability.MaxCut.Estimates.Put (20s)
✔ [9153/9295] Built OAI.Computability.MaxCut.PCP.InitialGraph (21s)
✔ [9154/9295] Built OAI.Computability.MaxCut.Games.OccurrenceTupleOrder (25s)
✔ [9155/9295] Built OAI.Computability.MaxCut.PCP.PortTables (27s)
✔ [9156/9295] Built OAI.Computability.MaxCut.Machines.AddressMachineProgram (30s)
✔ [9157/9295] Built OAI.Computability.MaxCut.Gadgets.ValuePolynomial (20s)
✔ [9158/9295] Built OAI.Computability.MaxCut.Estimates.Rename (21s)
✔ [9159/9295] Built OAI.Computability.MaxCut.Estimates.CorrectSum (28s)
✔ [9160/9295] Built OAI.Computability.MaxCut.PCP.PortTableLookup (18s)
✔ [9161/9295] Built OAI.Computability.MaxCut.Machines.AddressMachineInitial (18s)
✔ [9162/9295] Built OAI.Computability.MaxCut.PCP.CayleySampling (22s)
✔ [9163/9295] Built OAI.Computability.MaxCut.Encoding.BitValue (17s)
✔ [9164/9295] Built OAI.Computability.MaxCut.Estimates.Divides (21s)
✔ [9165/9295] Built OAI.Computability.MaxCut.Machines.Printer (15s)
✔ [9166/9295] Built OAI.Computability.MaxCut.Machines.AddressMachineLoop (14s)
✔ [9167/9295] Built OAI.Computability.MaxCut.PCP.CayleySpectral (16s)
✔ [9168/9295] Built OAI.Computability.MaxCut.Machines.FramedLen (14s)
✔ [9169/9295] Built OAI.Computability.MaxCut.Estimates.ListSum (17s)
✔ [9170/9295] Built OAI.Computability.MaxCut.PCP.ExpanderFamily (17s)
✔ [9171/9295] Built OAI.Computability.MaxCut.PCP.Overlay (18s)
✔ [9172/9295] Built OAI.Computability.MaxCut.Encoding.VerticesBits (17s)
✔ [9173/9295] Built OAI.Computability.MaxCut.Arithmetic.Prime (18s)
✔ [9174/9295] Built OAI.Computability.MaxCut.PCP.ExpanderRowControl (17s)
✔ [9175/9295] Built OAI.Computability.MaxCut.PCP.PreprocessingRegularTables (20s)
✔ [9176/9295] Built OAI.Computability.MaxCut.Machines.MachineCloudCount (22s)
✔ [9177/9295] Built OAI.Computability.MaxCut.Estimates.Param (16s)
✔ [9178/9295] Built OAI.Computability.MaxCut.PCP.GraphGap (23s)
✔ [9179/9295] Built OAI.Computability.MaxCut.PCP.ExpanderTableEnumeration (14s)
✔ [9180/9295] Built OAI.Computability.MaxCut.PCP.PreprocessingPaddingOffsets (15s)
✔ [9181/9295] Built OAI.Computability.MaxCut.Estimates.VecEquivSymmVal (16s)
✔ [9182/9295] Built OAI.Computability.MaxCut.Machines.MachineCloudPadding (19s)
✔ [9183/9295] Built OAI.Computability.MaxCut.PCP.PreprocessingLazyWords (18s)
✔ [9184/9295] Built OAI.Computability.MaxCut.PCP.SpectralCut (19s)
✔ [9185/9295] Built OAI.Computability.MaxCut.PCP.PreprocessingInternalRows (17s)
✔ [9186/9295] Built OAI.Computability.MaxCut.Encoding.AdjacencyBits (17s)
✔ [9187/9295] Built OAI.Computability.MaxCut.PCP.PreprocessingStageMaps (17s)
✔ [9188/9295] Built OAI.Computability.MaxCut.PCP.PreprocessingOverlayWords (19s)
✔ [9189/9295] Built OAI.Computability.MaxCut.Machines.MachineCloudPrefix (21s)
✔ [9190/9295] Built OAI.Computability.MaxCut.PCP.PreprocessingRegularSoundness (20s)
✔ [9191/9295] Built OAI.Computability.MaxCut.Estimates.Anchor (16s)
✔ [9192/9295] Built OAI.Computability.MaxCut.Machines.MachineClone100Triples (17s)
✔ [9193/9295] Built OAI.Computability.MaxCut.Games.NP (16s)
✔ [9194/9295] Built OAI.Computability.MaxCut.Encoding.PortTableEncoding (16s)
✔ [9195/9295] Built OAI.Computability.MaxCut.PCP.PoweringDecoding (17s)
✔ [9196/9295] Built OAI.Computability.MaxCut.Arithmetic.GridComputer (12s)
✔ [9197/9295] Built OAI.Computability.MaxCut.PCP.PoweringOpinionTables (12s)
✔ [9198/9295] Built OAI.Computability.MaxCut.PCP.PoweringTableLayout (14s)
✔ [9199/9295] Built OAI.Computability.MaxCut.PCP.PoweringRowHeaderSemantics (15s)
✔ [9200/9295] Built OAI.Computability.MaxCut.PCP.PoweringTableSemantics (15s)
✔ [9201/9295] Built OAI.Computability.MaxCut.Machines.Input (18s)
✔ [9202/9295] Built OAI.Computability.MaxCut.Machines.AlphabetReduction (13s)
✔ [9203/9295] Built OAI.Computability.MaxCut.Machines.AlphabetRetraction (13s)
✔ [9204/9295] Built OAI.Computability.MaxCut.Machines.Lookup (17s)
✔ [9205/9295] Built OAI.Computability.MaxCut.Machines.AlphabetGraph (19s)
✔ [9206/9295] Built OAI.Computability.MaxCut.Machines.Relations (9.2s)
✔ [9207/9295] Built OAI.Computability.MaxCut.PCP.RawInitialTables (14s)
✔ [9208/9295] Built OAI.Computability.MaxCut.Machines.CompareLoop (21s)
✔ [9209/9295] Built OAI.Computability.MaxCut.PCP.FinalBooleanVerifier (15s)
✔ [9210/9295] Built OAI.Computability.MaxCut.PCP.RawInitialPredicate (17s)
✔ [9211/9295] Built OAI.Computability.MaxCut.PCP.GraphTableComplexity (18s)
✔ [9212/9295] Built OAI.Computability.MaxCut.Machines.MachineFixedDivMod (18s)
✔ [9213/9295] Built OAI.Computability.MaxCut.Machines.EmitRows (22s)
✔ [9214/9295] Built OAI.Computability.MaxCut.Games.FinalCNFPattern (16s)
✔ [9215/9295] Built OAI.Computability.MaxCut.Machines.RawInitialMachineBudget (16s)
✔ [9216/9295] Built OAI.Computability.MaxCut.Machines.RawInitialMachineModel (24s)
✔ [9217/9295] Built OAI.Computability.MaxCut.Machines.MachinePortReindex (18s)
✔ [9218/9295] Built OAI.Computability.MaxCut.Machines.MachineExpanderTableProgram (20s)
✔ [9219/9295] Built OAI.Computability.MaxCut.PCP.RoundGap (19s)
✔ [9220/9295] Built OAI.Computability.MaxCut.Machines.Body (26s)
✔ [9221/9295] Built OAI.Computability.MaxCut.Machines.MachineExpanderFamilyAffine (16s)
✔ [9222/9295] Built OAI.Computability.MaxCut.Machines.RawInitialMachineCleanup (21s)
✔ [9223/9295] Built OAI.Computability.MaxCut.PCP.TableIteration (15s)
✔ [9224/9295] Built OAI.Computability.MaxCut.Machines.Runtime2 (15s)
✔ [9225/9295] Built OAI.Computability.MaxCut.Machines.MachineExpanderRowFrames (17s)
✔ [9226/9295] Built OAI.Computability.MaxCut.Games.PoweringMasterState (19s)
✔ [9227/9295] Built OAI.Computability.MaxCut.PCP.PoweringRowData (22s)
✔ [9228/9295] Built OAI.Computability.MaxCut.Machines.MachineBinaryNameCompare (27s)
✔ [9229/9295] Built OAI.Computability.MaxCut.Machines.MachineRegularLift (31s)
✔ [9230/9295] Built OAI.Computability.MaxCut.Games.FinalCNFHeader (40s)
✔ [9231/9295] Built OAI.Computability.MaxCut.Machines.MachineExpanderTableRows (32s)
✔ [9232/9295] Built OAI.Computability.MaxCut.Machines.PoweringMachineRotor (26s)
✔ [9233/9295] Built OAI.Computability.MaxCut.Machines.MachineBinaryRenameLoop (30s)
✔ [9234/9295] Built OAI.Computability.MaxCut.Machines.MachineDummyRows (30s)
✔ [9235/9295] Built OAI.Computability.MaxCut.Machines.MachineCloudSelect (32s)
✔ [9236/9295] Built OAI.Computability.MaxCut.Machines.MachineLazyRows (33s)
✔ [9237/9295] Built OAI.Computability.MaxCut.Games.PoweringGlobalEnumeration (24s)
✔ [9238/9295] Built OAI.Computability.MaxCut.Machines.MachineExpanderFamilyCycle (32s)
✔ [9239/9295] Built OAI.Computability.MaxCut.Games.FinalCNFStream (40s)
✔ [9240/9295] Built OAI.Computability.MaxCut.Machines.PoweringMachineRelation (24s)
✔ [9241/9295] Built OAI.Computability.MaxCut.Machines.MachineRegularMetadata (53s)
✔ [9242/9295] Built OAI.Computability.MaxCut.PCP.PreprocessingPaddingWords (24s)
✔ [9243/9295] Built OAI.Computability.MaxCut.Machines.MachineOverlayRows (23s)
✔ [9244/9295] Built OAI.Computability.MaxCut.Machines.MachineBinaryRenameWords (26s)
✔ [9245/9295] Built OAI.Computability.MaxCut.Games.FinalCNFOutput (18s)
✔ [9246/9295] Built OAI.Computability.MaxCut.Machines.MachinePaddedExpanderFamilyBounds (23s)
✔ [9247/9295] Built OAI.Computability.MaxCut.Machines.PoweringMachineField (14s)
✔ [9248/9295] Built OAI.Computability.MaxCut.PCP.PreprocessingFamilyBridge (14s)
✔ [9249/9295] Built OAI.Computability.MaxCut.Games.PoweringPlanBudget (15s)
✔ [9250/9295] Built OAI.Computability.MaxCut.Machines.Alphabet (18s)
✔ [9251/9295] Built OAI.Computability.MaxCut.Machines.PoweringMachineRowHeaders (14s)
✔ [9252/9295] Built OAI.Computability.MaxCut.Machines.SelectorMachine (15s)
✔ [9253/9295] Built OAI.Computability.MaxCut.Machines.PoweringMachineVertex (11s)
✔ [9254/9295] Built OAI.Computability.MaxCut.Machines.MachineRegularVertexBlock (16s)
✔ [9255/9295] Built OAI.Computability.MaxCut.Games.PoweringPolynomialBudget (12s)
✔ [9256/9295] Built OAI.Computability.MaxCut.Machines.PoweringMachineGlobal (13s)
✔ [9257/9295] Built OAI.Computability.MaxCut.Machines.MachineRegularOriginalBody (15s)
✔ [9258/9295] Built OAI.Computability.MaxCut.Machines.PoweringRuntimeBudget (12s)
✔ [9259/9295] Built OAI.Computability.MaxCut.Games.PoweringInitializeFrame (13s)
✔ [9260/9295] Built OAI.Computability.MaxCut.Machines.PoweringMachineRuntime (10s)
✔ [9261/9295] Built OAI.Computability.MaxCut.Machines.MachineRegularOwnerProgram (14s)
✔ [9262/9295] Built OAI.Computability.MaxCut.PCP.RoundComputation (11s)
✔ [9263/9295] Built OAI.Computability.MaxCut.PCP.PreprocessingRegularBounds (12s)
✔ [9264/9295] Built OAI.Computability.MaxCut.Estimates.Basic (16s)
✔ [9265/9295] Built OAI.Computability.MaxCut.Encoding.InputData (10s)
✔ [9266/9295] Built OAI.Computability.MaxCut.Machines.MachineRegularTableTrace (10s)
✔ [9267/9295] Built OAI.Computability.MaxCut.Machines.MachineRegularTableRuntime (11s)
✔ [9268/9295] Built OAI.Computability.MaxCut.Machines.MachineOverlayTable (12s)
✔ [9269/9295] Built OAI.Computability.MaxCut.Machines.MachinePaddedOverlay (9.2s)
✔ [9270/9295] Built OAI.Computability.MaxCut.Machines.MachineLazyTable (13s)
✔ [9271/9295] Built OAI.Computability.MaxCut.Machines.MachineLazyTableRuntime (9.2s)
✔ [9272/9295] Built OAI.Computability.MaxCut.Machines.GraphCounterFinish (8.0s)
✔ [9273/9295] Built OAI.Computability.MaxCut.Games.GraphIterationBounds (6.9s)
✔ [9274/9295] Built OAI.Computability.MaxCut.Machines.MachineTableIteration (6.8s)
✔ [9275/9295] Built OAI.Computability.MaxCut.PCP.Hastad (6.0s)
✔ [9276/9295] Built OAI.Computability.MaxCut.Games.Clone100Counting (9.0s)
✔ [9277/9295] Built OAI.Computability.MaxCut.Machines.MachineClone100 (10s)
✔ [9278/9295] Built OAI.Computability.MaxCut.Machines.MachineBinaryInputReduction (7.2s)
✔ [9279/9295] Built OAI.Computability.MaxCut.Encoding.BinaryParityReduction (7.8s)
✔ [9280/9295] Built OAI.Computability.MaxCut.Games.MatrixGap (7.6s)
✔ [9281/9295] Built OAI.Computability.MaxCut.Encoding.AffineWitnessFirstBit (10s)
✔ [9282/9295] Built OAI.Computability.MaxCut.Encoding.DimensionSelection (10s)
✔ [9283/9295] Built OAI.Computability.MaxCut.Games.AffineWitnessFiniteDensity (11s)
✔ [9284/9295] Built OAI.Computability.MaxCut.Encoding.SurrogateFibers (12s)
✔ [9285/9295] Built OAI.Computability.MaxCut.Games.RowErasureSelectionNormalization (11s)
✔ [9286/9295] Built OAI.Computability.MaxCut.Encoding.MatrixCoordinates (11s)
✔ [9287/9295] Built OAI.Computability.MaxCut.Encoding.ActualGoodRows (8.8s)
✔ [9288/9295] Built OAI.Computability.MaxCut.Encoding.ActualEvents (8.0s)
✔ [9289/9295] Built OAI.Computability.MaxCut.Encoding.SelectedPolicies (10s)
✔ [9290/9295] Built OAI.Computability.MaxCut.Encoding.VisibleTransfer (11s)
✔ [9291/9295] Built OAI.Computability.MaxCut.Encoding.ActualAdviceSampling (8.0s)
✔ [9292/9295] Built OAI.Computability.MaxCut.Encoding.MatrixGapInverse (7.5s)
✔ [9293/9295] Built OAI.Computability.MaxCut.Encoding.MatrixGap (7.5s)
✔ [9294/9295] Built OAI.Computability.MaxCut.Games.Theorem (7.5s)
✔ [9295/9295] Built OAI.Computability.MaxCut.Main (7.4s)
Build completed successfully (9295 jobs).
== build rc=0 seconds=2505
{"theorems": ["OAI.OptimalMaxCut.main"], "defs": ["OAI.MaxCutGames.BinaryFormula.Literal", "OAI.MaxCutGames.BinaryFormula.Literal.eval", "OAI.MaxCutGames.BinaryFormula.Clause", "OAI.MaxCutGames.BinaryFormula.Clause.eval", "OAI.MaxCutGames.BinaryFormula.Formula", "OAI.MaxCutGames.BinaryFormula.Formula.Satisfiable", "OAI.MaxCutGames.BinaryEncoding.bitsValue", "OAI.MaxCutGames.BinaryEncoding.frame", "OAI.MaxCutGames.BinaryEncoding.parseFrame", "OAI.MaxCutGames.BinaryEncoding.nameBits", "OAI.MaxCutGames.BinaryEncoding.parseName", "OAI.MaxCutGames.BinaryEncoding.parseLiteral", "OAI.MaxCutGames.BinaryEncoding.parseClause", "OAI.MaxCutGames.BinaryEncoding.parseClauses", "OAI.MaxCutGames.BinaryEncoding.decodeFormula", "OAI.OptimalMaxCut.alphaGW", "OAI.OptimalMaxCut.binary3SAT", "OAI.OptimalMaxCut.Graph", "OAI.OptimalMaxCut.Graph.cutSize", "OAI.OptimalMaxCut.Graph.maxCut", "OAI.OptimalMaxCut.ScaledGraph", "OAI.OptimalMaxCut.ScaledGraph.bits", "OAI.OptimalMaxCut.GapReduction", "OAI.OptimalMaxCut.MainStatement"], "json_theorems": ["OAI.OptimalMaxCut.main"], "missing_from_parse": []}
TYPES/DEFS DIFFER OptimalMaxCut
1,5d0
< /Users/shannon/cc/math/math/lean/Scratch/Challenge_OptimalMaxCut.lean:153:8:
< warning:
< declaration
< uses
< `sorry`
AXIOMS: 'OAI.OptimalMaxCut.main' depends on axioms: [propext, Classical.choice, Quot.sound] 
== end=2026-10-08T09:21:24Z
