== PerfectCompleteness  module=OAI.Computability.PerfectCompleteness.Main  start=2026-10-08T14:05:09Z
warning: PrimeNumberTheoremAnd: repository '/Users/shannon/cc/math/math/lean/.lake/packages/PrimeNumberTheoremAnd' has local changes
warning: belyi: repository '/Users/shannon/cc/math/math/lean/.lake/packages/belyi' has local changes
warning: formal-schemes: repository '/Users/shannon/cc/math/math/lean/.lake/packages/formal-schemes' has local changes
warning: elliptic-curves: repository '/Users/shannon/cc/math/math/lean/.lake/packages/elliptic-curves' has local changes
warning: tempered-fundamental-groups: repository '/Users/shannon/cc/math/math/lean/.lake/packages/tempered-fundamental-groups' has local changes
warning: oka: repository '/Users/shannon/cc/math/math/lean/.lake/packages/oka' has local changes
warning: orbicurve-cores: repository '/Users/shannon/cc/math/math/lean/.lake/packages/orbicurve-cores' has local changes
warning: pi1: repository '/Users/shannon/cc/math/math/lean/.lake/packages/pi1' has local changes
warning: heights: repository '/Users/shannon/cc/math/math/lean/.lake/packages/heights' has local changes
warning: genl: repository '/Users/shannon/cc/math/math/lean/.lake/packages/genl' has local changes
warning: tate-curves-theta: repository '/Users/shannon/cc/math/math/lean/.lake/packages/tate-curves-theta' has local changes
warning: iut: repository '/Users/shannon/cc/math/math/lean/.lake/packages/iut' has local changes
warning: gromov: repository '/Users/shannon/cc/math/math/lean/.lake/packages/gromov' has local changes
warning: SphereEversion: repository '/Users/shannon/cc/math/math/lean/.lake/packages/SphereEversion' has local changes
warning: schoenflies-lean: repository '/Users/shannon/cc/math/math/lean/.lake/packages/schoenflies-lean' has local changes
warning: ClassFieldTheory: repository '/Users/shannon/cc/math/math/lean/.lake/packages/ClassFieldTheory' has local changes
warning: AINTLIB: repository '/Users/shannon/cc/math/math/lean/.lake/packages/AINTLIB' has local changes
warning: AbsorptionCutoff: repository '/Users/shannon/cc/math/math/lean/.lake/packages/AbsorptionCutoff' has local changes
warning: StrongPNT: repository '/Users/shannon/cc/math/math/lean/.lake/packages/StrongPNT' has local changes
warning: carleson: repository '/Users/shannon/cc/math/math/lean/.lake/packages/carleson' has local changes
warning: rellich-kondrachov: repository '/Users/shannon/cc/math/math/lean/.lake/packages/rellich-kondrachov' has local changes
warning: Zeta3Irrational: repository '/Users/shannon/cc/math/math/lean/.lake/packages/Zeta3Irrational' has local changes
warning: fixed-point-theorems: repository '/Users/shannon/cc/math/math/lean/.lake/packages/fixed-point-theorems' has local changes
✔ [8993/9285] Built OAI.Computability.PerfectCompleteness.Foundations.OddLists (6.0s)
✔ [9000/9286] Built OAI.Computability.PerfectCompleteness.Construction.FactoredFunctionsLemmas (6.2s)
✔ [9029/9300] Built OAI.Computability.PerfectCompleteness.Decoding.TwoResponseCollisionLemmas (6.8s)
✔ [9074/9302] Built OAI.Computability.PerfectCompleteness.Reduction.OccurrenceGame (7.7s)
✔ [9086/9308] Built OAI.Computability.PerfectCompleteness.Foundations.DummyEliminationLemmas (9.4s)
✔ [9191/9320] Built OAI.Computability.PerfectCompleteness.Foundations.OccurrenceStochasticLemmas (7.5s)
✔ [9193/9325] Built OAI.Computability.PerfectCompleteness.Model (16s)
✔ [9195/9325] Built OAI.Computability.PerfectCompleteness.Foundations.SourceClause (17s)
✔ [9196/9325] Built OAI.Computability.PerfectCompleteness.Foundations.PartitionsLemmas (21s)
✔ [9197/9325] Built OAI.Computability.PerfectCompleteness.Sampling.FiniteListSampling (6.0s)
✔ [9199/9325] Built OAI.Computability.PerfectCompleteness.Machines.UnaryRepresentationMachine (18s)
✔ [9201/9326] Built OAI.Computability.PerfectCompleteness.Machines.BinaryHeaderMachine (18s)
✔ [9202/9327] Built OAI.Computability.PerfectCompleteness.Machines.BinaryNameMachine (8.7s)
✔ [9203/9327] Built OAI.Computability.PerfectCompleteness.Reduction.Target (19s)
✔ [9204/9330] Built OAI.Computability.PerfectCompleteness.Foundations.GlobalityLemmas (31s)
✔ [9207/9330] Built OAI.Computability.PerfectCompleteness.Machines.BinaryFormulaLemmas (22s)
✔ [9208/9330] Built OAI.Computability.PerfectCompleteness.Algebra.BilinearGramCompressionLemmas (35s)
✔ [9209/9330] Built OAI.Computability.PerfectCompleteness.Reduction.SourceGame (21s)
✔ [9210/9330] Built OAI.Computability.PerfectCompleteness.Machines.BinaryNameCompare (7.4s)
✔ [9211/9333] Built OAI.Computability.PerfectCompleteness.Foundations.RecursiveSpaces (20s)
✔ [9214/9333] Built OAI.Computability.PerfectCompleteness.Foundations.NormalizationLemmas (27s)
✔ [9215/9333] Built OAI.Computability.PerfectCompleteness.Foundations.ClauseSupportLemmas (19s)
✔ [9216/9333] Built OAI.Computability.PerfectCompleteness.Machines.FixedUnaryRepresentationMachine (18s)
✔ [9217/9333] Built OAI.Computability.PerfectCompleteness.Reduction.Value (17s)
✔ [9218/9333] Built OAI.Computability.PerfectCompleteness.Machines.EncodingLemmas (18s)
✔ [9220/9334] Built OAI.Computability.PerfectCompleteness.Machines.BinaryNameSearch (7.6s)
✔ [9221/9334] Built OAI.Computability.PerfectCompleteness.Decoding.Projection (18s)
✔ [9222/9334] Built OAI.Computability.PerfectCompleteness.Algebra.MatrixInverse (19s)
✔ [9223/9334] Built OAI.Computability.PerfectCompleteness.Repetition.SourceAmplification (18s)
✔ [9226/9340] Built OAI.Computability.PerfectCompleteness.Machines.BinaryOccurrenceRename (19s)
✔ [9227/9340] Built OAI.Computability.PerfectCompleteness.Machines.BinaryTokenMachine (22s)
✔ [9228/9340] Built OAI.Computability.PerfectCompleteness.Construction.DescendantSpacesLemmas (17s)
✔ [9229/9340] Built OAI.Computability.PerfectCompleteness.Foundations.RecursiveSpaceEquivLemmas (22s)
✔ [9230/9342] Built OAI.Computability.PerfectCompleteness.Foundations.ReducedDomains (19s)
✔ [9232/9342] Built OAI.Computability.PerfectCompleteness.Construction.TreeSourceSpaces (19s)
✔ [9233/9342] Built OAI.Computability.PerfectCompleteness.Reduction.TargetGameLemmas (22s)
✔ [9235/9342] Built OAI.Computability.PerfectCompleteness.Machines.NormalizationEmitMachine (19s)
✔ [9236/9342] Built OAI.Computability.PerfectCompleteness.Foundations.PartialTableInverse (21s)
✔ [9237/9343] Built OAI.Computability.PerfectCompleteness.Machines.BinaryLiteralMachine (23s)
✔ [9240/9343] Built OAI.Computability.PerfectCompleteness.Machines.BinaryParsingLemmas (18s)
✔ [9241/9343] Built OAI.Computability.PerfectCompleteness.Sampling.UniformDensity (18s)
✔ [9243/9343] Built OAI.Computability.PerfectCompleteness.Sampling.DensityVariation (18s)
✔ [9244/9344] Built OAI.Computability.PerfectCompleteness.Foundations.CanonicalKeys (17s)
✔ [9246/9344] Built OAI.Computability.PerfectCompleteness.Foundations.FiniteProduct (17s)
✔ [9247/9345] Built OAI.Computability.PerfectCompleteness.Machines.DomainEncoding (17s)
✔ [9248/9345] Built OAI.Computability.PerfectCompleteness.Foundations.OddListExtraction (19s)
✔ [9250/9347] Built OAI.Computability.PerfectCompleteness.Machines.NormalizationReadMachine (33s)
✔ [9251/9347] Built OAI.Computability.PerfectCompleteness.Machines.BinaryRenameLoop (19s)
✔ [9252/9347] Built OAI.Computability.PerfectCompleteness.Machines.BinaryRenameWords (18s)
✔ [9253/9347] Built OAI.Computability.PerfectCompleteness.Machines.BinaryValidatorMachine (18s)
✔ [9254/9349] Built OAI.Computability.PerfectCompleteness.Foundations.KeyFiniteness (17s)
✔ [9255/9349] Built OAI.Computability.PerfectCompleteness.Construction.TreeCanonical (17s)
✔ [9256/9355] Built OAI.Computability.PerfectCompleteness.Machines.FiniteBlockMachineLemmas (18s)
✔ [9258/9355] Built OAI.Computability.PerfectCompleteness.Foundations.CanonicalEdgesLemmas (19s)
✔ [9259/9355] Built OAI.Computability.PerfectCompleteness.Decoding.DecoderTableCoupling (17s)
✔ [9260/9355] Built OAI.Computability.PerfectCompleteness.Repetition.CleanConditioning (17s)
✔ [9261/9355] Built OAI.Computability.PerfectCompleteness.Construction.HiddenChildMixture (18s)
✔ [9262/9355] Built OAI.Computability.PerfectCompleteness.Repetition.RepetitionRateLemmas (19s)
✔ [9263/9355] Built OAI.Computability.PerfectCompleteness.Algebra.UniformLinearImage (18s)
✔ [9264/9355] Built OAI.Computability.PerfectCompleteness.Machines.BinaryRenameMachine (20s)
✔ [9265/9355] Built OAI.Computability.PerfectCompleteness.Machines.BinaryTotalInputMachine (19s)
✔ [9266/9355] Built OAI.Computability.PerfectCompleteness.Foundations.SourceStrategy (18s)
✔ [9267/9355] Built OAI.Computability.PerfectCompleteness.Foundations.PCPSource (21s)
✔ [9268/9355] Built OAI.Computability.PerfectCompleteness.Machines.NormalizationLoopMachine (33s)
✔ [9269/9355] Built OAI.Computability.PerfectCompleteness.Foundations.LinearEvaluationLemmas (22s)
✔ [9270/9355] Built OAI.Computability.PerfectCompleteness.Sampling.UniformLatent (18s)
✔ [9271/9355] Built OAI.Computability.PerfectCompleteness.Foundations.QuarterBalanceLemmas (21s)
✔ [9272/9355] Built OAI.Computability.PerfectCompleteness.Decoding.CollisionAveragingLemmas (20s)
✔ [9273/9358] Built OAI.Computability.PerfectCompleteness.Reduction.OddListGame (19s)
✔ [9274/9358] Built OAI.Computability.PerfectCompleteness.Algebra.MatrixRowQuotientLaw (21s)
✔ [9275/9358] Built OAI.Computability.PerfectCompleteness.Sampling.RecursiveSamplerLaws (19s)
✔ [9276/9358] Built OAI.Computability.PerfectCompleteness.Machines.BinaryInputReduction (17s)
✔ [9277/9358] Built OAI.Computability.PerfectCompleteness.Sampling.UniformChildSum (19s)
✔ [9278/9358] Built OAI.Computability.PerfectCompleteness.Foundations.DualQuotientRowsLemmas (23s)
✔ [9279/9362] Built OAI.Computability.PerfectCompleteness.Foundations.CoordinateReplacementLemmas (34s)
✔ [9280/9362] Built OAI.Computability.PerfectCompleteness.Reduction.SourceCompleteness (17s)
✔ [9281/9362] Built OAI.Computability.PerfectCompleteness.Sampling.UniformDifference (7.9s)
✔ [9282/9362] Built OAI.Computability.PerfectCompleteness.Machines.NormalizationMachine (20s)
✔ [9283/9363] Built OAI.Computability.PerfectCompleteness.Algebra.MatrixInverseConstantsLemmas (19s)
✔ [9284/9363] Built OAI.Computability.PerfectCompleteness.Foundations.ProjectedCardinality (19s)
✔ [9285/9363] Built OAI.Computability.PerfectCompleteness.Algebra.BilinearWitnessLemmas (20s)
✔ [9286/9363] Built OAI.Computability.PerfectCompleteness.Foundations.SourceOddListsLemmas (18s)
✔ [9287/9367] Built OAI.Computability.PerfectCompleteness.Construction.LocalReconstruction (18s)
✔ [9288/9378] Built OAI.Computability.PerfectCompleteness.Algebra.MatrixErasure (19s)
✔ [9289/9378] Built OAI.Computability.PerfectCompleteness.Foundations.TupleIndexEmitterLemmas (23s)
✔ [9290/9378] Built OAI.Computability.PerfectCompleteness.Foundations.HierarchicalArrays (18s)
✔ [9291/9380] Built OAI.Computability.PerfectCompleteness.Machines.PreprocessingMachineLemmas (19s)
✔ [9292/9380] Built OAI.Computability.PerfectCompleteness.Foundations.FiniteRangeInverse (18s)
✔ [9293/9386] Built OAI.Computability.PerfectCompleteness.Construction.AscendingBranchingLemmas (18s)
✔ [9294/9386] Built OAI.Computability.PerfectCompleteness.Reduction.CompletionLemmas (18s)
✔ [9295/9386] Built OAI.Computability.PerfectCompleteness.Construction.SourceLocalOddLists (17s)
✔ [9296/9386] Built OAI.Computability.PerfectCompleteness.Decoding.DecoderContraction (19s)
✔ [9297/9386] Built OAI.Computability.PerfectCompleteness.Machines.TupleInitializationMachine (19s)
✔ [9298/9386] Built OAI.Computability.PerfectCompleteness.Repetition.CleanTreeFactors (18s)
✔ [9299/9386] Built OAI.Computability.PerfectCompleteness.Machines.TupleEnumerationMachine (20s)
✔ [9300/9390] Built OAI.Computability.PerfectCompleteness.Construction.SourceQuestionReconstruction (18s)
✔ [9301/9391] Built OAI.Computability.PerfectCompleteness.Foundations.QuotientTableAgreementLemmas (18s)
✔ [9302/9396] Built OAI.Computability.PerfectCompleteness.Reduction.FixedRows (17s)
✔ [9303/9396] Built OAI.Computability.PerfectCompleteness.Algebra.EvaluationMatrix (19s)
✔ [9304/9397] Built OAI.Computability.PerfectCompleteness.Sampling.CompletionProbability (18s)
✔ [9305/9397] Built OAI.Computability.PerfectCompleteness.Construction.MixedSourceLocalOddLists (18s)
✔ [9306/9397] Built OAI.Computability.PerfectCompleteness.Construction.CutChildGrouping (19s)
✔ [9307/9397] Built OAI.Computability.PerfectCompleteness.Machines.TupleIndexMachine (19s)
✔ [9308/9397] Built OAI.Computability.PerfectCompleteness.Algebra.OutputCharacters (19s)
✔ [9309/9400] Built OAI.Computability.PerfectCompleteness.Algebra.TensorSliceDimension (19s)
✔ [9310/9416] Built OAI.Computability.PerfectCompleteness.Foundations.TriangularFolding (18s)
✔ [9311/9417] Built OAI.Computability.PerfectCompleteness.Repetition.CleanCountingLemmas (18s)
✔ [9312/9459] Built OAI.Computability.PerfectCompleteness.Construction.NodeEmbedding (19s)
✔ [9313/9462] Built OAI.Computability.PerfectCompleteness.Foundations.ManyGoodRowsLemmas (22s)
✔ [9314/9462] Built OAI.Computability.PerfectCompleteness.Algebra.CanonicalMatrixTable (19s)
✔ [9315/9462] Built OAI.Computability.PerfectCompleteness.Machines.BinaryDualCoordinates (19s)
✔ [9316/9462] Built OAI.Computability.PerfectCompleteness.Reduction.CompletionSoundness (20s)
✔ [9317/9462] Built OAI.Computability.PerfectCompleteness.Foundations.CommonAccuracy (19s)
✔ [9318/9462] Built OAI.Computability.PerfectCompleteness.Algebra.AffineFunctionalDependence (21s)
✔ [9319/9462] Built OAI.Computability.PerfectCompleteness.Foundations.DesignatedLeavesLemmas (21s)
✔ [9320/9462] Built OAI.Computability.PerfectCompleteness.Algebra.ProductEvaluationRank (16s)
✔ [9321/9462] Built OAI.Computability.PerfectCompleteness.Machines.BinaryPairMachine (18s)
✔ [9322/9462] Built OAI.Computability.PerfectCompleteness.Machines.KeyMetadataMachine (19s)
✔ [9323/9462] Built OAI.Computability.PerfectCompleteness.Algebra.HierarchicalMatrixTable (18s)
✔ [9324/9462] Built OAI.Computability.PerfectCompleteness.Algebra.MatrixTriangularFoldingLemmas (23s)
✔ [9325/9462] Built OAI.Computability.PerfectCompleteness.Decoding.CanonicalBucketCollision (18s)
✔ [9326/9462] Built OAI.Computability.PerfectCompleteness.Foundations.OutputAnnihilator (18s)
✔ [9327/9462] Built OAI.Computability.PerfectCompleteness.Algebra.AffineLinearHeavyWitness (18s)
✔ [9328/9462] Built OAI.Computability.PerfectCompleteness.Sampling.BoundedListSamplingLemmas (17s)
✔ [9329/9462] Built OAI.Computability.PerfectCompleteness.Reduction.CanonicalGameLemmas (20s)
✔ [9330/9462] Built OAI.Computability.PerfectCompleteness.Foundations.DependentPredictionDifferenceLemmas (18s)
✔ [9331/9462] Built OAI.Computability.PerfectCompleteness.Sampling.RationalFiniteLawLemmas (18s)
✔ [9332/9462] Built OAI.Computability.PerfectCompleteness.Decoding.DependentDecoderSampling (18s)
✔ [9333/9462] Built OAI.Computability.PerfectCompleteness.Sampling.CommonProductVariationLemmas (19s)
✔ [9334/9462] Built OAI.Computability.PerfectCompleteness.Machines.CanonicalKeyMachine (19s)
✔ [9335/9462] Built OAI.Computability.PerfectCompleteness.Foundations.GeometricPathLemmas (18s)
✔ [9336/9462] Built OAI.Computability.PerfectCompleteness.Reduction.CompletionOutputLemmas (20s)
✔ [9337/9462] Built OAI.Computability.PerfectCompleteness.Construction.LocalCompletionFamily (20s)
✔ [9338/9463] Built OAI.Computability.PerfectCompleteness.Foundations.MultiplicationFormInjectiveLemmas (24s)
✔ [9339/9463] Built OAI.Computability.PerfectCompleteness.Decoding.RepresentativeBucketCollisionLemmas (31s)
✔ [9340/9463] Built OAI.Computability.PerfectCompleteness.Construction.OriginalChildBlockProducts (22s)
✔ [9341/9464] Built OAI.Computability.PerfectCompleteness.Sampling.RecordSeedSamplingLemmas (26s)
✔ [9342/9471] Built OAI.Computability.PerfectCompleteness.Sampling.RestrictionRowsLaw (28s)
✔ [9343/9471] Built OAI.Computability.PerfectCompleteness.Foundations.DummyEliminationWeighted (24s)
✔ [9344/9471] Built OAI.Computability.PerfectCompleteness.Machines.DescriptorKeyMachine (22s)
✔ [9345/9471] Built OAI.Computability.PerfectCompleteness.Construction.RelativeDescendantProductsLemmas (22s)
✔ [9346/9471] Built OAI.Computability.PerfectCompleteness.Machines.LocalCompletionMachineLemmas (24s)
✔ [9347/9473] Built OAI.Computability.PerfectCompleteness.Reduction.CompletionAlphabetLemmas (26s)
✔ [9348/9473] Built OAI.Computability.PerfectCompleteness.Construction.FlexibleLocalCompletionLemmas (24s)
✔ [9349/9473] Built OAI.Computability.PerfectCompleteness.Machines.UnaryBlockCopyMachine (24s)
✔ [9350/9474] Built OAI.Computability.PerfectCompleteness.Machines.SourceClauseReaderMachineLemmas (28s)
✔ [9351/9474] Built OAI.Computability.PerfectCompleteness.Sampling.BucketSampler (24s)
✔ [9352/9474] Built OAI.Computability.PerfectCompleteness.Sampling.CutSamplerRefinement (22s)
✔ [9353/9474] Built OAI.Computability.PerfectCompleteness.Decoding.LeftDecoder (35s)
✔ [9354/9474] Built OAI.Computability.PerfectCompleteness.Foundations.TerminalCalls (21s)
✔ [9355/9476] Built OAI.Computability.PerfectCompleteness.Machines.UnaryBlockSkipMachine (21s)
✔ [9356/9476] Built OAI.Computability.PerfectCompleteness.Foundations.HierarchicalFrozenTablesLemmas (25s)
✔ [9357/9476] Built OAI.Computability.PerfectCompleteness.Construction.LocalCompletionOutput (20s)
✔ [9358/9476] Built OAI.Computability.PerfectCompleteness.Foundations.ExactConditionalOutput (19s)
✔ [9359/9476] Built OAI.Computability.PerfectCompleteness.Sampling.WholeArraySampler (23s)
✔ [9360/9478] Built OAI.Computability.PerfectCompleteness.Construction.HiddenBucketBias (23s)
✔ [9361/9478] Built OAI.Computability.PerfectCompleteness.Sampling.BucketResamplingLaw (21s)
✔ [9362/9478] Built OAI.Computability.PerfectCompleteness.Sampling.CutSamplerLocality (22s)
✔ [9363/9478] Built OAI.Computability.PerfectCompleteness.Sampling.BucketUniformLemmas (25s)
✔ [9364/9478] Built OAI.Computability.PerfectCompleteness.Algebra.AffineDecoderMeeting (22s)
✔ [9365/9478] Built OAI.Computability.PerfectCompleteness.Decoding.LeftDecoderKnownRows (24s)
✔ [9366/9478] Built OAI.Computability.PerfectCompleteness.Foundations.WholeCutCallsLemmas (23s)
✔ [9367/9478] Built OAI.Computability.PerfectCompleteness.Foundations.CanonicalVertexNames (20s)
✔ [9368/9478] Built OAI.Computability.PerfectCompleteness.Machines.SourceClauseSelectMachine (21s)
✔ [9369/9482] Built OAI.Computability.PerfectCompleteness.Construction.LocalCompletionSerializedOutput (21s)
✔ [9370/9482] Built OAI.Computability.PerfectCompleteness.Foundations.WholeArraySubtreeSplit (22s)
✔ [9371/9482] Built OAI.Computability.PerfectCompleteness.Sampling.WholeCutSampler (23s)
✔ [9372/9482] Built OAI.Computability.PerfectCompleteness.Sampling.PreliminarySampler (22s)
✔ [9373/9482] Built OAI.Computability.PerfectCompleteness.Sampling.WholeArrayProductLaw (23s)
✔ [9374/9482] Built OAI.Computability.PerfectCompleteness.Sampling.WholeArrayHiddenLaw (23s)
✔ [9375/9482] Built OAI.Computability.PerfectCompleteness.Foundations.CutTerminalSplit (23s)
✔ [9376/9482] Built OAI.Computability.PerfectCompleteness.Algebra.BucketMatrixResampling (24s)
✔ [9377/9485] Built OAI.Computability.PerfectCompleteness.Algebra.TensorBucketEvaluationLemmas (33s)
✔ [9378/9485] Built OAI.Computability.PerfectCompleteness.Sampling.SamplerComposition (25s)
✔ [9379/9485] Built OAI.Computability.PerfectCompleteness.Machines.CanonicalKeyShapeMachineLemmas (23s)
✔ [9380/9485] Built OAI.Computability.PerfectCompleteness.Machines.SourceClauseLookupMachine (24s)
✔ [9381/9485] Built OAI.Computability.PerfectCompleteness.Sampling.MetadataFreeSampler (23s)
✔ [9382/9486] Built OAI.Computability.PerfectCompleteness.Repetition.CutChildCleanLawLemmas (32s)
✔ [9383/9490] Built OAI.Computability.PerfectCompleteness.Construction.SourceQuestionOrderLemmas (23s)
✔ [9384/9490] Built OAI.Computability.PerfectCompleteness.Sampling.WholeArrayInteriorHiddenLaw (22s)
✔ [9385/9490] Built OAI.Computability.PerfectCompleteness.Foundations.CutTerminalZero (20s)
✔ [9386/9490] Built OAI.Computability.PerfectCompleteness.Foundations.WholeCutGrouping (21s)
✔ [9387/9490] Built OAI.Computability.PerfectCompleteness.Construction.BucketQuotientAgreement (23s)
✔ [9388/9490] Built OAI.Computability.PerfectCompleteness.Decoding.BucketUsefulCollision (23s)
✔ [9389/9490] Built OAI.Computability.PerfectCompleteness.Machines.CanonicalLabelEncoding (22s)
✔ [9390/9490] Built OAI.Computability.PerfectCompleteness.Machines.OwnInputReferenceLemmas (25s)
✔ [9391/9490] Built OAI.Computability.PerfectCompleteness.Machines.MetadataFreeTapeLemmas (22s)
✔ [9392/9490] Built OAI.Computability.PerfectCompleteness.Machines.SourceCoordinateMachine (26s)
✔ [9393/9494] Built OAI.Computability.PerfectCompleteness.Machines.ScalarTapeCardinality (19s)
✔ [9394/9494] Built OAI.Computability.PerfectCompleteness.Sampling.UniformLatentSupportLemmas (23s)
✔ [9395/9494] Built OAI.Computability.PerfectCompleteness.Construction.OriginalChildScalars (21s)
✔ [9396/9497] Built OAI.Computability.PerfectCompleteness.Decoding.ChildBlockProjection (23s)
✔ [9397/9497] Built OAI.Computability.PerfectCompleteness.Foundations.OriginalBelowCut (22s)
✔ [9398/9497] Built OAI.Computability.PerfectCompleteness.Sampling.CutSamplerKeyLocalityLemmas (25s)
✔ [9399/9497] Built OAI.Computability.PerfectCompleteness.Foundations.CutCallExtension (23s)
✔ [9400/9497] Built OAI.Computability.PerfectCompleteness.Machines.CanonicalDictionaryAppendMachine (8.8s)
✔ [9401/9497] Built OAI.Computability.PerfectCompleteness.Foundations.HierarchicalAgreementMean (24s)
✔ [9402/9497] Built OAI.Computability.PerfectCompleteness.Machines.CanonicalCoarseningEncoding (21s)
✔ [9403/9497] Built OAI.Computability.PerfectCompleteness.Foundations.CanonicalCoarseningErasure (20s)
✔ [9404/9499] Built OAI.Computability.PerfectCompleteness.Foundations.SourceTupleData (21s)
✔ [9405/9499] Built OAI.Computability.PerfectCompleteness.Construction.OwnBucketBias (28s)
✔ [9406/9501] Built OAI.Computability.PerfectCompleteness.Machines.OwnInputHeavyBounds (29s)
✔ [9407/9501] Built OAI.Computability.PerfectCompleteness.Sampling.SamplerCardinalityLemmas (30s)
✔ [9408/9501] Built OAI.Computability.PerfectCompleteness.Construction.OriginalChildScalarAssemblyLemmas (30s)
✔ [9409/9501] Built OAI.Computability.PerfectCompleteness.Decoding.ChildAssemblyProjection (31s)
✔ [9410/9501] Built OAI.Computability.PerfectCompleteness.Foundations.WholeArrayInteriorExteriorLemmas (65s)
✔ [9411/9501] Built OAI.Computability.PerfectCompleteness.Decoding.LowerCutScalar (31s)
✔ [9412/9501] Built OAI.Computability.PerfectCompleteness.Construction.ChildCallNumbering (38s)
✔ [9413/9501] Built OAI.Computability.PerfectCompleteness.Foundations.CanonicalPartialTable (22s)
✔ [9414/9501] Built OAI.Computability.PerfectCompleteness.Sampling.CutSamplerReplayTransportLemmas (26s)
✔ [9415/9501] Built OAI.Computability.PerfectCompleteness.Decoding.HierarchicalUsefulCollision (25s)
✔ [9416/9501] Built OAI.Computability.PerfectCompleteness.Machines.SourceTupleResetMachine (22s)
✔ [9417/9501] Built OAI.Computability.PerfectCompleteness.Machines.CanonicalDictionaryMachine (27s)
✔ [9418/9501] Built OAI.Computability.PerfectCompleteness.Machines.SourceTupleMachine (22s)
✔ [9419/9501] Built OAI.Computability.PerfectCompleteness.Sampling.OwnLawHeavyList (20s)
✔ [9420/9501] Built OAI.Computability.PerfectCompleteness.Decoding.RightDecoderLemmas (23s)
✔ [9421/9501] Built OAI.Computability.PerfectCompleteness.Construction.ChildUnmarkedSpace (24s)
✔ [9422/9501] Built OAI.Computability.PerfectCompleteness.Sampling.MetadataFreeLaw (25s)
✔ [9423/9501] Built OAI.Computability.PerfectCompleteness.Reduction.FixedCallBudgetLemmas (25s)
✔ [9424/9501] Built OAI.Computability.PerfectCompleteness.Construction.SourceChildKernelLemmas (28s)
✔ [9425/9501] Built OAI.Computability.PerfectCompleteness.Sampling.ChildCallNumberingLaws (25s)
✔ [9426/9501] Built OAI.Computability.PerfectCompleteness.Decoding.LowerCutRowsLemmas (29s)
✔ [9427/9501] Built OAI.Computability.PerfectCompleteness.Reduction.FixedQueryCodec (27s)
✔ [9428/9501] Built OAI.Computability.PerfectCompleteness.Construction.OriginalChildBlocks (24s)
✔ [9429/9501] Built OAI.Computability.PerfectCompleteness.Sampling.SamplerCompositionLaws (23s)
✔ [9430/9501] Built OAI.Computability.PerfectCompleteness.Sampling.GoodRowSampling (24s)
✔ [9431/9501] Built OAI.Computability.PerfectCompleteness.Decoding.LowerDirectionFiber (25s)
✔ [9432/9501] Built OAI.Computability.PerfectCompleteness.Machines.BinaryRankOneCount (22s)
✔ [9433/9501] Built OAI.Computability.PerfectCompleteness.Foundations.CanonicalDictionaryNames (23s)
✔ [9434/9501] Built OAI.Computability.PerfectCompleteness.Foundations.SourceTuplePlacement (26s)
✔ [9435/9501] Built OAI.Computability.PerfectCompleteness.Algebra.ChildBilinearCollisionTransfer (22s)
✔ [9436/9501] Built OAI.Computability.PerfectCompleteness.Algebra.TensorAffineHeavyWitness (27s)
✔ [9437/9501] Built OAI.Computability.PerfectCompleteness.Foundations.RawOccurrenceOrderLemmas (22s)
✔ [9438/9501] Built OAI.Computability.PerfectCompleteness.Decoding.UpperScalarCutCalls (22s)
✔ [9439/9501] Built OAI.Computability.PerfectCompleteness.Sampling.SourceChildKernelLaw (21s)
✔ [9440/9504] Built OAI.Computability.PerfectCompleteness.Machines.FiniteConstraintMachine (22s)
✔ [9441/9504] Built OAI.Computability.PerfectCompleteness.Foundations.OriginalPrefixContinuation (22s)
✔ [9442/9504] Built OAI.Computability.PerfectCompleteness.Foundations.OriginalTerminalSplitLemmas (22s)
✔ [9443/9504] Built OAI.Computability.PerfectCompleteness.Foundations.WholeArrayComposition (21s)
✔ [9444/9504] Built OAI.Computability.PerfectCompleteness.Foundations.GoodAdviceEventsLemmas (25s)
✔ [9445/9506] Built OAI.Computability.PerfectCompleteness.Decoding.LowerCutNodeCoordinates (25s)
✔ [9446/9506] Built OAI.Computability.PerfectCompleteness.Foundations.SourceTupleResetPlacementLemmas (22s)
✔ [9447/9506] Built OAI.Computability.PerfectCompleteness.Decoding.ChildFiniteCallCollisionTransfer (22s)
✔ [9448/9506] Built OAI.Computability.PerfectCompleteness.Algebra.LowerCrossRank (25s)
✔ [9449/9506] Built OAI.Computability.PerfectCompleteness.Sampling.SourceChildKernelMarginalLemmas (22s)
✔ [9450/9506] Built OAI.Computability.PerfectCompleteness.Machines.BoundedExecution (8.1s)
✔ [9451/9506] Built OAI.Computability.PerfectCompleteness.Decoding.RightDecoderWitness (24s)
✔ [9452/9506] Built OAI.Computability.PerfectCompleteness.Machines.CanonicalEndpointMachine (35s)
✔ [9453/9506] Built OAI.Computability.PerfectCompleteness.Construction.SourcePhysicalTaggedChildren (19s)
✔ [9454/9506] Built OAI.Computability.PerfectCompleteness.Reduction.SignedCompletionSchedule (21s)
✔ [9455/9506] Built OAI.Computability.PerfectCompleteness.Foundations.ProjectedPrefixComparison (21s)
✔ [9456/9507] Built OAI.Computability.PerfectCompleteness.Machines.OriginalWholeCutTape (21s)
✔ [9457/9507] Built OAI.Computability.PerfectCompleteness.Foundations.HeterogeneousAdviceFamily (23s)
✔ [9458/9507] Built OAI.Computability.PerfectCompleteness.Foundations.HierarchicalPrediction (25s)
✔ [9459/9507] Built OAI.Computability.PerfectCompleteness.Sampling.SourceChildQuestionLaw (21s)
✔ [9460/9507] Built OAI.Computability.PerfectCompleteness.Sampling.RestrictionCrossLaw (27s)
✔ [9461/9507] Built OAI.Computability.PerfectCompleteness.Machines.CircuitLemmas (27s)
✔ [9462/9507] Built OAI.Computability.PerfectCompleteness.Algebra.RightDecoderAffineSuccess (20s)
✔ [9463/9507] Built OAI.Computability.PerfectCompleteness.Foundations.SignedScheduleIndex (20s)
✔ [9464/9507] Built OAI.Computability.PerfectCompleteness.Machines.DescriptorProjectionMachine (20s)
✔ [9465/9507] Built OAI.Computability.PerfectCompleteness.Foundations.DescriptorKeyTemplate (20s)
✔ [9466/9507] Built OAI.Computability.PerfectCompleteness.Foundations.ProjectedPrefixConditional (19s)
✔ [9467/9511] Built OAI.Computability.PerfectCompleteness.Foundations.OriginalWholeCut (20s)
✔ [9468/9511] Built OAI.Computability.PerfectCompleteness.Construction.CutNodeRows (21s)
✔ [9469/9511] Built OAI.Computability.PerfectCompleteness.Sampling.SourcePhysicalAssemblyLaw (21s)
✔ [9470/9511] Built OAI.Computability.PerfectCompleteness.Machines.OwnInputAffineSliceLemmas (26s)
✔ [9471/9511] Built OAI.Computability.PerfectCompleteness.Machines.CircuitEncodingLemmas (24s)
✔ [9472/9511] Built OAI.Computability.PerfectCompleteness.Machines.CircuitEmission (24s)
✔ [9473/9511] Built OAI.Computability.PerfectCompleteness.Algebra.LowerAffineSliceRank (28s)
✔ [9474/9516] Built OAI.Computability.PerfectCompleteness.Foundations.HierarchicalAdviceExperimentLemmas (42s)
✔ [9475/9516] Built OAI.Computability.PerfectCompleteness.Machines.CompletedEdgeMachine (25s)
✔ [9476/9516] Built OAI.Computability.PerfectCompleteness.Algebra.TensorRowAdviceLemmas (44s)
✔ [9477/9516] Built OAI.Computability.PerfectCompleteness.Machines.ProducerBootstrapLemmas (22s)
✔ [9478/9522] Built OAI.Computability.PerfectCompleteness.Sampling.OriginalWholeCutLaw (22s)
✔ [9479/9522] Built OAI.Computability.PerfectCompleteness.Decoding.SourceChildProjectionComparison (20s)
✔ [9480/9522] Built OAI.Computability.PerfectCompleteness.Machines.PositionLemmas (24s)
✔ [9481/9522] Built OAI.Computability.PerfectCompleteness.Construction.HierarchicalAdviceFromBuckets (23s)
✔ [9482/9522] Built OAI.Computability.PerfectCompleteness.Algebra.FunctionSpaceLowerRank (25s)
✔ [9483/9522] Built OAI.Computability.PerfectCompleteness.Machines.CircuitProducerStagesLemmas (28s)
✔ [9484/9523] Built OAI.Computability.PerfectCompleteness.Foundations.SignedTupleLayout (24s)
✔ [9485/9523] Built OAI.Computability.PerfectCompleteness.Machines.StatementCircuit (23s)
✔ [9486/9523] Built OAI.Computability.PerfectCompleteness.Machines.WitnessEncodingLemmas (21s)
✔ [9487/9525] Built OAI.Computability.PerfectCompleteness.Foundations.OriginalWholeCutBridge (21s)
✔ [9488/9525] Built OAI.Computability.PerfectCompleteness.Machines.SignedDescriptorStageMachine (42s)
✔ [9489/9527] Built OAI.Computability.PerfectCompleteness.Machines.OrClosure (21s)
✔ [9490/9535] Built OAI.Computability.PerfectCompleteness.Foundations.SourcePrefixComparison (23s)
✔ [9491/9537] Built OAI.Computability.PerfectCompleteness.Decoding.HierarchicalLeftDecoder (24s)
✔ [9492/9537] Built OAI.Computability.PerfectCompleteness.Machines.MachineCircuit (21s)
✔ [9493/9537] Built OAI.Computability.PerfectCompleteness.Machines.CircuitBatchLemmas (20s)
✔ [9494/9540] Built OAI.Computability.PerfectCompleteness.Machines.SignedTupleCleanupMachineLemmas (27s)
✔ [9495/9540] Built OAI.Computability.PerfectCompleteness.Machines.WitnessCircuit (20s)
✔ [9496/9543] Built OAI.Computability.PerfectCompleteness.Machines.InitializationMachine (21s)
✔ [9497/9543] Built OAI.Computability.PerfectCompleteness.Decoding.UpperScalarCutReconstructionLemmas (27s)
✔ [9498/9544] Built OAI.Computability.PerfectCompleteness.Machines.ClashMachine (27s)
✔ [9499/9544] Built OAI.Computability.PerfectCompleteness.Decoding.HierarchicalDecoderMeetingLemmas (27s)
✔ [9500/9544] Built OAI.Computability.PerfectCompleteness.Decoding.DecoderSourcePullback (24s)
✔ [9501/9544] Built OAI.Computability.PerfectCompleteness.Machines.PostfixAlignment (23s)
✔ [9502/9544] Built OAI.Computability.PerfectCompleteness.Decoding.HierarchicalDecoderTables (27s)
✔ [9503/9544] Built OAI.Computability.PerfectCompleteness.Machines.SignedTupleBodyMachine (29s)
✔ [9504/9545] Built OAI.Computability.PerfectCompleteness.Machines.VerifierCircuit (22s)
✔ [9505/9545] Built OAI.Computability.PerfectCompleteness.Machines.PostfixMachine (27s)
✔ [9506/9548] Built OAI.Computability.PerfectCompleteness.Machines.InitializationMachineAt (24s)
✔ [9507/9548] Built OAI.Computability.PerfectCompleteness.Decoding.UpperScalarCutLaw (27s)
✔ [9508/9552] Built OAI.Computability.PerfectCompleteness.Machines.CircuitFinish (23s)
✔ [9509/9552] Built OAI.Computability.PerfectCompleteness.Machines.ValidityMachine (31s)
✔ [9510/9552] Built OAI.Computability.PerfectCompleteness.Construction.ProjectedNodeEmbedding (22s)
✔ [9511/9556] Built OAI.Computability.PerfectCompleteness.Machines.ClashMachineFull (38s)
✔ [9512/9556] Built OAI.Computability.PerfectCompleteness.Machines.TransitionTemplate (25s)
✔ [9513/9556] Built OAI.Computability.PerfectCompleteness.Machines.ClockPreparation (23s)
✔ [9514/9556] Built OAI.Computability.PerfectCompleteness.Machines.PostfixBounds (23s)
✔ [9515/9556] Built OAI.Computability.PerfectCompleteness.Machines.InputFrame (21s)
✔ [9516/9559] Built OAI.Computability.PerfectCompleteness.Decoding.UpperScalarCutComparison (22s)
✔ [9517/9559] Built OAI.Computability.PerfectCompleteness.Decoding.HierarchicalAllDecoderTables (42s)
✔ [9518/9559] Built OAI.Computability.PerfectCompleteness.Machines.SourceOccurrenceIndexMachine (20s)
✔ [9519/9559] Built OAI.Computability.PerfectCompleteness.Machines.ValidityComposition (21s)
✔ [9520/9560] Built OAI.Computability.PerfectCompleteness.Machines.OutputOrder (22s)
✔ [9521/9560] Built OAI.Computability.PerfectCompleteness.Machines.VerifierFront (24s)
✔ [9522/9560] Built OAI.Computability.PerfectCompleteness.Machines.TermMachine (33s)
✔ [9523/9566] Built OAI.Computability.PerfectCompleteness.Foundations.HierarchicalProjectedSliceLemmas (44s)
✔ [9524/9566] Built OAI.Computability.PerfectCompleteness.Foundations.LegalOutputLemmas (22s)
✔ [9525/9566] Built OAI.Computability.PerfectCompleteness.Machines.HierarchicalLowerMatrixInput (21s)
✔ [9526/9566] Built OAI.Computability.PerfectCompleteness.Machines.ProducerInvariant (30s)
✔ [9527/9573] Built OAI.Computability.PerfectCompleteness.Machines.ForestStage (26s)
✔ [9528/9573] Built OAI.Computability.PerfectCompleteness.Machines.SourceOccurrenceLoopMachine (20s)
✔ [9529/9575] Built OAI.Computability.PerfectCompleteness.Foundations.SourceVisitOrder (21s)
✔ [9530/9581] Built OAI.Computability.PerfectCompleteness.Machines.PayloadPresenceMachine (29s)
✔ [9531/9582] Built OAI.Computability.PerfectCompleteness.Machines.LowerCutDecoderInput (22s)
✔ [9532/9583] Built OAI.Computability.PerfectCompleteness.Foundations.SignedCostEnvelope (22s)
✔ [9533/9583] Built OAI.Computability.PerfectCompleteness.Reduction.FixedComparisonErrorsLemmas (27s)
✔ [9534/9583] Built OAI.Computability.PerfectCompleteness.Machines.TransitionMachine (32s)
✔ [9535/9583] Built OAI.Computability.PerfectCompleteness.Construction.CanonicalLocalCompletion (28s)
✔ [9536/9584] Built OAI.Computability.PerfectCompleteness.Machines.SourceOccurrenceMachine (23s)
✔ [9537/9584] Built OAI.Computability.PerfectCompleteness.Machines.SourceClauseCountMachine (20s)
✔ [9538/9584] Built OAI.Computability.PerfectCompleteness.Machines.TargetHeaderMachine (20s)
✔ [9539/9584] Built OAI.Computability.PerfectCompleteness.Repetition.AmplifiedCleanRateLemmas (25s)
✔ [9540/9584] Built OAI.Computability.PerfectCompleteness.Machines.TargetTapeEnvelope (22s)
✔ [9541/9586] Built OAI.Computability.PerfectCompleteness.Sampling.HierarchicalArrayLaw (22s)
✔ [9542/9586] Built OAI.Computability.PerfectCompleteness.Decoding.LowerCutPairLemmas (27s)
✔ [9543/9586] Built OAI.Computability.PerfectCompleteness.Decoding.FixedProjectionErrorLemmas (24s)
✔ [9544/9595] Built OAI.Computability.PerfectCompleteness.Reduction.FinitePreliminaryCompletion (24s)
✔ [9545/9595] Built OAI.Computability.PerfectCompleteness.Reduction.CanonicalNamedGame (24s)
✔ [9546/9596] Built OAI.Computability.PerfectCompleteness.Machines.InitializationTemplateLemmas (35s)
✔ [9547/9596] Built OAI.Computability.PerfectCompleteness.Sampling.CutCallOriginalLaw (24s)
✔ [9548/9596] Built OAI.Computability.PerfectCompleteness.Construction.CutBucketTransportLemmas (25s)
✔ [9549/9596] Built OAI.Computability.PerfectCompleteness.Machines.TargetFinalizeMachine (26s)
✔ [9550/9596] Built OAI.Computability.PerfectCompleteness.Construction.OriginalCutBucketReplacement (26s)
✔ [9551/9596] Built OAI.Computability.PerfectCompleteness.Decoding.FixedSourceProjectionComparison (25s)
✔ [9552/9596] Built OAI.Computability.PerfectCompleteness.Sampling.CompletedSignedLaw (26s)
✔ [9553/9596] Built OAI.Computability.PerfectCompleteness.Sampling.OriginalUniformCutBase (21s)
✔ [9554/9597] Built OAI.Computability.PerfectCompleteness.Machines.PayloadCellsMachine (24s)
✔ [9555/9597] Built OAI.Computability.PerfectCompleteness.Machines.BinaryGapReduction (21s)
✔ [9556/9597] Built OAI.Computability.PerfectCompleteness.Machines.InitializationControl (22s)
✔ [9557/9597] Built OAI.Computability.PerfectCompleteness.Foundations.SourcePhysicalCallExtension (22s)
✔ [9558/9597] Built OAI.Computability.PerfectCompleteness.Machines.InputCellsMachineLemmas (27s)
✔ [9559/9597] Built OAI.Computability.PerfectCompleteness.Machines.AcceptanceMachine (28s)
✔ [9560/9597] Built OAI.Computability.PerfectCompleteness.Reduction.TargetFinalizeBound (20s)
✔ [9561/9606] Built OAI.Computability.PerfectCompleteness.Construction.OriginalOwnBucketSplit (23s)
✔ [9562/9612] Built OAI.Computability.PerfectCompleteness.Reduction.CompletedOccurrenceOrder (27s)
✔ [9563/9616] Built OAI.Computability.PerfectCompleteness.Sampling.OriginalUniformCut (22s)
✔ [9564/9616] Built OAI.Computability.PerfectCompleteness.Foundations.LegalRationalOutputLemmas (21s)
✔ [9565/9621] Built OAI.Computability.PerfectCompleteness.Machines.PayloadCellsAlignment (21s)
✔ [9566/9621] Built OAI.Computability.PerfectCompleteness.Reduction.CompletedVisitOrder (27s)
✔ [9567/9621] Built OAI.Computability.PerfectCompleteness.Machines.PayloadRowsLoop (25s)
✔ [9568/9624] Built OAI.Computability.PerfectCompleteness.Machines.PaddingCellsMachine (25s)
✔ [9569/9624] Built OAI.Computability.PerfectCompleteness.Reduction.PreliminaryAveraging (21s)
✔ [9570/9624] Built OAI.Computability.PerfectCompleteness.Foundations.RetainedKeyTransport (19s)
✔ [9571/9624] Built OAI.Computability.PerfectCompleteness.Foundations.WholeCutExteriorTransportLemmas (21s)
✔ [9572/9624] Built OAI.Computability.PerfectCompleteness.Sampling.NumberedUniformCut (24s)
✔ [9573/9640] Built OAI.Computability.PerfectCompleteness.Foundations.WholeArrayPositiveSplit (24s)
✔ [9574/9640] Built OAI.Computability.PerfectCompleteness.Sampling.WholeArrayExteriorLaw (24s)
✔ [9575/9640] Built OAI.Computability.PerfectCompleteness.Sampling.CandidateCoupling (23s)
✔ [9576/9648] Built OAI.Computability.PerfectCompleteness.Construction.SourceQuestionPositionSplit (23s)
✔ [9577/9648] Built OAI.Computability.PerfectCompleteness.Reduction.ExactPreliminaryTarget (38s)
✔ [9578/9648] Built OAI.Computability.PerfectCompleteness.Machines.CellsMachine (33s)
✔ [9579/9648] Built OAI.Computability.PerfectCompleteness.Construction.WholeCutLocalityLemmas (24s)
✔ [9580/9649] Built OAI.Computability.PerfectCompleteness.Foundations.ExtraCutCall (23s)
✔ [9581/9649] Built OAI.Computability.PerfectCompleteness.Sampling.TaggedKernelRebuildLaw (21s)
✔ [9582/9651] Built OAI.Computability.PerfectCompleteness.Machines.WholeArrayOwnInputLaw (21s)
✔ [9583/9651] Built OAI.Computability.PerfectCompleteness.Construction.HierarchicalBucketFamily (23s)
✔ [9584/9652] Built OAI.Computability.PerfectCompleteness.Construction.SourceQuestionKernelJoint (22s)
✔ [9585/9653] Built OAI.Computability.PerfectCompleteness.Construction.OriginalHiddenChild (23s)
✔ [9586/9655] Built OAI.Computability.PerfectCompleteness.Machines.CellsTokensAlignmentLemmas (27s)
✔ [9587/9655] Built OAI.Computability.PerfectCompleteness.Foundations.OriginalExtraCutComparison (24s)
✔ [9588/9658] Built OAI.Computability.PerfectCompleteness.Sampling.WholeArrayBucketsLaw (22s)
✔ [9589/9658] Built OAI.Computability.PerfectCompleteness.Foundations.WholeCutReplayLemmas (29s)
✔ [9590/9658] Built OAI.Computability.PerfectCompleteness.Machines.WholeArrayInteriorOwnInputLaw (21s)
✔ [9591/9658] Built OAI.Computability.PerfectCompleteness.Machines.ExactTargetOnlineEncoding (36s)
✔ [9592/9660] Built OAI.Computability.PerfectCompleteness.Foundations.SourceProjectedTag (19s)
✔ [9593/9660] Built OAI.Computability.PerfectCompleteness.Reduction.HierarchicalFixedAdviceFamilyLemmas (23s)
✔ [9594/9660] Built OAI.Computability.PerfectCompleteness.Decoding.UpperScalarCutReference (21s)
✔ [9595/9661] Built OAI.Computability.PerfectCompleteness.Foundations.CutContinuationAveraging (20s)
✔ [9596/9661] Built OAI.Computability.PerfectCompleteness.Decoding.OriginalCutCollision (21s)
✔ [9597/9661] Built OAI.Computability.PerfectCompleteness.Sampling.BucketDescriptorLaw (20s)
✔ [9598/9666] Built OAI.Computability.PerfectCompleteness.Machines.InitializationStageLemmas (23s)
✔ [9599/9666] Built OAI.Computability.PerfectCompleteness.Foundations.WholeCutReplayKeys (21s)
✔ [9600/9666] Built OAI.Computability.PerfectCompleteness.Foundations.HierarchicalProjectedExperimentLemmas (21s)
✔ [9601/9666] Built OAI.Computability.PerfectCompleteness.Foundations.PrefixTests (21s)
✔ [9602/9666] Built OAI.Computability.PerfectCompleteness.Foundations.HierarchicalPairCoarse (24s)
✔ [9603/9666] Built OAI.Computability.PerfectCompleteness.Foundations.SignedTupleSemantics (30s)
✔ [9604/9667] Built OAI.Computability.PerfectCompleteness.Foundations.GeometricPrefixSplit (21s)
✔ [9605/9667] Built OAI.Computability.PerfectCompleteness.Sampling.OriginalCutBucketLaw (22s)
✔ [9606/9669] Built OAI.Computability.PerfectCompleteness.Reduction.PreliminaryLevelPair (23s)
✔ [9607/9669] Built OAI.Computability.PerfectCompleteness.Machines.AcceptanceStage (22s)
✔ [9608/9669] Built OAI.Computability.PerfectCompleteness.Machines.TransitionIteration (20s)
✔ [9609/9671] Built OAI.Computability.PerfectCompleteness.Sampling.CutSamplerReplayGroupingTransport (20s)
✔ [9610/9671] Built OAI.Computability.PerfectCompleteness.Foundations.CutSlotAssembly (20s)
✔ [9611/9673] Built OAI.Computability.PerfectCompleteness.Construction.NativeLeafAlphabet (20s)
✔ [9612/9673] Built OAI.Computability.PerfectCompleteness.Sampling.OriginalCutPairLaw (23s)
✔ [9613/9674] Built OAI.Computability.PerfectCompleteness.Algebra.FixedRankContradiction (24s)
✔ [9614/9674] Built OAI.Computability.PerfectCompleteness.Foundations.CanonicalDirections (22s)
✔ [9615/9674] Built OAI.Computability.PerfectCompleteness.Foundations.HeterogeneousPairAdvice (30s)
✔ [9616/9674] Built OAI.Computability.PerfectCompleteness.Reduction.PreliminaryOutputLemmas (22s)
✔ [9617/9677] Built OAI.Computability.PerfectCompleteness.Foundations.OddListAlphabetTransport (7.6s)
✔ [9618/9677] Built OAI.Computability.PerfectCompleteness.Foundations.WholeCutReplayGroupingTransport (20s)
✔ [9619/9680] Built OAI.Computability.PerfectCompleteness.Machines.ProducerArenaLemmas (28s)
✔ [9620/9682] Built OAI.Computability.PerfectCompleteness.Foundations.CutSlotOutside (20s)
✔ [9621/9682] Built OAI.Computability.PerfectCompleteness.Foundations.WholeReplaySubtreeLemmas (23s)
✔ [9622/9685] Built OAI.Computability.PerfectCompleteness.Decoding.CutProjectionAssembly (20s)
✔ [9623/9685] Built OAI.Computability.PerfectCompleteness.Repetition.CleanEndpointSlots (21s)
✔ [9624/9685] Built OAI.Computability.PerfectCompleteness.Sampling.OriginalUsefulPairLaw (22s)
✔ [9625/9685] Built OAI.Computability.PerfectCompleteness.Sampling.StoppedSharedSampler (18s)
✔ [9626/9685] Built OAI.Computability.PerfectCompleteness.Decoding.CanonicalUpperDirectionSplit (18s)
✔ [9627/9685] Built OAI.Computability.PerfectCompleteness.Repetition.FixedCleanRate (21s)
✔ [9628/9689] Built OAI.Computability.PerfectCompleteness.Sampling.FilledUniformSampler (21s)
✔ [9629/9689] Built OAI.Computability.PerfectCompleteness.Machines.LowerCutOwnInput (22s)
✔ [9630/9689] Built OAI.Computability.PerfectCompleteness.Decoding.ProjectedNativeCollision (23s)
✔ [9631/9694] Built OAI.Computability.PerfectCompleteness.Machines.ProducerTimeLemmas (29s)
✔ [9632/9694] Built OAI.Computability.PerfectCompleteness.Decoding.CutProjectionGeometry (23s)
✔ [9633/9699] Built OAI.Computability.PerfectCompleteness.Decoding.CleanEndpointProjection (21s)
✔ [9634/9705] Built OAI.Computability.PerfectCompleteness.Decoding.CleanLeftDecoderLemmas (26s)
✔ [9635/9705] Built OAI.Computability.PerfectCompleteness.Foundations.StoppedSharedEvents (20s)
✔ [9636/9705] Built OAI.Computability.PerfectCompleteness.Repetition.CleanRecordChildBlocks (23s)
✔ [9637/9705] Built OAI.Computability.PerfectCompleteness.Construction.SourceQuestionCutSplit (21s)
✔ [9638/9705] Built OAI.Computability.PerfectCompleteness.Decoding.ProjectedLowerFiber (21s)
✔ [9639/9705] Built OAI.Computability.PerfectCompleteness.Machines.Completeness (21s)
✔ [9640/9705] Built OAI.Computability.PerfectCompleteness.Foundations.HierarchicalProjectedRawMeeting (23s)
✔ [9641/9707] Built OAI.Computability.PerfectCompleteness.Decoding.CutGroupedProjectionLemmas (26s)
✔ [9642/9707] Built OAI.Computability.PerfectCompleteness.Foundations.HierarchicalRawPredictionLemmas (30s)
✔ [9643/9707] Built OAI.Computability.PerfectCompleteness.Decoding.CleanDecoderOddLists (27s)
✔ [9644/9707] Built OAI.Computability.PerfectCompleteness.Foundations.WholeArrayRawAssembly (26s)
✔ [9645/9707] Built OAI.Computability.PerfectCompleteness.Decoding.CleanDecoderSeedLawLemmas (28s)
✔ [9646/9707] Built OAI.Computability.PerfectCompleteness.Machines.StoppedOwnInputGeometry (26s)
✔ [9647/9707] Built OAI.Computability.PerfectCompleteness.Repetition.CleanRecordObservation (23s)
✔ [9648/9707] Built OAI.Computability.PerfectCompleteness.Construction.SourceQuestionRawSwap (21s)
✔ [9649/9707] Built OAI.Computability.PerfectCompleteness.Repetition.CleanPhysicalReplay (29s)
✔ [9650/9707] Built OAI.Computability.PerfectCompleteness.Foundations.PCPSourceHardness (21s)
✔ [9651/9707] Built OAI.Computability.PerfectCompleteness.Foundations.HierarchicalProjectedRawAverage (22s)
✔ [9652/9707] Built OAI.Computability.PerfectCompleteness.Decoding.UpperScalarFreshProjectionLemmas (23s)
✔ [9653/9707] Built OAI.Computability.PerfectCompleteness.Foundations.ProjectedFiberSquare (29s)
✔ [9654/9707] Built OAI.Computability.PerfectCompleteness.Decoding.OriginalWholeCutProjection (26s)
✔ [9655/9709] Built OAI.Computability.PerfectCompleteness.Algebra.PreliminaryMatrixAcceptance (20s)
✔ [9656/9714] Built OAI.Computability.PerfectCompleteness.Decoding.SelectedArrayProjection (23s)
✔ [9657/9714] Built OAI.Computability.PerfectCompleteness.Foundations.HierarchicalRawAverage (22s)
✔ [9658/9714] Built OAI.Computability.PerfectCompleteness.Foundations.SourcePhysicalExteriorSwap (20s)
✔ [9659/9714] Built OAI.Computability.PerfectCompleteness.Decoding.WholeCutGroupedProjection (25s)
✔ [9660/9714] Built OAI.Computability.PerfectCompleteness.Machines.CleanRecordDecoderInput (23s)
✔ [9661/9716] Built OAI.Computability.PerfectCompleteness.Repetition.CleanPhysicalReplayLaw (22s)
✔ [9662/9716] Built OAI.Computability.PerfectCompleteness.Algebra.PrefixMatrixAcceptance (23s)
✔ [9663/9719] Built OAI.Computability.PerfectCompleteness.Foundations.OriginalHiddenConditional (23s)
✔ [9664/9719] Built OAI.Computability.PerfectCompleteness.Machines.SourceOccurrenceProducerLemmas (26s)
✔ [9665/9719] Built OAI.Computability.PerfectCompleteness.Decoding.UpperScalarCutProjection (29s)
✔ [9666/9719] Built OAI.Computability.PerfectCompleteness.Construction.StoppedBucketRows (24s)
✔ [9667/9720] Built OAI.Computability.PerfectCompleteness.Sampling.StoppedSharedLaw (24s)
✔ [9668/9723] Built OAI.Computability.PerfectCompleteness.Repetition.CleanPhysicalCanonicalQuery (24s)
✔ [9669/9723] Built OAI.Computability.PerfectCompleteness.Sampling.SourcePhysicalWholeLaw (22s)
✔ [9670/9726] Built OAI.Computability.PerfectCompleteness.Machines.SourcePhysicalTapeFiber (22s)
✔ [9671/9726] Built OAI.Computability.PerfectCompleteness.Foundations.OriginalWholeCutComparison (21s)
✔ [9672/9728] Built OAI.Computability.PerfectCompleteness.Reduction.NormalizedTarget (21s)
✔ [9673/9728] Built OAI.Computability.PerfectCompleteness.Foundations.HierarchicalProjectedPredictionLemmas (45s)
✔ [9674/9736] Built OAI.Computability.PerfectCompleteness.Decoding.CleanRecordProjection (22s)
✔ [9675/9737] Built OAI.Computability.PerfectCompleteness.Sampling.StoppedUsefulPairLaw (25s)
✔ [9676/9737] Built OAI.Computability.PerfectCompleteness.Decoding.CleanDecoderRateLemmas (43s)
✔ [9677/9737] Built OAI.Computability.PerfectCompleteness.Decoding.ProjectedRawDecoderLaw (21s)
✔ [9678/9737] Built OAI.Computability.PerfectCompleteness.Foundations.SourcePhysicalSourceSwapLemmas (23s)
✔ [9679/9737] Built OAI.Computability.PerfectCompleteness.Machines.SourcePhysicalTapeLaw (22s)
✔ [9680/9737] Built OAI.Computability.PerfectCompleteness.Foundations.StoppedSharedComparison (19s)
✔ [9681/9737] Built OAI.Computability.PerfectCompleteness.Foundations.SourceKeyBoundsLemmas (22s)
✔ [9682/9739] Built OAI.Computability.PerfectCompleteness.Sampling.HierarchicalBackgroundVariation (20s)
✔ [9683/9739] Built OAI.Computability.PerfectCompleteness.Sampling.StoppedBucketUsefulProbability (21s)
✔ [9684/9739] Built OAI.Computability.PerfectCompleteness.Decoding.UpperScalarCutErasure (23s)
✔ [9685/9742] Built OAI.Computability.PerfectCompleteness.Repetition.CleanNativeReplay (21s)
✔ [9686/9742] Built OAI.Computability.PerfectCompleteness.Decoding.FixedDecoderCleanRateLemmas (20s)
✔ [9687/9742] Built OAI.Computability.PerfectCompleteness.Reduction.FixedPhysicalStoppedComparison (20s)
✔ [9688/9742] Built OAI.Computability.PerfectCompleteness.Foundations.SourcePhysicalExteriorReplay (18s)
✔ [9689/9747] Built OAI.Computability.PerfectCompleteness.Reduction.FixedStoppedError (20s)
✔ [9690/9747] Built OAI.Computability.PerfectCompleteness.Foundations.HierarchicalUsefulBackground (21s)
✔ [9691/9747] Built OAI.Computability.PerfectCompleteness.Foundations.StoppedProjectedExperiment (23s)
✔ [9692/9747] Built OAI.Computability.PerfectCompleteness.Foundations.ProjectedCallRestriction (23s)
✔ [9693/9747] Built OAI.Computability.PerfectCompleteness.Decoding.UpperScalarPairAveraging (23s)
✔ [9694/9747] Built OAI.Computability.PerfectCompleteness.Foundations.ProjectedCutChoices (20s)
✔ [9695/9747] Built OAI.Computability.PerfectCompleteness.Machines.SignedRuntimeBounds (32s)
✔ [9696/9747] Built OAI.Computability.PerfectCompleteness.Decoding.CleanPhysicalDecoderLaw (26s)
✔ [9697/9748] Built OAI.Computability.PerfectCompleteness.Repetition.StoppedCleanGeometry (22s)
✔ [9698/9748] Built OAI.Computability.PerfectCompleteness.Algebra.DecoderRankSplit (21s)
✔ [9699/9748] Built OAI.Computability.PerfectCompleteness.Reduction.FixedStoppedPair (20s)
✔ [9700/9748] Built OAI.Computability.PerfectCompleteness.Construction.StoppedProjectedBucketIndex (21s)
✔ [9701/9750] Built OAI.Computability.PerfectCompleteness.Foundations.SlotProjectedExperiment (24s)
✔ [9702/9750] Built OAI.Computability.PerfectCompleteness.Foundations.StoppedProjectedContext (22s)
✔ [9703/9750] Built OAI.Computability.PerfectCompleteness.Foundations.StoppedPathHead (20s)
✔ [9704/9750] Built OAI.Computability.PerfectCompleteness.Foundations.StoppedProjectedArrays (21s)
✔ [9705/9750] Built OAI.Computability.PerfectCompleteness.Decoding.UpperCutTriangle (24s)
✔ [9706/9750] Built OAI.Computability.PerfectCompleteness.Repetition.CleanPhysicalProjectedMeeting (25s)
✔ [9707/9750] Built OAI.Computability.PerfectCompleteness.Repetition.StoppedCleanCutEquality (24s)
✔ [9708/9750] Built OAI.Computability.PerfectCompleteness.Foundations.SourceProjectedChoices (24s)
✔ [9709/9750] Built OAI.Computability.PerfectCompleteness.Decoding.LowerCutPairBackground (27s)
✔ [9710/9751] Built OAI.Computability.PerfectCompleteness.Decoding.DecoderFamilyLawLemmas (29s)
✔ [9711/9751] Built OAI.Computability.PerfectCompleteness.Algebra.LowerCutNodeMatrix (31s)
✔ [9712/9753] Built OAI.Computability.PerfectCompleteness.Construction.StoppedProjectedBuckets (22s)
✔ [9713/9753] Built OAI.Computability.PerfectCompleteness.Sampling.StoppedProjectedGlobalLawLemmas (25s)
✔ [9714/9753] Built OAI.Computability.PerfectCompleteness.Foundations.StoppedProjectedUsefulEvent (22s)
✔ [9715/9753] Built OAI.Computability.PerfectCompleteness.Decoding.UpperCutOldRecord (22s)
✔ [9716/9753] Built OAI.Computability.PerfectCompleteness.Machines.StoppedCleanOwnInputGeometry (19s)
✔ [9717/9753] Built OAI.Computability.PerfectCompleteness.Foundations.ProjectedMeetingTransport (20s)
✔ [9718/9753] Built OAI.Computability.PerfectCompleteness.Decoding.FixedUpperPairErrorLemmas (25s)
✔ [9719/9754] Built OAI.Computability.PerfectCompleteness.Decoding.FixedStoppedDecoderContext (20s)
✔ [9720/9755] Built OAI.Computability.PerfectCompleteness.Foundations.CutNativeForms (21s)
✔ [9721/9755] Built OAI.Computability.PerfectCompleteness.Machines.LowerCutInstalledInput (22s)
✔ [9722/9755] Built OAI.Computability.PerfectCompleteness.Sampling.SourceChildMarkedLaw (24s)
✔ [9723/9755] Built OAI.Computability.PerfectCompleteness.Reduction.FixedStoppedUsefulMass (25s)
✔ [9724/9756] Built OAI.Computability.PerfectCompleteness.Machines.ExactTargetOdometer (88s)
✔ [9725/9756] Built OAI.Computability.PerfectCompleteness.Foundations.StoppedProjectedOldRecord (30s)
✔ [9726/9756] Built OAI.Computability.PerfectCompleteness.Foundations.StoppedProjectedPhysicalAdvice (25s)
✔ [9727/9756] Built OAI.Computability.PerfectCompleteness.Foundations.StoppedProjectedUsefulAverage (24s)
✔ [9728/9756] Built OAI.Computability.PerfectCompleteness.Foundations.ProjectedWholeCut (22s)
✔ [9729/9761] Built OAI.Computability.PerfectCompleteness.Decoding.LowerCutBucketLocality (23s)
✔ [9730/9761] Built OAI.Computability.PerfectCompleteness.Decoding.FixedStoppedDecoderLaw (22s)
✔ [9731/9761] Built OAI.Computability.PerfectCompleteness.Decoding.LowerCutFiberDisintegrationLemmas (31s)
✔ [9732/9761] Built OAI.Computability.PerfectCompleteness.Decoding.LowerCutScalarProjectionLemmas (29s)
✔ [9733/9761] Built OAI.Computability.PerfectCompleteness.Machines.NormalizedTargetTapeBound (32s)
✔ [9734/9761] Built OAI.Computability.PerfectCompleteness.Reduction.NormalizedTargetInitialization (29s)
✔ [9735/9762] Built OAI.Computability.PerfectCompleteness.Foundations.StoppedProjectedCoarseLemmas (34s)
✔ [9736/9762] Built OAI.Computability.PerfectCompleteness.Sampling.StoppedProjectedMeetingLaw (25s)
✔ [9737/9763] Built OAI.Computability.PerfectCompleteness.Decoding.ProjectedFiberUpperSeed (32s)
✔ [9738/9763] Built OAI.Computability.PerfectCompleteness.Foundations.StoppedPhysicalPrefixSwap (22s)
✔ [9739/9768] Built OAI.Computability.PerfectCompleteness.Foundations.SourceProjectedWholeChoices (20s)
✔ [9740/9770] Built OAI.Computability.PerfectCompleteness.Sampling.StoppedProjectedUsefulProbability (21s)
✔ [9741/9770] Built OAI.Computability.PerfectCompleteness.Decoding.ProjectedUpperPair (23s)
✔ [9742/9770] Built OAI.Computability.PerfectCompleteness.Foundations.ProjectedFiberRawPair (24s)
✔ [9743/9771] Built OAI.Computability.PerfectCompleteness.Construction.SourceQuestionUnmarkedRange (23s)
✔ [9744/9775] Built OAI.Computability.PerfectCompleteness.Decoding.FixedSourceChildCollision (23s)
✔ [9745/9776] Built OAI.Computability.PerfectCompleteness.Sampling.FixedStoppedPhysicalLawLemmas (27s)
✔ [9746/9777] Built OAI.Computability.PerfectCompleteness.Construction.BucketFullAgreement (21s)
✔ [9747/9777] Built OAI.Computability.PerfectCompleteness.Decoding.LowerCutFormCollision (26s)
✔ [9749/9786] Built OAI.Computability.PerfectCompleteness.Sampling.StoppedSourcePairLaw (25s)
✔ [9750/9786] Built OAI.Computability.PerfectCompleteness.Decoding.SourceQuestionProjectionWitness (23s)
✔ [9751/9786] Built OAI.Computability.PerfectCompleteness.Decoding.HierarchicalLowerInverseLemmas (34s)
✔ [9752/9786] Built OAI.Computability.PerfectCompleteness.Foundations.ProjectedFiberBackground (27s)
✔ [9753/9786] Built OAI.Computability.PerfectCompleteness.Machines.NormalizedTargetMachine (55s)
✔ [9754/9786] Built OAI.Computability.PerfectCompleteness.Reduction.FixedStoppedInverseBound (29s)
✔ [9755/9786] Built OAI.Computability.PerfectCompleteness.Decoding.FixedStoppedNativeProjection (29s)
✔ [9756/9786] Built OAI.Computability.PerfectCompleteness.Construction.SourcePhysicalChildExpectation (21s)
✔ [9757/9786] Built OAI.Computability.PerfectCompleteness.Decoding.SourceQuestionTaggedProjection (21s)
✔ [9758/9786] Built OAI.Computability.PerfectCompleteness.Repetition.CleanPhysicalHighEvent (22s)
✔ [9759/9786] Built OAI.Computability.PerfectCompleteness.Reduction.FixedStoppedDirections (22s)
✔ [9760/9786] Built OAI.Computability.PerfectCompleteness.Sampling.FixedSourcePairVariation (26s)
✔ [9761/9786] Built OAI.Computability.PerfectCompleteness.Decoding.FixedLowerUniformCollision (23s)
✔ [9762/9786] Built OAI.Computability.PerfectCompleteness.Reduction.FixedTarget (17s)
✔ [9763/9786] Built OAI.Computability.PerfectCompleteness.Decoding.LowerProjectedFiberAverage (23s)
✔ [9764/9786] Built OAI.Computability.PerfectCompleteness.Machines.NormalizedTargetProducer (17s)
✔ [9765/9786] Built OAI.Computability.PerfectCompleteness.Reduction.FixedStoppedActualBounds (16s)
✔ [9766/9786] Built OAI.Computability.PerfectCompleteness.Machines.FixedStoppedNativeTape (23s)
✔ [9767/9786] Built OAI.Computability.PerfectCompleteness.Reduction.FixedTargetValue (14s)
✔ [9768/9786] Built OAI.Computability.PerfectCompleteness.Decoding.LowerCutUniformCoordinatesLemmas (20s)
✔ [9769/9786] Built OAI.Computability.PerfectCompleteness.Decoding.LowerProjectedOriginalSuccessLemmas (17s)
✔ [9770/9786] Built OAI.Computability.PerfectCompleteness.Reduction.FixedStoppedMeetingEquality (15s)
✔ [9771/9786] Built OAI.Computability.PerfectCompleteness.Machines.FixedBinaryGapReduction (14s)
✔ [9772/9786] Built OAI.Computability.PerfectCompleteness.Decoding.FixedSourceLowerCollision (17s)
✔ [9773/9786] Built OAI.Computability.PerfectCompleteness.Repetition.CleanPhysicalRawChildren (14s)
✔ [9774/9786] Built OAI.Computability.PerfectCompleteness.Construction.SourceQuestionPhysicalHigh (16s)
✔ [9775/9786] Built OAI.Computability.PerfectCompleteness.Decoding.FixedStoppedUpperProbability (12s)
✔ [9776/9786] Built OAI.Computability.PerfectCompleteness.Decoding.SourceQuestionCollisionTransportLemmas (15s)
✔ [9777/9786] Built OAI.Computability.PerfectCompleteness.Construction.SourceQuestionPairPullback (14s)
✔ [9778/9786] Built OAI.Computability.PerfectCompleteness.Repetition.CleanPhysicalHighAverage (14s)
✔ [9779/9786] Built OAI.Computability.PerfectCompleteness.Decoding.SourceQuestionPhysicalCollision (9.6s)
✔ [9780/9786] Built OAI.Computability.PerfectCompleteness.Reduction.FixedSourcePhysicalHighLemmas (8.3s)
✔ [9781/9786] Built OAI.Computability.PerfectCompleteness.Reduction.FixedNativeHigh (5.0s)
✔ [9782/9786] Built OAI.Computability.PerfectCompleteness.Reduction.FixedStoppedHighBound (5.9s)
✔ [9783/9786] Built OAI.Computability.PerfectCompleteness.Reduction.FixedStoppedContradiction (5.5s)
✔ [9784/9786] Built OAI.Computability.PerfectCompleteness.Reduction.FixedPreliminarySoundness (5.3s)
✔ [9785/9786] Built OAI.Computability.PerfectCompleteness.Theorem11 (5.3s)
✔ [9786/9786] Built OAI.Computability.PerfectCompleteness.Main (5.1s)
Build completed successfully (9786 jobs).
== build rc=0 seconds=1747
{"theorems": ["OAI.PerfectCompleteness.Theorem11.exists_reduction"], "defs": ["OAI.UniqueGamesTheorem.Foundations.Complexity.encodeWord", "OAI.UniqueGamesTheorem.Foundations.Complexity.encodeWords", "OAI.UniqueGamesTheorem.Foundations.Complexity.MachineFiniteAlphabet.FiniteAlphabet", "OAI.PerfectCompleteness.BinaryFormula.Literal", "OAI.PerfectCompleteness.BinaryFormula.Literal.eval", "OAI.PerfectCompleteness.BinaryFormula.Clause", "OAI.PerfectCompleteness.BinaryFormula.Clause.eval", "OAI.PerfectCompleteness.BinaryFormula.Formula", "OAI.PerfectCompleteness.BinaryFormula.Formula.Satisfiable", "OAI.PerfectCompleteness.BinaryEncoding.bitsValue", "OAI.PerfectCompleteness.BinaryEncoding.parseFrame", "OAI.PerfectCompleteness.BinaryEncoding.parseName", "OAI.PerfectCompleteness.BinaryEncoding.parseLiteral", "OAI.PerfectCompleteness.BinaryEncoding.parseClause", "OAI.PerfectCompleteness.BinaryEncoding.parseClauses", "OAI.PerfectCompleteness.BinaryEncoding.decodeFormula", "OAI.PerfectCompleteness.BinaryLanguage.language", "OAI.PerfectCompleteness.ProjectionTable", "OAI.PerfectCompleteness.Edge", "OAI.PerfectCompleteness.Instance", "OAI.PerfectCompleteness.Labeling", "OAI.PerfectCompleteness.Edge.satisfied", "OAI.PerfectCompleteness.countSatisfied", "OAI.PerfectCompleteness.Instance.maxSatisfied", "OAI.PerfectCompleteness.Instance.value", "OAI.PerfectCompleteness.Encoding.tableWords", "OAI.PerfectCompleteness.Encoding.edgeWords", "OAI.PerfectCompleteness.Encoding.gameWords", "OAI.PerfectCompleteness.Encoding.gameBits", "OAI.PerfectCompleteness.BinaryGapReduction"], "json_theorems": ["OAI.PerfectCompleteness.Theorem11.exists_reduction"], "missing_from_parse": []}
TYPES/DEFS DIFFER PerfectCompleteness
1,5d0
< /Users/shannon/cc/math/math/lean/Scratch/Challenge_PerfectCompleteness.lean:179:8:
< warning:
< declaration
< uses
< `sorry`
AXIOMS: 'OAI.PerfectCompleteness.Theorem11.exists_reduction' depends on axioms: [propext, Classical.choice, Quot.sound] 
== end=2026-10-08T14:34:38Z
