== PeriodicGroup  module=OAI.GroupTheory.PeriodicGroups.Main  start=2026-10-09T02:46:48Z
warning: PrimeNumberTheoremAnd: repository '/Users/shannon/cc/math/math/lean/.lake/packages/PrimeNumberTheoremAnd' has local changes
warning: belyi: repository '/Users/shannon/cc/math/math/lean/.lake/packages/belyi' has local changes
warning: formal-schemes: repository '/Users/shannon/cc/math/math/lean/.lake/packages/formal-schemes' has local changes
warning: elliptic-curves: repository '/Users/shannon/cc/math/math/lean/.lake/packages/elliptic-curves' has local changes
warning: tempered-fundamental-groups: repository '/Users/shannon/cc/math/math/lean/.lake/packages/tempered-fundamental-groups' has local changes
warning: oka: repository '/Users/shannon/cc/math/math/lean/.lake/packages/oka' has local changes
warning: orbicurve-cores: repository '/Users/shannon/cc/math/math/lean/.lake/packages/orbicurve-cores' has local changes
warning: pi1: repository '/Users/shannon/cc/math/math/lean/.lake/packages/pi1' has local changes
warning: heights: repository '/Users/shannon/cc/math/math/lean/.lake/packages/heights' has local changes
warning: genl: repository '/Users/shannon/cc/math/math/lean/.lake/packages/genl' has local changes
warning: tate-curves-theta: repository '/Users/shannon/cc/math/math/lean/.lake/packages/tate-curves-theta' has local changes
warning: iut: repository '/Users/shannon/cc/math/math/lean/.lake/packages/iut' has local changes
warning: gromov: repository '/Users/shannon/cc/math/math/lean/.lake/packages/gromov' has local changes
warning: SphereEversion: repository '/Users/shannon/cc/math/math/lean/.lake/packages/SphereEversion' has local changes
warning: schoenflies-lean: repository '/Users/shannon/cc/math/math/lean/.lake/packages/schoenflies-lean' has local changes
warning: ClassFieldTheory: repository '/Users/shannon/cc/math/math/lean/.lake/packages/ClassFieldTheory' has local changes
warning: AINTLIB: repository '/Users/shannon/cc/math/math/lean/.lake/packages/AINTLIB' has local changes
warning: AbsorptionCutoff: repository '/Users/shannon/cc/math/math/lean/.lake/packages/AbsorptionCutoff' has local changes
warning: StrongPNT: repository '/Users/shannon/cc/math/math/lean/.lake/packages/StrongPNT' has local changes
warning: carleson: repository '/Users/shannon/cc/math/math/lean/.lake/packages/carleson' has local changes
warning: rellich-kondrachov: repository '/Users/shannon/cc/math/math/lean/.lake/packages/rellich-kondrachov' has local changes
warning: Zeta3Irrational: repository '/Users/shannon/cc/math/math/lean/.lake/packages/Zeta3Irrational' has local changes
warning: fixed-point-theorems: repository '/Users/shannon/cc/math/math/lean/.lake/packages/fixed-point-theorems' has local changes
✔ [8924/8986] Built OAI.GroupTheory.PeriodicGroups.Machines.TapePrograms (30s)
✔ [8925/8986] Built OAI.GroupTheory.PeriodicGroups.Formulas.Tableaux (30s)
✔ [8926/8986] Built OAI.GroupTheory.PeriodicGroups.Rules.LocalSyntax (30s)
✔ [8927/8986] Built OAI.GroupTheory.PeriodicGroups.Frames.ExteriorComplex (31s)
✔ [8928/8986] Built OAI.GroupTheory.PeriodicGroups.Homology.FiniteExtensions (32s)
✔ [8929/8986] Built OAI.GroupTheory.PeriodicGroups.Frames.AcyclicFrameEdge (11s)
✔ [8930/8986] Built OAI.GroupTheory.PeriodicGroups.Machines.UniversalStack (15s)
✔ [8931/8986] Built OAI.GroupTheory.PeriodicGroups.Homology.RelativeHomology (12s)
✔ [8932/8986] Built OAI.GroupTheory.PeriodicGroups.Machines.UniversalInput (7.8s)
✔ [8933/8986] Built OAI.GroupTheory.PeriodicGroups.Rules.Palette (8.1s)
✔ [8934/8986] Built OAI.GroupTheory.PeriodicGroups.Machines.BinaryRegisters (7.7s)
✔ [8935/8986] Built OAI.GroupTheory.PeriodicGroups.Rules.HeadTour (7.5s)
✔ [8936/8986] Built OAI.GroupTheory.PeriodicGroups.Rules.TableEncoding (8.5s)
✔ [8937/8986] Built OAI.GroupTheory.PeriodicGroups.Machines.ArithmeticDevices (13s)
✔ [8938/8986] Built OAI.GroupTheory.PeriodicGroups.Rules.Transactions (10s)
✔ [8939/8986] Built OAI.GroupTheory.PeriodicGroups.Rules.Recognizer (13s)
✔ [8940/8986] Built OAI.GroupTheory.PeriodicGroups.Machines.RegisterOperators (17s)
✔ [8941/8986] Built OAI.GroupTheory.PeriodicGroups.Rules.ConnectedWords (11s)
✔ [8942/8986] Built OAI.GroupTheory.PeriodicGroups.Rules.CommittedWords (9.0s)
✔ [8943/8986] Built OAI.GroupTheory.PeriodicGroups.Rules.WordComponents (10s)
✔ [8944/8986] Built OAI.GroupTheory.PeriodicGroups.Machines.RegisterLoops (19s)
✔ [8945/8986] Built OAI.GroupTheory.PeriodicGroups.Rules.WordRewriting (19s)
✔ [8946/8986] Built OAI.GroupTheory.PeriodicGroups.Formulas.Addressable (19s)
✔ [8947/8986] Built OAI.GroupTheory.PeriodicGroups.Formulas.BooleanCircuits (34s)
✔ [8948/8986] Built OAI.GroupTheory.PeriodicGroups.Rules.BoundaryCell (18s)
✔ [8949/8986] Built OAI.GroupTheory.PeriodicGroups.Rules.PrefixRewriting (11s)
✔ [8950/8986] Built OAI.GroupTheory.PeriodicGroups.Formulas.ClauseEncoding (18s)
✔ [8951/8986] Built OAI.GroupTheory.PeriodicGroups.Rules.GeometricRelations (11s)
✔ [8952/8986] Built OAI.GroupTheory.PeriodicGroups.Formulas.LocalPredicates (13s)
✔ [8953/8986] Built OAI.GroupTheory.PeriodicGroups.Rules.DataWords (10s)
✔ [8954/8986] Built OAI.GroupTheory.PeriodicGroups.Formulas.PredicateCompilation (14s)
✔ [8955/8986] Built OAI.GroupTheory.PeriodicGroups.Machines.Compilation (10s)
✔ [8956/8986] Built OAI.GroupTheory.PeriodicGroups.Machines.InputEncoding (8.7s)
✔ [8957/8986] Built OAI.GroupTheory.PeriodicGroups.Machines.ProgramAssembly (20s)
✔ [8958/8986] Built OAI.GroupTheory.PeriodicGroups.Machines.StackCompression (7.5s)
✔ [8959/8986] Built OAI.GroupTheory.PeriodicGroups.Machines.ProgramFixedPoint (9.4s)
✔ [8960/8986] Built OAI.GroupTheory.PeriodicGroups.Machines.TimedExecution (12s)
✔ [8961/8986] Built OAI.GroupTheory.PeriodicGroups.Rules.TemplateHierarchy (7.9s)
✔ [8962/8986] Built OAI.GroupTheory.PeriodicGroups.Algebra.WordAlgebra (6.1s)
✔ [8963/8986] Built OAI.GroupTheory.PeriodicGroups.Algebra.PacketIntervals (7.7s)
✔ [8964/8986] Built OAI.GroupTheory.PeriodicGroups.Algebra.HierarchyGrowth (11s)
✔ [8965/8986] Built OAI.GroupTheory.PeriodicGroups.Algebra.DirectCancellation (8.5s)
✔ [8966/8986] Built OAI.GroupTheory.PeriodicGroups.Algebra.MatrixTests (8.8s)
✔ [8967/8986] Built OAI.GroupTheory.PeriodicGroups.Steinberg.PresentationModel (7.3s)
✔ [8968/8986] Built OAI.GroupTheory.PeriodicGroups.Steinberg.MonomialPresentation (6.8s)
✔ [8969/8986] Built OAI.GroupTheory.PeriodicGroups.Steinberg.KernelRelations (8.0s)
✔ [8970/8986] Built OAI.GroupTheory.PeriodicGroups.Steinberg.CoefficientQuotients (13s)
✔ [8971/8986] Built OAI.GroupTheory.PeriodicGroups.Steinberg.BlockEmbeddings (9.5s)
✔ [8972/8986] Built OAI.GroupTheory.PeriodicGroups.Steinberg.BandFactorization (8.6s)
✔ [8973/8986] Built OAI.GroupTheory.PeriodicGroups.Steinberg.MatrixUnits (6.9s)
✔ [8974/8986] Built OAI.GroupTheory.PeriodicGroups.Matrices.ElementaryGenerators (6.8s)
✔ [8975/8986] Built OAI.GroupTheory.PeriodicGroups.Presentation.FinitePresentation (6.1s)
✔ [8976/8986] Built OAI.GroupTheory.PeriodicGroups.Presentation.MatrixStabilizers (7.8s)
✔ [8977/8986] Built OAI.GroupTheory.PeriodicGroups.Presentation.SmallSwapActions (7.6s)
✔ [8978/8986] Built OAI.GroupTheory.PeriodicGroups.Presentation.SmallFaithful (5.0s)
✔ [8979/8986] Built OAI.GroupTheory.PeriodicGroups.Steinberg.DiagonalActions (5.3s)
✔ [8980/8986] Built OAI.GroupTheory.PeriodicGroups.Frames.ElementaryFrames (6.5s)
✔ [8981/8986] Built OAI.GroupTheory.PeriodicGroups.Homology.LocallyFiniteActions (10s)
✔ [8982/8986] Built OAI.GroupTheory.PeriodicGroups.Homology.FiniteNormalHomology (10s)
✔ [8983/8986] Built OAI.GroupTheory.PeriodicGroups.Steinberg.RankActions (6.3s)
✔ [8984/8986] Built OAI.GroupTheory.PeriodicGroups.Homology.KernelStability (6.4s)
✔ [8985/8986] Built OAI.GroupTheory.PeriodicGroups.Periodicity.KernelTorsion (5.2s)
✔ [8986/8986] Built OAI.GroupTheory.PeriodicGroups.Main (4.8s)
Build completed successfully (8986 jobs).
== build rc=0 seconds=450
{"theorems": ["OAI.SourceBurnside.thm_main"], "defs": ["OAI.SourceBurnside.Root", "OAI.SourceBurnside.Generator", "OAI.SourceBurnside.bracket", "OAI.SourceBurnside.letter", "OAI.SourceBurnside.SteinbergRel", "OAI.SourceBurnside.Steinberg", "OAI.SourceBurnside.Periodic", "OAI.SourceBurnside.MainStatement", "OAI.SourceBurnside.BurnsideStatement"], "json_theorems": ["OAI.SourceBurnside.thm_main"], "missing_from_parse": []}
TYPES/DEFS DIFFER PeriodicGroup
1,5d0
< /Users/shannon/cc/math/math/lean/Scratch/Challenge_PeriodicGroup.lean:51:8:
< warning:
< declaration
< uses
< `sorry`
AXIOMS: 'OAI.SourceBurnside.thm_main' depends on axioms: [propext, Classical.choice, Quot.sound] 
== end=2026-10-09T02:54:46Z
