== PiExponent  module=OAI.NumberTheory.PiExponent.Main  start=2026-10-07T01:59:06Z
warning: belyi: repository '/Users/shannon/cc/math/math/lean/.lake/packages/belyi' has local changes
warning: formal-schemes: repository '/Users/shannon/cc/math/math/lean/.lake/packages/formal-schemes' has local changes
warning: elliptic-curves: repository '/Users/shannon/cc/math/math/lean/.lake/packages/elliptic-curves' has local changes
warning: tempered-fundamental-groups: repository '/Users/shannon/cc/math/math/lean/.lake/packages/tempered-fundamental-groups' has local changes
warning: oka: repository '/Users/shannon/cc/math/math/lean/.lake/packages/oka' has local changes
warning: orbicurve-cores: repository '/Users/shannon/cc/math/math/lean/.lake/packages/orbicurve-cores' has local changes
warning: pi1: repository '/Users/shannon/cc/math/math/lean/.lake/packages/pi1' has local changes
warning: heights: repository '/Users/shannon/cc/math/math/lean/.lake/packages/heights' has local changes
warning: genl: repository '/Users/shannon/cc/math/math/lean/.lake/packages/genl' has local changes
warning: tate-curves-theta: repository '/Users/shannon/cc/math/math/lean/.lake/packages/tate-curves-theta' has local changes
warning: iut: repository '/Users/shannon/cc/math/math/lean/.lake/packages/iut' has local changes
✔ [8923/9043] Built OAI.NumberTheory.PiExponent.Cohomology.ProjectiveMonomialCech (4.9s)
✔ [8924/9043] Built OAI.NumberTheory.PiExponent.Approximation.WeightSeparationProducts (4.8s)
✔ [8925/9043] Built OAI.NumberTheory.PiExponent.Approximation.WeightSeparationConstant (5.1s)
✔ [8926/9043] Built OAI.NumberTheory.PiExponent.Polynomials.PolynomialFrameDegree (5.5s)
✔ [8927/9043] Built OAI.NumberTheory.PiExponent.Analysis.DimensionLimits (5.7s)
✔ [8928/9043] Built OAI.NumberTheory.PiExponent.LocalAlgebra.TranscendenceBasisReduction (7.2s)
✔ [8929/9043] Built OAI.NumberTheory.PiExponent.Approximation.Arithmetic (9.1s)
✔ [8930/9043] Built OAI.NumberTheory.PiExponent.Approximation.WeightSeparation (4.2s)
✔ [8931/9043] Built OAI.NumberTheory.PiExponent.Analysis.LogarithmicObstruction (9.7s)
✔ [8932/9043] Built OAI.NumberTheory.PiExponent.Polynomials.SimplexRationalWeights (17s)
✔ [8933/9043] Built OAI.NumberTheory.PiExponent.Approximation.Sigma (19s)
✔ [8934/9043] Built OAI.NumberTheory.PiExponent.Approximation.ApproximationSelection (21s)
✔ [8935/9043] Built OAI.NumberTheory.PiExponent.Approximation.WeightErrorMargin (21s)
✔ [8936/9043] Built OAI.NumberTheory.PiExponent.Approximation.WeightedSliceDegree (22s)
✔ [8937/9043] Built OAI.NumberTheory.PiExponent.Approximation.PersistentComponents (22s)
✔ [8938/9043] Built OAI.NumberTheory.PiExponent.Approximation.RowTranslation (18s)
✔ [8939/9043] Built OAI.NumberTheory.PiExponent.Approximation.Parameters (27s)
✔ [8940/9043] Built OAI.NumberTheory.PiExponent.Polynomials.GradedSubring (25s)
✔ [8941/9043] Built OAI.NumberTheory.PiExponent.Polynomials.SurjectiveGradedMap (25s)
✔ [8942/9043] Built OAI.NumberTheory.PiExponent.Polynomials.SimplexFloor (25s)
✔ [8943/9046] Built OAI.NumberTheory.PiExponent.Geometry.ProjectiveCharts (25s)
✔ [8944/9046] Built OAI.NumberTheory.PiExponent.Polynomials.SimplexUnweighted (25s)
✔ [8945/9048] Built OAI.NumberTheory.PiExponent.Ampleness.BlowupSchemeExt (25s)
✔ [8946/9048] Built OAI.NumberTheory.PiExponent.Approximation.OpenBaseChange (28s)
✔ [8947/9048] Built OAI.NumberTheory.PiExponent.Polynomials.PolynomialFrame (8.1s)
✔ [8948/9048] Built OAI.NumberTheory.PiExponent.LocalAlgebra.Dimension (8.3s)
✔ [8949/9048] Built OAI.NumberTheory.PiExponent.Ampleness.ReesPushdown (26s)
✔ [8950/9048] Built OAI.NumberTheory.PiExponent.Analysis.AlgebraicLogarithmicObstruction (10s)
✔ [8951/9048] Built OAI.NumberTheory.PiExponent.Jets.NormalBasisRigidity (19s)
✔ [8952/9050] Built OAI.NumberTheory.PiExponent.Approximation.SuccessiveApproximations (16s)
✔ [8953/9050] Built OAI.NumberTheory.PiExponent.Polynomials.SimplexCounting (18s)
✔ [8954/9050] Built OAI.NumberTheory.PiExponent.Cohomology.ProjectiveLaurentVertex (28s)
✔ [8955/9050] Built OAI.NumberTheory.PiExponent.Polynomials.WeightedMonomialMap (19s)
✔ [8956/9050] Built OAI.NumberTheory.PiExponent.Jets.DifferentialConstant (9.8s)
✔ [8957/9050] Built OAI.NumberTheory.PiExponent.Geometry.PolynomialProjectiveStructure (19s)
✔ [8958/9050] Built OAI.NumberTheory.PiExponent.Jets.PolynomialTangentDifferential (13s)
✔ [8959/9050] Built OAI.NumberTheory.PiExponent.Geometry.ProjectiveChartOverlaps (27s)
✔ [8960/9054] Built OAI.NumberTheory.PiExponent.Geometry.CurveContact (19s)
✔ [8961/9054] Built OAI.NumberTheory.PiExponent.Jets.NormalFrameBasis (18s)
✔ [8962/9054] Built OAI.NumberTheory.PiExponent.Jets.DerivativeIdeals (23s)
✔ [8963/9054] Built OAI.NumberTheory.PiExponent.Approximation.WeightedGeometryScale (23s)
✔ [8964/9054] Built OAI.NumberTheory.PiExponent.Approximation.InterpolationMatrix (24s)
✔ [8965/9054] Built OAI.NumberTheory.PiExponent.Approximation.AdmissibleParameters (27s)
✔ [8966/9054] Built OAI.NumberTheory.PiExponent.Cohomology.FiniteCoverCohomology (67s)
✔ [8967/9055] Built OAI.NumberTheory.PiExponent.Polynomials.WeightedMonomialImage (27s)
✔ [8968/9055] Built OAI.NumberTheory.PiExponent.Jets.ConormalPairing (7.9s)
✔ [8969/9059] Built OAI.NumberTheory.PiExponent.Polynomials.PolynomialNormalNonzero (25s)
✔ [8970/9059] Built OAI.NumberTheory.PiExponent.Geometry.LineBundleTensor (80s)
✔ [8971/9063] Built OAI.NumberTheory.PiExponent.Jets.ResidueConormalPairing (8.6s)
✔ [8972/9063] Built OAI.NumberTheory.PiExponent.Approximation.FrameEquationFamily (21s)
✔ [8973/9063] Built OAI.NumberTheory.PiExponent.Jets.OrdinaryDerivativeIdeals (21s)
✔ [8974/9063] Built OAI.NumberTheory.PiExponent.Approximation.MatrixArithmetic (25s)
✔ [8975/9063] Built OAI.NumberTheory.PiExponent.Approximation.RectangularVolume (23s)
✔ [8976/9063] Built OAI.NumberTheory.PiExponent.Jets.FilteredLength (22s)
✔ [8977/9063] Built OAI.NumberTheory.PiExponent.Jets.IntrinsicLength (24s)
✔ [8978/9063] Built OAI.NumberTheory.PiExponent.Geometry.ProjectiveChartRingNaturalityCore (48s)
✔ [8979/9063] Built OAI.NumberTheory.PiExponent.LocalAlgebra.PrimeNormalRigidity (30s)
✔ [8980/9063] Built OAI.NumberTheory.PiExponent.Geometry.ProjectiveChartSections (28s)
✔ [8981/9063] Built OAI.NumberTheory.PiExponent.Approximation.LinePullback (22s)
✔ [8982/9063] Built OAI.NumberTheory.PiExponent.Jets.JetGeometry (10s)
✔ [8983/9063] Built OAI.NumberTheory.PiExponent.Ampleness.AmpleIso (24s)
✔ [8984/9063] Built OAI.NumberTheory.PiExponent.Jets.PrimeNormalCotangent (23s)
✔ [8985/9066] Built OAI.NumberTheory.PiExponent.Polynomials.FrameCoefficients (32s)
✔ [8986/9066] Built OAI.NumberTheory.PiExponent.Approximation.TensorPure (58s)
✔ [8987/9066] Built OAI.NumberTheory.PiExponent.Approximation.GenericNormalRigidity (29s)
✔ [8988/9066] Built OAI.NumberTheory.PiExponent.Jets.GradedGeneration (37s)
✔ [8989/9067] Built OAI.NumberTheory.PiExponent.Geometry.LineBundleGluing (67s)
✔ [8990/9070] Built OAI.NumberTheory.PiExponent.Approximation.CoherentTwistPresentation (75s)
✔ [8991/9070] Built OAI.NumberTheory.PiExponent.Jets.CommutingTaylor (26s)
✔ [8992/9070] Built OAI.NumberTheory.PiExponent.Geometry.ProjectiveChartRingNaturality (49s)
✔ [8993/9070] Built OAI.NumberTheory.PiExponent.Approximation.FrameSubopens (21s)
✔ [8994/9070] Built OAI.NumberTheory.PiExponent.Approximation.FibreNormalRigidity (36s)
✔ [8995/9070] Built OAI.NumberTheory.PiExponent.Jets.CotangentGeneration (27s)
✔ [8996/9070] Built OAI.NumberTheory.PiExponent.Approximation.PushforwardTensor (29s)
✔ [8997/9070] Built OAI.NumberTheory.PiExponent.Approximation.FrameSections (35s)
✔ [8998/9070] Built OAI.NumberTheory.PiExponent.LocalAlgebra.PrimeNormalKernel (20s)
✔ [8999/9070] Built OAI.NumberTheory.PiExponent.Geometry.ProjectiveRatioCocycle (28s)
✔ [9000/9070] Built OAI.NumberTheory.PiExponent.Geometry.LineBundleGluingTransitions (33s)
✔ [9001/9070] Built OAI.NumberTheory.PiExponent.Approximation.GenericFibreRigidity (25s)
✔ [9002/9070] Built OAI.NumberTheory.PiExponent.Approximation.LinePowerLaws (39s)
✔ [9003/9070] Built OAI.NumberTheory.PiExponent.Geometry.ProjectiveFrameNaturality (29s)
✔ [9004/9075] Built OAI.NumberTheory.PiExponent.Approximation.SectionPullback (26s)
✔ [9005/9075] Built OAI.NumberTheory.PiExponent.Jets.TransverseMultiplicity (31s)
✔ [9006/9076] Built OAI.NumberTheory.PiExponent.Approximation.SectionOpens (24s)
✔ [9007/9076] Built OAI.NumberTheory.PiExponent.LocalAlgebra.QuotientLengthEquivalence (10s)
✔ [9008/9076] Built OAI.NumberTheory.PiExponent.Approximation.FrameTensorPowers (78s)
✔ [9009/9076] Built OAI.NumberTheory.PiExponent.Approximation.OrdinaryComponentRigidity (27s)
✔ [9010/9076] Built OAI.NumberTheory.PiExponent.LocalAlgebra.IdealModule (37s)
✔ [9011/9078] Built OAI.NumberTheory.PiExponent.Approximation.FramedPullback (29s)
✔ [9012/9078] Built OAI.NumberTheory.PiExponent.Jets.TaylorRectangular (30s)
✔ [9013/9078] Built OAI.NumberTheory.PiExponent.Geometry.LineBundleGluingSections (45s)
✔ [9014/9078] Built OAI.NumberTheory.PiExponent.Jets.TransverseWeightedMultiplicity (25s)
✔ [9015/9078] Built OAI.NumberTheory.PiExponent.LocalAlgebra.LocalLengthTransport (9.1s)
✔ [9016/9078] Built OAI.NumberTheory.PiExponent.LocalAlgebra.LocalizedLengthEquivalence (8.9s)
✔ [9017/9078] Built OAI.NumberTheory.PiExponent.Jets.RectangularCotangent (29s)
✔ [9018/9078] Built OAI.NumberTheory.PiExponent.Approximation.IntegralLineSections (25s)
✔ [9019/9078] Built OAI.NumberTheory.PiExponent.LocalAlgebra.WeightedBezout (14s)
✔ [9020/9078] Built OAI.NumberTheory.PiExponent.Geometry.ProjectiveCoordinates (32s)
✔ [9021/9078] Built OAI.NumberTheory.PiExponent.Polynomials.PullbackFrameCoefficient (22s)
✔ [9022/9078] Built OAI.NumberTheory.PiExponent.Jets.OrdinaryTaylor (23s)
✔ [9023/9078] Built OAI.NumberTheory.PiExponent.LocalAlgebra.LocalizationQuotientParameters (12s)
✔ [9024/9078] Built OAI.NumberTheory.PiExponent.Approximation.TensorOpenBaseChange (94s)
✔ [9025/9078] Built OAI.NumberTheory.PiExponent.Ampleness.BlowupIdeal (31s)
✔ [9026/9078] Built OAI.NumberTheory.PiExponent.Jets.NormalBasisProducts (22s)
✔ [9027/9078] Built OAI.NumberTheory.PiExponent.Jets.PrimeTaylorCotangent (25s)
✔ [9028/9082] Built OAI.NumberTheory.PiExponent.Geometry.ProjectiveO1Sections (24s)
✔ [9029/9082] Built OAI.NumberTheory.PiExponent.Geometry.ProjectiveCoordinateValues (24s)
✔ [9030/9082] Built OAI.NumberTheory.PiExponent.LocalAlgebra.SeparablePointLength (28s)
✔ [9031/9082] Built OAI.NumberTheory.PiExponent.Geometry.ProjectiveFramedAtlas (24s)
✔ [9032/9082] Built OAI.NumberTheory.PiExponent.LocalAlgebra.PrimeResidueAlgebraEquiv (8.8s)
✔ [9033/9087] Built OAI.NumberTheory.PiExponent.Approximation.TensorPowerRestriction (70s)
✔ [9034/9087] Built OAI.NumberTheory.PiExponent.Geometry.ProjectivePullbackFrames (27s)
✔ [9035/9088] Built OAI.NumberTheory.PiExponent.Geometry.ProjectiveEmbeddingCharts (31s)
✔ [9036/9090] Built OAI.NumberTheory.PiExponent.Polynomials.PolynomialLocalResidueResolution (13s)
✔ [9037/9090] Built OAI.NumberTheory.PiExponent.Approximation.WeightedCompactification (48s)
✔ [9038/9090] Built OAI.NumberTheory.PiExponent.Polynomials.PolynomialCoefficientLocalization (11s)
✔ [9039/9090] Built OAI.NumberTheory.PiExponent.LocalAlgebra.OrdinaryMultiplicity (28s)
✔ [9040/9090] Built OAI.NumberTheory.PiExponent.Ampleness.ReesExceptional (37s)
✔ [9041/9090] Built OAI.NumberTheory.PiExponent.Approximation.SectionPowerOpens (25s)
✔ [9042/9090] Built OAI.NumberTheory.PiExponent.Approximation.LinePullbackPowers (43s)
✔ [9043/9090] Built OAI.NumberTheory.PiExponent.LocalAlgebra.CoordinateFiniteSlice (27s)
✔ [9044/9090] Built OAI.NumberTheory.PiExponent.LocalAlgebra.PointLengthEquiv (14s)
✔ [9045/9090] Built OAI.NumberTheory.PiExponent.Geometry.ProjectiveSectionsPullback (27s)
✔ [9046/9090] Built OAI.NumberTheory.PiExponent.Polynomials.RationalResidueCoefficientField (13s)
✔ [9047/9090] Built OAI.NumberTheory.PiExponent.LocalAlgebra.CoordinateTranscendenceLocalization (12s)
✔ [9048/9090] Built OAI.NumberTheory.PiExponent.LocalAlgebra.CoordinateTranscendenceBasis (31s)
✔ [9049/9090] Built OAI.NumberTheory.PiExponent.Geometry.ProjectiveFramedSections (40s)
✔ [9050/9090] Built OAI.NumberTheory.PiExponent.Geometry.ProjectiveDenseChart (26s)
✔ [9051/9090] Built OAI.NumberTheory.PiExponent.Ampleness.AmpleCommonDegree (29s)
✔ [9052/9090] Built OAI.NumberTheory.PiExponent.Ampleness.ReesPrincipalLift (40s)
✔ [9053/9090] Built OAI.NumberTheory.PiExponent.Approximation.PowerSectionExtension (35s)
✔ [9054/9096] Built OAI.NumberTheory.PiExponent.Ampleness.ReesUniversalUniqueness (47s)
✔ [9055/9096] Built OAI.NumberTheory.PiExponent.Polynomials.CoefficientLocalizationMaximal (9.0s)
✔ [9056/9096] Built OAI.NumberTheory.PiExponent.Ampleness.ClosedAmpleRestriction (31s)
✔ [9057/9096] Built OAI.NumberTheory.PiExponent.Geometry.LineBundleProduct (29s)
✔ [9058/9096] Built OAI.NumberTheory.PiExponent.Approximation.SectionPowerFrames (46s)
✔ [9059/9098] Built OAI.NumberTheory.PiExponent.LocalAlgebra.SplitCoordinateClosedPoint (12s)
✔ [9060/9099] Built OAI.NumberTheory.PiExponent.Approximation.WeightedCompactificationImmersion (61s)
✔ [9061/9099] Built OAI.NumberTheory.PiExponent.Polynomials.Homogenization (8.6s)
✔ [9062/9099] Built OAI.NumberTheory.PiExponent.LocalAlgebra.FlatLocalLength (11s)
✔ [9063/9101] Built OAI.NumberTheory.PiExponent.Geometry.ProjectiveSpaceIntegral (22s)
✔ [9064/9101] Built OAI.NumberTheory.PiExponent.Ampleness.AmpleProjectiveSections (25s)
✔ [9065/9103] Built OAI.NumberTheory.PiExponent.LocalAlgebra.LocalLength (9.5s)
✔ [9066/9105] Built OAI.NumberTheory.PiExponent.LocalAlgebra.SplitClosedPointCompatibility (13s)
✔ [9067/9105] Built OAI.NumberTheory.PiExponent.LocalAlgebra.InvertibleIdealLocal (27s)
✔ [9068/9105] Built OAI.NumberTheory.PiExponent.LocalAlgebra.LocalizedComponent (9.3s)
✔ [9069/9105] Built OAI.NumberTheory.PiExponent.LocalAlgebra.ConeLocalLength (12s)
✔ [9070/9105] Built OAI.NumberTheory.PiExponent.LocalAlgebra.RegularDegreePositivity (11s)
✔ [9071/9105] Built OAI.NumberTheory.PiExponent.LocalAlgebra.GenericCombination (9.5s)
✔ [9072/9105] Built OAI.NumberTheory.PiExponent.Approximation.TensorSectionOpen (29s)
✔ [9073/9108] Built OAI.NumberTheory.PiExponent.Geometry.WeightedProjectiveStructure (24s)
✔ [9074/9108] Built OAI.NumberTheory.PiExponent.Polynomials.PolynomialPrimeClosedPointEquiv (15s)
✔ [9075/9108] Built OAI.NumberTheory.PiExponent.LocalAlgebra.LocalizedRadical (9.7s)
✔ [9076/9108] Built OAI.NumberTheory.PiExponent.LocalAlgebra.ConePrimeLocalization (12s)
✔ [9077/9108] Built OAI.NumberTheory.PiExponent.LocalAlgebra.IsolatedIntersectionSteps (10s)
✔ [9078/9108] Built OAI.NumberTheory.PiExponent.Ampleness.LocalHomogeneousDegrees (12s)
✔ [9079/9110] Built OAI.NumberTheory.PiExponent.Ampleness.AffineBlowupUniversal (25s)
✔ [9080/9110] Built OAI.NumberTheory.PiExponent.LocalAlgebra.CyclicPrimeFactor (9.6s)
✔ [9081/9110] Built OAI.NumberTheory.PiExponent.LocalAlgebra.GlobalInvertibleIdeal (25s)
✔ [9082/9116] Built OAI.NumberTheory.PiExponent.Geometry.ProjectiveCoordinateSections (45s)
✔ [9083/9116] Built OAI.NumberTheory.PiExponent.LocalAlgebra.SubquotientLength (13s)
✔ [9084/9116] Built OAI.NumberTheory.PiExponent.LocalAlgebra.FiniteFreeExtTransfer (17s)
✔ [9085/9116] Built OAI.NumberTheory.PiExponent.Polynomials.ConeHomogeneousEquations (18s)
✔ [9086/9116] Built OAI.NumberTheory.PiExponent.Ampleness.AmpleFromCover (33s)
✔ [9087/9116] Built OAI.NumberTheory.PiExponent.LocalAlgebra.FreeResolutionAssociatedHeight (20s)
✔ [9088/9120] Built OAI.NumberTheory.PiExponent.LocalAlgebra.LocalIntersectionLength (17s)
✔ [9089/9120] Built OAI.NumberTheory.PiExponent.Polynomials.PolynomialLocalUnmixedness (19s)
✔ [9090/9120] Built OAI.NumberTheory.PiExponent.LocalAlgebra.ConeEquationLength (18s)
✔ [9091/9133] Built OAI.NumberTheory.PiExponent.Geometry.ConePrimeProperties (18s)
✔ [9092/9138] Built OAI.NumberTheory.PiExponent.Ampleness.BlowupUniversalBaseChange (41s)
✔ [9093/9138] Built OAI.NumberTheory.PiExponent.LocalAlgebra.CoordinateSliceLength (50s)
✔ [9094/9141] Built OAI.NumberTheory.PiExponent.Polynomials.HomogeneousSections (18s)
✔ [9095/9141] Built OAI.NumberTheory.PiExponent.Geometry.ProjectiveCoordinateFiniteSections (45s)
✔ [9096/9141] Built OAI.NumberTheory.PiExponent.Polynomials.HomogeneousPrimeFactor (15s)
✔ [9097/9141] Built OAI.NumberTheory.PiExponent.LocalAlgebra.PairResolutionShortComplex (19s)
✔ [9098/9148] Built OAI.NumberTheory.PiExponent.LocalAlgebra.ConeRegularSequence (19s)
✔ [9099/9148] Built OAI.NumberTheory.PiExponent.LocalAlgebra.StabilizedColonPowers (14s)
✔ [9100/9148] Built OAI.NumberTheory.PiExponent.Geometry.WeightedProjectiveLineBundle (73s)
✔ [9101/9148] Built OAI.NumberTheory.PiExponent.LocalAlgebra.FiltrationLength (10s)
✔ [9102/9151] Built OAI.NumberTheory.PiExponent.LocalAlgebra.QuotientSections (12s)
✔ [9103/9151] Built OAI.NumberTheory.PiExponent.LocalAlgebra.RegularPairExtObstruction (11s)
✔ [9104/9151] Built OAI.NumberTheory.PiExponent.LocalAlgebra.LocalizedCyclicFactor (10s)
✔ [9105/9151] Built OAI.NumberTheory.PiExponent.Ampleness.GlobalBlowupGluing (28s)
✔ [9106/9154] Built OAI.NumberTheory.PiExponent.Polynomials.HomogeneousPrimeFiltration (10s)
✔ [9107/9154] Built OAI.NumberTheory.PiExponent.LocalAlgebra.LocalComponentDegree (12s)
✔ [9108/9154] Built OAI.NumberTheory.PiExponent.Polynomials.HomogeneousIdealStep (13s)
✔ [9109/9154] Built OAI.NumberTheory.PiExponent.LocalAlgebra.PrimeHilbertDegree (16s)
✔ [9110/9157] Built OAI.NumberTheory.PiExponent.Polynomials.CoordinateQuotientGrading (17s)
✔ [9111/9157] Built OAI.NumberTheory.PiExponent.LocalAlgebra.PrimeHilbertDimension (12s)
✔ [9112/9157] Built OAI.NumberTheory.PiExponent.Approximation.CoordinateSliceComparison (34s)
✔ [9113/9157] Built OAI.NumberTheory.PiExponent.Polynomials.PolynomialAssociatedLocalization (13s)
✔ [9114/9157] Built OAI.NumberTheory.PiExponent.Geometry.ProjectiveCoordinateRingNaturality (40s)
✔ [9115/9157] Built OAI.NumberTheory.PiExponent.LocalAlgebra.LocalizedFiltrationLength (11s)
✔ [9116/9157] Built OAI.NumberTheory.PiExponent.Polynomials.HomogeneousQuotientDimension (14s)
✔ [9117/9157] Built OAI.NumberTheory.PiExponent.Polynomials.PolynomialCumulative (14s)
✔ [9118/9157] Built OAI.NumberTheory.PiExponent.LocalAlgebra.RegularHilbertStep (15s)
✔ [9119/9158] Built OAI.NumberTheory.PiExponent.LocalAlgebra.HilbertGrowthComparison (12s)
✔ [9120/9158] Built OAI.NumberTheory.PiExponent.Ampleness.GlobalBlowupRestriction (26s)
✔ [9121/9158] Built OAI.NumberTheory.PiExponent.Ampleness.BlowupComplement (25s)
✔ [9122/9158] Built OAI.NumberTheory.PiExponent.Polynomials.PolynomialGrowthRanks (11s)
✔ [9123/9160] Built OAI.NumberTheory.PiExponent.Geometry.NormalizationGrowth (11s)
✔ [9124/9160] Built OAI.NumberTheory.PiExponent.LocalAlgebra.RegularPrefixLocalization (11s)
✔ [9125/9160] Built OAI.NumberTheory.PiExponent.Analysis.HilbertSeries (8.7s)
✔ [9126/9160] Built OAI.NumberTheory.PiExponent.Polynomials.HomogeneousComponentLength (9.3s)
✔ [9127/9160] Built OAI.NumberTheory.PiExponent.LocalAlgebra.RegularPrefixes (9.5s)
✔ [9128/9162] Built OAI.NumberTheory.PiExponent.LocalAlgebra.QuotientLocalizedLength (8.4s)
✔ [9129/9162] Built OAI.NumberTheory.PiExponent.LocalAlgebra.PrimeHypersurfaceDimension (11s)
✔ [9130/9162] Built OAI.NumberTheory.PiExponent.LocalAlgebra.CumulativeHilbertSections (11s)
✔ [9131/9166] Built OAI.NumberTheory.PiExponent.LocalAlgebra.LocalPrefixCutDimension (11s)
✔ [9132/9169] Built OAI.NumberTheory.PiExponent.Geometry.FiniteNormalizationGrowth (12s)
✔ [9133/9169] Built OAI.NumberTheory.PiExponent.LocalAlgebra.ColonHilbertStep (11s)
✔ [9134/9169] Built OAI.NumberTheory.PiExponent.Polynomials.HilbertPolynomialBase (10s)
✔ [9135/9169] Built OAI.NumberTheory.PiExponent.Geometry.ProjectiveCoordinateConstants (28s)
✔ [9136/9169] Built OAI.NumberTheory.PiExponent.Polynomials.PolynomialMaximalHeight (11s)
✔ [9137/9169] Built OAI.NumberTheory.PiExponent.LocalAlgebra.AffineTranscendenceDimension (14s)
✔ [9138/9171] Built OAI.NumberTheory.PiExponent.Ampleness.BlowupProperIntegral (29s)
✔ [9139/9171] Built OAI.NumberTheory.PiExponent.LocalAlgebra.QuotientPrimeResidueBasis (12s)
✔ [9140/9176] Built OAI.NumberTheory.PiExponent.Analysis.ColonSeriesTelescope (12s)
✔ [9141/9176] Built OAI.NumberTheory.PiExponent.Analysis.RegularSequenceSeries (12s)
✔ [9142/9176] Built OAI.NumberTheory.PiExponent.LocalAlgebra.CoordinateBasisSplitting (16s)
✔ [9143/9179] Built OAI.NumberTheory.PiExponent.LocalAlgebra.HilbertZeroVariables (12s)
✔ [9144/9181] Built OAI.NumberTheory.PiExponent.LocalAlgebra.ClosedPointLocalDimension (13s)
✔ [9145/9181] Built OAI.NumberTheory.PiExponent.LocalAlgebra.HilbertDenominatorReduction (12s)
✔ [9146/9183] Built OAI.NumberTheory.PiExponent.LocalAlgebra.AffineClosedPointLocalization (36s)
✔ [9147/9188] Built OAI.NumberTheory.PiExponent.LocalAlgebra.AffineResidueTranscendence (16s)
✔ [9148/9188] Built OAI.NumberTheory.PiExponent.LocalAlgebra.CompleteIntersectionHilbert (12s)
✔ [9149/9188] Built OAI.NumberTheory.PiExponent.LocalAlgebra.HilbertDifferenceDegree (15s)
✔ [9150/9188] Built OAI.NumberTheory.PiExponent.Cohomology.EndomorphismEulerAdditivity (13s)
✔ [9151/9196] Built OAI.NumberTheory.PiExponent.LocalAlgebra.LocalIntersectionPrimeFiltration (10s)
✔ [9152/9198] Built OAI.NumberTheory.PiExponent.LocalAlgebra.LocalIntersectionTransport (13s)
✔ [9153/9198] Built OAI.NumberTheory.PiExponent.Polynomials.HomogeneousHilbertExistence (11s)
✔ [9154/9200] Built OAI.NumberTheory.PiExponent.LocalAlgebra.LocalIntersectionPrimeFactors (12s)
✔ [9155/9200] Built OAI.NumberTheory.PiExponent.LocalAlgebra.ParameterKilledFiniteLength (12s)
✔ [9156/9201] Built OAI.NumberTheory.PiExponent.LocalAlgebra.AffinePrimeDimensionBridge (13s)
✔ [9157/9201] Built OAI.NumberTheory.PiExponent.LocalAlgebra.PositiveDimensionalHilbert (12s)
✔ [9158/9201] Built OAI.NumberTheory.PiExponent.LocalAlgebra.LocalPrimeTower (12s)
✔ [9159/9201] Built OAI.NumberTheory.PiExponent.LocalAlgebra.ParameterCombinations (11s)
✔ [9160/9203] Built OAI.NumberTheory.PiExponent.LocalAlgebra.RegularParameterAvoidance (12s)
✔ [9161/9203] Built OAI.NumberTheory.PiExponent.LocalAlgebra.LocalIntersectionDimensionOne (13s)
✔ [9162/9203] Built OAI.NumberTheory.PiExponent.LocalAlgebra.LocalIntersectionExactStep (15s)
✔ [9163/9203] Built OAI.NumberTheory.PiExponent.LocalAlgebra.FiniteFreeResolutionExt (12s)
✔ [9164/9203] Built OAI.NumberTheory.PiExponent.Polynomials.PolynomialPrimeDimension (18s)
✔ [9165/9203] Built OAI.NumberTheory.PiExponent.Polynomials.ColonHilbertPolynomial (11s)
✔ [9166/9203] Built OAI.NumberTheory.PiExponent.Polynomials.HomogeneousHilbertPolynomial (11s)
✔ [9167/9209] Built OAI.NumberTheory.PiExponent.LocalAlgebra.FinsuppCandidates (10s)
✔ [9168/9209] Built OAI.NumberTheory.PiExponent.LocalAlgebra.LocalizedMinimalPrimeFamily (11s)
✔ [9169/9209] Built OAI.NumberTheory.PiExponent.Geometry.ProjectiveO1ChartMap (54s)
✔ [9170/9214] Built OAI.NumberTheory.PiExponent.LocalAlgebra.RegularParameterSelection2 (12s)
✔ [9171/9223] Built OAI.NumberTheory.PiExponent.LocalAlgebra.RegularSequenceResolution (14s)
✔ [9172/9223] Built OAI.NumberTheory.PiExponent.LocalAlgebra.PrimeHypersurfaceEquidimension (15s)
✔ [9173/9223] Built OAI.NumberTheory.PiExponent.Cohomology.LocalIntersectionEulerFiltration (15s)
✔ [9174/9223] Built OAI.NumberTheory.PiExponent.Geometry.ProperHypersurfaceHilbert (15s)
✔ [9175/9223] Built OAI.NumberTheory.PiExponent.LocalAlgebra.RegularSequenceQuotientTail (11s)
✔ [9176/9223] Built OAI.NumberTheory.PiExponent.LocalAlgebra.PrimeDegreeExistence (15s)
✔ [9177/9231] Built OAI.NumberTheory.PiExponent.LocalAlgebra.PrimeHilbertComparison (19s)
✔ [9178/9232] Built OAI.NumberTheory.PiExponent.LocalAlgebra.RegularSequenceHomZero (13s)
✔ [9179/9234] Built OAI.NumberTheory.PiExponent.LocalAlgebra.ConeComplex (16s)
✔ [9180/9234] Built OAI.NumberTheory.PiExponent.LocalAlgebra.ConeQuotientAugmentation (17s)
✔ [9181/9234] Built OAI.NumberTheory.PiExponent.LocalAlgebra.KoszulDualCone (19s)
✔ [9182/9234] Built OAI.NumberTheory.PiExponent.Cohomology.LocalIntersectionRegularEuler (21s)
✔ [9183/9234] Built OAI.NumberTheory.PiExponent.Polynomials.PolynomialCoordinateMinpolyQuotient (17s)
✔ [9184/9234] Built OAI.NumberTheory.PiExponent.Polynomials.HilbertPolynomial (22s)
✔ [9185/9243] Built OAI.NumberTheory.PiExponent.Geometry.ProjectiveO1LocalIdentity (44s)
✔ [9186/9243] Built OAI.NumberTheory.PiExponent.LocalAlgebra.KoszulFiniteFree (16s)
✔ [9187/9243] Built OAI.NumberTheory.PiExponent.LocalAlgebra.RegularSequenceAugmentation (17s)
✔ [9188/9243] Built OAI.NumberTheory.PiExponent.LocalAlgebra.KoszulDualTransport (16s)
✔ [9189/9243] Built OAI.NumberTheory.PiExponent.LocalAlgebra.KoszulDualEndpoint (16s)
✔ [9190/9243] Built OAI.NumberTheory.PiExponent.LocalAlgebra.LocalIntersectionMinimalSum (17s)
✔ [9191/9243] Built OAI.NumberTheory.PiExponent.LocalAlgebra.TriangularLocalParameters (12s)
✔ [9192/9244] Built OAI.NumberTheory.PiExponent.LocalAlgebra.RamifiedLocalization (36s)
✔ [9193/9249] Built OAI.NumberTheory.PiExponent.LocalAlgebra.HilbertMultiplicityFiltration (14s)
✔ [9194/9249] Built OAI.NumberTheory.PiExponent.LocalAlgebra.RamifiedLocalLength (34s)
✔ [9195/9249] Built OAI.NumberTheory.PiExponent.LocalAlgebra.KoszulBounded (13s)
✔ [9196/9249] Built OAI.NumberTheory.PiExponent.LocalAlgebra.KoszulDualBottom (13s)
✔ [9197/9249] Built OAI.NumberTheory.PiExponent.Polynomials.PowerCoverExponents (24s)
✔ [9198/9249] Built OAI.NumberTheory.PiExponent.LocalAlgebra.LocalIntersectionQuotientTransport (16s)
✔ [9199/9250] Built OAI.NumberTheory.PiExponent.LocalAlgebra.TriangularLocalParametersAssembly (15s)
✔ [9200/9250] Built OAI.NumberTheory.PiExponent.Geometry.CurveComponentRigidity (26s)
✔ [9201/9250] Built OAI.NumberTheory.PiExponent.LocalAlgebra.ComponentMultiplicitySum (15s)
✔ [9202/9250] Built OAI.NumberTheory.PiExponent.LocalAlgebra.ComponentMultiplicityBound (15s)
✔ [9203/9250] Built OAI.NumberTheory.PiExponent.Approximation.FrameResidueDirections (25s)
✔ [9204/9250] Built OAI.NumberTheory.PiExponent.Geometry.ProjectiveO1Morphism (39s)
✔ [9205/9250] Built OAI.NumberTheory.PiExponent.LocalAlgebra.KoszulTopTerm (14s)
✔ [9206/9250] Built OAI.NumberTheory.PiExponent.LocalAlgebra.IteratedKoszulExactness (17s)
✔ [9207/9250] Built OAI.NumberTheory.PiExponent.LocalAlgebra.KoszulDualStep (12s)
✔ [9208/9250] Built OAI.NumberTheory.PiExponent.LocalAlgebra.RamifiedPointMap (26s)
✔ [9209/9250] Built OAI.NumberTheory.PiExponent.LocalAlgebra.LocalIntersectionFormula (13s)
✔ [9210/9250] Built OAI.NumberTheory.PiExponent.Jets.FrameTransverseMultiplicity (27s)
✔ [9211/9250] Built OAI.NumberTheory.PiExponent.LocalAlgebra.TriangularLocalParametersTransport (11s)
✔ [9212/9250] Built OAI.NumberTheory.PiExponent.LocalAlgebra.PrimeCutBudget (15s)
✔ [9213/9250] Built OAI.NumberTheory.PiExponent.Polynomials.PowerCoverSubstitution (25s)
✔ [9214/9251] Built OAI.NumberTheory.PiExponent.LocalAlgebra.CompleteIntersectionComponentBound (17s)
✔ [9215/9251] Built OAI.NumberTheory.PiExponent.Jets.KoszulTopDifferential (15s)
✔ [9216/9251] Built OAI.NumberTheory.PiExponent.Approximation.FibreWeightSeparation (26s)
✔ [9217/9251] Built OAI.NumberTheory.PiExponent.LocalAlgebra.RegularSequenceExt (15s)
✔ [9218/9251] Built OAI.NumberTheory.PiExponent.LocalAlgebra.LocalizedOneCutPropagation (14s)
✔ [9219/9257] Built OAI.NumberTheory.PiExponent.Polynomials.PolynomialLocalRegularParameters (13s)
✔ [9220/9257] Built OAI.NumberTheory.PiExponent.Geometry.ProjectiveO1Identity (27s)
✔ [9221/9257] Built OAI.NumberTheory.PiExponent.LocalAlgebra.RetainedIntersectionCycles (15s)
✔ [9222/9260] Built OAI.NumberTheory.PiExponent.Geometry.CurveParameterFinite (11s)
✔ [9223/9260] Built OAI.NumberTheory.PiExponent.LocalAlgebra.KoszulTopAugmentation (16s)
✔ [9224/9260] Built OAI.NumberTheory.PiExponent.LocalAlgebra.RegularSequenceExtObstruction (16s)
✔ [9225/9263] Built OAI.NumberTheory.PiExponent.LocalAlgebra.PrimeFrameMultiplicity (29s)
✔ [9226/9263] Built OAI.NumberTheory.PiExponent.LocalAlgebra.RetainedMinimalPrimeFamily (16s)
✔ [9227/9263] Built OAI.NumberTheory.PiExponent.Polynomials.PowerCoverBasis (31s)
✔ [9228/9263] Built OAI.NumberTheory.PiExponent.Ampleness.ProjectiveO1Ample (26s)
✔ [9229/9268] Built OAI.NumberTheory.PiExponent.LocalAlgebra.KoszulDualInitial (16s)
✔ [9230/9268] Built OAI.NumberTheory.PiExponent.Geometry.WeightedCurveDegree (29s)
✔ [9231/9272] Built OAI.NumberTheory.PiExponent.LocalAlgebra.NaturalMultiplicityPropagation (15s)
✔ [9232/9273] Built OAI.NumberTheory.PiExponent.LocalAlgebra.EquidimensionalRetainedCut (14s)
✔ [9233/9273] Built OAI.NumberTheory.PiExponent.Jets.FormalBranchOrder (27s)
✔ [9234/9273] Built OAI.NumberTheory.PiExponent.Jets.DVRBranchExpansion (28s)
✔ [9235/9273] Built OAI.NumberTheory.PiExponent.LocalAlgebra.RegularSequenceDualExactness (15s)
✔ [9236/9273] Built OAI.NumberTheory.PiExponent.Geometry.WeightedProjectiveEmbedding (48s)
✔ [9237/9279] Built OAI.NumberTheory.PiExponent.Jets.FormalJetDerivatives (25s)
✔ [9238/9282] Built OAI.NumberTheory.PiExponent.LocalAlgebra.MultiplicityCycles (16s)
✔ [9239/9282] Built OAI.NumberTheory.PiExponent.Polynomials.TranslatedPowerCover (28s)
✔ [9240/9285] Built OAI.NumberTheory.PiExponent.LocalAlgebra.RegularSequenceLowExt (13s)
✔ [9241/9288] Built OAI.NumberTheory.PiExponent.Polynomials.PolynomialPoleBound (25s)
✔ [9242/9288] Built OAI.NumberTheory.PiExponent.Geometry.CurveLocalOrder (27s)
✔ [9243/9289] Built OAI.NumberTheory.PiExponent.Jets.FormalBranchOrderRational (24s)
✔ [9244/9289] Built OAI.NumberTheory.PiExponent.Ampleness.WeightedProjectiveAmple (25s)
✔ [9245/9289] Built OAI.NumberTheory.PiExponent.LocalAlgebra.RegularCutHistory (22s)
✔ [9246/9289] Built OAI.NumberTheory.PiExponent.Polynomials.PolynomialLocalLowExt (15s)
✔ [9247/9289] Built OAI.NumberTheory.PiExponent.Polynomials.SimplexRational (25s)
✔ [9248/9290] Built OAI.NumberTheory.PiExponent.Jets.FormalLogJet (27s)
✔ [9249/9290] Built OAI.NumberTheory.PiExponent.Polynomials.WeightedPolynomialPole (24s)
✔ [9250/9290] Built OAI.NumberTheory.PiExponent.Jets.DVRBranchOrder (22s)
✔ [9251/9290] Built OAI.NumberTheory.PiExponent.LocalAlgebra.RamifiedPowerLength (33s)
✔ [9252/9295] Built OAI.NumberTheory.PiExponent.Geometry.CurvePrimeHeight (14s)
✔ [9253/9295] Built OAI.NumberTheory.PiExponent.Polynomials.HomogeneousListHistory (16s)
✔ [9254/9297] Built OAI.NumberTheory.PiExponent.LocalAlgebra.DVRValuationUnique (26s)
✔ [9255/9297] Built OAI.NumberTheory.PiExponent.Jets.BranchContact (25s)
✔ [9256/9302] Built OAI.NumberTheory.PiExponent.LocalAlgebra.RegularParameterSelection (18s)
✔ [9257/9303] Built OAI.NumberTheory.PiExponent.Polynomials.AuxiliaryPolynomial (44s)
✔ [9258/9307] Built OAI.NumberTheory.PiExponent.Analysis.FormalLogTruncation (44s)
✔ [9259/9307] Built OAI.NumberTheory.PiExponent.Jets.DVRBranch (43s)
✔ [9260/9308] Built OAI.NumberTheory.PiExponent.LocalAlgebra.AffineLocalRegularBezout (33s)
✔ [9261/9308] Built OAI.NumberTheory.PiExponent.LocalAlgebra.WeightedLocalLattice (46s)
✔ [9262/9310] Built OAI.NumberTheory.PiExponent.Approximation.WeightedCompactificationGeometry (63s)
✔ [9263/9310] Built OAI.NumberTheory.PiExponent.Jets.FormalAuxiliaryJet (34s)
✔ [9264/9310] Built OAI.NumberTheory.PiExponent.Jets.OrdinaryAuxiliaryJet (36s)
✔ [9265/9310] Built OAI.NumberTheory.PiExponent.Jets.FormalBranchEvaluation (36s)
✔ [9266/9310] Built OAI.NumberTheory.PiExponent.LocalAlgebra.LocalBezout (17s)
✔ [9267/9311] Built OAI.NumberTheory.PiExponent.Approximation.TwistSections (68s)
✔ [9268/9311] Built OAI.NumberTheory.PiExponent.Approximation.GlobalSectionClearing (109s)
✔ [9269/9315] Built OAI.NumberTheory.PiExponent.Jets.CompactJetIdeal (54s)
✔ [9270/9315] Built OAI.NumberTheory.PiExponent.Approximation.WeightedAffineParametrization (71s)
✔ [9271/9322] Built OAI.NumberTheory.PiExponent.Jets.OrdinaryJetDerivatives (69s)
✔ [9272/9322] Built OAI.NumberTheory.PiExponent.Ampleness.CoherentAffineFinite (107s)
✔ [9273/9328] Built OAI.NumberTheory.PiExponent.LocalAlgebra.WeightedBezoutBound (64s)
✔ [9274/9328] Built OAI.NumberTheory.PiExponent.Jets.DVRBranchJet (91s)
✔ [9275/9328] Built OAI.NumberTheory.PiExponent.Jets.BranchContactIdeal (61s)
✔ [9276/9328] Built OAI.NumberTheory.PiExponent.Geometry.CurveZeroPole (223s)
✔ [9277/9328] Built OAI.NumberTheory.PiExponent.Analysis.FormalLogTailOrder (77s)
✔ [9278/9328] Built OAI.NumberTheory.PiExponent.Jets.OrdinaryBranchEvaluation (73s)
✔ [9279/9328] Built OAI.NumberTheory.PiExponent.Jets.FormalBranchCoordinates (77s)
✔ [9280/9328] Built OAI.NumberTheory.PiExponent.Jets.FormalJetIndices (43s)
✔ [9281/9328] Built OAI.NumberTheory.PiExponent.LocalAlgebra.PrimeWeightedBezout (43s)
✔ [9282/9328] Built OAI.NumberTheory.PiExponent.LocalAlgebra.TensorIdealInclusion (50s)
✔ [9283/9328] Built OAI.NumberTheory.PiExponent.Geometry.IdealSheafPowers (35s)
✔ [9284/9328] Built OAI.NumberTheory.PiExponent.Geometry.CurveNormalizationModel (49s)
✔ [9285/9328] Built OAI.NumberTheory.PiExponent.Jets.FormalBranchContact (40s)
✔ [9286/9328] Built OAI.NumberTheory.PiExponent.Jets.PolynomialJetPackets (36s)
✔ [9287/9328] Built OAI.NumberTheory.PiExponent.Jets.OrdinaryDVRBranchJet (38s)
✔ [9288/9331] Built OAI.NumberTheory.PiExponent.Jets.TransverseSliceComparison (46s)
✔ [9289/9333] Built OAI.NumberTheory.PiExponent.Approximation.OrdinarySliceComparison (37s)
✔ [9290/9333] Built OAI.NumberTheory.PiExponent.Analysis.LogarithmicContactIdeal (40s)
✔ [9291/9337] Built OAI.NumberTheory.PiExponent.Geometry.CurveValuationCenter (82s)
✔ [9292/9337] Built OAI.NumberTheory.PiExponent.Jets.AlgebraicJetPackets (42s)
✔ [9293/9337] Built OAI.NumberTheory.PiExponent.LocalAlgebra.IdealTensorPowers (46s)
✔ [9294/9337] Built OAI.NumberTheory.PiExponent.Geometry.CurveNormalizationLocalRing (44s)
✔ [9295/9337] Built OAI.NumberTheory.PiExponent.Geometry.SheafSectionGluing (46s)
✔ [9296/9337] Built OAI.NumberTheory.PiExponent.LocalAlgebra.FiniteGlobalPresentation (186s)
✔ [9297/9337] Built OAI.NumberTheory.PiExponent.Approximation.TwistSectionScalars (76s)
✔ [9298/9339] Built OAI.NumberTheory.PiExponent.Geometry.PlaceValuationRing (66s)
✔ [9299/9339] Built OAI.NumberTheory.PiExponent.LocalAlgebra.ParameterResidueField (67s)
✔ [9300/9339] Built OAI.NumberTheory.PiExponent.Approximation.TensorMixedSection (75s)
✔ [9301/9341] Built OAI.NumberTheory.PiExponent.Jets.CompactJetPolynomial (63s)
✔ [9302/9341] Built OAI.NumberTheory.PiExponent.Ampleness.ExceptionalPowerSections (59s)
✔ [9303/9341] Built OAI.NumberTheory.PiExponent.Geometry.CurveProperExtension (43s)
✔ [9304/9341] Built OAI.NumberTheory.PiExponent.Approximation.PersistentWeightComparison (111s)
✔ [9305/9341] Built OAI.NumberTheory.PiExponent.Geometry.LineBundleCoherent (57s)
✔ [9306/9341] Built OAI.NumberTheory.PiExponent.LocalAlgebra.TwistLocalExtension (63s)
✔ [9307/9341] Built OAI.NumberTheory.PiExponent.Approximation.ClosedPushforwardAffine (74s)
✔ [9308/9341] Built OAI.NumberTheory.PiExponent.Geometry.SheafificationUnitIso (70s)
✔ [9309/9341] Built OAI.NumberTheory.PiExponent.Approximation.TwistPowerSection (67s)
✔ [9310/9345] Built OAI.NumberTheory.PiExponent.Approximation.TwistSectionClearing (89s)
✔ [9311/9345] Built OAI.NumberTheory.PiExponent.Cohomology.CurveEuler (83s)
✔ [9312/9345] Built OAI.NumberTheory.PiExponent.Ampleness.ExceptionalAffineChart (77s)
✔ [9313/9347] Built OAI.NumberTheory.PiExponent.Geometry.CurveMonomialMap (70s)
✔ [9314/9347] Built OAI.NumberTheory.PiExponent.Geometry.WeightedCurveRigidity (70s)
✔ [9315/9347] Built OAI.NumberTheory.PiExponent.Geometry.AdmissibleCurveWeights (76s)
✔ [9316/9349] Built OAI.NumberTheory.PiExponent.Approximation.ClosedPushforwardCoherent (76s)
✔ [9317/9349] Built OAI.NumberTheory.PiExponent.Approximation.ModuleLinePowerLaws (106s)
✔ [9318/9349] Built OAI.NumberTheory.PiExponent.Geometry.CurveProductFormula (298s)
✔ [9319/9349] Built OAI.NumberTheory.PiExponent.Polynomials.FrameCoefficientLaws (100s)
✔ [9320/9349] Built OAI.NumberTheory.PiExponent.Approximation.FrameSubopensCoherence (133s)
✔ [9321/9349] Built OAI.NumberTheory.PiExponent.Approximation.ClosedImmersionSerreTransfer (90s)
✔ [9322/9351] Built OAI.NumberTheory.PiExponent.Ampleness.ExceptionalAffineChartRestriction (116s)
✔ [9323/9351] Built OAI.NumberTheory.PiExponent.Geometry.ProjectiveCoordinateChartMap (92s)
✔ [9324/9353] Built OAI.NumberTheory.PiExponent.Approximation.TwistGlobalExtension (133s)
✔ [9325/9356] Built OAI.NumberTheory.PiExponent.Jets.CompactJetIdealCoherent (64s)
✔ [9326/9356] Built OAI.NumberTheory.PiExponent.Approximation.SerrePowerDescent (45s)
✔ [9327/9356] Built OAI.NumberTheory.PiExponent.Approximation.ProjectionFormula (71s)
✔ [9328/9356] Built OAI.NumberTheory.PiExponent.Geometry.CurveContactSum (44s)
✔ [9329/9356] Built OAI.NumberTheory.PiExponent.Geometry.PlaceParameterModel (62s)
✔ [9330/9357] Built OAI.NumberTheory.PiExponent.Approximation.NoetherianPowerExtension (56s)
✔ [9331/9357] Built OAI.NumberTheory.PiExponent.LocalAlgebra.SerreDimensionShift (53s)
✔ [9332/9357] Built OAI.NumberTheory.PiExponent.Jets.CompactLogJetIdeal (44s)
✔ [9333/9357] Built OAI.NumberTheory.PiExponent.Geometry.LineBundleFrameCocycle (74s)
✔ [9334/9357] Built OAI.NumberTheory.PiExponent.LocalAlgebra.FibreContact (43s)
✔ [9335/9361] Built OAI.NumberTheory.PiExponent.Cohomology.SerreVanishing (46s)
✔ [9336/9363] Built OAI.NumberTheory.PiExponent.Approximation.GlueGlobalGenerators (87s)
✔ [9337/9363] Built OAI.NumberTheory.PiExponent.Geometry.PlaceLocalRing (34s)
✔ [9338/9363] Built OAI.NumberTheory.PiExponent.Geometry.CurveCenters (37s)
✔ [9339/9363] Built OAI.NumberTheory.PiExponent.Cohomology.ProjectiveMonomialCechHigher (10s)
✔ [9340/9365] Built OAI.NumberTheory.PiExponent.Ampleness.NoetherianAmpleProjectiveSections (31s)
✔ [9341/9368] Built OAI.NumberTheory.PiExponent.Cohomology.CechOne (46s)
✔ [9342/9368] Built OAI.NumberTheory.PiExponent.Approximation.CoordinateFrameIdentification (37s)
✔ [9343/9370] Built OAI.NumberTheory.PiExponent.Cohomology.FreeCechResolution (41s)
✔ [9344/9370] Built OAI.NumberTheory.PiExponent.Approximation.TwistPresentations (63s)
✔ [9345/9374] Built OAI.NumberTheory.PiExponent.Geometry.CurveFieldRigidity (54s)
✔ [9346/9386] Built OAI.NumberTheory.PiExponent.Cohomology.ProjectiveLaurentTransitions (50s)
✔ [9347/9388] Built OAI.NumberTheory.PiExponent.Geometry.PlaceCenteredBranch (59s)
✔ [9348/9388] Built OAI.NumberTheory.PiExponent.Geometry.ProjectiveCoordinateFiniteValues (42s)
✔ [9349/9388] Built OAI.NumberTheory.PiExponent.Approximation.Comparison (12s)
✔ [9350/9389] Built OAI.NumberTheory.PiExponent.Ampleness.AmpleGlobalGeneration (87s)
✔ [9351/9389] Built OAI.NumberTheory.PiExponent.Geometry.ProjectiveCoordinateRatios (55s)
✔ [9352/9389] Built OAI.NumberTheory.PiExponent.Cohomology.CechHigher (60s)
✔ [9353/9393] Built OAI.NumberTheory.PiExponent.Geometry.ProjectiveSpaceBasics (38s)
✔ [9354/9393] Built OAI.NumberTheory.PiExponent.Geometry.ProjectiveCoordinatePullback (61s)
✔ [9355/9393] Built OAI.NumberTheory.PiExponent.Statement (43s)
✔ [9356/9393] Built OAI.NumberTheory.PiExponent.LocalAlgebra.CoordinateContactBound (36s)
✔ [9357/9393] Built OAI.NumberTheory.PiExponent.Approximation.MatrixCounting (46s)
✔ [9358/9393] Built OAI.NumberTheory.PiExponent.Geometry.ProjectiveCoordinateTransitions (27s)
✔ [9359/9393] Built OAI.NumberTheory.PiExponent.Geometry.CurveContactFamily (28s)
✔ [9360/9394] Built OAI.NumberTheory.PiExponent.Jets.AuxiliaryJetMap (24s)
✔ [9361/9394] Built OAI.NumberTheory.PiExponent.Approximation.SerreAssembly (34s)
✔ [9362/9395] Built OAI.NumberTheory.PiExponent.Geometry.ProjectiveTupleCharts (29s)
✔ [9363/9395] Built OAI.NumberTheory.PiExponent.Cohomology.ProjectiveTwistCech (28s)
✔ [9364/9396] Built OAI.NumberTheory.PiExponent.Polynomials.NestedPolynomialSwap (27s)
✔ [9365/9396] Built OAI.NumberTheory.PiExponent.Cohomology.FreeCechSections (37s)
✔ [9366/9396] Built OAI.NumberTheory.PiExponent.Approximation.DeterminantContradiction (29s)
✔ [9367/9396] Built OAI.NumberTheory.PiExponent.Geometry.ProjectiveCoordinateOverlapNaturality (30s)
✔ [9368/9400] Built OAI.NumberTheory.PiExponent.Approximation.WeightedFrameDegree (24s)
✔ [9369/9405] Built OAI.NumberTheory.PiExponent.Cohomology.CurveDerivativeVanishing (30s)
✔ [9370/9405] Built OAI.NumberTheory.PiExponent.Geometry.ProjectiveSerreTransfer (26s)
✔ [9371/9405] Built OAI.NumberTheory.PiExponent.Approximation.FormalMatrixBridge (24s)
✔ [9372/9409] Built OAI.NumberTheory.PiExponent.LocalAlgebra.WeightedChartRingEvaluation (26s)
✔ [9373/9413] Built OAI.NumberTheory.PiExponent.Approximation.CompositePullbackFrame (21s)
✔ [9374/9419] Built OAI.NumberTheory.PiExponent.Polynomials.ShiftedFreeGrading (26s)
✔ [9375/9419] Built OAI.NumberTheory.PiExponent.Cohomology.ProjectiveTwistAcyclicity (28s)
✔ [9376/9424] Built OAI.NumberTheory.PiExponent.Geometry.ProjectiveRepresentedCoefficient (27s)
✔ [9377/9426] Built OAI.NumberTheory.PiExponent.Cohomology.CechLinear (35s)
✔ [9378/9429] Built OAI.NumberTheory.PiExponent.Approximation.FormalMatrixSurjectivity (22s)
✔ [9379/9429] Built OAI.NumberTheory.PiExponent.Geometry.CurveInequality (26s)
✔ [9380/9435] Built OAI.NumberTheory.PiExponent.Approximation.ClosedRestrictionTensor (28s)
✔ [9381/9435] Built OAI.NumberTheory.PiExponent.Jets.JetPowerIdealCoprime (23s)
✔ [9382/9435] Built OAI.NumberTheory.PiExponent.Geometry.ProjectiveMonomialFinite (23s)
✔ [9383/9435] Built OAI.NumberTheory.PiExponent.Polynomials.GradedSerre (27s)
✔ [9384/9437] Built OAI.NumberTheory.PiExponent.Cohomology.ProjectiveCoordinateAcyclicity (29s)
✔ [9385/9437] Built OAI.NumberTheory.PiExponent.Cohomology.CechZero (27s)
✔ [9386/9437] Built OAI.NumberTheory.PiExponent.Geometry.CurveInequalityIntrinsic (24s)
✔ [9387/9437] Built OAI.NumberTheory.PiExponent.Geometry.ProjectiveNegativeTransitions (23s)
✔ [9388/9437] Built OAI.NumberTheory.PiExponent.Approximation.InverseFrames (26s)
✔ [9389/9438] Built OAI.NumberTheory.PiExponent.Jets.AffineJetPackets (24s)
✔ [9390/9438] Built OAI.NumberTheory.PiExponent.Cohomology.ProjectiveMonomialCohomology (27s)
✔ [9391/9438] Built OAI.NumberTheory.PiExponent.Cohomology.GradedH0 (25s)
✔ [9392/9438] Built OAI.NumberTheory.PiExponent.Cohomology.EulerExact (29s)
✔ [9393/9447] Built OAI.NumberTheory.PiExponent.Geometry.ProjectiveSpaceSerre (24s)
✔ [9394/9449] Built OAI.NumberTheory.PiExponent.Cohomology.ProjectiveFramedCech (31s)
✔ [9395/9449] Built OAI.NumberTheory.PiExponent.Approximation.CocycleTensor (58s)
✔ [9396/9449] Built OAI.NumberTheory.PiExponent.Geometry.ProjectiveVertexCompatibility (36s)
✔ [9397/9449] Built OAI.NumberTheory.PiExponent.Geometry.AdmissibleCurveInequality (26s)
✔ [9398/9449] Built OAI.NumberTheory.PiExponent.Cohomology.CechOneConverse (29s)
✔ [9399/9449] Built OAI.NumberTheory.PiExponent.Cohomology.CechExtFinite (44s)
✔ [9400/9449] Built OAI.NumberTheory.PiExponent.Cohomology.CohomologyIso (37s)
✔ [9401/9449] Built OAI.NumberTheory.PiExponent.Geometry.ProjectiveGlobalPolynomialAlgebra (36s)
✔ [9402/9449] Built OAI.NumberTheory.PiExponent.Cohomology.LaurentCechFinite (39s)
✔ [9403/9449] Built OAI.NumberTheory.PiExponent.Approximation.InverseFrameRestriction (53s)
✔ [9404/9449] Built OAI.NumberTheory.PiExponent.Approximation.ClosedPushforwardLinear (48s)
✔ [9405/9449] Built OAI.NumberTheory.PiExponent.Cohomology.NoetherianAmpleSerreVanishing (45s)
✔ [9406/9449] Built OAI.NumberTheory.PiExponent.LocalAlgebra.CoherentExtFiniteness (58s)
✔ [9407/9450] Built OAI.NumberTheory.PiExponent.Geometry.ProjectiveSectionReindex (43s)
✔ [9408/9450] Built OAI.NumberTheory.PiExponent.Ampleness.AdmissibleBlowupGeometry (40s)
✔ [9409/9453] Built OAI.NumberTheory.PiExponent.Geometry.ProjectiveCoordinateScalars (45s)
✔ [9410/9453] Built OAI.NumberTheory.PiExponent.Approximation.CocycleTensorIso (54s)
✔ [9411/9453] Built OAI.NumberTheory.PiExponent.Approximation.AffineThickeningCriterion (12s)
✔ [9412/9453] Built OAI.NumberTheory.PiExponent.Geometry.ProjectiveNegativeFrames (24s)
✔ [9413/9453] Built OAI.NumberTheory.PiExponent.Cohomology.LaurentExtFinite (40s)
✔ [9414/9454] Built OAI.NumberTheory.PiExponent.Geometry.ProjectiveGlobalPolynomials (49s)
✔ [9415/9454] Built OAI.NumberTheory.PiExponent.Approximation.SerreSectionLifting (26s)
✔ [9416/9454] Built OAI.NumberTheory.PiExponent.Cohomology.CechH1Transfer (58s)
✔ [9417/9457] Built OAI.NumberTheory.PiExponent.Polynomials.WeightedHomogeneousSubstitution (26s)
✔ [9418/9457] Built OAI.NumberTheory.PiExponent.Approximation.FullSupportNilpotence (11s)
✔ [9419/9457] Built OAI.NumberTheory.PiExponent.Approximation.AdmissibleMatrixInterpolation (23s)
✔ [9420/9457] Built OAI.NumberTheory.PiExponent.Ampleness.WeightedAffineFrame (23s)
✔ [9421/9457] Built OAI.NumberTheory.PiExponent.Geometry.LineBundleInverse (27s)
✔ [9422/9459] Built OAI.NumberTheory.PiExponent.Approximation.ClosedSupportedSerre (28s)
✔ [9423/9461] Built OAI.NumberTheory.PiExponent.Polynomials.GlobalPolynomialCoefficientLaw (28s)
✔ [9424/9461] Built OAI.NumberTheory.PiExponent.Approximation.NegativeTwistPresentations (56s)
✔ [9425/9461] Built OAI.NumberTheory.PiExponent.Geometry.ProjectiveSectionExtension (32s)
✔ [9426/9465] Built OAI.NumberTheory.PiExponent.Ampleness.BlowupJetSurjectivity (30s)
✔ [9427/9465] Built OAI.NumberTheory.PiExponent.Approximation.ClosedThickeningSections (24s)
✔ [9428/9465] Built OAI.NumberTheory.PiExponent.Geometry.ProjectiveIntrinsicCoefficientLaw (30s)
✔ [9429/9465] Built OAI.NumberTheory.PiExponent.Geometry.ProjectiveNegativeCoordinates (33s)
✔ [9430/9465] Built OAI.NumberTheory.PiExponent.Approximation.CoherentCokernels (50s)
✔ [9431/9465] Built OAI.NumberTheory.PiExponent.Approximation.ClosedPullbackUnit (32s)
✔ [9432/9471] Built OAI.NumberTheory.PiExponent.Geometry.ProjectiveSectionPullback (28s)
✔ [9433/9471] Built OAI.NumberTheory.PiExponent.Approximation.ClosedAnnihilatedDescent (40s)
✔ [9434/9472] Built OAI.NumberTheory.PiExponent.Approximation.OpenPullbackUnit (28s)
✔ [9435/9472] Built OAI.NumberTheory.PiExponent.LocalAlgebra.PositiveCoherentExtFiniteness (41s)
✔ [9436/9472] Built OAI.NumberTheory.PiExponent.Approximation.ClosedPowerSectionLifting (28s)
✔ [9437/9472] Built OAI.NumberTheory.PiExponent.Jets.AffineJetSupport (29s)
✔ [9438/9472] Built OAI.NumberTheory.PiExponent.Approximation.ModulePullbackCoherent (36s)
✔ [9439/9474] Built OAI.NumberTheory.PiExponent.Geometry.ProjectiveNegativeScalars (35s)
✔ [9440/9474] Built OAI.NumberTheory.PiExponent.LocalAlgebra.IdealPowerFiltration (34s)
✔ [9441/9474] Built OAI.NumberTheory.PiExponent.Approximation.ClosedImmersionModules (33s)
✔ [9442/9478] Built OAI.NumberTheory.PiExponent.Approximation.AffineClosedAnnihilatedDescent (34s)
✔ [9443/9478] Built OAI.NumberTheory.PiExponent.Approximation.ClosedPullbackUnitRestriction (31s)
✔ [9444/9481] Built OAI.NumberTheory.PiExponent.Ampleness.ClosedAmpleBaseChange (23s)
✔ [9445/9481] Built OAI.NumberTheory.PiExponent.Geometry.CoherentProjectiveFinite (29s)
✔ [9446/9481] Built OAI.NumberTheory.PiExponent.Ampleness.FinitePullbackAmple (25s)
✔ [9447/9481] Built OAI.NumberTheory.PiExponent.Ampleness.LineAmpleOperations (24s)
✔ [9448/9481] Built OAI.NumberTheory.PiExponent.LocalAlgebra.IdealPowerAnnihilator (26s)
✔ [9449/9483] Built OAI.NumberTheory.PiExponent.Jets.AffineJetQuotient (35s)
✔ [9450/9483] Built OAI.NumberTheory.PiExponent.Cohomology.IdealPowerCohomology (25s)
✔ [9451/9483] Built OAI.NumberTheory.PiExponent.Ampleness.AmpleAllPowersGeneration (33s)
✔ [9452/9487] Built OAI.NumberTheory.PiExponent.Ampleness.ComponentAmpleDescentIdeal (23s)
✔ [9453/9487] Built OAI.NumberTheory.PiExponent.Approximation.GlobalClosedAnnihilatedDescent (31s)
✔ [9454/9491] Built OAI.NumberTheory.PiExponent.Ampleness.ComponentAmpleDescentSupported (25s)
✔ [9455/9491] Built OAI.NumberTheory.PiExponent.LocalAlgebra.CoherentInverseFinite (29s)
✔ [9456/9492] Built OAI.NumberTheory.PiExponent.LocalAlgebra.IdealModuleRestriction (26s)
✔ [9457/9492] Built OAI.NumberTheory.PiExponent.Ampleness.NumericalAmpleness (23s)
✔ [9458/9500] Built OAI.NumberTheory.PiExponent.Jets.AffineJetPolynomial (24s)
✔ [9459/9500] Built OAI.NumberTheory.PiExponent.Geometry.PrincipalCartierSequence (24s)
✔ [9460/9500] Built OAI.NumberTheory.PiExponent.Approximation.LineClosedUnit (26s)
✔ [9461/9500] Built OAI.NumberTheory.PiExponent.Cohomology.NakaiCohomology (27s)
✔ [9462/9500] Built OAI.NumberTheory.PiExponent.Cohomology.NakaiEulerGrowth (25s)
✔ [9463/9504] Built OAI.NumberTheory.PiExponent.Geometry.ProjectiveCoordinateFinite (28s)
✔ [9464/9505] Built OAI.NumberTheory.PiExponent.LocalAlgebra.IdealPowerRestriction (28s)
✔ [9465/9505] Built OAI.NumberTheory.PiExponent.Approximation.InverseDualRestriction (27s)
✔ [9466/9505] Built OAI.NumberTheory.PiExponent.Approximation.NumericalMarginRestriction (23s)
✔ [9467/9505] Built OAI.NumberTheory.PiExponent.Jets.AffineJetCoefficientFrame (26s)
✔ [9468/9505] Built OAI.NumberTheory.PiExponent.Jets.AffineJetCoefficientInterface (23s)
✔ [9469/9505] Built OAI.NumberTheory.PiExponent.Geometry.IntegralCurveExistence (26s)
✔ [9470/9505] Built OAI.NumberTheory.PiExponent.Ampleness.NakaiCartier (27s)
✔ [9471/9505] Built OAI.NumberTheory.PiExponent.Geometry.CartierSequence (27s)
✔ [9472/9505] Built OAI.NumberTheory.PiExponent.Approximation.GeneratorsSectionCover (71s)
✔ [9473/9505] Built OAI.NumberTheory.PiExponent.LocalAlgebra.SectionImageIdeal (34s)
✔ [9474/9505] Built OAI.NumberTheory.PiExponent.Cohomology.CohomologyFinite (28s)
✔ [9475/9505] Built OAI.NumberTheory.PiExponent.Ampleness.ProperAmpleFiniteDimension (25s)
✔ [9476/9505] Built OAI.NumberTheory.PiExponent.LocalAlgebra.IdealPowerDescent (26s)
✔ [9477/9505] Built OAI.NumberTheory.PiExponent.Geometry.ProjectiveSectionInterface (31s)
✔ [9478/9505] Built OAI.NumberTheory.PiExponent.Polynomials.GlobalPolynomialWeightedBound (31s)
✔ [9479/9505] Built OAI.NumberTheory.PiExponent.Ampleness.ComponentAmpleDescentLocal (32s)
✔ [9480/9505] Built OAI.NumberTheory.PiExponent.Jets.AffineJetFramedPackets (29s)
✔ [9481/9511] Built OAI.NumberTheory.PiExponent.Approximation.AdmissibleMatrixFrame (31s)
✔ [9482/9511] Built OAI.NumberTheory.PiExponent.Cohomology.CartierEulerDifference (34s)
✔ [9483/9511] Built OAI.NumberTheory.PiExponent.Geometry.CurveComponentMultiplicity (42s)
✔ [9484/9511] Built OAI.NumberTheory.PiExponent.Geometry.CartierPowerFrames (44s)
✔ [9485/9517] Built OAI.NumberTheory.PiExponent.Geometry.ProjectiveCoefficientBound (54s)
✔ [9486/9517] Built OAI.NumberTheory.PiExponent.Cohomology.NilpotentIdealVanishing (54s)
✔ [9487/9517] Built OAI.NumberTheory.PiExponent.LocalAlgebra.SectionZeroIdeal (56s)
✔ [9488/9517] Built OAI.NumberTheory.PiExponent.Ampleness.AmpleGeneratedTensor (58s)
✔ [9489/9517] Built OAI.NumberTheory.PiExponent.Geometry.ProjectiveFiniteCoordinates (59s)
✔ [9490/9517] Built OAI.NumberTheory.PiExponent.Jets.AdmissibleJetPackets (48s)
✔ [9491/9517] Built OAI.NumberTheory.PiExponent.Cohomology.CurveZeroEuler (59s)
✔ [9492/9519] Built OAI.NumberTheory.PiExponent.Approximation.WeightedPullbackDegree (66s)
✔ [9493/9519] Built OAI.NumberTheory.PiExponent.Ampleness.NilpotentAmpleDescent (33s)
✔ [9494/9522] Built OAI.NumberTheory.PiExponent.Ampleness.AmpleThresholdPolynomial (32s)
✔ [9495/9523] Built OAI.NumberTheory.PiExponent.Ampleness.ComponentAmpleDescentCover (34s)
✔ [9496/9526] Built OAI.NumberTheory.PiExponent.Geometry.SectionCartierPower (38s)
✔ [9497/9527] Built OAI.NumberTheory.PiExponent.Cohomology.AmpleCohomologyFinite (40s)
✔ [9498/9527] Built OAI.NumberTheory.PiExponent.Cohomology.FiniteZeroEuler (25s)
✔ [9499/9527] Built OAI.NumberTheory.PiExponent.Approximation.MixedSectionExtension (52s)
✔ [9500/9531] Built OAI.NumberTheory.PiExponent.Approximation.WeightedGlobalSectionBound (34s)
✔ [9501/9531] Built OAI.NumberTheory.PiExponent.LocalAlgebra.AssociatedPrimeAvoidance (25s)
✔ [9502/9531] Built OAI.NumberTheory.PiExponent.Approximation.RegularSectionMono (28s)
✔ [9503/9531] Built OAI.NumberTheory.PiExponent.Cohomology.EulerSupportDimension (25s)
✔ [9504/9533] Built OAI.NumberTheory.PiExponent.Approximation.SectionImageSupport (37s)
✔ [9505/9539] Built OAI.NumberTheory.PiExponent.Ampleness.AmpleFiniteProjectiveEmbedding (26s)
✔ [9506/9540] Built OAI.NumberTheory.PiExponent.Geometry.SectionCartierRegular (27s)
✔ [9507/9540] Built OAI.NumberTheory.PiExponent.Geometry.FiniteCurveZeros (33s)
✔ [9508/9540] Built OAI.NumberTheory.PiExponent.Geometry.CurveMorphismFinite (28s)
✔ [9509/9540] Built OAI.NumberTheory.PiExponent.Approximation.MixedFrameExtension (30s)
✔ [9510/9540] Built OAI.NumberTheory.PiExponent.Approximation.RegularSectionChoice (31s)
✔ [9511/9543] Built OAI.NumberTheory.PiExponent.Geometry.CurveEffectiveTwist (33s)
✔ [9512/9544] Built OAI.NumberTheory.PiExponent.Approximation.SectionZeroSupport (32s)
✔ [9513/9544] Built OAI.NumberTheory.PiExponent.Cohomology.EulerRegularTwists (28s)
✔ [9514/9547] Built OAI.NumberTheory.PiExponent.Geometry.ProjectiveSpaceFinite (29s)
✔ [9515/9553] Built OAI.NumberTheory.PiExponent.Approximation.ConstantPullbackDegree (24s)
✔ [9516/9553] Built OAI.NumberTheory.PiExponent.Cohomology.CartierMixedEuler (33s)
✔ [9517/9553] Built OAI.NumberTheory.PiExponent.Ampleness.NakaiSectionLifting (27s)
✔ [9518/9553] Built OAI.NumberTheory.PiExponent.Ampleness.AmplePositiveTwist (23s)
✔ [9519/9554] Built OAI.NumberTheory.PiExponent.Cohomology.FiniteSupportCohomology (28s)
✔ [9520/9554] Built OAI.NumberTheory.PiExponent.LocalAlgebra.FiniteFromClosedFibers (22s)
✔ [9521/9555] Built OAI.NumberTheory.PiExponent.Cohomology.EulerDifferencePolynomial (23s)
✔ [9522/9555] Built OAI.NumberTheory.PiExponent.Cohomology.ProjectiveEmbeddingCohomologyBound (28s)
✔ [9523/9557] Built OAI.NumberTheory.PiExponent.Ampleness.NakaiBasepointFree (22s)
✔ [9524/9557] Built OAI.NumberTheory.PiExponent.Cohomology.EulerRegularSections (25s)
✔ [9525/9557] Built OAI.NumberTheory.PiExponent.Approximation.ClosedSectionLifting (23s)
✔ [9526/9557] Built OAI.NumberTheory.PiExponent.Ampleness.AmpleSlopeAlgebra (24s)
✔ [9527/9557] Built OAI.NumberTheory.PiExponent.Geometry.FiniteOfNoContractedCurves (22s)
✔ [9528/9571] Built OAI.NumberTheory.PiExponent.LocalAlgebra.PrincipalQuotientDimension (10s)
✔ [9529/9574] Built OAI.NumberTheory.PiExponent.Cohomology.FiniteLineEuler (31s)
✔ [9530/9574] Built OAI.NumberTheory.PiExponent.Cohomology.CartierEulerPair (40s)
✔ [9531/9574] Built OAI.NumberTheory.PiExponent.Cohomology.EulerPolynomialInterpolation (23s)
✔ [9532/9574] Built OAI.NumberTheory.PiExponent.Ampleness.NakaiDivisorAmple (24s)
✔ [9533/9577] Built OAI.NumberTheory.PiExponent.LocalAlgebra.IntegralAffineOpenDimension (25s)
✔ [9534/9578] Built OAI.NumberTheory.PiExponent.Approximation.ClosedUnitKernel (25s)
✔ [9535/9578] Built OAI.NumberTheory.PiExponent.Ampleness.AmpleSlopeTopology (24s)
✔ [9536/9580] Built OAI.NumberTheory.PiExponent.Geometry.SectionZeroStalk (27s)
✔ [9537/9591] Built OAI.NumberTheory.PiExponent.Ampleness.ZeroDimensionalAmple (24s)
✔ [9538/9591] Built OAI.NumberTheory.PiExponent.Cohomology.EulerZeroDimensional (25s)
✔ [9539/9591] Built OAI.NumberTheory.PiExponent.Geometry.CartierDegreeLength (27s)
✔ [9540/9591] Built OAI.NumberTheory.PiExponent.Geometry.FromSpecStalkLocalIso (14s)
✔ [9541/9592] Built OAI.NumberTheory.PiExponent.Geometry.CurveComponentStalks (25s)
✔ [9542/9592] Built OAI.NumberTheory.PiExponent.Cohomology.AmpleLineCohomology (25s)
✔ [9543/9592] Built OAI.NumberTheory.PiExponent.Ampleness.ComponentAmpleDescent (26s)
✔ [9544/9594] Built OAI.NumberTheory.PiExponent.Geometry.CurveLocalAssociativity (27s)
✔ [9545/9594] Built OAI.NumberTheory.PiExponent.Geometry.GeneralCartierDegreeLength (28s)
✔ [9546/9594] Built OAI.NumberTheory.PiExponent.Polynomials.MixedSlopePolynomial (28s)
✔ [9547/9594] Built OAI.NumberTheory.PiExponent.Cohomology.EulerTwistTransport (28s)
✔ [9548/9594] Built OAI.NumberTheory.PiExponent.Cohomology.LineCohomologyDimension (32s)
✔ [9549/9595] Built OAI.NumberTheory.PiExponent.Geometry.CurveLocalMultiplicity (26s)
✔ [9550/9595] Built OAI.NumberTheory.PiExponent.Geometry.CurveDegreeAdditivity (29s)
✔ [9551/9595] Built OAI.NumberTheory.PiExponent.Geometry.ReducedComponentStalk (25s)
✔ [9552/9595] Built OAI.NumberTheory.PiExponent.Ampleness.NefAmple (32s)
✔ [9553/9596] Built OAI.NumberTheory.PiExponent.Ampleness.ReducedComponentAmple (30s)
✔ [9554/9596] Built OAI.NumberTheory.PiExponent.LocalAlgebra.InvertibleIdealAway (30s)
✔ [9555/9596] Built OAI.NumberTheory.PiExponent.Ampleness.NakaiStationarity (30s)
✔ [9556/9596] Built OAI.NumberTheory.PiExponent.Cohomology.MixedEulerAlgebra (31s)
✔ [9557/9596] Built OAI.NumberTheory.PiExponent.Cohomology.EulerCutoff (30s)
✔ [9558/9596] Built OAI.NumberTheory.PiExponent.Cohomology.CurveRegularEuler (32s)
✔ [9559/9596] Built OAI.NumberTheory.PiExponent.Geometry.CurveComponentLocalLengths (28s)
✔ [9560/9596] Built OAI.NumberTheory.PiExponent.Approximation.RegularComponentSection (33s)
✔ [9561/9597] Built OAI.NumberTheory.PiExponent.Ampleness.AmpleCurveDegreePositive (33s)
✔ [9562/9597] Built OAI.NumberTheory.PiExponent.Geometry.CurveCutQuotient (33s)
✔ [9563/9597] Built OAI.NumberTheory.PiExponent.Geometry.CurveNormalizationDimension (38s)
✔ [9564/9597] Built OAI.NumberTheory.PiExponent.Ampleness.IntegralComponentAmple (32s)
✔ [9565/9602] Built OAI.NumberTheory.PiExponent.Geometry.CurveNormalizationOverlap (34s)
✔ [9566/9602] Built OAI.NumberTheory.PiExponent.Ampleness.NakaiEffectivity (30s)
✔ [9567/9603] Built OAI.NumberTheory.PiExponent.Cohomology.ProjectiveLineLaurent (12s)
✔ [9568/9603] Built OAI.NumberTheory.PiExponent.Geometry.CurveComponentZeroPoints (57s)
✔ [9569/9603] Built OAI.NumberTheory.PiExponent.Cohomology.CurveTensorEuler (27s)
✔ [9570/9603] Built OAI.NumberTheory.PiExponent.Geometry.ProjectiveLineProper (15s)
✔ [9571/9603] Built OAI.NumberTheory.PiExponent.Cohomology.MixedEulerPolarization (31s)
✔ [9572/9603] Built OAI.NumberTheory.PiExponent.Geometry.CurveDegreeLaws (28s)
✔ [9573/9603] Built OAI.NumberTheory.PiExponent.Ampleness.AmpleDivisorDimensionBase (29s)
✔ [9574/9607] Built OAI.NumberTheory.PiExponent.Ampleness.BlowupCurveMargin (31s)
✔ [9575/9607] Built OAI.NumberTheory.PiExponent.Cohomology.EulerPolynomialDegree (52s)
✔ [9576/9610] Built OAI.NumberTheory.PiExponent.Ampleness.NakaiAmpleFromSections (29s)
✔ [9577/9613] Built OAI.NumberTheory.PiExponent.Geometry.ProjectiveLineCharts (31s)
✔ [9578/9613] Built OAI.NumberTheory.PiExponent.Geometry.CurveComponentIncidence (36s)
✔ [9579/9613] Built OAI.NumberTheory.PiExponent.Geometry.CurveComponentsDimension (29s)
✔ [9580/9614] Built OAI.NumberTheory.PiExponent.Ampleness.AmpleDivisorDimension (30s)
✔ [9581/9614] Built OAI.NumberTheory.PiExponent.Geometry.CurveComponentCutLengths (48s)
✔ [9582/9614] Built OAI.NumberTheory.PiExponent.Cohomology.PencilCohomologyLaurent (44s)
✔ [9583/9617] Built OAI.NumberTheory.PiExponent.Ampleness.NakaiInductionStep (36s)
✔ [9584/9617] Built OAI.NumberTheory.PiExponent.Geometry.ProjectiveLineReciprocal (39s)
✔ [9585/9617] Built OAI.NumberTheory.PiExponent.Cohomology.PencilCohomologyFiniteCharts (42s)
✔ [9586/9618] Built OAI.NumberTheory.PiExponent.Cohomology.MixedEulerCartier (56s)
✔ [9587/9619] Built OAI.NumberTheory.PiExponent.Geometry.ProjectivePencilScalars (52s)
✔ [9588/9619] Built OAI.NumberTheory.PiExponent.Cohomology.PencilCohomologySections (83s)
✔ [9589/9619] Built OAI.NumberTheory.PiExponent.Geometry.CurveModelPlaces (53s)
✔ [9590/9619] Built OAI.NumberTheory.PiExponent.Geometry.CurveCycleLengths (35s)
✔ [9591/9622] Built OAI.NumberTheory.PiExponent.Approximation.NumericalSlopeInduction (36s)
✔ [9592/9622] Built OAI.NumberTheory.PiExponent.Geometry.CurveSectionDegree (37s)
✔ [9593/9622] Built OAI.NumberTheory.PiExponent.Geometry.CurveNormalizationProper (39s)
✔ [9594/9622] Built OAI.NumberTheory.PiExponent.Cohomology.MixedEulerDimension (40s)
✔ [9595/9622] Built OAI.NumberTheory.PiExponent.Geometry.BirationalValuationStalk (35s)
✔ [9596/9622] Built OAI.NumberTheory.PiExponent.Cohomology.CurveCycleEuler (47s)
✔ [9597/9627] Built OAI.NumberTheory.PiExponent.Cohomology.MixedEulerCartierAmple (69s)
✔ [9598/9627] Built OAI.NumberTheory.PiExponent.Approximation.NumericalThresholdStep (52s)
✔ [9599/9631] Built OAI.NumberTheory.PiExponent.Geometry.CurveFunctionFieldCompatibility (50s)
✔ [9600/9631] Built OAI.NumberTheory.PiExponent.Geometry.CurveModelLocalOrder (70s)
✔ [9601/9632] Built OAI.NumberTheory.PiExponent.Cohomology.PencilCohomologyCharts (77s)
✔ [9602/9634] Built OAI.NumberTheory.PiExponent.Geometry.SectionOrderDivisor (56s)
✔ [9603/9634] Built OAI.NumberTheory.PiExponent.Geometry.CurveNormalizationNonaffine (53s)
✔ [9604/9634] Built OAI.NumberTheory.PiExponent.Geometry.CurveCycleNumerical (34s)
✔ [9605/9634] Built OAI.NumberTheory.PiExponent.Cohomology.CurveNormalizationCohomology (40s)
✔ [9606/9634] Built OAI.NumberTheory.PiExponent.LocalAlgebra.LocalSectionOrder (30s)
✔ [9607/9634] Built OAI.NumberTheory.PiExponent.Cohomology.MixedEulerAmpleDimension (32s)
✔ [9608/9634] Built OAI.NumberTheory.PiExponent.Ampleness.AffineFunctionFieldCompatibility (34s)
✔ [9609/9635] Built OAI.NumberTheory.PiExponent.Jets.JetCenterIdentification (31s)
✔ [9610/9635] Built OAI.NumberTheory.PiExponent.Cohomology.PencilCohomologyPencil (32s)
✔ [9611/9635] Built OAI.NumberTheory.PiExponent.Jets.JetProductLocalization (29s)
✔ [9612/9636] Built OAI.NumberTheory.PiExponent.Cohomology.MixedEulerTop (29s)
✔ [9613/9640] Built OAI.NumberTheory.PiExponent.LocalAlgebra.LocalPullbackSectionOrder (30s)
✔ [9614/9643] Built OAI.NumberTheory.PiExponent.LocalAlgebra.PresentedIdealIso (35s)
✔ [9615/9645] Built OAI.NumberTheory.PiExponent.Cohomology.PencilCohomologyCech (52s)
✔ [9616/9645] Built OAI.NumberTheory.PiExponent.Geometry.CurveChartFunctionField (30s)
✔ [9617/9645] Built OAI.NumberTheory.PiExponent.Geometry.CurveModelGenericPoint (29s)
✔ [9618/9646] Built OAI.NumberTheory.PiExponent.Cohomology.MixedEulerRestriction (38s)
✔ [9619/9648] Built OAI.NumberTheory.PiExponent.Cohomology.CurveTwoAffineVanishing (27s)
✔ [9620/9648] Built OAI.NumberTheory.PiExponent.Geometry.SupportedSheaf (26s)
✔ [9621/9650] Built OAI.NumberTheory.PiExponent.Cohomology.MixedEulerSlope (28s)
✔ [9622/9650] Built OAI.NumberTheory.PiExponent.Geometry.CurveStalkGluing (27s)
✔ [9623/9650] Built OAI.NumberTheory.PiExponent.Cohomology.PencilCohomology (35s)
✔ [9624/9650] Built OAI.NumberTheory.PiExponent.Cohomology.MixedEulerPositivity (29s)
✔ [9625/9650] Built OAI.NumberTheory.PiExponent.Geometry.CurveModelFieldEmbedding (36s)
✔ [9626/9650] Built OAI.NumberTheory.PiExponent.Geometry.ProjectiveCurveTwoAffine (26s)
✔ [9627/9650] Built OAI.NumberTheory.PiExponent.Geometry.CurveGeometricFunctionField (29s)
✔ [9628/9653] Built OAI.NumberTheory.PiExponent.Geometry.CurveFinitePushforwardCoherent (53s)
✔ [9629/9656] Built OAI.NumberTheory.PiExponent.LocalAlgebra.FiniteSupportLocalIso (32s)
✔ [9630/9656] Built OAI.NumberTheory.PiExponent.Cohomology.CurveFinitePushforwardCohomology (50s)
✔ [9631/9657] Built OAI.NumberTheory.PiExponent.Geometry.BirationalOpenIso (24s)
✔ [9632/9659] Built OAI.NumberTheory.PiExponent.Geometry.CurveGlobalMonomial (27s)
✔ [9633/9659] Built OAI.NumberTheory.PiExponent.Cohomology.MixedEulerCurveMargin (26s)
✔ [9634/9659] Built OAI.NumberTheory.PiExponent.Geometry.CurveModelInfinityGenericPoint (26s)
✔ [9635/9664] Built OAI.NumberTheory.PiExponent.Polynomials.WeightedMonomialPole (27s)
✔ [9636/9664] Built OAI.NumberTheory.PiExponent.Geometry.WeightedLocalSheaf (30s)
✔ [9637/9665] Built OAI.NumberTheory.PiExponent.Geometry.CurveNormalizationDegree (27s)
✔ [9638/9665] Built OAI.NumberTheory.PiExponent.Geometry.ProjectiveFinitePencil (46s)
✔ [9639/9665] Built OAI.NumberTheory.PiExponent.Geometry.CurveNormalizationMorphism (25s)
✔ [9640/9665] Built OAI.NumberTheory.PiExponent.Geometry.ProjectiveLocalCoefficients (28s)
✔ [9641/9668] Built OAI.NumberTheory.PiExponent.Polynomials.CompositePullbackCoefficient (24s)
✔ [9642/9668] Built OAI.NumberTheory.PiExponent.Cohomology.NumericalEulerSlopeInputs (26s)
✔ [9643/9668] Built OAI.NumberTheory.PiExponent.Polynomials.WeightedMonomialLattice (22s)
✔ [9644/9672] Built OAI.NumberTheory.PiExponent.Geometry.CurvePlaceCenter (24s)
✔ [9645/9672] Built OAI.NumberTheory.PiExponent.Approximation.WeightedSectionOrder (25s)
✔ [9646/9672] Built OAI.NumberTheory.PiExponent.Geometry.CurveNormalizationUnit (22s)
✔ [9647/9672] Built OAI.NumberTheory.PiExponent.Cohomology.CurveNormalizationEuler (26s)
✔ [9648/9675] Built OAI.NumberTheory.PiExponent.Ampleness.BlowupPresentationRestriction (25s)
✔ [9649/9678] Built OAI.NumberTheory.PiExponent.Ampleness.NumericalAmplenessTheorem (26s)
✔ [9650/9685] Built OAI.NumberTheory.PiExponent.Approximation.SectionDivision (28s)
✔ [9651/9687] Built OAI.NumberTheory.PiExponent.Geometry.CurvePlaceCenterStalk (26s)
✔ [9652/9687] Built OAI.NumberTheory.PiExponent.Ampleness.CurveNormalizationPolarization (36s)
✔ [9653/9687] Built OAI.NumberTheory.PiExponent.Approximation.MixedSectionOpenExtension (31s)
✔ [9654/9687] Built OAI.NumberTheory.PiExponent.Geometry.ProjectiveLatticePullback (24s)
✔ [9655/9688] Built OAI.NumberTheory.PiExponent.Ampleness.CurveBlowupImageBase (22s)
✔ [9656/9690] Built OAI.NumberTheory.PiExponent.Geometry.CurveNormalizationInvariance (32s)
✔ [9657/9690] Built OAI.NumberTheory.PiExponent.Geometry.CurveProperImageDimension (24s)
✔ [9658/9690] Built OAI.NumberTheory.PiExponent.Ampleness.ReesRelativeSections (26s)
✔ [9659/9690] Built OAI.NumberTheory.PiExponent.Ampleness.GlobalBlowupJetSurjectivity (24s)
✔ [9660/9692] Built OAI.NumberTheory.PiExponent.Geometry.CurvePlaceSectionDivisor (24s)
✔ [9661/9692] Built OAI.NumberTheory.PiExponent.Ampleness.RelativeAffineSectionAmple (26s)
✔ [9662/9693] Built OAI.NumberTheory.PiExponent.Geometry.CurveGlobalMonomialLocal (25s)
✔ [9663/9693] Built OAI.NumberTheory.PiExponent.Geometry.ProjectiveLatticeOrder (22s)
✔ [9664/9693] Built OAI.NumberTheory.PiExponent.LocalAlgebra.OpenIsoFunctionField (21s)
✔ [9665/9693] Built OAI.NumberTheory.PiExponent.Geometry.CurveImageOpenLocus (22s)
✔ [9666/9697] Built OAI.NumberTheory.PiExponent.Ampleness.ExceptionalPowerPresentation (26s)
✔ [9667/9697] Built OAI.NumberTheory.PiExponent.LocalAlgebra.IdealPullbackMap (23s)
✔ [9668/9697] Built OAI.NumberTheory.PiExponent.Ampleness.BlowupAffineSections (22s)
✔ [9669/9697] Built OAI.NumberTheory.PiExponent.Geometry.CurveNormalizationProjective (27s)
✔ [9670/9697] Built OAI.NumberTheory.PiExponent.Geometry.CurvePlaceSectionOrder (22s)
✔ [9671/9697] Built OAI.NumberTheory.PiExponent.LocalAlgebra.TwistLocalSections (20s)
✔ [9672/9697] Built OAI.NumberTheory.PiExponent.Polynomials.WeightedMonomialFamilyLattice (19s)
✔ [9673/9699] Built OAI.NumberTheory.PiExponent.Ampleness.FiniteAffineFrames (20s)
✔ [9674/9699] Built OAI.NumberTheory.PiExponent.Geometry.CurveImageAffineCoordinates (22s)
✔ [9675/9702] Built OAI.NumberTheory.PiExponent.Ampleness.CurveBlowupImage (27s)
✔ [9676/9704] Built OAI.NumberTheory.PiExponent.Ampleness.BlowupAmpleTwist (28s)
✔ [9677/9704] Built OAI.NumberTheory.PiExponent.Ampleness.ExceptionalRecoveryMap (29s)
✔ [9678/9705] Built OAI.NumberTheory.PiExponent.Geometry.CurveGlobalCoordinateOrder (32s)
✔ [9679/9705] Built OAI.NumberTheory.PiExponent.Approximation.PushforwardOpenSections (35s)
✔ [9680/9705] Built OAI.NumberTheory.PiExponent.Ampleness.ExceptionalRepresentedValue (35s)
✔ [9681/9705] Built OAI.NumberTheory.PiExponent.Geometry.CurveImageAffineChart (34s)
✔ [9682/9705] Built OAI.NumberTheory.PiExponent.Geometry.AdmissibleCurveImage (29s)
✔ [9683/9705] Built OAI.NumberTheory.PiExponent.Ampleness.ExceptionalCurveDegree (45s)
✔ [9684/9710] Built OAI.NumberTheory.PiExponent.Ampleness.ExceptionalRecoveryTwist (27s)
✔ [9685/9718] Built OAI.NumberTheory.PiExponent.Ampleness.ReesPolynomialPresentation (28s)
✔ [9686/9718] Built OAI.NumberTheory.PiExponent.Ampleness.ReesExceptionalSheaf (24s)
✔ [9687/9718] Built OAI.NumberTheory.PiExponent.Approximation.PushforwardSectionComparison (27s)
✔ [9688/9722] Built OAI.NumberTheory.PiExponent.Geometry.WeightedProjectiveCurveDegree (20s)
✔ [9689/9722] Built OAI.NumberTheory.PiExponent.Ampleness.ExceptionalRepresentedOpaque (20s)
✔ [9690/9723] Built OAI.NumberTheory.PiExponent.Ampleness.ExceptionalChartPullbackValue (20s)
✔ [9691/9725] Built OAI.NumberTheory.PiExponent.Geometry.AdmissibleCurveCoordinates (21s)
✔ [9692/9725] Built OAI.NumberTheory.PiExponent.LocalAlgebra.LocalizedAlgebraEvaluation (22s)
✔ [9693/9727] Built OAI.NumberTheory.PiExponent.Ampleness.ReesFiniteCover (19s)
✔ [9694/9730] Built OAI.NumberTheory.PiExponent.Polynomials.NatToIntGrading (24s)
✔ [9695/9730] Built OAI.NumberTheory.PiExponent.Polynomials.GradedLocalizationExact (29s)
✔ [9696/9735] Built OAI.NumberTheory.PiExponent.Cohomology.TupleCechBound (6.7s)
✔ [9697/9737] Built OAI.NumberTheory.PiExponent.Ampleness.FiniteReesComparison (19s)
✔ [9698/9738] Built OAI.NumberTheory.PiExponent.Geometry.CurveNormalizedDegreeTransfer (20s)
✔ [9699/9738] Built OAI.NumberTheory.PiExponent.Ampleness.ExceptionalRepresentedTypes (19s)
✔ [9700/9738] Built OAI.NumberTheory.PiExponent.Approximation.AdditiveKernelTransport (20s)
✔ [9701/9738] Built OAI.NumberTheory.PiExponent.Cohomology.GradedCechRecovery (18s)
✔ [9702/9740] Built OAI.NumberTheory.PiExponent.Cohomology.CechZeroAdditive (20s)
✔ [9703/9748] Built OAI.NumberTheory.PiExponent.Ampleness.BlowupJetReesReduction (22s)
✔ [9704/9753] Built OAI.NumberTheory.PiExponent.Polynomials.GradedLocalizationFree (25s)
✔ [9705/9755] Built OAI.NumberTheory.PiExponent.Polynomials.HomogeneousSubmoduleGrading (28s)
✔ [9706/9755] Built OAI.NumberTheory.PiExponent.Cohomology.ReesCohomologySetup (23s)
✔ [9707/9762] Built OAI.NumberTheory.PiExponent.Ampleness.AdmissibleBlowupMargin (24s)
✔ [9708/9762] Built OAI.NumberTheory.PiExponent.Ampleness.ExceptionalTypedRestriction (22s)
✔ [9709/9762] Built OAI.NumberTheory.PiExponent.Cohomology.GradedCech (36s)
✔ [9710/9762] Built OAI.NumberTheory.PiExponent.Ampleness.ExceptionalTypedTransport (23s)
✔ [9711/9762] Built OAI.NumberTheory.PiExponent.Approximation.AddEquivSignedSum (18s)
✔ [9712/9762] Built OAI.NumberTheory.PiExponent.LocalAlgebra.IdealSectionRestriction (20s)
✔ [9713/9762] Built OAI.NumberTheory.PiExponent.LocalAlgebra.IdealFiniteGenerators (18s)
✔ [9714/9764] Built OAI.NumberTheory.PiExponent.LocalAlgebra.AffineIdealSections (20s)
✔ [9715/9766] Built OAI.NumberTheory.PiExponent.Ampleness.AdmissibleBlowupPolarization (20s)
✔ [9716/9766] Built OAI.NumberTheory.PiExponent.Ampleness.GlobalExceptionalComparison (20s)
✔ [9717/9766] Built OAI.NumberTheory.PiExponent.Cohomology.GradedCechBound (20s)
✔ [9718/9775] Built OAI.NumberTheory.PiExponent.Cohomology.GradedCechExactness (22s)
✔ [9719/9777] Built OAI.NumberTheory.PiExponent.LocalAlgebra.IdealPullbackOpenSquare (20s)
✔ [9720/9777] Built OAI.NumberTheory.PiExponent.Ampleness.ExceptionalTypedTransportNaturality (21s)
✔ [9721/9777] Built OAI.NumberTheory.PiExponent.Analysis.AnalyticCollision (21s)
✔ [9722/9782] Built OAI.NumberTheory.PiExponent.Cohomology.GradedPolynomialLaurent (27s)
✔ [9723/9782] Built OAI.NumberTheory.PiExponent.Analysis.CollisionCombinatorics (20s)
✔ [9724/9782] Built OAI.NumberTheory.PiExponent.Ampleness.GlobalBlowupAffineSquare (19s)
✔ [9725/9782] Built OAI.NumberTheory.PiExponent.Geometry.AdmissibleCurveModel (24s)
✔ [9726/9782] Built OAI.NumberTheory.PiExponent.Approximation.MatrixTranslation (23s)
✔ [9727/9782] Built OAI.NumberTheory.PiExponent.Geometry.CanonicalRecoveryProperties (21s)
✔ [9728/9782] Built OAI.NumberTheory.PiExponent.Polynomials.SimplexLog (22s)
✔ [9729/9782] Built OAI.NumberTheory.PiExponent.Analysis.CollisionOccupancy (22s)
✔ [9730/9784] Built OAI.NumberTheory.PiExponent.Analysis.LogTailAnalytic (28s)
✔ [9731/9784] Built OAI.NumberTheory.PiExponent.Approximation.ApproximationCenters (26s)
✔ [9732/9784] Built OAI.NumberTheory.PiExponent.Analysis.AnalyticRowSeries (27s)
✔ [9733/9784] Built OAI.NumberTheory.PiExponent.Ampleness.ReesGradedModule (27s)
✔ [9734/9784] Built OAI.NumberTheory.PiExponent.Analysis.CollisionGeometricSum (23s)
✔ [9735/9785] Built OAI.NumberTheory.PiExponent.Analysis.CollisionExponential (23s)
✔ [9736/9785] Built OAI.NumberTheory.PiExponent.Ampleness.AdmissibleCurveModelDegrees (22s)
✔ [9737/9787] Built OAI.NumberTheory.PiExponent.Cohomology.GradedPolynomialCech (36s)
✔ [9738/9787] Built OAI.NumberTheory.PiExponent.Analysis.DyadicPowers (7.5s)
✔ [9739/9787] Built OAI.NumberTheory.PiExponent.Analysis.TranslationCountLimit (18s)
✔ [9740/9787] Built OAI.NumberTheory.PiExponent.Analysis.DyadicSummation (6.7s)
✔ [9741/9789] Built OAI.NumberTheory.PiExponent.Approximation.CanonicalAffineRecovery (17s)
✔ [9742/9789] Built OAI.NumberTheory.PiExponent.Ampleness.GlobalReesRecoveryComparison (18s)
✔ [9743/9789] Built OAI.NumberTheory.PiExponent.Analysis.PeriodAnalytic (18s)
✔ [9745/9792] Built OAI.NumberTheory.PiExponent.Cohomology.ReesCechInjectivity (22s)
✔ [9746/9792] Built OAI.NumberTheory.PiExponent.Approximation.MatrixTranslationBounds (23s)
✔ [9747/9792] Built OAI.NumberTheory.PiExponent.Analysis.FlintHills (7.0s)
✔ [9748/9792] Built OAI.NumberTheory.PiExponent.Analysis.FiniteSpacing (20s)
✔ [9749/9792] Built OAI.NumberTheory.PiExponent.Geometry.AdmissibleCurveDegreeData (19s)
✔ [9750/9792] Built OAI.NumberTheory.PiExponent.Analysis.FiniteDeterminantCollision (20s)
✔ [9751/9792] Built OAI.NumberTheory.PiExponent.Cohomology.GradedFreeCech (29s)
✔ [9752/9792] Built OAI.NumberTheory.PiExponent.Approximation.Exponent (16s)
✔ [9753/9792] Built OAI.NumberTheory.PiExponent.Ampleness.ReesLocalizedChart (37s)
✔ [9754/9792] Built OAI.NumberTheory.PiExponent.Ampleness.AdmissibleBlowupAmple (15s)
✔ [9755/9792] Built OAI.NumberTheory.PiExponent.Analysis.CollisionLimit (15s)
✔ [9756/9792] Built OAI.NumberTheory.PiExponent.Analysis.DyadicSpacing (16s)
✔ [9757/9792] Built OAI.NumberTheory.PiExponent.Analysis.FlintSine (19s)
✔ [9758/9792] Built OAI.NumberTheory.PiExponent.Polynomials.GradedSerreStep (14s)
✔ [9759/9792] Built OAI.NumberTheory.PiExponent.Ampleness.AdmissibleJetAmpleness (12s)
✔ [9760/9792] Built OAI.NumberTheory.PiExponent.Analysis.AnalyticDeterminantCollision (12s)
✔ [9761/9792] Built OAI.NumberTheory.PiExponent.Ampleness.ReesLocalizedIntersections (17s)
✔ [9762/9792] Built OAI.NumberTheory.PiExponent.Cohomology.GradedSerreVanishing (10s)
✔ [9763/9792] Built OAI.NumberTheory.PiExponent.Analysis.FlintConsequence (17s)
✔ [9764/9792] Built OAI.NumberTheory.PiExponent.Analysis.Collision (10s)
✔ [9765/9792] Built OAI.NumberTheory.PiExponent.Ampleness.ReesProductChart (11s)
✔ [9766/9792] Built OAI.NumberTheory.PiExponent.Cohomology.ReesCechRecovery (10s)
✔ [9767/9792] Built OAI.NumberTheory.PiExponent.Analysis.DeterminantAnalyticBound (13s)
✔ [9768/9792] Built OAI.NumberTheory.PiExponent.Ampleness.ReesProductSchemeChart (12s)
✔ [9769/9792] Built OAI.NumberTheory.PiExponent.Ampleness.ReesProductPower (16s)
✔ [9770/9792] Built OAI.NumberTheory.PiExponent.Analysis.LiteralAnalyticSummand (9.9s)
✔ [9771/9792] Built OAI.NumberTheory.PiExponent.Ampleness.ReesProductAugmentation (10s)
✔ [9772/9792] Built OAI.NumberTheory.PiExponent.Analysis.AnalyticAggregate (9.7s)
✔ [9773/9792] Built OAI.NumberTheory.PiExponent.Ampleness.ReesProductRestriction (13s)
✔ [9774/9792] Built OAI.NumberTheory.PiExponent.Ampleness.ReesProductFrames (18s)
✔ [9775/9792] Built OAI.NumberTheory.PiExponent.Approximation.InterpolationConsequence (7.8s)
✔ [9776/9792] Built OAI.NumberTheory.PiExponent.Ampleness.ReesProductSchemeRestriction (7.9s)
✔ [9777/9792] Built OAI.NumberTheory.PiExponent.Ampleness.ReesFixedChart (7.7s)
✔ [9778/9792] Built OAI.NumberTheory.PiExponent.Ampleness.ReesFixedRestriction (9.3s)
✔ [9779/9792] Built OAI.NumberTheory.PiExponent.Ampleness.ReesFixedPower (9.8s)
✔ [9780/9792] Built OAI.NumberTheory.PiExponent.Ampleness.ReesFixedFrames (11s)
✔ [9781/9792] Built OAI.NumberTheory.PiExponent.Ampleness.ReesFixedPowerRestriction (6.9s)
✔ [9782/9792] Built OAI.NumberTheory.PiExponent.Cohomology.ReesSheafCechBase (7.0s)
✔ [9783/9792] Built OAI.NumberTheory.PiExponent.Cohomology.ReesSheafCechNaturality (7.6s)
✔ [9784/9792] Built OAI.NumberTheory.PiExponent.Ampleness.ReesSectionInclusion (9.0s)
✔ [9785/9792] Built OAI.NumberTheory.PiExponent.Cohomology.ReesSheafCechRecovery (11s)
✔ [9786/9792] Built OAI.NumberTheory.PiExponent.Ampleness.ReesSheafCanonicalValue (4.9s)
✔ [9787/9792] Built OAI.NumberTheory.PiExponent.Ampleness.AffineReesCanonicalRecovery (4.8s)
✔ [9788/9792] Built OAI.NumberTheory.PiExponent.Ampleness.GlobalReesCanonicalRecovery (4.8s)
✔ [9789/9792] Built OAI.NumberTheory.PiExponent.Ampleness.BlowupJetSurjectivityComplete (4.8s)
✔ [9790/9792] Built OAI.NumberTheory.PiExponent.Jets.AdmissibleJetSurjectivity (5.1s)
✔ [9791/9792] Built OAI.NumberTheory.PiExponent.Approximation.AdmissibleMatrixGeometry (4.9s)
✔ [9792/9792] Built OAI.NumberTheory.PiExponent.Main (4.9s)
Build completed successfully (9792 jobs).
== build rc=0 seconds=3432
{"theorems": ["OAI.PiExponent.main"], "defs": [], "json_theorems": ["OAI.PiExponent.main"], "missing_from_parse": []}
TYPES/DEFS DIFFER PiExponent
1,5d0
< /Users/shannon/cc/math/math/lean/Scratch/Challenge_PiExponent.lean:7:8:
< warning:
< declaration
< uses
< `sorry`
AXIOMS: 'OAI.PiExponent.main' depends on axioms: [propext, Classical.choice, Quot.sound] 
== end=2026-10-07T02:56:38Z
