== PlanarL1  module=OAI.Combinatorics.PlanarL1.Embedding  start=2026-10-09T14:53:17Z
warning: PrimeNumberTheoremAnd: repository '/Users/shannon/cc/math/math/lean/.lake/packages/PrimeNumberTheoremAnd' has local changes
warning: belyi: repository '/Users/shannon/cc/math/math/lean/.lake/packages/belyi' has local changes
warning: formal-schemes: repository '/Users/shannon/cc/math/math/lean/.lake/packages/formal-schemes' has local changes
warning: elliptic-curves: repository '/Users/shannon/cc/math/math/lean/.lake/packages/elliptic-curves' has local changes
warning: tempered-fundamental-groups: repository '/Users/shannon/cc/math/math/lean/.lake/packages/tempered-fundamental-groups' has local changes
warning: oka: repository '/Users/shannon/cc/math/math/lean/.lake/packages/oka' has local changes
warning: orbicurve-cores: repository '/Users/shannon/cc/math/math/lean/.lake/packages/orbicurve-cores' has local changes
warning: pi1: repository '/Users/shannon/cc/math/math/lean/.lake/packages/pi1' has local changes
warning: heights: repository '/Users/shannon/cc/math/math/lean/.lake/packages/heights' has local changes
warning: genl: repository '/Users/shannon/cc/math/math/lean/.lake/packages/genl' has local changes
warning: tate-curves-theta: repository '/Users/shannon/cc/math/math/lean/.lake/packages/tate-curves-theta' has local changes
warning: iut: repository '/Users/shannon/cc/math/math/lean/.lake/packages/iut' has local changes
warning: gromov: repository '/Users/shannon/cc/math/math/lean/.lake/packages/gromov' has local changes
warning: SphereEversion: repository '/Users/shannon/cc/math/math/lean/.lake/packages/SphereEversion' has local changes
warning: schoenflies-lean: repository '/Users/shannon/cc/math/math/lean/.lake/packages/schoenflies-lean' has local changes
warning: ClassFieldTheory: repository '/Users/shannon/cc/math/math/lean/.lake/packages/ClassFieldTheory' has local changes
warning: AINTLIB: repository '/Users/shannon/cc/math/math/lean/.lake/packages/AINTLIB' has local changes
warning: AbsorptionCutoff: repository '/Users/shannon/cc/math/math/lean/.lake/packages/AbsorptionCutoff' has local changes
warning: StrongPNT: repository '/Users/shannon/cc/math/math/lean/.lake/packages/StrongPNT' has local changes
warning: carleson: repository '/Users/shannon/cc/math/math/lean/.lake/packages/carleson' has local changes
warning: rellich-kondrachov: repository '/Users/shannon/cc/math/math/lean/.lake/packages/rellich-kondrachov' has local changes
warning: Zeta3Irrational: repository '/Users/shannon/cc/math/math/lean/.lake/packages/Zeta3Irrational' has local changes
warning: fixed-point-theorems: repository '/Users/shannon/cc/math/math/lean/.lake/packages/fixed-point-theorems' has local changes
✔ [8924/8986] Built OAI.Combinatorics.PlanarL1.Statement (14s)
✔ [8925/8986] Built OAI.Combinatorics.PlanarL1.Parameters (15s)
✔ [8926/8986] Built OAI.Combinatorics.PlanarL1.Order (15s)
✔ [8927/8986] Built OAI.Combinatorics.PlanarL1.Clipping (16s)
✔ [8928/8986] Built OAI.Combinatorics.PlanarL1.Probability (17s)
✔ [8929/8986] Built OAI.Combinatorics.PlanarL1.WeightedMetric (13s)
✔ [8930/8986] Built OAI.Combinatorics.PlanarL1.Execution (13s)
✔ [8931/8986] Built OAI.Combinatorics.PlanarL1.Interpolation (14s)
✔ [8932/8986] Built OAI.Combinatorics.PlanarL1.Noncrossing (18s)
✔ [8933/8986] Built OAI.Combinatorics.PlanarL1.Tiling (11s)
✔ [8934/8986] Built OAI.Combinatorics.PlanarL1.Columns (11s)
✔ [8935/8986] Built OAI.Combinatorics.PlanarL1.DiskCrossing (12s)
✔ [8936/8986] Built OAI.Combinatorics.PlanarL1.Drawing (9.8s)
✔ [8937/8986] Built OAI.Combinatorics.PlanarL1.Distance (11s)
✔ [8938/8986] Built OAI.Combinatorics.PlanarL1.HeightTree (15s)
✔ [8939/8986] Built OAI.Combinatorics.PlanarL1.Fields (15s)
✔ [8940/8986] Built OAI.Combinatorics.PlanarL1.Polygonal (18s)
✔ [8941/8986] Built OAI.Combinatorics.PlanarL1.RadialTree (19s)
✔ [8942/8986] Built OAI.Combinatorics.PlanarL1.Cuts (14s)
✔ [8943/8986] Built OAI.Combinatorics.PlanarL1.TreeDisk (12s)
✔ [8944/8986] Built OAI.Combinatorics.PlanarL1.Crossings (19s)
✔ [8945/8986] Built OAI.Combinatorics.PlanarL1.FiniteL1 (13s)
✔ [8946/8986] Built OAI.Combinatorics.PlanarL1.Threshold (16s)
✔ [8947/8986] Built OAI.Combinatorics.PlanarL1.SeedPacking (15s)
✔ [8948/8986] Built OAI.Combinatorics.PlanarL1.Surgery (23s)
✔ [8949/8986] Built OAI.Combinatorics.PlanarL1.Gluing (11s)
✔ [8950/8986] Built OAI.Combinatorics.PlanarL1.Retubing (14s)
✔ [8951/8986] Built OAI.Combinatorics.PlanarL1.Increments (11s)
✔ [8952/8986] Built OAI.Combinatorics.PlanarL1.Bands (23s)
✔ [8953/8986] Built OAI.Combinatorics.PlanarL1.Stem (11s)
✔ [8954/8986] Built OAI.Combinatorics.PlanarL1.MainCells (10s)
✔ [8955/8986] Built OAI.Combinatorics.PlanarL1.Growth (9.9s)
✔ [8956/8986] Built OAI.Combinatorics.PlanarL1.OrdinaryState (13s)
✔ [8957/8986] Built OAI.Combinatorics.PlanarL1.Layout (10s)
✔ [8958/8986] Built OAI.Combinatorics.PlanarL1.SecondaryCells (15s)
✔ [8959/8986] Built OAI.Combinatorics.PlanarL1.OrderedState (13s)
✔ [8960/8986] Built OAI.Combinatorics.PlanarL1.MainStep (13s)
✔ [8961/8986] Built OAI.Combinatorics.PlanarL1.PlanarMetric (13s)
✔ [8962/8986] Built OAI.Combinatorics.PlanarL1.Ambient (7.8s)
✔ [8963/8986] Built OAI.Combinatorics.PlanarL1.BandTrees (7.9s)
✔ [8964/8986] Built OAI.Combinatorics.PlanarL1.SecondaryStep (9.2s)
✔ [8965/8986] Built OAI.Combinatorics.PlanarL1.MainFamily (8.3s)
✔ [8966/8986] Built OAI.Combinatorics.PlanarL1.SecondaryBatch (8.5s)
✔ [8967/8986] Built OAI.Combinatorics.PlanarL1.MainPersistence (9.3s)
✔ [8968/8986] Built OAI.Combinatorics.PlanarL1.Dilation (10s)
✔ [8969/8986] Built OAI.Combinatorics.PlanarL1.SecondaryFamily (11s)
✔ [8970/8986] Built OAI.Combinatorics.PlanarL1.ScaleHistory (7.1s)
✔ [8971/8986] Built OAI.Combinatorics.PlanarL1.SurvivingSeeds (9.2s)
✔ [8972/8986] Built OAI.Combinatorics.PlanarL1.Separation (6.1s)
✔ [8973/8986] Built OAI.Combinatorics.PlanarL1.PairGeometry (7.2s)
✔ [8974/8986] Built OAI.Combinatorics.PlanarL1.PairSelection (7.5s)
✔ [8975/8986] Built OAI.Combinatorics.PlanarL1.MainGain (5.0s)
✔ [8976/8986] Built OAI.Combinatorics.PlanarL1.SecondaryGain (6.7s)
✔ [8977/8986] Built OAI.Combinatorics.PlanarL1.LocalPersistence (8.1s)
✔ [8978/8986] Built OAI.Combinatorics.PlanarL1.SelectedGain (10s)
✔ [8979/8986] Built OAI.Combinatorics.PlanarL1.FamilyPersistence (8.5s)
✔ [8980/8986] Built OAI.Combinatorics.PlanarL1.CoupledState (6.7s)
✔ [8981/8986] Built OAI.Combinatorics.PlanarL1.Movement (6.8s)
✔ [8982/8986] Built OAI.Combinatorics.PlanarL1.Persistence (6.7s)
✔ [8983/8986] Built OAI.Combinatorics.PlanarL1.StepSuccess (6.1s)
✔ [8984/8986] Built OAI.Combinatorics.PlanarL1.CutExtraction (6.2s)
✔ [8985/8986] Built OAI.Combinatorics.PlanarL1.Schedule (6.5s)
✔ [8986/8986] Built OAI.Combinatorics.PlanarL1.Embedding (5.3s)
Build completed successfully (8986 jobs).
== build rc=0 seconds=322
{"theorems": ["OAI.PlanarL1.planar_graph_metrics_embed_L1"], "defs": ["OAI.PlanarL1.IsPlanar", "OAI.PlanarL1.walkLength", "OAI.PlanarL1.graphDistance", "OAI.PlanarL1.MainStatement"], "json_theorems": ["OAI.PlanarL1.planar_graph_metrics_embed_L1"], "missing_from_parse": []}
TYPES/DEFS DIFFER PlanarL1
1,5d0
< /Users/shannon/cc/math/math/lean/Scratch/Challenge_PlanarL1.lean:46:8:
< warning:
< declaration
< uses
< `sorry`
AXIOMS: 'OAI.PlanarL1.planar_graph_metrics_embed_L1' depends on axioms: [propext, Classical.choice, Quot.sound] 
== end=2026-10-09T14:59:00Z
