== QACParity  module=OAI.InformationTheory.QuantumCircuit.Parity  start=2026-10-09T14:38:56Z
warning: PrimeNumberTheoremAnd: repository '/Users/shannon/cc/math/math/lean/.lake/packages/PrimeNumberTheoremAnd' has local changes
warning: belyi: repository '/Users/shannon/cc/math/math/lean/.lake/packages/belyi' has local changes
warning: formal-schemes: repository '/Users/shannon/cc/math/math/lean/.lake/packages/formal-schemes' has local changes
warning: elliptic-curves: repository '/Users/shannon/cc/math/math/lean/.lake/packages/elliptic-curves' has local changes
warning: tempered-fundamental-groups: repository '/Users/shannon/cc/math/math/lean/.lake/packages/tempered-fundamental-groups' has local changes
warning: oka: repository '/Users/shannon/cc/math/math/lean/.lake/packages/oka' has local changes
warning: orbicurve-cores: repository '/Users/shannon/cc/math/math/lean/.lake/packages/orbicurve-cores' has local changes
warning: pi1: repository '/Users/shannon/cc/math/math/lean/.lake/packages/pi1' has local changes
warning: heights: repository '/Users/shannon/cc/math/math/lean/.lake/packages/heights' has local changes
warning: genl: repository '/Users/shannon/cc/math/math/lean/.lake/packages/genl' has local changes
warning: tate-curves-theta: repository '/Users/shannon/cc/math/math/lean/.lake/packages/tate-curves-theta' has local changes
warning: iut: repository '/Users/shannon/cc/math/math/lean/.lake/packages/iut' has local changes
warning: gromov: repository '/Users/shannon/cc/math/math/lean/.lake/packages/gromov' has local changes
warning: SphereEversion: repository '/Users/shannon/cc/math/math/lean/.lake/packages/SphereEversion' has local changes
warning: schoenflies-lean: repository '/Users/shannon/cc/math/math/lean/.lake/packages/schoenflies-lean' has local changes
warning: ClassFieldTheory: repository '/Users/shannon/cc/math/math/lean/.lake/packages/ClassFieldTheory' has local changes
warning: AINTLIB: repository '/Users/shannon/cc/math/math/lean/.lake/packages/AINTLIB' has local changes
warning: AbsorptionCutoff: repository '/Users/shannon/cc/math/math/lean/.lake/packages/AbsorptionCutoff' has local changes
warning: StrongPNT: repository '/Users/shannon/cc/math/math/lean/.lake/packages/StrongPNT' has local changes
warning: carleson: repository '/Users/shannon/cc/math/math/lean/.lake/packages/carleson' has local changes
warning: rellich-kondrachov: repository '/Users/shannon/cc/math/math/lean/.lake/packages/rellich-kondrachov' has local changes
warning: Zeta3Irrational: repository '/Users/shannon/cc/math/math/lean/.lake/packages/Zeta3Irrational' has local changes
warning: fixed-point-theorems: repository '/Users/shannon/cc/math/math/lean/.lake/packages/fixed-point-theorems' has local changes
✔ [8924/8944] Built OAI.InformationTheory.QuantumCircuit.Model (5.6s)
✔ [8925/8944] Built OAI.InformationTheory.QuantumCircuit.Basic (5.4s)
✔ [8926/8944] Built OAI.InformationTheory.QuantumCircuit.ProductProjection (9.0s)
✔ [8927/8944] Built OAI.InformationTheory.QuantumCircuit.Polynomial (10s)
✔ [8928/8944] Built OAI.InformationTheory.QuantumCircuit.ScaleInduction (12s)
✔ [8929/8944] Built OAI.InformationTheory.QuantumCircuit.Circuit (9.3s)
✔ [8930/8944] Built OAI.InformationTheory.QuantumCircuit.Asymptotics (9.8s)
✔ [8931/8944] Built OAI.InformationTheory.QuantumCircuit.Count (7.3s)
✔ [8932/8944] Built OAI.InformationTheory.QuantumCircuit.Spectral (8.1s)
✔ [8933/8944] Built OAI.InformationTheory.QuantumCircuit.DepthZero (8.3s)
✔ [8934/8944] Built OAI.InformationTheory.QuantumCircuit.Transition (6.7s)
✔ [8935/8944] Built OAI.InformationTheory.QuantumCircuit.Reflection (6.1s)
✔ [8936/8944] Built OAI.InformationTheory.QuantumCircuit.Backward (7.6s)
✔ [8937/8944] Built OAI.InformationTheory.QuantumCircuit.Toffoli (7.6s)
✔ [8938/8944] Built OAI.InformationTheory.QuantumCircuit.Localization (9.6s)
✔ [8939/8944] Built OAI.InformationTheory.QuantumCircuit.Physical (9.6s)
✔ [8940/8944] Built OAI.InformationTheory.QuantumCircuit.Computational (9.9s)
✔ [8941/8944] Built OAI.InformationTheory.QuantumCircuit.Ancilla (6.9s)
✔ [8942/8944] Built OAI.InformationTheory.QuantumCircuit.ParityTrace (5.8s)
✔ [8943/8944] Built OAI.InformationTheory.QuantumCircuit.Measurement (5.7s)
✔ [8944/8944] Built OAI.InformationTheory.QuantumCircuit.Parity (5.5s)
Build completed successfully (8944 jobs).
== build rc=0 seconds=107
{"theorems": ["OAI.QAC.parity_lower_bound"], "defs": ["OAI.QAC.Bit", "OAI.QAC.Word", "OAI.QAC.Operator", "OAI.QAC.QubitOperator", "OAI.QAC.tensorMatrix", "OAI.QAC.Gate", "OAI.QAC.Gate.support", "OAI.QAC.Gate.toffoliWord", "OAI.QAC.Gate.matrix", "OAI.QAC.PhysicalLayer", "OAI.QAC.physicalLayerMatrix", "OAI.QAC.physicalCircuitMatrix", "OAI.QAC.inputWord", "OAI.QAC.parity", "OAI.QAC.successProbability", "OAI.QAC.ParityStatement"], "json_theorems": ["OAI.QAC.parity_lower_bound"], "missing_from_parse": []}
TYPES/DEFS DIFFER QACParity
1,5d0
< /Users/shannon/cc/math/math/lean/Scratch/Challenge_QACParity.lean:71:8:
< warning:
< declaration
< uses
< `sorry`
AXIOMS: 'OAI.QAC.parity_lower_bound' depends on axioms: [propext, Classical.choice, Quot.sound] 
== end=2026-10-09T14:41:04Z
