== QuasiRiemannHypothesis  module=OAI.NumberTheory.DirichletL.Nonvanishing  start=2026-10-07T15:50:32Z
warning: PrimeNumberTheoremAnd: repository '/Users/shannon/cc/math/math/lean/.lake/packages/PrimeNumberTheoremAnd' has local changes
warning: belyi: repository '/Users/shannon/cc/math/math/lean/.lake/packages/belyi' has local changes
warning: formal-schemes: repository '/Users/shannon/cc/math/math/lean/.lake/packages/formal-schemes' has local changes
warning: elliptic-curves: repository '/Users/shannon/cc/math/math/lean/.lake/packages/elliptic-curves' has local changes
warning: tempered-fundamental-groups: repository '/Users/shannon/cc/math/math/lean/.lake/packages/tempered-fundamental-groups' has local changes
warning: oka: repository '/Users/shannon/cc/math/math/lean/.lake/packages/oka' has local changes
warning: orbicurve-cores: repository '/Users/shannon/cc/math/math/lean/.lake/packages/orbicurve-cores' has local changes
warning: pi1: repository '/Users/shannon/cc/math/math/lean/.lake/packages/pi1' has local changes
warning: heights: repository '/Users/shannon/cc/math/math/lean/.lake/packages/heights' has local changes
warning: genl: repository '/Users/shannon/cc/math/math/lean/.lake/packages/genl' has local changes
warning: tate-curves-theta: repository '/Users/shannon/cc/math/math/lean/.lake/packages/tate-curves-theta' has local changes
warning: iut: repository '/Users/shannon/cc/math/math/lean/.lake/packages/iut' has local changes
warning: gromov: repository '/Users/shannon/cc/math/math/lean/.lake/packages/gromov' has local changes
warning: SphereEversion: repository '/Users/shannon/cc/math/math/lean/.lake/packages/SphereEversion' has local changes
warning: schoenflies-lean: repository '/Users/shannon/cc/math/math/lean/.lake/packages/schoenflies-lean' has local changes
warning: ClassFieldTheory: repository '/Users/shannon/cc/math/math/lean/.lake/packages/ClassFieldTheory' has local changes
warning: AINTLIB: repository '/Users/shannon/cc/math/math/lean/.lake/packages/AINTLIB' has local changes
warning: AbsorptionCutoff: repository '/Users/shannon/cc/math/math/lean/.lake/packages/AbsorptionCutoff' has local changes
warning: StrongPNT: repository '/Users/shannon/cc/math/math/lean/.lake/packages/StrongPNT' has local changes
warning: carleson: repository '/Users/shannon/cc/math/math/lean/.lake/packages/carleson' has local changes
warning: rellich-kondrachov: repository '/Users/shannon/cc/math/math/lean/.lake/packages/rellich-kondrachov' has local changes
warning: Zeta3Irrational: repository '/Users/shannon/cc/math/math/lean/.lake/packages/Zeta3Irrational' has local changes
warning: fixed-point-theorems: repository '/Users/shannon/cc/math/math/lean/.lake/packages/fixed-point-theorems' has local changes
✔ [4351/7061] Built RellichKondrachov.Analysis.FunctionalSpaces.Sobolev.Euclidean.L2Compactness.Kernels (9.6s)
✔ [4352/7061] Built PrimeNumberTheoremAnd.SmoothExistence (9.4s)
✔ [4353/7061] Built RellichKondrachov.MeasureTheory.Function.LpSpace.Restrict (10s)
✔ [4354/7061] Built RellichKondrachov.Analysis.FunctionalSpaces.Sobolev.Euclidean.H1 (11s)
✔ [4355/7061] Built PrimeNumberTheoremAnd.Sobolev (14s)
✔ [4356/7061] Built RellichKondrachov.Analysis.FunctionalSpaces.Sobolev.Euclidean.L2Compactness.Smoothing (9.0s)
✔ [4357/7061] Built RellichKondrachov.Analysis.FunctionalSpaces.Sobolev.Euclidean.Translation (8.6s)
✔ [4358/7061] Built RellichKondrachov.Analysis.FunctionalSpaces.Sobolev.Euclidean.TranslationEstimate (8.7s)
✔ [4359/7061] Built PrimeNumberTheoremAnd.Fourier (8.0s)
✔ [4360/7061] Built RellichKondrachov.Analysis.FunctionalSpaces.Sobolev.Euclidean.L2Compactness.Compactness (7.9s)
✔ [4361/7061] Built RellichKondrachov.Analysis.FunctionalSpaces.Sobolev.Euclidean.TranslationEstimateL2 (9.4s)
✔ [4362/7061] Built RellichKondrachov.Analysis.FunctionalSpaces.Sobolev.Euclidean.L2Compactness.Approximation (14s)
✔ [4363/7061] Built RellichKondrachov.Analysis.FunctionalSpaces.Sobolev.Euclidean.TranslationEstimateH1 (13s)
✔ [4364/7061] Built RellichKondrachov.Analysis.FunctionalSpaces.Sobolev.Euclidean.L2Compactness.ArzelaAscoli (15s)
✔ [4365/7061] Built RellichKondrachov.Analysis.FunctionalSpaces.Sobolev.Euclidean.L2Compactness.TranslationIntegral (11s)
✔ [4366/7061] Built PrimeNumberTheoremAnd.Wiener (23s)
✔ [4367/7061] Built RellichKondrachov.Analysis.FunctionalSpaces.Sobolev.Euclidean.L2Compactness.Transfer (8.9s)
✔ [4368/7061] Built OAI.NumberTheory.DirichletL.PrimeCounting.Progressions (6.2s)
✔ [4369/7061] Built RellichKondrachov.Analysis.FunctionalSpaces.Sobolev.Euclidean.L2Compactness.FrechetKolmogorov (7.3s)
✔ [4370/7061] Built OAI.NumberTheory.DirichletL.PrimeCounting.PrimeMass (7.1s)
✔ [4371/7061] Built RellichKondrachov.Analysis.FunctionalSpaces.Sobolev.Euclidean.Rellich (10s)
✔ [4372/7061] Built OAI.NumberTheory.DirichletL.CubicSieve.RadialWindows (8.8s)
✔ [4373/7061] Built OAI.NumberTheory.DirichletL.MeanSquare.HarmonicAggregation (7.1s)
✔ [4374/7061] Built OAI.NumberTheory.DirichletL.CubicSieve.PaddedPassage (9.3s)
✔ [4375/7061] Built OAI.NumberTheory.DirichletL.MeanSquare.SourceRemainders (10s)
✔ [4376/7061] Built OAI.NumberTheory.DirichletL.Eisenstein.VariationalLaplacian (13s)
✔ [4377/7061] Built OAI.NumberTheory.DirichletL.CubicSieve.DualZeroMode (12s)
✔ [4378/7061] Built OAI.NumberTheory.DirichletL.MeanSquare.CanonicalDensity (6.1s)
✔ [4379/7061] Built OAI.NumberTheory.DirichletL.MeanSquare.RetainedDensity (8.3s)
✔ [4380/7061] Built OAI.NumberTheory.DirichletL.MeanSquare.CanonicalTailBounds (7.3s)
✔ [4381/7061] Built OAI.NumberTheory.DirichletL.CubicSieve.ReopenedFibers (10s)
✔ [4382/7061] Built OAI.NumberTheory.DirichletL.CubicSieve.ReopeningSeparation (7.7s)
✔ [4383/7061] Built OAI.NumberTheory.DirichletL.Eisenstein.CompactEnergyFamilies (11s)
✔ [4384/7061] Built OAI.NumberTheory.DirichletL.RowCompletion.SupportBounds (7.6s)
✔ [4385/7061] Built OAI.NumberTheory.DirichletL.CubicSieve.RadialProfiles (11s)
✔ [4386/7061] Built OAI.NumberTheory.DirichletL.CubicSieve.LogSeparation (10s)
✔ [4387/7061] Built OAI.NumberTheory.DirichletL.CubicSieve.CanonicalLogEnergy (7.3s)
✔ [4388/7061] Built OAI.NumberTheory.DirichletL.RowCompletion.PolynomialHeight (9.7s)
✔ [4389/7061] Built OAI.NumberTheory.DirichletL.Eisenstein.CoordinateLaplacian (6.8s)
✔ [4390/7061] Built OAI.NumberTheory.DirichletL.MeanSquare.PolynomialHeight (10s)
✔ [4391/7061] Built OAI.NumberTheory.DirichletL.CubicSieve.DensityBudgets (8.6s)
✔ [4392/7061] Built OAI.NumberTheory.DirichletL.CubicSieve.RankMargins (8.1s)
✔ [4393/7061] Built OAI.NumberTheory.DirichletL.MeanSquare.UniformPolynomialHeight (7.7s)
✔ [4394/7061] Built OAI.NumberTheory.DirichletL.MeanSquare.UnitRows (5.6s)
✔ [4395/7061] Built OAI.NumberTheory.DirichletL.Eisenstein.BarrierPotential (5.0s)
✔ [4396/7061] Built OAI.NumberTheory.DirichletL.CubicSieve.CutoffOrders (7.7s)
✔ [4397/7061] Built OAI.NumberTheory.DirichletL.CubicSieve.ReopeningBounds (8.2s)
✔ [4398/7061] Built OAI.NumberTheory.DirichletL.CubicSieve.ClosedRecursion (8.9s)
✔ [4399/7061] Built OAI.NumberTheory.DirichletL.Eisenstein.FredholmAlternative (9.6s)
✔ [4400/7061] Built OAI.NumberTheory.DirichletL.Eisenstein.UnitNormalization (10s)
✔ [4401/7061] Built OAI.NumberTheory.DirichletL.RowCompletion.CompletedEnergy (13s)
✔ [4402/7061] Built OAI.NumberTheory.DirichletL.RowCompletion.CubicReopening (14s)
✔ [4403/7061] Built OAI.NumberTheory.DirichletL.Eisenstein.MeromorphicResolvent (27s)
✔ [4404/7061] Built OAI.NumberTheory.DirichletL.Eisenstein.SeedHeight (8.2s)
✔ [4405/7061] Built OAI.NumberTheory.DirichletL.RowCompletion.DensityTransfer (15s)
✔ [4406/7061] Built OAI.NumberTheory.DirichletL.Eisenstein.CuspResidues (9.2s)
✔ [4407/7061] Built OAI.NumberTheory.DirichletL.RowCompletion.InitialDensity (10s)
✔ [4408/7061] Built OAI.NumberTheory.DirichletL.MeanSquare.ThetaDensity (5.9s)
✔ [4409/7061] Built OAI.NumberTheory.DirichletL.Mellin.SixthPowerAverage (7.1s)
✔ [4410/7061] Built OAI.NumberTheory.DirichletL.Hecke.MobiusEulerCorrection (7.8s)
✔ [4411/7061] Built OAI.NumberTheory.DirichletL.RowCompletion.ThetaNonvanishing (7.2s)
✔ [4412/7061] Built OAI.NumberTheory.DirichletL.Eisenstein.CutoffApproximation (8.5s)
✔ [4413/7061] Built OAI.NumberTheory.DirichletL.Eisenstein.ConjugateLevelAction (27s)
✔ [4414/7061] Built OAI.NumberTheory.DirichletL.Eisenstein.ScatteringCoefficients (8.1s)
✔ [4415/7061] Built OAI.NumberTheory.DirichletL.Eisenstein.WhittakerContinuation (8.8s)
✔ [4416/7061] Built OAI.NumberTheory.DirichletL.Reciprocity.KubotaCharacter (8.8s)
✔ [4417/7061] Built OAI.NumberTheory.DirichletL.Eisenstein.GaussFactorization (17s)
✔ [4418/7061] Built OAI.NumberTheory.DirichletL.Eisenstein.ResidualFourierBounds (13s)
✔ [4419/7061] Built OAI.NumberTheory.DirichletL.Eisenstein.RamifiedGaussSeries (22s)
✔ [4420/7061] Built OAI.NumberTheory.DirichletL.Eisenstein.ResidualFourierSeries (11s)
✔ [4421/7061] Built OAI.NumberTheory.DirichletL.Eisenstein.SourceProjection (10s)
✔ [4422/7061] Built OAI.NumberTheory.DirichletL.Eisenstein.SourceQuotient (10s)
✔ [4423/7061] Built OAI.NumberTheory.DirichletL.Eisenstein.ScatteringResidues (18s)
✔ [4424/7061] Built OAI.NumberTheory.DirichletL.Eisenstein.OppositeCusp (16s)
✔ [4425/7061] Built OAI.NumberTheory.DirichletL.Eisenstein.ResidualFourierExpansion (6.3s)
✔ [4426/7061] Built OAI.NumberTheory.DirichletL.Eisenstein.RationalTranslations (10s)
✔ [4427/7061] Built OAI.NumberTheory.DirichletL.Eisenstein.ArbitraryCuspPullback (16s)
✔ [4428/7061] Built OAI.NumberTheory.DirichletL.Eisenstein.CuspAverage (10s)
✔ [4429/7061] Built OAI.NumberTheory.DirichletL.Eisenstein.CuspDilation (13s)
✔ [4430/7061] Built OAI.NumberTheory.DirichletL.Eisenstein.TranslatedFourierResidues (12s)
✔ [4431/7061] Built OAI.NumberTheory.DirichletL.Eisenstein.BesselMellinTransform (12s)
✔ [4432/7061] Built OAI.NumberTheory.DirichletL.Mellin.VerticalContourShift (10s)
✔ [4433/7061] Built OAI.NumberTheory.DirichletL.Eisenstein.ResidualCuspDecay (18s)
✔ [4434/7061] Built OAI.NumberTheory.DirichletL.Eisenstein.PrimePowerGaussSums (14s)
✔ [4435/7061] Built OAI.NumberTheory.DirichletL.Eisenstein.SourceBesselExpansion (11s)
✔ [4436/7061] Built OAI.NumberTheory.DirichletL.Eisenstein.BesselDerivatives (14s)
✔ [4437/7061] Built OAI.NumberTheory.DirichletL.Eisenstein.InverseCuspCoordinates (8.4s)
✔ [4438/7061] Built OAI.NumberTheory.DirichletL.Eisenstein.ReflectedCuspMellin (8.3s)
✔ [4439/7061] Built OAI.NumberTheory.DirichletL.Reciprocity.CubeCorrespondence (9.7s)
✔ [4440/7061] Built OAI.NumberTheory.DirichletL.Eisenstein.ConjugateCuspProfiles (8.4s)
✔ [4441/7061] Built OAI.NumberTheory.DirichletL.Cusp.ResiduesModThree (14s)
✔ [4442/7061] Built OAI.NumberTheory.DirichletL.Reciprocity.PrimaryCongruences (9.8s)
✔ [4443/7061] Built OAI.NumberTheory.DirichletL.Eisenstein.CubeResidueStrata (11s)
✔ [4444/7061] Built OAI.NumberTheory.DirichletL.Reciprocity.RamifiedCuspPhases (10s)
✔ [4445/7061] Built OAI.NumberTheory.DirichletL.Eisenstein.AffineCuspFourier (11s)
✔ [4446/7061] Built OAI.NumberTheory.DirichletL.Eisenstein.IntegralCover (9.0s)
✔ [4447/7061] Built OAI.NumberTheory.DirichletL.Eisenstein.CoverTrace (9.6s)
✔ [4448/7061] Built OAI.NumberTheory.DirichletL.Eisenstein.CubeCuspAverage (11s)
✔ [4449/7061] Built OAI.NumberTheory.DirichletL.Eisenstein.InverseCorrespondence (11s)
✔ [4450/7061] Built OAI.NumberTheory.DirichletL.Eisenstein.CorrespondenceTests (10s)
✔ [4451/7061] Built OAI.NumberTheory.DirichletL.Eisenstein.CorrespondencePullback (9.3s)
✔ [4452/7061] Built OAI.NumberTheory.DirichletL.Eisenstein.RamifiedSixBranches (12s)
✔ [4453/7061] Built OAI.NumberTheory.DirichletL.Eisenstein.CorrespondenceAdjoint (9.4s)
✔ [4454/7061] Built OAI.NumberTheory.DirichletL.Eisenstein.CorrespondenceEnergy (8.7s)
✔ [4455/7061] Built OAI.NumberTheory.DirichletL.Eisenstein.CubeEigenrelation (9.3s)
✔ [4456/7061] Built OAI.NumberTheory.DirichletL.Eisenstein.ResidualOrthogonality (11s)
✔ [4457/7061] Built OAI.NumberTheory.DirichletL.Eisenstein.PrimeRecurrence (9.2s)
✔ [4458/7061] Built OAI.NumberTheory.DirichletL.Eisenstein.PrimeGaussFactors (9.4s)
✔ [4459/7061] Built OAI.NumberTheory.DirichletL.Eisenstein.SquarefreeCoefficients (9.1s)
✔ [4460/7061] Built OAI.NumberTheory.DirichletL.Eisenstein.SourceMellinInversion (9.0s)
✔ [4461/7061] Built OAI.NumberTheory.DirichletL.GaussSum.BesselReflection (10s)
✔ [4462/7061] Built OAI.NumberTheory.DirichletL.GaussSum.DualKernelSummability (13s)
✔ [4463/7061] Built OAI.NumberTheory.DirichletL.GaussSum.MellinSupport (11s)
✔ [4464/7061] Built OAI.NumberTheory.DirichletL.GaussSum.FiniteTranslations (11s)
✔ [4465/7061] Built OAI.NumberTheory.DirichletL.Eisenstein.RamifiedTransform (12s)
✔ [4466/7061] Built OAI.NumberTheory.DirichletL.Eisenstein.EntireMellinProfile (10s)
✔ [4467/7061] Built OAI.NumberTheory.DirichletL.Eisenstein.RamifiedValuation (10s)
✔ [4468/7061] Built OAI.NumberTheory.DirichletL.Eisenstein.SourceCuspKernels (8.1s)
✔ [4469/7061] Built OAI.NumberTheory.DirichletL.Eisenstein.FullFrequencyExpansion (9.3s)
✔ [4470/7061] Built OAI.NumberTheory.DirichletL.Eisenstein.FixedCuspArrays (10s)
✔ [4471/7061] Built OAI.NumberTheory.DirichletL.Cusp.WeylRepresentatives (10s)
✔ [4472/7061] Built OAI.NumberTheory.DirichletL.ChineseRemainder.PrimaryCompletions (8.0s)
✔ [4473/7061] Built OAI.NumberTheory.DirichletL.Cusp.ResiduePhases (11s)
✔ [4474/7061] Built OAI.NumberTheory.DirichletL.ChineseRemainder.FrequencyLifts (10s)
✔ [4475/7061] Built OAI.NumberTheory.DirichletL.RowCompletion.PeriodicRows (9.1s)
✔ [4476/7061] Built OAI.NumberTheory.DirichletL.GaussSum.ReflectionPool (16s)
✔ [4477/7061] Built OAI.NumberTheory.DirichletL.Eisenstein.FixedConductor (10s)
✔ [4478/7061] Built OAI.NumberTheory.DirichletL.RowCompletion.FixedCuspBranches (10s)
✔ [4479/7061] Built OAI.NumberTheory.DirichletL.Cusp.StaticReflectionPhases (10s)
✔ [4480/7061] Built OAI.NumberTheory.DirichletL.Eisenstein.FixedFrequencyExpansion (9.8s)
✔ [4481/7061] Built OAI.NumberTheory.DirichletL.Eisenstein.FixedThetaTwists (10s)
✔ [4482/7061] Built OAI.NumberTheory.DirichletL.GaussSum.FixedRayFibers (8.5s)
✔ [4483/7061] Built OAI.NumberTheory.DirichletL.Eisenstein.ReflectionFibers (7.6s)
✔ [4484/7061] Built OAI.NumberTheory.DirichletL.RowCompletion.ControlledPrimeStrata (11s)
✔ [4485/7061] Built OAI.NumberTheory.DirichletL.RowCompletion.FreePrimePools (35s)
✔ [4486/7061] Built OAI.NumberTheory.DirichletL.GaussSum.ResidualEquivalence (37s)
✔ [4487/7061] Built OAI.NumberTheory.DirichletL.RowCompletion.RowAmplitudes (24s)
✔ [4488/7061] Built OAI.NumberTheory.DirichletL.GaussSum.ActiveReindexing (69s)
✔ [4489/7061] Built OAI.NumberTheory.DirichletL.RowCompletion.ReflectedFibers (56s)
✔ [4490/7061] Built OAI.NumberTheory.DirichletL.RowCompletion.BranchDecoding (29s)
✔ [4491/7061] Built OAI.NumberTheory.DirichletL.RowCompletion.ZeroFreeRegion (22s)
✔ [4492/7061] Built OAI.NumberTheory.DirichletL.Foundation (7.8s)
✔ [4493/7061] Built OAI.NumberTheory.DirichletL.Descent.PoissonTails (65s)
✔ [4494/7061] Built OAI.NumberTheory.DirichletL.Detector.GramIdealSummation (66s)
✔ [4495/7061] Built OAI.NumberTheory.DirichletL.Inversion.InitialFibers (66s)
✔ [4496/7061] Built OAI.NumberTheory.DirichletL.Descent.DescentProfiles (66s)
✔ [4497/7061] Built OAI.NumberTheory.DirichletL.Inversion.CanonicalReferenceThreshold (66s)
✔ [4498/7061] Built OAI.NumberTheory.DirichletL.Inversion.InitialOverlap (67s)
✔ [4499/7061] Built OAI.NumberTheory.DirichletL.Inversion.KernelSourceUniform (71s)
✔ [4500/7061] Built OAI.NumberTheory.DirichletL.Detector.GramLatticeDecay (74s)
✔ [4501/7061] Built OAI.NumberTheory.DirichletL.Descent.IdealMasks (54s)
✔ [4502/7061] Built OAI.NumberTheory.DirichletL.TraceCharacter (57s)
✔ [4503/7061] Built OAI.NumberTheory.DirichletL.Hecke.DetectorProfiles (61s)
✔ [4504/7061] Built OAI.NumberTheory.DirichletL.CompactProfileFamily (62s)
✔ [4505/7061] Built OAI.NumberTheory.DirichletL.Descent.Poisson (63s)
✔ [4506/7061] Built OAI.NumberTheory.DirichletL.Descent.Widths (63s)
✔ [4507/7061] Built OAI.NumberTheory.DirichletL.Detector.RadialMellin (67s)
✔ [4508/7061] Built OAI.NumberTheory.DirichletL.ParametersProbeWindows (69s)
✔ [4509/7061] Built OAI.NumberTheory.DirichletL.Hecke.IdealBridge (67s)
✔ [4510/7061] Built OAI.NumberTheory.DirichletL.Detector.Phase (60s)
✔ [4511/7061] Built OAI.NumberTheory.DirichletL.Detector.PrimePower (67s)
✔ [4512/7061] Built OAI.NumberTheory.DirichletL.CubicSieve.Ideal (67s)
✔ [4513/7061] Built OAI.NumberTheory.DirichletL.Moments.Lattice (63s)
✔ [4514/7061] Built OAI.NumberTheory.DirichletL.IdealEuler (68s)
✔ [4515/7061] Built OAI.NumberTheory.DirichletL.CubicSieve.Poisson (68s)
✔ [4516/7061] Built OAI.NumberTheory.DirichletL.CenteredExceptionalCount (68s)
✔ [4517/7061] Built OAI.NumberTheory.DirichletL.Descent.ActualProfiles (66s)
✔ [4518/7061] Built OAI.NumberTheory.DirichletL.Descent.DescentHeight (66s)
✔ [4519/7061] Built OAI.NumberTheory.DirichletL.Moments.Canonical (66s)
✔ [4520/7061] Built OAI.NumberTheory.DirichletL.Moments.Mask (67s)
✔ [4521/7061] Built OAI.NumberTheory.DirichletL.Inversion.InitialOverlapFourier (66s)
✔ [4522/7061] Built OAI.NumberTheory.DirichletL.Inversion.InitialExcludedSource (65s)
✔ [4523/7061] Built OAI.NumberTheory.DirichletL.Inversion.SecondFibers (66s)
✔ [4524/7061] Built OAI.NumberTheory.DirichletL.Descent.ChildCutoff (67s)
✔ [4525/7061] Built OAI.NumberTheory.DirichletL.Descent.MarkBounds (67s)
✔ [4526/7061] Built OAI.NumberTheory.DirichletL.Hecke.DetectorProfilesBounds (67s)
✔ [4527/7061] Built OAI.NumberTheory.DirichletL.PrimeLogProfile (67s)
✔ [4528/7061] Built OAI.NumberTheory.DirichletL.Detector.GramAnnularLattice (68s)
✔ [4529/7061] Built OAI.NumberTheory.DirichletL.Descent.Decomposition (68s)
✔ [4530/7061] Built OAI.NumberTheory.DirichletL.Descent.Quadratic (68s)
✔ [4531/7061] Built OAI.NumberTheory.DirichletL.Inversion.InitialPoissonBridge (70s)
✔ [4532/7061] Built OAI.NumberTheory.DirichletL.Descent.Completion (79s)
✔ [4533/7061] Built OAI.NumberTheory.DirichletL.Hecke.IdealOperations (45s)
✔ [4534/7061] Built OAI.NumberTheory.DirichletL.Detector.PhaseCancellation (45s)
✔ [4535/7061] Built OAI.NumberTheory.DirichletL.Detector.GaussValuation (45s)
✔ [4536/7061] Built OAI.NumberTheory.DirichletL.TraceConductor (46s)
✔ [4537/7061] Built OAI.NumberTheory.DirichletL.Detector.Completed (45s)
✔ [4538/7061] Built OAI.NumberTheory.DirichletL.Moments.Primary (34s)
✔ [4539/7061] Built OAI.NumberTheory.DirichletL.Descent.Hybrid (45s)
✔ [4540/7061] Built OAI.NumberTheory.DirichletL.Inversion.TerminalWidths (49s)
✔ [4541/7061] Built OAI.NumberTheory.DirichletL.Hecke.Euler (56s)
✔ [4542/7061] Built OAI.NumberTheory.DirichletL.UnitSexticWitness (57s)
✔ [4543/7061] Built OAI.NumberTheory.DirichletL.Detector.LowGramExceptional (56s)
✔ [4544/7061] Built OAI.NumberTheory.DirichletL.Descent.WindowFourier (53s)
✔ [4545/7061] Built OAI.NumberTheory.DirichletL.IdealMangoldt (58s)
✔ [4546/7061] Built OAI.NumberTheory.DirichletL.CubicSieve.Initial (60s)
✔ [4547/7061] Built OAI.NumberTheory.DirichletL.Hecke.Boundary (61s)
✔ [4548/7061] Built OAI.NumberTheory.DirichletL.Inversion.ClippingProfiles (60s)
✔ [4549/7061] Built OAI.NumberTheory.DirichletL.Hecke.LocalRamification (60s)
✔ [4550/7061] Built OAI.NumberTheory.DirichletL.Hecke.DetectorProfilesUniform (56s)
✔ [4551/7061] Built OAI.NumberTheory.DirichletL.Detector.GramLocalExtension (60s)
✔ [4552/7061] Built OAI.NumberTheory.DirichletL.Descent.MarkedTails (59s)
✔ [4553/7061] Built OAI.NumberTheory.DirichletL.Moments.CommonSupport (60s)
✔ [4554/7061] Built OAI.NumberTheory.DirichletL.Detector.GramJointConstruction (57s)
✔ [4555/7061] Built OAI.NumberTheory.DirichletL.Inversion.PrincipalEnergy (64s)
✔ [4556/7061] Built OAI.NumberTheory.DirichletL.Detector.GramPeriodicPoisson (82s)
✔ [4557/7061] Built OAI.NumberTheory.DirichletL.Detector.Sextic (48s)
✔ [4558/7061] Built OAI.NumberTheory.DirichletL.Descent.MarkedFourier (50s)
✔ [4559/7061] Built OAI.NumberTheory.DirichletL.Descent.ReopenedSource (51s)
✔ [4560/7061] Built OAI.NumberTheory.DirichletL.Hecke.RowClosure (50s)
✔ [4561/7061] Built OAI.NumberTheory.DirichletL.Descent.Canonical (52s)
✔ [4562/7061] Built OAI.NumberTheory.DirichletL.GaussianTheta (50s)
✔ [4563/7061] Built OAI.NumberTheory.DirichletL.Descent.CompletionSplit (67s)
✔ [4564/7061] Built OAI.NumberTheory.DirichletL.Detector.Row (40s)
✔ [4565/7061] Built OAI.NumberTheory.DirichletL.Hecke.Conjugation (37s)
✔ [4566/7061] Built OAI.NumberTheory.DirichletL.Descent.Reconstruction (37s)
✔ [4567/7061] Built OAI.NumberTheory.DirichletL.Hecke.Dirichlet (34s)
✔ [4568/7061] Built OAI.NumberTheory.DirichletL.Moments.MaskedVolume (38s)
✔ [4569/7061] Built OAI.NumberTheory.DirichletL.Descent.HybridReduction (38s)
✔ [4570/7061] Built OAI.NumberTheory.DirichletL.Detector.LowReflectedExponent (40s)
✔ [4571/7061] Built OAI.NumberTheory.DirichletL.Hecke.ZeroSupremum (32s)
✔ [4572/7061] Built OAI.NumberTheory.DirichletL.Hecke.DetectorWitnessArithmetic (34s)
✔ [4573/7061] Built OAI.NumberTheory.DirichletL.Hecke.BoundaryIntegration (25s)
✔ [4574/7061] Built OAI.NumberTheory.DirichletL.PrimeCounting.IdealPrimeMass (37s)
✔ [4575/7061] Built OAI.NumberTheory.DirichletL.CubicSieve.Norm (37s)
✔ [4576/7061] Built OAI.NumberTheory.DirichletL.Hecke.DetectorFourier (25s)
✔ [4577/7061] Built OAI.NumberTheory.DirichletL.Detector.GramFrequencySummation (37s)
✔ [4578/7061] Built OAI.NumberTheory.DirichletL.Descent.RootWindows (37s)
✔ [4579/7061] Built OAI.NumberTheory.DirichletL.IdealLogDerivative (37s)
✔ [4580/7061] Built OAI.NumberTheory.DirichletL.Hecke.EulerLog (35s)
✔ [4581/7061] Built OAI.NumberTheory.DirichletL.Moments.SupportedCorrelation (63s)
✔ [4582/7061] Built OAI.NumberTheory.DirichletL.Detector.CongruenceScalar (63s)
✔ [4583/7061] Built OAI.NumberTheory.DirichletL.Detector.PrimePhase (63s)
✔ [4584/7061] Built OAI.NumberTheory.DirichletL.Descent.MarkedStratum (62s)
✔ [4585/7061] Built OAI.NumberTheory.DirichletL.Descent.PrincipalChild (63s)
✔ [4586/7061] Built OAI.NumberTheory.DirichletL.Descent.SecondTailCost (67s)
✔ [4587/7061] Built OAI.NumberTheory.DirichletL.Detector.GramJointProfile (69s)
✔ [4588/7061] Built OAI.NumberTheory.DirichletL.Descent.FirstWholeTail (70s)
✔ [4589/7061] Built OAI.NumberTheory.DirichletL.Hecke.ExceptionalRows (51s)
✔ [4590/7061] Built OAI.NumberTheory.DirichletL.Hecke.Primitive (48s)
✔ [4591/7061] Built OAI.NumberTheory.DirichletL.ThetaRegularity (45s)
✔ [4592/7061] Built OAI.NumberTheory.DirichletL.Descent.MarkedTwists (51s)
✔ [4593/7061] Built OAI.NumberTheory.DirichletL.Descent.GeneratorTransport (51s)
✔ [4594/7061] Built OAI.NumberTheory.DirichletL.Descent.ReopenedBlocks (51s)
✔ [4595/7061] Built OAI.NumberTheory.DirichletL.Descent.ReopenedMarks (51s)
✔ [4596/7061] Built OAI.NumberTheory.DirichletL.Descent.CompletionSupport (55s)
✔ [4597/7061] Built OAI.NumberTheory.DirichletL.Hecke.Reciprocal (46s)
✔ [4598/7061] Built OAI.NumberTheory.DirichletL.Detector.EulerCoordinates (46s)
✔ [4599/7061] Built OAI.NumberTheory.DirichletL.Descent.Dyadic (46s)
✔ [4600/7061] Built OAI.NumberTheory.DirichletL.Detector.Physical (46s)
✔ [4601/7061] Built OAI.NumberTheory.DirichletL.Detector.RowAnalytic (46s)
✔ [4602/7061] Built OAI.NumberTheory.DirichletL.Hecke.DetectorTail (36s)
✔ [4603/7061] Built OAI.NumberTheory.DirichletL.Moments.Cancellation (47s)
✔ [4604/7061] Built OAI.NumberTheory.DirichletL.Detector.LowReflectedLength (47s)
✔ [4605/7061] Built OAI.NumberTheory.DirichletL.Detector.LiftedFourier (58s)
✔ [4606/7061] Built OAI.NumberTheory.DirichletL.CubicSieve.Extraction (59s)
✔ [4607/7061] Built OAI.NumberTheory.DirichletL.Hecke.DetectorFourierSeparation (59s)
✔ [4608/7061] Built OAI.NumberTheory.DirichletL.Hecke.DetectorZeros (59s)
✔ [4609/7061] Built OAI.NumberTheory.DirichletL.Descent.FullProfile (59s)
✔ [4610/7061] Built OAI.NumberTheory.DirichletL.Hecke.DetectorPartition (60s)
✔ [4611/7061] Built OAI.NumberTheory.DirichletL.PrimeCounting.RayAsymptotic (59s)
✔ [4612/7061] Built OAI.NumberTheory.DirichletL.PrimeCounting.AnnularPrimeMass (60s)
✔ [4613/7061] Built OAI.NumberTheory.DirichletL.Moments.Support (39257s)
✔ [4614/7061] Built OAI.NumberTheory.DirichletL.Moments.FixedRay (39258s)
✔ [4615/7061] Built OAI.NumberTheory.DirichletL.Hecke.RowNonprincipal (39257s)
✔ [4616/7061] Built OAI.NumberTheory.DirichletL.Moments.MobiusRegroup (39258s)
✔ [4617/7061] Built OAI.NumberTheory.DirichletL.Detector.PhasePowers (39258s)
✔ [4618/7061] Built OAI.NumberTheory.DirichletL.Detector.PrimeConstants (39258s)
✔ [4619/7061] Built OAI.NumberTheory.DirichletL.Detector.GramCommonActual (39258s)
✔ [4620/7061] Built OAI.NumberTheory.DirichletL.Descent.SecondWholeTail (39257s)
✔ [4621/7061] Built OAI.NumberTheory.DirichletL.Hecke.FiniteDeletion (62s)
✔ [4622/7061] Built OAI.NumberTheory.DirichletL.Hecke.Origin (62s)
✔ [4623/7061] Built OAI.NumberTheory.DirichletL.Hecke.ReciprocalBound (62s)
✔ [4624/7061] Built OAI.NumberTheory.DirichletL.Hecke.Strip (62s)
✔ [4625/7061] Built OAI.NumberTheory.DirichletL.Descent.MarkedReflection (62s)
✔ [4626/7061] Built OAI.NumberTheory.DirichletL.Descent.CompletePool (62s)
✔ [4627/7061] Built OAI.NumberTheory.DirichletL.Descent.ReopenedPriority (62s)
✔ [4628/7061] Built OAI.NumberTheory.DirichletL.Detector.EulerRegion (67s)
✔ [4629/7061] Built OAI.NumberTheory.DirichletL.Detector.PhysicalAnalytic (60s)
✔ [4630/7061] Built OAI.NumberTheory.DirichletL.Detector.Windows (65s)
✔ [4631/7061] Built OAI.NumberTheory.DirichletL.Detector.MellinScaling (65s)
✔ [4632/7061] Built OAI.NumberTheory.DirichletL.Detector.RowInterchange (65s)
✔ [4633/7061] Built OAI.NumberTheory.DirichletL.Descent.Grid (65s)
✔ [4634/7061] Built OAI.NumberTheory.DirichletL.Reflection.PowerfulBudget (65s)
✔ [4635/7061] Built OAI.NumberTheory.DirichletL.Detector.Calibration (65s)
✔ [4636/7061] Built OAI.NumberTheory.DirichletL.Detector.LowRow (65s)
✔ [4637/7061] Built OAI.NumberTheory.DirichletL.Hecke.DetectorFamilyInclusion (67s)
✔ [4638/7061] Built OAI.NumberTheory.DirichletL.Descent.ProfileIntegral (67s)
✔ [4639/7061] Built OAI.NumberTheory.DirichletL.Detector.PhysicalFourier (67s)
✔ [4640/7061] Built OAI.NumberTheory.DirichletL.Moments.Counting (67s)
✔ [4641/7061] Built OAI.NumberTheory.DirichletL.Detector.ScalarVanishing (67s)
✔ [4642/7061] Built OAI.NumberTheory.DirichletL.CubicSieve.Elements (69s)
✔ [4643/7061] Built OAI.NumberTheory.DirichletL.Inversion.AmbientProfileTower (69s)
✔ [4644/7061] Built OAI.NumberTheory.DirichletL.Descent.SecondProfileIdentity (72s)
✔ [4645/7061] Built OAI.NumberTheory.DirichletL.Moments.Fourier (42s)
✔ [4646/7061] Built OAI.NumberTheory.DirichletL.Detector.PairPhase (44s)
✔ [4647/7061] Built OAI.NumberTheory.DirichletL.Detector.GramCommonPhase (39s)
✔ [4648/7061] Built OAI.NumberTheory.DirichletL.Hecke.DetectorFinite (42s)
✔ [4649/7061] Built OAI.NumberTheory.DirichletL.Descent.FirstProfileIdentity (45s)
✔ [4650/7061] Built OAI.NumberTheory.DirichletL.CenteredExceptionalProfile (46s)
✔ [4651/7061] Built OAI.NumberTheory.DirichletL.Hecke.DetectorFourierWitness (47s)
✔ [4652/7061] Built OAI.NumberTheory.DirichletL.Detector.LocalWeights (52s)
✔ [4653/7061] Built OAI.NumberTheory.DirichletL.Hecke.ModulusRefinement (31s)
✔ [4654/7061] Built OAI.NumberTheory.DirichletL.Hecke.DetectorFourierActual (33s)
✔ [4655/7061] Built OAI.NumberTheory.DirichletL.Descent.CuspCongruence (32s)
✔ [4656/7061] Built OAI.NumberTheory.DirichletL.Descent.SecondWholeCutoff (33s)
✔ [4657/7061] Built OAI.NumberTheory.DirichletL.Descent.CompleteMarkedPool (33s)
✔ [4658/7061] Built OAI.NumberTheory.DirichletL.Moments.PrimaryCharacter (33s)
✔ [4659/7061] Built OAI.NumberTheory.DirichletL.Hecke.UnitRows (33s)
✔ [4660/7061] Built OAI.NumberTheory.DirichletL.Hecke.PrimitiveSupremum (43s)
✔ [4661/7061] Built OAI.NumberTheory.DirichletL.Hecke.LogDerivative (34s)
✔ [4662/7061] Built OAI.NumberTheory.DirichletL.Detector.EulerHolomorphic (33s)
✔ [4663/7061] Built OAI.NumberTheory.DirichletL.Hecke.Dyadic (34s)
✔ [4664/7061] Built OAI.NumberTheory.DirichletL.Hecke.DeletionBounds (34s)
✔ [4665/7061] Built OAI.NumberTheory.DirichletL.Hecke.StripActual (34s)
✔ [4666/7061] Built OAI.NumberTheory.DirichletL.Hecke.Signal (34s)
✔ [4667/7061] Built OAI.NumberTheory.DirichletL.PrincipalSlotEstimate (43s)
✔ [4668/7061] Built OAI.NumberTheory.DirichletL.Detector.ScalarTable (23s)
✔ [4669/7061] Built OAI.NumberTheory.DirichletL.Detector.CalibrationSupport (24s)
✔ [4670/7061] Built OAI.NumberTheory.DirichletL.Detector.GaussianMellin (24s)
✔ [4671/7061] Built OAI.NumberTheory.DirichletL.Descent.DensityAssembly (23s)
✔ [4672/7061] Built OAI.NumberTheory.DirichletL.Detector.CalibrationFourier (24s)
✔ [4673/7061] Built OAI.NumberTheory.DirichletL.Detector.LowPeriod (24s)
✔ [4674/7061] Built OAI.NumberTheory.DirichletL.Detector.GlobalRegion (41s)
✔ [4675/7061] Built OAI.NumberTheory.DirichletL.Moments.Twist (36s)
✔ [4676/7061] Built OAI.NumberTheory.DirichletL.Moments.Unequal (41s)
✔ [4677/7061] Built OAI.NumberTheory.DirichletL.Detector.PhysicalCoefficient (42s)
✔ [4678/7061] Built OAI.NumberTheory.DirichletL.CubicSieve.FullExtraction (42s)
✔ [4679/7061] Built OAI.NumberTheory.DirichletL.Detector.CompletedCRTPhase (42s)
✔ [4680/7061] Built OAI.NumberTheory.DirichletL.Detector.GramGlobalExtension (42s)
✔ [4681/7061] Built OAI.NumberTheory.DirichletL.Descent.SecondKernelMeasure (42s)
✔ [4682/7061] Built OAI.NumberTheory.DirichletL.Descent.SecondWholeKernel (42s)
✔ [4683/7061] Built OAI.NumberTheory.DirichletL.Moments.Poisson (43s)
✔ [4684/7061] Built OAI.NumberTheory.DirichletL.Moments.ChildRows (28s)
✔ [4685/7061] Built OAI.NumberTheory.DirichletL.Hecke.DetectorProfilesCutoffs (28s)
✔ [4686/7061] Built OAI.NumberTheory.DirichletL.Hecke.DetectorCoefficientBounds (28s)
✔ [4687/7061] Built OAI.NumberTheory.DirichletL.Hecke.DetectorBudget (28s)
✔ [4688/7061] Built OAI.NumberTheory.DirichletL.Detector.HighRowsWeights (28s)
✔ [4689/7061] Built OAI.NumberTheory.DirichletL.Descent.FirstModeColumns (28s)
✔ [4690/7061] Built OAI.NumberTheory.DirichletL.Descent.FirstNominal (43s)
✔ [4691/7061] Built OAI.NumberTheory.DirichletL.Hecke.RayFamily (33s)
✔ [4692/7061] Built OAI.NumberTheory.DirichletL.Moments.NaturalPrimitive (33s)
✔ [4693/7061] Built OAI.NumberTheory.DirichletL.Detector.PrincipalProduct (33s)
✔ [4694/7061] Built OAI.NumberTheory.DirichletL.Descent.ActiveCusp (33s)
✔ [4695/7061] Built OAI.NumberTheory.DirichletL.Descent.CompletedReopening (33s)
✔ [4696/7061] Built OAI.NumberTheory.DirichletL.Inversion.InitialOverlapIdealFourier (38s)
✔ [4697/7061] Built OAI.NumberTheory.DirichletL.Descent.SecondCorrelatedCutoff (34s)
✔ [4698/7061] Built OAI.NumberTheory.DirichletL.Moments.ComparisonReflection (34s)
✔ [4699/7061] Built OAI.NumberTheory.DirichletL.Hecke.DetectorRowSpecialization (32s)
✔ [4700/7061] Built OAI.NumberTheory.DirichletL.Hecke.Presentation (31s)
✔ [4701/7061] Built OAI.NumberTheory.DirichletL.Hecke.DeletionReciprocal (32s)
✔ [4702/7061] Built OAI.NumberTheory.DirichletL.Hecke.DeletionDerivative (32s)
✔ [4703/7061] Built OAI.NumberTheory.DirichletL.Hecke.DyadicMellin (32s)
✔ [4704/7061] Built OAI.NumberTheory.DirichletL.Hecke.SignalShift (30s)
✔ [4705/7061] Built OAI.NumberTheory.DirichletL.Hecke.SignalIdentity (31s)
✔ [4706/7061] Built OAI.NumberTheory.DirichletL.Detector.HighRowsSelectedCancellation (34s)
✔ [4707/7061] Built OAI.NumberTheory.DirichletL.Detector.LowPuncture (22s)
✔ [4708/7061] Built OAI.NumberTheory.DirichletL.Descent.SecondFreshMeasure (22s)
✔ [4709/7061] Built OAI.NumberTheory.DirichletL.Descent.SecondFiniteMeasure (22s)
✔ [4710/7061] Built OAI.NumberTheory.DirichletL.Detector.GlobalHolomorphic (22s)
✔ [4711/7061] Built OAI.NumberTheory.DirichletL.Detector.GaussianCompletion (23s)
✔ [4712/7061] Built OAI.NumberTheory.DirichletL.Detector.UnramifiedScalar (23s)
✔ [4713/7061] Built OAI.NumberTheory.DirichletL.Moments.Height (25s)
✔ [4714/7061] Built OAI.NumberTheory.DirichletL.Moments.FirstPoisson (26s)
✔ [4715/7061] Built OAI.NumberTheory.DirichletL.Moments.ExceptionalPair (24s)
✔ [4716/7061] Built OAI.NumberTheory.DirichletL.Detector.PhysicalPoisson (27s)
✔ [4717/7061] Built OAI.NumberTheory.DirichletL.Detector.SpectralSeparation (27s)
✔ [4718/7061] Built OAI.NumberTheory.DirichletL.CubicSieve.ExtractionBounds (30s)
✔ [4719/7061] Built OAI.NumberTheory.DirichletL.Detector.GramMean (27s)
✔ [4720/7061] Built OAI.NumberTheory.DirichletL.Descent.FirstModeAssembly (26s)
✔ [4721/7061] Built OAI.NumberTheory.DirichletL.Moments.Local (31s)
