== RandomizedMeanPayoff  module=OAI.Computability.RandomMean.Main  start=2026-10-08T11:10:34Z
warning: PrimeNumberTheoremAnd: repository '/Users/shannon/cc/math/math/lean/.lake/packages/PrimeNumberTheoremAnd' has local changes
warning: belyi: repository '/Users/shannon/cc/math/math/lean/.lake/packages/belyi' has local changes
warning: formal-schemes: repository '/Users/shannon/cc/math/math/lean/.lake/packages/formal-schemes' has local changes
warning: elliptic-curves: repository '/Users/shannon/cc/math/math/lean/.lake/packages/elliptic-curves' has local changes
warning: tempered-fundamental-groups: repository '/Users/shannon/cc/math/math/lean/.lake/packages/tempered-fundamental-groups' has local changes
warning: oka: repository '/Users/shannon/cc/math/math/lean/.lake/packages/oka' has local changes
warning: orbicurve-cores: repository '/Users/shannon/cc/math/math/lean/.lake/packages/orbicurve-cores' has local changes
warning: pi1: repository '/Users/shannon/cc/math/math/lean/.lake/packages/pi1' has local changes
warning: heights: repository '/Users/shannon/cc/math/math/lean/.lake/packages/heights' has local changes
warning: genl: repository '/Users/shannon/cc/math/math/lean/.lake/packages/genl' has local changes
warning: tate-curves-theta: repository '/Users/shannon/cc/math/math/lean/.lake/packages/tate-curves-theta' has local changes
warning: iut: repository '/Users/shannon/cc/math/math/lean/.lake/packages/iut' has local changes
warning: gromov: repository '/Users/shannon/cc/math/math/lean/.lake/packages/gromov' has local changes
warning: SphereEversion: repository '/Users/shannon/cc/math/math/lean/.lake/packages/SphereEversion' has local changes
warning: schoenflies-lean: repository '/Users/shannon/cc/math/math/lean/.lake/packages/schoenflies-lean' has local changes
warning: ClassFieldTheory: repository '/Users/shannon/cc/math/math/lean/.lake/packages/ClassFieldTheory' has local changes
warning: AINTLIB: repository '/Users/shannon/cc/math/math/lean/.lake/packages/AINTLIB' has local changes
warning: AbsorptionCutoff: repository '/Users/shannon/cc/math/math/lean/.lake/packages/AbsorptionCutoff' has local changes
warning: StrongPNT: repository '/Users/shannon/cc/math/math/lean/.lake/packages/StrongPNT' has local changes
warning: carleson: repository '/Users/shannon/cc/math/math/lean/.lake/packages/carleson' has local changes
warning: rellich-kondrachov: repository '/Users/shannon/cc/math/math/lean/.lake/packages/rellich-kondrachov' has local changes
warning: Zeta3Irrational: repository '/Users/shannon/cc/math/math/lean/.lake/packages/Zeta3Irrational' has local changes
warning: fixed-point-theorems: repository '/Users/shannon/cc/math/math/lean/.lake/packages/fixed-point-theorems' has local changes
✔ [8924/9012] Built OAI.Computability.MeanPayoff.Model (16s)
✔ [8925/9012] Built OAI.Computability.MeanPayoff.Probability (10s)
✔ [8926/9012] Built OAI.Computability.MeanPayoff.FiniteBox (12s)
✔ [8927/9012] Built OAI.Computability.MeanPayoff.Budgets (12s)
✔ [8928/9012] Built OAI.Computability.MeanPayoff.Sampling (11s)
✔ [8929/9012] Built OAI.Computability.MeanPayoff.Recursion (10s)
✔ [8930/9012] Built OAI.Computability.MeanPayoff.Deviation (23s)
✔ [8931/9012] Built OAI.Computability.MeanPayoff.Drift (18s)
✔ [8932/9012] Built OAI.Computability.MeanPayoff.Alternatives (10s)
✔ [8933/9012] Built OAI.Computability.MeanPayoff.Orientation (10s)
✔ [8934/9012] Built OAI.Computability.MeanPayoff.Tightening (14s)
✔ [8935/9012] Built OAI.Computability.MeanPayoff.Volume (10s)
✔ [8936/9012] Built OAI.Computability.MeanPayoff.Traversal (10s)
✔ [8937/9012] Built OAI.Computability.MeanPayoff.ErrorBounds (12s)
✔ [8938/9012] Built OAI.Computability.MeanPayoff.CountedTraversal (9.4s)
✔ [8939/9012] Built OAI.Computability.MeanPayoff.CountedRecursion (11s)
✔ [8940/9012] Built OAI.Computability.MeanPayoff.Potential (12s)
✔ [8941/9012] Built OAI.Computability.MeanPayoff.RootBox (11s)
✔ [8942/9012] Built OAI.Computability.MeanPayoff.InputSize (16s)
✔ [8943/9012] Built OAI.Computability.MeanPayoff.BitDepth (9.2s)
✔ [8944/9012] Built OAI.Computability.MeanPayoff.Decoding (37s)
✔ [8945/9012] Built OAI.Computability.MeanPayoff.Online (14s)
✔ [8946/9012] Built OAI.Computability.MeanPayoff.FiniteSuccess (10s)
✔ [8947/9012] Built OAI.Computability.MeanPayoff.BitProgram (10s)
✔ [8948/9012] Built OAI.Computability.MeanPayoff.Simulation (9.0s)
✔ [8949/9012] Built OAI.Computability.MeanPayoff.SignedBits (8.5s)
✔ [8950/9012] Built OAI.Computability.MeanPayoff.Arithmetic (7.4s)
✔ [8951/9012] Built OAI.Computability.MeanPayoff.Packets (7.4s)
✔ [8952/9012] Built OAI.Computability.MeanPayoff.Registers (8.9s)
✔ [8953/9012] Built OAI.Computability.MeanPayoff.Instructions (6.9s)
✔ [8954/9012] Built OAI.Computability.MeanPayoff.FiniteTrees (7.8s)
✔ [8955/9012] Built OAI.Computability.MeanPayoff.TreeCopy (6.9s)
✔ [8956/9012] Built OAI.Computability.MeanPayoff.Stack (10s)
✔ [8957/9012] Built OAI.Computability.MeanPayoff.StackMacros (8.1s)
✔ [8958/9012] Built OAI.Computability.MeanPayoff.StackSimulation (22s)
✔ [8959/9012] Built OAI.Computability.MeanPayoff.ArithmeticBounds (7.0s)
✔ [8960/9012] Built OAI.Computability.MeanPayoff.BinaryData (7.1s)
✔ [8961/9012] Built OAI.Computability.MeanPayoff.Comparison (8.5s)
✔ [8962/9012] Built OAI.Computability.MeanPayoff.TreeDevices (8.4s)
✔ [8963/9012] Built OAI.Computability.MeanPayoff.VectorDevices (8.3s)
✔ [8964/9012] Built OAI.Computability.MeanPayoff.LoopDevices (8.0s)
✔ [8965/9012] Built OAI.Computability.MeanPayoff.OperatorDevices (7.1s)
✔ [8966/9012] Built OAI.Computability.MeanPayoff.Sorting (7.8s)
✔ [8967/9012] Built OAI.Computability.MeanPayoff.ArithmeticDevices (8.3s)
✔ [8968/9012] Built OAI.Computability.MeanPayoff.PolynomialCosts (9.1s)
✔ [8969/9012] Built OAI.Computability.MeanPayoff.BatchDevices (9.4s)
✔ [8970/9012] Built OAI.Computability.MeanPayoff.OperatorCosts (8.0s)
✔ [8971/9012] Built OAI.Computability.MeanPayoff.WordDecoding (8.6s)
✔ [8972/9012] Built OAI.Computability.MeanPayoff.Counters (9.6s)
✔ [8973/9012] Built OAI.Computability.MeanPayoff.ParserCosts (13s)
✔ [8974/9012] Built OAI.Computability.MeanPayoff.ArenaParsing (8.3s)
✔ [8975/9012] Built OAI.Computability.MeanPayoff.Normalization (7.8s)
✔ [8976/9012] Built OAI.Computability.MeanPayoff.EncodedPrograms (8.1s)
✔ [8977/9012] Built OAI.Computability.MeanPayoff.EncodedArithmetic (9.6s)
✔ [8978/9012] Built OAI.Computability.MeanPayoff.FiniteIteration (8.2s)
✔ [8979/9012] Built OAI.Computability.MeanPayoff.RawSolutions (9.7s)
✔ [8980/9012] Built OAI.Computability.MeanPayoff.Pivots (8.9s)
✔ [8981/9012] Built OAI.Computability.MeanPayoff.GridLabels (7.7s)
✔ [8982/9012] Built OAI.Computability.MeanPayoff.Labeller (7.1s)
✔ [8983/9012] Built OAI.Computability.MeanPayoff.WinnerCorrespondence (7.7s)
✔ [8984/9012] Built OAI.Computability.MeanPayoff.CallBounds (8.2s)
✔ [8985/9012] Built OAI.Computability.MeanPayoff.RawMass (8.5s)
✔ [8986/9012] Built OAI.Computability.MeanPayoff.RawLabels (9.1s)
✔ [8987/9012] Built OAI.Computability.MeanPayoff.SizeBounds (9.3s)
✔ [8988/9012] Built OAI.Computability.MeanPayoff.Driver (9.8s)
✔ [8989/9012] Built OAI.Computability.MeanPayoff.DriverExecution (10s)
✔ [8990/9012] Built OAI.Computability.MeanPayoff.InputCode (9.8s)
✔ [8991/9012] Built OAI.Computability.MeanPayoff.Allocation (9.8s)
✔ [8992/9012] Built OAI.Computability.MeanPayoff.RecursiveExecution (8.7s)
✔ [8993/9012] Built OAI.Computability.MeanPayoff.Preparation (10s)
✔ [8994/9012] Built OAI.Computability.MeanPayoff.Realizer (8.5s)
✔ [8995/9012] Built OAI.Computability.MeanPayoff.Main (7.6s)
✔ [8996/9012] Built OAI.Computability.RandomMean.Orientation (6.0s)
✔ [8997/9012] Built OAI.Computability.RandomMean.Control (7.7s)
✔ [8998/9012] Built OAI.Computability.RandomMean.ControlCorrectness (11s)
✔ [8999/9012] Built OAI.Computability.RandomMean.Growth (6.6s)
✔ [9000/9012] Built OAI.Computability.RandomMean.StateGrowth (9.5s)
✔ [9001/9012] Built OAI.Computability.RandomMean.DispatchBounds (8.7s)
✔ [9002/9012] Built OAI.Computability.RandomMean.SizeBounds (14s)
✔ [9003/9012] Built OAI.Computability.RandomMean.InputBounds (6.2s)
✔ [9004/9012] Built OAI.Computability.RandomMean.Loop (12s)
✔ [9005/9012] Built OAI.Computability.RandomMean.Allocation (11s)
✔ [9006/9012] Built OAI.Computability.RandomMean.Preparation (6.5s)
✔ [9007/9012] Built OAI.Computability.RandomMean.Traces (6.0s)
✔ [9008/9012] Built OAI.Computability.RandomMean.Chunks (5.5s)
✔ [9009/9012] Built OAI.Computability.RandomMean.RandomTables (5.4s)
✔ [9010/9012] Built OAI.Computability.RandomMean.Realizer (5.4s)
✔ [9011/9012] Built OAI.Computability.RandomMean.Complexity (6.7s)
✔ [9012/9012] Built OAI.Computability.RandomMean.Main (5.1s)
Build completed successfully (9012 jobs).
== build rc=0 seconds=905
{"theorems": ["OAI.randomized_quasipolynomial_mean_payoff"], "defs": ["OAI.MeanPayoff.Game", "OAI.MeanPayoff.Strategy", "OAI.MeanPayoff.move", "OAI.MeanPayoff.position", "OAI.MeanPayoff.play", "OAI.MeanPayoff.meanPayoff", "OAI.MeanPayoff.Winning", "OAI.MeanPayoff.encodeNat", "OAI.MeanPayoff.encodeInt", "OAI.MeanPayoff.input", "OAI.MeanPayoff.Symbol", "OAI.MeanPayoff.Direction", "OAI.MeanPayoff.Direction.offset", "OAI.MeanPayoff.Action", "OAI.MeanPayoff.Machine", "OAI.MeanPayoff.Configuration", "OAI.MeanPayoff.initial", "OAI.MeanPayoff.step", "OAI.MeanPayoff.run", "OAI.MeanPayoff.padBits", "OAI.MeanPayoff.result", "OAI.MeanPayoff.CorrectOutput", "OAI.MeanPayoff.MainClaim"], "json_theorems": ["OAI.randomized_quasipolynomial_mean_payoff"], "missing_from_parse": []}
TYPES/DEFS DIFFER RandomizedMeanPayoff
1,5d0
< /Users/shannon/cc/math/math/lean/Scratch/Challenge_RandomizedMeanPayoff.lean:123:8:
< warning:
< declaration
< uses
< `sorry`
AXIOMS: 'OAI.randomized_quasipolynomial_mean_payoff' depends on axioms: [propext, Classical.choice, Quot.sound] 
== end=2026-10-08T11:26:00Z
