== SensitivitySeparation  module=OAI.Combinatorics.Sensitivity.Separation  start=2026-10-09T10:05:16Z
warning: PrimeNumberTheoremAnd: repository '/Users/shannon/cc/math/math/lean/.lake/packages/PrimeNumberTheoremAnd' has local changes
warning: belyi: repository '/Users/shannon/cc/math/math/lean/.lake/packages/belyi' has local changes
warning: formal-schemes: repository '/Users/shannon/cc/math/math/lean/.lake/packages/formal-schemes' has local changes
warning: elliptic-curves: repository '/Users/shannon/cc/math/math/lean/.lake/packages/elliptic-curves' has local changes
warning: tempered-fundamental-groups: repository '/Users/shannon/cc/math/math/lean/.lake/packages/tempered-fundamental-groups' has local changes
warning: oka: repository '/Users/shannon/cc/math/math/lean/.lake/packages/oka' has local changes
warning: orbicurve-cores: repository '/Users/shannon/cc/math/math/lean/.lake/packages/orbicurve-cores' has local changes
warning: pi1: repository '/Users/shannon/cc/math/math/lean/.lake/packages/pi1' has local changes
warning: heights: repository '/Users/shannon/cc/math/math/lean/.lake/packages/heights' has local changes
warning: genl: repository '/Users/shannon/cc/math/math/lean/.lake/packages/genl' has local changes
warning: tate-curves-theta: repository '/Users/shannon/cc/math/math/lean/.lake/packages/tate-curves-theta' has local changes
warning: iut: repository '/Users/shannon/cc/math/math/lean/.lake/packages/iut' has local changes
warning: gromov: repository '/Users/shannon/cc/math/math/lean/.lake/packages/gromov' has local changes
warning: SphereEversion: repository '/Users/shannon/cc/math/math/lean/.lake/packages/SphereEversion' has local changes
warning: schoenflies-lean: repository '/Users/shannon/cc/math/math/lean/.lake/packages/schoenflies-lean' has local changes
warning: ClassFieldTheory: repository '/Users/shannon/cc/math/math/lean/.lake/packages/ClassFieldTheory' has local changes
warning: AINTLIB: repository '/Users/shannon/cc/math/math/lean/.lake/packages/AINTLIB' has local changes
warning: AbsorptionCutoff: repository '/Users/shannon/cc/math/math/lean/.lake/packages/AbsorptionCutoff' has local changes
warning: StrongPNT: repository '/Users/shannon/cc/math/math/lean/.lake/packages/StrongPNT' has local changes
warning: carleson: repository '/Users/shannon/cc/math/math/lean/.lake/packages/carleson' has local changes
warning: rellich-kondrachov: repository '/Users/shannon/cc/math/math/lean/.lake/packages/rellich-kondrachov' has local changes
warning: Zeta3Irrational: repository '/Users/shannon/cc/math/math/lean/.lake/packages/Zeta3Irrational' has local changes
warning: fixed-point-theorems: repository '/Users/shannon/cc/math/math/lean/.lake/packages/fixed-point-theorems' has local changes
✔ [8924/8965] Built OAI.Combinatorics.Sensitivity.FixedCoordinates (4.6s)
✔ [8925/8965] Built OAI.Combinatorics.Sensitivity.Tournament (4.7s)
✔ [8926/8965] Built OAI.Combinatorics.Sensitivity.LabelingBounds (6.1s)
✔ [8927/8965] Built OAI.Combinatorics.Sensitivity.TournamentCyclic (5.9s)
✔ [8928/8965] Built OAI.Combinatorics.Sensitivity.TournamentCounts (6.4s)
✔ [8929/8965] Built OAI.Combinatorics.Sensitivity.LabelingEstimate (6.5s)
✔ [8930/8965] Built OAI.Combinatorics.Sensitivity.Model (14s)
✔ [8931/8965] Built OAI.Combinatorics.Sensitivity.LabelingConstraints (4.0s)
✔ [8932/8965] Built OAI.Combinatorics.Sensitivity.ParameterBounds (16s)
✔ [8933/8965] Built OAI.Combinatorics.Sensitivity.ScalarBounds (17s)
✔ [8934/8965] Built OAI.Combinatorics.Sensitivity.LabelingEvents (6.2s)
✔ [8935/8965] Built OAI.Combinatorics.Sensitivity.ProfileArithmetic (22s)
✔ [8936/8965] Built OAI.Combinatorics.Sensitivity.Labeling (5.6s)
✔ [8937/8965] Built OAI.Combinatorics.Sensitivity.RecursiveProfiles (15s)
✔ [8938/8965] Built OAI.Combinatorics.Sensitivity.HammingBase (15s)
✔ [8939/8965] Built OAI.Combinatorics.Sensitivity.Basic (15s)
✔ [8940/8965] Built OAI.Combinatorics.Sensitivity.QuantitativeProfiles (13s)
✔ [8941/8965] Built OAI.Combinatorics.Sensitivity.Reindex (16s)
✔ [8942/8965] Built OAI.Combinatorics.Sensitivity.Composition (16s)
✔ [8943/8965] Built OAI.Combinatorics.Sensitivity.SeparationArithmetic (16s)
✔ [8944/8965] Built OAI.Combinatorics.Sensitivity.RecursiveDefinitions (16s)
✔ [8945/8965] Built OAI.Combinatorics.Sensitivity.InitialPredicates (17s)
✔ [8946/8965] Built OAI.Combinatorics.Sensitivity.RecursiveBlocks (15s)
✔ [8947/8965] Built OAI.Combinatorics.Sensitivity.RecursiveFlips (15s)
✔ [8948/8965] Built OAI.Combinatorics.Sensitivity.RecursiveChildren (15s)
✔ [8949/8965] Built OAI.Combinatorics.Sensitivity.Or (15s)
✔ [8950/8965] Built OAI.Combinatorics.Sensitivity.Iterates (15s)
✔ [8951/8965] Built OAI.Combinatorics.Sensitivity.RecursiveSets (9.2s)
✔ [8952/8965] Built OAI.Combinatorics.Sensitivity.PowerAmplification (9.8s)
✔ [8953/8965] Built OAI.Combinatorics.Sensitivity.RecursiveFailures (8.7s)
✔ [8954/8965] Built OAI.Combinatorics.Sensitivity.RecursiveOne (8.8s)
✔ [8955/8965] Built OAI.Combinatorics.Sensitivity.RecursiveRepair (6.5s)
✔ [8956/8965] Built OAI.Combinatorics.Sensitivity.RecursiveCandidates (5.7s)
✔ [8957/8965] Built OAI.Combinatorics.Sensitivity.RecursiveZero (7.2s)
✔ [8958/8965] Built OAI.Combinatorics.Sensitivity.RecursiveJointZero (7.1s)
✔ [8959/8965] Built OAI.Combinatorics.Sensitivity.Recursive (5.7s)
✔ [8960/8965] Built OAI.Combinatorics.Sensitivity.Tower (5.6s)
✔ [8961/8965] Built OAI.Combinatorics.Sensitivity.TowerProfiles (5.5s)
✔ [8962/8965] Built OAI.Combinatorics.Sensitivity.Construction (5.4s)
✔ [8963/8965] Built OAI.Combinatorics.Sensitivity.ConstructedSeed (5.3s)
✔ [8964/8965] Built OAI.Combinatorics.Sensitivity.SeedAmplification (5.3s)
✔ [8965/8965] Built OAI.Combinatorics.Sensitivity.Separation (5.3s)
Build completed successfully (8965 jobs).
== build rc=0 seconds=145
{"theorems": ["OAI.Paper320.quantitative_separation"], "defs": ["OAI.Paper320.flip", "OAI.Paper320.sensitivityAt", "OAI.Paper320.sensitivity", "OAI.Paper320.blockSensitivityAt", "OAI.Paper320.blockSensitivity"], "json_theorems": ["OAI.Paper320.quantitative_separation"], "missing_from_parse": []}
TYPES/DEFS DIFFER SensitivitySeparation
1,5d0
< /Users/shannon/cc/math/math/lean/Scratch/Challenge_SensitivitySeparation.lean:30:8:
< warning:
< declaration
< uses
< `sorry`
AXIOMS: 'OAI.Paper320.quantitative_separation' depends on axioms: [propext, Classical.choice, Quot.sound] 
== end=2026-10-09T10:08:02Z
