== SidorenkoCounterexample  module=OAI.Combinatorics.Sidorenko.RandomHost  start=2026-10-08T09:47:30Z
warning: PrimeNumberTheoremAnd: repository '/Users/shannon/cc/math/math/lean/.lake/packages/PrimeNumberTheoremAnd' has local changes
warning: belyi: repository '/Users/shannon/cc/math/math/lean/.lake/packages/belyi' has local changes
warning: formal-schemes: repository '/Users/shannon/cc/math/math/lean/.lake/packages/formal-schemes' has local changes
warning: elliptic-curves: repository '/Users/shannon/cc/math/math/lean/.lake/packages/elliptic-curves' has local changes
warning: tempered-fundamental-groups: repository '/Users/shannon/cc/math/math/lean/.lake/packages/tempered-fundamental-groups' has local changes
warning: oka: repository '/Users/shannon/cc/math/math/lean/.lake/packages/oka' has local changes
warning: orbicurve-cores: repository '/Users/shannon/cc/math/math/lean/.lake/packages/orbicurve-cores' has local changes
warning: pi1: repository '/Users/shannon/cc/math/math/lean/.lake/packages/pi1' has local changes
warning: heights: repository '/Users/shannon/cc/math/math/lean/.lake/packages/heights' has local changes
warning: genl: repository '/Users/shannon/cc/math/math/lean/.lake/packages/genl' has local changes
warning: tate-curves-theta: repository '/Users/shannon/cc/math/math/lean/.lake/packages/tate-curves-theta' has local changes
warning: iut: repository '/Users/shannon/cc/math/math/lean/.lake/packages/iut' has local changes
warning: gromov: repository '/Users/shannon/cc/math/math/lean/.lake/packages/gromov' has local changes
warning: SphereEversion: repository '/Users/shannon/cc/math/math/lean/.lake/packages/SphereEversion' has local changes
warning: schoenflies-lean: repository '/Users/shannon/cc/math/math/lean/.lake/packages/schoenflies-lean' has local changes
warning: ClassFieldTheory: repository '/Users/shannon/cc/math/math/lean/.lake/packages/ClassFieldTheory' has local changes
warning: AINTLIB: repository '/Users/shannon/cc/math/math/lean/.lake/packages/AINTLIB' has local changes
warning: AbsorptionCutoff: repository '/Users/shannon/cc/math/math/lean/.lake/packages/AbsorptionCutoff' has local changes
warning: StrongPNT: repository '/Users/shannon/cc/math/math/lean/.lake/packages/StrongPNT' has local changes
warning: carleson: repository '/Users/shannon/cc/math/math/lean/.lake/packages/carleson' has local changes
warning: rellich-kondrachov: repository '/Users/shannon/cc/math/math/lean/.lake/packages/rellich-kondrachov' has local changes
warning: Zeta3Irrational: repository '/Users/shannon/cc/math/math/lean/.lake/packages/Zeta3Irrational' has local changes
warning: fixed-point-theorems: repository '/Users/shannon/cc/math/math/lean/.lake/packages/fixed-point-theorems' has local changes
✔ [8924/8958] Built OAI.Combinatorics.Sidorenko.Basic (5.4s)
✔ [8925/8958] Built OAI.Combinatorics.Sidorenko.Grassmann (5.0s)
✔ [8926/8958] Built OAI.Combinatorics.Sidorenko.Lagrangian (10s)
✔ [8927/8958] Built OAI.Combinatorics.Sidorenko.FormGluing (9.2s)
✔ [8928/8958] Built OAI.Combinatorics.Sidorenko.Nullity (13s)
✔ [8929/8958] Built OAI.Combinatorics.Sidorenko.Reduction (8.8s)
✔ [8930/8958] Built OAI.Combinatorics.Sidorenko.TripleRanks (9.4s)
✔ [8931/8958] Built OAI.Combinatorics.Sidorenko.Orbits (8.2s)
✔ [8932/8958] Built OAI.Combinatorics.Sidorenko.SubspaceCounts (10s)
✔ [8933/8958] Built OAI.Combinatorics.Sidorenko.Configurations (11s)
✔ [8934/8958] Built OAI.Combinatorics.Sidorenko.OrbitBounds (13s)
✔ [8935/8958] Built OAI.Combinatorics.Sidorenko.Planted (12s)
✔ [8936/8958] Built OAI.Combinatorics.Sidorenko.Coercivity (28s)
✔ [8937/8958] Built OAI.Combinatorics.Sidorenko.PairBounds (12s)
✔ [8938/8958] Built OAI.Combinatorics.Sidorenko.Exposure (16s)
✔ [8939/8958] Built OAI.Combinatorics.Sidorenko.Spans (16s)
✔ [8940/8958] Built OAI.Combinatorics.Sidorenko.Tail (9.8s)
✔ [8941/8958] Built OAI.Combinatorics.Sidorenko.Discriminant (9.8s)
✔ [8942/8958] Built OAI.Combinatorics.Sidorenko.Signs (13s)
✔ [8943/8958] Built OAI.Combinatorics.Sidorenko.Projections (11s)
✔ [8944/8958] Built OAI.Combinatorics.Sidorenko.Restrictions (14s)
✔ [8945/8958] Built OAI.Combinatorics.Sidorenko.Normalization (9.3s)
✔ [8946/8958] Built OAI.Combinatorics.Sidorenko.LocalMoments (11s)
✔ [8947/8958] Built OAI.Combinatorics.Sidorenko.SignMoments (10s)
✔ [8948/8958] Built OAI.Combinatorics.Sidorenko.Monomials (9.2s)
✔ [8949/8958] Built OAI.Combinatorics.Sidorenko.Charts (9.0s)
✔ [8950/8958] Built OAI.Combinatorics.Sidorenko.GlobalMoments (10s)
✔ [8951/8958] Built OAI.Combinatorics.Sidorenko.Activation (54s)
✔ [8952/8958] Built OAI.Combinatorics.Sidorenko.Coefficients (12s)
✔ [8953/8958] Built OAI.Combinatorics.Sidorenko.Types (10s)
✔ [8954/8958] Built OAI.Combinatorics.Sidorenko.Dilution (7.7s)
✔ [8955/8958] Built OAI.Combinatorics.Sidorenko.Refinement (93s)
✔ [8956/8958] Built OAI.Combinatorics.Sidorenko.Pinning (7.3s)
✔ [8957/8958] Built OAI.Combinatorics.Sidorenko.Symmetrization (7.4s)
✔ [8958/8958] Built OAI.Combinatorics.Sidorenko.RandomHost (7.5s)
Build completed successfully (8958 jobs).
== build rc=0 seconds=518
{"theorems": ["OAI.SidorenkoCounterexample.main"], "defs": ["OAI.SidorenkoCounterexample.faces", "OAI.SidorenkoCounterexample.PatternVertex", "OAI.SidorenkoCounterexample.incidence", "OAI.SidorenkoCounterexample.H", "OAI.SidorenkoCounterexample.homCount", "OAI.SidorenkoCounterexample.homDensity", "OAI.SidorenkoCounterexample.edgeDensity"], "json_theorems": ["OAI.SidorenkoCounterexample.main"], "missing_from_parse": []}
TYPES/DEFS DIFFER SidorenkoCounterexample
1,5d0
< /Users/shannon/cc/math/math/lean/Scratch/Challenge_SidorenkoCounterexample.lean:41:8:
< warning:
< declaration
< uses
< `sorry`
9c4
< size,
---
> n,
12c7
< size
---
> n
15c10
< host,
---
> G,
17,21c12,16
< left
< right,
< host.Adj
< left
< right)
---
> u
> v,
> G.Adj
> u
> v)
25c20
< host
---
> G
28c23
< host
---
> G
137c132
< point,
---
> i,
139c134
< face
---
> j
141c136
< point
---
> i
144c139
< face
---
> j
147c142
< face,
---
> j,
149c144
< point
AXIOMS: 'OAI.SidorenkoCounterexample.main' depends on axioms: [propext, Classical.choice, Quot.sound] 
== end=2026-10-08T09:56:37Z
