== SiegelZeros  module=OAI.NumberTheory.SiegelZeros.Main  start=2026-10-08T06:46:33Z
warning: PrimeNumberTheoremAnd: repository '/Users/shannon/cc/math/math/lean/.lake/packages/PrimeNumberTheoremAnd' has local changes
warning: belyi: repository '/Users/shannon/cc/math/math/lean/.lake/packages/belyi' has local changes
warning: formal-schemes: repository '/Users/shannon/cc/math/math/lean/.lake/packages/formal-schemes' has local changes
warning: elliptic-curves: repository '/Users/shannon/cc/math/math/lean/.lake/packages/elliptic-curves' has local changes
warning: tempered-fundamental-groups: repository '/Users/shannon/cc/math/math/lean/.lake/packages/tempered-fundamental-groups' has local changes
warning: oka: repository '/Users/shannon/cc/math/math/lean/.lake/packages/oka' has local changes
warning: orbicurve-cores: repository '/Users/shannon/cc/math/math/lean/.lake/packages/orbicurve-cores' has local changes
warning: pi1: repository '/Users/shannon/cc/math/math/lean/.lake/packages/pi1' has local changes
warning: heights: repository '/Users/shannon/cc/math/math/lean/.lake/packages/heights' has local changes
warning: genl: repository '/Users/shannon/cc/math/math/lean/.lake/packages/genl' has local changes
warning: tate-curves-theta: repository '/Users/shannon/cc/math/math/lean/.lake/packages/tate-curves-theta' has local changes
warning: iut: repository '/Users/shannon/cc/math/math/lean/.lake/packages/iut' has local changes
warning: gromov: repository '/Users/shannon/cc/math/math/lean/.lake/packages/gromov' has local changes
warning: SphereEversion: repository '/Users/shannon/cc/math/math/lean/.lake/packages/SphereEversion' has local changes
warning: schoenflies-lean: repository '/Users/shannon/cc/math/math/lean/.lake/packages/schoenflies-lean' has local changes
warning: ClassFieldTheory: repository '/Users/shannon/cc/math/math/lean/.lake/packages/ClassFieldTheory' has local changes
warning: AINTLIB: repository '/Users/shannon/cc/math/math/lean/.lake/packages/AINTLIB' has local changes
warning: AbsorptionCutoff: repository '/Users/shannon/cc/math/math/lean/.lake/packages/AbsorptionCutoff' has local changes
warning: StrongPNT: repository '/Users/shannon/cc/math/math/lean/.lake/packages/StrongPNT' has local changes
warning: carleson: repository '/Users/shannon/cc/math/math/lean/.lake/packages/carleson' has local changes
warning: rellich-kondrachov: repository '/Users/shannon/cc/math/math/lean/.lake/packages/rellich-kondrachov' has local changes
warning: Zeta3Irrational: repository '/Users/shannon/cc/math/math/lean/.lake/packages/Zeta3Irrational' has local changes
warning: fixed-point-theorems: repository '/Users/shannon/cc/math/math/lean/.lake/packages/fixed-point-theorems' has local changes
✔ [8924/9035] Built OAI.NumberTheory.SiegelZeros.Differentials.InvariantDerivation (10s)
✔ [8925/9035] Built OAI.NumberTheory.SiegelZeros.Selection.RowSpan (10s)
✔ [8926/9035] Built OAI.NumberTheory.SiegelZeros.EntireFunctions.GammaBound (13s)
✔ [8927/9038] Built OAI.NumberTheory.SiegelZeros.Differentials.LogDerivative (14s)
✔ [8928/9038] Built OAI.NumberTheory.SiegelZeros.Differentials.ZetaLogDerivative (14s)
✔ [8929/9041] Built OAI.NumberTheory.SiegelZeros.Characters.PrimePowerTail (14s)
✔ [8930/9041] Built OAI.NumberTheory.SiegelZeros.Characters.MangoldtMass (15s)
✔ [8931/9043] Built OAI.NumberTheory.SiegelZeros.Selection.RowReplacement (8.0s)
✔ [8932/9045] Built OAI.NumberTheory.SiegelZeros.Determinants.DeterminantBridge (9.6s)
✔ [8933/9045] Built OAI.NumberTheory.SiegelZeros.Characters.Biquadratic (10s)
✔ [8934/9046] Built OAI.NumberTheory.SiegelZeros.Structure.ArchimedeanTheta (10s)
✔ [8935/9046] Built OAI.NumberTheory.SiegelZeros.EntireFunctions.Hadamard (12s)
✔ [8936/9048] Built OAI.NumberTheory.SiegelZeros.Differentials.DerivativeMatrix (8.8s)
✔ [8937/9052] Built OAI.NumberTheory.SiegelZeros.EntireFunctions.ZeroContribution (14s)
✔ [8938/9054] Built OAI.NumberTheory.SiegelZeros.Structure.MasterContradiction (10s)
✔ [8939/9054] Built OAI.NumberTheory.SiegelZeros.Structure.OrderedBasis (9.1s)
✔ [8940/9054] Built OAI.NumberTheory.SiegelZeros.Differentials.DerivativeBound (10s)
✔ [8941/9054] Built OAI.NumberTheory.SiegelZeros.Estimates.FloorExponents (11s)
✔ [8942/9054] Built OAI.NumberTheory.SiegelZeros.Determinants.ThetaDivisibility (12s)
✔ [8943/9054] Built OAI.NumberTheory.SiegelZeros.Structure.FieldAutomorphisms (18s)
✔ [8944/9059] Built OAI.NumberTheory.SiegelZeros.Estimates.PrimeBounds (11s)
✔ [8945/9060] Built OAI.NumberTheory.SiegelZeros.Determinants.NormalizedCompletion (13s)
✔ [8946/9062] Built OAI.NumberTheory.SiegelZeros.Estimates.AsymptoticAssembly (12s)
✔ [8947/9062] Built OAI.NumberTheory.SiegelZeros.Structure.ThetaJetBridge (9.0s)
✔ [8948/9063] Built OAI.NumberTheory.SiegelZeros.Selection.SelectionBridge (13s)
✔ [8949/9066] Built OAI.NumberTheory.SiegelZeros.Characters.SquarefreeRadicands (11s)
✔ [8950/9066] Built OAI.NumberTheory.SiegelZeros.Structure.GaussLegendre (11s)
✔ [8951/9067] Built OAI.NumberTheory.SiegelZeros.Structure.FiniteLower (13s)
✔ [8952/9067] Built OAI.NumberTheory.SiegelZeros.LocalAlgebra.ResidueField (9.2s)
✔ [8953/9075] Built OAI.NumberTheory.SiegelZeros.Differentials.GammaFactorDerivative (15s)
✔ [8954/9075] Built OAI.NumberTheory.SiegelZeros.Structure.SignedDiscriminant (12s)
✔ [8955/9077] Built OAI.NumberTheory.SiegelZeros.Characters.ExceptionalConductor (12s)
✔ [8956/9077] Built OAI.NumberTheory.SiegelZeros.Structure.FiberCount (13s)
✔ [8957/9079] Built PrimeNumberTheoremAnd.SiegelZeros.Products (61s)
✔ [8958/9079] Built OAI.NumberTheory.SiegelZeros.Structure.RealCutoff (12s)
✔ [8959/9079] Built PrimeNumberTheoremAnd.SiegelZeros.Counting (72s)
✔ [8960/9079] Built OAI.NumberTheory.SiegelZeros.Characters.CharacterLegendre (13s)
✔ [8961/9079] Built OAI.NumberTheory.SiegelZeros.LocalAlgebra.BoxPolynomials (8.1s)
✔ [8962/9079] Built OAI.NumberTheory.SiegelZeros.LocalAlgebra.LocalizedRadical (8.6s)
✔ [8963/9079] Built OAI.NumberTheory.SiegelZeros.LocalAlgebra.ConePrimeLocalization (14s)
✔ [8964/9079] Built OAI.NumberTheory.SiegelZeros.Structure.RectangleGenerators (11s)
✔ [8965/9079] Built OAI.NumberTheory.SiegelZeros.Structure.GenericCombination (9.9s)
✔ [8966/9079] Built OAI.NumberTheory.SiegelZeros.Selection.PivotReindexing (14s)
✔ [8967/9079] Built OAI.NumberTheory.SiegelZeros.Determinants.RectangleDeterminant (14s)
✔ [8968/9081] Built OAI.NumberTheory.SiegelZeros.Selection.EventuallyPivots (18s)
✔ [8969/9082] Built OAI.NumberTheory.SiegelZeros.Selection.OrderedGreedyRows (12s)
✔ [8970/9083] Built OAI.NumberTheory.SiegelZeros.Selection.InvariantBox (9.6s)
✔ [8971/9087] Built OAI.NumberTheory.SiegelZeros.Hilbert.ConeHomogeneousEquations (10s)
✔ [8972/9087] Built OAI.NumberTheory.SiegelZeros.Intersection.IsolatedIntersectionSteps (10s)
✔ [8973/9087] Built OAI.NumberTheory.SiegelZeros.Structure.CyclicPrimeFactor (10s)
✔ [8974/9087] Built OAI.NumberTheory.SiegelZeros.Structure.GaussFixedField (20s)
✔ [8975/9087] Built OAI.NumberTheory.SiegelZeros.LocalAlgebra.ParameterKilledFiniteLength (9.9s)
✔ [8976/9087] Built OAI.NumberTheory.SiegelZeros.Determinants.DeterminantComparison (17s)
✔ [8977/9090] Built OAI.NumberTheory.SiegelZeros.Structure.EndomorphismEulerAdditivity (12s)
✔ [8978/9090] Built OAI.NumberTheory.SiegelZeros.LocalAlgebra.LocalizedFiltrationLength (14s)
✔ [8979/9090] Built OAI.NumberTheory.SiegelZeros.LocalAlgebra.TriangularLocalParametersTransport (19s)
✔ [8980/9090] Built OAI.NumberTheory.SiegelZeros.LocalAlgebra.GaussMinimalPolynomial (15s)
✔ [8981/9093] Built OAI.NumberTheory.SiegelZeros.Hilbert.PrimeHilbertDimension (11s)
✔ [8982/9095] Built OAI.NumberTheory.SiegelZeros.Intersection.TorusProjectiveClosure (27s)
✔ [8983/9096] Built OAI.NumberTheory.SiegelZeros.Structure.ConcreteArchimedean (25s)
✔ [8984/9096] Built OAI.NumberTheory.SiegelZeros.EntireFunctions.PolynomialGrowthRanks (15s)
✔ [8985/9096] Built PrimeNumberTheoremAnd.SiegelZeros.DivisorBasics (59s)
✔ [8986/9098] Built OAI.NumberTheory.SiegelZeros.Characters.GaussSquarefreeBridge (15s)
✔ [8987/9103] Built OAI.NumberTheory.SiegelZeros.Determinants.IntegralGaussReduction (15s)
✔ [8988/9103] Built OAI.NumberTheory.SiegelZeros.EntireFunctions.FiniteNormalizationGrowth (13s)
✔ [8989/9103] Built OAI.NumberTheory.SiegelZeros.Intersection.LocalIntersectionFormula (24s)
✔ [8990/9105] Built OAI.NumberTheory.SiegelZeros.Hilbert.HomogeneousSections (10s)
✔ [8991/9105] Built OAI.NumberTheory.SiegelZeros.Hilbert.HomogeneousComponentLength (11s)
✔ [8992/9105] Built OAI.NumberTheory.SiegelZeros.Structure.IdentityHeight (17s)
✔ [8993/9105] Built OAI.NumberTheory.SiegelZeros.LocalAlgebra.StabilizedColonPowers (12s)
✔ [8994/9105] Built PrimeNumberTheoremAnd.SiegelZeros.CartanBounds (74s)
✔ [8995/9107] Built OAI.NumberTheory.SiegelZeros.Determinants.GeneratedGreedyDivisibility (23s)
✔ [8996/9107] Built OAI.NumberTheory.SiegelZeros.Characters.CharacterFrobenius (16s)
✔ [8997/9112] Built OAI.NumberTheory.SiegelZeros.LocalAlgebra.PolynomialCumulative (15s)
✔ [8998/9115] Built OAI.NumberTheory.SiegelZeros.LocalAlgebra.RegularParameterSelection (11s)
✔ [8999/9117] Built OAI.NumberTheory.SiegelZeros.LocalAlgebra.RegularPrefixLocalization (21s)
✔ [9000/9117] Built OAI.NumberTheory.SiegelZeros.LocalAlgebra.CoordinateQuotientGrading (17s)
✔ [9001/9117] Built OAI.NumberTheory.SiegelZeros.Intersection.AffineTranscendenceDimension (14s)
✔ [9002/9117] Built OAI.NumberTheory.SiegelZeros.Structure.Radicand (13s)
✔ [9003/9119] Built OAI.NumberTheory.SiegelZeros.Intersection.TorusPolynomial (16s)
✔ [9004/9123] Built OAI.NumberTheory.SiegelZeros.LocalAlgebra.CoefficientLocalizationMaximal (16s)
✔ [9005/9123] Built OAI.NumberTheory.SiegelZeros.LocalAlgebra.PrimeResidueAlgebraEquiv (10s)
✔ [9006/9124] Built OAI.NumberTheory.SiegelZeros.LocalAlgebra.PolynomialCoefficientLocalization (11s)
✔ [9007/9124] Built OAI.NumberTheory.SiegelZeros.Intersection.LocalPrefixCutDimension (12s)
✔ [9008/9125] Built OAI.NumberTheory.SiegelZeros.LocalAlgebra.QuotientPrimeResidueBasis (9.7s)
✔ [9009/9125] Built OAI.NumberTheory.SiegelZeros.LocalAlgebra.AffineResidueTranscendence (13s)
✔ [9010/9126] Built OAI.NumberTheory.SiegelZeros.Hilbert.HilbertZeroVariables (16s)
✔ [9011/9126] Built OAI.NumberTheory.SiegelZeros.LocalAlgebra.LocalizedOneCutPropagation (14s)
✔ [9012/9126] Built OAI.NumberTheory.SiegelZeros.Characters.CharacterDeterminant (16s)
✔ [9013/9129] Built OAI.NumberTheory.SiegelZeros.Differentials.DerivativeGeneratorBridge (16s)
✔ [9014/9130] Built OAI.NumberTheory.SiegelZeros.Selection.SplitCoordinateClosedPoint (14s)
✔ [9015/9130] Built OAI.NumberTheory.SiegelZeros.LocalAlgebra.ConeRegularSequence (14s)
✔ [9016/9134] Built OAI.NumberTheory.SiegelZeros.LocalAlgebra.LocalLength (9.4s)
✔ [9017/9141] Built OAI.NumberTheory.SiegelZeros.Structure.ComponentHeight (10s)
✔ [9018/9142] Built OAI.NumberTheory.SiegelZeros.LocalAlgebra.ParameterCombinations (7.9s)
✔ [9019/9142] Built OAI.NumberTheory.SiegelZeros.LocalAlgebra.ColonSeriesTelescope (9.4s)
✔ [9020/9146] Built PrimeNumberTheoremAnd.SiegelZeros.DivisorProducts (60s)
✔ [9021/9146] Built OAI.NumberTheory.SiegelZeros.LocalAlgebra.RegularSequenceSeries (10s)
✔ [9022/9146] Built OAI.NumberTheory.SiegelZeros.EntireFunctions.RegularSequenceHomZero (9.2s)
✔ [9023/9147] Built OAI.NumberTheory.SiegelZeros.Structure.SplitClosedPointCompatibility (12s)
✔ [9024/9147] Built OAI.NumberTheory.SiegelZeros.LocalAlgebra.ConeQuotientAugmentation (11s)
✔ [9025/9147] Built OAI.NumberTheory.SiegelZeros.Differentials.ConormalPairing (8.9s)
✔ [9026/9147] Built OAI.NumberTheory.SiegelZeros.Structure.FinsuppCandidates (8.2s)
✔ [9027/9147] Built OAI.NumberTheory.SiegelZeros.Determinants.NormalDirectionSelection (9.8s)
✔ [9028/9147] Built OAI.NumberTheory.SiegelZeros.LocalAlgebra.JetCoefficients (9.0s)
✔ [9029/9152] Built OAI.NumberTheory.SiegelZeros.Differentials.SmoothConormalExtension (11s)
✔ [9030/9152] Built OAI.NumberTheory.SiegelZeros.Hilbert.ProperHypersurfaceHilbert (17s)
✔ [9031/9153] Built OAI.NumberTheory.SiegelZeros.LocalAlgebra.DVRLocalCoordinates (13s)
✔ [9032/9155] Built OAI.NumberTheory.SiegelZeros.LocalAlgebra.ParameterIntegration (12s)
✔ [9033/9156] Built OAI.NumberTheory.SiegelZeros.Structure.KoszulDualStep (19s)
✔ [9034/9156] Built OAI.NumberTheory.SiegelZeros.Structure.CodimensionOne (15s)
✔ [9035/9156] Built OAI.NumberTheory.SiegelZeros.Estimates.GlobalConstants (13s)
✔ [9036/9158] Built OAI.NumberTheory.SiegelZeros.Intersection.NormalIntersection (13s)
✔ [9037/9159] Built OAI.NumberTheory.SiegelZeros.Determinants.GenericNormalizationFinite (23s)
✔ [9038/9159] Built OAI.NumberTheory.SiegelZeros.LocalAlgebra.ResidueIndependence (12s)
✔ [9039/9163] Built OAI.NumberTheory.SiegelZeros.LocalAlgebra.AffineClosedPointLocalization (39s)
✔ [9040/9163] Built OAI.NumberTheory.SiegelZeros.LocalAlgebra.RegularSequenceAugmentation (12s)
✔ [9041/9163] Built OAI.NumberTheory.SiegelZeros.Hilbert.PrimeHilbertComparison (27s)
✔ [9042/9163] Built OAI.NumberTheory.SiegelZeros.Differentials.SelectedCotangent (37s)
✔ [9043/9166] Built OAI.NumberTheory.SiegelZeros.Differentials.ConormalNonvanishing (10s)
✔ [9044/9166] Built OAI.NumberTheory.SiegelZeros.Estimates.KoszulBounded (13s)
✔ [9045/9166] Built OAI.NumberTheory.SiegelZeros.Structure.DvrFractions (9.3s)
✔ [9046/9166] Built PrimeNumberTheoremAnd.SiegelZeros.DivisorLimits (56s)
✔ [9047/9166] Built OAI.NumberTheory.SiegelZeros.Intersection.DivisorSmoothness (13s)
✔ [9048/9166] Built OAI.NumberTheory.SiegelZeros.LocalAlgebra.GenericRegularity (11s)
✔ [9049/9166] Built OAI.NumberTheory.SiegelZeros.Structure.PrimeDegreeExistence (11s)
✔ [9050/9166] Built OAI.NumberTheory.SiegelZeros.Selection.CoordinateBasisSplitting (12s)
✔ [9051/9167] Built OAI.NumberTheory.SiegelZeros.Determinants.NormalSurjectivity (12s)
✔ [9052/9167] Built OAI.NumberTheory.SiegelZeros.LocalAlgebra.RingLength (8.6s)
✔ [9053/9167] Built OAI.NumberTheory.SiegelZeros.LocalAlgebra.ResidueMap (15s)
✔ [9054/9167] Built OAI.NumberTheory.SiegelZeros.Structure.KoszulTopTerm (12s)
✔ [9055/9167] Built OAI.NumberTheory.SiegelZeros.Structure.IteratedKoszulExactness (14s)
✔ [9056/9167] Built OAI.NumberTheory.SiegelZeros.LocalAlgebra.PolynomialLocalRegularParameters (12s)
✔ [9057/9175] Built OAI.NumberTheory.SiegelZeros.Hilbert.HilbertMultiplicityFiltration (13s)
✔ [9058/9175] Built OAI.NumberTheory.SiegelZeros.Structure.CanonicalDivisorScalars (17s)
✔ [9059/9175] Built OAI.NumberTheory.SiegelZeros.Estimates.RectangleNumerics (10s)
✔ [9060/9175] Built OAI.NumberTheory.SiegelZeros.Structure.GradedGeneration (9.5s)
✔ [9061/9178] Built OAI.NumberTheory.SiegelZeros.Differentials.KoszulTopDifferential (12s)
✔ [9062/9178] Built OAI.NumberTheory.SiegelZeros.LocalAlgebra.RectangularLocalization (9.4s)
✔ [9063/9178] Built OAI.NumberTheory.SiegelZeros.Intersection.PrimeHypersurfaceEquidimension (16s)
✔ [9064/9178] Built OAI.NumberTheory.SiegelZeros.Structure.PrimeCutBudget (14s)
✔ [9065/9178] Built OAI.NumberTheory.SiegelZeros.Estimates.ComponentMultiplicityBound (13s)
✔ [9066/9178] Built OAI.NumberTheory.SiegelZeros.Structure.HeightFourIdentity (13s)
✔ [9067/9178] Built OAI.NumberTheory.SiegelZeros.Selection.CoordinateConstancy (13s)
✔ [9068/9178] Built OAI.NumberTheory.SiegelZeros.LocalAlgebra.GlobalStalkExtension (13s)
✔ [9069/9179] Built OAI.NumberTheory.SiegelZeros.LocalAlgebra.PolynomialBridge (8.3s)
✔ [9070/9181] Built OAI.NumberTheory.SiegelZeros.Differentials.CotangentGeneration (9.5s)
✔ [9071/9183] Built OAI.NumberTheory.SiegelZeros.Structure.KoszulDualInitial (13s)
✔ [9072/9186] Built OAI.NumberTheory.SiegelZeros.LocalAlgebra.GenericResidueFunctionField (14s)
✔ [9073/9186] Built OAI.NumberTheory.SiegelZeros.Selection.Directions (10s)
✔ [9074/9186] Built OAI.NumberTheory.SiegelZeros.Structure.Factorization (12s)
✔ [9075/9186] Built OAI.NumberTheory.SiegelZeros.Intersection.RetainedIntersectionCycles (13s)
✔ [9076/9190] Built OAI.NumberTheory.SiegelZeros.Structure.OmegaIndependence (7.7s)
✔ [9077/9190] Built OAI.NumberTheory.SiegelZeros.Intersection.CompleteIntersectionComponentBound (13s)
✔ [9078/9190] Built OAI.NumberTheory.SiegelZeros.LocalAlgebra.ScalarExtension (10s)
✔ [9079/9191] Built OAI.NumberTheory.SiegelZeros.LocalAlgebra.RegularParameterSelectionLemmas (21s)
✔ [9080/9195] Built OAI.NumberTheory.SiegelZeros.LocalAlgebra.LocalResidueTaylor (14s)
✔ [9081/9195] Built PrimeNumberTheoremAnd.SiegelZeros.Factorization (69s)
✔ [9082/9195] Built OAI.NumberTheory.SiegelZeros.Structure.ConcreteArchimedeanBridge (18s)
✔ [9083/9195] Built OAI.NumberTheory.SiegelZeros.Differentials.UnconditionalGlobalLogform (21s)
✔ [9084/9195] Built OAI.NumberTheory.SiegelZeros.Structure.MultiplicityCycles (19s)
✔ [9085/9195] Built OAI.NumberTheory.SiegelZeros.Characters.PrimeTerms (12s)
✔ [9086/9195] Built OAI.NumberTheory.SiegelZeros.EntireFunctions.AnalyticBridge (13s)
✔ [9087/9208] Built OAI.NumberTheory.SiegelZeros.EntireFunctions.ZeroShellBounds (13s)
✔ [9088/9208] Built PrimeNumberTheoremAnd.SiegelZeros.ProductBounds (90s)
✔ [9089/9208] Built OAI.NumberTheory.SiegelZeros.LocalAlgebra.RegularCutHistory (20s)
✔ [9090/9208] Built OAI.NumberTheory.SiegelZeros.EntireFunctions.IndexedProduct (27s)
✔ [9091/9211] Built OAI.NumberTheory.SiegelZeros.EntireFunctions.EntireLogarithm (11s)
✔ [9092/9211] Built OAI.NumberTheory.SiegelZeros.Structure.RealBridge (15s)
✔ [9093/9214] Built OAI.NumberTheory.SiegelZeros.LocalAlgebra.ParameterChoices (7.6s)
✔ [9094/9214] Built OAI.NumberTheory.SiegelZeros.Structure.SelectedComponentTaylor (38s)
✔ [9095/9214] Built OAI.NumberTheory.SiegelZeros.Estimates.ContrarySequence (17s)
✔ [9096/9220] Built OAI.NumberTheory.SiegelZeros.LocalAlgebra.LocalGap (16s)
✔ [9097/9220] Built OAI.NumberTheory.SiegelZeros.Structure.AffineFactor (20s)
✔ [9098/9220] Built OAI.NumberTheory.SiegelZeros.Hilbert.HomogeneousListHistory (23s)
✔ [9099/9220] Built OAI.NumberTheory.SiegelZeros.Determinants.NormalSelection (46s)
✔ [9100/9222] Built OAI.NumberTheory.SiegelZeros.Structure.EventuallyInputs (22s)
✔ [9101/9222] Built OAI.NumberTheory.SiegelZeros.EntireFunctions.AffineCircles (18s)
✔ [9102/9224] Built OAI.NumberTheory.SiegelZeros.Characters.BoundedConductor (20s)
✔ [9103/9226] Built OAI.NumberTheory.SiegelZeros.LocalAlgebra.SelectedLengthContradiction (24s)
✔ [9104/9226] Built OAI.NumberTheory.SiegelZeros.Intersection.IsolatedBezoutFromRegularSelection (27s)
✔ [9106/9242] Built PrimeNumberTheoremAnd.SiegelZeros.Summability (78s)
✔ [9107/9242] Built OAI.NumberTheory.SiegelZeros.Selection.EventualSelection (21s)
✔ [9108/9242] Built OAI.NumberTheory.SiegelZeros.Structure.Augmentation (12s)
✔ [9109/9242] Built OAI.NumberTheory.SiegelZeros.Estimates.AffineAsymptotics (22s)
✔ [9110/9242] Built OAI.NumberTheory.SiegelZeros.Structure.RectanglePresentation (26s)
✔ [9111/9242] Built OAI.NumberTheory.SiegelZeros.Model (58s)
✔ [9112/9242] Built OAI.NumberTheory.SiegelZeros.LocalAlgebra.ResidueDirectionSelection (33s)
✔ [9113/9242] Built OAI.NumberTheory.SiegelZeros.Differentials.RectangleCotangentBasis (13s)
✔ [9114/9242] Built PrimeNumberTheoremAnd.SiegelZeros.Exponential (83s)
✔ [9115/9242] Built OAI.NumberTheory.SiegelZeros.Estimates.GenuineSequence (20s)
✔ [9116/9242] Built OAI.NumberTheory.SiegelZeros.LocalAlgebra.HeightFourLength (19s)
✔ [9117/9242] Built PrimeNumberTheoremAnd.SiegelZeros.Growth (17s)
✔ [9118/9242] Built OAI.NumberTheory.SiegelZeros.LocalAlgebra.SequenceParameters (12s)
✔ [9119/9242] Built OAI.NumberTheory.SiegelZeros.Structure.ArithmeticCutoffTransport (11s)
✔ [9120/9242] Built PrimeNumberTheoremAnd.SiegelZeros.HadamardSupport (10s)
✔ [9121/9242] Built OAI.NumberTheory.SiegelZeros.Characters.CharacterMaster (14s)
✔ [9122/9242] Built OAI.NumberTheory.SiegelZeros.Selection.JetRowAutCongr (137s)
✔ [9123/9242] Built OAI.NumberTheory.SiegelZeros.Determinants.IntegralDeterminantTransport (137s)
✔ [9124/9242] Built OAI.NumberTheory.SiegelZeros.Characters.IntegerCharacter (141s)
✔ [9125/9242] Built OAI.NumberTheory.SiegelZeros.Selection.GreedyPivots (142s)
✔ [9126/9242] Built OAI.NumberTheory.SiegelZeros.Structure.CharacterEstimates (143s)
✔ [9127/9242] Built OAI.NumberTheory.SiegelZeros.LocalAlgebra.MonicSMulRegularQuotientMapC (131s)
✔ [9128/9242] Built OAI.NumberTheory.SiegelZeros.EntireFunctions.MellinConvergentTopIndicator (147s)
✔ [9129/9242] Built OAI.NumberTheory.SiegelZeros.Characters.BiquadraticBasis (157s)
✔ [9130/9242] Built OAI.NumberTheory.SiegelZeros.Structure.RamifiedMass (49s)
✔ [9131/9242] Built OAI.NumberTheory.SiegelZeros.Determinants.NormalizedMasterBound (113s)
✔ [9132/9242] Built OAI.NumberTheory.SiegelZeros.Structure.ArithFrobIntegerGlobalCongruence (114s)
✔ [9133/9242] Built OAI.NumberTheory.SiegelZeros.Selection.GlobalWeightSortedJetEquiv (112s)
✔ [9134/9242] Built OAI.NumberTheory.SiegelZeros.Characters.BiquadraticThetaMap (99s)
✔ [9135/9242] Built OAI.NumberTheory.SiegelZeros.Structure.DominantFunctionFieldHom (120s)
✔ [9136/9242] Built OAI.NumberTheory.SiegelZeros.Structure.ConeMap (134s)
✔ [9137/9242] Built OAI.NumberTheory.SiegelZeros.Structure.LinearShearHom (154s)
✔ [9138/9242] Built OAI.NumberTheory.SiegelZeros.Selection.WeightedJetIndices (112s)
✔ [9139/9242] Built OAI.NumberTheory.SiegelZeros.Characters.ConditionalPrimeBias (62s)
✔ [9140/9242] Built OAI.NumberTheory.SiegelZeros.Structure.SumCardFilterSumMin (129s)
✔ [9141/9242] Built OAI.NumberTheory.SiegelZeros.EntireFunctions.AvoidZeroRadii (64s)
✔ [9142/9242] Built OAI.NumberTheory.SiegelZeros.Characters.ConductorCompletedL (133s)
✔ [9143/9242] Built OAI.NumberTheory.SiegelZeros.Structure.NotEventuallyMaster (119s)
✔ [9144/9242] Built OAI.NumberTheory.SiegelZeros.Determinants.SqrtPairFrobeniusDirections (136s)
✔ [9145/9242] Built OAI.NumberTheory.SiegelZeros.Structure.Homogenize (84s)
✔ [9146/9242] Built OAI.NumberTheory.SiegelZeros.Determinants.GenericNormalization (102s)
✔ [9147/9242] Built OAI.NumberTheory.SiegelZeros.LocalAlgebra.LocalQuotientEquiv (148s)
✔ [9148/9242] Built OAI.NumberTheory.SiegelZeros.Structure.CanonicalGoodMass (38s)
✔ [9149/9242] Built OAI.NumberTheory.SiegelZeros.Structure.Convergence (39s)
✔ [9150/9242] Built OAI.NumberTheory.SiegelZeros.LocalAlgebra.CanonicalQuotient (39s)
✔ [9151/9242] Built OAI.NumberTheory.SiegelZeros.LocalAlgebra.CoeffPolynomialEvalMul (90s)
✔ [9152/9242] Built OAI.NumberTheory.SiegelZeros.Characters.FrobeniusRetainedCharacterField (101s)
✔ [9153/9242] Built OAI.NumberTheory.SiegelZeros.Structure.MapIInfPrimesOver (101s)
✔ [9154/9242] Built OAI.NumberTheory.SiegelZeros.Structure.QuadraticAdjoinBasis (102s)
✔ [9155/9242] Built OAI.NumberTheory.SiegelZeros.Characters.RealLogDerivConductorCompletedLDivisorTsum (104s)
✔ [9156/9242] Built OAI.NumberTheory.SiegelZeros.EntireFunctions.NormalizedHadamardTransfer (41s)
✔ [9157/9242] Built OAI.NumberTheory.SiegelZeros.LocalAlgebra.AffineProjChartPolynomialEquiv (109s)
✔ [9158/9242] Built OAI.NumberTheory.SiegelZeros.EntireFunctions.DeletedProduct (45s)
✔ [9159/9242] Built OAI.NumberTheory.SiegelZeros.LocalAlgebra.ParameterIdeal (112s)
✔ [9160/9242] Built OAI.NumberTheory.SiegelZeros.Hilbert.HomogeneousDeformation (117s)
✔ [9161/9242] Built OAI.NumberTheory.SiegelZeros.Characters.BiquadraticGoodPrimeUnramified (92s)
✔ [9162/9242] Built OAI.NumberTheory.SiegelZeros.Structure.ConeMapEval (92s)
✔ [9163/9242] Built OAI.NumberTheory.SiegelZeros.Structure.SqrtTwoField (95s)
✔ [9164/9242] Built OAI.NumberTheory.SiegelZeros.Estimates.LowerBoundTransfer (52s)
✔ [9165/9242] Built OAI.NumberTheory.SiegelZeros.LocalAlgebra.LocalFractionAlgebra (86s)
✔ [9166/9242] Built OAI.NumberTheory.SiegelZeros.EntireFunctions.CompletedLAnalyticOrderNeTop (94s)
✔ [9167/9242] Built OAI.NumberTheory.SiegelZeros.Structure.SumLogPrimeFactors (97s)
✔ [9168/9242] Built OAI.NumberTheory.SiegelZeros.Structure.DegreeMap (93s)
✔ [9169/9242] Built OAI.NumberTheory.SiegelZeros.Structure.AffineAssembly (74s)
✔ [9170/9242] Built OAI.NumberTheory.SiegelZeros.Characters.BiquadraticGoodPrimeUnramifiedSameWitnessEquiv (83s)
✔ [9171/9242] Built OAI.NumberTheory.SiegelZeros.LocalAlgebra.DegreeSliceQuotientEquiv (83s)
✔ [9172/9242] Built OAI.NumberTheory.SiegelZeros.Structure.QuadraticEigencharacter (97s)
✔ [9173/9242] Built OAI.NumberTheory.SiegelZeros.EntireFunctions.ReflectionZeros (45s)
✔ [9174/9242] Built OAI.NumberTheory.SiegelZeros.Structure.SumLogDivFilterDvdTwoMul (87s)
✔ [9175/9242] Built OAI.NumberTheory.SiegelZeros.Differentials.InvariantDerivationLemmas (88s)
✔ [9176/9242] Built OAI.NumberTheory.SiegelZeros.Characters.NormLogDerivLFunctionNegLogDerivZeta (82s)
✔ [9177/9242] Built OAI.NumberTheory.SiegelZeros.Hilbert.HilbertSeries (55s)
✔ [9178/9242] Built OAI.NumberTheory.SiegelZeros.LocalAlgebra.ResidueTensorQuotientAlgEquiv (106s)
✔ [9179/9242] Built OAI.NumberTheory.SiegelZeros.Estimates.ConstantCancellation (30s)
✔ [9180/9242] Built OAI.NumberTheory.SiegelZeros.Characters.QuadraticGroupCharacterFrobenius (59s)
✔ [9181/9242] Built OAI.NumberTheory.SiegelZeros.Characters.UnconditionalPrimeBias (25s)
✔ [9182/9242] Built OAI.NumberTheory.SiegelZeros.Characters.AuxiliarySqrtPairCharacterField (54s)
✔ [9183/9242] Built OAI.NumberTheory.SiegelZeros.Structure.FinrankDegreePiecePosPrimeVariableNotMem (53s)
✔ [9184/9242] Built OAI.NumberTheory.SiegelZeros.LocalAlgebra.CoefficientSubspaceEquiv (56s)
✔ [9185/9242] Built OAI.NumberTheory.SiegelZeros.LocalAlgebra.PolynomialBox (61s)
✔ [9186/9242] Built OAI.NumberTheory.SiegelZeros.Estimates.GeometricBoundary (22s)
✔ [9187/9242] Built OAI.NumberTheory.SiegelZeros.Structure.QuadraticEigencharacterAutCongr (47s)
✔ [9188/9242] Built OAI.NumberTheory.SiegelZeros.LocalAlgebra.GradedIdealQuotient (19s)
✔ [9189/9242] Built OAI.NumberTheory.SiegelZeros.Characters.BiquadraticArithmeticFull (24s)
✔ [9190/9242] Built OAI.NumberTheory.SiegelZeros.Intersection.BezoutBoundary (13s)
✔ [9191/9242] Built OAI.NumberTheory.SiegelZeros.LocalAlgebra.CoordinateLocalizedPrime (30s)
✔ [9192/9242] Built OAI.NumberTheory.SiegelZeros.Conclusions.Theorem (14s)
✔ [9193/9242] Built OAI.NumberTheory.SiegelZeros.Differentials.FinrankDerivationCardTranscendenceBasis (18s)
✔ [9194/9242] Built OAI.NumberTheory.SiegelZeros.LocalAlgebra.NormalizationPresentationLocalEquiv (24s)
✔ [9195/9242] Built OAI.NumberTheory.SiegelZeros.Selection.RestrictWeightSortedEquiv (40s)
✔ [9196/9242] Built OAI.NumberTheory.SiegelZeros.Selection.GreedyPivotsWeightLowSpan (21s)
✔ [9197/9242] Built OAI.NumberTheory.SiegelZeros.EntireFunctions.LogarithmicForm (31s)
✔ [9198/9242] Built OAI.NumberTheory.SiegelZeros.Structure.LinearVariableBasis (28s)
✔ [9199/9242] Built OAI.NumberTheory.SiegelZeros.LocalAlgebra.PolynomialLaurent (33s)
✔ [9200/9242] Built OAI.NumberTheory.SiegelZeros.Determinants.Divisibility (40s)
✔ [9201/9242] Built OAI.NumberTheory.SiegelZeros.Selection.GlobalPivotValuationExponent (20s)
✔ [9202/9242] Built OAI.NumberTheory.SiegelZeros.Selection.GlobalRectanglePivotBounds (21s)
✔ [9203/9242] Built OAI.NumberTheory.SiegelZeros.Intersection.TorusImmersionGenericPointFormallySmooth (21s)
✔ [9204/9242] Built OAI.NumberTheory.SiegelZeros.EntireFunctions.LogarithmicFormLemma (24s)
✔ [9205/9242] Built OAI.NumberTheory.SiegelZeros.Intersection.LocalLengthMulProjectiveClosureDegree (19s)
✔ [9206/9242] Built OAI.NumberTheory.SiegelZeros.Determinants.NormSqReal (50s)
✔ [9207/9242] Built OAI.NumberTheory.SiegelZeros.Structure.FiniteTypeFieldModelEquiv (31s)
✔ [9208/9242] Built OAI.NumberTheory.SiegelZeros.Intersection.ConeProjectivePoint (16s)
✔ [9209/9242] Built OAI.NumberTheory.SiegelZeros.Intersection.TorusRectangleJetIdealParametersProjectiveDegreeBound (20s)
✔ [9210/9242] Built OAI.NumberTheory.SiegelZeros.Differentials.LocalizeInvariantDerivationLogCoordinate (17s)
✔ [9211/9242] Built OAI.NumberTheory.SiegelZeros.Intersection.TorusIntoProj (19s)
✔ [9212/9242] Built OAI.NumberTheory.SiegelZeros.EntireFunctions.ClosureSpecMapZeroLocus (19s)
✔ [9213/9242] Built OAI.NumberTheory.SiegelZeros.Hilbert.ConeChartHomogeneousLocal (20s)
✔ [9214/9242] Built OAI.NumberTheory.SiegelZeros.Characters.CharacterGlobalGreedyDeterminantFullLocalBounds (35s)
✔ [9215/9242] Built OAI.NumberTheory.SiegelZeros.Hilbert.NormalizedHomogeneousChartEquation (11s)
✔ [9216/9242] Built OAI.NumberTheory.SiegelZeros.Intersection.TorusEvalOne (37s)
✔ [9217/9242] Built OAI.NumberTheory.SiegelZeros.Structure.LaurentEvalOne (17s)
✔ [9218/9242] Built OAI.NumberTheory.SiegelZeros.Structure.RectangleThreshold (27s)
✔ [9219/9242] Built OAI.NumberTheory.SiegelZeros.EntireFunctions.AffineZeroScheme (20s)
✔ [9220/9242] Built OAI.NumberTheory.SiegelZeros.LocalAlgebra.FractionEquivAlgebra (38s)
✔ [9221/9242] Built OAI.NumberTheory.SiegelZeros.Differentials.DerivationJet (16s)
✔ [9222/9242] Built OAI.NumberTheory.SiegelZeros.EntireFunctions.TorusJetZeroSchemeInclusion (16s)
✔ [9223/9242] Built OAI.NumberTheory.SiegelZeros.Differentials.TorusDerivationOverRat (23s)
✔ [9224/9242] Built OAI.NumberTheory.SiegelZeros.LocalAlgebra.PolynomialLinearCoefficients (24s)
✔ [9225/9242] Built OAI.NumberTheory.SiegelZeros.Structure.InvariantJetMonomial (11s)
✔ [9226/9242] Built OAI.NumberTheory.SiegelZeros.Structure.EvalOneInvariantJetMonomial (11s)
✔ [9227/9242] Built OAI.NumberTheory.SiegelZeros.Structure.IdealPowLayer (18s)
✔ [9228/9242] Built OAI.NumberTheory.SiegelZeros.LocalAlgebra.FinrankSpanAlgebraMapImage (12s)
✔ [9229/9242] Built OAI.NumberTheory.SiegelZeros.LocalAlgebra.AlgebraMapMemSpanImage (10s)
✔ [9230/9242] Built OAI.NumberTheory.SiegelZeros.Differentials.TorusQuotientDimensionPosCotangentFinrankThree (22s)
✔ [9231/9242] Built OAI.NumberTheory.SiegelZeros.LocalAlgebra.GreedyPivotsRingEquiv (10s)
✔ [9232/9242] Built OAI.NumberTheory.SiegelZeros.Structure.InvariantJetLinearMap (14s)
✔ [9233/9242] Built OAI.NumberTheory.SiegelZeros.Structure.RectangularGradedPieceGeneratedByDegreeOne (15s)
✔ [9234/9242] Built OAI.NumberTheory.SiegelZeros.Differentials.FractionEulerDerivation (21s)
✔ [9235/9242] Built OAI.NumberTheory.SiegelZeros.Characters.CharacterGlobalGreedyDeterminantMasterBounds (22s)
✔ [9236/9242] Built OAI.NumberTheory.SiegelZeros.EntireFunctions.RealZeroUniformMasterBound (19s)
✔ [9237/9242] Built OAI.NumberTheory.SiegelZeros.Selection.PivotBounds (22s)
✔ [9238/9242] Built OAI.NumberTheory.SiegelZeros.Characters.DirichletRealZeroBound (11s)
✔ [9239/9242] Built OAI.NumberTheory.SiegelZeros.Characters.DirichletRealZeroBoundProof (12s)
✔ [9240/9242] Built OAI.NumberTheory.SiegelZeros.Characters.SumCharacterPeriodZero (21s)
✔ [9241/9242] Built OAI.NumberTheory.SiegelZeros.Characters.BiquadraticBasisGroupTransport (60s)
✔ [9242/9242] Built OAI.NumberTheory.SiegelZeros.Main (7.3s)
Build completed successfully (9242 jobs).
== build rc=0 seconds=1635
{"theorems": ["OAI.SiegelZeros.WeightedTorusJets.exists_absolute_real_zero_gap", "OAI.SiegelZeros.WeightedTorusJets.dirichletRealZeroBound_proof"], "defs": [], "json_theorems": ["OAI.SiegelZeros.WeightedTorusJets.exists_absolute_real_zero_gap", "OAI.SiegelZeros.WeightedTorusJets.dirichletRealZeroBound_proof"], "missing_from_parse": []}
TYPES/DEFS DIFFER SiegelZeros
1,10d0
< /Users/shannon/cc/math/math/lean/Scratch/Challenge_SiegelZeros.lean:8:8:
< warning:
< declaration
< uses
< `sorry`
< /Users/shannon/cc/math/math/lean/Scratch/Challenge_SiegelZeros.lean:19:8:
< warning:
< declaration
< uses
< `sorry`
78a69,70
> Classical.choice,
> Quot.sound]
146a139,140
> Classical.choice,
> Quot.sound]
AXIOMS: 'OAI.SiegelZeros.WeightedTorusJets.exists_absolute_real_zero_gap' depends on axioms: [propext, 'OAI.SiegelZeros.WeightedTorusJets.dirichletRealZeroBound_proof' depends on axioms: [propext, 
== end=2026-10-08T07:14:17Z
