== SKFullSupport  module=OAI.Probability.SKSupport.Main  start=2026-10-08T12:01:49Z
warning: PrimeNumberTheoremAnd: repository '/Users/shannon/cc/math/math/lean/.lake/packages/PrimeNumberTheoremAnd' has local changes
warning: belyi: repository '/Users/shannon/cc/math/math/lean/.lake/packages/belyi' has local changes
warning: formal-schemes: repository '/Users/shannon/cc/math/math/lean/.lake/packages/formal-schemes' has local changes
warning: elliptic-curves: repository '/Users/shannon/cc/math/math/lean/.lake/packages/elliptic-curves' has local changes
warning: tempered-fundamental-groups: repository '/Users/shannon/cc/math/math/lean/.lake/packages/tempered-fundamental-groups' has local changes
warning: oka: repository '/Users/shannon/cc/math/math/lean/.lake/packages/oka' has local changes
warning: orbicurve-cores: repository '/Users/shannon/cc/math/math/lean/.lake/packages/orbicurve-cores' has local changes
warning: pi1: repository '/Users/shannon/cc/math/math/lean/.lake/packages/pi1' has local changes
warning: heights: repository '/Users/shannon/cc/math/math/lean/.lake/packages/heights' has local changes
warning: genl: repository '/Users/shannon/cc/math/math/lean/.lake/packages/genl' has local changes
warning: tate-curves-theta: repository '/Users/shannon/cc/math/math/lean/.lake/packages/tate-curves-theta' has local changes
warning: iut: repository '/Users/shannon/cc/math/math/lean/.lake/packages/iut' has local changes
warning: gromov: repository '/Users/shannon/cc/math/math/lean/.lake/packages/gromov' has local changes
warning: SphereEversion: repository '/Users/shannon/cc/math/math/lean/.lake/packages/SphereEversion' has local changes
warning: schoenflies-lean: repository '/Users/shannon/cc/math/math/lean/.lake/packages/schoenflies-lean' has local changes
warning: ClassFieldTheory: repository '/Users/shannon/cc/math/math/lean/.lake/packages/ClassFieldTheory' has local changes
warning: AINTLIB: repository '/Users/shannon/cc/math/math/lean/.lake/packages/AINTLIB' has local changes
warning: AbsorptionCutoff: repository '/Users/shannon/cc/math/math/lean/.lake/packages/AbsorptionCutoff' has local changes
warning: StrongPNT: repository '/Users/shannon/cc/math/math/lean/.lake/packages/StrongPNT' has local changes
warning: carleson: repository '/Users/shannon/cc/math/math/lean/.lake/packages/carleson' has local changes
warning: rellich-kondrachov: repository '/Users/shannon/cc/math/math/lean/.lake/packages/rellich-kondrachov' has local changes
warning: Zeta3Irrational: repository '/Users/shannon/cc/math/math/lean/.lake/packages/Zeta3Irrational' has local changes
warning: fixed-point-theorems: repository '/Users/shannon/cc/math/math/lean/.lake/packages/fixed-point-theorems' has local changes
✔ [8924/9058] Built OAI.Probability.SKSupport.Model (5.0s)
✔ [8925/9058] Built OAI.Probability.SKSupport.Foundations.Control (17s)
✔ [8926/9058] Built OAI.Probability.SKSupport.Foundations.IntegrableCompBoundedDeriv (17s)
✔ [8927/9058] Built OAI.Probability.SKSupport.Diffusion.ProgressiveIntegralMeasurable (17s)
✔ [8928/9058] Built OAI.Probability.SKSupport.Moments.IntegratedCompletionSquare (17s)
✔ [8929/9058] Built OAI.Probability.SKSupport.Foundations.ElementaryControl (17s)
✔ [8930/9058] Built OAI.Probability.SKSupport.Foundations.AdaptedIndepIncrement (18s)
✔ [8931/9058] Built OAI.Probability.SKSupport.Foundations.IntegralIoiMulExpSq (18s)
✔ [8932/9058] Built OAI.Probability.SKSupport.Moments.NormalThirdMoment (18s)
✔ [8933/9058] Built OAI.Probability.SKSupport.Regularity.ClosedTime (16s)
✔ [8934/9058] Built OAI.Probability.SKSupport.Foundations.Semigroup (18s)
✔ [8935/9058] Built OAI.Probability.SKSupport.Diffusion.ProgressiveBrownian (18s)
✔ [8936/9058] Built OAI.Probability.SKSupport.Support.FiniteCDF (17s)
✔ [8937/9058] Built OAI.Probability.SKSupport.Foundations.Taylor1Bound (18s)
✔ [8938/9058] Built OAI.Probability.SKSupport.Foundations.InvSqrtNegHalf (19s)
✔ [8939/9058] Built OAI.Probability.SKSupport.Support.Closure (20s)
✔ [8940/9058] Built OAI.Probability.SKSupport.Density.Certificate (22s)
✔ [8941/9058] Built OAI.Probability.SKSupport.Diffusion.StepDrift (14s)
✔ [8942/9058] Built OAI.Probability.SKSupport.Regularity.AbsExtend (16s)
✔ [8943/9058] Built OAI.Probability.SKSupport.Diffusion.ExpectedBrownianStep (14s)
✔ [8944/9058] Built OAI.Probability.SKSupport.Diffusion.PicardDiffusion (14s)
✔ [8945/9058] Built OAI.Probability.SKSupport.Foundations.ExpTranslateLocalBound (15s)
✔ [8946/9058] Built OAI.Probability.SKSupport.Control.ExpectedControlPayoff (11s)
✔ [8947/9058] Built OAI.Probability.SKSupport.Diffusion.PicardUniqueness (11s)
✔ [8948/9058] Built OAI.Probability.SKSupport.Moments.NormalFirstMoment (12s)
✔ [8949/9058] Built OAI.Probability.SKSupport.Foundations.BoundedSmooth (11s)
✔ [8950/9058] Built OAI.Probability.SKSupport.Control.ControlPayoffConvex (16s)
✔ [8951/9058] Built OAI.Probability.SKSupport.Diffusion.AbsIncrement (16s)
✔ [8952/9058] Built OAI.Probability.SKSupport.Foundations.GradientAbs (16s)
✔ [8953/9058] Built OAI.Probability.SKSupport.Parabolic.TiltedMean (16s)
✔ [8954/9058] Built OAI.Probability.SKSupport.Foundations.SoftAbs (16s)
✔ [8955/9058] Built OAI.Probability.SKSupport.Regularity.TimeStepBound (16s)
✔ [8956/9058] Built OAI.Probability.SKSupport.Parabolic.UniformTiltedMeanBounds (11s)
✔ [8957/9058] Built OAI.Probability.SKSupport.Foundations.Const (11s)
✔ [8958/9058] Built OAI.Probability.SKSupport.Foundations.ExpectedVerificationStep (11s)
✔ [8959/9058] Built OAI.Probability.SKSupport.Foundations.VarianceHeat (8.2s)
✔ [8960/9058] Built OAI.Probability.SKSupport.Foundations.ControlledState (8.7s)
✔ [8961/9058] Built OAI.Probability.SKSupport.Foundations.ExponentialBoundLipschitz (9.2s)
✔ [8962/9058] Built OAI.Probability.SKSupport.Control.ControlledGrid (9.4s)
✔ [8963/9058] Built OAI.Probability.SKSupport.Diffusion.ExpectedFeedbackStep (11s)
✔ [8964/9058] Built OAI.Probability.SKSupport.Parabolic.VarianceTilted (9.7s)
✔ [8965/9058] Built OAI.Probability.SKSupport.Foundations.SumRangeBlocks (10s)
✔ [8966/9058] Built OAI.Probability.SKSupport.Diffusion.FeedbackVerification (11s)
✔ [8967/9058] Built OAI.Probability.SKSupport.Diffusion.VariableFeedbackEuler (12s)
✔ [8968/9058] Built OAI.Probability.SKSupport.Regularity.GaussianValueContinuity (10s)
✔ [8969/9058] Built OAI.Probability.SKSupport.Foundations.DerivWithinVarianceHeatWeightExp (10s)
✔ [8970/9058] Built OAI.Probability.SKSupport.Backward.Backward (6.6s)
✔ [8971/9058] Built OAI.Probability.SKSupport.Foundations.MeasurableSpatialDeriv (9.7s)
✔ [8972/9058] Built OAI.Probability.SKSupport.Parabolic.ForwardGeometry (9.8s)
✔ [8973/9058] Built OAI.Probability.SKSupport.Foundations.Cascade (11s)
✔ [8974/9058] Built OAI.Probability.SKSupport.Control.VariableGrid (11s)
✔ [8975/9058] Built OAI.Probability.SKSupport.Density.DensityHeat (9.7s)
✔ [8976/9058] Built OAI.Probability.SKSupport.Foundations.DerivVarianceHeatCurve (10s)
✔ [8977/9058] Built OAI.Probability.SKSupport.Foundations.StepData (10s)
✔ [8978/9058] Built OAI.Probability.SKSupport.Backward.BackwardJointBound (8.1s)
✔ [8979/9058] Built OAI.Probability.SKSupport.Backward.BackwardGradientSqJointBound (5.5s)
✔ [8980/9058] Built OAI.Probability.SKSupport.Foundations.FiniteValue (6.9s)
✔ [8981/9058] Built OAI.Probability.SKSupport.Backward.BackwardGradientMild (6.9s)
✔ [8982/9058] Built OAI.Probability.SKSupport.Foundations.Finite (7.7s)
✔ [8983/9058] Built OAI.Probability.SKSupport.Control.GridBridge (8.5s)
✔ [8984/9058] Built OAI.Probability.SKSupport.Regularity.BoundedSmoothFamily (6.8s)
✔ [8985/9058] Built OAI.Probability.SKSupport.Control.GridApprox (8.1s)
✔ [8986/9058] Built OAI.Probability.SKSupport.Moments.FamilyReparam (13s)
✔ [8987/9058] Built OAI.Probability.SKSupport.Parabolic.TiltedEvolution (14s)
✔ [8988/9058] Built OAI.Probability.SKSupport.Regularity.FamilyDifferentiation (14s)
✔ [8989/9058] Built OAI.Probability.SKSupport.Control.FiniteContinuity (15s)
✔ [8990/9058] Built OAI.Probability.SKSupport.Control.CoefficientApprox (14s)
✔ [8991/9058] Built OAI.Probability.SKSupport.Foundations.VarianceHeatGradientBound (18s)
✔ [8992/9058] Built OAI.Probability.SKSupport.Regularity.GaussianFlowRegularity (11s)
✔ [8993/9058] Built OAI.Probability.SKSupport.Regularity.IntegralTimeStep (11s)
✔ [8994/9058] Built OAI.Probability.SKSupport.Foundations.SmoothingStep (9.9s)
✔ [8995/9058] Built OAI.Probability.SKSupport.Diffusion.BoundedDiffusionProperties (9.1s)
✔ [8996/9058] Built OAI.Probability.SKSupport.Parabolic.ForwardRegularity (9.7s)
✔ [8997/9058] Built OAI.Probability.SKSupport.Regularity.Regularity (9.1s)
✔ [8998/9058] Built OAI.Probability.SKSupport.Backward.TiltedBackward (12s)
✔ [8999/9058] Built OAI.Probability.SKSupport.Parabolic.AffineEvolution (12s)
✔ [9000/9058] Built OAI.Probability.SKSupport.Foundations.RightGenerator (13s)
✔ [9001/9058] Built OAI.Probability.SKSupport.Regularity.JointRegularity (12s)
✔ [9002/9058] Built OAI.Probability.SKSupport.Support.TerminalCurvature (13s)
✔ [9003/9058] Built OAI.Probability.SKSupport.Moments.FiniteStrictConvex (14s)
✔ [9004/9058] Built OAI.Probability.SKSupport.Regularity.TimeFields (15s)
✔ [9005/9058] Built OAI.Probability.SKSupport.Parabolic.BurgersConstruction (15s)
✔ [9006/9058] Built OAI.Probability.SKSupport.Parabolic.TiltedTransition (17s)
✔ [9007/9058] Built OAI.Probability.SKSupport.Diffusion.CompactDrift (22s)
✔ [9008/9058] Built OAI.Probability.SKSupport.Moments.BurgersJets (12s)
✔ [9009/9058] Built OAI.Probability.SKSupport.Parabolic.ForwardConstruction (13s)
✔ [9010/9058] Built OAI.Probability.SKSupport.Foundations.Equation (10s)
✔ [9011/9058] Built OAI.Probability.SKSupport.Diffusion.TerminalShapes (11s)
✔ [9012/9058] Built OAI.Probability.SKSupport.Density.RatioJets (12s)
✔ [9013/9058] Built OAI.Probability.SKSupport.Regularity.RightRegularity (10s)
✔ [9014/9058] Built OAI.Probability.SKSupport.Parabolic.FullLineComparison (18s)
✔ [9015/9058] Built OAI.Probability.SKSupport.Parabolic.ReverseBurgers (12s)
✔ [9016/9058] Built OAI.Probability.SKSupport.Control.ValueDifference (16s)
✔ [9017/9058] Built OAI.Probability.SKSupport.Moments.SquareEquation (17s)
✔ [9018/9058] Built OAI.Probability.SKSupport.Support.CDFParameters (18s)
✔ [9019/9058] Built OAI.Probability.SKSupport.Diffusion.AffineComparison (17s)
✔ [9020/9058] Built OAI.Probability.SKSupport.Backward.BackwardComparison (17s)
✔ [9021/9058] Built OAI.Probability.SKSupport.Diffusion.MixedDrift (23s)
✔ [9022/9058] Built OAI.Probability.SKSupport.Moments.StripSquareMoment (18s)
✔ [9023/9058] Built OAI.Probability.SKSupport.Regularity.ParameterChords (18s)
✔ [9024/9058] Built OAI.Probability.SKSupport.Moments.JetFields (17s)
✔ [9025/9058] Built OAI.Probability.SKSupport.Backward.BackwardRescale (18s)
✔ [9026/9058] Built OAI.Probability.SKSupport.Parabolic.ForwardSigns (18s)
✔ [9027/9058] Built OAI.Probability.SKSupport.Regularity.MixedIdentity (16s)
✔ [9028/9058] Built OAI.Probability.SKSupport.Parabolic.GradientStability (23s)
✔ [9029/9058] Built OAI.Probability.SKSupport.Regularity.PositiveRegularity (18s)
✔ [9030/9058] Built OAI.Probability.SKSupport.Moments.ThirdFields (18s)
✔ [9031/9058] Built OAI.Probability.SKSupport.Diffusion.Uniqueness (18s)
✔ [9032/9058] Built OAI.Probability.SKSupport.Diffusion.Diffusion (19s)
✔ [9033/9058] Built OAI.Probability.SKSupport.Density.GaussianDecay (18s)
✔ [9034/9058] Built OAI.Probability.SKSupport.Backward.GaussianBackwardShapes (16s)
✔ [9035/9058] Built OAI.Probability.SKSupport.Density.RatioComparison (20s)
✔ [9036/9058] Built OAI.Probability.SKSupport.Moments.StrictMoments (11s)
✔ [9037/9058] Built OAI.Probability.SKSupport.Diffusion.FiniteFeedback (10s)
✔ [9038/9058] Built OAI.Probability.SKSupport.Density.FiniteForwardRatio (11s)
✔ [9039/9058] Built OAI.Probability.SKSupport.Diffusion.FiniteTransition (10s)
✔ [9040/9058] Built OAI.Probability.SKSupport.Foundations.RightCoeffApprox (10s)
✔ [9041/9058] Built OAI.Probability.SKSupport.Density.GaussianTails (19s)
✔ [9042/9058] Built OAI.Probability.SKSupport.Backward.TerminalTailValue (12s)
✔ [9043/9058] Built OAI.Probability.SKSupport.Density.DensityFubini (13s)
✔ [9044/9058] Built OAI.Probability.SKSupport.Diffusion.DiffusionStability (13s)
✔ [9045/9058] Built OAI.Probability.SKSupport.Density.GaussianLogDensity (14s)
✔ [9046/9058] Built OAI.Probability.SKSupport.Backward.TerminalTransition (13s)
✔ [9047/9058] Built OAI.Probability.SKSupport.Diffusion.MixedPathStability (15s)
✔ [9048/9058] Built OAI.Probability.SKSupport.Moments.PositiveGradientError (14s)
✔ [9049/9058] Built OAI.Probability.SKSupport.Density.FiniteDensity (15s)
✔ [9050/9058] Built OAI.Probability.SKSupport.Density.CoerciveMoments (15s)
✔ [9051/9058] Built OAI.Probability.SKSupport.Moments.PerturbationLimits (13s)
✔ [9052/9058] Built OAI.Probability.SKSupport.Support.VariationIntegrals (10s)
✔ [9053/9058] Built OAI.Probability.SKSupport.Density.SampleJets (15s)
✔ [9054/9058] Built OAI.Probability.SKSupport.Support.ContactPotential (11s)
✔ [9055/9058] Built OAI.Probability.SKSupport.Moments.Curvature (9.4s)
✔ [9056/9058] Built OAI.Probability.SKSupport.Support.GapCurvature (9.3s)
✔ [9057/9058] Built OAI.Probability.SKSupport.Support.NoTerminalPlateau (10s)
✔ [9058/9058] Built OAI.Probability.SKSupport.Main (9.8s)
Build completed successfully (9058 jobs).
== build rc=0 seconds=460
{"theorems": ["OAI.ZeroTemperatureSK.full_support"], "defs": ["OAI.ZeroTemperatureSK.Time", "OAI.ZeroTemperatureSK.extend", "OAI.ZeroTemperatureSK.OrderParameter", "OAI.ZeroTemperatureSK.BrownianSystem", "OAI.ZeroTemperatureSK.incrementFiltration", "OAI.ZeroTemperatureSK.Control", "OAI.ZeroTemperatureSK.controlPayoff", "OAI.ZeroTemperatureSK.value", "OAI.ZeroTemperatureSK.gradient", "OAI.ZeroTemperatureSK.curvature", "OAI.ZeroTemperatureSK.parisi", "OAI.ZeroTemperatureSK.IsMinimizer", "OAI.ZeroTemperatureSK.IsStieltjesMeasure", "OAI.ZeroTemperatureSK.IsDiffusion", "OAI.ZeroTemperatureSK.squareMoment", "OAI.ZeroTemperatureSK.FullSupportConclusion"], "json_theorems": ["OAI.ZeroTemperatureSK.full_support"], "missing_from_parse": []}
TYPES/DEFS DIFFER SKFullSupport
1,5d0
< /Users/shannon/cc/math/math/lean/Scratch/Challenge_SKFullSupport.lean:90:8:
< warning:
< declaration
< uses
< `sorry`
AXIOMS: 'OAI.ZeroTemperatureSK.full_support' depends on axioms: [propext, Classical.choice, Quot.sound] 
== end=2026-10-08T12:09:56Z
