== SKValue  module=OAI.Probability.SKValue.Main  start=2026-10-08T12:10:36Z
warning: PrimeNumberTheoremAnd: repository '/Users/shannon/cc/math/math/lean/.lake/packages/PrimeNumberTheoremAnd' has local changes
warning: belyi: repository '/Users/shannon/cc/math/math/lean/.lake/packages/belyi' has local changes
warning: formal-schemes: repository '/Users/shannon/cc/math/math/lean/.lake/packages/formal-schemes' has local changes
warning: elliptic-curves: repository '/Users/shannon/cc/math/math/lean/.lake/packages/elliptic-curves' has local changes
warning: tempered-fundamental-groups: repository '/Users/shannon/cc/math/math/lean/.lake/packages/tempered-fundamental-groups' has local changes
warning: oka: repository '/Users/shannon/cc/math/math/lean/.lake/packages/oka' has local changes
warning: orbicurve-cores: repository '/Users/shannon/cc/math/math/lean/.lake/packages/orbicurve-cores' has local changes
warning: pi1: repository '/Users/shannon/cc/math/math/lean/.lake/packages/pi1' has local changes
warning: heights: repository '/Users/shannon/cc/math/math/lean/.lake/packages/heights' has local changes
warning: genl: repository '/Users/shannon/cc/math/math/lean/.lake/packages/genl' has local changes
warning: tate-curves-theta: repository '/Users/shannon/cc/math/math/lean/.lake/packages/tate-curves-theta' has local changes
warning: iut: repository '/Users/shannon/cc/math/math/lean/.lake/packages/iut' has local changes
warning: gromov: repository '/Users/shannon/cc/math/math/lean/.lake/packages/gromov' has local changes
warning: SphereEversion: repository '/Users/shannon/cc/math/math/lean/.lake/packages/SphereEversion' has local changes
warning: schoenflies-lean: repository '/Users/shannon/cc/math/math/lean/.lake/packages/schoenflies-lean' has local changes
warning: ClassFieldTheory: repository '/Users/shannon/cc/math/math/lean/.lake/packages/ClassFieldTheory' has local changes
warning: AINTLIB: repository '/Users/shannon/cc/math/math/lean/.lake/packages/AINTLIB' has local changes
warning: AbsorptionCutoff: repository '/Users/shannon/cc/math/math/lean/.lake/packages/AbsorptionCutoff' has local changes
warning: StrongPNT: repository '/Users/shannon/cc/math/math/lean/.lake/packages/StrongPNT' has local changes
warning: carleson: repository '/Users/shannon/cc/math/math/lean/.lake/packages/carleson' has local changes
warning: rellich-kondrachov: repository '/Users/shannon/cc/math/math/lean/.lake/packages/rellich-kondrachov' has local changes
warning: Zeta3Irrational: repository '/Users/shannon/cc/math/math/lean/.lake/packages/Zeta3Irrational' has local changes
warning: fixed-point-theorems: repository '/Users/shannon/cc/math/math/lean/.lake/packages/fixed-point-theorems' has local changes
✔ [8924/9135] Built OAI.Probability.SKValue.Equations.ParametricChain (55s)
✔ [8925/9135] Built OAI.Probability.SKValue.Equations.WeightedCap (55s)
✔ [8926/9135] Built OAI.Probability.SKValue.Equations.StripIntegralLimit (55s)
✔ [8927/9135] Built OAI.Probability.SKValue.Equations.UniformPolynomial (55s)
✔ [8928/9135] Built OAI.Probability.SKValue.Coercivity.ZeroGapHump (55s)
✔ [8929/9135] Built OAI.Probability.SKValue.Control.Controls (56s)
✔ [8930/9135] Built OAI.Probability.SKValue.Evolution.TimePatch (56s)
✔ [8931/9135] Built OAI.Probability.SKValue.Evolution.DerivativeLimit (56s)
✔ [8932/9135] Built OAI.Probability.SKValue.Equations.MemLpLinearCombination (37s)
✔ [8933/9135] Built OAI.Probability.SKValue.Equations.JetAlgebra (37s)
✔ [8934/9135] Built OAI.Probability.SKValue.Evolution.UniformGridRiemannBound (38s)
✔ [8935/9135] Built OAI.Probability.SKValue.Equations.ShiftedPairing (38s)
✔ [8936/9135] Built OAI.Probability.SKValue.Evolution.MonotoneWeightedGridBound (39s)
✔ [8937/9135] Built OAI.Probability.SKValue.Equations.InitialMax (41s)
✔ [8938/9135] Built OAI.Probability.SKValue.Processes.UnitMomentMartingale (41s)
✔ [8939/9135] Built OAI.Probability.SKValue.Equations.ThirdOrderRemainderBound (47s)
✔ [8940/9135] Built OAI.Probability.SKValue.Processes.TerminalCondExp (15s)
✔ [8941/9135] Built OAI.Probability.SKValue.Model (20s)
✔ [8942/9135] Built OAI.Probability.SKValue.Processes.MeshMaxError (16s)
✔ [8943/9135] Built OAI.Probability.SKValue.Processes.ValueEulerOneStep (12s)
✔ [8944/9135] Built OAI.Probability.SKValue.Equations.Cutoff (15s)
✔ [8945/9135] Built OAI.Probability.SKValue.Gaussian.BrownianCoordinates (15s)
✔ [8946/9135] Built OAI.Probability.SKValue.Equations.TruncatedStieltjes (15s)
✔ [8947/9135] Built OAI.Probability.SKValue.GroundState.PredictableNormalizer (15s)
✔ [8948/9135] Built OAI.Probability.SKValue.Control.ControlIntegral (11s)
✔ [8949/9135] Built OAI.Probability.SKValue.Gaussian.GaussianSquareVariance (12s)
✔ [8950/9135] Built OAI.Probability.SKValue.Equations.AdmissibleZero (10s)
✔ [8951/9135] Built OAI.Probability.SKValue.Equations.SumStepsSub (11s)
✔ [8952/9135] Built OAI.Probability.SKValue.Control.ControlPayoffConvex (10s)
✔ [8953/9135] Built OAI.Probability.SKValue.Equations.GradientStrip (10s)
✔ [8954/9135] Built OAI.Probability.SKValue.Evolution.TerminalError (11s)
✔ [8955/9135] Built OAI.Probability.SKValue.Equations.BrownianIncrementIndepPast (13s)
✔ [8956/9135] Built OAI.Probability.SKValue.Equations.GradientErrorConstant (14s)
✔ [8957/9135] Built OAI.Probability.SKValue.Gaussian.IntegralPositiveMulGaussian (16s)
✔ [8958/9135] Built OAI.Probability.SKValue.Processes.Measurable (17s)
✔ [8959/9135] Built OAI.Probability.SKValue.Gaussian.CoordinateDependsBefore (15s)
✔ [8960/9135] Built OAI.Probability.SKValue.Equations.GradientStripCore (17s)
✔ [8961/9135] Built OAI.Probability.SKValue.Equations.ValueStrip (17s)
✔ [8962/9135] Built OAI.Probability.SKValue.Equations.IntegralAbsSqrtSecond (14s)
✔ [8963/9135] Built OAI.Probability.SKValue.Equations.TestGenerator (15s)
✔ [8964/9135] Built OAI.Probability.SKValue.Equations.FiniteRounded (14s)
✔ [8965/9135] Built OAI.Probability.SKValue.Control.Verification (16s)
✔ [8966/9135] Built OAI.Probability.SKValue.Processes.MeshRaw (10s)
✔ [8967/9135] Built OAI.Probability.SKValue.Equations.LiteralNormalizer (11s)
✔ [8968/9135] Built OAI.Probability.SKValue.Equations.AestronglyMeasurableInitialMax (12s)
✔ [8969/9135] Built OAI.Probability.SKValue.Processes.MeshMeanBound (12s)
✔ [8970/9135] Built OAI.Probability.SKValue.Gaussian.CoupledCoordinates (12s)
✔ [8971/9135] Built OAI.Probability.SKValue.Equations.DriftDefectUniformBound (13s)
✔ [8972/9135] Built OAI.Probability.SKValue.Gaussian.ShiftedBrownianCoordinates (14s)
✔ [8973/9135] Built OAI.Probability.SKValue.Equations.FirstMomentPerturbation (11s)
✔ [8974/9135] Built OAI.Probability.SKValue.Equations.CubicEnvelopeMean (11s)
✔ [8975/9135] Built OAI.Probability.SKValue.Evolution.MeanDerivativeContinuous (17s)
✔ [8976/9135] Built OAI.Probability.SKValue.Processes.Feedback (17s)
✔ [8977/9135] Built OAI.Probability.SKValue.Processes.DiffusionGradientWeakMartingaleLocal (18s)
✔ [8978/9135] Built OAI.Probability.SKValue.Evolution.ColeHopf (17s)
✔ [8979/9135] Built OAI.Probability.SKValue.Equations.RawIncrement (19s)
✔ [8980/9135] Built OAI.Probability.SKValue.Equations.Shift (17s)
✔ [8981/9135] Built OAI.Probability.SKValue.Gaussian.GaussianFactor (17s)
✔ [8982/9135] Built OAI.Probability.SKValue.Processes.EulerMemLp (16s)
✔ [8983/9135] Built OAI.Probability.SKValue.Evolution.HeatRegularity (17s)
✔ [8984/9135] Built OAI.Probability.SKValue.Processes.MeshBrownian (17s)
✔ [8985/9135] Built OAI.Probability.SKValue.Processes.DiffusionGradientCondExp (14s)
✔ [8986/9135] Built OAI.Probability.SKValue.Evolution.ColeHopfPDE (13s)
✔ [8987/9135] Built OAI.Probability.SKValue.Equations.LipschitzCompMemLpFinite (14s)
✔ [8988/9135] Built OAI.Probability.SKValue.Control.ControlVerification (14s)
✔ [8989/9135] Built OAI.Probability.SKValue.Processes.StripPaths (10s)
✔ [8990/9135] Built OAI.Probability.SKValue.Evolution.BoundedSmooth (11s)
✔ [8991/9135] Built OAI.Probability.SKValue.Control.ControlValue (11s)
✔ [8992/9135] Built OAI.Probability.SKValue.Processes.FiniteGaussianFixedStrip (22s)
✔ [8993/9135] Built OAI.Probability.SKValue.Evolution.HeatKernelBound (22s)
✔ [8994/9135] Built OAI.Probability.SKValue.Evolution.TimeWeightedIntervalIntegrable (22s)
✔ [8995/9135] Built OAI.Probability.SKValue.Evolution.HeatBounds (22s)
✔ [8996/9135] Built OAI.Probability.SKValue.Control.ControlStability (23s)
✔ [8997/9135] Built OAI.Probability.SKValue.Equations.RealFiltration (23s)
✔ [8998/9135] Built OAI.Probability.SKValue.Equations.ParabolicComparison (23s)
✔ [8999/9135] Built OAI.Probability.SKValue.Equations.BetaBound (25s)
✔ [9000/9135] Built OAI.Probability.SKValue.GroundState.ExponentialMoments (19s)
✔ [9001/9135] Built OAI.Probability.SKValue.GroundState.StandardGaussian (20s)
✔ [9002/9135] Built OAI.Probability.SKValue.Processes.WeightedTerminalExpectation (19s)
✔ [9003/9135] Built OAI.Probability.SKValue.Evolution.HeatContinuity (19s)
✔ [9004/9135] Built OAI.Probability.SKValue.Control.SupStability (19s)
✔ [9005/9135] Built OAI.Probability.SKValue.Equations.LineComparison (24s)
✔ [9006/9135] Built OAI.Probability.SKValue.Equations.HalflineComparison (24s)
✔ [9007/9135] Built OAI.Probability.SKValue.Evolution.L1Terminal (20s)
✔ [9008/9135] Built OAI.Probability.SKValue.Evolution.LogCoshTerminal (19s)
✔ [9009/9135] Built OAI.Probability.SKValue.Evolution.TerminalAlgebra (19s)
✔ [9010/9135] Built OAI.Probability.SKValue.Evolution.LogHeatJets (20s)
✔ [9011/9135] Built OAI.Probability.SKValue.Evolution.HeatConvexity (21s)
✔ [9012/9135] Built OAI.Probability.SKValue.GroundState.RotatedCoefficients (21s)
✔ [9013/9135] Built OAI.Probability.SKValue.Equations.ForwardComparison (18s)
✔ [9014/9135] Built OAI.Probability.SKValue.Control.StripRegularity (17s)
✔ [9015/9135] Built OAI.Probability.SKValue.Evolution.SmoothEvolution (19s)
✔ [9016/9135] Built OAI.Probability.SKValue.GroundState.GumbelMax (18s)
✔ [9017/9135] Built OAI.Probability.SKValue.GroundState.LogComparison (19s)
✔ [9018/9135] Built OAI.Probability.SKValue.GroundState.BlockCoeff (20s)
✔ [9019/9135] Built OAI.Probability.SKValue.Evolution.BurgersJets (23s)
✔ [9020/9135] Built OAI.Probability.SKValue.Processes.GradientSquareIntegral (18s)
✔ [9021/9135] Built OAI.Probability.SKValue.Evolution.IntegralPrimitiveTerminal (19s)
✔ [9022/9135] Built OAI.Probability.SKValue.Evolution.EvolutionShift (18s)
✔ [9023/9135] Built OAI.Probability.SKValue.Evolution.EvolutionPatch (19s)
✔ [9024/9135] Built OAI.Probability.SKValue.GroundState.EmpiricalLog (18s)
✔ [9025/9135] Built OAI.Probability.SKValue.GroundState.AffineComparison (18s)
✔ [9026/9135] Built OAI.Probability.SKValue.Evolution.EvolveStrips (20s)
✔ [9027/9135] Built OAI.Probability.SKValue.GroundState.FiniteBranching (15s)
✔ [9028/9135] Built OAI.Probability.SKValue.Evolution.FiniteStepEvolution (15s)
✔ [9029/9135] Built OAI.Probability.SKValue.GroundState.GaussianTree (16s)
✔ [9030/9135] Built OAI.Probability.SKValue.GroundState.GaussianColumn (16s)
✔ [9031/9135] Built OAI.Probability.SKValue.Evolution.EvolutionDifferentiation (18s)
✔ [9032/9135] Built OAI.Probability.SKValue.GroundState.GumbelReplacement (18s)
✔ [9033/9135] Built OAI.Probability.SKValue.Gaussian.EvenEvolution (18s)
✔ [9034/9135] Built OAI.Probability.SKValue.Control.FiniteStepControl (19s)
✔ [9035/9135] Built OAI.Probability.SKValue.Evolution.GridProfile (20s)
✔ [9036/9135] Built OAI.Probability.SKValue.GroundState.GramSchmidtLimit (20s)
✔ [9037/9135] Built OAI.Probability.SKValue.Evolution.BurgersDerivative (19s)
✔ [9038/9135] Built OAI.Probability.SKValue.GroundState.ColumnBounds (22s)
✔ [9039/9135] Built OAI.Probability.SKValue.GroundState.EmpiricalPower (16s)
✔ [9040/9135] Built OAI.Probability.SKValue.Equations.BackwardPolynomials (16s)
✔ [9041/9135] Built OAI.Probability.SKValue.Evolution.GridConvergence (16s)
✔ [9042/9135] Built OAI.Probability.SKValue.Evolution.SmoothFamily (16s)
✔ [9043/9135] Built OAI.Probability.SKValue.Equations.BurgersMild (16s)
✔ [9044/9135] Built OAI.Probability.SKValue.GroundState.RandomColumn (16s)
✔ [9045/9135] Built OAI.Probability.SKValue.GroundState.BranchLaw (16s)
✔ [9046/9135] Built OAI.Probability.SKValue.Equations.StrictProfile (17s)
✔ [9047/9135] Built OAI.Probability.SKValue.Equations.DuhamelJets (18s)
✔ [9048/9135] Built OAI.Probability.SKValue.GroundState.AdaptiveColumns (17s)
✔ [9049/9135] Built OAI.Probability.SKValue.Equations.PolynomialObservable (18s)
✔ [9050/9135] Built OAI.Probability.SKValue.Equations.BackwardComparison (21s)
✔ [9051/9135] Built OAI.Probability.SKValue.GroundState.EmpiricalVectors (19s)
✔ [9052/9135] Built OAI.Probability.SKValue.Evolution.MildBurgersJets (13s)
✔ [9053/9135] Built OAI.Probability.SKValue.Evolution.HigherPDE (14s)
✔ [9054/9135] Built OAI.Probability.SKValue.GroundState.QuadraticSK (13s)
✔ [9055/9135] Built OAI.Probability.SKValue.Equations.CoupledComparison (15s)
✔ [9056/9135] Built OAI.Probability.SKValue.Evolution.ShortStrip (13s)
✔ [9057/9135] Built OAI.Probability.SKValue.GroundState.GaussianTranspose (15s)
✔ [9058/9135] Built OAI.Probability.SKValue.GroundState.EmpiricalEnergyLimit (15s)
✔ [9059/9135] Built OAI.Probability.SKValue.Equations.ProfileShape (15s)
✔ [9060/9135] Built OAI.Probability.SKValue.GroundState.EmpiricalCalculus (17s)
✔ [9061/9135] Built OAI.Probability.SKValue.Equations.ShortStripClose (12s)
✔ [9062/9135] Built OAI.Probability.SKValue.Evolution.HeatTransform (12s)
✔ [9063/9135] Built OAI.Probability.SKValue.GroundState.ConstantFatou (11s)
✔ [9064/9135] Built OAI.Probability.SKValue.Evolution.HeatTimeBound (10s)
✔ [9065/9135] Built OAI.Probability.SKValue.Equations.ForwardDensity (10s)
✔ [9066/9135] Built OAI.Probability.SKValue.GroundState.RoundingSpin (9.9s)
✔ [9067/9135] Built OAI.Probability.SKValue.Evolution.SmoothApproxBounds (9.0s)
✔ [9068/9135] Built OAI.Probability.SKValue.Gaussian.DensityJump (8.7s)
✔ [9069/9135] Built OAI.Probability.SKValue.Control.PhiRegularity (9.9s)
✔ [9070/9135] Built OAI.Probability.SKValue.Gaussian.DensityDerivative (11s)
✔ [9071/9135] Built OAI.Probability.SKValue.Evolution.JetParity (11s)
✔ [9072/9135] Built OAI.Probability.SKValue.Control.Regularity (12s)
✔ [9073/9135] Built OAI.Probability.SKValue.Coercivity.Coercivity (18s)
✔ [9074/9135] Built OAI.Probability.SKValue.Equations.CoupledDensity (14s)
✔ [9075/9135] Built OAI.Probability.SKValue.Evolution.HeatDuality (15s)
✔ [9076/9135] Built OAI.Probability.SKValue.Variation.OrderVariations (21s)
✔ [9077/9135] Built OAI.Probability.SKValue.Processes.Volterra (22s)
✔ [9078/9135] Built OAI.Probability.SKValue.GroundState.LiteralLower (22s)
✔ [9079/9135] Built OAI.Probability.SKValue.Equations.ForcedGenerator (22s)
✔ [9080/9135] Built OAI.Probability.SKValue.GroundState.CrossExpectation (23s)
✔ [9081/9135] Built OAI.Probability.SKValue.Variation.WeightedMoments (25s)
✔ [9082/9135] Built OAI.Probability.SKValue.Evolution.DensityPairing (18s)
✔ [9083/9135] Built OAI.Probability.SKValue.Coercivity.ZeroFlux (19s)
✔ [9084/9135] Built OAI.Probability.SKValue.Evolution.TestHeat (20s)
✔ [9085/9135] Built OAI.Probability.SKValue.Coercivity.GapBoundary (19s)
✔ [9086/9135] Built OAI.Probability.SKValue.GroundState.TreeGuerra (19s)
✔ [9087/9135] Built OAI.Probability.SKValue.Processes.EulerLimitProcess (20s)
✔ [9088/9135] Built OAI.Probability.SKValue.Control.Forced (20s)
✔ [9089/9135] Built OAI.Probability.SKValue.Equations.PolynomialForced (19s)
✔ [9090/9135] Built OAI.Probability.SKValue.Processes.CrossMesh (20s)
✔ [9091/9135] Built OAI.Probability.SKValue.Coercivity.IntegratedCoercivity (20s)
✔ [9092/9135] Built OAI.Probability.SKValue.Equations.ResponseJets (15s)
✔ [9093/9135] Built OAI.Probability.SKValue.Processes.DiffusionExistence (15s)
✔ [9094/9135] Built OAI.Probability.SKValue.GroundState.TreeProductLaw (15s)
✔ [9095/9135] Built OAI.Probability.SKValue.Processes.TestExpectation (17s)
✔ [9096/9135] Built OAI.Probability.SKValue.Processes.CrossMeshComparison (16s)
✔ [9097/9135] Built OAI.Probability.SKValue.Processes.ForcedExpectation (17s)
✔ [9098/9135] Built OAI.Probability.SKValue.Evolution.TestEvolution (16s)
✔ [9099/9135] Built OAI.Probability.SKValue.GroundState.CascadeMoments (15s)
✔ [9100/9135] Built OAI.Probability.SKValue.Processes.TestDiffusion (17s)
✔ [9101/9135] Built OAI.Probability.SKValue.Processes.ForcedDiffusion (17s)
✔ [9102/9135] Built OAI.Probability.SKValue.Processes.CrossValueBound (18s)
✔ [9103/9135] Built OAI.Probability.SKValue.Processes.EulerL1 (18s)
✔ [9104/9135] Built OAI.Probability.SKValue.GroundState.FieldTreeLaw (30s)
✔ [9105/9135] Built OAI.Probability.SKValue.Equations.TestPatch (14s)
✔ [9106/9135] Built OAI.Probability.SKValue.Evolution.TestStrip (16s)
✔ [9107/9135] Built OAI.Probability.SKValue.Control.PolynomialGenerator (14s)
✔ [9108/9135] Built OAI.Probability.SKValue.Variation.FirstVariationCompact (15s)
✔ [9109/9135] Built OAI.Probability.SKValue.Equations.ResponseContraction (17s)
✔ [9110/9135] Built OAI.Probability.SKValue.Equations.GeneralProfileShape (17s)
✔ [9111/9135] Built OAI.Probability.SKValue.Processes.FiniteProfileLaw (17s)
✔ [9112/9135] Built OAI.Probability.SKValue.Gaussian.ProfileLawStability (17s)
✔ [9113/9135] Built OAI.Probability.SKValue.GroundState.RandomGuerra (22s)
✔ [9114/9135] Built OAI.Probability.SKValue.Equations.PolynomialMoment (16s)
✔ [9115/9135] Built OAI.Probability.SKValue.Variation.ContactVariations (15s)
✔ [9116/9135] Built OAI.Probability.SKValue.Coercivity.FiniteCoercivity (11s)
✔ [9117/9135] Built OAI.Probability.SKValue.GroundState.BranchMeanUpper (12s)
✔ [9118/9135] Built OAI.Probability.SKValue.Variation.ContactIntegral (12s)
✔ [9119/9135] Built OAI.Probability.SKValue.Gaussian.ProfileSplit (12s)
✔ [9120/9135] Built OAI.Probability.SKValue.Variation.ContactOrigin (10s)
✔ [9121/9135] Built OAI.Probability.SKValue.GroundState.TreeWidths (11s)
✔ [9122/9135] Built OAI.Probability.SKValue.Gaussian.SplitConvergence (9.6s)
✔ [9123/9135] Built OAI.Probability.SKValue.GroundState.CascadePassage (8.6s)
✔ [9124/9135] Built OAI.Probability.SKValue.Gaussian.SplitShape (8.5s)
✔ [9125/9135] Built OAI.Probability.SKValue.GroundState.WeakGuerra (9.0s)
✔ [9126/9135] Built OAI.Probability.SKValue.Gaussian.SplitJets (10s)
✔ [9127/9135] Built OAI.Probability.SKValue.Gaussian.UniformError (11s)
✔ [9128/9135] Built OAI.Probability.SKValue.Variation.ContactAssembly (9.9s)
✔ [9129/9135] Built OAI.Probability.SKValue.Processes.VariableTestLaw (8.3s)
✔ [9130/9135] Built OAI.Probability.SKValue.Coercivity.LiteralCoercivity (6.3s)
✔ [9131/9135] Built OAI.Probability.SKValue.Processes.CurvatureNonneg (5.8s)
✔ [9132/9135] Built OAI.Probability.SKValue.Coercivity.CurvatureMoment (5.6s)
✔ [9133/9135] Built OAI.Probability.SKValue.Variation.MinimizerContact (5.4s)
✔ [9134/9135] Built OAI.Probability.SKValue.GroundState.MainConclusions (5.1s)
✔ [9135/9135] Built OAI.Probability.SKValue.Main (5.1s)
Build completed successfully (9135 jobs).
== build rc=0 seconds=784
{"theorems": ["OAI.SKValue.value_consequences"], "defs": ["OAI.SKValue.standardGaussian", "OAI.SKValue.gaussianProduct", "OAI.SKValue.coordinate", "OAI.SKValue.stepSize", "OAI.SKValue.meshTime", "OAI.SKValue.euler", "OAI.SKValue.OrderParameter", "OAI.SKValue.BrownianSpace", "OAI.SKValue.BrownianSpace.filtration", "OAI.SKValue.shiftedFiltration", "OAI.SKValue.Admissible", "OAI.SKValue.controlPayoff", "OAI.SKValue.phi", "OAI.SKValue.gradient", "OAI.SKValue.curvature", "OAI.SKValue.parisi", "OAI.SKValue.IsMinimizer", "OAI.SKValue.IsDiffusion", "OAI.SKValue.spin", "OAI.SKValue.hamiltonian", "OAI.SKValue.groundStateSequence", "OAI.SKValue.groundStateValue", "OAI.SKValue.gradientStopped", "OAI.SKValue.ScalarValueConclusion", "OAI.SKValue.eulerPath", "OAI.SKValue.rawCoefficient", "OAI.SKValue.normalizer", "OAI.SKValue.gaussianIncrement", "OAI.SKValue.roundedSign", "OAI.SKValue.coefficientA", "OAI.SKValue.coefficientB", "OAI.SKValue.shiftedCoefficientSum", "OAI.SKValue.FiniteGaussianConclusion"], "json_theorems": ["OAI.SKValue.value_consequences"], "missing_from_parse": []}
TYPES/DEFS DIFFER SKValue
1,5d0
< /Users/shannon/cc/math/math/lean/Scratch/Challenge_SKValue.lean:163:8:
< warning:
< declaration
< uses
< `sorry`
AXIOMS: 'OAI.SKValue.value_consequences' depends on axioms: [propext, Classical.choice, Quot.sound] 
== end=2026-10-08T12:24:02Z
