== StrongThinTree  module=OAI.Combinatorics.ThinTrees.Main  start=2026-10-08T10:33:33Z
warning: PrimeNumberTheoremAnd: repository '/Users/shannon/cc/math/math/lean/.lake/packages/PrimeNumberTheoremAnd' has local changes
warning: belyi: repository '/Users/shannon/cc/math/math/lean/.lake/packages/belyi' has local changes
warning: formal-schemes: repository '/Users/shannon/cc/math/math/lean/.lake/packages/formal-schemes' has local changes
warning: elliptic-curves: repository '/Users/shannon/cc/math/math/lean/.lake/packages/elliptic-curves' has local changes
warning: tempered-fundamental-groups: repository '/Users/shannon/cc/math/math/lean/.lake/packages/tempered-fundamental-groups' has local changes
warning: oka: repository '/Users/shannon/cc/math/math/lean/.lake/packages/oka' has local changes
warning: orbicurve-cores: repository '/Users/shannon/cc/math/math/lean/.lake/packages/orbicurve-cores' has local changes
warning: pi1: repository '/Users/shannon/cc/math/math/lean/.lake/packages/pi1' has local changes
warning: heights: repository '/Users/shannon/cc/math/math/lean/.lake/packages/heights' has local changes
warning: genl: repository '/Users/shannon/cc/math/math/lean/.lake/packages/genl' has local changes
warning: tate-curves-theta: repository '/Users/shannon/cc/math/math/lean/.lake/packages/tate-curves-theta' has local changes
warning: iut: repository '/Users/shannon/cc/math/math/lean/.lake/packages/iut' has local changes
warning: gromov: repository '/Users/shannon/cc/math/math/lean/.lake/packages/gromov' has local changes
warning: SphereEversion: repository '/Users/shannon/cc/math/math/lean/.lake/packages/SphereEversion' has local changes
warning: schoenflies-lean: repository '/Users/shannon/cc/math/math/lean/.lake/packages/schoenflies-lean' has local changes
warning: ClassFieldTheory: repository '/Users/shannon/cc/math/math/lean/.lake/packages/ClassFieldTheory' has local changes
warning: AINTLIB: repository '/Users/shannon/cc/math/math/lean/.lake/packages/AINTLIB' has local changes
warning: AbsorptionCutoff: repository '/Users/shannon/cc/math/math/lean/.lake/packages/AbsorptionCutoff' has local changes
warning: StrongPNT: repository '/Users/shannon/cc/math/math/lean/.lake/packages/StrongPNT' has local changes
warning: carleson: repository '/Users/shannon/cc/math/math/lean/.lake/packages/carleson' has local changes
warning: rellich-kondrachov: repository '/Users/shannon/cc/math/math/lean/.lake/packages/rellich-kondrachov' has local changes
warning: Zeta3Irrational: repository '/Users/shannon/cc/math/math/lean/.lake/packages/Zeta3Irrational' has local changes
warning: fixed-point-theorems: repository '/Users/shannon/cc/math/math/lean/.lake/packages/fixed-point-theorems' has local changes
✔ [8924/8995] Built OAI.Combinatorics.ThinTrees.Model (5.3s)
✔ [8925/8995] Built OAI.Combinatorics.ThinTrees.Coarea (9.6s)
✔ [8926/8995] Built OAI.Combinatorics.ThinTrees.Shells (8.1s)
✔ [8927/8995] Built OAI.Combinatorics.ThinTrees.SpectralPacking (12s)
✔ [8928/8995] Built OAI.Combinatorics.ThinTrees.BagGeometry (9.8s)
✔ [8929/8995] Built OAI.Combinatorics.ThinTrees.Hierarchy (6.3s)
✔ [8930/8995] Built OAI.Combinatorics.ThinTrees.Records (11s)
✔ [8931/8995] Built OAI.Combinatorics.ThinTrees.Partitions (5.8s)
✔ [8932/8995] Built OAI.Combinatorics.ThinTrees.Selection (6.5s)
✔ [8933/8995] Built OAI.Combinatorics.ThinTrees.Assignment (5.9s)
✔ [8934/8995] Built OAI.Combinatorics.ThinTrees.BagBounds (6.2s)
✔ [8935/8995] Built OAI.Combinatorics.ThinTrees.BagConstruction (5.8s)
✔ [8936/8995] Built OAI.Combinatorics.ThinTrees.Phases (6.0s)
✔ [8937/8995] Built OAI.Combinatorics.ThinTrees.AssignedFamilies (6.2s)
✔ [8938/8995] Built OAI.Combinatorics.ThinTrees.Capture (7.8s)
✔ [8939/8995] Built OAI.Combinatorics.ThinTrees.Density (6.8s)
✔ [8940/8995] Built OAI.Combinatorics.ThinTrees.CompactPacking (6.4s)
✔ [8941/8995] Built OAI.Combinatorics.ThinTrees.Truncation (9.0s)
✔ [8942/8995] Built OAI.Combinatorics.ThinTrees.Duality (9.1s)
✔ [8943/8995] Built OAI.Combinatorics.ThinTrees.ShortcutDuality (6.1s)
✔ [8944/8995] Built OAI.Combinatorics.ThinTrees.Matrix (5.6s)
✔ [8945/8995] Built OAI.Combinatorics.ThinTrees.GraphMatrix (5.4s)
✔ [8946/8995] Built OAI.Combinatorics.ThinTrees.MatrixDomain (5.5s)
✔ [8947/8995] Built OAI.Combinatorics.ThinTrees.HierarchyBounds (6.7s)
✔ [8948/8995] Built OAI.Combinatorics.ThinTrees.BasePacking (6.9s)
✔ [8949/8995] Built OAI.Combinatorics.ThinTrees.PartitionRank (6.3s)
✔ [8950/8995] Built OAI.Combinatorics.ThinTrees.HierarchyBuilder (5.5s)
✔ [8951/8995] Built OAI.Combinatorics.ThinTrees.ChainEdges (5.4s)
✔ [8952/8995] Built OAI.Combinatorics.ThinTrees.PartitionHierarchy (5.3s)
✔ [8953/8995] Built OAI.Combinatorics.ThinTrees.ThresholdChain (5.1s)
✔ [8954/8995] Built OAI.Combinatorics.ThinTrees.DyadicSelection (5.2s)
✔ [8955/8995] Built OAI.Combinatorics.ThinTrees.ResponseBounds (5.2s)
✔ [8956/8995] Built OAI.Combinatorics.ThinTrees.HierarchyResponse (6.0s)
✔ [8957/8995] Built OAI.Combinatorics.ThinTrees.SimultaneousResponse (5.1s)
✔ [8958/8995] Built OAI.Combinatorics.ThinTrees.FixedPoint (6.8s)
✔ [8959/8995] Built OAI.Combinatorics.ThinTrees.ResponseFixedPoint (5.6s)
✔ [8960/8995] Built OAI.Combinatorics.ThinTrees.MatrixMixture (5.6s)
✔ [8961/8995] Built OAI.Combinatorics.ThinTrees.ExtractionLimit (5.4s)
✔ [8962/8995] Built OAI.Combinatorics.ThinTrees.ExtractionCriterion (5.0s)
✔ [8963/8995] Built OAI.Combinatorics.ThinTrees.ExtractionBounds (6.1s)
✔ [8964/8995] Built OAI.Combinatorics.ThinTrees.Extraction (5.2s)
✔ [8965/8995] Built OAI.Combinatorics.ThinTrees.Expectation (5.4s)
✔ [8966/8995] Built OAI.Combinatorics.ThinTrees.Stability (5.6s)
✔ [8967/8995] Built OAI.Combinatorics.ThinTrees.PartialFractions (6.1s)
✔ [8968/8995] Built OAI.Combinatorics.ThinTrees.Barrier (6.1s)
✔ [8969/8995] Built OAI.Combinatorics.ThinTrees.DeterminantCalculus (6.2s)
✔ [8970/8995] Built OAI.Combinatorics.ThinTrees.MixedPolynomial (5.6s)
✔ [8971/8995] Built OAI.Combinatorics.ThinTrees.Affine (5.5s)
✔ [8972/8995] Built OAI.Combinatorics.ThinTrees.RankOne (5.3s)
✔ [8973/8995] Built OAI.Combinatorics.ThinTrees.RootBound (5.8s)
✔ [8974/8995] Built OAI.Combinatorics.ThinTrees.OptionalDirections (5.6s)
✔ [8975/8995] Built OAI.Combinatorics.ThinTrees.Interlacing (5.6s)
✔ [8976/8995] Built OAI.Combinatorics.ThinTrees.Characteristic (5.4s)
✔ [8977/8995] Built OAI.Combinatorics.ThinTrees.Monicity (5.1s)
✔ [8978/8995] Built OAI.Combinatorics.ThinTrees.RealRoots (5.4s)
✔ [8979/8995] Built OAI.Combinatorics.ThinTrees.FiniteSelection (5.1s)
✔ [8980/8995] Built OAI.Combinatorics.ThinTrees.Translation (5.6s)
✔ [8981/8995] Built OAI.Combinatorics.ThinTrees.IndependentVectors (5.3s)
✔ [8982/8995] Built OAI.Combinatorics.ThinTrees.Padding (5.3s)
✔ [8983/8995] Built OAI.Combinatorics.ThinTrees.Subisotropic (5.3s)
✔ [8984/8995] Built OAI.Combinatorics.ThinTrees.Blocks (5.5s)
✔ [8985/8995] Built OAI.Combinatorics.ThinTrees.SpectralSplit (5.4s)
✔ [8986/8995] Built OAI.Combinatorics.ThinTrees.TwoSystems (5.5s)
✔ [8987/8995] Built OAI.Combinatorics.ThinTrees.Representation (9.1s)
✔ [8988/8995] Built OAI.Combinatorics.ThinTrees.Normalization (5.7s)
✔ [8989/8995] Built OAI.Combinatorics.ThinTrees.StepBounds (12s)
✔ [8990/8995] Built OAI.Combinatorics.ThinTrees.SparsifyGeometry (5.9s)
✔ [8991/8995] Built OAI.Combinatorics.ThinTrees.Sparsification (5.0s)
✔ [8992/8995] Built OAI.Combinatorics.ThinTrees.Restriction (5.0s)
✔ [8993/8995] Built OAI.Combinatorics.ThinTrees.IterationBounds (5.3s)
✔ [8994/8995] Built OAI.Combinatorics.ThinTrees.Iteration (5.4s)
✔ [8995/8995] Built OAI.Combinatorics.ThinTrees.Main (5.3s)
Build completed successfully (8995 jobs).
== build rc=0 seconds=459
{"theorems": ["OAI.StrongThinTree.strongThinTree"], "defs": ["OAI.StrongThinTree.MultiGraph", "OAI.StrongThinTree.MultiGraph.cut", "OAI.StrongThinTree.MultiGraph.Connected", "OAI.StrongThinTree.MultiGraph.SpanningTree", "OAI.StrongThinTree.MultiGraph.EdgeConnected", "OAI.StrongThinTree.MainStatement"], "json_theorems": ["OAI.StrongThinTree.strongThinTree"], "missing_from_parse": []}
TYPES/DEFS DIFFER StrongThinTree
1,5d0
< /Users/shannon/cc/math/math/lean/Scratch/Challenge_StrongThinTree.lean:38:8:
< warning:
< declaration
< uses
< `sorry`
AXIOMS: 'OAI.StrongThinTree.strongThinTree' depends on axioms: [propext, Classical.choice, Quot.sound] 
== end=2026-10-08T10:41:31Z
