== SubpolynomialLp  module=OAI.Analysis.LpDimension.Main  start=2026-10-09T09:45:50Z
warning: PrimeNumberTheoremAnd: repository '/Users/shannon/cc/math/math/lean/.lake/packages/PrimeNumberTheoremAnd' has local changes
warning: belyi: repository '/Users/shannon/cc/math/math/lean/.lake/packages/belyi' has local changes
warning: formal-schemes: repository '/Users/shannon/cc/math/math/lean/.lake/packages/formal-schemes' has local changes
warning: elliptic-curves: repository '/Users/shannon/cc/math/math/lean/.lake/packages/elliptic-curves' has local changes
warning: tempered-fundamental-groups: repository '/Users/shannon/cc/math/math/lean/.lake/packages/tempered-fundamental-groups' has local changes
warning: oka: repository '/Users/shannon/cc/math/math/lean/.lake/packages/oka' has local changes
warning: orbicurve-cores: repository '/Users/shannon/cc/math/math/lean/.lake/packages/orbicurve-cores' has local changes
warning: pi1: repository '/Users/shannon/cc/math/math/lean/.lake/packages/pi1' has local changes
warning: heights: repository '/Users/shannon/cc/math/math/lean/.lake/packages/heights' has local changes
warning: genl: repository '/Users/shannon/cc/math/math/lean/.lake/packages/genl' has local changes
warning: tate-curves-theta: repository '/Users/shannon/cc/math/math/lean/.lake/packages/tate-curves-theta' has local changes
warning: iut: repository '/Users/shannon/cc/math/math/lean/.lake/packages/iut' has local changes
warning: gromov: repository '/Users/shannon/cc/math/math/lean/.lake/packages/gromov' has local changes
warning: SphereEversion: repository '/Users/shannon/cc/math/math/lean/.lake/packages/SphereEversion' has local changes
warning: schoenflies-lean: repository '/Users/shannon/cc/math/math/lean/.lake/packages/schoenflies-lean' has local changes
warning: ClassFieldTheory: repository '/Users/shannon/cc/math/math/lean/.lake/packages/ClassFieldTheory' has local changes
warning: AINTLIB: repository '/Users/shannon/cc/math/math/lean/.lake/packages/AINTLIB' has local changes
warning: AbsorptionCutoff: repository '/Users/shannon/cc/math/math/lean/.lake/packages/AbsorptionCutoff' has local changes
warning: StrongPNT: repository '/Users/shannon/cc/math/math/lean/.lake/packages/StrongPNT' has local changes
warning: carleson: repository '/Users/shannon/cc/math/math/lean/.lake/packages/carleson' has local changes
warning: rellich-kondrachov: repository '/Users/shannon/cc/math/math/lean/.lake/packages/rellich-kondrachov' has local changes
warning: Zeta3Irrational: repository '/Users/shannon/cc/math/math/lean/.lake/packages/Zeta3Irrational' has local changes
warning: fixed-point-theorems: repository '/Users/shannon/cc/math/math/lean/.lake/packages/fixed-point-theorems' has local changes
✔ [8924/8967] Built OAI.Analysis.LpDimension.Model (5.5s)
✔ [8925/8967] Built OAI.Analysis.LpDimension.ConvexRepresentation (7.8s)
✔ [8926/8967] Built OAI.Analysis.LpDimension.Entropy (8.4s)
✔ [8927/8967] Built OAI.Analysis.LpDimension.HeatKernel (6.9s)
✔ [8928/8967] Built OAI.Analysis.LpDimension.SpectralProjection (6.2s)
✔ [8929/8967] Built OAI.Analysis.LpDimension.HeatLocalization (5.0s)
✔ [8930/8967] Built OAI.Analysis.LpDimension.ElectricalProjection (6.5s)
✔ [8931/8967] Built OAI.Analysis.LpDimension.Parallelogram (6.2s)
✔ [8932/8967] Built OAI.Analysis.LpDimension.GridObstruction (6.1s)
✔ [8933/8967] Built OAI.Analysis.LpDimension.Discretization (6.0s)
✔ [8934/8967] Built OAI.Analysis.LpDimension.Packing (6.1s)
✔ [8935/8967] Built OAI.Analysis.LpDimension.ConvexSelection (6.8s)
✔ [8936/8967] Built OAI.Analysis.LpDimension.Retractions (6.3s)
✔ [8937/8967] Built OAI.Analysis.LpDimension.Sampling (5.8s)
✔ [8938/8967] Built OAI.Analysis.LpDimension.FourierTails (7.6s)
✔ [8939/8967] Built OAI.Analysis.LpDimension.ClippedMoments (6.1s)
✔ [8940/8967] Built OAI.Analysis.LpDimension.StableRetractions (6.1s)
✔ [8941/8967] Built OAI.Analysis.LpDimension.StableIntensity (5.7s)
✔ [8942/8967] Built OAI.Analysis.LpDimension.CompoundPoisson (5.6s)
✔ [8943/8967] Built OAI.Analysis.LpDimension.StableLaw (5.4s)
✔ [8944/8967] Built OAI.Analysis.LpDimension.GradientSampling (6.5s)
✔ [8945/8967] Built OAI.Analysis.LpDimension.SamplingBounds (7.3s)
✔ [8946/8967] Built OAI.Analysis.LpDimension.BelowTwo (7.0s)
✔ [8947/8967] Built OAI.Analysis.LpDimension.SymmetricMoments (7.6s)
✔ [8948/8967] Built OAI.Analysis.LpDimension.PowerEstimates (6.2s)
✔ [8949/8967] Built OAI.Analysis.LpDimension.Pareto (4.0s)
✔ [8950/8967] Built OAI.Analysis.LpDimension.DyadicInterpolation (8.6s)
✔ [8951/8967] Built OAI.Analysis.LpDimension.DyadicRamps (5.6s)
✔ [8952/8967] Built OAI.Analysis.LpDimension.SymmetricLaws (5.0s)
✔ [8953/8967] Built OAI.Analysis.LpDimension.RampLaws (5.0s)
✔ [8954/8967] Built OAI.Analysis.LpDimension.RetractionIntegrals (5.0s)
✔ [8955/8967] Built OAI.Analysis.LpDimension.RampError (5.6s)
✔ [8956/8967] Built OAI.Analysis.LpDimension.RampRetraction (5.4s)
✔ [8957/8967] Built OAI.Analysis.LpDimension.CoordinateLaws (5.5s)
✔ [8958/8967] Built OAI.Analysis.LpDimension.ProjectedRamps (5.9s)
✔ [8959/8967] Built OAI.Analysis.LpDimension.ConvolutionError (5.7s)
✔ [8960/8967] Built OAI.Analysis.LpDimension.GlobalCutoff (5.3s)
✔ [8961/8967] Built OAI.Analysis.LpDimension.GradientLaws (4.0s)
✔ [8962/8967] Built OAI.Analysis.LpDimension.RampSum (6.7s)
✔ [8963/8967] Built OAI.Analysis.LpDimension.CutoffEnvelope (10s)
✔ [8964/8967] Built OAI.Analysis.LpDimension.AboveParameters (8.1s)
✔ [8965/8967] Built OAI.Analysis.LpDimension.AboveTwo (5.6s)
✔ [8966/8967] Built OAI.Analysis.LpDimension.LogLimits (4.9s)
✔ [8967/8967] Built OAI.Analysis.LpDimension.Main (4.0s)
Build completed successfully (8967 jobs).
== build rc=0 seconds=275
{"theorems": ["OAI.SubpolynomialLp.source_main"], "defs": ["OAI.SubpolynomialLp.coordinateDistance", "OAI.SubpolynomialLp.GoodDimension", "OAI.SubpolynomialLp.dimension", "OAI.SubpolynomialLp.gamma"], "json_theorems": ["OAI.SubpolynomialLp.source_main"], "missing_from_parse": []}
TYPES/DEFS DIFFER SubpolynomialLp
1,5d0
< /Users/shannon/cc/math/math/lean/Scratch/Challenge_SubpolynomialLp.lean:32:8:
< warning:
< declaration
< uses
< `sorry`
AXIOMS: 'OAI.SubpolynomialLp.source_main' depends on axioms: [propext, Classical.choice, Quot.sound] 
== end=2026-10-09T09:50:44Z
