== Superstring  module=OAI.Computability.Superstring.Main  start=2026-10-08T13:41:40Z
warning: PrimeNumberTheoremAnd: repository '/Users/shannon/cc/math/math/lean/.lake/packages/PrimeNumberTheoremAnd' has local changes
warning: belyi: repository '/Users/shannon/cc/math/math/lean/.lake/packages/belyi' has local changes
warning: formal-schemes: repository '/Users/shannon/cc/math/math/lean/.lake/packages/formal-schemes' has local changes
warning: elliptic-curves: repository '/Users/shannon/cc/math/math/lean/.lake/packages/elliptic-curves' has local changes
warning: tempered-fundamental-groups: repository '/Users/shannon/cc/math/math/lean/.lake/packages/tempered-fundamental-groups' has local changes
warning: oka: repository '/Users/shannon/cc/math/math/lean/.lake/packages/oka' has local changes
warning: orbicurve-cores: repository '/Users/shannon/cc/math/math/lean/.lake/packages/orbicurve-cores' has local changes
warning: pi1: repository '/Users/shannon/cc/math/math/lean/.lake/packages/pi1' has local changes
warning: heights: repository '/Users/shannon/cc/math/math/lean/.lake/packages/heights' has local changes
warning: genl: repository '/Users/shannon/cc/math/math/lean/.lake/packages/genl' has local changes
warning: tate-curves-theta: repository '/Users/shannon/cc/math/math/lean/.lake/packages/tate-curves-theta' has local changes
warning: iut: repository '/Users/shannon/cc/math/math/lean/.lake/packages/iut' has local changes
warning: gromov: repository '/Users/shannon/cc/math/math/lean/.lake/packages/gromov' has local changes
warning: SphereEversion: repository '/Users/shannon/cc/math/math/lean/.lake/packages/SphereEversion' has local changes
warning: schoenflies-lean: repository '/Users/shannon/cc/math/math/lean/.lake/packages/schoenflies-lean' has local changes
warning: ClassFieldTheory: repository '/Users/shannon/cc/math/math/lean/.lake/packages/ClassFieldTheory' has local changes
warning: AINTLIB: repository '/Users/shannon/cc/math/math/lean/.lake/packages/AINTLIB' has local changes
warning: AbsorptionCutoff: repository '/Users/shannon/cc/math/math/lean/.lake/packages/AbsorptionCutoff' has local changes
warning: StrongPNT: repository '/Users/shannon/cc/math/math/lean/.lake/packages/StrongPNT' has local changes
warning: carleson: repository '/Users/shannon/cc/math/math/lean/.lake/packages/carleson' has local changes
warning: rellich-kondrachov: repository '/Users/shannon/cc/math/math/lean/.lake/packages/rellich-kondrachov' has local changes
warning: Zeta3Irrational: repository '/Users/shannon/cc/math/math/lean/.lake/packages/Zeta3Irrational' has local changes
warning: fixed-point-theorems: repository '/Users/shannon/cc/math/math/lean/.lake/packages/fixed-point-theorems' has local changes
✔ [8924/8974] Built OAI.Computability.Superstring.Model (7.8s)
✔ [8925/8974] Built OAI.Computability.Superstring.Hierarchical (11s)
✔ [8926/8974] Built OAI.Computability.Superstring.Counts (12s)
✔ [8927/8974] Built OAI.Computability.Superstring.Input (7.7s)
✔ [8928/8974] Built OAI.Computability.Superstring.Periods (8.2s)
✔ [8929/8974] Built OAI.Computability.Superstring.Threads (7.4s)
✔ [8930/8974] Built OAI.Computability.Superstring.Groups (7.2s)
✔ [8931/8974] Built OAI.Computability.Superstring.Counting (9.3s)
✔ [8932/8974] Built OAI.Computability.Superstring.Records (8.5s)
✔ [8933/8974] Built OAI.Computability.Superstring.Windows (8.2s)
✔ [8934/8974] Built OAI.Computability.Superstring.HostNormalization (10s)
✔ [8935/8974] Built OAI.Computability.Superstring.Collections (8.7s)
✔ [8936/8974] Built OAI.Computability.Superstring.Distribution (8.3s)
✔ [8937/8974] Built OAI.Computability.Superstring.Attachments (8.5s)
✔ [8938/8974] Built OAI.Computability.Superstring.Schedule (7.4s)
✔ [8939/8974] Built OAI.Computability.Superstring.Instructions (7.5s)
✔ [8940/8974] Built OAI.Computability.Superstring.Programs (7.3s)
✔ [8941/8974] Built OAI.Computability.Superstring.Clock (7.8s)
✔ [8942/8974] Built OAI.Computability.Superstring.PolynomialTime (7.2s)
✔ [8943/8974] Built OAI.Computability.Superstring.Parsing (7.3s)
✔ [8944/8974] Built OAI.Computability.Superstring.Iteration (7.2s)
✔ [8945/8974] Built OAI.Computability.Superstring.Encoding (7.0s)
✔ [8946/8974] Built OAI.Computability.Superstring.Combinators (7.2s)
✔ [8947/8974] Built OAI.Computability.Superstring.Arithmetic (8.4s)
✔ [8948/8974] Built OAI.Computability.Superstring.Computable (8.3s)
✔ [8949/8974] Built OAI.Computability.Superstring.Tables (7.0s)
✔ [8950/8974] Built OAI.Computability.Superstring.PrefixMatching (8.2s)
✔ [8951/8974] Built OAI.Computability.Superstring.ThreadSupport (10s)
✔ [8952/8974] Built OAI.Computability.Superstring.WalkCode (8.0s)
✔ [8953/8974] Built OAI.Computability.Superstring.LayerCode (8.4s)
✔ [8954/8974] Built OAI.Computability.Superstring.GeoCore (12s)
✔ [8955/8974] Built OAI.Computability.Superstring.LayerBridge (7.9s)
✔ [8956/8974] Built OAI.Computability.Superstring.LocalCode (8.2s)
✔ [8957/8974] Built OAI.Computability.Superstring.BlockClose (8.6s)
✔ [8958/8974] Built OAI.Computability.Superstring.FactoryPoly (8.8s)
✔ [8959/8974] Built OAI.Computability.Superstring.DistributeCode (9.6s)
✔ [8960/8974] Built OAI.Computability.Superstring.GroupSupply (7.9s)
✔ [8961/8974] Built OAI.Computability.Superstring.LexCode (7.1s)
✔ [8962/8974] Built OAI.Computability.Superstring.GroupBridge (8.0s)
✔ [8963/8974] Built OAI.Computability.Superstring.CollectionCode (7.8s)
✔ [8964/8974] Built OAI.Computability.Superstring.CountSort (7.6s)
✔ [8965/8974] Built OAI.Computability.Superstring.RequestAttachment (7.4s)
✔ [8966/8974] Built OAI.Computability.Superstring.HostNormalized (9.7s)
✔ [8967/8974] Built OAI.Computability.Superstring.HostComplete (7.4s)
✔ [8968/8974] Built OAI.Computability.Superstring.UpperController (8.8s)
✔ [8969/8974] Built OAI.Computability.Superstring.FibreSelect (9.1s)
✔ [8970/8974] Built OAI.Computability.Superstring.SchedulerCode (7.6s)
✔ [8971/8974] Built OAI.Computability.Superstring.GroupPoly (14s)
✔ [8972/8974] Built OAI.Computability.Superstring.SchedulerMachine (8.0s)
✔ [8973/8974] Built OAI.Computability.Superstring.WalkOutput (18s)
✔ [8974/8974] Built OAI.Computability.Superstring.Main (7.2s)
Build completed successfully (8974 jobs).
== build rc=0 seconds=456
{"theorems": ["OAI.Superstring.main"], "defs": ["OAI.Superstring.Symbol", "OAI.Superstring.Word", "OAI.Superstring.Instance", "OAI.Superstring.encodeList", "OAI.Superstring.encodeSymbol", "OAI.Superstring.encodeWord", "OAI.Superstring.encodeInstance", "OAI.Superstring.IsCommonSuperstring", "OAI.Superstring.opt", "OAI.Superstring.HasPolynomialImplementation"], "json_theorems": ["OAI.Superstring.main"], "missing_from_parse": []}
TYPES/DEFS DIFFER Superstring
1,5d0
< /Users/shannon/cc/math/math/lean/Scratch/Challenge_Superstring.lean:36:8:
< warning:
< declaration
< uses
< `sorry`
AXIOMS: 'OAI.Superstring.main' depends on axioms: [propext, Classical.choice, Quot.sound] 
== end=2026-10-08T13:49:44Z
