== SwitchChain  module=OAI.Probability.SwitchChain.Main  start=2026-10-08T13:32:51Z
warning: PrimeNumberTheoremAnd: repository '/Users/shannon/cc/math/math/lean/.lake/packages/PrimeNumberTheoremAnd' has local changes
warning: belyi: repository '/Users/shannon/cc/math/math/lean/.lake/packages/belyi' has local changes
warning: formal-schemes: repository '/Users/shannon/cc/math/math/lean/.lake/packages/formal-schemes' has local changes
warning: elliptic-curves: repository '/Users/shannon/cc/math/math/lean/.lake/packages/elliptic-curves' has local changes
warning: tempered-fundamental-groups: repository '/Users/shannon/cc/math/math/lean/.lake/packages/tempered-fundamental-groups' has local changes
warning: oka: repository '/Users/shannon/cc/math/math/lean/.lake/packages/oka' has local changes
warning: orbicurve-cores: repository '/Users/shannon/cc/math/math/lean/.lake/packages/orbicurve-cores' has local changes
warning: pi1: repository '/Users/shannon/cc/math/math/lean/.lake/packages/pi1' has local changes
warning: heights: repository '/Users/shannon/cc/math/math/lean/.lake/packages/heights' has local changes
warning: genl: repository '/Users/shannon/cc/math/math/lean/.lake/packages/genl' has local changes
warning: tate-curves-theta: repository '/Users/shannon/cc/math/math/lean/.lake/packages/tate-curves-theta' has local changes
warning: iut: repository '/Users/shannon/cc/math/math/lean/.lake/packages/iut' has local changes
warning: gromov: repository '/Users/shannon/cc/math/math/lean/.lake/packages/gromov' has local changes
warning: SphereEversion: repository '/Users/shannon/cc/math/math/lean/.lake/packages/SphereEversion' has local changes
warning: schoenflies-lean: repository '/Users/shannon/cc/math/math/lean/.lake/packages/schoenflies-lean' has local changes
warning: ClassFieldTheory: repository '/Users/shannon/cc/math/math/lean/.lake/packages/ClassFieldTheory' has local changes
warning: AINTLIB: repository '/Users/shannon/cc/math/math/lean/.lake/packages/AINTLIB' has local changes
warning: AbsorptionCutoff: repository '/Users/shannon/cc/math/math/lean/.lake/packages/AbsorptionCutoff' has local changes
warning: StrongPNT: repository '/Users/shannon/cc/math/math/lean/.lake/packages/StrongPNT' has local changes
warning: carleson: repository '/Users/shannon/cc/math/math/lean/.lake/packages/carleson' has local changes
warning: rellich-kondrachov: repository '/Users/shannon/cc/math/math/lean/.lake/packages/rellich-kondrachov' has local changes
warning: Zeta3Irrational: repository '/Users/shannon/cc/math/math/lean/.lake/packages/Zeta3Irrational' has local changes
warning: fixed-point-theorems: repository '/Users/shannon/cc/math/math/lean/.lake/packages/fixed-point-theorems' has local changes
✔ [8924/9088] Built OAI.Probability.SwitchChain.PairOrbit (21s)
✔ [8925/9088] Built OAI.Probability.SwitchChain.UnorderedPairSums (21s)
✔ [8926/9088] Built OAI.Probability.SwitchChain.SliceGramScalars (22s)
✔ [8927/9088] Built OAI.Probability.SwitchChain.SliceEuclideanGenerator (22s)
✔ [8928/9088] Built OAI.Probability.SwitchChain.SliceBounds (23s)
✔ [8929/9088] Built OAI.Probability.SwitchChain.SliceGenerator (23s)
✔ [8930/9088] Built OAI.Probability.SwitchChain.GramComparison (26s)
✔ [8931/9088] Built OAI.Probability.SwitchChain.FrameSynthesis (28s)
✔ [8932/9088] Built OAI.Probability.SwitchChain.SliceEquality (22s)
✔ [8933/9088] Built OAI.Probability.SwitchChain.SliceCoefficientAlgebra (23s)
✔ [8934/9088] Built OAI.Probability.SwitchChain.CrossCovariance (22s)
✔ [8935/9088] Built OAI.Probability.SwitchChain.SliceMoments (23s)
✔ [8936/9088] Built OAI.Probability.SwitchChain.RankOneInteraction (23s)
✔ [8937/9088] Built OAI.Probability.SwitchChain.CrossMatrix (22s)
✔ [8938/9088] Built OAI.Probability.SwitchChain.BinaryAssignments (21s)
✔ [8939/9088] Built OAI.Probability.SwitchChain.DisjointEncoding (20s)
✔ [8940/9088] Built OAI.Probability.SwitchChain.ProjectionTools (21s)
✔ [8941/9088] Built OAI.Probability.SwitchChain.TransitiveAverage (20s)
✔ [8942/9088] Built OAI.Probability.SwitchChain.PermutationFactors (22s)
✔ [8943/9088] Built OAI.Probability.SwitchChain.TripleProjectionBridge (22s)
✔ [8944/9088] Built OAI.Probability.SwitchChain.PairAggregation (22s)
✔ [8945/9088] Built OAI.Probability.SwitchChain.CountEigenvalue (20s)
✔ [8946/9088] Built OAI.Probability.SwitchChain.PermutationPathComparison (24s)
✔ [8947/9088] Built OAI.Probability.SwitchChain.WeightedConditionalVariance (26s)
✔ [8948/9088] Built OAI.Probability.SwitchChain.CountCoupling (20s)
✔ [8949/9088] Built OAI.Probability.SwitchChain.FiberLabelCounting (20s)
✔ [8950/9088] Built OAI.Probability.SwitchChain.InitialTV (20s)
✔ [8951/9088] Built OAI.Probability.SwitchChain.FixedBlockPartitions (20s)
✔ [8952/9088] Built OAI.Probability.SwitchChain.FiniteKernelAlgebra (21s)
✔ [8953/9088] Built OAI.Probability.SwitchChain.EnergyTransfer (24s)
✔ [8954/9088] Built OAI.Probability.SwitchChain.MixingArithmetic (22s)
✔ [8955/9088] Built OAI.Probability.SwitchChain.SpectralFromSquare (20s)
✔ [8956/9088] Built OAI.Probability.SwitchChain.SwitchWitness (17s)
✔ [8957/9088] Built OAI.Probability.SwitchChain.NeighborAlignment (19s)
✔ [8958/9088] Built OAI.Probability.SwitchChain.Definitions (17s)
✔ [8959/9088] Built OAI.Probability.SwitchChain.HavelInduction (18s)
✔ [8960/9088] Built OAI.Probability.SwitchChain.SliceGeneratorSampling (19s)
✔ [8961/9088] Built OAI.Probability.SwitchChain.SliceGramConstant (18s)
✔ [8962/9088] Built OAI.Probability.SwitchChain.SliceGramAction (19s)
✔ [8963/9088] Built OAI.Probability.SwitchChain.SliceSynthesis (21s)
✔ [8964/9088] Built OAI.Probability.SwitchChain.SliceImageNorm (18s)
✔ [8965/9088] Built OAI.Probability.SwitchChain.SliceGramOrbit (18s)
✔ [8966/9088] Built OAI.Probability.SwitchChain.SliceNormalizedFamily (20s)
✔ [8967/9088] Built OAI.Probability.SwitchChain.ProjectionRangeInteraction (21s)
✔ [8968/9088] Built OAI.Probability.SwitchChain.DisjointReconstruct (19s)
✔ [8969/9088] Built OAI.Probability.SwitchChain.CrossCellMoments (22s)
✔ [8970/9088] Built OAI.Probability.SwitchChain.SlicePermutationAction (19s)
✔ [8971/9088] Built OAI.Probability.SwitchChain.CountCovering (18s)
✔ [8972/9088] Built OAI.Probability.SwitchChain.CrossIndependent (30s)
✔ [8973/9088] Built OAI.Probability.SwitchChain.TripleCountLaw (21s)
✔ [8974/9088] Built OAI.Probability.SwitchChain.FixedBlockCount (19s)
✔ [8975/9088] Built OAI.Probability.SwitchChain.BinaryColumnPartitions (19s)
✔ [8976/9088] Built OAI.Probability.SwitchChain.PermutationGenerator (20s)
✔ [8977/9088] Built OAI.Probability.SwitchChain.PairFiber (18s)
✔ [8978/9088] Built OAI.Probability.SwitchChain.FiniteKernelTV (20s)
✔ [8979/9088] Built OAI.Probability.SwitchChain.ProposalUniqueness (17s)
✔ [8980/9088] Built OAI.Probability.SwitchChain.PairFibers (20s)
✔ [8981/9088] Built OAI.Probability.SwitchChain.OrthogonalPairResampling (22s)
✔ [8982/9088] Built OAI.Probability.SwitchChain.TripleInternalEncoding (20s)
✔ [8983/9088] Built OAI.Probability.SwitchChain.MixingTimeFromTV (18s)
✔ [8984/9088] Built OAI.Probability.SwitchChain.InitialTVGraph (21s)
✔ [8985/9088] Built OAI.Probability.SwitchChain.MatchingCount (19s)
✔ [8986/9088] Built OAI.Probability.SwitchChain.SwitchFoundations (18s)
✔ [8987/9088] Built OAI.Probability.SwitchChain.SliceGeneratorEquality (17s)
✔ [8988/9088] Built OAI.Probability.SwitchChain.SliceSynthesisAction (17s)
✔ [8989/9088] Built OAI.Probability.SwitchChain.SliceFrameProjection (18s)
✔ [8990/9088] Built OAI.Probability.SwitchChain.SliceGramProfile (18s)
✔ [8991/9088] Built OAI.Probability.SwitchChain.TripleStateReindex (41s)
✔ [8992/9088] Built OAI.Probability.SwitchChain.DisjointBoundary (17s)
✔ [8993/9088] Built OAI.Probability.SwitchChain.DisjointInternal (19s)
✔ [8994/9088] Built OAI.Probability.SwitchChain.SlicePathComparison (18s)
✔ [8995/9088] Built OAI.Probability.SwitchChain.CountEigenEquation (23s)
✔ [8996/9088] Built OAI.Probability.SwitchChain.ForcedColumns (18s)
✔ [8997/9088] Built OAI.Probability.SwitchChain.FixedBlockVariance (19s)
✔ [8998/9088] Built OAI.Probability.SwitchChain.PairFiberDegree (19s)
✔ [8999/9088] Built OAI.Probability.SwitchChain.CrossCellConditionalExpectation (18s)
✔ [9000/9088] Built OAI.Probability.SwitchChain.CellProjectionTransport (19s)
✔ [9001/9088] Built OAI.Probability.SwitchChain.PairTripleBridge (19s)
✔ [9002/9088] Built OAI.Probability.SwitchChain.DisjointFiberCell (17s)
✔ [9003/9088] Built OAI.Probability.SwitchChain.PairRangeInteraction (17s)
✔ [9004/9088] Built OAI.Probability.SwitchChain.PairProjectionCell (18s)
✔ [9005/9088] Built OAI.Probability.SwitchChain.PairFiberRedundancy (17s)
✔ [9006/9088] Built OAI.Probability.SwitchChain.KernelNormalization (17s)
✔ [9007/9088] Built OAI.Probability.SwitchChain.TripleMatrixEncoding (19s)
✔ [9008/9088] Built OAI.Probability.SwitchChain.SwitchPairFiber (19s)
✔ [9009/9088] Built OAI.Probability.SwitchChain.FourVertexSwitch (19s)
✔ [9010/9088] Built OAI.Probability.SwitchChain.SliceActualSynthesis (19s)
✔ [9011/9088] Built OAI.Probability.SwitchChain.SliceSynthesisBounds (16s)
✔ [9012/9088] Built OAI.Probability.SwitchChain.TripleCountEigenvalue (16s)
✔ [9013/9088] Built OAI.Probability.SwitchChain.DisjointRealization (18s)
✔ [9014/9088] Built OAI.Probability.SwitchChain.PairFiberEquiv (17s)
✔ [9015/9088] Built OAI.Probability.SwitchChain.FixedBlockMarginal (18s)
✔ [9016/9088] Built OAI.Probability.SwitchChain.CrossCellAffineComposition (18s)
✔ [9017/9088] Built OAI.Probability.SwitchChain.TripleCellVarianceGluing (19s)
✔ [9018/9088] Built OAI.Probability.SwitchChain.DisjointProjectionCell (18s)
✔ [9019/9088] Built OAI.Probability.SwitchChain.DisjointCellGlobal (18s)
✔ [9020/9088] Built OAI.Probability.SwitchChain.SwitchTV (18s)
✔ [9021/9088] Built OAI.Probability.SwitchChain.SwitchLaplacian (17s)
✔ [9022/9088] Built OAI.Probability.SwitchChain.SwitchInFiber (17s)
✔ [9023/9088] Built OAI.Probability.SwitchChain.TripleGraphEncoding (18s)
✔ [9024/9088] Built OAI.Probability.SwitchChain.SwitchMultiplicity (19s)
✔ [9025/9088] Built OAI.Probability.SwitchChain.FrozenRows (17s)
✔ [9026/9088] Built OAI.Probability.SwitchChain.SliceOperatorComparison (20s)
✔ [9027/9088] Built OAI.Probability.SwitchChain.TripleCountGram (17s)
✔ [9028/9088] Built OAI.Probability.SwitchChain.DisjointStateCell (17s)
✔ [9029/9088] Built OAI.Probability.SwitchChain.DisjointFiberCoordinates (19s)
✔ [9030/9088] Built OAI.Probability.SwitchChain.PairFiberBridge (18s)
✔ [9031/9088] Built OAI.Probability.SwitchChain.DisjointCoordinateFeasibility (19s)
✔ [9032/9088] Built OAI.Probability.SwitchChain.TripleMatrixFinEquiv (16s)
✔ [9033/9088] Built OAI.Probability.SwitchChain.FiniteVarianceDecomposition (17s)
✔ [9034/9088] Built OAI.Probability.SwitchChain.TriplePairFiber (19s)
✔ [9035/9088] Built OAI.Probability.SwitchChain.ProposalLaplacian (17s)
✔ [9036/9088] Built OAI.Probability.SwitchChain.PairTradeSwitch (17s)
✔ [9037/9088] Built OAI.Probability.SwitchChain.HavelConnectivity (16s)
✔ [9038/9088] Built OAI.Probability.SwitchChain.PairFiberTransport (16s)
✔ [9039/9088] Built OAI.Probability.SwitchChain.SliceProjectionComparison (20s)
✔ [9040/9088] Built OAI.Probability.SwitchChain.PairFiberOrientation (17s)
✔ [9041/9088] Built OAI.Probability.SwitchChain.PairEqualityProjection (21s)
✔ [9042/9088] Built OAI.Probability.SwitchChain.PairFiberSliceComparison (18s)
✔ [9043/9088] Built OAI.Probability.SwitchChain.PairFiberEnergy (21s)
✔ [9044/9088] Built OAI.Probability.SwitchChain.FiniteVarianceEuclidean (17s)
✔ [9045/9088] Built OAI.Probability.SwitchChain.DisjointCellCounting (21s)
✔ [9046/9088] Built OAI.Probability.SwitchChain.VariableBlockVariance (17s)
✔ [9047/9088] Built OAI.Probability.SwitchChain.PairSquaredEnergy (17s)
✔ [9048/9088] Built OAI.Probability.SwitchChain.TripleCellTransport (18s)
✔ [9049/9088] Built OAI.Probability.SwitchChain.PairSwapInjectivity (17s)
✔ [9050/9088] Built OAI.Probability.SwitchChain.MainFromGap (17s)
✔ [9051/9088] Built OAI.Probability.SwitchChain.PairFiberConnectivity (17s)
✔ [9052/9088] Built OAI.Probability.SwitchChain.SliceReindexedComparison (20s)
✔ [9053/9088] Built OAI.Probability.SwitchChain.PairEqualityOrientation (21s)
✔ [9054/9088] Built OAI.Probability.SwitchChain.PairEqualityLocalization (20s)
✔ [9055/9088] Built OAI.Probability.SwitchChain.PairCrossToggleTransport (19s)
✔ [9056/9088] Built OAI.Probability.SwitchChain.PairEqualitySlice (20s)
✔ [9057/9088] Built OAI.Probability.SwitchChain.BalancedBlockVariance (21s)
✔ [9058/9088] Built OAI.Probability.SwitchChain.DisjointStateLaw (29s)
✔ [9059/9088] Built OAI.Probability.SwitchChain.PairAssignmentMoves (21s)
✔ [9060/9088] Built OAI.Probability.SwitchChain.SwitchFlip (24s)
✔ [9061/9088] Built OAI.Probability.SwitchChain.PairPoincare (23s)
✔ [9062/9088] Built OAI.Probability.SwitchChain.SliceCardEncoding (22s)
✔ [9063/9088] Built OAI.Probability.SwitchChain.PairEqualityUnordered (25s)
✔ [9064/9088] Built OAI.Probability.SwitchChain.PairFiberEqualityTransport (24s)
✔ [9065/9088] Built OAI.Probability.SwitchChain.MatrixRowVariance (24s)
✔ [9066/9088] Built OAI.Probability.SwitchChain.DisjointCrossCellEquiv (23s)
✔ [9067/9088] Built OAI.Probability.SwitchChain.DisjointEqualityFlags (23s)
✔ [9068/9088] Built OAI.Probability.SwitchChain.PairEqualityRestriction (30s)
✔ [9069/9088] Built OAI.Probability.SwitchChain.PairSwapFlip (25s)
✔ [9070/9088] Built OAI.Probability.SwitchChain.PairLocalComparison (26s)
✔ [9071/9088] Built OAI.Probability.SwitchChain.CrossTogglePairs (23s)
✔ [9072/9088] Built OAI.Probability.SwitchChain.PairAffineInteraction (26s)
✔ [9073/9088] Built OAI.Probability.SwitchChain.PairSwitchComparison (20s)
✔ [9074/9088] Built OAI.Probability.SwitchChain.PairGeneratorSquare (19s)
✔ [9075/9088] Built OAI.Probability.SwitchChain.PairEqualityUnorderedSum (19s)
✔ [9076/9088] Built OAI.Probability.SwitchChain.TripleActualRowBound (21s)
✔ [9077/9088] Built OAI.Probability.SwitchChain.DisjointGraphAffine (19s)
✔ [9078/9088] Built OAI.Probability.SwitchChain.PairSwapFlipProjection (18s)
✔ [9079/9088] Built OAI.Probability.SwitchChain.CrossToggleCells (17s)
✔ [9080/9088] Built OAI.Probability.SwitchChain.LocalGapEndgame (16s)
✔ [9081/9088] Built OAI.Probability.SwitchChain.PairDisjointBudget (16s)
✔ [9082/9088] Built OAI.Probability.SwitchChain.ActualTripleSquare (16s)
✔ [9083/9088] Built OAI.Probability.SwitchChain.PairActualAffine (17s)
✔ [9084/9088] Built OAI.Probability.SwitchChain.PairEqualityBudget (17s)
✔ [9085/9088] Built OAI.Probability.SwitchChain.CrossToggleGain (15s)
✔ [9086/9088] Built OAI.Probability.SwitchChain.PairDisjointAssembly (13s)
✔ [9087/9088] Built OAI.Probability.SwitchChain.PairEqualityBudgetUnordered (13s)
✔ [9088/9088] Built OAI.Probability.SwitchChain.Main (8.5s)
Build completed successfully (9088 jobs).
== build rc=0 seconds=452
{"theorems": ["OAI.Problem315.switch_chain_main", "OAI.Problem315.switch_chain_tv_bound", "OAI.Problem315.switch_connectivity"], "defs": ["OAI.Problem315.graphDegree", "OAI.Problem315.Realizes", "OAI.Problem315.GraphState", "OAI.Problem315.Graphical", "OAI.Problem315.FourSet", "OAI.Problem315.IsPerfectMatchingOn", "OAI.Problem315.PerfectMatching", "OAI.Problem315.SwitchProposal", "OAI.Problem315.removedMatching", "OAI.Problem315.addedMatching", "OAI.Problem315.validSwitch", "OAI.Problem315.replaceEdges", "OAI.Problem315.proposalResult", "OAI.Problem315.allGraphStates", "OAI.Problem315.allProposals", "OAI.Problem315.stateCount", "OAI.Problem315.switchKernel", "OAI.Problem315.kernelPow", "OAI.Problem315.uniformAverage", "OAI.Problem315.uniformInner", "OAI.Problem315.uniformVariance", "OAI.Problem315.markovApply", "OAI.Problem315.dirichletEnergy", "OAI.Problem315.hasSpectralGapAtLeast", "OAI.Problem315.tvDistanceFrom", "OAI.Problem315.MixedAt", "OAI.Problem315.mixingTime", "OAI.Problem315.SwitchStep"], "json_theorems": ["OAI.Problem315.switch_chain_main", "OAI.Problem315.switch_chain_tv_bound", "OAI.Problem315.switch_connectivity"], "missing_from_parse": []}
TYPES/DEFS DIFFER SwitchChain
1,15d0
< /Users/shannon/cc/math/math/lean/Scratch/Challenge_SwitchChain.lean:155:8:
< warning:
< declaration
< uses
< `sorry`
< /Users/shannon/cc/math/math/lean/Scratch/Challenge_SwitchChain.lean:159:8:
< warning:
< declaration
< uses
< `sorry`
< /Users/shannon/cc/math/math/lean/Scratch/Challenge_SwitchChain.lean:163:8:
< warning:
< declaration
< uses
< `sorry`
AXIOMS: 'OAI.Problem315.switch_chain_main' depends on axioms: [propext, Classical.choice, Quot.sound] 'OAI.Problem315.switch_chain_tv_bound' depends on axioms: [propext, Classical.choice, Quot.sound] 'OAI.Problem315.switch_connectivity' depends on axioms: [propext, Classical.choice, Quot.sound] 
== end=2026-10-08T13:40:52Z
