== SymmetricPolar  module=OAI.Geometry.PolarProducts.Main  start=2026-10-09T16:00:00Z
warning: PrimeNumberTheoremAnd: repository '/Users/shannon/cc/math/math/lean/.lake/packages/PrimeNumberTheoremAnd' has local changes
warning: belyi: repository '/Users/shannon/cc/math/math/lean/.lake/packages/belyi' has local changes
warning: formal-schemes: repository '/Users/shannon/cc/math/math/lean/.lake/packages/formal-schemes' has local changes
warning: elliptic-curves: repository '/Users/shannon/cc/math/math/lean/.lake/packages/elliptic-curves' has local changes
warning: tempered-fundamental-groups: repository '/Users/shannon/cc/math/math/lean/.lake/packages/tempered-fundamental-groups' has local changes
warning: oka: repository '/Users/shannon/cc/math/math/lean/.lake/packages/oka' has local changes
warning: orbicurve-cores: repository '/Users/shannon/cc/math/math/lean/.lake/packages/orbicurve-cores' has local changes
warning: pi1: repository '/Users/shannon/cc/math/math/lean/.lake/packages/pi1' has local changes
warning: heights: repository '/Users/shannon/cc/math/math/lean/.lake/packages/heights' has local changes
warning: genl: repository '/Users/shannon/cc/math/math/lean/.lake/packages/genl' has local changes
warning: tate-curves-theta: repository '/Users/shannon/cc/math/math/lean/.lake/packages/tate-curves-theta' has local changes
warning: iut: repository '/Users/shannon/cc/math/math/lean/.lake/packages/iut' has local changes
warning: gromov: repository '/Users/shannon/cc/math/math/lean/.lake/packages/gromov' has local changes
warning: SphereEversion: repository '/Users/shannon/cc/math/math/lean/.lake/packages/SphereEversion' has local changes
warning: schoenflies-lean: repository '/Users/shannon/cc/math/math/lean/.lake/packages/schoenflies-lean' has local changes
warning: ClassFieldTheory: repository '/Users/shannon/cc/math/math/lean/.lake/packages/ClassFieldTheory' has local changes
warning: AINTLIB: repository '/Users/shannon/cc/math/math/lean/.lake/packages/AINTLIB' has local changes
warning: AbsorptionCutoff: repository '/Users/shannon/cc/math/math/lean/.lake/packages/AbsorptionCutoff' has local changes
warning: StrongPNT: repository '/Users/shannon/cc/math/math/lean/.lake/packages/StrongPNT' has local changes
warning: carleson: repository '/Users/shannon/cc/math/math/lean/.lake/packages/carleson' has local changes
warning: rellich-kondrachov: repository '/Users/shannon/cc/math/math/lean/.lake/packages/rellich-kondrachov' has local changes
warning: Zeta3Irrational: repository '/Users/shannon/cc/math/math/lean/.lake/packages/Zeta3Irrational' has local changes
warning: fixed-point-theorems: repository '/Users/shannon/cc/math/math/lean/.lake/packages/fixed-point-theorems' has local changes
✔ [8924/8969] Built OAI.Geometry.PolarProducts.Model (5.2s)
✔ [8925/8969] Built OAI.Geometry.PolarProducts.Contraction (5.7s)
✔ [8926/8969] Built OAI.Geometry.PolarProducts.SmoothPaths (6.0s)
✔ [8927/8969] Built OAI.Geometry.PolarProducts.LocalODE (6.4s)
✔ [8928/8969] Built OAI.Geometry.PolarProducts.CompleteFlow (6.9s)
✔ [8929/8969] Built OAI.Geometry.PolarProducts.SmoothFlow (6.5s)
✔ [8930/8969] Built OAI.Geometry.PolarProducts.TensorCalculus (8.4s)
✔ [8931/8969] Built OAI.Geometry.PolarProducts.MoserField (8.3s)
✔ [8932/8969] Built OAI.Geometry.PolarProducts.MoserFlow (7.3s)
✔ [8933/8969] Built OAI.Geometry.PolarProducts.PotentialForms (7.6s)
✔ [8934/8969] Built OAI.Geometry.PolarProducts.PotentialDeformation (6.0s)
✔ [8935/8969] Built OAI.Geometry.PolarProducts.RegularizedMaximum (6.1s)
✔ [8936/8969] Built OAI.Geometry.PolarProducts.RadialMap (6.6s)
✔ [8937/8969] Built OAI.Geometry.PolarProducts.HolomorphicBalls (6.7s)
✔ [8938/8969] Built OAI.Geometry.PolarProducts.LogProfile (7.7s)
✔ [8939/8969] Built OAI.Geometry.PolarProducts.LensMap (6.6s)
✔ [8940/8969] Built OAI.Geometry.PolarProducts.LensArea (7.1s)
✔ [8941/8969] Built OAI.Geometry.PolarProducts.LensEstimates (7.9s)
✔ [8942/8969] Built OAI.Geometry.PolarProducts.HorizontalIntegrals (6.8s)
✔ [8943/8969] Built OAI.Geometry.PolarProducts.TipEstimates (6.5s)
✔ [8944/8969] Built OAI.Geometry.PolarProducts.LensBounds (6.8s)
✔ [8945/8969] Built OAI.Geometry.PolarProducts.StripMaps (10s)
✔ [8946/8969] Built OAI.Geometry.PolarProducts.StripEmbedding (9.3s)
✔ [8947/8969] Built OAI.Geometry.PolarProducts.MomentumBounds (7.4s)
✔ [8948/8969] Built OAI.Geometry.PolarProducts.PolarApproximation (8.8s)
✔ [8949/8969] Built OAI.Geometry.PolarProducts.LowerBound (5.4s)
✔ [8950/8969] Built OAI.Geometry.PolarProducts.SmoothDegree (6.4s)
✔ [8951/8969] Built OAI.Geometry.PolarProducts.FiniteDescent (6.3s)
✔ [8952/8969] Built OAI.Geometry.PolarProducts.GradientLinking (6.4s)
✔ [8953/8969] Built OAI.Geometry.PolarProducts.FourierIntegrals (5.8s)
✔ [8954/8969] Built OAI.Geometry.PolarProducts.FourierPaths (8.8s)
✔ [8955/8969] Built OAI.Geometry.PolarProducts.QuadraticAction (6.6s)
✔ [8956/8969] Built OAI.Geometry.PolarProducts.GalerkinBounds (7.8s)
✔ [8957/8969] Built OAI.Geometry.PolarProducts.PeriodicFourier (6.6s)
✔ [8958/8969] Built OAI.Geometry.PolarProducts.PeriodicSolutions (6.5s)
✔ [8959/8969] Built OAI.Geometry.PolarProducts.HamiltonianODE (7.2s)
✔ [8960/8969] Built OAI.Geometry.PolarProducts.HamiltonianGrowth (6.8s)
✔ [8961/8969] Built OAI.Geometry.PolarProducts.EmbeddingInverse (6.3s)
✔ [8962/8969] Built OAI.Geometry.PolarProducts.SmoothProfiles (5.7s)
✔ [8963/8969] Built OAI.Geometry.PolarProducts.ExteriorHamiltonian (7.5s)
✔ [8964/8969] Built OAI.Geometry.PolarProducts.Nonsqueezing (6.3s)
✔ [8965/8969] Built OAI.Geometry.PolarProducts.CanonicalCylinder (5.5s)
✔ [8966/8969] Built OAI.Geometry.PolarProducts.PlanarSquare (6.2s)
✔ [8967/8969] Built OAI.Geometry.PolarProducts.CanonicalCoordinates (7.9s)
✔ [8968/8969] Built OAI.Geometry.PolarProducts.UpperBound (6.9s)
✔ [8969/8969] Built OAI.Geometry.PolarProducts.Main (5.1s)
Build completed successfully (8969 jobs).
== build rc=0 seconds=326
{"theorems": ["OAI.SymmetricPolar.symmetric_polar_main"], "defs": ["OAI.SymmetricPolar.Position", "OAI.SymmetricPolar.Phase", "OAI.SymmetricPolar.IsSymmetricConvexBody", "OAI.SymmetricPolar.polar", "OAI.SymmetricPolar.polarProduct", "OAI.SymmetricPolar.capacityBall", "OAI.SymmetricPolar.omega0", "OAI.SymmetricPolar.HasSymplecticEmbedding", "OAI.SymmetricPolar.gromovWidth"], "json_theorems": ["OAI.SymmetricPolar.symmetric_polar_main"], "missing_from_parse": []}
TYPES/DEFS DIFFER SymmetricPolar
1,5d0
< /Users/shannon/cc/math/math/lean/Scratch/Challenge_SymmetricPolar.lean:40:8:
< warning:
< declaration
< uses
< `sorry`
AXIOMS: 'OAI.SymmetricPolar.symmetric_polar_main' depends on axioms: [propext, Classical.choice, Quot.sound] 
== end=2026-10-09T16:05:45Z
