== SymmetricMahlerEquality  module=OAI.Analysis.Mahler.Classification  start=2026-10-09T15:58:10Z
warning: PrimeNumberTheoremAnd: repository '/Users/shannon/cc/math/math/lean/.lake/packages/PrimeNumberTheoremAnd' has local changes
warning: belyi: repository '/Users/shannon/cc/math/math/lean/.lake/packages/belyi' has local changes
warning: formal-schemes: repository '/Users/shannon/cc/math/math/lean/.lake/packages/formal-schemes' has local changes
warning: elliptic-curves: repository '/Users/shannon/cc/math/math/lean/.lake/packages/elliptic-curves' has local changes
warning: tempered-fundamental-groups: repository '/Users/shannon/cc/math/math/lean/.lake/packages/tempered-fundamental-groups' has local changes
warning: oka: repository '/Users/shannon/cc/math/math/lean/.lake/packages/oka' has local changes
warning: orbicurve-cores: repository '/Users/shannon/cc/math/math/lean/.lake/packages/orbicurve-cores' has local changes
warning: pi1: repository '/Users/shannon/cc/math/math/lean/.lake/packages/pi1' has local changes
warning: heights: repository '/Users/shannon/cc/math/math/lean/.lake/packages/heights' has local changes
warning: genl: repository '/Users/shannon/cc/math/math/lean/.lake/packages/genl' has local changes
warning: tate-curves-theta: repository '/Users/shannon/cc/math/math/lean/.lake/packages/tate-curves-theta' has local changes
warning: iut: repository '/Users/shannon/cc/math/math/lean/.lake/packages/iut' has local changes
warning: gromov: repository '/Users/shannon/cc/math/math/lean/.lake/packages/gromov' has local changes
warning: SphereEversion: repository '/Users/shannon/cc/math/math/lean/.lake/packages/SphereEversion' has local changes
warning: schoenflies-lean: repository '/Users/shannon/cc/math/math/lean/.lake/packages/schoenflies-lean' has local changes
warning: ClassFieldTheory: repository '/Users/shannon/cc/math/math/lean/.lake/packages/ClassFieldTheory' has local changes
warning: AINTLIB: repository '/Users/shannon/cc/math/math/lean/.lake/packages/AINTLIB' has local changes
warning: AbsorptionCutoff: repository '/Users/shannon/cc/math/math/lean/.lake/packages/AbsorptionCutoff' has local changes
warning: StrongPNT: repository '/Users/shannon/cc/math/math/lean/.lake/packages/StrongPNT' has local changes
warning: carleson: repository '/Users/shannon/cc/math/math/lean/.lake/packages/carleson' has local changes
warning: rellich-kondrachov: repository '/Users/shannon/cc/math/math/lean/.lake/packages/rellich-kondrachov' has local changes
warning: Zeta3Irrational: repository '/Users/shannon/cc/math/math/lean/.lake/packages/Zeta3Irrational' has local changes
warning: fixed-point-theorems: repository '/Users/shannon/cc/math/math/lean/.lake/packages/fixed-point-theorems' has local changes
✔ [3952/3959] Built OAI.Analysis.Mahler.HannerBodies (5.9s)
✔ [3953/3959] Built OAI.Analysis.Mahler.Medians (6.2s)
✔ [3954/3959] Built OAI.Analysis.Mahler.Lens (6.9s)
✔ [3955/3959] Built OAI.Analysis.Mahler.EqualityMedians (11s)
✔ [3956/3959] Built OAI.Analysis.Mahler.Faces (6.4s)
✔ [3957/3959] Built OAI.Analysis.Mahler.Diamonds (5.2s)
✔ [3958/3959] Built OAI.Analysis.Mahler.Splitting (11s)
✔ [3959/3959] Built OAI.Analysis.Mahler.Classification (5.8s)
Build completed successfully (3959 jobs).
== build rc=0 seconds=65
{"theorems": ["OAI.SymmetricMahler.symmetric_mahler_equality"], "defs": ["OAI.SymmetricMahler.coordinatePolar", "OAI.SymmetricMahler.hannerProduct", "OAI.SymmetricMahler.hannerJoin", "OAI.SymmetricMahler.IsHanner", "OAI.SymmetricMahler.IsLinearHanner"], "json_theorems": ["OAI.SymmetricMahler.symmetric_mahler_equality"], "missing_from_parse": []}
TYPES/DEFS DIFFER SymmetricMahlerEquality
1,5d0
< /Users/shannon/cc/math/math/lean/Scratch/Challenge_SymmetricMahlerEquality.lean:43:8:
< warning:
< declaration
< uses
< `sorry`
AXIOMS: 'OAI.SymmetricMahler.symmetric_mahler_equality' depends on axioms: [propext, Classical.choice, Quot.sound] 
== end=2026-10-09T15:59:32Z
