== ThompsonNonamenability  module=OAI.GroupTheory.Thompson.Main  start=2026-10-07T14:30:36Z
warning: belyi: repository '/Users/shannon/cc/math/math/lean/.lake/packages/belyi' has local changes
warning: formal-schemes: repository '/Users/shannon/cc/math/math/lean/.lake/packages/formal-schemes' has local changes
warning: elliptic-curves: repository '/Users/shannon/cc/math/math/lean/.lake/packages/elliptic-curves' has local changes
warning: tempered-fundamental-groups: repository '/Users/shannon/cc/math/math/lean/.lake/packages/tempered-fundamental-groups' has local changes
warning: oka: repository '/Users/shannon/cc/math/math/lean/.lake/packages/oka' has local changes
warning: orbicurve-cores: repository '/Users/shannon/cc/math/math/lean/.lake/packages/orbicurve-cores' has local changes
warning: pi1: repository '/Users/shannon/cc/math/math/lean/.lake/packages/pi1' has local changes
warning: heights: repository '/Users/shannon/cc/math/math/lean/.lake/packages/heights' has local changes
warning: genl: repository '/Users/shannon/cc/math/math/lean/.lake/packages/genl' has local changes
warning: tate-curves-theta: repository '/Users/shannon/cc/math/math/lean/.lake/packages/tate-curves-theta' has local changes
warning: iut: repository '/Users/shannon/cc/math/math/lean/.lake/packages/iut' has local changes
✔ [3008/3064] Built OAI.GroupTheory.Thompson.FiniteAverage (5.4s)
✔ [3015/3072] Built OAI.GroupTheory.Thompson.BasicInterval (5.7s)
✔ [3016/3072] Built OAI.GroupTheory.Thompson.BoundaryAlgebra (6.1s)
✔ [3017/3072] Built OAI.GroupTheory.Thompson.UnitBall (6.5s)
✔ [3018/3075] Built OAI.GroupTheory.Thompson.Model (7.9s)
✔ [3019/3075] Built OAI.GroupTheory.Thompson.AnalyticSinc (7.7s)
✔ [3020/3075] Built OAI.GroupTheory.Thompson.AnalyticScalarProfiles (9.8s)
✔ [3021/3075] Built OAI.GroupTheory.Thompson.AnalyticRotation (10s)
✔ [3022/3075] Built OAI.GroupTheory.Thompson.DyadicGapChain (5.8s)
✔ [3023/3075] Built OAI.GroupTheory.Thompson.IntervalFamily (6.0s)
✔ [3024/3075] Built OAI.GroupTheory.Thompson.BasicIntervalNesting (5.0s)
✔ [3025/3076] Built OAI.GroupTheory.Thompson.TubeRegularCurve (7.0s)
✔ [3026/3078] Built OAI.GroupTheory.Thompson.AnalyticCutoffs (5.7s)
✔ [3027/3078] Built OAI.GroupTheory.Thompson.AnalyticNormalization (7.6s)
✔ [3028/3078] Built OAI.GroupTheory.Thompson.AnalyticModel (7.9s)
✔ [3029/3078] Built OAI.GroupTheory.Thompson.HilbertAverage (7.8s)
✔ [3030/3078] Built OAI.GroupTheory.Thompson.DyadicArithmetic (8.0s)
✔ [3031/3078] Built OAI.GroupTheory.Thompson.IntervalHomeomorph (8.1s)
✔ [3032/3078] Built OAI.GroupTheory.Thompson.BasicPartition (6.0s)
✔ [3033/3078] Built OAI.GroupTheory.Thompson.AnalyticScalarDerivatives (8.4s)
✔ [3034/3078] Built OAI.GroupTheory.Thompson.InvariantMean (8.6s)
✔ [3036/3082] Built OAI.GroupTheory.Thompson.AnalyticSeparation (12s)
✔ [3037/3082] Built OAI.GroupTheory.Thompson.TubeTangent (9.0s)
✔ [3038/3082] Built OAI.GroupTheory.Thompson.TubeNearest (8.0s)
✔ [3039/3082] Built OAI.GroupTheory.Thompson.ProbabilityDefects (9.0s)
✔ [3040/3082] Built OAI.GroupTheory.Thompson.AnalyticLpCalculus (9.2s)
✔ [3041/3082] Built OAI.GroupTheory.Thompson.CorrelationVariance (8.6s)
✔ [3042/3082] Built OAI.GroupTheory.Thompson.AnalyticPlaneOscillator (9.8s)
✔ [3043/3082] Built OAI.GroupTheory.Thompson.DisplacementEstimate (7.5s)
✔ [3044/3082] Built OAI.GroupTheory.Thompson.DyadicGapPartition (7.7s)
✔ [3045/3082] Built OAI.GroupTheory.Thompson.AffineGridArithmetic (8.1s)
✔ [3046/3082] Built OAI.GroupTheory.Thompson.SortedSubdivision (8.2s)
✔ [3047/3082] Built OAI.GroupTheory.Thompson.StandardPL (8.7s)
✔ [3048/3082] Built OAI.GroupTheory.Thompson.UniformPartition (7.0s)
✔ [3049/3082] Built OAI.GroupTheory.Thompson.FiniteLevels (7.2s)
✔ [3050/3082] Built OAI.GroupTheory.Thompson.RecursiveColoring (8.3s)
✔ [3051/3082] Built OAI.GroupTheory.Thompson.TubeComparison (9.4s)
✔ [3052/3082] Built OAI.GroupTheory.Thompson.MeanApproximation (9.2s)
✔ [3053/3082] Built OAI.GroupTheory.Thompson.FiniteCorrelationBoundary (8.2s)
✔ [3054/3082] Built OAI.GroupTheory.Thompson.AnalyticOscillator (9.7s)
✔ [3055/3082] Built OAI.GroupTheory.Thompson.IntervalCharts (8.7s)
✔ [3056/3082] Built OAI.GroupTheory.Thompson.OrderedChainKnots (8.7s)
✔ [3057/3082] Built OAI.GroupTheory.Thompson.UniformPL (9.5s)
✔ [3058/3082] Built OAI.GroupTheory.Thompson.PLRefinement (8.8s)
✔ [3059/3082] Built OAI.GroupTheory.Thompson.FiniteCoarea (6.3s)
✔ [3060/3082] Built OAI.GroupTheory.Thompson.PartitionColorFamily (7.1s)
✔ [3061/3082] Built OAI.GroupTheory.Thompson.AnalyticTube (7.5s)
✔ [3062/3082] Built OAI.GroupTheory.Thompson.AffinePiece (7.7s)
✔ [3063/3082] Built OAI.GroupTheory.Thompson.StandardF (7.4s)
✔ [3064/3082] Built OAI.GroupTheory.Thompson.MeanToFolner (7.6s)
✔ [3065/3082] Built OAI.GroupTheory.Thompson.AnalyticCurve (11s)
✔ [3066/3082] Built OAI.GroupTheory.Thompson.DyadicImages (9.4s)
✔ [3067/3082] Built OAI.GroupTheory.Thompson.CorrectionData (6.0s)
✔ [3068/3082] Built OAI.GroupTheory.Thompson.OrderedPLInterpolation (6.0s)
✔ [3069/3082] Built OAI.GroupTheory.Thompson.StandardCharacterization (6.4s)
✔ [3070/3082] Built OAI.GroupTheory.Thompson.RestrictionCovariance (7.6s)
✔ [3071/3082] Built OAI.GroupTheory.Thompson.AnalyticCurveBounds (11s)
✔ [3072/3082] Built OAI.GroupTheory.Thompson.AnalyticCurveSeparation (11s)
✔ [3073/3082] Built OAI.GroupTheory.Thompson.AffineTransport (7.2s)
✔ [3074/3082] Built OAI.GroupTheory.Thompson.CorrectionNonzero (9.8s)
✔ [3075/3082] Built OAI.GroupTheory.Thompson.CorrectionLocal (10s)
✔ [3076/3082] Built OAI.GroupTheory.Thompson.GlobalColors (6.4s)
✔ [3077/3082] Built OAI.GroupTheory.Thompson.AnalyticCurveRotation (6.2s)
✔ [3078/3082] Built OAI.GroupTheory.Thompson.TransportFamily (4.7s)
✔ [3079/3082] Built OAI.GroupTheory.Thompson.AnalyticCorrection (5.8s)
✔ [3080/3082] Built OAI.GroupTheory.Thompson.FiniteBoundary (4.1s)
✔ [3081/3082] Built OAI.GroupTheory.Thompson.AnalyticConstruction (4.8s)
✔ [3082/3082] Built OAI.GroupTheory.Thompson.Main (3.5s)
Build completed successfully (3082 jobs).
== build rc=0 seconds=87
{"theorems": ["OAI.ThompsonNonamenability.thompson_F_nonamenable_composition"], "defs": ["OAI.ThompsonNonamenability.UnitInterval", "OAI.ThompsonNonamenability.unitIntervalZero", "OAI.ThompsonNonamenability.unitIntervalOne", "OAI.ThompsonNonamenability.IntervalHomeomorph", "OAI.ThompsonNonamenability.IsDyadic", "OAI.ThompsonNonamenability.DyadicPLWitness", "OAI.ThompsonNonamenability.HasDyadicPLPieces", "OAI.ThompsonNonamenability.F", "OAI.ThompsonNonamenability.BoundedReal", "OAI.ThompsonNonamenability.leftPull", "OAI.ThompsonNonamenability.InvariantMean"], "json_theorems": ["OAI.ThompsonNonamenability.thompson_F_nonamenable_composition"], "missing_from_parse": []}
TYPES/DEFS DIFFER ThompsonNonamenability
1,5d0
< /Users/shannon/cc/math/math/lean/Scratch/Challenge_ThompsonNonamenability.lean:78:8:
< warning:
< declaration
< uses
< `sorry`
29a25,26
> Classical.choice,
> Quot.sound]
AXIOMS: 'OAI.ThompsonNonamenability.thompson_F_nonamenable_composition' depends on axioms: [propext, 
== end=2026-10-07T14:32:16Z
