== ThorpRemaining  module=OAI.Probability.ThorpResults.FullDevelopment  start=2026-10-09T09:31:22Z
warning: PrimeNumberTheoremAnd: repository '/Users/shannon/cc/math/math/lean/.lake/packages/PrimeNumberTheoremAnd' has local changes
warning: belyi: repository '/Users/shannon/cc/math/math/lean/.lake/packages/belyi' has local changes
warning: formal-schemes: repository '/Users/shannon/cc/math/math/lean/.lake/packages/formal-schemes' has local changes
warning: elliptic-curves: repository '/Users/shannon/cc/math/math/lean/.lake/packages/elliptic-curves' has local changes
warning: tempered-fundamental-groups: repository '/Users/shannon/cc/math/math/lean/.lake/packages/tempered-fundamental-groups' has local changes
warning: oka: repository '/Users/shannon/cc/math/math/lean/.lake/packages/oka' has local changes
warning: orbicurve-cores: repository '/Users/shannon/cc/math/math/lean/.lake/packages/orbicurve-cores' has local changes
warning: pi1: repository '/Users/shannon/cc/math/math/lean/.lake/packages/pi1' has local changes
warning: heights: repository '/Users/shannon/cc/math/math/lean/.lake/packages/heights' has local changes
warning: genl: repository '/Users/shannon/cc/math/math/lean/.lake/packages/genl' has local changes
warning: tate-curves-theta: repository '/Users/shannon/cc/math/math/lean/.lake/packages/tate-curves-theta' has local changes
warning: iut: repository '/Users/shannon/cc/math/math/lean/.lake/packages/iut' has local changes
warning: gromov: repository '/Users/shannon/cc/math/math/lean/.lake/packages/gromov' has local changes
warning: SphereEversion: repository '/Users/shannon/cc/math/math/lean/.lake/packages/SphereEversion' has local changes
warning: schoenflies-lean: repository '/Users/shannon/cc/math/math/lean/.lake/packages/schoenflies-lean' has local changes
warning: ClassFieldTheory: repository '/Users/shannon/cc/math/math/lean/.lake/packages/ClassFieldTheory' has local changes
warning: AINTLIB: repository '/Users/shannon/cc/math/math/lean/.lake/packages/AINTLIB' has local changes
warning: AbsorptionCutoff: repository '/Users/shannon/cc/math/math/lean/.lake/packages/AbsorptionCutoff' has local changes
warning: StrongPNT: repository '/Users/shannon/cc/math/math/lean/.lake/packages/StrongPNT' has local changes
warning: carleson: repository '/Users/shannon/cc/math/math/lean/.lake/packages/carleson' has local changes
warning: rellich-kondrachov: repository '/Users/shannon/cc/math/math/lean/.lake/packages/rellich-kondrachov' has local changes
warning: Zeta3Irrational: repository '/Users/shannon/cc/math/math/lean/.lake/packages/Zeta3Irrational' has local changes
warning: fixed-point-theorems: repository '/Users/shannon/cc/math/math/lean/.lake/packages/fixed-point-theorems' has local changes
✔ [8924/9015] Built OAI.Probability.ThorpShuffle.Model (7.0s)
✔ [8925/9015] Built OAI.Probability.ThorpRouting.Harmonic.Model (8.0s)
✔ [8926/9015] Built OAI.Probability.ThorpShuffle.PairAveraging (8.4s)
✔ [8927/9015] Built OAI.Probability.ThorpRouting.Harmonic.Coins (9.8s)
✔ [8928/9015] Built OAI.Probability.ThorpShuffle.Walsh (7.0s)
✔ [8929/9015] Built OAI.Probability.ThorpRouting.Harmonic.ExposedCoins (9.2s)
✔ [8930/9015] Built OAI.Probability.ThorpShuffle.Support (8.5s)
✔ [8931/9015] Built OAI.Probability.ThorpRouting.Harmonic.RotationMeeting (10s)
✔ [8932/9015] Built OAI.Probability.ThorpShuffle.SpectralDecay (9.4s)
✔ [8933/9015] Built OAI.Probability.ThorpRouting.Harmonic.AssignmentSlots (10s)
✔ [8934/9015] Built OAI.Probability.ThorpShuffle.ConditionalFlow (8.3s)
✔ [8935/9015] Built OAI.Probability.ThorpShuffle.FiniteExpectation (8.1s)
✔ [8936/9015] Built OAI.Probability.ThorpRouting.Harmonic.PriorPaths (10s)
✔ [8937/9015] Built OAI.Probability.ThorpShuffle.WalshFlow (8.5s)
✔ [8938/9015] Built OAI.Probability.ThorpRouting.Harmonic.ParallelFollow (9.7s)
✔ [8939/9015] Built OAI.Probability.ThorpShuffle.FreshCoins (8.6s)
✔ [8940/9015] Built OAI.Probability.ThorpRouting.Harmonic.AlternatingPerm (10s)
✔ [8941/9015] Built OAI.Probability.ThorpShuffle.HalfHistories (7.9s)
✔ [8942/9015] Built OAI.Probability.ThorpRouting.Harmonic.SandwichShuffle (9.5s)
✔ [8943/9015] Built OAI.Probability.ThorpShuffle.NoiseEnergy (8.1s)
✔ [8944/9015] Built OAI.Probability.ThorpShuffle.EnergyDecay (8.2s)
✔ [8945/9015] Built OAI.Probability.ThorpRouting.Harmonic.CutoffMass (11s)
✔ [8946/9015] Built OAI.Probability.ThorpShuffle.MarginalEnergy (8.3s)
✔ [8947/9015] Built OAI.Probability.ThorpRouting.Harmonic.PalindromeFamilyCost (11s)
✔ [8948/9015] Built OAI.Probability.ThorpShuffle.MaskedResampling (8.0s)
✔ [8949/9015] Built OAI.Probability.ThorpRouting.Harmonic.InputTree (10s)
✔ [8950/9015] Built OAI.Probability.ThorpShuffle.ConditionalLaw (8.2s)
✔ [8951/9015] Built OAI.Probability.ThorpRouting.Harmonic.ModifiedRoutingMoment (10s)
✔ [8952/9015] Built OAI.Probability.ThorpShuffle.TaggedDeviation (8.3s)
✔ [8953/9015] Built OAI.Probability.ThorpShuffle.TaggedCompletion (9.4s)
✔ [8954/9015] Built OAI.Probability.ThorpRouting.Harmonic.ModifiedReverseCoins (13s)
✔ [8955/9015] Built OAI.Probability.ThorpShuffle.PrefixTests (8.8s)
✔ [8956/9015] Built OAI.Probability.ThorpRouting.Harmonic.Shapes (12s)
✔ [8957/9015] Built OAI.Probability.ThorpShuffle.MarginalBounds (9.4s)
✔ [8958/9015] Built OAI.Probability.ThorpShuffle.Reachability (8.4s)
✔ [8959/9015] Built OAI.Probability.ThorpRouting.Harmonic.AverageMap (15s)
✔ [8960/9015] Built OAI.Probability.ThorpShuffle.FiniteLaw (9.5s)
✔ [8961/9015] Built OAI.Probability.ThorpShuffle.MixingBounds (10s)
✔ [8962/9015] Built OAI.Probability.ThorpRouting.Harmonic.BlockProduct (14s)
✔ [8963/9015] Built OAI.Probability.ThorpShuffle.Parity (9.2s)
✔ [8964/9015] Built OAI.Probability.ThorpRouting.Harmonic.PairAssembleEquiv (14s)
✔ [8965/9015] Built OAI.Probability.ThorpShuffle.Cyclic (10s)
✔ [8966/9015] Built OAI.Probability.ThorpShuffle.Tableaux (8.8s)
✔ [8967/9015] Built OAI.Probability.ThorpRouting.Harmonic.TypedSet (21s)
✔ [8968/9015] Built OAI.Probability.ThorpShuffle.Specht (8.8s)
✔ [8969/9015] Built OAI.Probability.ThorpShuffle.Polytabloids (13s)
✔ [8970/9015] Built OAI.Probability.ThorpRouting.Harmonic.ZeroExtend (14s)
✔ [8971/9015] Built OAI.Probability.ThorpShuffle.Irreducibility (9.1s)
✔ [8972/9015] Built OAI.Probability.ThorpRouting.Harmonic.InsertionPerm (13s)
✔ [8973/9015] Built OAI.Probability.ThorpShuffle.Classification (9.4s)
✔ [8974/9015] Built OAI.Probability.ThorpShuffle.LinearExtensions (8.9s)
✔ [8975/9015] Built OAI.Probability.ThorpRouting.Harmonic.TailShapes (14s)
✔ [8976/9015] Built OAI.Probability.ThorpShuffle.ExtensionBounds (9.2s)
✔ [8977/9015] Built OAI.Probability.ThorpRouting.Harmonic.Site (11s)
✔ [8978/9015] Built OAI.Probability.ThorpShuffle.PartitionBounds (8.9s)
✔ [8979/9015] Built OAI.Probability.ThorpShuffle.DegreeBounds (11s)
✔ [8980/9015] Built OAI.Probability.ThorpRouting.Harmonic.Main (24s)
✔ [8981/9015] Built OAI.Probability.ThorpShuffle.ReciprocalDegrees (17s)
✔ [8982/9015] Built OAI.Probability.ThorpRouting.TraceModel (9.8s)
✔ [8983/9015] Built OAI.Probability.ThorpShuffle.Reynolds (9.5s)
✔ [8984/9015] Built OAI.Probability.ThorpRouting.TraceDecay (11s)
✔ [8985/9015] Built OAI.Probability.ThorpShuffle.FourierFamilies (9.8s)
✔ [8986/9015] Built OAI.Probability.ThorpRouting.TraceBound (9.9s)
✔ [8987/9015] Built OAI.Probability.ThorpShuffle.JointProjectors (8.5s)
✔ [8988/9015] Built OAI.Probability.ThorpRouting.RegularTrace (9.3s)
✔ [8989/9015] Built OAI.Probability.ThorpShuffle.ProductProjectors (8.5s)
✔ [8990/9015] Built OAI.Probability.ThorpResults.UniformMoments (10s)
✔ [8991/9015] Built OAI.Probability.ThorpShuffle.CosetBounds (9.8s)
✔ [8992/9015] Built OAI.Probability.ThorpResults.SignedBudget (10s)
✔ [8993/9015] Built OAI.Probability.ThorpResults.FullDensity (12s)
✔ [8994/9015] Built OAI.Probability.ThorpShuffle.FourierBounds (9.7s)
✔ [8995/9015] Built OAI.Probability.ThorpShuffle.SymmetricFamilies (7.7s)
✔ [8996/9015] Built OAI.Probability.ThorpShuffle.VectorOrbits (6.4s)
✔ [8997/9015] Built OAI.Probability.ThorpShuffle.PermutationCharacters (5.8s)
✔ [8998/9015] Built OAI.Probability.ThorpShuffle.ConvolutionBounds (6.6s)
✔ [8999/9015] Built OAI.Probability.ThorpShuffle.Trimming (6.2s)
✔ [9000/9015] Built OAI.Probability.ThorpShuffle.FourierPerturbation (5.6s)
✔ [9001/9015] Built OAI.Probability.ThorpShuffle.BlockEmbedding (5.5s)
✔ [9002/9015] Built OAI.Probability.ThorpShuffle.BlockFibers (5.6s)
✔ [9003/9015] Built OAI.Probability.ThorpShuffle.BlockLaws (5.6s)
✔ [9004/9015] Built OAI.Probability.ThorpShuffle.EightBlocks (5.7s)
✔ [9005/9015] Built OAI.Probability.ThorpShuffle.Main (5.3s)
✔ [9006/9015] Built OAI.Probability.ThorpShuffle.FixedLists.FullDeck (7.6s)
✔ [9007/9015] Built OAI.Probability.ThorpShuffle.FixedLists.Objects (7.8s)
✔ [9008/9015] Built OAI.Probability.ThorpShuffle.FixedLists.Energy (8.5s)
✔ [9009/9015] Built OAI.Probability.ThorpShuffle.FixedLists.Asymptotics (6.6s)
✔ [9010/9015] Built OAI.Probability.ThorpShuffle.FixedLists.Lists (5.0s)
✔ [9011/9015] Built OAI.Probability.ThorpShuffle.FixedLists.Main (5.6s)
✔ [9012/9015] Built OAI.Probability.ThorpResults.Mixing (5.3s)
✔ [9013/9015] Built OAI.Probability.ThorpResults.Statements (5.3s)
✔ [9014/9015] Built OAI.Probability.ThorpResults.Main (5.2s)
✔ [9015/9015] Built OAI.Probability.ThorpResults.FullDevelopment (4.0s)
Build completed successfully (9015 jobs).
== build rc=0 seconds=492
{"theorems": ["OAI.ThorpNine.Harmonic.Thorp.switchFun_involutive", "OAI.ThorpNine.Harmonic.Thorp.card_positions", "OAI.ThorpNine.Harmonic.Thorp.Specht.row_lt_colLen", "OAI.ThorpNine.Harmonic.Thorp.Specht.tabloidAct_apply", "OAI.ThorpNine.Harmonic.Thorp.Specht.tabloidAct_one", "OAI.ThorpNine.Harmonic.Thorp.Specht.tabloidAct_mul", "OAI.ThorpNine.Harmonic.Thorp.Specht.orbit_mem_space", "OAI.ThorpNine.Harmonic.Thorp.Specht.action_mem_space", "OAI.ThorpNine.Harmonic.Thorp.Specht.card_cell", "OAI.ThorpNine.Harmonic.Thorp.Specht.card_eq_sum_rowLen", "OAI.ThorpNine.Harmonic.Thorp.Specht.sum_rowLens", "OAI.ThorpNine.Harmonic.Thorp.Specht.partitionDiagram_rowLens", "OAI.ThorpNine.Harmonic.Thorp.Specht.partitionDiagram_card", "OAI.ThorpNine.Harmonic.Thorp.Specht.partitionDiagram_diagramPartition", "OAI.ThorpResults.remaining_main"], "defs": ["OAI.Thorp.Position", "OAI.Thorp.State", "OAI.Thorp.Coins", "OAI.Thorp.pairSwitch", "OAI.Thorp.rotate", "OAI.Thorp.step", "OAI.Thorp.History", "OAI.Thorp.run", "OAI.Thorp.fairMass", "OAI.Thorp.law", "OAI.Thorp.uniform", "OAI.Thorp.tv", "OAI.Thorp.distance", "OAI.Thorp.lawFrom", "OAI.Thorp.LabelList", "OAI.Thorp.coordinateRun", "OAI.Thorp.images", "OAI.Thorp.listTV", "OAI.Thorp.mixingTime", "OAI.ThorpNine.Harmonic.Thorp.Card", "OAI.ThorpNine.Harmonic.Thorp.switchFun", "OAI.ThorpNine.Harmonic.Thorp.pairSwitch", "OAI.ThorpNine.Harmonic.Thorp.Coins", "OAI.ThorpNine.Harmonic.Thorp.rotate", "OAI.ThorpNine.Harmonic.Thorp.step", "OAI.ThorpNine.Harmonic.Thorp.run", "OAI.ThorpNine.Harmonic.Thorp.law", "OAI.ThorpNine.Harmonic.Thorp.Specht.Cell", "OAI.ThorpNine.Harmonic.Thorp.Specht.row", "OAI.ThorpNine.Harmonic.Thorp.Specht.col", "OAI.ThorpNine.Harmonic.Thorp.Specht.rowIndex", "OAI.ThorpNine.Harmonic.Thorp.Specht.Tabloid", "OAI.ThorpNine.Harmonic.Thorp.Specht.baseTabloid", "OAI.ThorpNine.Harmonic.Thorp.Specht.tabloidAct", "OAI.ThorpNine.Harmonic.Thorp.Specht.tabloidRep", "OAI.ThorpNine.Harmonic.Thorp.Specht.delta", "OAI.ThorpNine.Harmonic.Thorp.Specht.colGroup", "OAI.ThorpNine.Harmonic.Thorp.Specht.permSign", "OAI.ThorpNine.Harmonic.Thorp.Specht.alternator", "OAI.ThorpNine.Harmonic.Thorp.Specht.polytabloid", "OAI.ThorpNine.Harmonic.Thorp.Specht.space", "OAI.ThorpNine.Harmonic.Thorp.Specht.subrepresentation", "OAI.ThorpNine.Harmonic.Thorp.Specht.representation", "OAI.ThorpNine.Harmonic.Thorp.PermutationHilbert.H", "OAI.ThorpNine.Harmonic.Thorp.Specht.hilbertEquiv", "OAI.ThorpNine.Harmonic.Thorp.Specht.hilbertSpace", "OAI.ThorpNine.Harmonic.Thorp.UnitaryFinite.continuousRepresentation", "OAI.ThorpNine.Harmonic.Thorp.UnitaryFinite.sampleOperator", "OAI.ThorpNine.Harmonic.Thorp.Specht.spaceHilbertEquiv", "OAI.ThorpNine.Harmonic.Thorp.Specht.unitaryRepresentation", "OAI.ThorpNine.Harmonic.Thorp.Specht.relabelledUnitary", "OAI.ThorpNine.Harmonic.Thorp.Specht.cellRowsEquiv", "OAI.ThorpNine.Harmonic.Thorp.Specht.diagramPartition", "OAI.ThorpNine.Harmonic.Thorp.Specht.partitionDiagram", "OAI.ThorpNine.Harmonic.Thorp.Specht.Shapes", "OAI.ThorpNine.Harmonic.Thorp.Specht.shapePartitionEquiv", "OAI.ThorpNine.Harmonic.Thorp.Specht.labels", "OAI.ThorpNine.Harmonic.Thorp.Specht.cardLabels", "OAI.ThorpNine.Harmonic.Thorp.Specht.cardRepresentation", "OAI.ThorpNine.Harmonic.Thorp.LowPlanes.Q", "OAI.ThorpNine.Harmonic.Thorp.LowPlanes.absoluteTrace", "OAI.ThorpNine.Harmonic.Thorp.LowPlanes.regularTrace", "OAI.ThorpNine.Harmonic.Thorp.LowPlanes.sweepDistance", "OAI.ThorpNine.Harmonic.Thorp.LowPlanes.weightedMoment", "OAI.ThorpNine.Harmonic.Thorp.LowPlanes.signedEntropy", "OAI.ThorpNine.Harmonic.Thorp.LowPlanes.budgetCoefficient", "OAI.ThorpNine.Harmonic.Thorp.LowPlanes.remainderBudget", "OAI.ThorpNine.Harmonic.Thorp.LowPlanes.logWeightedMoment", "OAI.ThorpNine.Harmonic.Thorp.LowPlanes.densityL2Squared", "OAI.ThorpNine.Harmonic.Thorp.LowPlanes.densityL2SquaredFrom", "OAI.ThorpResults.FrameMain", "OAI.ThorpResults.InformationMain", "OAI.ThorpResults.SpectrumMain", "OAI.ThorpResults.SignedMain", "OAI.ThorpResults.DegreeSavingMain", "OAI.ThorpResults.FullDensityMain", "OAI.ThorpResults.ForwardMixingMain", "OAI.ThorpResults.OptimalOrderMain"], "json_theorems": ["OAI.ThorpResults.remaining_main"], "missing_from_parse": []}
TYPES/DEFS DIFFER ThorpRemaining
1,5d0
< /Users/shannon/cc/math/math/lean/Scratch/Challenge_ThorpRemaining.lean:543:8:
< warning:
< declaration
< uses
< `sorry`
AXIOMS: 'OAI.ThorpResults.remaining_main' depends on axioms: [propext, Classical.choice, Quot.sound] 
== end=2026-10-09T09:39:58Z
