== ThreeMachine  module=OAI.Computability.Scheduling.Main  start=2026-10-08T10:19:03Z
warning: PrimeNumberTheoremAnd: repository '/Users/shannon/cc/math/math/lean/.lake/packages/PrimeNumberTheoremAnd' has local changes
warning: belyi: repository '/Users/shannon/cc/math/math/lean/.lake/packages/belyi' has local changes
warning: formal-schemes: repository '/Users/shannon/cc/math/math/lean/.lake/packages/formal-schemes' has local changes
warning: elliptic-curves: repository '/Users/shannon/cc/math/math/lean/.lake/packages/elliptic-curves' has local changes
warning: tempered-fundamental-groups: repository '/Users/shannon/cc/math/math/lean/.lake/packages/tempered-fundamental-groups' has local changes
warning: oka: repository '/Users/shannon/cc/math/math/lean/.lake/packages/oka' has local changes
warning: orbicurve-cores: repository '/Users/shannon/cc/math/math/lean/.lake/packages/orbicurve-cores' has local changes
warning: pi1: repository '/Users/shannon/cc/math/math/lean/.lake/packages/pi1' has local changes
warning: heights: repository '/Users/shannon/cc/math/math/lean/.lake/packages/heights' has local changes
warning: genl: repository '/Users/shannon/cc/math/math/lean/.lake/packages/genl' has local changes
warning: tate-curves-theta: repository '/Users/shannon/cc/math/math/lean/.lake/packages/tate-curves-theta' has local changes
warning: iut: repository '/Users/shannon/cc/math/math/lean/.lake/packages/iut' has local changes
warning: gromov: repository '/Users/shannon/cc/math/math/lean/.lake/packages/gromov' has local changes
warning: SphereEversion: repository '/Users/shannon/cc/math/math/lean/.lake/packages/SphereEversion' has local changes
warning: schoenflies-lean: repository '/Users/shannon/cc/math/math/lean/.lake/packages/schoenflies-lean' has local changes
warning: ClassFieldTheory: repository '/Users/shannon/cc/math/math/lean/.lake/packages/ClassFieldTheory' has local changes
warning: AINTLIB: repository '/Users/shannon/cc/math/math/lean/.lake/packages/AINTLIB' has local changes
warning: AbsorptionCutoff: repository '/Users/shannon/cc/math/math/lean/.lake/packages/AbsorptionCutoff' has local changes
warning: StrongPNT: repository '/Users/shannon/cc/math/math/lean/.lake/packages/StrongPNT' has local changes
warning: carleson: repository '/Users/shannon/cc/math/math/lean/.lake/packages/carleson' has local changes
warning: rellich-kondrachov: repository '/Users/shannon/cc/math/math/lean/.lake/packages/rellich-kondrachov' has local changes
warning: Zeta3Irrational: repository '/Users/shannon/cc/math/math/lean/.lake/packages/Zeta3Irrational' has local changes
warning: fixed-point-theorems: repository '/Users/shannon/cc/math/math/lean/.lake/packages/fixed-point-theorems' has local changes
✔ [8924/8976] Built OAI.Computability.Scheduling.Model (5.5s)
✔ [8925/8976] Built OAI.Computability.Scheduling.SeparatorWalk (5.6s)
✔ [8926/8976] Built OAI.Computability.Scheduling.GlobalBoundaries (5.8s)
✔ [8927/8976] Built OAI.Computability.Scheduling.CutoffSimplification (5.5s)
✔ [8928/8976] Built OAI.Computability.Scheduling.FrameInvariants (5.7s)
✔ [8929/8976] Built OAI.Computability.Scheduling.RunCertificates (5.7s)
✔ [8930/8976] Built OAI.Computability.Scheduling.PriorityUpdates (5.8s)
✔ [8931/8976] Built OAI.Computability.Scheduling.NodeCertificates (5.9s)
✔ [8932/8976] Built OAI.Computability.Scheduling.SplitPaths (5.6s)
✔ [8933/8976] Built OAI.Computability.Scheduling.HierarchyCompleteness (5.6s)
✔ [8934/8976] Built OAI.Computability.Scheduling.HierarchySoundness (5.6s)
✔ [8935/8976] Built OAI.Computability.Scheduling.Padding (5.1s)
✔ [8936/8976] Built OAI.Computability.Scheduling.EffectiveFamily (5.6s)
✔ [8937/8976] Built OAI.Computability.Scheduling.DynamicProgram (5.5s)
✔ [8938/8976] Built OAI.Computability.Scheduling.SchedulingAlgorithm (5.0s)
✔ [8939/8976] Built OAI.Computability.Scheduling.StackMachine (6.2s)
✔ [8940/8976] Built OAI.Computability.Scheduling.TreeData (5.9s)
✔ [8941/8976] Built OAI.Computability.Scheduling.RegisterMachine (5.9s)
✔ [8942/8976] Built OAI.Computability.Scheduling.RoutineCompiler (5.6s)
✔ [8943/8976] Built OAI.Computability.Scheduling.Realizers (5.9s)
✔ [8944/8976] Built OAI.Computability.Scheduling.UniformRoutines (6.1s)
✔ [8945/8976] Built OAI.Computability.Scheduling.FiniteRoutines (5.0s)
✔ [8946/8976] Built OAI.Computability.Scheduling.ListRoutines (5.8s)
✔ [8947/8976] Built OAI.Computability.Scheduling.ProgramRoutines (9.0s)
✔ [8948/8976] Built OAI.Computability.Scheduling.FamilyRoutines (7.6s)
✔ [8949/8976] Built OAI.Computability.Scheduling.ScheduleRoutines (6.9s)
✔ [8950/8976] Built OAI.Computability.Scheduling.CostBounds (7.8s)
✔ [8951/8976] Built OAI.Computability.Scheduling.Polynomial (6.3s)
✔ [8952/8976] Built OAI.Computability.Scheduling.VolumeBounds (7.7s)
✔ [8953/8976] Built OAI.Computability.Scheduling.PolynomialLoops (7.8s)
✔ [8954/8976] Built OAI.Computability.Scheduling.PolynomialLists (8.9s)
✔ [8955/8976] Built OAI.Computability.Scheduling.PolynomialTactic (11s)
✔ [8956/8976] Built OAI.Computability.Scheduling.StateCosts (17s)
✔ [8957/8976] Built OAI.Computability.Scheduling.StateBounds (8.8s)
✔ [8958/8976] Built OAI.Computability.Scheduling.TransitionCosts (22s)
✔ [8959/8976] Built OAI.Computability.Scheduling.SolverCosts (8.5s)
✔ [8960/8976] Built OAI.Computability.Scheduling.TableCosts (10s)
✔ [8961/8976] Built OAI.Computability.Scheduling.MatrixCosts (12s)
✔ [8962/8976] Built OAI.Computability.Scheduling.ScheduleBounds (8.7s)
✔ [8963/8976] Built OAI.Computability.Scheduling.RankCosts (18s)
✔ [8964/8976] Built OAI.Computability.Scheduling.FamilyCosts (12s)
✔ [8965/8976] Built OAI.Computability.Scheduling.SchedulingCosts (8.9s)
✔ [8966/8976] Built OAI.Computability.Scheduling.OptimumCosts (7.8s)
✔ [8967/8976] Built OAI.Computability.Scheduling.OutputCosts (12s)
✔ [8968/8976] Built OAI.Computability.Scheduling.Parser (8.4s)
✔ [8969/8976] Built OAI.Computability.Scheduling.BinaryCosts (10s)
✔ [8970/8976] Built OAI.Computability.Scheduling.EncodingCosts (7.6s)
✔ [8971/8976] Built OAI.Computability.Scheduling.RequestBounds (7.8s)
✔ [8972/8976] Built OAI.Computability.Scheduling.ReaderCosts (7.1s)
✔ [8973/8976] Built OAI.Computability.Scheduling.ListParserCosts (8.7s)
✔ [8974/8976] Built OAI.Computability.Scheduling.RequestCosts (9.5s)
✔ [8975/8976] Built OAI.Computability.Scheduling.MachineBridge (7.6s)
✔ [8976/8976] Built OAI.Computability.Scheduling.Main (8.6s)
Build completed successfully (8976 jobs).
== build rc=0 seconds=439
{"theorems": ["OAI.ThreeMachine.main_theorem"], "defs": ["OAI.ThreeMachine.Instance", "OAI.ThreeMachine.Instance.edge", "OAI.ThreeMachine.Instance.acyclic", "OAI.ThreeMachine.Feasible", "OAI.ThreeMachine.encodeNat", "OAI.ThreeMachine.encodeList", "OAI.ThreeMachine.encodeInput", "OAI.ThreeMachine.encodeAnswer", "OAI.ThreeMachine.slots", "OAI.ThreeMachine.CorrectOutput", "OAI.ThreeMachine.Machine", "OAI.ThreeMachine.Configuration", "OAI.ThreeMachine.bitSymbol", "OAI.ThreeMachine.Machine.step", "OAI.ThreeMachine.Machine.initial", "OAI.ThreeMachine.Machine.run", "OAI.ThreeMachine.Machine.Produces", "OAI.ThreeMachine.ReleaseTheorem"], "json_theorems": ["OAI.ThreeMachine.main_theorem"], "missing_from_parse": []}
TYPES/DEFS DIFFER ThreeMachine
1,5d0
< /Users/shannon/cc/math/math/lean/Scratch/Challenge_ThreeMachine.lean:95:8:
< warning:
< declaration
< uses
< `sorry`
AXIOMS: 'OAI.ThreeMachine.main_theorem' depends on axioms: [propext, Classical.choice, Quot.sound] 
== end=2026-10-08T10:26:51Z
