== TorsionFreeZeroDivisors  module=OAI.Algebra.GroupRing.Main  start=2026-10-09T02:00:55Z
warning: PrimeNumberTheoremAnd: repository '/Users/shannon/cc/math/math/lean/.lake/packages/PrimeNumberTheoremAnd' has local changes
warning: belyi: repository '/Users/shannon/cc/math/math/lean/.lake/packages/belyi' has local changes
warning: formal-schemes: repository '/Users/shannon/cc/math/math/lean/.lake/packages/formal-schemes' has local changes
warning: elliptic-curves: repository '/Users/shannon/cc/math/math/lean/.lake/packages/elliptic-curves' has local changes
warning: tempered-fundamental-groups: repository '/Users/shannon/cc/math/math/lean/.lake/packages/tempered-fundamental-groups' has local changes
warning: oka: repository '/Users/shannon/cc/math/math/lean/.lake/packages/oka' has local changes
warning: orbicurve-cores: repository '/Users/shannon/cc/math/math/lean/.lake/packages/orbicurve-cores' has local changes
warning: pi1: repository '/Users/shannon/cc/math/math/lean/.lake/packages/pi1' has local changes
warning: heights: repository '/Users/shannon/cc/math/math/lean/.lake/packages/heights' has local changes
warning: genl: repository '/Users/shannon/cc/math/math/lean/.lake/packages/genl' has local changes
warning: tate-curves-theta: repository '/Users/shannon/cc/math/math/lean/.lake/packages/tate-curves-theta' has local changes
warning: iut: repository '/Users/shannon/cc/math/math/lean/.lake/packages/iut' has local changes
warning: gromov: repository '/Users/shannon/cc/math/math/lean/.lake/packages/gromov' has local changes
warning: SphereEversion: repository '/Users/shannon/cc/math/math/lean/.lake/packages/SphereEversion' has local changes
warning: schoenflies-lean: repository '/Users/shannon/cc/math/math/lean/.lake/packages/schoenflies-lean' has local changes
warning: ClassFieldTheory: repository '/Users/shannon/cc/math/math/lean/.lake/packages/ClassFieldTheory' has local changes
warning: AINTLIB: repository '/Users/shannon/cc/math/math/lean/.lake/packages/AINTLIB' has local changes
warning: AbsorptionCutoff: repository '/Users/shannon/cc/math/math/lean/.lake/packages/AbsorptionCutoff' has local changes
warning: StrongPNT: repository '/Users/shannon/cc/math/math/lean/.lake/packages/StrongPNT' has local changes
warning: carleson: repository '/Users/shannon/cc/math/math/lean/.lake/packages/carleson' has local changes
warning: rellich-kondrachov: repository '/Users/shannon/cc/math/math/lean/.lake/packages/rellich-kondrachov' has local changes
warning: Zeta3Irrational: repository '/Users/shannon/cc/math/math/lean/.lake/packages/Zeta3Irrational' has local changes
warning: fixed-point-theorems: repository '/Users/shannon/cc/math/math/lean/.lake/packages/fixed-point-theorems' has local changes
✔ [8924/9046] Built OAI.Algebra.GroupRing.BallCount (38s)
✔ [8925/9046] Built OAI.Algebra.GroupRing.WordEstimate (39s)
✔ [8926/9046] Built OAI.Algebra.GroupRing.WeightedCycles (39s)
✔ [8927/9046] Built OAI.Algebra.GroupRing.BlockPropagation (39s)
✔ [8928/9046] Built OAI.Algebra.GroupRing.PortSubdivision (40s)
✔ [8929/9046] Built OAI.Algebra.GroupRing.CellModule (40s)
✔ [8930/9046] Built OAI.Algebra.GroupRing.FreeActionNorm (41s)
✔ [8931/9046] Built OAI.Algebra.GroupRing.BlockGrid (44s)
✔ [8932/9046] Built OAI.Algebra.GroupRing.Basic (25s)
✔ [8933/9046] Built OAI.Algebra.GroupRing.LoopTracks (29s)
✔ [8934/9046] Built OAI.Algebra.GroupRing.WeightedPortMoore (29s)
✔ [8935/9046] Built OAI.Algebra.GroupRing.CellNorm (28s)
✔ [8936/9046] Built OAI.Algebra.GroupRing.MatchingGraphs (31s)
✔ [8937/9046] Built OAI.Algebra.GroupRing.EntropyStages (28s)
✔ [8938/9046] Built OAI.Algebra.GroupRing.LoopTranspose (21s)
✔ [8939/9046] Built OAI.Algebra.GroupRing.DegreeTwoSuppression (26s)
✔ [8940/9046] Built OAI.Algebra.GroupRing.PatternCount (25s)
✔ [8941/9046] Built OAI.Algebra.GroupRing.AffineIntervals (25s)
✔ [8942/9046] Built OAI.Algebra.GroupRing.MatchedLabels (26s)
✔ [8943/9046] Built OAI.Algebra.GroupRing.SimplexTopology (66s)
✔ [8944/9046] Built OAI.Algebra.GroupRing.HomotopyTracks (17s)
✔ [8945/9046] Built OAI.Algebra.GroupRing.CoreStripping (16s)
✔ [8946/9046] Built OAI.Algebra.GroupRing.IntervalSelfLinks (20s)
✔ [8947/9046] Built OAI.Algebra.GroupRing.TypeWeights (23s)
✔ [8948/9046] Built OAI.Algebra.GroupRing.Simplicial (16s)
✔ [8949/9046] Built OAI.Algebra.GroupRing.ChainCoverage (15s)
✔ [8950/9046] Built OAI.Algebra.GroupRing.LinkComponents (13s)
✔ [8951/9046] Built OAI.Algebra.GroupRing.Cellular (13s)
✔ [8952/9046] Built OAI.Algebra.GroupRing.MultiplicityBound (15s)
✔ [8953/9046] Built OAI.Algebra.GroupRing.StageRealization (15s)
✔ [8954/9046] Built OAI.Algebra.GroupRing.PartialLift (15s)
✔ [8955/9046] Built OAI.Algebra.GroupRing.StageBlocks (18s)
✔ [8956/9046] Built OAI.Algebra.GroupRing.PathIncidences (13s)
✔ [8957/9046] Built OAI.Algebra.GroupRing.CellHEP (15s)
✔ [8958/9046] Built OAI.Algebra.GroupRing.StageExpectation (15s)
✔ [8959/9046] Built OAI.Algebra.GroupRing.Milnor (16s)
✔ [8960/9046] Built OAI.Algebra.GroupRing.ListPassages (15s)
✔ [8961/9046] Built OAI.Algebra.GroupRing.TwoSideFullStage (13s)
✔ [8962/9046] Built OAI.Algebra.GroupRing.HomotopyFunctor (19s)
✔ [8963/9046] Built OAI.Algebra.GroupRing.ChunkComparisons (18s)
✔ [8964/9046] Built OAI.Algebra.GroupRing.TypedGraphs (14s)
✔ [8965/9046] Built OAI.Algebra.GroupRing.AttachmentHEP (15s)
✔ [8966/9046] Built OAI.Algebra.GroupRing.Attachment (19s)
✔ [8967/9046] Built OAI.Algebra.GroupRing.CellularFurther2 (21s)
✔ [8968/9046] Built OAI.Algebra.GroupRing.StageEntropy (18s)
✔ [8969/9046] Built OAI.Algebra.GroupRing.ChainActiveStages (20s)
✔ [8970/9046] Built OAI.Algebra.GroupRing.GridUniform (14s)
✔ [8971/9046] Built OAI.Algebra.GroupRing.Cayley (22s)
✔ [8972/9046] Built OAI.Algebra.GroupRing.FixedGraph (12s)
✔ [8973/9046] Built OAI.Algebra.GroupRing.RealizationTransport (16s)
✔ [8974/9046] Built OAI.Algebra.GroupRing.LoopSphere (16s)
✔ [8975/9046] Built OAI.Algebra.GroupRing.WordResponse (13s)
✔ [8976/9046] Built OAI.Algebra.GroupRing.CayleyFurther (16s)
✔ [8977/9046] Built OAI.Algebra.GroupRing.PartitionEntropy (18s)
✔ [8978/9046] Built OAI.Algebra.GroupRing.GraphLabels (12s)
✔ [8979/9046] Built OAI.Algebra.GroupRing.GeneralPosition (14s)
✔ [8980/9046] Built OAI.Algebra.GroupRing.ConeCells (26s)
✔ [8981/9046] Built OAI.Algebra.GroupRing.CellularFurther (28s)
✔ [8982/9046] Built OAI.Algebra.GroupRing.SidePins (51s)
✔ [8983/9046] Built OAI.Algebra.GroupRing.DiskTracks (16s)
✔ [8984/9046] Built OAI.Algebra.GroupRing.AttachmentFurther (19s)
✔ [8985/9046] Built OAI.Algebra.GroupRing.DiskHomotopy (11s)
✔ [8986/9046] Built OAI.Algebra.GroupRing.PatternUniform (18s)
✔ [8987/9046] Built OAI.Algebra.GroupRing.SphereTopology (14s)
✔ [8988/9046] Built OAI.Algebra.GroupRing.Iso (16s)
✔ [8989/9046] Built OAI.Algebra.GroupRing.GraphConeCW (15s)
✔ [8990/9046] Built OAI.Algebra.GroupRing.VertexCollapse (12s)
✔ [8991/9046] Built OAI.Algebra.GroupRing.IndexedCells (12s)
✔ [8992/9046] Built OAI.Algebra.GroupRing.ComparisonCoding (18s)
✔ [8993/9046] Built OAI.Algebra.GroupRing.AbsorbTracks (11s)
✔ [8994/9046] Built OAI.Algebra.GroupRing.PatternTotalCoding (11s)
✔ [8995/9046] Built OAI.Algebra.GroupRing.AbsorbCells (10s)
✔ [8996/9046] Built OAI.Algebra.GroupRing.ChainUsage (12s)
✔ [8997/9046] Built OAI.Algebra.GroupRing.RawDecomposition (8.6s)
✔ [8998/9046] Built OAI.Algebra.GroupRing.WeightedGirth (13s)
✔ [8999/9046] Built OAI.Algebra.GroupRing.ExpansionDiameter (15s)
✔ [9000/9046] Built OAI.Algebra.GroupRing.TypedDiameter (9.6s)
✔ [9001/9046] Built OAI.Algebra.GroupRing.SupportedImage (8.4s)
✔ [9002/9046] Built OAI.Algebra.GroupRing.BoundedSystem (7.5s)
✔ [9003/9046] Built OAI.Algebra.GroupRing.ShortClosure (7.4s)
✔ [9004/9046] Built OAI.Algebra.GroupRing.FiniteClusters (7.4s)
✔ [9005/9046] Built OAI.Algebra.GroupRing.ClusterLocalization (8.9s)
✔ [9006/9046] Built OAI.Algebra.GroupRing.BalancedPieces (7.8s)
✔ [9007/9046] Built OAI.Algebra.GroupRing.ClosedWords (30s)
✔ [9008/9046] Built OAI.Algebra.GroupRing.WordCursor (11s)
✔ [9009/9046] Built OAI.Algebra.GroupRing.ContiguousSplit (12s)
✔ [9010/9046] Built OAI.Algebra.GroupRing.CycleLists (14s)
✔ [9011/9046] Built OAI.Algebra.GroupRing.WordBlocks (11s)
✔ [9012/9046] Built OAI.Algebra.GroupRing.RelationArea (11s)
✔ [9013/9046] Built OAI.Algebra.GroupRing.WordBlocksFurther (13s)
✔ [9014/9046] Built OAI.Algebra.GroupRing.AlgebraicPictures (14s)
✔ [9015/9046] Built OAI.Algebra.GroupRing.RelationSplit (15s)
✔ [9016/9046] Built OAI.Algebra.GroupRing.RelationTorsion (15s)
✔ [9017/9046] Built OAI.Algebra.GroupRing.WordLiftSurgery (10s)
✔ [9018/9046] Built OAI.Algebra.GroupRing.SplitModel (10s)
✔ [9019/9046] Built OAI.Algebra.GroupRing.Path (11s)
✔ [9020/9046] Built OAI.Algebra.GroupRing.WordFrames (10s)
✔ [9021/9046] Built OAI.Algebra.GroupRing.GraphConePresentation (11s)
✔ [9022/9046] Built OAI.Algebra.GroupRing.ConcreteGroup (12s)
✔ [9023/9046] Built OAI.Algebra.GroupRing.FramedConjugators (11s)
✔ [9024/9046] Built OAI.Algebra.GroupRing.PathCharges (11s)
✔ [9025/9046] Built OAI.Algebra.GroupRing.FullPairing (10s)
✔ [9026/9046] Built OAI.Algebra.GroupRing.MapEuler (7.3s)
✔ [9027/9046] Built OAI.Algebra.GroupRing.TreeCentroid (7.6s)
✔ [9028/9046] Built OAI.Algebra.GroupRing.ConedMap (8.6s)
✔ [9029/9046] Built OAI.Algebra.GroupRing.BFSTree (7.0s)
✔ [9030/9046] Built OAI.Algebra.GroupRing.MapRestrict (8.9s)
✔ [9031/9046] Built OAI.Algebra.GroupRing.GraphQuotient (6.4s)
✔ [9032/9046] Built OAI.Algebra.GroupRing.SeparatorLevels (11s)
✔ [9033/9046] Built OAI.Algebra.GroupRing.PlanarMap (6.0s)
✔ [9034/9046] Built OAI.Algebra.GroupRing.TypedComponent (7.2s)
✔ [9035/9046] Built OAI.Algebra.GroupRing.ConePicture (7.8s)
✔ [9036/9046] Built OAI.Algebra.GroupRing.PictureChains (7.4s)
✔ [9037/9046] Built OAI.Algebra.GroupRing.ConeBoundaryPaths (7.2s)
✔ [9038/9046] Built OAI.Algebra.GroupRing.FramedSpherical (7.7s)
✔ [9039/9046] Built OAI.Algebra.GroupRing.ConeChains (7.8s)
✔ [9040/9046] Built OAI.Algebra.GroupRing.FramedLoopIdentities (7.8s)
✔ [9041/9046] Built OAI.Algebra.GroupRing.ConeSigned (7.7s)
✔ [9042/9046] Built OAI.Algebra.GroupRing.ConeArea (6.7s)
✔ [9043/9046] Built OAI.Algebra.GroupRing.ConeTorsion (5.6s)
✔ [9044/9046] Built OAI.Algebra.GroupRing.ConcreteTorsion (7.1s)
✔ [9045/9046] Built OAI.Algebra.GroupRing.ConcreteModel (5.2s)
✔ [9046/9046] Built OAI.Algebra.GroupRing.Main (5.0s)
Build completed successfully (9046 jobs).
== build rc=0 seconds=706
{"theorems": ["OAI.TorsionFreeZeroDivisors.main"], "defs": ["OAI.TorsionFreeZeroDivisors.TorsionFree", "OAI.TorsionFreeZeroDivisors.HasFiniteTwoDimensionalClassifyingSpace", "OAI.TorsionFreeZeroDivisors.MainTheorem"], "json_theorems": ["OAI.TorsionFreeZeroDivisors.main"], "missing_from_parse": []}
TYPES/DEFS DIFFER TorsionFreeZeroDivisors
1,5d0
< /Users/shannon/cc/math/math/lean/Scratch/Challenge_TorsionFreeZeroDivisors.lean:35:8:
< warning:
< declaration
< uses
< `sorry`
AXIOMS: 'OAI.TorsionFreeZeroDivisors.main' depends on axioms: [propext, Classical.choice, Quot.sound] 
== end=2026-10-09T02:13:08Z
