== TriangularEnergy  module=OAI.Analysis.Triangular.Energy.Universal  start=2026-10-09T16:06:15Z
warning: PrimeNumberTheoremAnd: repository '/Users/shannon/cc/math/math/lean/.lake/packages/PrimeNumberTheoremAnd' has local changes
warning: belyi: repository '/Users/shannon/cc/math/math/lean/.lake/packages/belyi' has local changes
warning: formal-schemes: repository '/Users/shannon/cc/math/math/lean/.lake/packages/formal-schemes' has local changes
warning: elliptic-curves: repository '/Users/shannon/cc/math/math/lean/.lake/packages/elliptic-curves' has local changes
warning: tempered-fundamental-groups: repository '/Users/shannon/cc/math/math/lean/.lake/packages/tempered-fundamental-groups' has local changes
warning: oka: repository '/Users/shannon/cc/math/math/lean/.lake/packages/oka' has local changes
warning: orbicurve-cores: repository '/Users/shannon/cc/math/math/lean/.lake/packages/orbicurve-cores' has local changes
warning: pi1: repository '/Users/shannon/cc/math/math/lean/.lake/packages/pi1' has local changes
warning: heights: repository '/Users/shannon/cc/math/math/lean/.lake/packages/heights' has local changes
warning: genl: repository '/Users/shannon/cc/math/math/lean/.lake/packages/genl' has local changes
warning: tate-curves-theta: repository '/Users/shannon/cc/math/math/lean/.lake/packages/tate-curves-theta' has local changes
warning: iut: repository '/Users/shannon/cc/math/math/lean/.lake/packages/iut' has local changes
warning: gromov: repository '/Users/shannon/cc/math/math/lean/.lake/packages/gromov' has local changes
warning: SphereEversion: repository '/Users/shannon/cc/math/math/lean/.lake/packages/SphereEversion' has local changes
warning: schoenflies-lean: repository '/Users/shannon/cc/math/math/lean/.lake/packages/schoenflies-lean' has local changes
warning: ClassFieldTheory: repository '/Users/shannon/cc/math/math/lean/.lake/packages/ClassFieldTheory' has local changes
warning: AINTLIB: repository '/Users/shannon/cc/math/math/lean/.lake/packages/AINTLIB' has local changes
warning: AbsorptionCutoff: repository '/Users/shannon/cc/math/math/lean/.lake/packages/AbsorptionCutoff' has local changes
warning: StrongPNT: repository '/Users/shannon/cc/math/math/lean/.lake/packages/StrongPNT' has local changes
warning: carleson: repository '/Users/shannon/cc/math/math/lean/.lake/packages/carleson' has local changes
warning: rellich-kondrachov: repository '/Users/shannon/cc/math/math/lean/.lake/packages/rellich-kondrachov' has local changes
warning: Zeta3Irrational: repository '/Users/shannon/cc/math/math/lean/.lake/packages/Zeta3Irrational' has local changes
warning: fixed-point-theorems: repository '/Users/shannon/cc/math/math/lean/.lake/packages/fixed-point-theorems' has local changes
✔ [8924/9150] Built OAI.Analysis.Triangular.Energy.Basic (9.6s)
✔ [8925/9150] Built OAI.Analysis.Triangular.Envelope.Basic (9.0s)
✔ [8926/9150] Built OAI.Analysis.Triangular.Basic (10s)
✔ [8927/9150] Built OAI.Analysis.Triangular.Energy.Theta (14s)
✔ [8928/9150] Built OAI.Analysis.Triangular.Energy.Spectral (20s)
✔ [8929/9150] Built OAI.Analysis.Triangular.Energy.Definitions (21s)
✔ [8930/9150] Built OAI.Analysis.Triangular.Auxiliary.PolynomialShift (23s)
✔ [8931/9150] Built OAI.Analysis.Triangular.Auxiliary.Bernstein (23s)
✔ [8932/9150] Built OAI.Analysis.Triangular.Construction.Schur (24s)
✔ [8933/9150] Built OAI.Analysis.Triangular.Auxiliary.MatrixNorm (25s)
✔ [8934/9150] Built OAI.Analysis.Triangular.Construction.L1Kernel (25s)
✔ [8935/9150] Built OAI.Analysis.Triangular.Energy.Mixtures (29s)
✔ [8936/9150] Built OAI.Analysis.Triangular.Auxiliary.IntegralBounds (19s)
✔ [8937/9150] Built OAI.Analysis.Triangular.Construction.AtomicCurvature (21s)
✔ [8938/9150] Built OAI.Analysis.Triangular.Energy.Cutoff (18s)
✔ [8939/9150] Built OAI.Analysis.Triangular.Energy.Lattice (17s)
✔ [8940/9150] Built OAI.Analysis.Triangular.Construction.L1Matrix (20s)
✔ [8941/9150] Built OAI.Analysis.Triangular.Lattice.LatticeGeometry (21s)
✔ [8942/9150] Built OAI.Analysis.Triangular.Energy.Density (15s)
✔ [8943/9150] Built OAI.Analysis.Triangular.Energy.Schwartz (11s)
✔ [8944/9150] Built OAI.Analysis.Triangular.Energy.Potentials (11s)
✔ [8945/9150] Built OAI.Analysis.Triangular.Certificate.WaveIntervals (73s)
✔ [8946/9150] Built OAI.Analysis.Triangular.Taylor.Taylor (18s)
✔ [8947/9150] Built OAI.Analysis.Triangular.Certificate.MatrixInterval (19s)
✔ [8948/9150] Built OAI.Analysis.Triangular.Signs.DeletedQuotient (19s)
✔ [8949/9150] Built OAI.Analysis.Triangular.Construction.NodeJets (20s)
✔ [8950/9150] Built OAI.Analysis.Triangular.Construction.FiniteJets (21s)
✔ [8951/9150] Built OAI.Analysis.Triangular.Construction.PeriodicJets (25s)
✔ [8952/9150] Built OAI.Analysis.Triangular.Auxiliary.ExponentialTail (30s)
✔ [8953/9150] Built OAI.Analysis.Triangular.Envelope.Analytic (25s)
✔ [8954/9150] Built OAI.Analysis.Triangular.Schwartz.TailSpectral (23s)
✔ [8955/9150] Built OAI.Analysis.Triangular.Taylor.FiniteTaylorIdentity (22s)
✔ [8956/9150] Built OAI.Analysis.Triangular.Schwartz.Gaussian (24s)
✔ [8957/9150] Built OAI.Analysis.Triangular.Signs.SineBarrierBase (25s)
✔ [8958/9150] Built OAI.Analysis.Triangular.Taylor.TaylorPhase (23s)
✔ [8959/9150] Built OAI.Analysis.Triangular.Signs.DeletedExponential (20s)
✔ [8960/9150] Built OAI.Analysis.Triangular.Envelope.EnvelopeBoxes (19s)
✔ [8961/9150] Built OAI.Analysis.Triangular.Schwartz.Regularity (19s)
✔ [8962/9150] Built OAI.Analysis.Triangular.Signs.SineGridDefs (20s)
✔ [8963/9150] Built OAI.Analysis.Triangular.Schwartz.SpectralCLM (22s)
✔ [8964/9150] Built OAI.Analysis.Triangular.Signs.RemainderNorm (21s)
✔ [8965/9150] Built OAI.Analysis.Triangular.Construction.TailEnumeration (65s)
✔ [8966/9150] Built OAI.Analysis.Triangular.Envelope.EnvelopeSumsBase (61s)
✔ [8967/9150] Built OAI.Analysis.Triangular.Signs.DeletedJets (65s)
✔ [8968/9150] Built OAI.Analysis.Triangular.Taylor.TaylorExp10 (144s)
✔ [8969/9150] Built OAI.Analysis.Triangular.Taylor.TaylorExp11 (147s)
✔ [8970/9150] Built OAI.Analysis.Triangular.Taylor.TaylorExp00 (149s)
✔ [8971/9150] Built OAI.Analysis.Triangular.Taylor.TaylorExp01 (155s)
✔ [8972/9150] Built OAI.Analysis.Triangular.Envelope.JetEnvelopeAnalytic (91s)
✔ [8973/9150] Built OAI.Analysis.Triangular.Schwartz.Realness (91s)
✔ [8974/9150] Built OAI.Analysis.Triangular.Signs.SineGridCover (95s)
✔ [8975/9150] Built OAI.Analysis.Triangular.Signs.SineGridAnalytic (56s)
✔ [8976/9150] Built OAI.Analysis.Triangular.Certificate.WaveExpData (447s)
✔ [8977/9150] Built OAI.Analysis.Triangular.Schwartz.InputCLM (267s)
✔ [8978/9150] Built OAI.Analysis.Triangular.Taylor.TaylorExp (218s)
✔ [8979/9150] Built OAI.Analysis.Triangular.Schwartz.FourierCLM (271s)
✔ [8980/9150] Built OAI.Analysis.Triangular.Schwartz.SpectralEnvelope (272s)
✔ [8981/9150] Built OAI.Analysis.Triangular.Envelope.TailEnvelopeSeries (47s)
✔ [8982/9150] Built OAI.Analysis.Triangular.Construction.TailJetVector (236s)
✔ [8983/9150] Built OAI.Analysis.Triangular.Taylor.TaylorWave (236s)
✔ [8984/9150] Built OAI.Analysis.Triangular.Schwartz.FourierPair (236s)
✔ [8985/9150] Built OAI.Analysis.Triangular.Envelope.EnvelopeWaves (239s)
✔ [8986/9150] Built OAI.Analysis.Triangular.Certificate.WaveJetsData (293s)
✔ [8987/9150] Built OAI.Analysis.Triangular.Taylor.TaylorWave111 (306s)
✔ [8988/9150] Built OAI.Analysis.Triangular.Taylor.TaylorWave114 (362s)
✔ [8989/9150] Built OAI.Analysis.Triangular.Taylor.TaylorWave116 (361s)
✔ [8990/9150] Built OAI.Analysis.Triangular.Taylor.TaylorWave112 (360s)
✔ [8991/9150] Built OAI.Analysis.Triangular.Taylor.TaylorWave113 (361s)
✔ [8992/9150] Built OAI.Analysis.Triangular.Taylor.TaylorWave104 (344s)
✔ [8993/9150] Built OAI.Analysis.Triangular.Taylor.TaylorWave105 (344s)
✔ [8994/9150] Built OAI.Analysis.Triangular.Taylor.TaylorWave106 (344s)
✔ [8995/9150] Built OAI.Analysis.Triangular.Taylor.TaylorWave103 (344s)
✔ [8996/9150] Built OAI.Analysis.Triangular.Taylor.TaylorWave110 (344s)
✔ [8997/9150] Built OAI.Analysis.Triangular.Taylor.TaylorWave015 (330s)
✔ [8998/9150] Built OAI.Analysis.Triangular.Taylor.TaylorWave016 (330s)
✔ [8999/9150] Built OAI.Analysis.Triangular.Taylor.TaylorWave100 (330s)
✔ [9000/9150] Built OAI.Analysis.Triangular.Taylor.TaylorWave102 (331s)
✔ [9001/9150] Built OAI.Analysis.Triangular.Taylor.TaylorWave101 (331s)
✔ [9002/9150] Built OAI.Analysis.Triangular.Signs.SineGrid0 (1698s)
✔ [9003/9150] Built OAI.Analysis.Triangular.Signs.SineGrid1 (1714s)
✔ [9004/9150] Built OAI.Analysis.Triangular.Signs.SineGrid2 (1715s)
✔ [9005/9150] Built OAI.Analysis.Triangular.Taylor.TaylorWave004 (106s)
✔ [9006/9150] Built OAI.Analysis.Triangular.Taylor.TaylorWave005 (106s)
✔ [9007/9150] Built OAI.Analysis.Triangular.Taylor.TaylorWave006 (106s)
✔ [9008/9150] Built OAI.Analysis.Triangular.Taylor.TaylorWave013 (248s)
✔ [9009/9150] Built OAI.Analysis.Triangular.Taylor.TaylorWave014 (248s)
✔ [9010/9150] Built OAI.Analysis.Triangular.Taylor.TaylorWave010 (248s)
✔ [9011/9150] Built OAI.Analysis.Triangular.Taylor.TaylorWave011 (248s)
✔ [9012/9150] Built OAI.Analysis.Triangular.Taylor.TaylorWave012 (248s)
✔ [9013/9150] Built OAI.Analysis.Triangular.Construction.CurvatureBoxes (34s)
✔ [9014/9150] Built OAI.Analysis.Triangular.Energy.LatticePoisson (35s)
✔ [9015/9150] Built OAI.Analysis.Triangular.Taylor.TaylorWave000 (107s)
✔ [9016/9150] Built OAI.Analysis.Triangular.Taylor.TaylorWave001 (107s)
✔ [9017/9150] Built OAI.Analysis.Triangular.Taylor.TaylorWave002 (107s)
✔ [9018/9150] Built OAI.Analysis.Triangular.Taylor.TaylorWave003 (107s)
✔ [9019/9150] Built OAI.Analysis.Triangular.Taylor.TaylorWave115 (112s)
✔ [9020/9150] Built OAI.Analysis.Triangular.Envelope.EnvelopePsiB (182s)
✔ [9021/9150] Built OAI.Analysis.Triangular.Taylor.TaylorWave01 (78s)
✔ [9022/9150] Built OAI.Analysis.Triangular.Taylor.TaylorWave10 (78s)
✔ [9023/9150] Built OAI.Analysis.Triangular.Signs.SineGridChecks (78s)
✔ [9024/9150] Built OAI.Analysis.Triangular.Construction.CurvatureAnalytic (75s)
✔ [9025/9150] Built OAI.Analysis.Triangular.Taylor.WaveFunction (69s)
✔ [9026/9150] Built OAI.Analysis.Triangular.Taylor.CurvatureData00 (128s)
✔ [9027/9150] Built OAI.Analysis.Triangular.Taylor.CurvatureData10 (130s)
✔ [9028/9150] Built OAI.Analysis.Triangular.Taylor.CurvatureData01 (146s)
✔ [9029/9150] Built OAI.Analysis.Triangular.Taylor.CurvatureData11 (146s)
✔ [9030/9150] Built OAI.Analysis.Triangular.Certificate.JetMatrix (233s)
✔ [9031/9150] Built OAI.Analysis.Triangular.Envelope.EnvelopePsiC (311s)
✔ [9032/9150] Built OAI.Analysis.Triangular.Envelope.EnvelopePsiD (311s)
✔ [9033/9150] Built OAI.Analysis.Triangular.Taylor.TaylorWave00 (32s)
✔ [9034/9150] Built OAI.Analysis.Triangular.Taylor.TaylorWave11 (32s)
✔ [9035/9150] Built OAI.Analysis.Triangular.Construction.DirectWaveJets (19s)
✔ [9036/9150] Built OAI.Analysis.Triangular.Signs.SineGlobal (20s)
✔ [9037/9150] Built OAI.Analysis.Triangular.Energy.PairPoisson (110s)
✔ [9038/9150] Built OAI.Analysis.Triangular.Envelope.EnvelopeNorm2 (18s)
✔ [9039/9150] Built OAI.Analysis.Triangular.Envelope.EnvelopeNorm1 (18s)
✔ [9040/9150] Built OAI.Analysis.Triangular.Envelope.EnvelopeNorm0 (16s)
✔ [9041/9150] Built OAI.Analysis.Triangular.Envelope.EnvelopeNorms (9.5s)
✔ [9042/9150] Built OAI.Analysis.Triangular.Taylor.VariationBound (12s)
✔ [9043/9150] Built OAI.Analysis.Triangular.Envelope.EnvelopeSums (36s)
✔ [9044/9150] Built OAI.Analysis.Triangular.Construction.CurvatureSums (39s)
✔ [9045/9150] Built OAI.Analysis.Triangular.Envelope.KernelBounds (8.8s)
✔ [9046/9150] Built OAI.Analysis.Triangular.Certificate.Inverse (86s)
✔ [9047/9150] Built OAI.Analysis.Triangular.Construction.Repetition (11s)
✔ [9048/9150] Built OAI.Analysis.Triangular.Envelope.TargetEnvelope (11s)
✔ [9049/9150] Built OAI.Analysis.Triangular.Construction.FiniteSystem (14s)
✔ [9050/9150] Built OAI.Analysis.Triangular.Construction.BlockOperators (16s)
✔ [9051/9150] Built OAI.Analysis.Triangular.Certificate.ParamInterval (17s)
✔ [9052/9150] Built OAI.Analysis.Triangular.Construction.RepetitionBound (13s)
✔ [9053/9150] Built OAI.Analysis.Triangular.Certificate.TargetInterval (20s)
✔ [9054/9150] Built OAI.Analysis.Triangular.Construction.RepetitionOperators (11s)
✔ [9055/9150] Built OAI.Analysis.Triangular.Certificate.ParamRHS (12s)
✔ [9056/9150] Built OAI.Analysis.Triangular.Certificate.Param (10s)
✔ [9057/9150] Built OAI.Analysis.Triangular.Construction.ConcreteSchur (13s)
✔ [9058/9150] Built OAI.Analysis.Triangular.Certificate.Polytope (13s)
✔ [9059/9150] Built OAI.Analysis.Triangular.Signs.Exceptional (13s)
✔ [9060/9150] Built OAI.Analysis.Triangular.Certificate.ParamU (26s)
✔ [9061/9150] Built OAI.Analysis.Triangular.Certificate.PolytopeInterval (8.6s)
✔ [9062/9150] Built OAI.Analysis.Triangular.Certificate.ParamA (10s)
✔ [9063/9150] Built OAI.Analysis.Triangular.Certificate.ParamNormBase (10s)
✔ [9064/9150] Built OAI.Analysis.Triangular.Certificate.ParamActual (11s)
✔ [9065/9150] Built OAI.Analysis.Triangular.Certificate.ParamNorm (10s)
✔ [9066/9150] Built OAI.Analysis.Triangular.Construction.ActualCorrection (9.5s)
✔ [9067/9150] Built OAI.Analysis.Triangular.Construction.ActualInput (11s)
✔ [9068/9150] Built OAI.Analysis.Triangular.Construction.FiniteTargetBridge (11s)
✔ [9069/9150] Built OAI.Analysis.Triangular.Taylor.CoefficientSpectral (12s)
✔ [9070/9150] Built OAI.Analysis.Triangular.Construction.ActualTail (15s)
✔ [9071/9150] Built OAI.Analysis.Triangular.Construction.FinitePairBridge (12s)
✔ [9072/9150] Built OAI.Analysis.Triangular.Construction.NormalizedJets (13s)
✔ [9073/9150] Built OAI.Analysis.Triangular.Construction.CurvatureEnvelope (15s)
✔ [9074/9150] Built OAI.Analysis.Triangular.Construction.DirectCoordinates (12s)
✔ [9075/9150] Built OAI.Analysis.Triangular.Construction.SpectralJetBridge (12s)
✔ [9076/9150] Built OAI.Analysis.Triangular.Taylor.TaylorSpectrum (81s)
✔ [9077/9150] Built OAI.Analysis.Triangular.Construction.FiniteCoordinates (10s)
✔ [9078/9150] Built OAI.Analysis.Triangular.Construction.SpectralProduct (11s)
✔ [9079/9150] Built OAI.Analysis.Triangular.Taylor.TaylorRowsBase (8.8s)
✔ [9080/9150] Built OAI.Analysis.Triangular.Construction.TailCoordinates (12s)
✔ [9081/9150] Built OAI.Analysis.Triangular.Signs.RemainderBoxes (28s)
✔ [9082/9150] Built OAI.Analysis.Triangular.Taylor.TaylorRows10 (356s)
✔ [9083/9150] Built OAI.Analysis.Triangular.Taylor.TaylorRows11 (365s)
✔ [9084/9150] Built OAI.Analysis.Triangular.Taylor.TaylorRows12 (365s)
✔ [9085/9150] Built OAI.Analysis.Triangular.Taylor.TaylorRows13 (365s)
✔ [9086/9150] Built OAI.Analysis.Triangular.Taylor.TaylorRows14 (365s)
✔ [9087/9150] Built OAI.Analysis.Triangular.Taylor.TaylorRows15 (366s)
✔ [9088/9150] Built OAI.Analysis.Triangular.Taylor.TaylorRows16 (367s)
✔ [9089/9150] Built OAI.Analysis.Triangular.Signs.SignBase (38s)
✔ [9090/9150] Built OAI.Analysis.Triangular.Taylor.TaylorRows06 (455s)
✔ [9091/9150] Built OAI.Analysis.Triangular.Construction.TailInterpolation (120s)
✔ [9092/9150] Built OAI.Analysis.Triangular.Construction.FiniteProjection (114s)
✔ [9093/9150] Built OAI.Analysis.Triangular.Signs.RemainderData6 (180s)
✔ [9094/9150] Built OAI.Analysis.Triangular.Taylor.TaylorRows00 (377s)
✔ [9095/9150] Built OAI.Analysis.Triangular.Taylor.TaylorRows01 (377s)
✔ [9096/9150] Built OAI.Analysis.Triangular.Taylor.TaylorRows02 (377s)
✔ [9097/9150] Built OAI.Analysis.Triangular.Taylor.TaylorRows03 (377s)
✔ [9098/9150] Built OAI.Analysis.Triangular.Taylor.TaylorRows04 (377s)
✔ [9099/9150] Built OAI.Analysis.Triangular.Taylor.TaylorRows05 (377s)
✔ [9100/9150] Built OAI.Analysis.Triangular.Signs.RemainderData5 (185s)
✔ [9101/9150] Built OAI.Analysis.Triangular.Signs.Signs15 (70s)
✔ [9102/9150] Built OAI.Analysis.Triangular.Signs.Signs16 (70s)
✔ [9103/9150] Built OAI.Analysis.Triangular.Signs.RemainderData0 (101s)
✔ [9104/9150] Built OAI.Analysis.Triangular.Signs.RemainderData1 (101s)
✔ [9105/9150] Built OAI.Analysis.Triangular.Signs.RemainderData2 (101s)
✔ [9106/9150] Built OAI.Analysis.Triangular.Signs.RemainderData3 (101s)
✔ [9107/9150] Built OAI.Analysis.Triangular.Signs.RemainderData4 (137s)
✔ [9108/9150] Built OAI.Analysis.Triangular.Construction.FiniteAssembly (22s)
✔ [9109/9150] Built OAI.Analysis.Triangular.Signs.RemainderSums6 (30s)
✔ [9110/9150] Built OAI.Analysis.Triangular.Signs.Signs14 (113s)
✔ [9111/9150] Built OAI.Analysis.Triangular.Signs.Signs12 (83s)
✔ [9112/9150] Built OAI.Analysis.Triangular.Signs.Signs13 (83s)
✔ [9113/9150] Built OAI.Analysis.Triangular.Signs.ExceptionalInterval (28s)
✔ [9114/9150] Built OAI.Analysis.Triangular.Signs.Signs11 (59s)
✔ [9115/9150] Built OAI.Analysis.Triangular.Signs.Signs10 (60s)
✔ [9116/9150] Built OAI.Analysis.Triangular.Signs.Signs06 (63s)
✔ [9117/9150] Built OAI.Analysis.Triangular.Signs.Signs00 (46s)
✔ [9118/9150] Built OAI.Analysis.Triangular.Signs.RemainderSums5 (33s)
✔ [9119/9150] Built OAI.Analysis.Triangular.Signs.RemainderSums3 (31s)
✔ [9120/9150] Built OAI.Analysis.Triangular.Signs.RemainderSums4 (30s)
✔ [9121/9150] Built OAI.Analysis.Triangular.Signs.Signs02 (62s)
✔ [9122/9150] Built OAI.Analysis.Triangular.Signs.Signs04 (62s)
✔ [9123/9150] Built OAI.Analysis.Triangular.Signs.Signs05 (63s)
✔ [9124/9150] Built OAI.Analysis.Triangular.Signs.Signs03 (63s)
✔ [9125/9150] Built OAI.Analysis.Triangular.Signs.Signs01 (64s)
✔ [9126/9150] Built OAI.Analysis.Triangular.Signs.RemainderSums0 (27s)
✔ [9127/9150] Built OAI.Analysis.Triangular.Signs.RemainderSums1 (32s)
✔ [9128/9150] Built OAI.Analysis.Triangular.Signs.RemainderSums2 (33s)
✔ [9129/9150] Built OAI.Analysis.Triangular.Construction.FiniteInterpolation (18s)
✔ [9130/9150] Built OAI.Analysis.Triangular.Signs.RemainderPre (15s)
✔ [9131/9150] Built OAI.Analysis.Triangular.Construction.ActualInterpolation (14s)
✔ [9132/9150] Built OAI.Analysis.Triangular.Construction.FiniteRemainder (15s)
✔ [9133/9150] Built OAI.Analysis.Triangular.Signs.ExceptionalSign2 (42s)
✔ [9134/9150] Built OAI.Analysis.Triangular.Signs.ExceptionalSign3 (43s)
✔ [9135/9150] Built OAI.Analysis.Triangular.Signs.ExceptionalSign0 (41s)
✔ [9136/9150] Built OAI.Analysis.Triangular.Construction.CoefficientAddition (17s)
✔ [9137/9150] Built OAI.Analysis.Triangular.Signs.ExceptionalSign1 (42s)
✔ [9138/9150] Built OAI.Analysis.Triangular.Construction.FarCurvature (18s)
✔ [9139/9150] Built OAI.Analysis.Triangular.Signs.GaussianDeleted (20s)
✔ [9140/9150] Built OAI.Analysis.Triangular.Taylor.FiniteTaylorError (12s)
✔ [9141/9150] Built OAI.Analysis.Triangular.Signs.ExceptionalComparison (14s)
✔ [9142/9150] Built OAI.Analysis.Triangular.Signs.DeletedAccuracy (9.9s)
✔ [9143/9150] Built OAI.Analysis.Triangular.Signs.OrdinaryComparison (7.1s)
✔ [9144/9150] Built OAI.Analysis.Triangular.Signs.NearSigns (7.6s)
✔ [9145/9150] Built OAI.Analysis.Triangular.Signs.FarSigns (9.5s)
✔ [9146/9150] Built OAI.Analysis.Triangular.Construction.Normalization (7.7s)
✔ [9147/9150] Built OAI.Analysis.Triangular.Schwartz.GaussianPair (6.0s)
✔ [9148/9150] Built OAI.Analysis.Triangular.Energy.GaussianPoisson (5.6s)
✔ [9149/9150] Built OAI.Analysis.Triangular.Energy.Gaussian (5.5s)
✔ [9150/9150] Built OAI.Analysis.Triangular.Energy.Universal (5.2s)
Build completed successfully (9150 jobs).
== build rc=0 seconds=3795
{"theorems": ["OAI.AtomicTriangular.universal_energy_minimum"], "defs": ["OAI.TriangularUniversal.Plane", "OAI.TriangularUniversal.LocallyFinite", "OAI.TriangularUniversal.diskPoints", "OAI.TriangularUniversal.diskCount", "OAI.TriangularUniversal.DensityOne", "OAI.TriangularUniversal.AdmissiblePotential", "OAI.TriangularUniversal.diskEnergy", "OAI.TriangularUniversal.energy", "OAI.AtomicTriangular.Plane", "OAI.AtomicTriangular.b", "OAI.AtomicTriangular.triangularPoint", "OAI.AtomicTriangular.A", "OAI.AtomicTriangular.LocallyFinite", "OAI.AtomicTriangular.diskPoints", "OAI.AtomicTriangular.diskCount", "OAI.AtomicTriangular.DensityOne", "OAI.AtomicTriangular.AdmissiblePotential", "OAI.AtomicTriangular.diskEnergy", "OAI.AtomicTriangular.energy", "OAI.AtomicTriangular.latticeEnergy"], "json_theorems": ["OAI.AtomicTriangular.universal_energy_minimum"], "missing_from_parse": []}
TYPES/DEFS DIFFER TriangularEnergy
1,5d0
< /Users/shannon/cc/math/math/lean/Scratch/Challenge_TriangularEnergy.lean:66:8:
< warning:
< declaration
< uses
< `sorry`
AXIOMS: 'OAI.AtomicTriangular.universal_energy_minimum' depends on axioms: [propext, Classical.choice, Quot.sound] 
== end=2026-10-09T17:09:52Z
