== UniformSparsestCut  module=OAI.Combinatorics.SparsestCut.Main  start=2026-10-08T10:52:00Z
warning: PrimeNumberTheoremAnd: repository '/Users/shannon/cc/math/math/lean/.lake/packages/PrimeNumberTheoremAnd' has local changes
warning: belyi: repository '/Users/shannon/cc/math/math/lean/.lake/packages/belyi' has local changes
warning: formal-schemes: repository '/Users/shannon/cc/math/math/lean/.lake/packages/formal-schemes' has local changes
warning: elliptic-curves: repository '/Users/shannon/cc/math/math/lean/.lake/packages/elliptic-curves' has local changes
warning: tempered-fundamental-groups: repository '/Users/shannon/cc/math/math/lean/.lake/packages/tempered-fundamental-groups' has local changes
warning: oka: repository '/Users/shannon/cc/math/math/lean/.lake/packages/oka' has local changes
warning: orbicurve-cores: repository '/Users/shannon/cc/math/math/lean/.lake/packages/orbicurve-cores' has local changes
warning: pi1: repository '/Users/shannon/cc/math/math/lean/.lake/packages/pi1' has local changes
warning: heights: repository '/Users/shannon/cc/math/math/lean/.lake/packages/heights' has local changes
warning: genl: repository '/Users/shannon/cc/math/math/lean/.lake/packages/genl' has local changes
warning: tate-curves-theta: repository '/Users/shannon/cc/math/math/lean/.lake/packages/tate-curves-theta' has local changes
warning: iut: repository '/Users/shannon/cc/math/math/lean/.lake/packages/iut' has local changes
warning: gromov: repository '/Users/shannon/cc/math/math/lean/.lake/packages/gromov' has local changes
warning: SphereEversion: repository '/Users/shannon/cc/math/math/lean/.lake/packages/SphereEversion' has local changes
warning: schoenflies-lean: repository '/Users/shannon/cc/math/math/lean/.lake/packages/schoenflies-lean' has local changes
warning: ClassFieldTheory: repository '/Users/shannon/cc/math/math/lean/.lake/packages/ClassFieldTheory' has local changes
warning: AINTLIB: repository '/Users/shannon/cc/math/math/lean/.lake/packages/AINTLIB' has local changes
warning: AbsorptionCutoff: repository '/Users/shannon/cc/math/math/lean/.lake/packages/AbsorptionCutoff' has local changes
warning: StrongPNT: repository '/Users/shannon/cc/math/math/lean/.lake/packages/StrongPNT' has local changes
warning: carleson: repository '/Users/shannon/cc/math/math/lean/.lake/packages/carleson' has local changes
warning: rellich-kondrachov: repository '/Users/shannon/cc/math/math/lean/.lake/packages/rellich-kondrachov' has local changes
warning: Zeta3Irrational: repository '/Users/shannon/cc/math/math/lean/.lake/packages/Zeta3Irrational' has local changes
warning: fixed-point-theorems: repository '/Users/shannon/cc/math/math/lean/.lake/packages/fixed-point-theorems' has local changes
✔ [8924/8978] Built OAI.Combinatorics.SparsestCut.Model (5.4s)
✔ [8925/8978] Built OAI.Combinatorics.SparsestCut.FiniteDuality (8.0s)
✔ [8926/8978] Built OAI.Combinatorics.SparsestCut.GaussianTools (9.4s)
✔ [8927/8978] Built OAI.Combinatorics.SparsestCut.CutSums (7.3s)
✔ [8928/8978] Built OAI.Combinatorics.SparsestCut.FiniteNets (7.4s)
✔ [8929/8978] Built OAI.Combinatorics.SparsestCut.Semimetrics (7.3s)
✔ [8930/8978] Built OAI.Combinatorics.SparsestCut.Directions (9.0s)
✔ [8931/8978] Built OAI.Combinatorics.SparsestCut.CutDuality (8.3s)
✔ [8932/8978] Built OAI.Combinatorics.SparsestCut.GaussianNonparallel (7.7s)
✔ [8933/8978] Built OAI.Combinatorics.SparsestCut.Replication (7.7s)
✔ [8934/8978] Built OAI.Combinatorics.SparsestCut.DirectionInterpolation (9.1s)
✔ [8935/8978] Built OAI.Combinatorics.SparsestCut.DirectionAsymptotics (7.8s)
✔ [8936/8978] Built OAI.Combinatorics.SparsestCut.DirectionFamily (7.6s)
✔ [8937/8978] Built OAI.Combinatorics.SparsestCut.PivotFamily (8.6s)
✔ [8938/8978] Built OAI.Combinatorics.SparsestCut.ChartLinear (7.2s)
✔ [8939/8978] Built OAI.Combinatorics.SparsestCut.RoundedCharts (7.8s)
✔ [8940/8978] Built OAI.Combinatorics.SparsestCut.PositiveKernels (5.0s)
✔ [8941/8978] Built OAI.Combinatorics.SparsestCut.UniformReplication (7.8s)
✔ [8942/8978] Built OAI.Combinatorics.SparsestCut.KernelApprox (7.8s)
✔ [8943/8978] Built OAI.Combinatorics.SparsestCut.CommonKernel (6.3s)
✔ [8944/8978] Built OAI.Combinatorics.SparsestCut.Profiles (7.2s)
✔ [8945/8978] Built OAI.Combinatorics.SparsestCut.MetricKernel (7.5s)
✔ [8946/8978] Built OAI.Combinatorics.SparsestCut.ChartKernel (6.4s)
✔ [8947/8978] Built OAI.Combinatorics.SparsestCut.ChartAngles (9.5s)
✔ [8948/8978] Built OAI.Combinatorics.SparsestCut.TriangleRepair (6.7s)
✔ [8949/8978] Built OAI.Combinatorics.SparsestCut.ChartMetric (7.5s)
✔ [8950/8978] Built OAI.Combinatorics.SparsestCut.Parameters (7.1s)
✔ [8951/8978] Built OAI.Combinatorics.SparsestCut.Metric (7.7s)
✔ [8952/8978] Built OAI.Combinatorics.SparsestCut.Mollifier (6.9s)
✔ [8953/8978] Built OAI.Combinatorics.SparsestCut.ContractionBounds (7.5s)
✔ [8954/8978] Built OAI.Combinatorics.SparsestCut.InterfaceStep (6.9s)
✔ [8955/8978] Built OAI.Combinatorics.SparsestCut.SliceCoefficients (5.0s)
✔ [8956/8978] Built OAI.Combinatorics.SparsestCut.ProductSlice (6.2s)
✔ [8957/8978] Built OAI.Combinatorics.SparsestCut.LatticeDensity (5.7s)
✔ [8958/8978] Built OAI.Combinatorics.SparsestCut.SliceIntegration (6.3s)
✔ [8959/8978] Built OAI.Combinatorics.SparsestCut.CellInterface (6.5s)
✔ [8960/8978] Built OAI.Combinatorics.SparsestCut.Smoothing (6.3s)
✔ [8961/8978] Built OAI.Combinatorics.SparsestCut.CoordinateSplit (8.2s)
✔ [8962/8978] Built OAI.Combinatorics.SparsestCut.EuclideanCells (7.6s)
✔ [8963/8978] Built OAI.Combinatorics.SparsestCut.ConcreteCells (6.3s)
✔ [8964/8978] Built OAI.Combinatorics.SparsestCut.GradientBudget (6.8s)
✔ [8965/8978] Built OAI.Combinatorics.SparsestCut.ContractionCore (6.8s)
✔ [8966/8978] Built OAI.Combinatorics.SparsestCut.GaussianPoincare (7.1s)
✔ [8967/8978] Built OAI.Combinatorics.SparsestCut.GaussianCDF (5.0s)
✔ [8968/8978] Built OAI.Combinatorics.SparsestCut.CubePoincare (7.2s)
✔ [8969/8978] Built OAI.Combinatorics.SparsestCut.CubeGeometry (6.3s)
✔ [8970/8978] Built OAI.Combinatorics.SparsestCut.CubeTransfer (6.9s)
✔ [8971/8978] Built OAI.Combinatorics.SparsestCut.ContractionAverage (6.1s)
✔ [8972/8978] Built OAI.Combinatorics.SparsestCut.VertexMeasure (5.6s)
✔ [8973/8978] Built OAI.Combinatorics.SparsestCut.WeightedMetric (5.0s)
✔ [8974/8978] Built OAI.Combinatorics.SparsestCut.LabelCount (6.2s)
✔ [8975/8978] Built OAI.Combinatorics.SparsestCut.VertexCount (5.5s)
✔ [8976/8978] Built OAI.Combinatorics.SparsestCut.UniformMetric (5.5s)
✔ [8977/8978] Built OAI.Combinatorics.SparsestCut.Logarithms (5.2s)
✔ [8978/8978] Built OAI.Combinatorics.SparsestCut.Main (5.2s)
Build completed successfully (8978 jobs).
== build rc=0 seconds=346
{"theorems": ["OAI.UniformSparsestCut.mainGap"], "defs": ["OAI.UniformSparsestCut.Capacity", "OAI.UniformSparsestCut.pairSum", "OAI.UniformSparsestCut.cutRatio", "OAI.UniformSparsestCut.OPT", "OAI.UniformSparsestCut.NegativeType", "OAI.UniformSparsestCut.Feasible", "OAI.UniformSparsestCut.glValue"], "json_theorems": ["OAI.UniformSparsestCut.mainGap"], "missing_from_parse": []}
TYPES/DEFS DIFFER UniformSparsestCut
1,5d0
< /Users/shannon/cc/math/math/lean/Scratch/Challenge_UniformSparsestCut.lean:40:8:
< warning:
< declaration
< uses
< `sorry`
AXIOMS: 'OAI.UniformSparsestCut.mainGap' depends on axioms: [propext, Classical.choice, Quot.sound] 
== end=2026-10-08T10:58:06Z
