== UniformKServer  module=OAI.Combinatorics.UniformKServer.Main  start=2026-10-09T12:02:46Z
warning: PrimeNumberTheoremAnd: repository '/Users/shannon/cc/math/math/lean/.lake/packages/PrimeNumberTheoremAnd' has local changes
warning: belyi: repository '/Users/shannon/cc/math/math/lean/.lake/packages/belyi' has local changes
warning: formal-schemes: repository '/Users/shannon/cc/math/math/lean/.lake/packages/formal-schemes' has local changes
warning: elliptic-curves: repository '/Users/shannon/cc/math/math/lean/.lake/packages/elliptic-curves' has local changes
warning: tempered-fundamental-groups: repository '/Users/shannon/cc/math/math/lean/.lake/packages/tempered-fundamental-groups' has local changes
warning: oka: repository '/Users/shannon/cc/math/math/lean/.lake/packages/oka' has local changes
warning: orbicurve-cores: repository '/Users/shannon/cc/math/math/lean/.lake/packages/orbicurve-cores' has local changes
warning: pi1: repository '/Users/shannon/cc/math/math/lean/.lake/packages/pi1' has local changes
warning: heights: repository '/Users/shannon/cc/math/math/lean/.lake/packages/heights' has local changes
warning: genl: repository '/Users/shannon/cc/math/math/lean/.lake/packages/genl' has local changes
warning: tate-curves-theta: repository '/Users/shannon/cc/math/math/lean/.lake/packages/tate-curves-theta' has local changes
warning: iut: repository '/Users/shannon/cc/math/math/lean/.lake/packages/iut' has local changes
warning: gromov: repository '/Users/shannon/cc/math/math/lean/.lake/packages/gromov' has local changes
warning: SphereEversion: repository '/Users/shannon/cc/math/math/lean/.lake/packages/SphereEversion' has local changes
warning: schoenflies-lean: repository '/Users/shannon/cc/math/math/lean/.lake/packages/schoenflies-lean' has local changes
warning: ClassFieldTheory: repository '/Users/shannon/cc/math/math/lean/.lake/packages/ClassFieldTheory' has local changes
warning: AINTLIB: repository '/Users/shannon/cc/math/math/lean/.lake/packages/AINTLIB' has local changes
warning: AbsorptionCutoff: repository '/Users/shannon/cc/math/math/lean/.lake/packages/AbsorptionCutoff' has local changes
warning: StrongPNT: repository '/Users/shannon/cc/math/math/lean/.lake/packages/StrongPNT' has local changes
warning: carleson: repository '/Users/shannon/cc/math/math/lean/.lake/packages/carleson' has local changes
warning: rellich-kondrachov: repository '/Users/shannon/cc/math/math/lean/.lake/packages/rellich-kondrachov' has local changes
warning: Zeta3Irrational: repository '/Users/shannon/cc/math/math/lean/.lake/packages/Zeta3Irrational' has local changes
warning: fixed-point-theorems: repository '/Users/shannon/cc/math/math/lean/.lake/packages/fixed-point-theorems' has local changes
✔ [8924/9333] Built OAI.Combinatorics.UniformKServer.SwitchTracker (37s)
✔ [8925/9333] Built OAI.Combinatorics.UniformKServer.FiniteRepresentation (37s)
✔ [8926/9333] Built OAI.Combinatorics.UniformKServer.LiteralPartial (37s)
✔ [8927/9333] Built OAI.Combinatorics.UniformKServer.FiniteFlow (37s)
✔ [8928/9333] Built OAI.Combinatorics.UniformKServer.AllocationOutputs (37s)
✔ [8929/9333] Built OAI.Combinatorics.UniformKServer.ParkCoefficients (38s)
✔ [8930/9333] Built OAI.Combinatorics.UniformKServer.EntropyCredit (39s)
✔ [8931/9333] Built OAI.Combinatorics.UniformKServer.FourierMotzkin (43s)
✔ [8932/9333] Built OAI.Combinatorics.UniformKServer.SyntheticCore (28s)
✔ [8933/9333] Built OAI.Combinatorics.UniformKServer.SideParameters (31s)
✔ [8934/9333] Built OAI.Combinatorics.UniformKServer.ParameterGaps (32s)
✔ [8935/9333] Built OAI.Combinatorics.UniformKServer.AllocationSchedule (31s)
✔ [8936/9333] Built OAI.Combinatorics.UniformKServer.SideTracker (34s)
✔ [8937/9333] Built OAI.Combinatorics.UniformKServer.SimplexTracker (34s)
✔ [8938/9333] Built OAI.Combinatorics.UniformKServer.Denominators (36s)
✔ [8939/9333] Built OAI.Combinatorics.UniformKServer.FineCaps (33s)
✔ [8940/9333] Built OAI.Combinatorics.UniformKServer.RawArithmetic (23s)
✔ [8941/9333] Built OAI.Combinatorics.UniformKServer.SortedRoster (22s)
✔ [8942/9333] Built OAI.Combinatorics.UniformKServer.BitSampling (24s)
✔ [8943/9333] Built OAI.Combinatorics.UniformKServer.DyadicRows (27s)
✔ [8944/9333] Built OAI.Combinatorics.UniformKServer.KeyEdits (21s)
✔ [8945/9333] Built OAI.Combinatorics.UniformKServer.PrimitiveRules (22s)
✔ [8946/9333] Built OAI.Combinatorics.UniformKServer.SmallScales (20s)
✔ [8947/9333] Built OAI.Combinatorics.UniformKServer.TierParameters (22s)
✔ [8948/9333] Built OAI.Combinatorics.UniformKServer.FirstStructure (24s)
✔ [8949/9333] Built OAI.Combinatorics.UniformKServer.RadiusTail (25s)
✔ [8950/9333] Built OAI.Combinatorics.UniformKServer.ChronologicalRoster (25s)
✔ [8951/9333] Built OAI.Combinatorics.UniformKServer.RosterTails (29s)
✔ [8952/9333] Built OAI.Combinatorics.UniformKServer.HeavyRecords (26s)
✔ [8953/9333] Built OAI.Combinatorics.UniformKServer.RankSuperadditivity (31s)
✔ [8954/9333] Built OAI.Combinatorics.UniformKServer.PilotCompact (29s)
✔ [8955/9333] Built OAI.Combinatorics.UniformKServer.RankFunctions (39s)
✔ [8956/9333] Built OAI.Combinatorics.UniformKServer.Basic (24s)
✔ [8957/9333] Built OAI.Combinatorics.UniformKServer.SideStability (23s)
✔ [8958/9333] Built OAI.Combinatorics.UniformKServer.AllocationMovement (24s)
✔ [8959/9333] Built OAI.Combinatorics.UniformKServer.RawWords (21s)
✔ [8960/9333] Built OAI.Combinatorics.UniformKServer.BitPaths (22s)
✔ [8961/9333] Built OAI.Combinatorics.UniformKServer.DyadicTiers (21s)
✔ [8962/9333] Built OAI.Combinatorics.UniformKServer.LogPrimitive (24s)
✔ [8963/9333] Built OAI.Combinatorics.UniformKServer.FirstEdits (19s)
✔ [8964/9333] Built OAI.Combinatorics.UniformKServer.PilotFiltering (21s)
✔ [8965/9333] Built OAI.Combinatorics.UniformKServer.ChronologicalBound (22s)
✔ [8966/9333] Built OAI.Combinatorics.UniformKServer.MetricRealization (22s)
✔ [8967/9333] Built OAI.Combinatorics.UniformKServer.OfflineDynamic (21s)
✔ [8968/9333] Built OAI.Combinatorics.UniformKServer.ClockSchedule (22s)
✔ [8969/9333] Built OAI.Combinatorics.UniformKServer.PilotDeletion (27s)
✔ [8970/9333] Built OAI.Combinatorics.UniformKServer.Epochs (24s)
✔ [8971/9333] Built OAI.Combinatorics.UniformKServer.BoundedFilter (21s)
✔ [8972/9333] Built OAI.Combinatorics.UniformKServer.StackTape (20s)
✔ [8973/9333] Built OAI.Combinatorics.UniformKServer.Fallback (23s)
✔ [8974/9333] Built OAI.Combinatorics.UniformKServer.CrossRule (23s)
✔ [8975/9333] Built OAI.Combinatorics.UniformKServer.RawTable (22s)
✔ [8976/9333] Built OAI.Combinatorics.UniformKServer.AlphaTracker (21s)
✔ [8977/9333] Built OAI.Combinatorics.UniformKServer.TierSchedule (21s)
✔ [8978/9333] Built OAI.Combinatorics.UniformKServer.ExecutableDyadic (25s)
✔ [8979/9333] Built OAI.Combinatorics.UniformKServer.AllocationAnalysis (26s)
✔ [8980/9333] Built OAI.Combinatorics.UniformKServer.PathExpansion (24s)
✔ [8981/9333] Built OAI.Combinatorics.UniformKServer.LinearProgram (29s)
✔ [8982/9333] Built OAI.Combinatorics.UniformKServer.FiniteProbability (23s)
✔ [8983/9333] Built OAI.Combinatorics.UniformKServer.PilotScales (25s)
✔ [8984/9333] Built OAI.Combinatorics.UniformKServer.PilotConcentration (30s)
✔ [8985/9333] Built OAI.Combinatorics.UniformKServer.CooldownLabels (23s)
✔ [8986/9333] Built OAI.Combinatorics.UniformKServer.ConditionalLaw (23s)
✔ [8987/9333] Built OAI.Combinatorics.UniformKServer.LaminarTransport (23s)
✔ [8988/9333] Built OAI.Combinatorics.UniformKServer.AllocationEpoch (23s)
✔ [8989/9333] Built OAI.Combinatorics.UniformKServer.HeldRelative (23s)
✔ [8990/9333] Built OAI.Combinatorics.UniformKServer.BalancedRepair (25s)
✔ [8991/9333] Built OAI.Combinatorics.UniformKServer.RawBlockCharge (23s)
✔ [8992/9333] Built OAI.Combinatorics.UniformKServer.LazyFinance (22s)
✔ [8993/9333] Built OAI.Combinatorics.UniformKServer.StackCompiler (23s)
✔ [8994/9333] Built OAI.Combinatorics.UniformKServer.AnchorRamp (26s)
✔ [8995/9333] Built OAI.Combinatorics.UniformKServer.EpochShadow (24s)
✔ [8996/9333] Built OAI.Combinatorics.UniformKServer.RawPath (21s)
✔ [8997/9333] Built OAI.Combinatorics.UniformKServer.RawCertificate (22s)
✔ [8998/9333] Built OAI.Combinatorics.UniformKServer.DomainTransport (23s)
✔ [8999/9333] Built OAI.Combinatorics.UniformKServer.FiniteThreshold (22s)
✔ [9000/9333] Built OAI.Combinatorics.UniformKServer.ExactOptimum (24s)
✔ [9001/9333] Built OAI.Combinatorics.UniformKServer.AlphaStability (24s)
✔ [9002/9333] Built OAI.Combinatorics.UniformKServer.FirstHit (21s)
✔ [9003/9333] Built OAI.Combinatorics.UniformKServer.FinitePiLaw (24s)
✔ [9004/9333] Built OAI.Combinatorics.UniformKServer.LawKernel (21s)
✔ [9005/9333] Built OAI.Combinatorics.UniformKServer.FiniteSeparation (21s)
✔ [9006/9333] Built OAI.Combinatorics.UniformKServer.GeometricMass (20s)
✔ [9007/9333] Built OAI.Combinatorics.UniformKServer.PositiveSupport (22s)
✔ [9008/9333] Built OAI.Combinatorics.UniformKServer.PilotCapacity (25s)
✔ [9009/9333] Built OAI.Combinatorics.UniformKServer.AdaptiveLedger (22s)
✔ [9010/9333] Built OAI.Combinatorics.UniformKServer.PilotExtension (26s)
✔ [9011/9333] Built OAI.Combinatorics.UniformKServer.RankTracking (31s)
✔ [9012/9333] Built OAI.Combinatorics.UniformKServer.EpochGeometry (21s)
✔ [9013/9333] Built OAI.Combinatorics.UniformKServer.BalancedStar (23s)
✔ [9014/9333] Built OAI.Combinatorics.UniformKServer.StackSimulation (21s)
✔ [9015/9333] Built OAI.Combinatorics.UniformKServer.RawPartition (21s)
✔ [9016/9333] Built OAI.Combinatorics.UniformKServer.EpochExpectation (22s)
✔ [9017/9333] Built OAI.Combinatorics.UniformKServer.AnchorScalar (22s)
✔ [9018/9333] Built OAI.Combinatorics.UniformKServer.EpochControl (21s)
✔ [9019/9333] Built OAI.Combinatorics.UniformKServer.RawTyped (19s)
✔ [9020/9333] Built OAI.Combinatorics.UniformKServer.RawSearch (18s)
✔ [9021/9333] Built OAI.Combinatorics.UniformKServer.HeavyRadius (18s)
✔ [9022/9333] Built OAI.Combinatorics.UniformKServer.AdaptiveSide (20s)
✔ [9023/9333] Built OAI.Combinatorics.UniformKServer.AlphaLinear (21s)
✔ [9024/9333] Built OAI.Combinatorics.UniformKServer.ProportionParameters (22s)
✔ [9025/9333] Built OAI.Combinatorics.UniformKServer.FiniteTable (23s)
✔ [9026/9333] Built OAI.Combinatorics.UniformKServer.RadiusFirstHit (21s)
✔ [9027/9333] Built OAI.Combinatorics.UniformKServer.OffsetLP (26s)
✔ [9028/9333] Built OAI.Combinatorics.UniformKServer.FirstHitSupport (20s)
✔ [9029/9333] Built OAI.Combinatorics.UniformKServer.PiFresh (18s)
✔ [9030/9333] Built OAI.Combinatorics.UniformKServer.PiFirstHit (18s)
✔ [9031/9333] Built OAI.Combinatorics.UniformKServer.PiIntegrate (19s)
✔ [9032/9333] Built OAI.Combinatorics.UniformKServer.Disintegration (19s)
✔ [9033/9333] Built OAI.Combinatorics.UniformKServer.RealFlow (19s)
✔ [9034/9333] Built OAI.Combinatorics.UniformKServer.ReverseScales (19s)
✔ [9035/9333] Built OAI.Combinatorics.UniformKServer.ParkScale (20s)
✔ [9036/9333] Built OAI.Combinatorics.UniformKServer.ConditionalRank (21s)
✔ [9037/9333] Built OAI.Combinatorics.UniformKServer.RankData (22s)
✔ [9038/9333] Built OAI.Combinatorics.UniformKServer.EpochParameters (23s)
✔ [9039/9333] Built OAI.Combinatorics.UniformKServer.KeySizeTracker (23s)
✔ [9040/9333] Built OAI.Combinatorics.UniformKServer.PilotRelocation (36s)
✔ [9041/9333] Built OAI.Combinatorics.UniformKServer.StackRun (22s)
✔ [9042/9333] Built OAI.Combinatorics.UniformKServer.EpochPartition (22s)
✔ [9043/9333] Built OAI.Combinatorics.UniformKServer.TreeRounding (25s)
✔ [9044/9333] Built OAI.Combinatorics.UniformKServer.OffsetComparison (21s)
✔ [9045/9333] Built OAI.Combinatorics.UniformKServer.EpochTape (21s)
✔ [9046/9333] Built OAI.Combinatorics.UniformKServer.RawMetric (20s)
✔ [9047/9333] Built OAI.Combinatorics.UniformKServer.RawRepresentation (19s)
✔ [9048/9333] Built OAI.Combinatorics.UniformKServer.EpochFinite (20s)
✔ [9049/9333] Built OAI.Combinatorics.UniformKServer.RawExpansion (20s)
✔ [9050/9333] Built OAI.Combinatorics.UniformKServer.RawMarks (20s)
✔ [9051/9333] Built OAI.Combinatorics.UniformKServer.SideParameterChanges (20s)
✔ [9052/9333] Built OAI.Combinatorics.UniformKServer.SideRecurrence (19s)
✔ [9053/9333] Built OAI.Combinatorics.UniformKServer.SideLinear (18s)
✔ [9054/9333] Built OAI.Combinatorics.UniformKServer.CoreFiltering (20s)
✔ [9055/9333] Built OAI.Combinatorics.UniformKServer.AdaptiveAlpha (21s)
✔ [9056/9333] Built OAI.Combinatorics.UniformKServer.AutomaticTable (20s)
✔ [9057/9333] Built OAI.Combinatorics.UniformKServer.TierRadius (21s)
✔ [9058/9333] Built OAI.Combinatorics.UniformKServer.OffsetRealization (20s)
✔ [9059/9333] Built OAI.Combinatorics.UniformKServer.RadiusRoster (22s)
✔ [9060/9333] Built OAI.Combinatorics.UniformKServer.LawSupport (19s)
✔ [9061/9333] Built OAI.Combinatorics.UniformKServer.MarkovFlow (19s)
✔ [9062/9333] Built OAI.Combinatorics.UniformKServer.RealFlowConvex (20s)
✔ [9063/9333] Built OAI.Combinatorics.UniformKServer.ConditionalRanks (19s)
✔ [9064/9333] Built OAI.Combinatorics.UniformKServer.ParkPointwise (21s)
✔ [9065/9333] Built OAI.Combinatorics.UniformKServer.FlexEstimates (23s)
✔ [9066/9333] Built OAI.Combinatorics.UniformKServer.CoarseData (23s)
✔ [9067/9333] Built OAI.Combinatorics.UniformKServer.AnchorPotential (21s)
✔ [9068/9333] Built OAI.Combinatorics.UniformKServer.SideReferenceSchedule (23s)
✔ [9069/9333] Built OAI.Combinatorics.UniformKServer.PilotSlope (25s)
✔ [9070/9333] Built OAI.Combinatorics.UniformKServer.FlatTM2 (20s)
✔ [9071/9333] Built OAI.Combinatorics.UniformKServer.PilotStability (22s)
✔ [9072/9333] Built OAI.Combinatorics.UniformKServer.TypedStack (20s)
✔ [9073/9333] Built OAI.Combinatorics.UniformKServer.StackCoins (20s)
✔ [9074/9333] Built OAI.Combinatorics.UniformKServer.BoundaryPartition (21s)
✔ [9075/9333] Built OAI.Combinatorics.UniformKServer.RawAccepted (19s)
✔ [9076/9333] Built OAI.Combinatorics.UniformKServer.TreeParking (21s)
✔ [9077/9333] Built OAI.Combinatorics.UniformKServer.RawBinary (20s)
✔ [9078/9333] Built OAI.Combinatorics.UniformKServer.TapeController (20s)
✔ [9079/9333] Built OAI.Combinatorics.UniformKServer.RawRows (19s)
✔ [9080/9333] Built OAI.Combinatorics.UniformKServer.RawFallback (19s)
✔ [9081/9333] Built OAI.Combinatorics.UniformKServer.RawRowSelect (19s)
✔ [9082/9333] Built OAI.Combinatorics.UniformKServer.RawFilter (21s)
✔ [9083/9333] Built OAI.Combinatorics.UniformKServer.AutomaticEpoch (21s)
✔ [9084/9333] Built OAI.Combinatorics.UniformKServer.EpochAlpha (21s)
✔ [9085/9333] Built OAI.Combinatorics.UniformKServer.AlphaEmpty (20s)
✔ [9086/9333] Built OAI.Combinatorics.UniformKServer.AdaptiveAlphaLinear (20s)
✔ [9087/9333] Built OAI.Combinatorics.UniformKServer.AlphaParameterChanges (21s)
✔ [9088/9333] Built OAI.Combinatorics.UniformKServer.TierKeys (21s)
✔ [9089/9333] Built OAI.Combinatorics.UniformKServer.RealFlowMixture (20s)
✔ [9090/9333] Built OAI.Combinatorics.UniformKServer.LazyMarkov (20s)
✔ [9091/9333] Built OAI.Combinatorics.UniformKServer.FineVariation (21s)
✔ [9092/9333] Built OAI.Combinatorics.UniformKServer.CoarseBridge (20s)
✔ [9093/9333] Built OAI.Combinatorics.UniformKServer.ParentScale (20s)
✔ [9094/9333] Built OAI.Combinatorics.UniformKServer.EpochCut (19s)
✔ [9095/9333] Built OAI.Combinatorics.UniformKServer.PilotPersistence (23s)
✔ [9096/9333] Built OAI.Combinatorics.UniformKServer.FlatOperational (24s)
✔ [9097/9333] Built OAI.Combinatorics.UniformKServer.RawBits (19s)
✔ [9098/9333] Built OAI.Combinatorics.UniformKServer.TreeAncestry (20s)
✔ [9099/9333] Built OAI.Combinatorics.UniformKServer.RawBounded (19s)
✔ [9100/9333] Built OAI.Combinatorics.UniformKServer.RawCompleteness (19s)
✔ [9101/9333] Built OAI.Combinatorics.UniformKServer.RawControl (19s)
✔ [9102/9333] Built OAI.Combinatorics.UniformKServer.EpochAlphaSchedule (19s)
✔ [9103/9333] Built OAI.Combinatorics.UniformKServer.AlphaRecurrence (19s)
✔ [9104/9333] Built OAI.Combinatorics.UniformKServer.ComputedSuffix (22s)
✔ [9105/9333] Built OAI.Combinatorics.UniformKServer.AlphaEmptyLinear (20s)
✔ [9106/9333] Built OAI.Combinatorics.UniformKServer.AlphaPrepared (20s)
✔ [9107/9333] Built OAI.Combinatorics.UniformKServer.RealFlowBounds (19s)
✔ [9108/9333] Built OAI.Combinatorics.UniformKServer.EpochAlphaPieces (20s)
✔ [9109/9333] Built OAI.Combinatorics.UniformKServer.StarRanks (19s)
✔ [9110/9333] Built OAI.Combinatorics.UniformKServer.ControllerEpoch (20s)
✔ [9111/9333] Built OAI.Combinatorics.UniformKServer.PilotCredits (22s)
✔ [9112/9333] Built OAI.Combinatorics.UniformKServer.ParentBeta (22s)
✔ [9113/9333] Built OAI.Combinatorics.UniformKServer.TreeLeaves (20s)
✔ [9114/9333] Built OAI.Combinatorics.UniformKServer.FlatTermination (21s)
✔ [9115/9333] Built OAI.Combinatorics.UniformKServer.RawTape (20s)
✔ [9116/9333] Built OAI.Combinatorics.UniformKServer.RawSound (21s)
✔ [9117/9333] Built OAI.Combinatorics.UniformKServer.CausalSchedules (19s)
✔ [9118/9333] Built OAI.Combinatorics.UniformKServer.ComputedInstance (20s)
✔ [9119/9333] Built OAI.Combinatorics.UniformKServer.FiniteFlowSpace (19s)
✔ [9120/9333] Built OAI.Combinatorics.UniformKServer.EpochAlphaJump (22s)
✔ [9121/9333] Built OAI.Combinatorics.UniformKServer.ControllerGroups (20s)
✔ [9122/9333] Built OAI.Combinatorics.UniformKServer.StarParameters (21s)
✔ [9123/9333] Built OAI.Combinatorics.UniformKServer.StarConstants (20s)
✔ [9124/9333] Built OAI.Combinatorics.UniformKServer.TreeTransport (20s)
✔ [9125/9333] Built OAI.Combinatorics.UniformKServer.PilotDrift (22s)
✔ [9126/9333] Built OAI.Combinatorics.UniformKServer.LiteralPartrec (19s)
✔ [9127/9333] Built OAI.Combinatorics.UniformKServer.RawGlobal (19s)
✔ [9128/9333] Built OAI.Combinatorics.UniformKServer.RawTableWitness (20s)
✔ [9129/9333] Built OAI.Combinatorics.UniformKServer.StarSchedules (20s)
✔ [9130/9333] Built OAI.Combinatorics.UniformKServer.FiniteFlowCompact (22s)
✔ [9131/9333] Built OAI.Combinatorics.UniformKServer.StarLower (21s)
✔ [9132/9333] Built OAI.Combinatorics.UniformKServer.ActualFineCaps (22s)
✔ [9133/9333] Built OAI.Combinatorics.UniformKServer.EpochAlphaStatic (23s)
✔ [9134/9333] Built OAI.Combinatorics.UniformKServer.IntegerParks (18s)
✔ [9135/9333] Built OAI.Combinatorics.UniformKServer.HeavyPilot (21s)
✔ [9136/9333] Built OAI.Combinatorics.UniformKServer.PilotEdits (23s)
✔ [9137/9333] Built OAI.Combinatorics.UniformKServer.StackPrimitive (21s)
✔ [9138/9333] Built OAI.Combinatorics.UniformKServer.TierPilot (27s)
✔ [9139/9333] Built OAI.Combinatorics.UniformKServer.AlphaFiniteInput (21s)
✔ [9140/9333] Built OAI.Combinatorics.UniformKServer.RawProgram (22s)
✔ [9141/9333] Built OAI.Combinatorics.UniformKServer.SideFiniteInput (22s)
✔ [9142/9333] Built OAI.Combinatorics.UniformKServer.FiniteFlowMinimax (20s)
✔ [9143/9333] Built OAI.Combinatorics.UniformKServer.StarCaps (20s)
✔ [9144/9333] Built OAI.Combinatorics.UniformKServer.EpochSide (20s)
✔ [9145/9333] Built OAI.Combinatorics.UniformKServer.HeavySchedule (21s)
✔ [9146/9333] Built OAI.Combinatorics.UniformKServer.ParkedTransport (22s)
✔ [9147/9333] Built OAI.Combinatorics.UniformKServer.RoundedState (21s)
✔ [9148/9333] Built OAI.Combinatorics.UniformKServer.EpochAlphaCharge (24s)
✔ [9149/9333] Built OAI.Combinatorics.UniformKServer.HeavyEditRamp (21s)
✔ [9150/9333] Built OAI.Combinatorics.UniformKServer.HiddenFlow (21s)
✔ [9151/9333] Built OAI.Combinatorics.UniformKServer.FlowAuxiliary (18s)
✔ [9152/9333] Built OAI.Combinatorics.UniformKServer.LiteralInput (19s)
✔ [9153/9333] Built OAI.Combinatorics.UniformKServer.LiteralVector (21s)
✔ [9154/9333] Built OAI.Combinatorics.UniformKServer.PilotTemplates (22s)
✔ [9155/9333] Built OAI.Combinatorics.UniformKServer.BinaryTape (23s)
✔ [9156/9333] Built OAI.Combinatorics.UniformKServer.ShortRoster (25s)
✔ [9157/9333] Built OAI.Combinatorics.UniformKServer.AlphaFiniteLedger (25s)
✔ [9158/9333] Built OAI.Combinatorics.UniformKServer.SwitchFinite (22s)
✔ [9159/9333] Built OAI.Combinatorics.UniformKServer.SideFiniteLedger (21s)
✔ [9160/9333] Built OAI.Combinatorics.UniformKServer.StarTrackers (19s)
✔ [9161/9333] Built OAI.Combinatorics.UniformKServer.RoundedMetricStep (20s)
✔ [9162/9333] Built OAI.Combinatorics.UniformKServer.EpochOutputParameters (21s)
✔ [9163/9333] Built OAI.Combinatorics.UniformKServer.HeavyRecordGeometry (21s)
✔ [9164/9333] Built OAI.Combinatorics.UniformKServer.EpochAlphaBudget (21s)
✔ [9165/9333] Built OAI.Combinatorics.UniformKServer.HiddenCausality (19s)
✔ [9166/9333] Built OAI.Combinatorics.UniformKServer.EpochSideCharge (22s)
✔ [9167/9333] Built OAI.Combinatorics.UniformKServer.StarBudget (21s)
✔ [9168/9333] Built OAI.Combinatorics.UniformKServer.HiddenRegion (17s)
✔ [9169/9333] Built OAI.Combinatorics.UniformKServer.LiteralBound (19s)
✔ [9170/9333] Built OAI.Combinatorics.UniformKServer.KeySizePosterior (20s)
✔ [9171/9333] Built OAI.Combinatorics.UniformKServer.HiddenTesting (20s)
✔ [9172/9333] Built OAI.Combinatorics.UniformKServer.PilotFamily (21s)
✔ [9173/9333] Built OAI.Combinatorics.UniformKServer.RawFinite (20s)
✔ [9174/9333] Built OAI.Combinatorics.UniformKServer.ShortRosterValidity (20s)
✔ [9175/9333] Built OAI.Combinatorics.UniformKServer.SwitchFiniteLedger (20s)
✔ [9176/9333] Built OAI.Combinatorics.UniformKServer.TreeDistribution (24s)
✔ [9177/9333] Built OAI.Combinatorics.UniformKServer.HeavyProcess (19s)
✔ [9178/9333] Built OAI.Combinatorics.UniformKServer.StarFeasibilityParameters (22s)
✔ [9179/9333] Built OAI.Combinatorics.UniformKServer.CurrentTesting (20s)
✔ [9180/9333] Built OAI.Combinatorics.UniformKServer.HeavyEditPayment (22s)
✔ [9181/9333] Built OAI.Combinatorics.UniformKServer.EpochSideBudget (21s)
✔ [9182/9333] Built OAI.Combinatorics.UniformKServer.HeavySeparation (25s)
✔ [9183/9333] Built OAI.Combinatorics.UniformKServer.RuntimeCertificate (24s)
✔ [9184/9333] Built OAI.Combinatorics.UniformKServer.RawTypedCoins (18s)
✔ [9185/9333] Built OAI.Combinatorics.UniformKServer.ActualRoster (20s)
✔ [9186/9333] Built OAI.Combinatorics.UniformKServer.CausalHeavy (20s)
✔ [9187/9333] Built OAI.Combinatorics.UniformKServer.TierInsertion (25s)
✔ [9188/9333] Built OAI.Combinatorics.UniformKServer.HeavyBirths (21s)
✔ [9189/9333] Built OAI.Combinatorics.UniformKServer.RoundingChain (21s)
✔ [9190/9333] Built OAI.Combinatorics.UniformKServer.StarOutputData (22s)
✔ [9191/9333] Built OAI.Combinatorics.UniformKServer.HeavyAnchorGeometry (22s)
✔ [9192/9333] Built OAI.Combinatorics.UniformKServer.HeavyProcessEdits (21s)
✔ [9193/9333] Built OAI.Combinatorics.UniformKServer.RuntimeExistence (18s)
✔ [9194/9333] Built OAI.Combinatorics.UniformKServer.TierShortSchedule (21s)
✔ [9195/9333] Built OAI.Combinatorics.UniformKServer.RoundingKernel (20s)
✔ [9196/9333] Built OAI.Combinatorics.UniformKServer.RankedTree (20s)
✔ [9197/9333] Built OAI.Combinatorics.UniformKServer.TierLifetimes (22s)
✔ [9198/9333] Built OAI.Combinatorics.UniformKServer.TreeRankData (21s)
✔ [9199/9333] Built OAI.Combinatorics.UniformKServer.HeavyFiniteLaw (20s)
✔ [9200/9333] Built OAI.Combinatorics.UniformKServer.ParkCapacity (21s)
✔ [9201/9333] Built OAI.Combinatorics.UniformKServer.StarOutputFeasibility (20s)
✔ [9202/9333] Built OAI.Combinatorics.UniformKServer.PrefixTree (21s)
✔ [9203/9333] Built OAI.Combinatorics.UniformKServer.TierLabels (21s)
✔ [9204/9333] Built OAI.Combinatorics.UniformKServer.StarActualJumps (22s)
✔ [9205/9333] Built OAI.Combinatorics.UniformKServer.PublicRounding (22s)
✔ [9206/9333] Built OAI.Combinatorics.UniformKServer.TierKeyProcess (22s)
✔ [9207/9333] Built OAI.Combinatorics.UniformKServer.LevelParkCapacity (20s)
✔ [9208/9333] Built OAI.Combinatorics.UniformKServer.HeavyTape (20s)
✔ [9209/9333] Built OAI.Combinatorics.UniformKServer.StarAllocator (19s)
✔ [9210/9333] Built OAI.Combinatorics.UniformKServer.CausalRosters (18s)
✔ [9211/9333] Built OAI.Combinatorics.UniformKServer.PrefixMovement (18s)
✔ [9212/9333] Built OAI.Combinatorics.UniformKServer.PublicFlow (17s)
✔ [9213/9333] Built OAI.Combinatorics.UniformKServer.TierRetirement (17s)
✔ [9214/9333] Built OAI.Combinatorics.UniformKServer.TierLabeledKeys (18s)
✔ [9215/9333] Built OAI.Combinatorics.UniformKServer.TreeAllocator (17s)
✔ [9216/9333] Built OAI.Combinatorics.UniformKServer.StarMovementData (19s)
✔ [9217/9333] Built OAI.Combinatorics.UniformKServer.CausalShort (21s)
✔ [9218/9333] Built OAI.Combinatorics.UniformKServer.PrefixCounts (21s)
✔ [9219/9333] Built OAI.Combinatorics.UniformKServer.KeyCountVariation (21s)
✔ [9220/9333] Built OAI.Combinatorics.UniformKServer.TierKeyEdits (21s)
✔ [9221/9333] Built OAI.Combinatorics.UniformKServer.OffsetBridge (23s)
✔ [9222/9333] Built OAI.Combinatorics.UniformKServer.LevelMap (21s)
✔ [9223/9333] Built OAI.Combinatorics.UniformKServer.CausalTier (20s)
✔ [9224/9333] Built OAI.Combinatorics.UniformKServer.TreeCoverage (19s)
✔ [9225/9333] Built OAI.Combinatorics.UniformKServer.StarOutputMovement (19s)
✔ [9226/9333] Built OAI.Combinatorics.UniformKServer.TierLabeledEdits (22s)
✔ [9227/9333] Built OAI.Combinatorics.UniformKServer.HeavyKeyGeometry (22s)
✔ [9228/9333] Built OAI.Combinatorics.UniformKServer.LevelHeavy (22s)
✔ [9229/9333] Built OAI.Combinatorics.UniformKServer.LevelSeparation (23s)
✔ [9230/9333] Built OAI.Combinatorics.UniformKServer.PartitionLevel (23s)
✔ [9231/9333] Built OAI.Combinatorics.UniformKServer.CausalLevel (21s)
✔ [9232/9333] Built OAI.Combinatorics.UniformKServer.TreeCountData (21s)
✔ [9233/9333] Built OAI.Combinatorics.UniformKServer.StarLocalCharges (21s)
✔ [9234/9333] Built OAI.Combinatorics.UniformKServer.LevelHeavyEdits (23s)
✔ [9235/9333] Built OAI.Combinatorics.UniformKServer.LevelAnchorRelease (23s)
✔ [9236/9333] Built OAI.Combinatorics.UniformKServer.ActualLevelPilot (23s)
✔ [9237/9333] Built OAI.Combinatorics.UniformKServer.TierInner (24s)
✔ [9238/9333] Built OAI.Combinatorics.UniformKServer.PartitionSeparation (24s)
✔ [9239/9333] Built OAI.Combinatorics.UniformKServer.TreePosteriorRegions (22s)
✔ [9240/9333] Built OAI.Combinatorics.UniformKServer.TierFrozen (23s)
✔ [9241/9333] Built OAI.Combinatorics.UniformKServer.StarPotentialBounds (16s)
✔ [9242/9333] Built OAI.Combinatorics.UniformKServer.StarEnergy (14s)
✔ [9243/9333] Built OAI.Combinatorics.UniformKServer.StarAllSteps (15s)
✔ [9244/9333] Built OAI.Combinatorics.UniformKServer.LevelTierEdits (13s)
✔ [9245/9333] Built OAI.Combinatorics.UniformKServer.PartitionScales (15s)
✔ [9246/9333] Built OAI.Combinatorics.UniformKServer.StarCoarseBudgets (11s)
✔ [9247/9333] Built OAI.Combinatorics.UniformKServer.ActualPartitions (10s)
✔ [9248/9333] Built OAI.Combinatorics.UniformKServer.LevelTierLedger (11s)
✔ [9249/9333] Built OAI.Combinatorics.UniformKServer.StarIntegratedJumps (10s)
✔ [9250/9333] Built OAI.Combinatorics.UniformKServer.PartitionCausal (10s)
✔ [9251/9333] Built OAI.Combinatorics.UniformKServer.LevelSerial (10s)
✔ [9252/9333] Built OAI.Combinatorics.UniformKServer.StarTrackerBudgets (12s)
✔ [9253/9333] Built OAI.Combinatorics.UniformKServer.LevelKeyLedger (12s)
✔ [9254/9333] Built OAI.Combinatorics.UniformKServer.PartitionTree (12s)
✔ [9255/9333] Built OAI.Combinatorics.UniformKServer.ActualPilot (12s)
✔ [9256/9333] Built OAI.Combinatorics.UniformKServer.PartitionLaw (15s)
✔ [9257/9333] Built OAI.Combinatorics.UniformKServer.LevelMassLedger (15s)
✔ [9258/9333] Built OAI.Combinatorics.UniformKServer.PartitionGeometry (15s)
✔ [9259/9333] Built OAI.Combinatorics.UniformKServer.StarMovementBudget (15s)
✔ [9260/9333] Built OAI.Combinatorics.UniformKServer.LevelErrorMass (15s)
✔ [9261/9333] Built OAI.Combinatorics.UniformKServer.PartitionAnchors (13s)
✔ [9262/9333] Built OAI.Combinatorics.UniformKServer.TreeAllocationMovement (13s)
✔ [9263/9333] Built OAI.Combinatorics.UniformKServer.LevelMoverBudget (13s)
✔ [9264/9333] Built OAI.Combinatorics.UniformKServer.CausalLevelAux (14s)
✔ [9265/9333] Built OAI.Combinatorics.UniformKServer.LabelParks (13s)
✔ [9266/9333] Built OAI.Combinatorics.UniformKServer.PartitionMovement (13s)
✔ [9267/9333] Built OAI.Combinatorics.UniformKServer.LevelAllowances (13s)
✔ [9268/9333] Built OAI.Combinatorics.UniformKServer.ActualAuxiliary (12s)
✔ [9269/9333] Built OAI.Combinatorics.UniformKServer.LabelParkVariation (15s)
✔ [9270/9333] Built OAI.Combinatorics.UniformKServer.ActualCoordinate (15s)
✔ [9271/9333] Built OAI.Combinatorics.UniformKServer.HeavyLabelParks (16s)
✔ [9272/9333] Built OAI.Combinatorics.UniformKServer.ScaleAllowances (16s)
✔ [9273/9333] Built OAI.Combinatorics.UniformKServer.ActualSizeBudget (15s)
✔ [9274/9333] Built OAI.Combinatorics.UniformKServer.ActualAnchorRelease (13s)
✔ [9275/9333] Built OAI.Combinatorics.UniformKServer.ActualAnchorPotential (13s)
✔ [9276/9333] Built OAI.Combinatorics.UniformKServer.SelectedParkCoefficients (14s)
✔ [9277/9333] Built OAI.Combinatorics.UniformKServer.ActualEditCosts (13s)
✔ [9278/9333] Built OAI.Combinatorics.UniformKServer.ActualAnchorDrift (13s)
✔ [9279/9333] Built OAI.Combinatorics.UniformKServer.ActualAnchorStep (13s)
✔ [9280/9333] Built OAI.Combinatorics.UniformKServer.ActualEditFinance (13s)
✔ [9281/9333] Built OAI.Combinatorics.UniformKServer.ActualEditIntegration (15s)
✔ [9282/9333] Built OAI.Combinatorics.UniformKServer.ActualAnchorDriftSum (9.2s)
✔ [9283/9333] Built OAI.Combinatorics.UniformKServer.ActualCoordinateBudget (8.7s)
✔ [9284/9333] Built OAI.Combinatorics.UniformKServer.ActualAllocationBudget (8.0s)
✔ [9285/9333] Built OAI.Combinatorics.UniformKServer.ActualAnchorFiltering (13s)
✔ [9286/9333] Built OAI.Combinatorics.UniformKServer.AnchorLedger (6.4s)
✔ [9287/9333] Built OAI.Combinatorics.UniformKServer.AnchorBudget (6.0s)
✔ [9288/9333] Built OAI.Combinatorics.UniformKServer.ActualAnchorTravel (5.6s)
✔ [9289/9333] Built OAI.Combinatorics.UniformKServer.LevelAnchorContinuity (6.7s)
✔ [9290/9333] Built OAI.Combinatorics.UniformKServer.AnchorFinance (7.7s)
✔ [9291/9333] Built OAI.Combinatorics.UniformKServer.PartitionTransport (9.5s)
✔ [9292/9333] Built OAI.Combinatorics.UniformKServer.CommonAnchorTravel (9.4s)
✔ [9293/9333] Built OAI.Combinatorics.UniformKServer.UniformParameters (9.9s)
✔ [9294/9333] Built OAI.Combinatorics.UniformKServer.ActualRoundedStep (9.3s)
✔ [9295/9333] Built OAI.Combinatorics.UniformKServer.ActualRoundingChain (9.2s)
✔ [9296/9333] Built OAI.Combinatorics.UniformKServer.ActualPublicFlow (6.5s)
✔ [9297/9333] Built OAI.Combinatorics.UniformKServer.HiddenHistory (7.4s)
✔ [9298/9333] Built OAI.Combinatorics.UniformKServer.FiniteLawFinance (7.5s)
✔ [9299/9333] Built OAI.Combinatorics.UniformKServer.OfflineLaw (6.2s)
✔ [9300/9333] Built OAI.Combinatorics.UniformKServer.FiniteLawTheorem (7.2s)
✔ [9301/9333] Built OAI.Combinatorics.UniformKServer.UniformSlope (8.3s)
✔ [9302/9333] Built OAI.Combinatorics.UniformKServer.HorizonPolicy (6.1s)
✔ [9303/9333] Built OAI.Combinatorics.UniformKServer.OffsetExistence (5.5s)
✔ [9304/9333] Built OAI.Combinatorics.UniformKServer.OffsetTable (5.8s)
✔ [9305/9333] Built OAI.Combinatorics.UniformKServer.OffsetEpoch (6.9s)
✔ [9306/9333] Built OAI.Combinatorics.UniformKServer.OffsetParameters (7.1s)
✔ [9307/9333] Built OAI.Combinatorics.UniformKServer.OffsetSuffix (6.8s)
✔ [9308/9333] Built OAI.Combinatorics.UniformKServer.ControllerBound (7.9s)
✔ [9309/9333] Built OAI.Combinatorics.UniformKServer.OffsetInstance (10s)
✔ [9310/9333] Built OAI.Combinatorics.UniformKServer.RawExistence (7.9s)
✔ [9311/9333] Built OAI.Combinatorics.UniformKServer.RawControllerCost (8.1s)
✔ [9312/9333] Built OAI.Combinatorics.UniformKServer.ConstructorSearch (8.3s)
✔ [9313/9333] Built OAI.Combinatorics.UniformKServer.ConstructorProgram (5.6s)
✔ [9314/9333] Built OAI.Combinatorics.UniformKServer.UniformWrapper (6.1s)
✔ [9315/9333] Built OAI.Combinatorics.UniformKServer.WrapperAlgebra (6.8s)
✔ [9316/9333] Built OAI.Combinatorics.UniformKServer.WrapperCoins (6.8s)
✔ [9317/9333] Built OAI.Combinatorics.UniformKServer.WrapperTransfer (9.6s)
✔ [9318/9333] Built OAI.Combinatorics.UniformKServer.WrapperWords (9.6s)
✔ [9319/9333] Built OAI.Combinatorics.UniformKServer.WrapperInterpreter (9.6s)
✔ [9320/9333] Built OAI.Combinatorics.UniformKServer.WrapperBoot (12s)
✔ [9321/9333] Built OAI.Combinatorics.UniformKServer.WrapperPrepare (12s)
✔ [9322/9333] Built OAI.Combinatorics.UniformKServer.WrapperEmit (12s)
✔ [9323/9333] Built OAI.Combinatorics.UniformKServer.WrapperPrefix (12s)
✔ [9324/9333] Built OAI.Combinatorics.UniformKServer.WrapperResponse (9.3s)
✔ [9325/9333] Built OAI.Combinatorics.UniformKServer.WrapperMachine (9.2s)
✔ [9326/9333] Built OAI.Combinatorics.UniformKServer.WrapperSlow (9.6s)
✔ [9327/9333] Built OAI.Combinatorics.UniformKServer.WrapperStartup (9.7s)
✔ [9328/9333] Built OAI.Combinatorics.UniformKServer.WrapperActive (9.7s)
✔ [9329/9333] Built OAI.Combinatorics.UniformKServer.WrapperTyped (6.9s)
✔ [9330/9333] Built OAI.Combinatorics.UniformKServer.WrapperExpectation (7.4s)
✔ [9331/9333] Built OAI.Combinatorics.UniformKServer.WrapperReachable (7.4s)
✔ [9332/9333] Built OAI.Combinatorics.UniformKServer.WrapperDelayed (6.1s)
✔ [9333/9333] Built OAI.Combinatorics.UniformKServer.Main (5.6s)
Build completed successfully (9333 jobs).
== build rc=0 seconds=1282
{"theorems": ["OAI.UniformKServer.uniform_squared_logarithmic_main"], "defs": ["OAI.UniformKServer.RationalMetric", "OAI.UniformKServer.Configuration", "OAI.UniformKServer.History", "OAI.UniformKServer.serve", "OAI.UniformKServer.costAlong", "OAI.UniformKServer.offlineCost", "OAI.UniformKServer.HeadMove", "OAI.UniformKServer.BitTape", "OAI.UniformKServer.BitTape.blank", "OAI.UniformKServer.BitTape.ofWord", "OAI.UniformKServer.BitTape.shift", "OAI.UniformKServer.BitAction", "OAI.UniformKServer.BitMachine", "OAI.UniformKServer.MachineState", "OAI.UniformKServer.BitMachine.initial", "OAI.UniformKServer.BitMachine.step", "OAI.UniformKServer.BitMachine.run", "OAI.UniformKServer.BitMachine.install", "OAI.UniformKServer.natCode", "OAI.UniformKServer.rationalCode", "OAI.UniformKServer.instanceCode", "OAI.UniformKServer.bitValue", "OAI.UniformKServer.outputValue", "OAI.UniformKServer.polynomialBudget", "OAI.UniformKServer.requestBudget", "OAI.UniformKServer.boot", "OAI.UniformKServer.requestStep", "OAI.UniformKServer.Reachable", "OAI.UniformKServer.selectedLabel", "OAI.UniformKServer.machineExpectedCost", "OAI.UniformKServer.UniformAlgorithmClaim"], "json_theorems": ["OAI.UniformKServer.uniform_squared_logarithmic_main"], "missing_from_parse": []}
TYPES/DEFS DIFFER UniformKServer
1,5d0
< /Users/shannon/cc/math/math/lean/Scratch/Challenge_UniformKServer.lean:200:8:
< warning:
< declaration
< uses
< `sorry`
AXIOMS: 'OAI.UniformKServer.uniform_squared_logarithmic_main' depends on axioms: [propext, Classical.choice, Quot.sound] 
== end=2026-10-09T12:24:30Z
