== UniqueGamesTheorem  module=OAI.Computability.UniqueGames.Main  start=2026-10-08T08:00:40Z
warning: PrimeNumberTheoremAnd: repository '/Users/shannon/cc/math/math/lean/.lake/packages/PrimeNumberTheoremAnd' has local changes
warning: belyi: repository '/Users/shannon/cc/math/math/lean/.lake/packages/belyi' has local changes
warning: formal-schemes: repository '/Users/shannon/cc/math/math/lean/.lake/packages/formal-schemes' has local changes
warning: elliptic-curves: repository '/Users/shannon/cc/math/math/lean/.lake/packages/elliptic-curves' has local changes
warning: tempered-fundamental-groups: repository '/Users/shannon/cc/math/math/lean/.lake/packages/tempered-fundamental-groups' has local changes
warning: oka: repository '/Users/shannon/cc/math/math/lean/.lake/packages/oka' has local changes
warning: orbicurve-cores: repository '/Users/shannon/cc/math/math/lean/.lake/packages/orbicurve-cores' has local changes
warning: pi1: repository '/Users/shannon/cc/math/math/lean/.lake/packages/pi1' has local changes
warning: heights: repository '/Users/shannon/cc/math/math/lean/.lake/packages/heights' has local changes
warning: genl: repository '/Users/shannon/cc/math/math/lean/.lake/packages/genl' has local changes
warning: tate-curves-theta: repository '/Users/shannon/cc/math/math/lean/.lake/packages/tate-curves-theta' has local changes
warning: iut: repository '/Users/shannon/cc/math/math/lean/.lake/packages/iut' has local changes
warning: gromov: repository '/Users/shannon/cc/math/math/lean/.lake/packages/gromov' has local changes
warning: SphereEversion: repository '/Users/shannon/cc/math/math/lean/.lake/packages/SphereEversion' has local changes
warning: schoenflies-lean: repository '/Users/shannon/cc/math/math/lean/.lake/packages/schoenflies-lean' has local changes
warning: ClassFieldTheory: repository '/Users/shannon/cc/math/math/lean/.lake/packages/ClassFieldTheory' has local changes
warning: AINTLIB: repository '/Users/shannon/cc/math/math/lean/.lake/packages/AINTLIB' has local changes
warning: AbsorptionCutoff: repository '/Users/shannon/cc/math/math/lean/.lake/packages/AbsorptionCutoff' has local changes
warning: StrongPNT: repository '/Users/shannon/cc/math/math/lean/.lake/packages/StrongPNT' has local changes
warning: carleson: repository '/Users/shannon/cc/math/math/lean/.lake/packages/carleson' has local changes
warning: rellich-kondrachov: repository '/Users/shannon/cc/math/math/lean/.lake/packages/rellich-kondrachov' has local changes
warning: Zeta3Irrational: repository '/Users/shannon/cc/math/math/lean/.lake/packages/Zeta3Irrational' has local changes
warning: fixed-point-theorems: repository '/Users/shannon/cc/math/math/lean/.lake/packages/fixed-point-theorems' has local changes
✔ [7805/8078] Built OAI.Computability.UniqueGames.Soundness.ZeroInformationLemmas (5.7s)
✔ [7806/8078] Built OAI.Computability.UniqueGames.Foundations.Basic (5.0s)
✔ [8925/8959] Built OAI.Computability.UniqueGames.Reduction.BinaryCoordinates (4.1s)
✔ [8926/8959] Built OAI.Computability.UniqueGames.Reduction.WeightRounding (4.6s)
✔ [8927/8959] Built OAI.Computability.UniqueGames.Soundness.ConditionalLocality (8.7s)
✔ [8928/8959] Built OAI.Computability.UniqueGames.Foundations.FiniteTrialsLemmas (9.3s)
✔ [8929/8959] Built OAI.Computability.UniqueGames.Machines.Runtime (9.6s)
✔ [8930/8959] Built OAI.Computability.UniqueGames.Machines.MachineControlLemmas (9.7s)
✔ [8931/8959] Built OAI.Computability.UniqueGames.Analysis.DegreeCover (10s)
✔ [8932/8965] Built OAI.Computability.UniqueGames.Foundations.ValueLemmas (9.5s)
✔ [8933/8965] Built OAI.Computability.UniqueGames.Inverse.KMSAffineRestrictionComplementLemmas (17s)
✔ [8934/8965] Built OAI.Computability.UniqueGames.Analysis.FiberEnergyLemmas (13s)
✔ [8935/8972] Built OAI.Computability.UniqueGames.Foundations.Conditioning (9.3s)
✔ [8936/8976] Built OAI.Computability.UniqueGames.Foundations.MixtureLemmas (9.7s)
✔ [8937/8976] Built OAI.Computability.UniqueGames.Decoding.LocalReplay (12s)
✔ [8938/8981] Built OAI.Computability.UniqueGames.Machines.MachineCompositionLemmas (9.5s)
✔ [8939/8982] Built OAI.Computability.UniqueGames.Foundations.KernelSampling (10s)
✔ [8940/8983] Built OAI.Computability.UniqueGames.Reduction.MachineTransfer (11s)
✔ [8941/8983] Built OAI.Computability.UniqueGames.Reduction.MachineSubstitution (10s)
✔ [8942/8983] Built OAI.Computability.UniqueGames.PCP.SourceNoiseParameterLemmas (13s)
✔ [8943/8984] Built OAI.Computability.UniqueGames.Reduction.MachineReverse (10s)
✔ [8944/8984] Built OAI.Computability.UniqueGames.Foundations.SamplingLemmas (15s)
✔ [8945/8984] Built OAI.Computability.UniqueGames.PCP.Clone100Triples (10s)
✔ [8946/8989] Built OAI.Computability.UniqueGames.Analysis.Identities (20s)
✔ [8947/9001] Built OAI.Computability.UniqueGames.Machines.MachineCopy (12s)
✔ [8948/9004] Built OAI.Computability.UniqueGames.Games.FinishBoundsLemmas (16s)
✔ [8949/9006] Built OAI.Computability.UniqueGames.Machines.MachineDrain (12s)
✔ [8950/9010] Built OAI.Computability.UniqueGames.PCP.CodeComposition (12s)
✔ [8951/9010] Built OAI.Computability.UniqueGames.Model (48s)
✔ [8952/9010] Built OAI.Computability.UniqueGames.PCP.AssignmentTester (16s)
✔ [8953/9010] Built OAI.Computability.UniqueGames.Inverse.KMSAnalyticHybridCoordinatesConditions (15s)
✔ [8954/9010] Built OAI.Computability.UniqueGames.Soundness.ExpectationComparisonLemmas (13s)
✔ [8955/9013] Built OAI.Computability.UniqueGames.Games.RoundingLemmas (14s)
✔ [8956/9015] Built OAI.Computability.UniqueGames.Games.Variation (13s)
✔ [8957/9022] Built OAI.Computability.UniqueGames.Gadgets.ConcatenationLemmas (26s)
✔ [8958/9022] Built OAI.Computability.UniqueGames.PCP.AlphabetReductionLemmas (15s)
✔ [8959/9023] Built OAI.Computability.UniqueGames.Machines.MachineUniformRounding (13s)
✔ [8960/9023] Built OAI.Computability.UniqueGames.Foundations.Rectangle (12s)
✔ [8961/9025] Built OAI.Computability.UniqueGames.Games.FactorizationLemmas (28s)
✔ [8962/9025] Built OAI.Computability.UniqueGames.Games.Overlap (11s)
✔ [8963/9026] Built OAI.Computability.UniqueGames.Foundations.LabelBound (9.3s)
✔ [8964/9026] Built OAI.Computability.UniqueGames.Inverse.KMSAnalyticHybridCoordinatesRankLemmas (27s)
✔ [8965/9029] Built OAI.Computability.UniqueGames.Decoding.MaskMomentLemmas (12s)
✔ [8966/9029] Built OAI.Computability.UniqueGames.Games.SelectionSequence (12s)
✔ [8967/9032] Built OAI.Computability.UniqueGames.Reduction.BinaryLinear (34s)
✔ [8968/9034] Built OAI.Computability.UniqueGames.Gadgets.AdaptivePathsLemmas (20s)
✔ [8969/9034] Built OAI.Computability.UniqueGames.Foundations.PinskerLemmas (41s)
✔ [8970/9035] Built OAI.Computability.UniqueGames.Games.MaskedVariation (14s)
✔ [8971/9035] Built OAI.Computability.UniqueGames.Decoding.WeightedPartition (8.3s)
✔ [8972/9035] Built OAI.Computability.UniqueGames.Soundness.ConditionalReindex (11s)
✔ [8973/9036] Built OAI.Computability.UniqueGames.Foundations.SharedProfiles (10s)
✔ [8974/9041] Built OAI.Computability.UniqueGames.Inverse.KMSFoundationLemmas (12s)
✔ [8975/9042] Built OAI.Computability.UniqueGames.Repetition.AnalyticCheegerLemmas (12s)
✔ [8976/9042] Built OAI.Computability.UniqueGames.Soundness.LinearMapDensityLemmas (13s)
✔ [8977/9045] Built OAI.Computability.UniqueGames.Decoding.ProductLaw (12s)
✔ [8978/9047] Built OAI.Computability.UniqueGames.Inverse.KMSDimensionOne (19s)
✔ [8979/9049] Built OAI.Computability.UniqueGames.Repetition.AnalyticRateLemmas (19s)
✔ [8980/9049] Built OAI.Computability.UniqueGames.Gadgets.QuotientLemmas (32s)
✔ [8981/9049] Built OAI.Computability.UniqueGames.Analysis.ParityLemmas (9.1s)
✔ [8982/9049] Built OAI.Computability.UniqueGames.Decoding.SparseLawLemmas (23s)
✔ [8983/9052] Built OAI.Computability.UniqueGames.Repetition.CollisionLemmas (11s)
✔ [8984/9052] Built OAI.Computability.UniqueGames.Decoding.IncidenceGap (11s)
✔ [8985/9052] Built OAI.Computability.UniqueGames.Analysis.SubspaceCountingLemmas (24s)
✔ [8986/9052] Built OAI.Computability.UniqueGames.Reduction.GapSemanticsLemmas (62s)
✔ [8987/9055] Built OAI.Computability.UniqueGames.Repetition.RoundingPaddingLemmas (22s)
✔ [8988/9057] Built OAI.Computability.UniqueGames.Machines.MachineSubroutineLemmas (69s)
✔ [8989/9058] Built OAI.Computability.UniqueGames.Soundness.PartnerLinearLemmas (73s)
✔ [8990/9058] Built OAI.Computability.UniqueGames.Games.SelectedInformationLemmas (91s)
✔ [8991/9062] Built OAI.Computability.UniqueGames.Gadgets.NonlinearRecurrenceLemmas (62s)
✔ [8992/9062] Built OAI.Computability.UniqueGames.Analysis.MatrixCharactersLemmas (114s)
✔ [8993/9062] Built OAI.Computability.UniqueGames.Machines.MachineUniformCopyOrder (100s)
✔ [8994/9062] Built OAI.Computability.UniqueGames.Machines.MachineUnaryAddAt (94s)
✔ [8995/9064] Built OAI.Computability.UniqueGames.Analysis.MatrixRestrictions (102s)
✔ [8996/9064] Built OAI.Computability.UniqueGames.Analysis.CompressionCountLemmas (113s)
✔ [8997/9064] Built OAI.Computability.UniqueGames.Inverse.RowErasureLemmas (18s)
✔ [8998/9064] Built OAI.Computability.UniqueGames.Inverse.AffineWitnessLemmas (13s)
✔ [8999/9066] Built OAI.Computability.UniqueGames.PCP.GraphTables (99s)
✔ [9000/9066] Built OAI.Computability.UniqueGames.Machines.MachineLemmas (107s)
✔ [9001/9066] Built OAI.Computability.UniqueGames.Soundness.PartnerMapCoordinates (103s)
✔ [9002/9066] Built OAI.Computability.UniqueGames.Decoding.DimensionSelection (13s)
✔ [9003/9066] Built OAI.Computability.UniqueGames.Inverse.RowErasureConcentration (12s)
✔ [9004/9066] Built OAI.Computability.UniqueGames.Gadgets.ActualGadgetLemmas (74s)
✔ [9005/9066] Built OAI.Computability.UniqueGames.Analysis.MatrixParityRow (74s)
✔ [9006/9067] Built OAI.Computability.UniqueGames.Games.PartialRevealLemmas (88s)
✔ [9007/9067] Built OAI.Computability.UniqueGames.Inverse.RowErasureTail (17s)
✔ [9008/9067] Built OAI.Computability.UniqueGames.Analysis.MatrixSubspaceCount (86s)
✔ [9009/9072] Built OAI.Computability.UniqueGames.PCP.GenericGraphTables (81s)
✔ [9010/9072] Built OAI.Computability.UniqueGames.Analysis.DerivativeInduction (99s)
✔ [9011/9072] Built OAI.Computability.UniqueGames.Inverse.AffineWitnessNormalizationLemmas (14s)
✔ [9012/9072] Built OAI.Computability.UniqueGames.Inverse.MatrixChartLemmas (20s)
✔ [9013/9072] Built OAI.Computability.UniqueGames.Machines.MachineLogCounter (108s)
✔ [9014/9073] Built OAI.Computability.UniqueGames.Machines.MachineTupleOdometer (120s)
✔ [9015/9073] Built OAI.Computability.UniqueGames.Reduction.RealTargetLemmas (104s)
✔ [9016/9073] Built OAI.Computability.UniqueGames.Decoding.AdviceImageLaw (104s)
✔ [9017/9073] Built OAI.Computability.UniqueGames.Inverse.MatrixChartIntervalsLemmas (34s)
✔ [9018/9077] Built OAI.Computability.UniqueGames.Games.SelectedCommonMarginalLemmas (132s)
✔ [9019/9077] Built OAI.Computability.UniqueGames.Analysis.MatrixEnergy (131s)
✔ [9020/9077] Built OAI.Computability.UniqueGames.Analysis.DyadicError (11s)
✔ [9021/9078] Built OAI.Computability.UniqueGames.Inverse.ShortcodeInterfaceLemmas (28s)
✔ [9022/9078] Built OAI.Computability.UniqueGames.Analysis.AntecedentCountLemmas (120s)
✔ [9023/9078] Built OAI.Computability.UniqueGames.PCP.InputLemmas (139s)
✔ [9024/9078] Built OAI.Computability.UniqueGames.Machines.GraphCounterModel (103s)
✔ [9025/9078] Built OAI.Computability.UniqueGames.Inverse.RowErasureMatrixLemmas (20s)
✔ [9026/9079] Built OAI.Computability.UniqueGames.Games.UniformTarget (108s)
✔ [9027/9079] Built OAI.Computability.UniqueGames.Analysis.A13IndexLemmas (121s)
✔ [9028/9082] Built OAI.Computability.UniqueGames.Repetition.RoundingSampling (166s)
✔ [9029/9084] Built OAI.Computability.UniqueGames.Games.CompletedSamplingLemmas (169s)
✔ [9030/9094] Built OAI.Computability.UniqueGames.Analysis.WeightedFourthMoment (184s)
✔ [9031/9109] Built OAI.Computability.UniqueGames.Analysis.BadConvolution (183s)
✔ [9032/9114] Built OAI.Computability.UniqueGames.Decoding.UniformConditioning (7.6s)
✔ [9033/9118] Built OAI.Computability.UniqueGames.Inverse.KMSFourthMomentMixedScalarLemmas (41s)
✔ [9034/9121] Built OAI.Computability.UniqueGames.Decoding.VisibleTransferLemmas (20s)
✔ [9035/9121] Built OAI.Computability.UniqueGames.Machines.MachineCompare (11s)
✔ [9036/9125] Built OAI.Computability.UniqueGames.Games.UniformRoundingTarget (206s)
✔ [9037/9125] Built OAI.Computability.UniqueGames.Machines.GraphCounterFinish (219s)
✔ [9038/9125] Built OAI.Computability.UniqueGames.Analysis.MatrixNoiseLemmas (238s)
✔ [9039/9125] Built OAI.Computability.UniqueGames.Repetition.RoundingThresholdLemmas (168s)
✔ [9040/9129] Built OAI.Computability.UniqueGames.Analysis.A5ReverseIndex (164s)
✔ [9041/9129] Built OAI.Computability.UniqueGames.Machines.MachineDrainManyLemmas (137s)
✔ [9042/9129] Built OAI.Computability.UniqueGames.PCP.SourceMachine (137s)
✔ [9043/9133] Built OAI.Computability.UniqueGames.Machines.MachineUnaryAffineAt (109s)
✔ [9044/9134] Built OAI.Computability.UniqueGames.Analysis.RestrictionLemmas (122s)
✔ [9045/9134] Built OAI.Computability.UniqueGames.PCP.CayleySampling (25s)
✔ [9046/9134] Built OAI.Computability.UniqueGames.PCP.CayleyTailCount (24s)
✔ [9047/9134] Built OAI.Computability.UniqueGames.Machines.GraphCounterStartLemmas (169s)
✔ [9048/9135] Built OAI.Computability.UniqueGames.Repetition.RoundingKernel (167s)
✔ [9049/9135] Built OAI.Computability.UniqueGames.Machines.MachineLookupCore (167s)
✔ [9050/9136] Built OAI.Computability.UniqueGames.PCP.ClauseVerifierLemmas (169s)
✔ [9051/9136] Built OAI.Computability.UniqueGames.Decoding.AdviceFibersLemmas (208s)
✔ [9052/9136] Built OAI.Computability.UniqueGames.Analysis.HybridCounting (176s)
✔ [9053/9136] Built OAI.Computability.UniqueGames.Analysis.OperatorPartitions (142s)
✔ [9054/9140] Built OAI.Computability.UniqueGames.Analysis.RestrictionTransport (156s)
✔ [9055/9140] Built OAI.Computability.UniqueGames.Reduction.MachineTransducer (71s)
✔ [9056/9140] Built OAI.Computability.UniqueGames.Machines.MachineRepeat (70s)
✔ [9057/9140] Built OAI.Computability.UniqueGames.Repetition.TensorAlgebraLemmas (53s)
✔ [9058/9145] Built OAI.Computability.UniqueGames.Inverse.KMSAffineRestrictionPresentationLemmas (92s)
✔ [9059/9145] Built OAI.Computability.UniqueGames.Reduction.ActualCanonicalLemmas (727s)
✔ [9060/9145] Built OAI.Computability.UniqueGames.Machines.MachineLookupDiscard (110s)
✔ [9061/9146] Built OAI.Computability.UniqueGames.Machines.PoweringMachineRow (112s)
✔ [9062/9146] Built OAI.Computability.UniqueGames.Machines.MachineTransducerCopy (60s)
✔ [9063/9146] Built OAI.Computability.UniqueGames.PCP.NameCompaction (110s)
✔ [9064/9146] Built OAI.Computability.UniqueGames.Analysis.A5IndexCount (81s)
✔ [9065/9146] Built OAI.Computability.UniqueGames.Machines.MachineFiniteAlphabet (20s)
✔ [9066/9150] Built OAI.Computability.UniqueGames.Decoding.PrivateStrategyLemmas (94s)
✔ [9067/9150] Built OAI.Computability.UniqueGames.Analysis.HybridCompositionLemmas (104s)
✔ [9068/9150] Built OAI.Computability.UniqueGames.Reduction.ActualSourceLemmas (29s)
✔ [9069/9150] Built OAI.Computability.UniqueGames.PCP.FoldedEquationLemmas (27s)
✔ [9070/9151] Built OAI.Computability.UniqueGames.Reduction.EncodingLemmas (29s)
✔ [9071/9152] Built OAI.Computability.UniqueGames.Inverse.KMSAnalyticHybridEnergySupport (33s)
✔ [9072/9152] Built OAI.Computability.UniqueGames.Soundness.ActualCanonicalPullbackLemmas (36s)
✔ [9073/9152] Built OAI.Computability.UniqueGames.PCP.Emitter (28s)
✔ [9074/9152] Built OAI.Computability.UniqueGames.Machines.MachineLookupLemmas (32s)
✔ [9075/9152] Built OAI.Computability.UniqueGames.Reduction.MachineFieldTemplate (28s)
✔ [9076/9152] Built OAI.Computability.UniqueGames.Decoding.MatrixCoordinates (28s)
✔ [9077/9152] Built OAI.Computability.UniqueGames.PCP.InitialGraphLemmas (31s)
✔ [9078/9152] Built OAI.Computability.UniqueGames.Inverse.KMSAnalyticHybridEnergyTransport (30s)
✔ [9079/9152] Built OAI.Computability.UniqueGames.Reduction.FinalParametersLemmas (27s)
✔ [9080/9152] Built OAI.Computability.UniqueGames.Reduction.NoiseEnumerationLemmas (26s)
✔ [9081/9156] Built OAI.Computability.UniqueGames.Machines.MachineTranslationTable (26s)
✔ [9082/9156] Built OAI.Computability.UniqueGames.Machines.MachineFixedDivMod (26s)
✔ [9083/9156] Built OAI.Computability.UniqueGames.Machines.MachineProductGatherBoundsLemmas (24s)
✔ [9084/9157] Built OAI.Computability.UniqueGames.Soundness.RawPrivateTable (26s)
✔ [9085/9157] Built OAI.Computability.UniqueGames.Reduction.ExplicitLemmas (40s)
✔ [9086/9157] Built OAI.Computability.UniqueGames.Analysis.A5FrequencyTransportLemmas (62s)
✔ [9087/9174] Built OAI.Computability.UniqueGames.PCP.AmplificationIteration (8.2s)
✔ [9088/9177] Built OAI.Computability.UniqueGames.PCP.PoweringLabelsLemmas (28s)
✔ [9089/9177] Built OAI.Computability.UniqueGames.PCP.CloudRoundingLemmas (33s)
✔ [9090/9180] Built OAI.Computability.UniqueGames.PCP.CleanupLemmas (38s)
✔ [9091/9180] Built OAI.Computability.UniqueGames.PCP.FourierResponseLemmas (9.1s)
✔ [9092/9180] Built OAI.Computability.UniqueGames.Soundness.SubsetIntersectionLemmas (27s)
✔ [9093/9184] Built OAI.Computability.UniqueGames.Reduction.ActualGame (24s)
✔ [9094/9184] Built OAI.Computability.UniqueGames.PCP.AlphabetRetractionLemmas (26s)
✔ [9095/9184] Built OAI.Computability.UniqueGames.Decoding.PaddedLaw (32s)
✔ [9096/9184] Built OAI.Computability.UniqueGames.Machines.MachineUnaryMultiply (25s)
✔ [9097/9184] Built OAI.Computability.UniqueGames.Inverse.KMSAnalyticHybridEnergyImageTransportCoreLemmas (47s)
✔ [9098/9184] Built OAI.Computability.UniqueGames.PCP.HonestTestLemmas (29s)
✔ [9099/9184] Built OAI.Computability.UniqueGames.PCP.SourceFieldArrayLemmas (29s)
✔ [9100/9185] Built OAI.Computability.UniqueGames.Soundness.RawTargetLawLemmas (24s)
✔ [9101/9185] Built OAI.Computability.UniqueGames.Decoding.CoefficientSampling (22s)
✔ [9102/9185] Built OAI.Computability.UniqueGames.Machines.MachineFiniteTable (7.9s)
✔ [9103/9185] Built OAI.Computability.UniqueGames.Reduction.CanonicalBodyTemplateLemmas (24s)
✔ [9104/9185] Built OAI.Computability.UniqueGames.Reduction.TableReduction (21s)
✔ [9105/9185] Built OAI.Computability.UniqueGames.Decoding.TableKeysGame (22s)
✔ [9106/9185] Built OAI.Computability.UniqueGames.Reduction.ActualCompleteness (28s)
✔ [9107/9186] Built OAI.Computability.UniqueGames.PCP.ExpandersLemmas (24s)
✔ [9108/9186] Built OAI.Computability.UniqueGames.Inverse.KMSAnalyticHybridEnergyTransportSmall (22s)
✔ [9109/9186] Built OAI.Computability.UniqueGames.Machines.MachineRadixStepLemmas (26s)
✔ [9110/9186] Built OAI.Computability.UniqueGames.Inverse.KMSBasisComparisonLemmas (27s)
✔ [9111/9186] Built OAI.Computability.UniqueGames.Soundness.ActualPointAnswers (23s)
✔ [9112/9186] Built OAI.Computability.UniqueGames.Soundness.ConditionalSimulationLemmas (23s)
✔ [9113/9186] Built OAI.Computability.UniqueGames.PCP.SourceContextLoad (28s)
✔ [9114/9189] Built OAI.Computability.UniqueGames.PCP.SourceOccurrences (24s)
✔ [9115/9189] Built OAI.Computability.UniqueGames.Inverse.KMSKernelOrbitsFourierLemmas (41s)
✔ [9116/9189] Built OAI.Computability.UniqueGames.PCP.Clone100 (25s)
✔ [9117/9189] Built OAI.Computability.UniqueGames.Decoding.TableKeysLemmas (31s)
✔ [9118/9189] Built OAI.Computability.UniqueGames.PCP.SourceHeaderAccumulate (20s)
✔ [9119/9189] Built OAI.Computability.UniqueGames.Decoding.TableKeysAddressGameLemmas (22s)
✔ [9120/9191] Built OAI.Computability.UniqueGames.PCP.PoweringOpinionsLemmas (24s)
✔ [9121/9191] Built OAI.Computability.UniqueGames.PCP.ZigzagGraphsLemmas (24s)
✔ [9122/9191] Built OAI.Computability.UniqueGames.Inverse.KMSBasisComparisonNeighborsRetention (22s)
✔ [9123/9191] Built OAI.Computability.UniqueGames.Decoding.AnswerBridge (22s)
✔ [9124/9191] Built OAI.Computability.UniqueGames.Decoding.UpperBound (20s)
✔ [9125/9195] Built OAI.Computability.UniqueGames.PCP.SourceContextClear (21s)
✔ [9126/9195] Built OAI.Computability.UniqueGames.PCP.SourceAddressArithmeticLemmas (21s)
✔ [9127/9195] Built OAI.Computability.UniqueGames.PCP.SourceLoopInitLemmas (23s)
✔ [9128/9196] Built OAI.Computability.UniqueGames.PCP.Clone100Encoding (21s)
✔ [9129/9196] Built OAI.Computability.UniqueGames.Decoding.TableKeysCompletenessLemmas (20s)
✔ [9130/9196] Built OAI.Computability.UniqueGames.Machines.MachineProductFieldLemmas (29s)
✔ [9131/9196] Built OAI.Computability.UniqueGames.PCP.PoweringOpinionTables (24s)
✔ [9132/9196] Built OAI.Computability.UniqueGames.Decoding.VisiblePoliciesLemmas (30s)
✔ [9133/9196] Built OAI.Computability.UniqueGames.PCP.VertexPadding (20s)
✔ [9134/9196] Built OAI.Computability.UniqueGames.PCP.ExpanderTables (21s)
✔ [9135/9196] Built OAI.Computability.UniqueGames.Decoding.Experiment (21s)
✔ [9136/9196] Built OAI.Computability.UniqueGames.PCP.SourceHonestLemmas (24s)
✔ [9137/9196] Built OAI.Computability.UniqueGames.PCP.SourceRuntimeSpace (21s)
✔ [9138/9196] Built OAI.Computability.UniqueGames.Inverse.KMSBasisComparisonPseudorandomTupleMapLemmas (33s)
✔ [9139/9197] Built OAI.Computability.UniqueGames.Machines.MachineUnaryLessAtLemmas (27s)
✔ [9140/9197] Built OAI.Computability.UniqueGames.PCP.PreprocessingPaddingTables (23s)
✔ [9141/9198] Built OAI.Computability.UniqueGames.PCP.PoweringTablesLemmas (27s)
✔ [9142/9198] Built OAI.Computability.UniqueGames.PCP.OverlayLemmas (24s)
✔ [9143/9198] Built OAI.Computability.UniqueGames.PCP.ExpanderRowControlLemmas (21s)
✔ [9144/9208] Built OAI.Computability.UniqueGames.Decoding.NativeExperiment (20s)
✔ [9145/9208] Built OAI.Computability.UniqueGames.PCP.SourceHeaderCounts (40s)
✔ [9146/9208] Built OAI.Computability.UniqueGames.PCP.SourceDescriptorEmissionLemmas (23s)
✔ [9147/9210] Built OAI.Computability.UniqueGames.Machines.MachineAppendAt (6.7s)
✔ [9148/9210] Built OAI.Computability.UniqueGames.Machines.MachineInitialHeaders (20s)
✔ [9149/9215] Built OAI.Computability.UniqueGames.PCP.PoweringTableSemanticsLemmas (23s)
✔ [9150/9217] Built OAI.Computability.UniqueGames.PCP.PreprocessingOverlayTables (20s)
✔ [9151/9217] Built OAI.Computability.UniqueGames.Inverse.KMSFourthMomentZoomInAlgebraLemmas (31s)
✔ [9152/9218] Built OAI.Computability.UniqueGames.PCP.PreprocessingRegularTablesLemmas (20s)
✔ [9153/9220] Built OAI.Computability.UniqueGames.Decoding.ActualAdviceBridgeLemmas (20s)
✔ [9154/9220] Built OAI.Computability.UniqueGames.Decoding.StochasticBound (19s)
✔ [9155/9220] Built OAI.Computability.UniqueGames.PCP.SourceSignaturePrepareLemmas (23s)
✔ [9156/9222] Built OAI.Computability.UniqueGames.Machines.MachineCanonicalOutputLemmas (21s)
✔ [9157/9222] Built OAI.Computability.UniqueGames.PCP.PreprocessingTableSpectral (18s)
✔ [9158/9222] Built OAI.Computability.UniqueGames.PCP.PreprocessingRegularSoundness (20s)
✔ [9159/9222] Built OAI.Computability.UniqueGames.PCP.PreprocessingPaddingOffsets (21s)
✔ [9160/9223] Built OAI.Computability.UniqueGames.PCP.AlphabetGraphLemmas (31s)
✔ [9161/9223] Built OAI.Computability.UniqueGames.Machines.MachineCeilingPower (23s)
✔ [9162/9225] Built OAI.Computability.UniqueGames.Machines.MachineCloudCount (23s)
✔ [9163/9225] Built OAI.Computability.UniqueGames.PCP.SourceQueryLoopLemmas (24s)
✔ [9164/9228] Built OAI.Computability.UniqueGames.Inverse.KMSAnalyticBlockFrequenciesLemmas (42s)
✔ [9165/9228] Built OAI.Computability.UniqueGames.PCP.PreprocessingLazyWords (20s)
✔ [9166/9228] Built OAI.Computability.UniqueGames.Machines.MachinePaddingRowsLemmas (20s)
✔ [9167/9228] Built OAI.Computability.UniqueGames.Decoding.ActualAdviceStochasticBridgeLemmas (34s)
✔ [9168/9228] Built OAI.Computability.UniqueGames.PCP.PreprocessingInternalRows (20s)
✔ [9169/9228] Built OAI.Computability.UniqueGames.PCP.PoweringPortReindexLemmas (22s)
✔ [9170/9228] Built OAI.Computability.UniqueGames.Machines.MachinePortReindex (20s)
✔ [9171/9228] Built OAI.Computability.UniqueGames.Machines.MachineCloudPadding (21s)
✔ [9172/9228] Built OAI.Computability.UniqueGames.PCP.QueriesLemmas (30s)
✔ [9173/9245] Built OAI.Computability.UniqueGames.Machines.MachineLazyCodec (18s)
✔ [9174/9248] Built OAI.Computability.UniqueGames.Machines.MachineTableSplit (20s)
✔ [9175/9251] Built OAI.Computability.UniqueGames.Machines.MachineRegularOriginalRow (28s)
✔ [9176/9253] Built OAI.Computability.UniqueGames.PCP.PreprocessingPaddingWords (18s)
✔ [9177/9253] Built OAI.Computability.UniqueGames.PCP.Preprocessing (18s)
✔ [9178/9253] Built OAI.Computability.UniqueGames.PCP.Table (18s)
✔ [9179/9256] Built OAI.Computability.UniqueGames.PCP.ExpanderTableEnumeration (18s)
✔ [9180/9256] Built OAI.Computability.UniqueGames.Inverse.KMSFourthMomentMixedEnergyLemmas (39s)
✔ [9181/9256] Built OAI.Computability.UniqueGames.PCP.PreprocessingOverlayWords (19s)
✔ [9182/9256] Built OAI.Computability.UniqueGames.Machines.MachineLazyRows (22s)
✔ [9183/9256] Built OAI.Computability.UniqueGames.Machines.MachinePaddingTable (16s)
✔ [9184/9256] Built OAI.Computability.UniqueGames.PCP.SourceQueryOrderLemmas (52s)
✔ [9185/9256] Built OAI.Computability.UniqueGames.PCP.PreprocessingRegularWords (19s)
✔ [9186/9256] Built OAI.Computability.UniqueGames.PCP.FinalConstantsLemmas (19s)
✔ [9187/9257] Built OAI.Computability.UniqueGames.Machines.MachineCloudRankLemmas (25s)
✔ [9188/9257] Built OAI.Computability.UniqueGames.Machines.MachineCloudPrefix (21s)
✔ [9189/9258] Built OAI.Computability.UniqueGames.PCP.AlphabetTableBoundsLemmas (26s)
✔ [9190/9258] Built OAI.Computability.UniqueGames.Inverse.KMSAnalyticHybridEnergyTransportSmallMixed (22s)
✔ [9191/9258] Built OAI.Computability.UniqueGames.Machines.MachineOverlayRows (21s)
✔ [9192/9258] Built OAI.Computability.UniqueGames.Inverse.KMSAnalyticHybridEnergyImageTransportLemmas (32s)
✔ [9193/9258] Built OAI.Computability.UniqueGames.Inverse.KMSFourthMomentMixedBaseLemmas (42s)
✔ [9194/9259] Built OAI.Computability.UniqueGames.Machines.MachineVertexPadding (26s)
✔ [9195/9259] Built OAI.Computability.UniqueGames.PCP.PreprocessingTablesLemmas (23s)
✔ [9196/9259] Built OAI.Computability.UniqueGames.PCP.SourceTupleBody (28s)
✔ [9197/9263] Built OAI.Computability.UniqueGames.PCP.RoundSize (20s)
✔ [9198/9263] Built OAI.Computability.UniqueGames.Machines.MachineLazyTable (34s)
✔ [9199/9263] Built OAI.Computability.UniqueGames.Machines.MachineRegularLift (21s)
✔ [9200/9263] Built OAI.Computability.UniqueGames.Machines.MachineRegularInternalRow (34s)
✔ [9201/9263] Built OAI.Computability.UniqueGames.PCP.FinalBooleanVerifier (23s)
✔ [9202/9263] Built OAI.Computability.UniqueGames.Machines.FinalCNFTemplate (26s)
✔ [9203/9263] Built OAI.Computability.UniqueGames.Machines.MachineRegularDummyRow (23s)
✔ [9204/9263] Built OAI.Computability.UniqueGames.Inverse.KMSAnalyticCharacterInduction (28s)
✔ [9205/9267] Built OAI.Computability.UniqueGames.Machines.MachineOverlayTable (34s)
✔ [9206/9271] Built OAI.Computability.UniqueGames.Machines.MachineRegularMetadata (45s)
✔ [9207/9271] Built OAI.Computability.UniqueGames.PCP.SourceTupleBound (21s)
✔ [9208/9274] Built OAI.Computability.UniqueGames.PCP.RawInitialTablesLemmas (25s)
✔ [9209/9274] Built OAI.Computability.UniqueGames.Machines.MachineRegularOriginalClean (22s)
✔ [9210/9278] Built OAI.Computability.UniqueGames.Machines.MachineLazyTableRuntime (20s)
✔ [9211/9279] Built OAI.Computability.UniqueGames.Machines.FinalCNFPattern (19s)
✔ [9212/9279] Built OAI.Computability.UniqueGames.Machines.MachineUnaryEqualityBit (20s)
✔ [9213/9279] Built OAI.Computability.UniqueGames.Machines.FinalCNFMachineLemmas (28s)
✔ [9214/9281] Built OAI.Computability.UniqueGames.PCP.PortTableLookup (20s)
✔ [9215/9287] Built OAI.Computability.UniqueGames.Inverse.KMSLowLevelLemmas (32s)
✔ [9216/9287] Built OAI.Computability.UniqueGames.PCP.SourceGapLemmas (27s)
✔ [9217/9287] Built OAI.Computability.UniqueGames.Machines.PoweringMachineLoop (20s)
✔ [9218/9287] Built OAI.Computability.UniqueGames.PCP.PreprocessingRegularLoopWordsLemmas (27s)
✔ [9219/9287] Built OAI.Computability.UniqueGames.Machines.MachineRegularVertexBlock (30s)
✔ [9220/9289] Built OAI.Computability.UniqueGames.Machines.PoweringMachineFinish (18s)
✔ [9221/9289] Built OAI.Computability.UniqueGames.Machines.FinalCNFTableAdapter (18s)
✔ [9222/9289] Built OAI.Computability.UniqueGames.PCP.PortTableEncoding (17s)
✔ [9223/9289] Built OAI.Computability.UniqueGames.PCP.PoweringTableLayout (19s)
✔ [9224/9293] Built OAI.Computability.UniqueGames.Inverse.KMSAnalyticHybridEnergyLemmas (22s)
✔ [9225/9293] Built OAI.Computability.UniqueGames.Machines.PoweringMachineRelationLemmas (25s)
✔ [9226/9295] Built OAI.Computability.UniqueGames.PCP.FinalTableFormula (19s)
✔ [9227/9297] Built OAI.Computability.UniqueGames.Machines.PoweringMasterState (19s)
✔ [9228/9297] Built OAI.Computability.UniqueGames.PCP.RawInitialMachinePhases (18s)
✔ [9229/9297] Built OAI.Computability.UniqueGames.PCP.RawInitialMachineStart (19s)
✔ [9230/9297] Built OAI.Computability.UniqueGames.PCP.RuntimeModel (18s)
✔ [9231/9297] Built OAI.Computability.UniqueGames.PCP.Setup (20s)
✔ [9232/9297] Built OAI.Computability.UniqueGames.Decoding.ActualSpectralLemmas (23s)
✔ [9233/9297] Built OAI.Computability.UniqueGames.Machines.PoweringMachineEqualityField (20s)
✔ [9234/9299] Built OAI.Computability.UniqueGames.PCP.TableIteration (19s)
✔ [9235/9299] Built OAI.Computability.UniqueGames.Machines.PoweringMachineInitialize (19s)
✔ [9236/9304] Built OAI.Computability.UniqueGames.PCP.Addresses (30s)
✔ [9237/9304] Built OAI.Computability.UniqueGames.PCP.RawInitialMachineFinish (18s)
✔ [9238/9304] Built OAI.Computability.UniqueGames.Machines.FinalCNFRowPlanLemmas (38s)
✔ [9239/9304] Built OAI.Computability.UniqueGames.PCP.RawInitialMachineRows (18s)
✔ [9240/9304] Built OAI.Computability.UniqueGames.PCP.RawInitialMachineLoopData (18s)
✔ [9241/9304] Built OAI.Computability.UniqueGames.PCP.RawInitialMachineReadClause (23s)
✔ [9242/9307] Built OAI.Computability.UniqueGames.PCP.CompareLoop (23s)
✔ [9243/9310] Built OAI.Computability.UniqueGames.Reduction.GameEncodingSizeLemmas (19s)
✔ [9244/9313] Built OAI.Computability.UniqueGames.Decoding.ActualAdviceUpperLemmas (24s)
✔ [9245/9313] Built OAI.Computability.UniqueGames.Machines.PoweringGlobalEnumerationLemmas (22s)
✔ [9246/9313] Built OAI.Computability.UniqueGames.Reduction.WeightedSource (21s)
✔ [9247/9313] Built OAI.Computability.UniqueGames.Quadratic.Block (8.3s)
✔ [9248/9313] Built OAI.Computability.UniqueGames.Quadratic.Alignment (8.5s)
✔ [9249/9313] Built OAI.Computability.UniqueGames.Machines.FinalCNFStream (19s)
✔ [9250/9313] Built OAI.Computability.UniqueGames.PCP.EmitRows (23s)
✔ [9251/9313] Built OAI.Computability.UniqueGames.PCP.RawInitialMachineCleanup (22s)
✔ [9252/9313] Built OAI.Computability.UniqueGames.Reduction.SourceIncidenceLemmas (20s)
✔ [9253/9313] Built OAI.Computability.UniqueGames.Quadratic.BlockCounting (8.1s)
✔ [9254/9313] Built OAI.Computability.UniqueGames.Quadratic.BlockDimension (9.8s)
✔ [9255/9314] Built OAI.Computability.UniqueGames.Quadratic.BlockSpanLemmas (14s)
✔ [9256/9314] Built OAI.Computability.UniqueGames.Decoding.ActualSeedPointwise (21s)
✔ [9257/9319] Built OAI.Computability.UniqueGames.Machines.PoweringPlanBudget (21s)
✔ [9258/9321] Built OAI.Computability.UniqueGames.Decoding.SelectedFiberLaw (24s)
✔ [9259/9322] Built OAI.Computability.UniqueGames.Quadratic.BlockNoise (9.3s)
✔ [9260/9322] Built OAI.Computability.UniqueGames.Quadratic.GenericSeparationLemmas (11s)
✔ [9261/9322] Built OAI.Computability.UniqueGames.PCP.LoopState (20s)
✔ [9262/9327] Built OAI.Computability.UniqueGames.PCP.DriverLemmas (23s)
✔ [9263/9327] Built OAI.Computability.UniqueGames.PCP.RawInitialMachineBody (21s)
✔ [9264/9327] Built OAI.Computability.UniqueGames.Machines.FinalCNFLoopLemmas (23s)
✔ [9265/9327] Built OAI.Computability.UniqueGames.Reduction.IncidenceProbabilityLemmas (22s)
✔ [9266/9327] Built OAI.Computability.UniqueGames.Quadratic.BlockNoiseProbabilityLemmas (8.8s)
✔ [9267/9327] Built OAI.Computability.UniqueGames.Decoding.ActualSeedSamplingLemmas (20s)
✔ [9268/9327] Built OAI.Computability.UniqueGames.Quadratic.UniformSubspaces (9.1s)
✔ [9269/9327] Built OAI.Computability.UniqueGames.Quadratic.AlignmentCertificateLemmas (11s)
✔ [9270/9328] Built OAI.Computability.UniqueGames.Machines.PoweringMachineRowBody (22s)
✔ [9271/9328] Built OAI.Computability.UniqueGames.PCP.Initialization (19s)
✔ [9272/9328] Built OAI.Computability.UniqueGames.PCP.RawInitialMachineLoop (18s)
✔ [9273/9328] Built OAI.Computability.UniqueGames.Gadgets.OrientedBlockKernel (7.5s)
✔ [9274/9328] Built OAI.Computability.UniqueGames.Machines.MachineExpanderRowEmitLemmas (21s)
✔ [9275/9328] Built OAI.Computability.UniqueGames.Machines.MachineExpanderRowCleanup (20s)
✔ [9276/9334] Built OAI.Computability.UniqueGames.Machines.FinalCNFOutputLemmas (19s)
✔ [9277/9334] Built OAI.Computability.UniqueGames.Machines.MachineExpanderRowDivision (20s)
✔ [9278/9334] Built OAI.Computability.UniqueGames.Quadratic.GenericSubspaceProbability (8.9s)
✔ [9279/9334] Built OAI.Computability.UniqueGames.Quadratic.TraceDual (8.0s)
✔ [9280/9334] Built OAI.Computability.UniqueGames.PCP.Body (30s)
✔ [9281/9336] Built OAI.Computability.UniqueGames.Quadratic.BlockTrace (8.1s)
✔ [9282/9336] Built OAI.Computability.UniqueGames.Inverse.EqualityFiber (8.8s)
✔ [9283/9336] Built OAI.Computability.UniqueGames.Decoding.ActualProjectedTransfer (17s)
✔ [9284/9339] Built OAI.Computability.UniqueGames.Quadratic.GenericFieldChoice (9.9s)
✔ [9285/9339] Built OAI.Computability.UniqueGames.Quadratic.BlockKernelLemmas (8.7s)
✔ [9286/9339] Built OAI.Computability.UniqueGames.PCP.MachineRawInitialTable (17s)
✔ [9287/9339] Built OAI.Computability.UniqueGames.Inverse.FactorSampling (8.7s)
✔ [9288/9339] Built OAI.Computability.UniqueGames.Machines.PoweringMachineVertex (20s)
✔ [9289/9345] Built OAI.Computability.UniqueGames.Machines.MachineExpanderTableProgramLemmas (20s)
✔ [9290/9345] Built OAI.Computability.UniqueGames.Machines.MachineExpanderRowFrames (21s)
✔ [9291/9345] Built OAI.Computability.UniqueGames.Gadgets.QuadraticStageNoise (9.6s)
✔ [9292/9345] Built OAI.Computability.UniqueGames.Machines.MachineSingleOrbitProgramLemmas (22s)
✔ [9293/9345] Built OAI.Computability.UniqueGames.Quadratic.BlockRestriction (11s)
✔ [9294/9345] Built OAI.Computability.UniqueGames.Reduction.MachineRhsLoad (18s)
✔ [9295/9345] Built OAI.Computability.UniqueGames.Inverse.ShortcodeFiberLemmas (9.9s)
✔ [9296/9345] Built OAI.Computability.UniqueGames.Machines.GraphIterationBoundsLemmas (19s)
✔ [9297/9345] Built OAI.Computability.UniqueGames.Reduction.MachineTemplateAddress (24s)
✔ [9298/9345] Built OAI.Computability.UniqueGames.Machines.PoweringMachineOuterLoopLemmas (20s)
✔ [9299/9345] Built OAI.Computability.UniqueGames.Reduction.CloneTable (19s)
✔ [9300/9349] Built OAI.Computability.UniqueGames.Quadratic.OrientedRestrictionLemmas (9.8s)
✔ [9301/9351] Built OAI.Computability.UniqueGames.Machines.MachineExpanderRow (19s)
✔ [9302/9351] Built OAI.Computability.UniqueGames.Machines.MachineExpanderFamilyTapes (19s)
✔ [9303/9354] Built OAI.Computability.UniqueGames.Inverse.ShortcodeFiberConditioning (9.5s)
✔ [9304/9354] Built OAI.Computability.UniqueGames.Machines.MachineSingleOrbitFinishLemmas (19s)
✔ [9305/9358] Built OAI.Computability.UniqueGames.Quadratic.HarmonicLoss (9.9s)
✔ [9306/9358] Built OAI.Computability.UniqueGames.Reduction.SourceEquationLookupLemmas (29s)
✔ [9307/9361] Built OAI.Computability.UniqueGames.Inverse.ShortcodeFromGrassmannLemmas (10s)
✔ [9308/9362] Built OAI.Computability.UniqueGames.Machines.PoweringInitializeFrame (19s)
✔ [9309/9362] Built OAI.Computability.UniqueGames.Reduction.MachineAddressEdgeLemmas (22s)
✔ [9310/9362] Built OAI.Computability.UniqueGames.Reduction.CloneMachineModelLemmas (21s)
✔ [9311/9362] Built OAI.Computability.UniqueGames.Machines.MachineBinaryNameMachine (7.7s)
✔ [9312/9362] Built OAI.Computability.UniqueGames.Reduction.OuterCompletenessLemmas (21s)
✔ [9313/9362] Built OAI.Computability.UniqueGames.Gadgets.BlockDescentLemmas (15s)
✔ [9314/9366] Built OAI.Computability.UniqueGames.Machines.MachineExpanderFamilyTransferLemmas (24s)
✔ [9315/9366] Built OAI.Computability.UniqueGames.Machines.MachineBinaryFormulaLemmas (21s)
✔ [9316/9366] Built OAI.Computability.UniqueGames.Gadgets.BaseConstruction (8.7s)
✔ [9317/9366] Built OAI.Computability.UniqueGames.Inverse.ShortcodeTheorem (19s)
✔ [9318/9366] Built OAI.Computability.UniqueGames.Machines.PoweringPolynomialBudgetLemmas (20s)
✔ [9319/9366] Built OAI.Computability.UniqueGames.Machines.MachineBinaryHeaderMachine (20s)
✔ [9320/9369] Built OAI.Computability.UniqueGames.Reduction.OutputSize (18s)
✔ [9321/9372] Built OAI.Computability.UniqueGames.Machines.MachineBinaryNameCompare (7.6s)
✔ [9322/9372] Built OAI.Computability.UniqueGames.Reduction.OutputTranslationsLemmas (22s)
✔ [9323/9372] Built OAI.Computability.UniqueGames.Machines.MachineExpanderTableReverse (18s)
✔ [9324/9372] Built OAI.Computability.UniqueGames.Reduction.MachineAddressHeaders (27s)
✔ [9325/9374] Built OAI.Computability.UniqueGames.Machines.MachineBinaryNameSearch (8.4s)
✔ [9326/9374] Built OAI.Computability.UniqueGames.Machines.MachineExpanderTableRows (20s)
✔ [9327/9374] Built OAI.Computability.UniqueGames.Machines.MachineBinaryParsingLemmas (18s)
✔ [9328/9380] Built OAI.Computability.UniqueGames.Gadgets.Final (19s)
✔ [9329/9380] Built OAI.Computability.UniqueGames.Machines.MachineBinaryTokenMachine (21s)
✔ [9330/9388] Built OAI.Computability.UniqueGames.Reduction.AddressOutputSize (18s)
✔ [9331/9388] Built OAI.Computability.UniqueGames.Reduction.FixedOutcomes (18s)
✔ [9332/9391] Built OAI.Computability.UniqueGames.Reduction.AddressMachineSpace (19s)
✔ [9333/9391] Built OAI.Computability.UniqueGames.Machines.MachineBinaryLiteralMachine (22s)
✔ [9334/9391] Built OAI.Computability.UniqueGames.Machines.MachineExpanderTableLoop (18s)
✔ [9335/9391] Built OAI.Computability.UniqueGames.Machines.MachineBinaryValidatorMachine (18s)
✔ [9336/9395] Built OAI.Computability.UniqueGames.Machines.MachineClone100TableLemmas (22s)
✔ [9337/9395] Built OAI.Computability.UniqueGames.Machines.MachineBinaryRenameWords (18s)
✔ [9339/9401] Built OAI.Computability.UniqueGames.Machines.MachineProductSeed (17s)
✔ [9340/9401] Built OAI.Computability.UniqueGames.Reduction.AddressOutcomeSpecs (19s)
✔ [9341/9401] Built OAI.Computability.UniqueGames.Machines.MachineFixedCopiesLemmas (18s)
✔ [9342/9401] Built OAI.Computability.UniqueGames.Reduction.ParameterSelection (8.6s)
✔ [9343/9401] Built OAI.Computability.UniqueGames.Reduction.AddressTupleCleanupLemmas (21s)
✔ [9344/9401] Built OAI.Computability.UniqueGames.Reduction.AddressOdometerSchedule (20s)
✔ [9345/9401] Built OAI.Computability.UniqueGames.Machines.MachineBinaryRenameLoop (20s)
✔ [9346/9401] Built OAI.Computability.UniqueGames.Machines.MachineBinaryTotalInputMachine (18s)
✔ [9347/9401] Built OAI.Computability.UniqueGames.Machines.MachineClone100Triples (18s)
✔ [9348/9401] Built OAI.Computability.UniqueGames.Machines.MachineExpanderTable (23s)
✔ [9349/9401] Built OAI.Computability.UniqueGames.Machines.MachineClone100Headers (17s)
✔ [9350/9401] Built OAI.Computability.UniqueGames.Reduction.AddressTupleBody (17s)
✔ [9351/9401] Built OAI.Computability.UniqueGames.Machines.MachineBinaryRenameMachine (17s)
✔ [9352/9401] Built OAI.Computability.UniqueGames.Machines.MachineSubdivisionDynamicRowsLemmas (21s)
✔ [9353/9401] Built OAI.Computability.UniqueGames.Machines.MachineClone100Loop (16s)
✔ [9354/9401] Built OAI.Computability.UniqueGames.Machines.MachineExpanderFamilyBoundsLemmas (17s)
✔ [9355/9401] Built OAI.Computability.UniqueGames.Reduction.AddressTupleBudget (15s)
✔ [9356/9401] Built OAI.Computability.UniqueGames.Machines.MachineBinaryInputReductionLemmas (16s)
✔ [9357/9401] Built OAI.Computability.UniqueGames.Machines.MachineClone100Run (13s)
✔ [9358/9401] Built OAI.Computability.UniqueGames.Machines.MachineSubdivisionTableRead (14s)
✔ [9359/9401] Built OAI.Computability.UniqueGames.Machines.MachineExpanderFamilyLoop (13s)
✔ [9360/9401] Built OAI.Computability.UniqueGames.Games.ProductTarget (14s)
✔ [9361/9401] Built OAI.Computability.UniqueGames.Machines.MachineClone100Certified (14s)
✔ [9362/9401] Built OAI.Computability.UniqueGames.Machines.MachineExpanderFamily (13s)
✔ [9363/9401] Built OAI.Computability.UniqueGames.Machines.MachineSubdivisionBody (15s)
✔ [9364/9401] Built OAI.Computability.UniqueGames.Reduction.AddressTuplePolynomialLemmas (22s)
✔ [9365/9401] Built OAI.Computability.UniqueGames.Machines.MachineClone100 (16s)
✔ [9366/9401] Built OAI.Computability.UniqueGames.Games.SubdivisionTarget (18s)
✔ [9367/9401] Built OAI.Computability.UniqueGames.Machines.MachinePaddedExpanderFamilyBoundsLemmas (17s)
✔ [9368/9401] Built OAI.Computability.UniqueGames.Games.ProductLemmas (20s)
✔ [9369/9401] Built OAI.Computability.UniqueGames.Machines.MachinePaddedOverlay (19s)
✔ [9370/9401] Built OAI.Computability.UniqueGames.Reduction.AddressMachineInitial (16s)
✔ [9371/9401] Built OAI.Computability.UniqueGames.Games.SubdivisionEncoding (14s)
✔ [9372/9401] Built OAI.Computability.UniqueGames.Games.ProductSoundness (17s)
✔ [9373/9401] Built OAI.Computability.UniqueGames.Machines.MachineRegularFamily (18s)
✔ [9374/9401] Built OAI.Computability.UniqueGames.Reduction.AddressMachineLoopLemmas (18s)
✔ [9375/9401] Built OAI.Computability.UniqueGames.Machines.MachinePaddedOverlayRuntimeLemmas (18s)
✔ [9376/9401] Built OAI.Computability.UniqueGames.Games.ProductMachineSemantics (20s)
✔ [9377/9401] Built OAI.Computability.UniqueGames.Machines.MachineSubdivisionBodySpecLemmas (21s)
✔ [9378/9401] Built OAI.Computability.UniqueGames.Machines.MachineSingleOrbitBridgeLemmas (14s)
✔ [9379/9401] Built OAI.Computability.UniqueGames.Machines.MachineProductProgram (17s)
✔ [9380/9401] Built OAI.Computability.UniqueGames.Machines.MachineRegularOriginalBody (20s)
✔ [9381/9401] Built OAI.Computability.UniqueGames.Machines.MachineUniformRun (16s)
✔ [9382/9401] Built OAI.Computability.UniqueGames.Machines.MachineRegularOwnerCleanup (15s)
✔ [9383/9401] Built OAI.Computability.UniqueGames.Machines.MachineRegularOriginalBodyBounds (16s)
✔ [9384/9401] Built OAI.Computability.UniqueGames.Machines.MachineProductHeadersFrameLemmas (18s)
✔ [9385/9401] Built OAI.Computability.UniqueGames.Machines.MachineRegularOwnerProgram (10s)
✔ [9386/9401] Built OAI.Computability.UniqueGames.Machines.MachineProductRuntime (10s)
✔ [9387/9401] Built OAI.Computability.UniqueGames.Reduction.FinishReduction (10s)
✔ [9388/9401] Built OAI.Computability.UniqueGames.Machines.MachineRegularOwnerBody (13s)
✔ [9389/9401] Built OAI.Computability.UniqueGames.Machines.MachineRegularOwnerBodyBounds (13s)
✔ [9390/9401] Built OAI.Computability.UniqueGames.Machines.MachineRegularTable (19s)
✔ [9391/9401] Built OAI.Computability.UniqueGames.Machines.MachineRegularTableTrace (8.1s)
✔ [9392/9401] Built OAI.Computability.UniqueGames.Machines.MachineRegularTableBoundsLemmas (7.4s)
✔ [9393/9401] Built OAI.Computability.UniqueGames.PCP.LoopInitializationLemmas (7.0s)
✔ [9394/9401] Built OAI.Computability.UniqueGames.PCP.TableGapReductionLemmas (7.8s)
✔ [9395/9401] Built OAI.Computability.UniqueGames.PCP.SourceIncidence (7.4s)
✔ [9396/9401] Built OAI.Computability.UniqueGames.Decoding.ActualMatrixContradiction (9.7s)
✔ [9397/9401] Built OAI.Computability.UniqueGames.PCP.BinaryParityReduction (9.5s)
✔ [9398/9401] Built OAI.Computability.UniqueGames.Reduction.FromMatrixGap (10s)
✔ [9399/9401] Built OAI.Computability.UniqueGames.Decoding.MatrixGapFromInverseLemmas (10s)
✔ [9400/9401] Built OAI.Computability.UniqueGames.Theorem (8.1s)
✔ [9401/9401] Built OAI.Computability.UniqueGames.Main (7.2s)
Build completed successfully (9401 jobs).
== build rc=0 seconds=2230
{"theorems": ["OAI.UniqueGamesTheorem.theorem11"], "defs": ["OAI.UniqueGamesTheorem.Foundations.Target.PermutationTable", "OAI.UniqueGamesTheorem.Foundations.Target.Constraint", "OAI.UniqueGamesTheorem.Foundations.Target.Constraint.satisfied", "OAI.UniqueGamesTheorem.Foundations.Target.Instance", "OAI.UniqueGamesTheorem.Foundations.Target.countSatisfied", "OAI.UniqueGamesTheorem.BinaryFormula.Literal", "OAI.UniqueGamesTheorem.BinaryFormula.Literal.eval", "OAI.UniqueGamesTheorem.BinaryFormula.Clause", "OAI.UniqueGamesTheorem.BinaryFormula.Clause.eval", "OAI.UniqueGamesTheorem.BinaryFormula.Formula", "OAI.UniqueGamesTheorem.BinaryFormula.Formula.Satisfiable", "OAI.UniqueGamesTheorem.BinaryEncoding.bitsValue", "OAI.UniqueGamesTheorem.BinaryEncoding.parseFrame", "OAI.UniqueGamesTheorem.BinaryEncoding.parseName", "OAI.UniqueGamesTheorem.BinaryEncoding.parseLiteral", "OAI.UniqueGamesTheorem.BinaryEncoding.parseClause", "OAI.UniqueGamesTheorem.BinaryEncoding.parseClauses", "OAI.UniqueGamesTheorem.BinaryEncoding.decodeFormula", "OAI.UniqueGamesTheorem.BinaryLanguage.language", "OAI.UniqueGamesTheorem.Integration.BinaryLinear.F2", "OAI.UniqueGamesTheorem.Integration.BinaryLinear.Vector", "OAI.UniqueGamesTheorem.Integration.TranslationTarget.IsTranslationInstance", "OAI.UniqueGamesTheorem.Foundations.Complexity.encodeWord", "OAI.UniqueGamesTheorem.Foundations.Complexity.encodeWords", "OAI.UniqueGamesTheorem.Foundations.Complexity.tableWords", "OAI.UniqueGamesTheorem.Foundations.Complexity.constraintWords", "OAI.UniqueGamesTheorem.Foundations.Complexity.gameWords", "OAI.UniqueGamesTheorem.Foundations.Complexity.gameBits", "OAI.UniqueGamesTheorem.Foundations.Complexity.MachineFiniteAlphabet.FiniteAlphabet", "OAI.UniqueGamesTheorem.Explicit.MachineOutputContract.SimpleBipartite", "OAI.UniqueGamesTheorem.Explicit.MachineOutputContract.BinaryGapReduction"], "json_theorems": ["OAI.UniqueGamesTheorem.theorem11"], "missing_from_parse": []}
TYPES/DEFS DIFFER UniqueGamesTheorem
1,5d0
< /Users/shannon/cc/math/math/lean/Scratch/Challenge_UniqueGamesTheorem.lean:231:8:
< warning:
< declaration
< uses
< `sorry`
AXIOMS: 'OAI.UniqueGamesTheorem.theorem11' depends on axioms: [propext, Classical.choice, Quot.sound] 
== end=2026-10-08T08:38:21Z
