== VlasovMaxwell  module=OAI.Analysis.VlasovMaxwell.Main  start=2026-10-08T11:38:46Z
warning: PrimeNumberTheoremAnd: repository '/Users/shannon/cc/math/math/lean/.lake/packages/PrimeNumberTheoremAnd' has local changes
warning: belyi: repository '/Users/shannon/cc/math/math/lean/.lake/packages/belyi' has local changes
warning: formal-schemes: repository '/Users/shannon/cc/math/math/lean/.lake/packages/formal-schemes' has local changes
warning: elliptic-curves: repository '/Users/shannon/cc/math/math/lean/.lake/packages/elliptic-curves' has local changes
warning: tempered-fundamental-groups: repository '/Users/shannon/cc/math/math/lean/.lake/packages/tempered-fundamental-groups' has local changes
warning: oka: repository '/Users/shannon/cc/math/math/lean/.lake/packages/oka' has local changes
warning: orbicurve-cores: repository '/Users/shannon/cc/math/math/lean/.lake/packages/orbicurve-cores' has local changes
warning: pi1: repository '/Users/shannon/cc/math/math/lean/.lake/packages/pi1' has local changes
warning: heights: repository '/Users/shannon/cc/math/math/lean/.lake/packages/heights' has local changes
warning: genl: repository '/Users/shannon/cc/math/math/lean/.lake/packages/genl' has local changes
warning: tate-curves-theta: repository '/Users/shannon/cc/math/math/lean/.lake/packages/tate-curves-theta' has local changes
warning: iut: repository '/Users/shannon/cc/math/math/lean/.lake/packages/iut' has local changes
warning: gromov: repository '/Users/shannon/cc/math/math/lean/.lake/packages/gromov' has local changes
warning: SphereEversion: repository '/Users/shannon/cc/math/math/lean/.lake/packages/SphereEversion' has local changes
warning: schoenflies-lean: repository '/Users/shannon/cc/math/math/lean/.lake/packages/schoenflies-lean' has local changes
warning: ClassFieldTheory: repository '/Users/shannon/cc/math/math/lean/.lake/packages/ClassFieldTheory' has local changes
warning: AINTLIB: repository '/Users/shannon/cc/math/math/lean/.lake/packages/AINTLIB' has local changes
warning: AbsorptionCutoff: repository '/Users/shannon/cc/math/math/lean/.lake/packages/AbsorptionCutoff' has local changes
warning: StrongPNT: repository '/Users/shannon/cc/math/math/lean/.lake/packages/StrongPNT' has local changes
warning: carleson: repository '/Users/shannon/cc/math/math/lean/.lake/packages/carleson' has local changes
warning: rellich-kondrachov: repository '/Users/shannon/cc/math/math/lean/.lake/packages/rellich-kondrachov' has local changes
warning: Zeta3Irrational: repository '/Users/shannon/cc/math/math/lean/.lake/packages/Zeta3Irrational' has local changes
warning: fixed-point-theorems: repository '/Users/shannon/cc/math/math/lean/.lake/packages/fixed-point-theorems' has local changes
✔ [8924/9130] Built OAI.Analysis.VlasovMaxwell.Model (25s)
✔ [8925/9130] Built OAI.Analysis.VlasovMaxwell.Regularity.LogSingularBound (25s)
✔ [8926/9130] Built OAI.Analysis.VlasovMaxwell.Retarded.VolterraMajorant (26s)
✔ [8927/9130] Built OAI.Analysis.VlasovMaxwell.Population.DyadicCut (26s)
✔ [8928/9130] Built OAI.Analysis.VlasovMaxwell.Geometry.DensitySecondMoment (26s)
✔ [8929/9130] Built OAI.Analysis.VlasovMaxwell.Regularity.TameDerivative (29s)
✔ [8930/9130] Built OAI.Analysis.VlasovMaxwell.Maxwell.Variational (30s)
✔ [8931/9130] Built OAI.Analysis.VlasovMaxwell.Regularity.SmoothIntegral (31s)
✔ [8932/9130] Built OAI.Analysis.VlasovMaxwell.Population.DyadicBalanceConstant (17s)
✔ [8933/9130] Built OAI.Analysis.VlasovMaxwell.Retarded.UniformDatumKernel (18s)
✔ [8934/9130] Built OAI.Analysis.VlasovMaxwell.Regularity.VolterraSup (18s)
✔ [8935/9130] Built OAI.Analysis.VlasovMaxwell.Flow.FlowDerivative (17s)
✔ [8936/9130] Built OAI.Analysis.VlasovMaxwell.Retarded.ConeMotion (29s)
✔ [8937/9130] Built OAI.Analysis.VlasovMaxwell.Maxwell.FiniteFlow (13s)
✔ [8938/9130] Built OAI.Analysis.VlasovMaxwell.Population.SelectionWeight (20s)
✔ [8939/9130] Built OAI.Analysis.VlasovMaxwell.Population.SignedRemainder (22s)
✔ [8940/9130] Built OAI.Analysis.VlasovMaxwell.Flow.ExtendedLorentz (33s)
✔ [8941/9130] Built OAI.Analysis.VlasovMaxwell.Geometry.ParticleBySpacetime (11s)
✔ [8942/9130] Built OAI.Analysis.VlasovMaxwell.Continuation.IncrementBootstrap (19s)
✔ [8943/9130] Built OAI.Analysis.VlasovMaxwell.Flow.LorentzPhase (23s)
✔ [8944/9130] Built OAI.Analysis.VlasovMaxwell.Regularity.VelocityDerivatives (23s)
✔ [8945/9130] Built OAI.Analysis.VlasovMaxwell.Regularity.EnergyBump (25s)
✔ [8946/9130] Built OAI.Analysis.VlasovMaxwell.Retarded.PhysicalElectricKernel (16s)
✔ [8947/9130] Built OAI.Analysis.VlasovMaxwell.Maxwell.ExtendedField (14s)
✔ [8948/9130] Built OAI.Analysis.VlasovMaxwell.Geometry.Sphere (13s)
✔ [8949/9130] Built OAI.Analysis.VlasovMaxwell.Retarded.ConeArgument (13s)
✔ [8950/9130] Built OAI.Analysis.VlasovMaxwell.Population.NullConeFlux (18s)
✔ [8951/9130] Built OAI.Analysis.VlasovMaxwell.Geometry.BallCutoff (20s)
✔ [8952/9130] Built OAI.Analysis.VlasovMaxwell.Flow.WithinFlow (37s)
✔ [8953/9130] Built OAI.Analysis.VlasovMaxwell.Regularity.PhysicalCutoffCoordinates (15s)
✔ [8954/9130] Built OAI.Analysis.VlasovMaxwell.Retarded.ReceiverQ (16s)
✔ [8955/9130] Built OAI.Analysis.VlasovMaxwell.Maxwell.WaveK (22s)
✔ [8956/9130] Built OAI.Analysis.VlasovMaxwell.Retarded.RetardedPhaseDomain (21s)
✔ [8957/9130] Built OAI.Analysis.VlasovMaxwell.Retarded.ReceiverRadialDomain (25s)
✔ [8958/9130] Built OAI.Analysis.VlasovMaxwell.Continuation.DerivMovingEnergy (20s)
✔ [8959/9130] Built OAI.Analysis.VlasovMaxwell.Regularity.ParamPrimitive (24s)
✔ [8960/9130] Built OAI.Analysis.VlasovMaxwell.Geometry.CollisionLabels (20s)
✔ [8961/9130] Built OAI.Analysis.VlasovMaxwell.Population.LabelOccupation (9.5s)
✔ [8962/9130] Built OAI.Analysis.VlasovMaxwell.Maxwell.WaveGradient (13s)
✔ [8963/9130] Built OAI.Analysis.VlasovMaxwell.Flow.PhaseHits (13s)
✔ [8964/9130] Built OAI.Analysis.VlasovMaxwell.Regularity.PositiveExtension (15s)
✔ [8965/9130] Built OAI.Analysis.VlasovMaxwell.Geometry.SpaceDiv (16s)
✔ [8966/9130] Built OAI.Analysis.VlasovMaxwell.Population.LabelOccupationDurationMass (19s)
✔ [8967/9130] Built OAI.Analysis.VlasovMaxwell.Retarded.SourceField (18s)
✔ [8968/9130] Built OAI.Analysis.VlasovMaxwell.Retarded.SpaceConeDomain (29s)
✔ [8969/9130] Built OAI.Analysis.VlasovMaxwell.Retarded.ConeRadius (44s)
✔ [8970/9130] Built OAI.Analysis.VlasovMaxwell.Maxwell.DifferenceFieldEnergy (22s)
✔ [8971/9130] Built OAI.Analysis.VlasovMaxwell.Geometry.ArrivalDomain (19s)
✔ [8972/9130] Built OAI.Analysis.VlasovMaxwell.Population.HomogeneousCancellation (21s)
✔ [8973/9130] Built OAI.Analysis.VlasovMaxwell.Population.SphericalFluxNorm (23s)
✔ [8974/9130] Built OAI.Analysis.VlasovMaxwell.Population.ContDiffDyadicMultiFactor (29s)
✔ [8975/9130] Built OAI.Analysis.VlasovMaxwell.Flow.PhaseTimePullback (20s)
✔ [8976/9130] Built OAI.Analysis.VlasovMaxwell.Flow.PhaseAcceleration (28s)
✔ [8977/9130] Built OAI.Analysis.VlasovMaxwell.LocalPDE.VlasovConstruction (30s)
✔ [8978/9130] Built OAI.Analysis.VlasovMaxwell.Retarded.ObservationCone (38s)
✔ [8979/9130] Built OAI.Analysis.VlasovMaxwell.Retarded.SourceWaveSpatialIbp (30s)
✔ [8980/9130] Built OAI.Analysis.VlasovMaxwell.Regularity.RealJointEnergyBudget (21s)
✔ [8981/9130] Built OAI.Analysis.VlasovMaxwell.Continuation.PrefixClamp (24s)
✔ [8982/9130] Built OAI.Analysis.VlasovMaxwell.Retarded.SourceCellLast (25s)
✔ [8983/9130] Built OAI.Analysis.VlasovMaxwell.Geometry.CrossCLM (18s)
✔ [8984/9130] Built OAI.Analysis.VlasovMaxwell.Geometry.ShiftedRho (19s)
✔ [8985/9130] Built OAI.Analysis.VlasovMaxwell.Population.RetardedSameTimeSeparation (17s)
✔ [8986/9130] Built OAI.Analysis.VlasovMaxwell.Retarded.MagneticMomentDensity (17s)
✔ [8987/9130] Built OAI.Analysis.VlasovMaxwell.Retarded.PicardKernel (18s)
✔ [8988/9130] Built OAI.Analysis.VlasovMaxwell.Regularity.ContinuousIntegralSphere (22s)
✔ [8989/9130] Built OAI.Analysis.VlasovMaxwell.Continuation.PrefixParticle (15s)
✔ [8990/9130] Built OAI.Analysis.VlasovMaxwell.Population.RetardedWeightedIntegralBound (16s)
✔ [8991/9130] Built OAI.Analysis.VlasovMaxwell.Population.BinHits (13s)
✔ [8992/9130] Built OAI.Analysis.VlasovMaxwell.Retarded.ElectricConeBoundary (14s)
✔ [8993/9130] Built OAI.Analysis.VlasovMaxwell.Geometry.ActualCutoffCoordinates (13s)
✔ [8994/9130] Built OAI.Analysis.VlasovMaxwell.Retarded.ConeEulerianIntegrand (13s)
✔ [8995/9130] Built OAI.Analysis.VlasovMaxwell.Maxwell.ElectricBoundaryField (10s)
✔ [8996/9130] Built OAI.Analysis.VlasovMaxwell.Continuation.PhysicalBinBasePrefix (12s)
✔ [8997/9130] Built OAI.Analysis.VlasovMaxwell.Population.DatumElectricFluxKernel (17s)
✔ [8998/9130] Built OAI.Analysis.VlasovMaxwell.LocalPDE.UniformParticleDensityConstant (16s)
✔ [8999/9130] Built OAI.Analysis.VlasovMaxwell.Retarded.ReceiverQCLM (27s)
✔ [9000/9130] Built OAI.Analysis.VlasovMaxwell.Population.MomentumDirection (42s)
✔ [9001/9130] Built OAI.Analysis.VlasovMaxwell.Flow.BranchIntegral (18s)
✔ [9002/9130] Built OAI.Analysis.VlasovMaxwell.LocalPDE.EquationsBefore (22s)
✔ [9003/9130] Built OAI.Analysis.VlasovMaxwell.Geometry.ClosedBranchDomain (26s)
✔ [9004/9130] Built OAI.Analysis.VlasovMaxwell.Population.InitialSignedBoundaryDensity (20s)
✔ [9005/9130] Built OAI.Analysis.VlasovMaxwell.Retarded.AngularBump (28s)
✔ [9006/9130] Built OAI.Analysis.VlasovMaxwell.Geometry.UpperTimeCut (22s)
✔ [9007/9130] Built OAI.Analysis.VlasovMaxwell.LocalPDE.PicardBounds (26s)
✔ [9008/9130] Built OAI.Analysis.VlasovMaxwell.LocalPDE.PicardBoundary (29s)
✔ [9009/9130] Built OAI.Analysis.VlasovMaxwell.Regularity.AbsolutelyContinuousIntervalContinuousDerivative (35s)
✔ [9010/9130] Built OAI.Analysis.VlasovMaxwell.Regularity.IntegralBallPolarFlip (20s)
✔ [9011/9130] Built OAI.Analysis.VlasovMaxwell.Regularity.MomentLimit (20s)
✔ [9012/9130] Built OAI.Analysis.VlasovMaxwell.Continuation.PrefixMomentumForce (27s)
✔ [9013/9130] Built OAI.Analysis.VlasovMaxwell.Maxwell.FieldGradientNorm (28s)
✔ [9014/9130] Built OAI.Analysis.VlasovMaxwell.Regularity.LowBoundaryControl (31s)
✔ [9015/9130] Built OAI.Analysis.VlasovMaxwell.Population.DirectionOverlap (36s)
✔ [9016/9130] Built OAI.Analysis.VlasovMaxwell.LocalPDE.PicardContraction (36s)
✔ [9017/9130] Built OAI.Analysis.VlasovMaxwell.Retarded.RetardedRadiusSeparatedClosed (27s)
✔ [9018/9130] Built OAI.Analysis.VlasovMaxwell.Geometry.ClippedRamp (25s)
✔ [9019/9130] Built OAI.Analysis.VlasovMaxwell.Regularity.SlabL2 (15s)
✔ [9020/9130] Built OAI.Analysis.VlasovMaxwell.Geometry.CutoffState (31s)
✔ [9021/9130] Built OAI.Analysis.VlasovMaxwell.Regularity.CurvatureBounds (44s)
✔ [9022/9130] Built OAI.Analysis.VlasovMaxwell.Flow.BranchCutoffStateContinuous (23s)
✔ [9023/9130] Built OAI.Analysis.VlasovMaxwell.Flow.HighFlow (18s)
✔ [9024/9130] Built OAI.Analysis.VlasovMaxwell.Regularity.CurvatureInterpolation (18s)
✔ [9025/9130] Built OAI.Analysis.VlasovMaxwell.Geometry.ParticleTame (11s)
✔ [9026/9130] Built OAI.Analysis.VlasovMaxwell.Retarded.CutoffRateMajorant (17s)
✔ [9027/9130] Built OAI.Analysis.VlasovMaxwell.Geometry.ActualLabelCutoffCost (18s)
✔ [9028/9130] Built OAI.Analysis.VlasovMaxwell.Regularity.BoundaryJets (25s)
✔ [9029/9130] Built OAI.Analysis.VlasovMaxwell.Retarded.ConeRegularity (25s)
✔ [9030/9130] Built OAI.Analysis.VlasovMaxwell.Population.LabelWeight (17s)
✔ [9031/9130] Built OAI.Analysis.VlasovMaxwell.Retarded.MagneticBoundaryJets (17s)
✔ [9032/9130] Built OAI.Analysis.VlasovMaxwell.Retarded.ConeKernelInterior (23s)
✔ [9033/9130] Built OAI.Analysis.VlasovMaxwell.Retarded.ArrivalConeKernelPolarNorm (23s)
✔ [9034/9130] Built OAI.Analysis.VlasovMaxwell.Regularity.MixedJets (12s)
✔ [9035/9130] Built OAI.Analysis.VlasovMaxwell.Retarded.InitialPuncturedCone (22s)
✔ [9036/9130] Built OAI.Analysis.VlasovMaxwell.LocalPDE.PicardCurvature (28s)
✔ [9037/9130] Built OAI.Analysis.VlasovMaxwell.Retarded.RetardedMomentumForce (31s)
✔ [9038/9130] Built OAI.Analysis.VlasovMaxwell.Regularity.ParticleC1 (13s)
✔ [9039/9130] Built OAI.Analysis.VlasovMaxwell.Regularity.WithinPartial (13s)
✔ [9040/9130] Built OAI.Analysis.VlasovMaxwell.Retarded.CutoffSourceTangent (26s)
✔ [9041/9130] Built OAI.Analysis.VlasovMaxwell.LocalPDE.SlabEquations (23s)
✔ [9042/9130] Built OAI.Analysis.VlasovMaxwell.Geometry.PhysicalGeometryCutoffDensity (16s)
✔ [9043/9130] Built OAI.Analysis.VlasovMaxwell.Population.RepresentativeCosts (26s)
✔ [9044/9130] Built OAI.Analysis.VlasovMaxwell.Regularity.SpatialJets (25s)
✔ [9045/9130] Built OAI.Analysis.VlasovMaxwell.Flow.ClosedEulerianCrudeBudget (29s)
✔ [9046/9130] Built OAI.Analysis.VlasovMaxwell.Retarded.PhysicalProjectedRemainderDensity (30s)
✔ [9047/9130] Built OAI.Analysis.VlasovMaxwell.Continuation.SlabSmoothBootstrap (40s)
✔ [9048/9130] Built OAI.Analysis.VlasovMaxwell.Retarded.AffineRetardedBound (40s)
✔ [9049/9130] Built OAI.Analysis.VlasovMaxwell.Population.SelectedReceiverWeightBoundFinite (45s)
✔ [9050/9130] Built OAI.Analysis.VlasovMaxwell.LocalPDE.SlabRHS (45s)
✔ [9051/9130] Built OAI.Analysis.VlasovMaxwell.Continuation.GlobalBoundaryBound (45s)
✔ [9052/9130] Built OAI.Analysis.VlasovMaxwell.Retarded.SourceForceConeKernel (51s)
✔ [9053/9130] Built OAI.Analysis.VlasovMaxwell.Retarded.PhysicalAngularBound (37s)
✔ [9054/9130] Built OAI.Analysis.VlasovMaxwell.Retarded.RetardedDifferentiation (38s)
✔ [9055/9130] Built OAI.Analysis.VlasovMaxwell.Regularity.PhysicalC0 (28s)
✔ [9056/9130] Built OAI.Analysis.VlasovMaxwell.Geometry.RelativeAngleCoordinate (27s)
✔ [9057/9130] Built OAI.Analysis.VlasovMaxwell.LocalPDE.FiniteUniqueness (32s)
✔ [9058/9130] Built OAI.Analysis.VlasovMaxwell.Regularity.NormalisedPartialCutoff (27s)
✔ [9059/9130] Built OAI.Analysis.VlasovMaxwell.Geometry.PhysicalDivision (22s)
✔ [9060/9130] Built OAI.Analysis.VlasovMaxwell.Population.RelativeClosedBinHitGeometry (38s)
✔ [9061/9130] Built OAI.Analysis.VlasovMaxwell.Continuation.PrefixUniqueness (15s)
✔ [9062/9130] Built OAI.Analysis.VlasovMaxwell.LocalPDE.StrongLocalExistence (44s)
✔ [9063/9130] Built OAI.Analysis.VlasovMaxwell.Population.SqrtBaselineClippedLength (23s)
✔ [9064/9130] Built OAI.Analysis.VlasovMaxwell.Population.PhysicalBinPhaseSet (28s)
✔ [9065/9130] Built OAI.Analysis.VlasovMaxwell.Flow.TransportDifferentiation (34s)
✔ [9066/9130] Built OAI.Analysis.VlasovMaxwell.Retarded.SelectedConeTransfer (17s)
✔ [9067/9130] Built OAI.Analysis.VlasovMaxwell.Regularity.SlabEvolutionRegularity (36s)
✔ [9068/9130] Built OAI.Analysis.VlasovMaxwell.Retarded.PhysicalDirectTransportDensity (29s)
✔ [9069/9130] Built OAI.Analysis.VlasovMaxwell.Retarded.TransportAngularCore (23s)
✔ [9070/9130] Built OAI.Analysis.VlasovMaxwell.LocalPDE.SmoothLocalExistence (13s)
✔ [9071/9130] Built OAI.Analysis.VlasovMaxwell.Population.CappedRepresentativePos (22s)
✔ [9072/9130] Built OAI.Analysis.VlasovMaxwell.Retarded.SourceKernels (33s)
✔ [9073/9130] Built OAI.Analysis.VlasovMaxwell.Geometry.IndexTwoPow (19s)
✔ [9074/9130] Built OAI.Analysis.VlasovMaxwell.Geometry.QuadIndexEquiv (20s)
✔ [9075/9130] Built OAI.Analysis.VlasovMaxwell.Flow.ClosedEulerianTimeBudget (25s)
✔ [9076/9130] Built OAI.Analysis.VlasovMaxwell.Population.SourceJointFlux (20s)
✔ [9077/9130] Built OAI.Analysis.VlasovMaxwell.LocalPDE.RelativeCauchyConstant (21s)
✔ [9078/9130] Built OAI.Analysis.VlasovMaxwell.Retarded.ProjectedSourceStableFarBound (27s)
✔ [9079/9130] Built OAI.Analysis.VlasovMaxwell.Retarded.SourceVelocityProfile (18s)
✔ [9080/9130] Built OAI.Analysis.VlasovMaxwell.Population.RepresentativeClosedBinSourceIndices (18s)
✔ [9081/9130] Built OAI.Analysis.VlasovMaxwell.Population.RadialSummation (23s)
✔ [9082/9130] Built OAI.Analysis.VlasovMaxwell.Population.TransportSingularBulk (22s)
✔ [9083/9130] Built OAI.Analysis.VlasovMaxwell.LocalPDE.GeometryCutoffStableLogSum (18s)
✔ [9084/9130] Built OAI.Analysis.VlasovMaxwell.Retarded.SourceMajorant (30s)
✔ [9085/9130] Built OAI.Analysis.VlasovMaxwell.Retarded.GeneralDirectRadial (29s)
✔ [9086/9130] Built OAI.Analysis.VlasovMaxwell.Retarded.PhysicalProjectedRemainderSourceTruncate (21s)
✔ [9087/9130] Built OAI.Analysis.VlasovMaxwell.Retarded.VolterraKernels (37s)
✔ [9088/9130] Built OAI.Analysis.VlasovMaxwell.Retarded.DirectForce (23s)
✔ [9089/9130] Built OAI.Analysis.VlasovMaxwell.LocalPDE.GeometryCutoffDeficitLogSum (17s)
✔ [9090/9130] Built OAI.Analysis.VlasovMaxwell.Population.MajorantRelativeDensityTimeFar (28s)
✔ [9091/9130] Built OAI.Analysis.VlasovMaxwell.Population.SourceWeightedPacket (18s)
✔ [9092/9130] Built OAI.Analysis.VlasovMaxwell.Retarded.SourceMajorantFamily (14s)
✔ [9093/9130] Built OAI.Analysis.VlasovMaxwell.Retarded.MagneticVolterra (14s)
✔ [9094/9130] Built OAI.Analysis.VlasovMaxwell.Population.DirectionCutoffs (20s)
✔ [9095/9130] Built OAI.Analysis.VlasovMaxwell.Regularity.PhysicalGradient (16s)
✔ [9096/9130] Built OAI.Analysis.VlasovMaxwell.Geometry.SelectedRemainderPhysical (10s)
✔ [9097/9130] Built OAI.Analysis.VlasovMaxwell.Retarded.ConeForceSplit (12s)
✔ [9098/9130] Built OAI.Analysis.VlasovMaxwell.Population.SelectedDirection (16s)
✔ [9099/9130] Built OAI.Analysis.VlasovMaxwell.Population.DirectionCounts (17s)
✔ [9100/9130] Built OAI.Analysis.VlasovMaxwell.Retarded.DirectDeficitUniform (11s)
✔ [9101/9130] Built OAI.Analysis.VlasovMaxwell.Population.DirectExpandedDeficitUniform (12s)
✔ [9102/9130] Built OAI.Analysis.VlasovMaxwell.Population.PartitionOccupation (25s)
✔ [9103/9130] Built OAI.Analysis.VlasovMaxwell.Population.SelectionCounts (13s)
✔ [9104/9130] Built OAI.Analysis.VlasovMaxwell.Population.SharedOccupation (12s)
✔ [9105/9130] Built OAI.Analysis.VlasovMaxwell.Population.CentralOccupation (12s)
✔ [9106/9130] Built OAI.Analysis.VlasovMaxwell.Population.DirectExpandedTransportNear (13s)
✔ [9107/9130] Built OAI.Analysis.VlasovMaxwell.Population.GoodCrossings (16s)
✔ [9108/9130] Built OAI.Analysis.VlasovMaxwell.Population.ReceiverWeights (17s)
✔ [9109/9130] Built OAI.Analysis.VlasovMaxwell.Population.SpatialEstimates (16s)
✔ [9110/9130] Built OAI.Analysis.VlasovMaxwell.Population.TransportRemainder (21s)
✔ [9111/9130] Built OAI.Analysis.VlasovMaxwell.Population.BulkSpatialUniform (15s)
✔ [9112/9130] Built OAI.Analysis.VlasovMaxwell.Population.BulkReceiverScalar (18s)
✔ [9113/9130] Built OAI.Analysis.VlasovMaxwell.Population.MagneticEstimates (23s)
✔ [9114/9130] Built OAI.Analysis.VlasovMaxwell.Population.GoodSharedEstimates (18s)
✔ [9115/9130] Built OAI.Analysis.VlasovMaxwell.Population.SharedBudget (24s)
✔ [9116/9130] Built OAI.Analysis.VlasovMaxwell.Retarded.DirectSmallAbsolute (12s)
✔ [9117/9130] Built OAI.Analysis.VlasovMaxwell.Population.SelectedRemainder (14s)
✔ [9118/9130] Built OAI.Analysis.VlasovMaxwell.Retarded.DirectLargeAngularSharp (10s)
✔ [9119/9130] Built OAI.Analysis.VlasovMaxwell.Population.BulkWeightCost (9.9s)
✔ [9120/9130] Built OAI.Analysis.VlasovMaxwell.Population.DirectExpandedLargeAngular (9.8s)
✔ [9121/9130] Built OAI.Analysis.VlasovMaxwell.Population.DirectExpandedAssemble (7.3s)
✔ [9122/9130] Built OAI.Analysis.VlasovMaxwell.Population.UnselectedCover (7.9s)
✔ [9123/9130] Built OAI.Analysis.VlasovMaxwell.Retarded.DirectMixedCover (5.9s)
✔ [9124/9130] Built OAI.Analysis.VlasovMaxwell.Retarded.DirectLorentzUniform (6.4s)
✔ [9125/9130] Built OAI.Analysis.VlasovMaxwell.Population.BulkTestWeight (6.8s)
✔ [9126/9130] Built OAI.Analysis.VlasovMaxwell.Population.BulkReceiverResidual (7.3s)
✔ [9127/9130] Built OAI.Analysis.VlasovMaxwell.Continuation.Bootstrap (12s)
✔ [9128/9130] Built OAI.Analysis.VlasovMaxwell.Population.UniformPopulation (6.3s)
✔ [9129/9130] Built OAI.Analysis.VlasovMaxwell.Continuation.GlobalContinuation (9.8s)
✔ [9130/9130] Built OAI.Analysis.VlasovMaxwell.Main (5.1s)
Build completed successfully (9130 jobs).
== build rc=0 seconds=1333
{"theorems": ["OAI.RVM.global_classical_solution"], "defs": ["OAI.RVM.Vec", "OAI.RVM.Phase", "OAI.RVM.Particle", "OAI.RVM.Field", "OAI.RVM.q", "OAI.RVM.velocity", "OAI.RVM.basis", "OAI.RVM.dot", "OAI.RVM.cross", "OAI.RVM.spatialPartial", "OAI.RVM.divergence", "OAI.RVM.curl", "OAI.RVM.rho", "OAI.RVM.current", "OAI.RVM.Datum", "OAI.RVM.BoundedSmooth", "OAI.RVM.Admissible", "OAI.RVM.Solution", "OAI.RVM.particleHalfSpace", "OAI.RVM.fieldHalfSpace", "OAI.RVM.particleSlab", "OAI.RVM.fieldSlab", "OAI.RVM.TimeContinuousL2", "OAI.RVM.Equations", "OAI.RVM.CompactOnFiniteHorizons", "OAI.RVM.Classical", "OAI.RVM.SmoothOnFiniteHorizons", "OAI.RVM.SameNonnegativeTime"], "json_theorems": ["OAI.RVM.global_classical_solution"], "missing_from_parse": []}
TYPES/DEFS DIFFER VlasovMaxwell
1,5d0
< /Users/shannon/cc/math/math/lean/Scratch/Challenge_VlasovMaxwell.lean:103:8:
< warning:
< declaration
< uses
< `sorry`
AXIOMS: 'OAI.RVM.global_classical_solution' depends on axioms: [propext, Classical.choice, Quot.sound] 
== end=2026-10-08T12:01:19Z
