== WeisfeilerLeman  module=OAI.Computability.WeisfeilerLeman.Main  start=2026-10-09T10:08:34Z
warning: PrimeNumberTheoremAnd: repository '/Users/shannon/cc/math/math/lean/.lake/packages/PrimeNumberTheoremAnd' has local changes
warning: belyi: repository '/Users/shannon/cc/math/math/lean/.lake/packages/belyi' has local changes
warning: formal-schemes: repository '/Users/shannon/cc/math/math/lean/.lake/packages/formal-schemes' has local changes
warning: elliptic-curves: repository '/Users/shannon/cc/math/math/lean/.lake/packages/elliptic-curves' has local changes
warning: tempered-fundamental-groups: repository '/Users/shannon/cc/math/math/lean/.lake/packages/tempered-fundamental-groups' has local changes
warning: oka: repository '/Users/shannon/cc/math/math/lean/.lake/packages/oka' has local changes
warning: orbicurve-cores: repository '/Users/shannon/cc/math/math/lean/.lake/packages/orbicurve-cores' has local changes
warning: pi1: repository '/Users/shannon/cc/math/math/lean/.lake/packages/pi1' has local changes
warning: heights: repository '/Users/shannon/cc/math/math/lean/.lake/packages/heights' has local changes
warning: genl: repository '/Users/shannon/cc/math/math/lean/.lake/packages/genl' has local changes
warning: tate-curves-theta: repository '/Users/shannon/cc/math/math/lean/.lake/packages/tate-curves-theta' has local changes
warning: iut: repository '/Users/shannon/cc/math/math/lean/.lake/packages/iut' has local changes
warning: gromov: repository '/Users/shannon/cc/math/math/lean/.lake/packages/gromov' has local changes
warning: SphereEversion: repository '/Users/shannon/cc/math/math/lean/.lake/packages/SphereEversion' has local changes
warning: schoenflies-lean: repository '/Users/shannon/cc/math/math/lean/.lake/packages/schoenflies-lean' has local changes
warning: ClassFieldTheory: repository '/Users/shannon/cc/math/math/lean/.lake/packages/ClassFieldTheory' has local changes
warning: AINTLIB: repository '/Users/shannon/cc/math/math/lean/.lake/packages/AINTLIB' has local changes
warning: AbsorptionCutoff: repository '/Users/shannon/cc/math/math/lean/.lake/packages/AbsorptionCutoff' has local changes
warning: StrongPNT: repository '/Users/shannon/cc/math/math/lean/.lake/packages/StrongPNT' has local changes
warning: carleson: repository '/Users/shannon/cc/math/math/lean/.lake/packages/carleson' has local changes
warning: rellich-kondrachov: repository '/Users/shannon/cc/math/math/lean/.lake/packages/rellich-kondrachov' has local changes
warning: Zeta3Irrational: repository '/Users/shannon/cc/math/math/lean/.lake/packages/Zeta3Irrational' has local changes
warning: fixed-point-theorems: repository '/Users/shannon/cc/math/math/lean/.lake/packages/fixed-point-theorems' has local changes
✔ [8924/8966] Built OAI.Computability.WeisfeilerLeman.Model (5.0s)
✔ [8925/8966] Built OAI.Computability.WeisfeilerLeman.Colors (6.0s)
✔ [8926/8966] Built OAI.Computability.WeisfeilerLeman.Offsets (5.7s)
✔ [8927/8966] Built OAI.Computability.WeisfeilerLeman.Wrapping (5.8s)
✔ [8928/8966] Built OAI.Computability.WeisfeilerLeman.Frames (5.9s)
✔ [8929/8966] Built OAI.Computability.WeisfeilerLeman.Consistency (6.4s)
✔ [8930/8966] Built OAI.Computability.WeisfeilerLeman.Extension (6.1s)
✔ [8931/8966] Built OAI.Computability.WeisfeilerLeman.Readouts (6.5s)
✔ [8932/8966] Built OAI.Computability.WeisfeilerLeman.Pebbles (5.9s)
✔ [8933/8966] Built OAI.Computability.WeisfeilerLeman.Gadgets (6.3s)
✔ [8934/8966] Built OAI.Computability.WeisfeilerLeman.Marking (7.3s)
✔ [8935/8966] Built OAI.Computability.WeisfeilerLeman.Padding (6.3s)
✔ [8936/8966] Built OAI.Computability.WeisfeilerLeman.Enumeration (6.8s)
✔ [8937/8966] Built OAI.Computability.WeisfeilerLeman.Circuits (6.5s)
✔ [8938/8966] Built OAI.Computability.WeisfeilerLeman.Turing (6.1s)
✔ [8939/8966] Built OAI.Computability.WeisfeilerLeman.Stacks (6.2s)
✔ [8940/8966] Built OAI.Computability.WeisfeilerLeman.Sweep (6.7s)
✔ [8941/8966] Built OAI.Computability.WeisfeilerLeman.TapeCompiler (6.6s)
✔ [8942/8966] Built OAI.Computability.WeisfeilerLeman.Programs (6.8s)
✔ [8943/8966] Built OAI.Computability.WeisfeilerLeman.Arithmetic (6.2s)
✔ [8944/8966] Built OAI.Computability.WeisfeilerLeman.Expressions (7.4s)
✔ [8945/8966] Built OAI.Computability.WeisfeilerLeman.Predicates (6.5s)
✔ [8946/8966] Built OAI.Computability.WeisfeilerLeman.Digits (6.3s)
✔ [8947/8966] Built OAI.Computability.WeisfeilerLeman.Tableau (7.0s)
✔ [8948/8966] Built OAI.Computability.WeisfeilerLeman.Simulation (6.2s)
✔ [8949/8966] Built OAI.Computability.WeisfeilerLeman.GraphFormula (7.6s)
✔ [8950/8966] Built OAI.Computability.WeisfeilerLeman.Writer (8.2s)
✔ [8951/8966] Built OAI.Computability.WeisfeilerLeman.MatrixWriter (9.7s)
✔ [8952/8966] Built OAI.Computability.WeisfeilerLeman.MatrixBounds (7.6s)
✔ [8953/8966] Built OAI.Computability.WeisfeilerLeman.TapePair (6.5s)
✔ [8954/8966] Built OAI.Computability.WeisfeilerLeman.Consumer (6.6s)
✔ [8955/8966] Built OAI.Computability.WeisfeilerLeman.Universal (9.5s)
✔ [8956/8966] Built OAI.Computability.WeisfeilerLeman.Interpreter (7.1s)
✔ [8957/8966] Built OAI.Computability.WeisfeilerLeman.BoundedRun (6.6s)
✔ [8958/8966] Built OAI.Computability.WeisfeilerLeman.Diagonal (8.6s)
✔ [8959/8966] Built OAI.Computability.WeisfeilerLeman.Transducer (7.1s)
✔ [8960/8966] Built OAI.Computability.WeisfeilerLeman.SparseSearch (7.2s)
✔ [8961/8966] Built OAI.Computability.WeisfeilerLeman.SparseStore (6.0s)
✔ [8962/8966] Built OAI.Computability.WeisfeilerLeman.RAMMemory (8.0s)
✔ [8963/8966] Built OAI.Computability.WeisfeilerLeman.RAMInstruction (9.0s)
✔ [8964/8966] Built OAI.Computability.WeisfeilerLeman.RAMSimulation (7.7s)
✔ [8965/8966] Built OAI.Computability.WeisfeilerLeman.RAMBounds (8.8s)
✔ [8966/8966] Built OAI.Computability.WeisfeilerLeman.Main (6.5s)
Build completed successfully (8966 jobs).
== build rc=0 seconds=306
{"theorems": ["OAI.WLTime.unconditional_time_lower_bound"], "defs": ["OAI.WLTime.Convention", "OAI.WLTime.Graph", "OAI.WLTime.Graph.adj", "OAI.WLTime.Graph.diameterTwo", "OAI.WLTime.AtomicColor", "OAI.WLTime.Color", "OAI.WLTime.tupleColor", "OAI.WLTime.histogram", "OAI.WLTime.Equivalent", "OAI.WLTime.encodeNat", "OAI.WLTime.matrixBits", "OAI.WLTime.encodePair", "OAI.WLTime.Move", "OAI.WLTime.Move.displacement", "OAI.WLTime.TM", "OAI.WLTime.TM.Config", "OAI.WLTime.TM.symbol", "OAI.WLTime.TM.initial", "OAI.WLTime.TM.halted", "OAI.WLTime.TM.step", "OAI.WLTime.TM.run", "OAI.WLTime.TM.halts", "OAI.WLTime.TM.time", "OAI.WLTime.TM.accepts", "OAI.WLTime.TM.outputs", "OAI.WLTime.Word", "OAI.WLTime.wordBits", "OAI.WLTime.registerBits", "OAI.WLTime.WordOperation", "OAI.WLTime.RAMInstruction", "OAI.WLTime.WordWidth", "OAI.WLTime.RAM", "OAI.WLTime.RAM.Config", "OAI.WLTime.RAM.packedWord", "OAI.WLTime.RAM.initial", "OAI.WLTime.RAM.execute", "OAI.WLTime.RAM.step", "OAI.WLTime.RAM.run", "OAI.WLTime.RAM.halts", "OAI.WLTime.RAM.time", "OAI.WLTime.RAM.accepts", "OAI.WLTime.Model", "OAI.WLTime.Model.halts", "OAI.WLTime.Model.accepts", "OAI.WLTime.Model.time", "OAI.WLTime.InputClass", "OAI.WLTime.InputClass.contains", "OAI.WLTime.Decides", "OAI.WLTime.worstTime", "OAI.WLTime.MainClaim"], "json_theorems": ["OAI.WLTime.unconditional_time_lower_bound"], "missing_from_parse": []}
TYPES/DEFS DIFFER WeisfeilerLeman
1,5d0
< /Users/shannon/cc/math/math/lean/Scratch/Challenge_WeisfeilerLeman.lean:267:8:
< warning:
< declaration
< uses
< `sorry`
AXIOMS: 'OAI.WLTime.unconditional_time_lower_bound' depends on axioms: [propext, Classical.choice, Quot.sound] 
== end=2026-10-09T10:14:01Z
